Warning: Design 'EASY_FRBM' has '2' unresolved references. For more detailed information, use the "link" command. (UID-341)
Warning: In design 'EASY_FRBM', port 'SCANINHCLK' is not connected to any nets. (LINT-28)
Warning: In design 'EASY_FRBM', port 'SCANOUTHCLK' is not connected to any nets. (LINT-28)
Warning: In design 'EASY_FRBM', port 'SCANINPCLK' is not connected to any nets. (LINT-28)
Warning: In design 'EASY_FRBM', port 'SCANOUTPCLK' is not connected to any nets. (LINT-28)
Warning: In design 'EASY_FRBM', a pin on submodule 'uAPBif' is connected to logic 1 or logic 0. (LINT-32)
   Pin 'SCANINHCLK' is connected to logic 0. 
Warning: In design 'EASY_FRBM', a pin on submodule 'uRetrySlave' is connected to logic 1 or logic 0. (LINT-32)
   Pin 'SCANINHCLK' is connected to logic 0. 
Warning: In design 'EASY_FRBM', a pin on submodule 'uInterrupt' is connected to logic 1 or logic 0. (LINT-32)
   Pin 'ICINTSOURCE_23' is connected to logic 0. 
   Pin 'ICINTSOURCE_22' is connected to logic 0. 
   Pin 'ICINTSOURCE_21' is connected to logic 0. 
   Pin 'ICINTSOURCE_20' is connected to logic 0. 
   Pin 'ICINTSOURCE_19' is connected to logic 0. 
   Pin 'ICINTSOURCE_18' is connected to logic 0. 
   Pin 'ICINTSOURCE_17' is connected to logic 0. 
   Pin 'ICINTSOURCE_16' is connected to logic 0. 
   Pin 'ICINTSOURCE_15' is connected to logic 0. 
   Pin 'ICINTSOURCE_14' is connected to logic 0. 
   Pin 'ICINTSOURCE_13' is connected to logic 0. 
   Pin 'ICINTSOURCE_12' is connected to logic 0. 
   Pin 'ICINTSOURCE_11' is connected to logic 0. 
   Pin 'ICINTSOURCE_10' is connected to logic 0. 
   Pin 'ICINTSOURCE_9' is connected to logic 0. 
   Pin 'ICINTSOURCE_3' is connected to logic 0. 
   Pin 'ICINTSOURCE_2' is connected to logic 0. 
   Pin 'ICINTSOURCE_1' is connected to logic 0. 
   Pin 'ICINTSOURCE_0' is connected to logic 0. 
   Pin 'nICFIQIN' is connected to logic 1. 
   Pin 'nICIRQIN' is connected to logic 1. 
   Pin 'ICVECTADDRIN_31' is connected to logic 0. 
   Pin 'ICVECTADDRIN_30' is connected to logic 0. 
   Pin 'ICVECTADDRIN_29' is connected to logic 0. 
   Pin 'ICVECTADDRIN_28' is connected to logic 0. 
   Pin 'ICVECTADDRIN_27' is connected to logic 0. 
   Pin 'ICVECTADDRIN_26' is connected to logic 0. 
   Pin 'ICVECTADDRIN_25' is connected to logic 0. 
   Pin 'ICVECTADDRIN_24' is connected to logic 0. 
   Pin 'ICVECTADDRIN_23' is connected to logic 0. 
   Pin 'ICVECTADDRIN_22' is connected to logic 0. 
   Pin 'ICVECTADDRIN_21' is connected to logic 0. 
   Pin 'ICVECTADDRIN_20' is connected to logic 0. 
   Pin 'ICVECTADDRIN_19' is connected to logic 0. 
   Pin 'ICVECTADDRIN_18' is connected to logic 0. 
   Pin 'ICVECTADDRIN_17' is connected to logic 0. 
   Pin 'ICVECTADDRIN_16' is connected to logic 0. 
   Pin 'ICVECTADDRIN_15' is connected to logic 0. 
   Pin 'ICVECTADDRIN_14' is connected to logic 0. 
   Pin 'ICVECTADDRIN_13' is connected to logic 0. 
   Pin 'ICVECTADDRIN_12' is connected to logic 0. 
   Pin 'ICVECTADDRIN_11' is connected to logic 0. 
   Pin 'ICVECTADDRIN_10' is connected to logic 0. 
   Pin 'ICVECTADDRIN_9' is connected to logic 0. 
   Pin 'ICVECTADDRIN_8' is connected to logic 0. 
   Pin 'ICVECTADDRIN_7' is connected to logic 0. 
   Pin 'ICVECTADDRIN_6' is connected to logic 0. 
   Pin 'ICVECTADDRIN_5' is connected to logic 0. 
   Pin 'ICVECTADDRIN_4' is connected to logic 0. 
   Pin 'ICVECTADDRIN_3' is connected to logic 0. 
   Pin 'ICVECTADDRIN_2' is connected to logic 0. 
   Pin 'ICVECTADDRIN_1' is connected to logic 0. 
   Pin 'ICVECTADDRIN_0' is connected to logic 0. 
   Pin 'SCANINHCLK' is connected to logic 0. 
Warning: In design 'EASY_FRBM', the same net is connected to more than one pin on submodule 'uInterrupt'. (LINT-33)
   Net 'TieOffLo1' is connected to pins 'ICINTSOURCE_23', 'ICINTSOURCE_22', 'ICINTSOURCE_21', 'ICINTSOURCE_20', 'ICINTSOURCE_19', 'ICINTSOURCE_18', 'ICINTSOURCE_17', 'ICINTSOURCE_16', 'ICINTSOURCE_15', 'ICINTSOURCE_14', 'ICINTSOURCE_13', 'ICINTSOURCE_12', 'ICINTSOURCE_11', 'ICINTSOURCE_10', 'ICINTSOURCE_9', 'ICINTSOURCE_3', 'ICINTSOURCE_2', 'ICINTSOURCE_1', 'ICINTSOURCE_0', 'ICVECTADDRIN_31', 'ICVECTADDRIN_30', 'ICVECTADDRIN_29', 'ICVECTADDRIN_28', 'ICVECTADDRIN_27', 'ICVECTADDRIN_26', 'ICVECTADDRIN_25', 'ICVECTADDRIN_24', 'ICVECTADDRIN_23', 'ICVECTADDRIN_22', 'ICVECTADDRIN_21', 'ICVECTADDRIN_20', 'ICVECTADDRIN_19', 'ICVECTADDRIN_18', 'ICVECTADDRIN_17', 'ICVECTADDRIN_16', 'ICVECTADDRIN_15', 'ICVECTADDRIN_14', 'ICVECTADDRIN_13', 'ICVECTADDRIN_12', 'ICVECTADDRIN_11', 'ICVECTADDRIN_10', 'ICVECTADDRIN_9', 'ICVECTADDRIN_8', 'ICVECTADDRIN_7', 'ICVECTADDRIN_6', 'ICVECTADDRIN_5', 'ICVECTADDRIN_4', 'ICVECTADDRIN_3', 'ICVECTADDRIN_2', 'ICVECTADDRIN_1', 'ICVECTADDRIN_0', 'SCANINHCLK'. 
   Net 'TieOffHi1' is connected to pins 'nICFIQIN', 'nICIRQIN'. 
Warning: In design 'EASY_FRBM', a pin on submodule 'uArbiter3' is connected to logic 1 or logic 0. (LINT-32)
   Pin 'HBUSREQM3' is connected to logic 0. 
   Pin 'HLOCKM3' is connected to logic 0. 
   Pin 'HLOCKM0' is connected to logic 0. 
   Pin 'HSPLIT_3' is connected to logic 0. 
   Pin 'HSPLIT_2' is connected to logic 0. 
   Pin 'HSPLIT_1' is connected to logic 0. 
   Pin 'HSPLIT_0' is connected to logic 0. 
   Pin 'SCANINHCLK' is connected to logic 0. 
Warning: In design 'EASY_FRBM', the same net is connected to more than one pin on submodule 'uArbiter3'. (LINT-33)
   Net 'TieOffLo1' is connected to pins 'HBUSREQM3', 'HLOCKM3', 'HLOCKM0', 'HSPLIT_3', 'HSPLIT_2', 'HSPLIT_1', 'HSPLIT_0', 'SCANINHCLK'. 
Warning: In design 'EASY_FRBM', a pin on submodule 'uDefaultSlave' is connected to logic 1 or logic 0. (LINT-32)
   Pin 'SCANINHCLK' is connected to logic 0. 
Warning: In design 'EASY_FRBM', a pin on submodule 'uMuxM2S' is connected to logic 1 or logic 0. (LINT-32)
   Pin 'HADDRM3_31' is connected to logic 0. 
   Pin 'HADDRM3_30' is connected to logic 0. 
   Pin 'HADDRM3_29' is connected to logic 0. 
   Pin 'HADDRM3_28' is connected to logic 0. 
   Pin 'HADDRM3_27' is connected to logic 0. 
   Pin 'HADDRM3_26' is connected to logic 0. 
   Pin 'HADDRM3_25' is connected to logic 0. 
   Pin 'HADDRM3_24' is connected to logic 0. 
   Pin 'HADDRM3_23' is connected to logic 0. 
   Pin 'HADDRM3_22' is connected to logic 0. 
   Pin 'HADDRM3_21' is connected to logic 0. 
   Pin 'HADDRM3_20' is connected to logic 0. 
   Pin 'HADDRM3_19' is connected to logic 0. 
   Pin 'HADDRM3_18' is connected to logic 0. 
   Pin 'HADDRM3_17' is connected to logic 0. 
   Pin 'HADDRM3_16' is connected to logic 0. 
   Pin 'HADDRM3_15' is connected to logic 0. 
   Pin 'HADDRM3_14' is connected to logic 0. 
   Pin 'HADDRM3_13' is connected to logic 0. 
   Pin 'HADDRM3_12' is connected to logic 0. 
   Pin 'HADDRM3_11' is connected to logic 0. 
   Pin 'HADDRM3_10' is connected to logic 0. 
   Pin 'HADDRM3_9' is connected to logic 0. 
   Pin 'HADDRM3_8' is connected to logic 0. 
   Pin 'HADDRM3_7' is connected to logic 0. 
   Pin 'HADDRM3_6' is connected to logic 0. 
   Pin 'HADDRM3_5' is connected to logic 0. 
   Pin 'HADDRM3_4' is connected to logic 0. 
   Pin 'HADDRM3_3' is connected to logic 0. 
   Pin 'HADDRM3_2' is connected to logic 0. 
   Pin 'HADDRM3_1' is connected to logic 0. 
   Pin 'HADDRM3_0' is connected to logic 0. 
   Pin 'HTRANSM3_1' is connected to logic 0. 
   Pin 'HTRANSM3_0' is connected to logic 0. 
   Pin 'HWRITEM3' is connected to logic 0. 
   Pin 'HSIZEM3_2' is connected to logic 0. 
   Pin 'HSIZEM3_1' is connected to logic 0. 
   Pin 'HSIZEM3_0' is connected to logic 0. 
   Pin 'HBURSTM3_2' is connected to logic 0. 
   Pin 'HBURSTM3_1' is connected to logic 0. 
   Pin 'HBURSTM3_0' is connected to logic 0. 
   Pin 'HPROTM3_3' is connected to logic 0. 
   Pin 'HPROTM3_2' is connected to logic 0. 
   Pin 'HPROTM3_1' is connected to logic 0. 
   Pin 'HPROTM3_0' is connected to logic 0. 
   Pin 'HWDATAM3_31' is connected to logic 0. 
   Pin 'HWDATAM3_30' is connected to logic 0. 
   Pin 'HWDATAM3_29' is connected to logic 0. 
   Pin 'HWDATAM3_28' is connected to logic 0. 
   Pin 'HWDATAM3_27' is connected to logic 0. 
   Pin 'HWDATAM3_26' is connected to logic 0. 
   Pin 'HWDATAM3_25' is connected to logic 0. 
   Pin 'HWDATAM3_24' is connected to logic 0. 
   Pin 'HWDATAM3_23' is connected to logic 0. 
   Pin 'HWDATAM3_22' is connected to logic 0. 
   Pin 'HWDATAM3_21' is connected to logic 0. 
   Pin 'HWDATAM3_20' is connected to logic 0. 
   Pin 'HWDATAM3_19' is connected to logic 0. 
   Pin 'HWDATAM3_18' is connected to logic 0. 
   Pin 'HWDATAM3_17' is connected to logic 0. 
   Pin 'HWDATAM3_16' is connected to logic 0. 
   Pin 'HWDATAM3_15' is connected to logic 0. 
   Pin 'HWDATAM3_14' is connected to logic 0. 
   Pin 'HWDATAM3_13' is connected to logic 0. 
   Pin 'HWDATAM3_12' is connected to logic 0. 
   Pin 'HWDATAM3_11' is connected to logic 0. 
   Pin 'HWDATAM3_10' is connected to logic 0. 
   Pin 'HWDATAM3_9' is connected to logic 0. 
   Pin 'HWDATAM3_8' is connected to logic 0. 
   Pin 'HWDATAM3_7' is connected to logic 0. 
   Pin 'HWDATAM3_6' is connected to logic 0. 
   Pin 'HWDATAM3_5' is connected to logic 0. 
   Pin 'HWDATAM3_4' is connected to logic 0. 
   Pin 'HWDATAM3_3' is connected to logic 0. 
   Pin 'HWDATAM3_2' is connected to logic 0. 
   Pin 'HWDATAM3_1' is connected to logic 0. 
   Pin 'HWDATAM3_0' is connected to logic 0. 
Warning: In design 'EASY_FRBM', the same net is connected to more than one pin on submodule 'uMuxM2S'. (LINT-33)
   Net 'TieOffLo1' is connected to pins 'HADDRM3_31', 'HADDRM3_30', 'HADDRM3_29', 'HADDRM3_28', 'HADDRM3_27', 'HADDRM3_26', 'HADDRM3_25', 'HADDRM3_24', 'HADDRM3_23', 'HADDRM3_22', 'HADDRM3_21', 'HADDRM3_20', 'HADDRM3_19', 'HADDRM3_18', 'HADDRM3_17', 'HADDRM3_16', 'HADDRM3_15', 'HADDRM3_14', 'HADDRM3_13', 'HADDRM3_12', 'HADDRM3_11', 'HADDRM3_10', 'HADDRM3_9', 'HADDRM3_8', 'HADDRM3_7', 'HADDRM3_6', 'HADDRM3_5', 'HADDRM3_4', 'HADDRM3_3', 'HADDRM3_2', 'HADDRM3_1', 'HADDRM3_0', 'HTRANSM3_1', 'HTRANSM3_0', 'HWRITEM3', 'HSIZEM3_2', 'HSIZEM3_1', 'HSIZEM3_0', 'HBURSTM3_2', 'HBURSTM3_1', 'HBURSTM3_0', 'HPROTM3_3', 'HPROTM3_2', 'HPROTM3_1', 'HPROTM3_0', 'HWDATAM3_31', 'HWDATAM3_30', 'HWDATAM3_29', 'HWDATAM3_28', 'HWDATAM3_27', 'HWDATAM3_26', 'HWDATAM3_25', 'HWDATAM3_24', 'HWDATAM3_23', 'HWDATAM3_22', 'HWDATAM3_21', 'HWDATAM3_20', 'HWDATAM3_19', 'HWDATAM3_18', 'HWDATAM3_17', 'HWDATAM3_16', 'HWDATAM3_15', 'HWDATAM3_14', 'HWDATAM3_13', 'HWDATAM3_12', 'HWDATAM3_11', 'HWDATAM3_10', 'HWDATAM3_9', 'HWDATAM3_8', 'HWDATAM3_7', 'HWDATAM3_6', 'HWDATAM3_5', 'HWDATAM3_4', 'HWDATAM3_3', 'HWDATAM3_2', 'HWDATAM3_1', 'HWDATAM3_0'. 
Warning: In design 'EASY_FRBM', a pin on submodule 'uMuxS2M' is connected to logic 1 or logic 0. (LINT-32)
   Pin 'HSELS4' is connected to logic 0. 
   Pin 'HSELS5' is connected to logic 0. 
   Pin 'HSELS6' is connected to logic 0. 
   Pin 'HSELS7' is connected to logic 0. 
   Pin 'HRDATAS4_31' is connected to logic 0. 
   Pin 'HRDATAS4_30' is connected to logic 0. 
   Pin 'HRDATAS4_29' is connected to logic 0. 
   Pin 'HRDATAS4_28' is connected to logic 0. 
   Pin 'HRDATAS4_27' is connected to logic 0. 
   Pin 'HRDATAS4_26' is connected to logic 0. 
   Pin 'HRDATAS4_25' is connected to logic 0. 
   Pin 'HRDATAS4_24' is connected to logic 0. 
   Pin 'HRDATAS4_23' is connected to logic 0. 
   Pin 'HRDATAS4_22' is connected to logic 0. 
   Pin 'HRDATAS4_21' is connected to logic 0. 
   Pin 'HRDATAS4_20' is connected to logic 0. 
   Pin 'HRDATAS4_19' is connected to logic 0. 
   Pin 'HRDATAS4_18' is connected to logic 0. 
   Pin 'HRDATAS4_17' is connected to logic 0. 
   Pin 'HRDATAS4_16' is connected to logic 0. 
   Pin 'HRDATAS4_15' is connected to logic 0. 
   Pin 'HRDATAS4_14' is connected to logic 0. 
   Pin 'HRDATAS4_13' is connected to logic 0. 
   Pin 'HRDATAS4_12' is connected to logic 0. 
   Pin 'HRDATAS4_11' is connected to logic 0. 
   Pin 'HRDATAS4_10' is connected to logic 0. 
   Pin 'HRDATAS4_9' is connected to logic 0. 
   Pin 'HRDATAS4_8' is connected to logic 0. 
   Pin 'HRDATAS4_7' is connected to logic 0. 
   Pin 'HRDATAS4_6' is connected to logic 0. 
   Pin 'HRDATAS4_5' is connected to logic 0. 
   Pin 'HRDATAS4_4' is connected to logic 0. 
   Pin 'HRDATAS4_3' is connected to logic 0. 
   Pin 'HRDATAS4_2' is connected to logic 0. 
   Pin 'HRDATAS4_1' is connected to logic 0. 
   Pin 'HRDATAS4_0' is connected to logic 0. 
   Pin 'HREADYS4' is connected to logic 1. 
   Pin 'HRESPS4_1' is connected to logic 0. 
   Pin 'HRESPS4_0' is connected to logic 0. 
   Pin 'HRDATAS5_31' is connected to logic 0. 
   Pin 'HRDATAS5_30' is connected to logic 0. 
   Pin 'HRDATAS5_29' is connected to logic 0. 
   Pin 'HRDATAS5_28' is connected to logic 0. 
   Pin 'HRDATAS5_27' is connected to logic 0. 
   Pin 'HRDATAS5_26' is connected to logic 0. 
   Pin 'HRDATAS5_25' is connected to logic 0. 
   Pin 'HRDATAS5_24' is connected to logic 0. 
   Pin 'HRDATAS5_23' is connected to logic 0. 
   Pin 'HRDATAS5_22' is connected to logic 0. 
   Pin 'HRDATAS5_21' is connected to logic 0. 
   Pin 'HRDATAS5_20' is connected to logic 0. 
   Pin 'HRDATAS5_19' is connected to logic 0. 
   Pin 'HRDATAS5_18' is connected to logic 0. 
   Pin 'HRDATAS5_17' is connected to logic 0. 
   Pin 'HRDATAS5_16' is connected to logic 0. 
   Pin 'HRDATAS5_15' is connected to logic 0. 
   Pin 'HRDATAS5_14' is connected to logic 0. 
   Pin 'HRDATAS5_13' is connected to logic 0. 
   Pin 'HRDATAS5_12' is connected to logic 0. 
   Pin 'HRDATAS5_11' is connected to logic 0. 
   Pin 'HRDATAS5_10' is connected to logic 0. 
   Pin 'HRDATAS5_9' is connected to logic 0. 
   Pin 'HRDATAS5_8' is connected to logic 0. 
   Pin 'HRDATAS5_7' is connected to logic 0. 
   Pin 'HRDATAS5_6' is connected to logic 0. 
   Pin 'HRDATAS5_5' is connected to logic 0. 
   Pin 'HRDATAS5_4' is connected to logic 0. 
   Pin 'HRDATAS5_3' is connected to logic 0. 
   Pin 'HRDATAS5_2' is connected to logic 0. 
   Pin 'HRDATAS5_1' is connected to logic 0. 
   Pin 'HRDATAS5_0' is connected to logic 0. 
   Pin 'HREADYS5' is connected to logic 1. 
   Pin 'HRESPS5_1' is connected to logic 0. 
   Pin 'HRESPS5_0' is connected to logic 0. 
   Pin 'HRDATAS6_31' is connected to logic 0. 
   Pin 'HRDATAS6_30' is connected to logic 0. 
   Pin 'HRDATAS6_29' is connected to logic 0. 
   Pin 'HRDATAS6_28' is connected to logic 0. 
   Pin 'HRDATAS6_27' is connected to logic 0. 
   Pin 'HRDATAS6_26' is connected to logic 0. 
   Pin 'HRDATAS6_25' is connected to logic 0. 
   Pin 'HRDATAS6_24' is connected to logic 0. 
   Pin 'HRDATAS6_23' is connected to logic 0. 
   Pin 'HRDATAS6_22' is connected to logic 0. 
   Pin 'HRDATAS6_21' is connected to logic 0. 
   Pin 'HRDATAS6_20' is connected to logic 0. 
   Pin 'HRDATAS6_19' is connected to logic 0. 
   Pin 'HRDATAS6_18' is connected to logic 0. 
   Pin 'HRDATAS6_17' is connected to logic 0. 
   Pin 'HRDATAS6_16' is connected to logic 0. 
   Pin 'HRDATAS6_15' is connected to logic 0. 
   Pin 'HRDATAS6_14' is connected to logic 0. 
   Pin 'HRDATAS6_13' is connected to logic 0. 
   Pin 'HRDATAS6_12' is connected to logic 0. 
   Pin 'HRDATAS6_11' is connected to logic 0. 
   Pin 'HRDATAS6_10' is connected to logic 0. 
   Pin 'HRDATAS6_9' is connected to logic 0. 
   Pin 'HRDATAS6_8' is connected to logic 0. 
   Pin 'HRDATAS6_7' is connected to logic 0. 
   Pin 'HRDATAS6_6' is connected to logic 0. 
   Pin 'HRDATAS6_5' is connected to logic 0. 
   Pin 'HRDATAS6_4' is connected to logic 0. 
   Pin 'HRDATAS6_3' is connected to logic 0. 
   Pin 'HRDATAS6_2' is connected to logic 0. 
   Pin 'HRDATAS6_1' is connected to logic 0. 
   Pin 'HRDATAS6_0' is connected to logic 0. 
   Pin 'HREADYS6' is connected to logic 1. 
   Pin 'HRESPS6_1' is connected to logic 0. 
   Pin 'HRESPS6_0' is connected to logic 0. 
   Pin 'HRDATAS7_31' is connected to logic 0. 
   Pin 'HRDATAS7_30' is connected to logic 0. 
   Pin 'HRDATAS7_29' is connected to logic 0. 
   Pin 'HRDATAS7_28' is connected to logic 0. 
   Pin 'HRDATAS7_27' is connected to logic 0. 
   Pin 'HRDATAS7_26' is connected to logic 0. 
   Pin 'HRDATAS7_25' is connected to logic 0. 
   Pin 'HRDATAS7_24' is connected to logic 0. 
   Pin 'HRDATAS7_23' is connected to logic 0. 
   Pin 'HRDATAS7_22' is connected to logic 0. 
   Pin 'HRDATAS7_21' is connected to logic 0. 
   Pin 'HRDATAS7_20' is connected to logic 0. 
   Pin 'HRDATAS7_19' is connected to logic 0. 
   Pin 'HRDATAS7_18' is connected to logic 0. 
   Pin 'HRDATAS7_17' is connected to logic 0. 
   Pin 'HRDATAS7_16' is connected to logic 0. 
   Pin 'HRDATAS7_15' is connected to logic 0. 
   Pin 'HRDATAS7_14' is connected to logic 0. 
   Pin 'HRDATAS7_13' is connected to logic 0. 
   Pin 'HRDATAS7_12' is connected to logic 0. 
   Pin 'HRDATAS7_11' is connected to logic 0. 
   Pin 'HRDATAS7_10' is connected to logic 0. 
   Pin 'HRDATAS7_9' is connected to logic 0. 
   Pin 'HRDATAS7_8' is connected to logic 0. 
   Pin 'HRDATAS7_7' is connected to logic 0. 
   Pin 'HRDATAS7_6' is connected to logic 0. 
   Pin 'HRDATAS7_5' is connected to logic 0. 
   Pin 'HRDATAS7_4' is connected to logic 0. 
   Pin 'HRDATAS7_3' is connected to logic 0. 
   Pin 'HRDATAS7_2' is connected to logic 0. 
   Pin 'HRDATAS7_1' is connected to logic 0. 
   Pin 'HRDATAS7_0' is connected to logic 0. 
   Pin 'HREADYS7' is connected to logic 1. 
   Pin 'HRESPS7_1' is connected to logic 0. 
   Pin 'HRESPS7_0' is connected to logic 0. 
   Pin 'SCANINHCLK' is connected to logic 0. 
Warning: In design 'EASY_FRBM', the same net is connected to more than one pin on submodule 'uMuxS2M'. (LINT-33)
   Net 'TieOffLo1' is connected to pins 'HSELS4', 'HSELS5', 'HSELS6', 'HSELS7', 'HRDATAS4_31', 'HRDATAS4_30', 'HRDATAS4_29', 'HRDATAS4_28', 'HRDATAS4_27', 'HRDATAS4_26', 'HRDATAS4_25', 'HRDATAS4_24', 'HRDATAS4_23', 'HRDATAS4_22', 'HRDATAS4_21', 'HRDATAS4_20', 'HRDATAS4_19', 'HRDATAS4_18', 'HRDATAS4_17', 'HRDATAS4_16', 'HRDATAS4_15', 'HRDATAS4_14', 'HRDATAS4_13', 'HRDATAS4_12', 'HRDATAS4_11', 'HRDATAS4_10', 'HRDATAS4_9', 'HRDATAS4_8', 'HRDATAS4_7', 'HRDATAS4_6', 'HRDATAS4_5', 'HRDATAS4_4', 'HRDATAS4_3', 'HRDATAS4_2', 'HRDATAS4_1', 'HRDATAS4_0', 'HRESPS4_1', 'HRESPS4_0', 'HRDATAS5_31', 'HRDATAS5_30', 'HRDATAS5_29', 'HRDATAS5_28', 'HRDATAS5_27', 'HRDATAS5_26', 'HRDATAS5_25', 'HRDATAS5_24', 'HRDATAS5_23', 'HRDATAS5_22', 'HRDATAS5_21', 'HRDATAS5_20', 'HRDATAS5_19', 'HRDATAS5_18', 'HRDATAS5_17', 'HRDATAS5_16', 'HRDATAS5_15', 'HRDATAS5_14', 'HRDATAS5_13', 'HRDATAS5_12', 'HRDATAS5_11', 'HRDATAS5_10', 'HRDATAS5_9', 'HRDATAS5_8', 'HRDATAS5_7', 'HRDATAS5_6', 'HRDATAS5_5', 'HRDATAS5_4', 'HRDATAS5_3', 'HRDATAS5_2', 'HRDATAS5_1', 'HRDATAS5_0', 'HRESPS5_1', 'HRESPS5_0', 'HRDATAS6_31', 'HRDATAS6_30', 'HRDATAS6_29', 'HRDATAS6_28', 'HRDATAS6_27', 'HRDATAS6_26', 'HRDATAS6_25', 'HRDATAS6_24', 'HRDATAS6_23', 'HRDATAS6_22', 'HRDATAS6_21', 'HRDATAS6_20', 'HRDATAS6_19', 'HRDATAS6_18', 'HRDATAS6_17', 'HRDATAS6_16', 'HRDATAS6_15', 'HRDATAS6_14', 'HRDATAS6_13', 'HRDATAS6_12', 'HRDATAS6_11', 'HRDATAS6_10', 'HRDATAS6_9', 'HRDATAS6_8', 'HRDATAS6_7', 'HRDATAS6_6', 'HRDATAS6_5', 'HRDATAS6_4', 'HRDATAS6_3', 'HRDATAS6_2', 'HRDATAS6_1', 'HRDATAS6_0', 'HRESPS6_1', 'HRESPS6_0', 'HRDATAS7_31', 'HRDATAS7_30', 'HRDATAS7_29', 'HRDATAS7_28', 'HRDATAS7_27', 'HRDATAS7_26', 'HRDATAS7_25', 'HRDATAS7_24', 'HRDATAS7_23', 'HRDATAS7_22', 'HRDATAS7_21', 'HRDATAS7_20', 'HRDATAS7_19', 'HRDATAS7_18', 'HRDATAS7_17', 'HRDATAS7_16', 'HRDATAS7_15', 'HRDATAS7_14', 'HRDATAS7_13', 'HRDATAS7_12', 'HRDATAS7_11', 'HRDATAS7_10', 'HRDATAS7_9', 'HRDATAS7_8', 'HRDATAS7_7', 'HRDATAS7_6', 'HRDATAS7_5', 'HRDATAS7_4', 'HRDATAS7_3', 'HRDATAS7_2', 'HRDATAS7_1', 'HRDATAS7_0', 'HRESPS7_1', 'HRESPS7_0', 'SCANINHCLK'. 
   Net 'TieOffHi1' is connected to pins 'HREADYS4', 'HREADYS5', 'HREADYS6', 'HREADYS7'. 
Warning: In design 'EASY_FRBM', a pin on submodule 'uMuxP2B' is connected to logic 1 or logic 0. (LINT-32)
   Pin 'PRDATAS0_31' is connected to logic 0. 
   Pin 'PRDATAS0_30' is connected to logic 0. 
   Pin 'PRDATAS0_29' is connected to logic 0. 
   Pin 'PRDATAS0_28' is connected to logic 0. 
   Pin 'PRDATAS0_27' is connected to logic 0. 
   Pin 'PRDATAS0_26' is connected to logic 0. 
   Pin 'PRDATAS0_25' is connected to logic 0. 
   Pin 'PRDATAS0_24' is connected to logic 0. 
   Pin 'PRDATAS0_23' is connected to logic 0. 
   Pin 'PRDATAS0_22' is connected to logic 0. 
   Pin 'PRDATAS0_21' is connected to logic 0. 
   Pin 'PRDATAS0_20' is connected to logic 0. 
   Pin 'PRDATAS0_19' is connected to logic 0. 
   Pin 'PRDATAS0_18' is connected to logic 0. 
   Pin 'PRDATAS0_17' is connected to logic 0. 
   Pin 'PRDATAS0_16' is connected to logic 0. 
   Pin 'PRDATAS0_15' is connected to logic 0. 
   Pin 'PRDATAS0_14' is connected to logic 0. 
   Pin 'PRDATAS0_13' is connected to logic 0. 
   Pin 'PRDATAS0_12' is connected to logic 0. 
   Pin 'PRDATAS0_11' is connected to logic 0. 
   Pin 'PRDATAS0_10' is connected to logic 0. 
   Pin 'PRDATAS0_9' is connected to logic 0. 
   Pin 'PRDATAS0_8' is connected to logic 0. 
   Pin 'PRDATAS0_7' is connected to logic 0. 
   Pin 'PRDATAS0_6' is connected to logic 0. 
   Pin 'PRDATAS0_5' is connected to logic 0. 
   Pin 'PRDATAS0_4' is connected to logic 0. 
   Pin 'PRDATAS0_3' is connected to logic 0. 
   Pin 'PRDATAS0_2' is connected to logic 0. 
   Pin 'PRDATAS0_1' is connected to logic 0. 
   Pin 'PRDATAS0_0' is connected to logic 0. 
   Pin 'PRDATAS3_31' is connected to logic 0. 
   Pin 'PRDATAS3_30' is connected to logic 0. 
   Pin 'PRDATAS3_29' is connected to logic 0. 
   Pin 'PRDATAS3_28' is connected to logic 0. 
   Pin 'PRDATAS3_27' is connected to logic 0. 
   Pin 'PRDATAS3_26' is connected to logic 0. 
   Pin 'PRDATAS3_25' is connected to logic 0. 
   Pin 'PRDATAS3_24' is connected to logic 0. 
   Pin 'PRDATAS3_23' is connected to logic 0. 
   Pin 'PRDATAS3_22' is connected to logic 0. 
   Pin 'PRDATAS3_21' is connected to logic 0. 
   Pin 'PRDATAS3_20' is connected to logic 0. 
   Pin 'PRDATAS3_19' is connected to logic 0. 
   Pin 'PRDATAS3_18' is connected to logic 0. 
   Pin 'PRDATAS3_17' is connected to logic 0. 
   Pin 'PRDATAS3_16' is connected to logic 0. 
   Pin 'PRDATAS3_15' is connected to logic 0. 
   Pin 'PRDATAS3_14' is connected to logic 0. 
   Pin 'PRDATAS3_13' is connected to logic 0. 
   Pin 'PRDATAS3_12' is connected to logic 0. 
   Pin 'PRDATAS3_11' is connected to logic 0. 
   Pin 'PRDATAS3_10' is connected to logic 0. 
   Pin 'PRDATAS3_9' is connected to logic 0. 
   Pin 'PRDATAS3_8' is connected to logic 0. 
   Pin 'PRDATAS3_7' is connected to logic 0. 
   Pin 'PRDATAS3_6' is connected to logic 0. 
   Pin 'PRDATAS3_5' is connected to logic 0. 
   Pin 'PRDATAS3_4' is connected to logic 0. 
   Pin 'PRDATAS3_3' is connected to logic 0. 
   Pin 'PRDATAS3_2' is connected to logic 0. 
   Pin 'PRDATAS3_1' is connected to logic 0. 
   Pin 'PRDATAS3_0' is connected to logic 0. 
   Pin 'PRDATAS4_31' is connected to logic 0. 
   Pin 'PRDATAS4_30' is connected to logic 0. 
   Pin 'PRDATAS4_29' is connected to logic 0. 
   Pin 'PRDATAS4_28' is connected to logic 0. 
   Pin 'PRDATAS4_27' is connected to logic 0. 
   Pin 'PRDATAS4_26' is connected to logic 0. 
   Pin 'PRDATAS4_25' is connected to logic 0. 
   Pin 'PRDATAS4_24' is connected to logic 0. 
   Pin 'PRDATAS4_23' is connected to logic 0. 
   Pin 'PRDATAS4_22' is connected to logic 0. 
   Pin 'PRDATAS4_21' is connected to logic 0. 
   Pin 'PRDATAS4_20' is connected to logic 0. 
   Pin 'PRDATAS4_19' is connected to logic 0. 
   Pin 'PRDATAS4_18' is connected to logic 0. 
   Pin 'PRDATAS4_17' is connected to logic 0. 
   Pin 'PRDATAS4_16' is connected to logic 0. 
   Pin 'PRDATAS4_15' is connected to logic 0. 
   Pin 'PRDATAS4_14' is connected to logic 0. 
   Pin 'PRDATAS4_13' is connected to logic 0. 
   Pin 'PRDATAS4_12' is connected to logic 0. 
   Pin 'PRDATAS4_11' is connected to logic 0. 
   Pin 'PRDATAS4_10' is connected to logic 0. 
   Pin 'PRDATAS4_9' is connected to logic 0. 
   Pin 'PRDATAS4_8' is connected to logic 0. 
   Pin 'PRDATAS5_31' is connected to logic 0. 
   Pin 'PRDATAS5_30' is connected to logic 0. 
   Pin 'PRDATAS5_29' is connected to logic 0. 
   Pin 'PRDATAS5_28' is connected to logic 0. 
   Pin 'PRDATAS5_27' is connected to logic 0. 
   Pin 'PRDATAS5_26' is connected to logic 0. 
   Pin 'PRDATAS5_25' is connected to logic 0. 
   Pin 'PRDATAS5_24' is connected to logic 0. 
   Pin 'PRDATAS5_23' is connected to logic 0. 
   Pin 'PRDATAS5_22' is connected to logic 0. 
   Pin 'PRDATAS5_21' is connected to logic 0. 
   Pin 'PRDATAS5_20' is connected to logic 0. 
   Pin 'PRDATAS5_19' is connected to logic 0. 
   Pin 'PRDATAS5_18' is connected to logic 0. 
   Pin 'PRDATAS5_17' is connected to logic 0. 
   Pin 'PRDATAS5_16' is connected to logic 0. 
   Pin 'PRDATAS5_15' is connected to logic 0. 
   Pin 'PRDATAS5_14' is connected to logic 0. 
   Pin 'PRDATAS5_13' is connected to logic 0. 
   Pin 'PRDATAS5_12' is connected to logic 0. 
   Pin 'PRDATAS5_11' is connected to logic 0. 
   Pin 'PRDATAS5_10' is connected to logic 0. 
   Pin 'PRDATAS5_9' is connected to logic 0. 
   Pin 'PRDATAS5_8' is connected to logic 0. 
   Pin 'PRDATAS5_7' is connected to logic 0. 
   Pin 'PRDATAS5_6' is connected to logic 0. 
   Pin 'PRDATAS5_5' is connected to logic 0. 
   Pin 'PRDATAS5_4' is connected to logic 0. 
   Pin 'PRDATAS5_3' is connected to logic 0. 
   Pin 'PRDATAS5_2' is connected to logic 0. 
   Pin 'PRDATAS5_1' is connected to logic 0. 
   Pin 'PRDATAS5_0' is connected to logic 0. 
   Pin 'PRDATAS6_31' is connected to logic 0. 
   Pin 'PRDATAS6_30' is connected to logic 0. 
   Pin 'PRDATAS6_29' is connected to logic 0. 
   Pin 'PRDATAS6_28' is connected to logic 0. 
   Pin 'PRDATAS6_27' is connected to logic 0. 
   Pin 'PRDATAS6_26' is connected to logic 0. 
   Pin 'PRDATAS6_25' is connected to logic 0. 
   Pin 'PRDATAS6_24' is connected to logic 0. 
   Pin 'PRDATAS6_23' is connected to logic 0. 
   Pin 'PRDATAS6_22' is connected to logic 0. 
   Pin 'PRDATAS6_21' is connected to logic 0. 
   Pin 'PRDATAS6_20' is connected to logic 0. 
   Pin 'PRDATAS6_19' is connected to logic 0. 
   Pin 'PRDATAS6_18' is connected to logic 0. 
   Pin 'PRDATAS6_17' is connected to logic 0. 
   Pin 'PRDATAS6_16' is connected to logic 0. 
   Pin 'PRDATAS6_15' is connected to logic 0. 
   Pin 'PRDATAS6_14' is connected to logic 0. 
   Pin 'PRDATAS6_13' is connected to logic 0. 
   Pin 'PRDATAS6_12' is connected to logic 0. 
   Pin 'PRDATAS6_11' is connected to logic 0. 
   Pin 'PRDATAS6_10' is connected to logic 0. 
   Pin 'PRDATAS6_9' is connected to logic 0. 
   Pin 'PRDATAS6_8' is connected to logic 0. 
   Pin 'PRDATAS6_7' is connected to logic 0. 
   Pin 'PRDATAS6_6' is connected to logic 0. 
   Pin 'PRDATAS6_5' is connected to logic 0. 
   Pin 'PRDATAS6_4' is connected to logic 0. 
   Pin 'PRDATAS6_3' is connected to logic 0. 
   Pin 'PRDATAS6_2' is connected to logic 0. 
   Pin 'PRDATAS6_1' is connected to logic 0. 
   Pin 'PRDATAS6_0' is connected to logic 0. 
   Pin 'PRDATAS7_31' is connected to logic 0. 
   Pin 'PRDATAS7_30' is connected to logic 0. 
   Pin 'PRDATAS7_29' is connected to logic 0. 
   Pin 'PRDATAS7_28' is connected to logic 0. 
   Pin 'PRDATAS7_27' is connected to logic 0. 
   Pin 'PRDATAS7_26' is connected to logic 0. 
   Pin 'PRDATAS7_25' is connected to logic 0. 
   Pin 'PRDATAS7_24' is connected to logic 0. 
   Pin 'PRDATAS7_23' is connected to logic 0. 
   Pin 'PRDATAS7_22' is connected to logic 0. 
   Pin 'PRDATAS7_21' is connected to logic 0. 
   Pin 'PRDATAS7_20' is connected to logic 0. 
   Pin 'PRDATAS7_19' is connected to logic 0. 
   Pin 'PRDATAS7_18' is connected to logic 0. 
   Pin 'PRDATAS7_17' is connected to logic 0. 
   Pin 'PRDATAS7_16' is connected to logic 0. 
   Pin 'PRDATAS7_15' is connected to logic 0. 
   Pin 'PRDATAS7_14' is connected to logic 0. 
   Pin 'PRDATAS7_13' is connected to logic 0. 
   Pin 'PRDATAS7_12' is connected to logic 0. 
   Pin 'PRDATAS7_11' is connected to logic 0. 
   Pin 'PRDATAS7_10' is connected to logic 0. 
   Pin 'PRDATAS7_9' is connected to logic 0. 
   Pin 'PRDATAS7_8' is connected to logic 0. 
   Pin 'PRDATAS7_7' is connected to logic 0. 
   Pin 'PRDATAS7_6' is connected to logic 0. 
   Pin 'PRDATAS7_5' is connected to logic 0. 
   Pin 'PRDATAS7_4' is connected to logic 0. 
   Pin 'PRDATAS7_3' is connected to logic 0. 
   Pin 'PRDATAS7_2' is connected to logic 0. 
   Pin 'PRDATAS7_1' is connected to logic 0. 
   Pin 'PRDATAS7_0' is connected to logic 0. 
   Pin 'PRDATAS8_31' is connected to logic 0. 
   Pin 'PRDATAS8_30' is connected to logic 0. 
   Pin 'PRDATAS8_29' is connected to logic 0. 
   Pin 'PRDATAS8_28' is connected to logic 0. 
   Pin 'PRDATAS8_27' is connected to logic 0. 
   Pin 'PRDATAS8_26' is connected to logic 0. 
   Pin 'PRDATAS8_25' is connected to logic 0. 
   Pin 'PRDATAS8_24' is connected to logic 0. 
   Pin 'PRDATAS8_23' is connected to logic 0. 
   Pin 'PRDATAS8_22' is connected to logic 0. 
   Pin 'PRDATAS8_21' is connected to logic 0. 
   Pin 'PRDATAS8_20' is connected to logic 0. 
   Pin 'PRDATAS8_19' is connected to logic 0. 
   Pin 'PRDATAS8_18' is connected to logic 0. 
   Pin 'PRDATAS8_17' is connected to logic 0. 
   Pin 'PRDATAS8_16' is connected to logic 0. 
   Pin 'PRDATAS8_15' is connected to logic 0. 
   Pin 'PRDATAS8_14' is connected to logic 0. 
   Pin 'PRDATAS8_13' is connected to logic 0. 
   Pin 'PRDATAS8_12' is connected to logic 0. 
   Pin 'PRDATAS8_11' is connected to logic 0. 
   Pin 'PRDATAS8_10' is connected to logic 0. 
   Pin 'PRDATAS8_9' is connected to logic 0. 
   Pin 'PRDATAS8_8' is connected to logic 0. 
   Pin 'PRDATAS9_31' is connected to logic 0. 
   Pin 'PRDATAS9_30' is connected to logic 0. 
   Pin 'PRDATAS9_29' is connected to logic 0. 
   Pin 'PRDATAS9_28' is connected to logic 0. 
   Pin 'PRDATAS9_27' is connected to logic 0. 
   Pin 'PRDATAS9_26' is connected to logic 0. 
   Pin 'PRDATAS9_25' is connected to logic 0. 
   Pin 'PRDATAS9_24' is connected to logic 0. 
   Pin 'PRDATAS9_23' is connected to logic 0. 
   Pin 'PRDATAS9_22' is connected to logic 0. 
   Pin 'PRDATAS9_21' is connected to logic 0. 
   Pin 'PRDATAS9_20' is connected to logic 0. 
   Pin 'PRDATAS9_19' is connected to logic 0. 
   Pin 'PRDATAS9_18' is connected to logic 0. 
   Pin 'PRDATAS9_17' is connected to logic 0. 
   Pin 'PRDATAS9_16' is connected to logic 0. 
   Pin 'PRDATAS9_15' is connected to logic 0. 
   Pin 'PRDATAS9_14' is connected to logic 0. 
   Pin 'PRDATAS9_13' is connected to logic 0. 
   Pin 'PRDATAS9_12' is connected to logic 0. 
   Pin 'PRDATAS9_11' is connected to logic 0. 
   Pin 'PRDATAS9_10' is connected to logic 0. 
   Pin 'PRDATAS9_9' is connected to logic 0. 
   Pin 'PRDATAS9_8' is connected to logic 0. 
   Pin 'PRDATAS9_7' is connected to logic 0. 
   Pin 'PRDATAS9_6' is connected to logic 0. 
   Pin 'PRDATAS9_5' is connected to logic 0. 
   Pin 'PRDATAS9_4' is connected to logic 0. 
   Pin 'PRDATAS9_3' is connected to logic 0. 
   Pin 'PRDATAS9_2' is connected to logic 0. 
   Pin 'PRDATAS9_1' is connected to logic 0. 
   Pin 'PRDATAS9_0' is connected to logic 0. 
   Pin 'PRDATAS10_31' is connected to logic 0. 
   Pin 'PRDATAS10_30' is connected to logic 0. 
   Pin 'PRDATAS10_29' is connected to logic 0. 
   Pin 'PRDATAS10_28' is connected to logic 0. 
   Pin 'PRDATAS10_27' is connected to logic 0. 
   Pin 'PRDATAS10_26' is connected to logic 0. 
   Pin 'PRDATAS10_25' is connected to logic 0. 
   Pin 'PRDATAS10_24' is connected to logic 0. 
   Pin 'PRDATAS10_23' is connected to logic 0. 
   Pin 'PRDATAS10_22' is connected to logic 0. 
   Pin 'PRDATAS10_21' is connected to logic 0. 
   Pin 'PRDATAS10_20' is connected to logic 0. 
   Pin 'PRDATAS10_19' is connected to logic 0. 
   Pin 'PRDATAS10_18' is connected to logic 0. 
   Pin 'PRDATAS10_17' is connected to logic 0. 
   Pin 'PRDATAS10_16' is connected to logic 0. 
   Pin 'PRDATAS10_15' is connected to logic 0. 
   Pin 'PRDATAS10_14' is connected to logic 0. 
   Pin 'PRDATAS10_13' is connected to logic 0. 
   Pin 'PRDATAS10_12' is connected to logic 0. 
   Pin 'PRDATAS10_11' is connected to logic 0. 
   Pin 'PRDATAS10_10' is connected to logic 0. 
   Pin 'PRDATAS10_9' is connected to logic 0. 
   Pin 'PRDATAS10_8' is connected to logic 0. 
   Pin 'PRDATAS10_7' is connected to logic 0. 
   Pin 'PRDATAS10_6' is connected to logic 0. 
   Pin 'PRDATAS10_5' is connected to logic 0. 
   Pin 'PRDATAS10_4' is connected to logic 0. 
   Pin 'PRDATAS10_3' is connected to logic 0. 
   Pin 'PRDATAS10_2' is connected to logic 0. 
   Pin 'PRDATAS10_1' is connected to logic 0. 
   Pin 'PRDATAS10_0' is connected to logic 0. 
   Pin 'PRDATAS11_31' is connected to logic 0. 
   Pin 'PRDATAS11_30' is connected to logic 0. 
   Pin 'PRDATAS11_29' is connected to logic 0. 
   Pin 'PRDATAS11_28' is connected to logic 0. 
   Pin 'PRDATAS11_27' is connected to logic 0. 
   Pin 'PRDATAS11_26' is connected to logic 0. 
   Pin 'PRDATAS11_25' is connected to logic 0. 
   Pin 'PRDATAS11_24' is connected to logic 0. 
   Pin 'PRDATAS11_23' is connected to logic 0. 
   Pin 'PRDATAS11_22' is connected to logic 0. 
   Pin 'PRDATAS11_21' is connected to logic 0. 
   Pin 'PRDATAS11_20' is connected to logic 0. 
   Pin 'PRDATAS11_19' is connected to logic 0. 
   Pin 'PRDATAS11_18' is connected to logic 0. 
   Pin 'PRDATAS11_17' is connected to logic 0. 
   Pin 'PRDATAS11_16' is connected to logic 0. 
   Pin 'PRDATAS11_15' is connected to logic 0. 
   Pin 'PRDATAS11_14' is connected to logic 0. 
   Pin 'PRDATAS11_13' is connected to logic 0. 
   Pin 'PRDATAS11_12' is connected to logic 0. 
   Pin 'PRDATAS11_11' is connected to logic 0. 
   Pin 'PRDATAS11_10' is connected to logic 0. 
   Pin 'PRDATAS11_9' is connected to logic 0. 
   Pin 'PRDATAS11_8' is connected to logic 0. 
   Pin 'PRDATAS11_7' is connected to logic 0. 
   Pin 'PRDATAS11_6' is connected to logic 0. 
   Pin 'PRDATAS11_5' is connected to logic 0. 
   Pin 'PRDATAS11_4' is connected to logic 0. 
   Pin 'PRDATAS11_3' is connected to logic 0. 
   Pin 'PRDATAS11_2' is connected to logic 0. 
   Pin 'PRDATAS11_1' is connected to logic 0. 
   Pin 'PRDATAS11_0' is connected to logic 0. 
   Pin 'PRDATAS12_31' is connected to logic 0. 
   Pin 'PRDATAS12_30' is connected to logic 0. 
   Pin 'PRDATAS12_29' is connected to logic 0. 
   Pin 'PRDATAS12_28' is connected to logic 0. 
   Pin 'PRDATAS12_27' is connected to logic 0. 
   Pin 'PRDATAS12_26' is connected to logic 0. 
   Pin 'PRDATAS12_25' is connected to logic 0. 
   Pin 'PRDATAS12_24' is connected to logic 0. 
   Pin 'PRDATAS12_23' is connected to logic 0. 
   Pin 'PRDATAS12_22' is connected to logic 0. 
   Pin 'PRDATAS12_21' is connected to logic 0. 
   Pin 'PRDATAS12_20' is connected to logic 0. 
   Pin 'PRDATAS12_19' is connected to logic 0. 
   Pin 'PRDATAS12_18' is connected to logic 0. 
   Pin 'PRDATAS12_17' is connected to logic 0. 
   Pin 'PRDATAS12_16' is connected to logic 0. 
   Pin 'PRDATAS12_15' is connected to logic 0. 
   Pin 'PRDATAS12_14' is connected to logic 0. 
   Pin 'PRDATAS12_13' is connected to logic 0. 
   Pin 'PRDATAS12_12' is connected to logic 0. 
   Pin 'PRDATAS12_11' is connected to logic 0. 
   Pin 'PRDATAS12_10' is connected to logic 0. 
   Pin 'PRDATAS12_9' is connected to logic 0. 
   Pin 'PRDATAS12_8' is connected to logic 0. 
   Pin 'PRDATAS12_7' is connected to logic 0. 
   Pin 'PRDATAS12_6' is connected to logic 0. 
   Pin 'PRDATAS12_5' is connected to logic 0. 
   Pin 'PRDATAS12_4' is connected to logic 0. 
   Pin 'PRDATAS12_3' is connected to logic 0. 
   Pin 'PRDATAS12_2' is connected to logic 0. 
   Pin 'PRDATAS12_1' is connected to logic 0. 
   Pin 'PRDATAS12_0' is connected to logic 0. 
   Pin 'PRDATAS13_31' is connected to logic 0. 
   Pin 'PRDATAS13_30' is connected to logic 0. 
   Pin 'PRDATAS13_29' is connected to logic 0. 
   Pin 'PRDATAS13_28' is connected to logic 0. 
   Pin 'PRDATAS13_27' is connected to logic 0. 
   Pin 'PRDATAS13_26' is connected to logic 0. 
   Pin 'PRDATAS13_25' is connected to logic 0. 
   Pin 'PRDATAS13_24' is connected to logic 0. 
   Pin 'PRDATAS13_23' is connected to logic 0. 
   Pin 'PRDATAS13_22' is connected to logic 0. 
   Pin 'PRDATAS13_21' is connected to logic 0. 
   Pin 'PRDATAS13_20' is connected to logic 0. 
   Pin 'PRDATAS13_19' is connected to logic 0. 
   Pin 'PRDATAS13_18' is connected to logic 0. 
   Pin 'PRDATAS13_17' is connected to logic 0. 
   Pin 'PRDATAS13_16' is connected to logic 0. 
   Pin 'PRDATAS13_15' is connected to logic 0. 
   Pin 'PRDATAS13_14' is connected to logic 0. 
   Pin 'PRDATAS13_13' is connected to logic 0. 
   Pin 'PRDATAS13_12' is connected to logic 0. 
   Pin 'PRDATAS13_11' is connected to logic 0. 
   Pin 'PRDATAS13_10' is connected to logic 0. 
   Pin 'PRDATAS13_9' is connected to logic 0. 
   Pin 'PRDATAS13_8' is connected to logic 0. 
   Pin 'PRDATAS13_7' is connected to logic 0. 
   Pin 'PRDATAS13_6' is connected to logic 0. 
   Pin 'PRDATAS13_5' is connected to logic 0. 
   Pin 'PRDATAS13_4' is connected to logic 0. 
   Pin 'PRDATAS13_3' is connected to logic 0. 
   Pin 'PRDATAS13_2' is connected to logic 0. 
   Pin 'PRDATAS13_1' is connected to logic 0. 
   Pin 'PRDATAS13_0' is connected to logic 0. 
   Pin 'PRDATAS14_31' is connected to logic 0. 
   Pin 'PRDATAS14_30' is connected to logic 0. 
   Pin 'PRDATAS14_29' is connected to logic 0. 
   Pin 'PRDATAS14_28' is connected to logic 0. 
   Pin 'PRDATAS14_27' is connected to logic 0. 
   Pin 'PRDATAS14_26' is connected to logic 0. 
   Pin 'PRDATAS14_25' is connected to logic 0. 
   Pin 'PRDATAS14_24' is connected to logic 0. 
   Pin 'PRDATAS14_23' is connected to logic 0. 
   Pin 'PRDATAS14_22' is connected to logic 0. 
   Pin 'PRDATAS14_21' is connected to logic 0. 
   Pin 'PRDATAS14_20' is connected to logic 0. 
   Pin 'PRDATAS14_19' is connected to logic 0. 
   Pin 'PRDATAS14_18' is connected to logic 0. 
   Pin 'PRDATAS14_17' is connected to logic 0. 
   Pin 'PRDATAS14_16' is connected to logic 0. 
   Pin 'PRDATAS14_15' is connected to logic 0. 
   Pin 'PRDATAS14_14' is connected to logic 0. 
   Pin 'PRDATAS14_13' is connected to logic 0. 
   Pin 'PRDATAS14_12' is connected to logic 0. 
   Pin 'PRDATAS14_11' is connected to logic 0. 
   Pin 'PRDATAS14_10' is connected to logic 0. 
   Pin 'PRDATAS14_9' is connected to logic 0. 
   Pin 'PRDATAS14_8' is connected to logic 0. 
   Pin 'PRDATAS14_7' is connected to logic 0. 
   Pin 'PRDATAS14_6' is connected to logic 0. 
   Pin 'PRDATAS14_5' is connected to logic 0. 
   Pin 'PRDATAS14_4' is connected to logic 0. 
   Pin 'PRDATAS14_3' is connected to logic 0. 
   Pin 'PRDATAS14_2' is connected to logic 0. 
   Pin 'PRDATAS14_1' is connected to logic 0. 
   Pin 'PRDATAS14_0' is connected to logic 0. 
Warning: In design 'EASY_FRBM', the same net is connected to more than one pin on submodule 'uMuxP2B'. (LINT-33)
   Net 'TieOffLo1' is connected to pins 'PRDATAS0_31', 'PRDATAS0_30', 'PRDATAS0_29', 'PRDATAS0_28', 'PRDATAS0_27', 'PRDATAS0_26', 'PRDATAS0_25', 'PRDATAS0_24', 'PRDATAS0_23', 'PRDATAS0_22', 'PRDATAS0_21', 'PRDATAS0_20', 'PRDATAS0_19', 'PRDATAS0_18', 'PRDATAS0_17', 'PRDATAS0_16', 'PRDATAS0_15', 'PRDATAS0_14', 'PRDATAS0_13', 'PRDATAS0_12', 'PRDATAS0_11', 'PRDATAS0_10', 'PRDATAS0_9', 'PRDATAS0_8', 'PRDATAS0_7', 'PRDATAS0_6', 'PRDATAS0_5', 'PRDATAS0_4', 'PRDATAS0_3', 'PRDATAS0_2', 'PRDATAS0_1', 'PRDATAS0_0', 'PRDATAS3_31', 'PRDATAS3_30', 'PRDATAS3_29', 'PRDATAS3_28', 'PRDATAS3_27', 'PRDATAS3_26', 'PRDATAS3_25', 'PRDATAS3_24', 'PRDATAS3_23', 'PRDATAS3_22', 'PRDATAS3_21', 'PRDATAS3_20', 'PRDATAS3_19', 'PRDATAS3_18', 'PRDATAS3_17', 'PRDATAS3_16', 'PRDATAS3_15', 'PRDATAS3_14', 'PRDATAS3_13', 'PRDATAS3_12', 'PRDATAS3_11', 'PRDATAS3_10', 'PRDATAS3_9', 'PRDATAS3_8', 'PRDATAS3_7', 'PRDATAS3_6', 'PRDATAS3_5', 'PRDATAS3_4', 'PRDATAS3_3', 'PRDATAS3_2', 'PRDATAS3_1', 'PRDATAS3_0', 'PRDATAS4_31', 'PRDATAS4_30', 'PRDATAS4_29', 'PRDATAS4_28', 'PRDATAS4_27', 'PRDATAS4_26', 'PRDATAS4_25', 'PRDATAS4_24', 'PRDATAS4_23', 'PRDATAS4_22', 'PRDATAS4_21', 'PRDATAS4_20', 'PRDATAS4_19', 'PRDATAS4_18', 'PRDATAS4_17', 'PRDATAS4_16', 'PRDATAS4_15', 'PRDATAS4_14', 'PRDATAS4_13', 'PRDATAS4_12', 'PRDATAS4_11', 'PRDATAS4_10', 'PRDATAS4_9', 'PRDATAS4_8', 'PRDATAS5_31', 'PRDATAS5_30', 'PRDATAS5_29', 'PRDATAS5_28', 'PRDATAS5_27', 'PRDATAS5_26', 'PRDATAS5_25', 'PRDATAS5_24', 'PRDATAS5_23', 'PRDATAS5_22', 'PRDATAS5_21', 'PRDATAS5_20', 'PRDATAS5_19', 'PRDATAS5_18', 'PRDATAS5_17', 'PRDATAS5_16', 'PRDATAS5_15', 'PRDATAS5_14', 'PRDATAS5_13', 'PRDATAS5_12', 'PRDATAS5_11', 'PRDATAS5_10', 'PRDATAS5_9', 'PRDATAS5_8', 'PRDATAS5_7', 'PRDATAS5_6', 'PRDATAS5_5', 'PRDATAS5_4', 'PRDATAS5_3', 'PRDATAS5_2', 'PRDATAS5_1', 'PRDATAS5_0', 'PRDATAS6_31', 'PRDATAS6_30', 'PRDATAS6_29', 'PRDATAS6_28', 'PRDATAS6_27', 'PRDATAS6_26', 'PRDATAS6_25', 'PRDATAS6_24', 'PRDATAS6_23', 'PRDATAS6_22', 'PRDATAS6_21', 'PRDATAS6_20', 'PRDATAS6_19', 'PRDATAS6_18', 'PRDATAS6_17', 'PRDATAS6_16', 'PRDATAS6_15', 'PRDATAS6_14', 'PRDATAS6_13', 'PRDATAS6_12', 'PRDATAS6_11', 'PRDATAS6_10', 'PRDATAS6_9', 'PRDATAS6_8', 'PRDATAS6_7', 'PRDATAS6_6', 'PRDATAS6_5', 'PRDATAS6_4', 'PRDATAS6_3', 'PRDATAS6_2', 'PRDATAS6_1', 'PRDATAS6_0', 'PRDATAS7_31', 'PRDATAS7_30', 'PRDATAS7_29', 'PRDATAS7_28', 'PRDATAS7_27', 'PRDATAS7_26', 'PRDATAS7_25', 'PRDATAS7_24', 'PRDATAS7_23', 'PRDATAS7_22', 'PRDATAS7_21', 'PRDATAS7_20', 'PRDATAS7_19', 'PRDATAS7_18', 'PRDATAS7_17', 'PRDATAS7_16', 'PRDATAS7_15', 'PRDATAS7_14', 'PRDATAS7_13', 'PRDATAS7_12', 'PRDATAS7_11', 'PRDATAS7_10', 'PRDATAS7_9', 'PRDATAS7_8', 'PRDATAS7_7', 'PRDATAS7_6', 'PRDATAS7_5', 'PRDATAS7_4', 'PRDATAS7_3', 'PRDATAS7_2', 'PRDATAS7_1', 'PRDATAS7_0', 'PRDATAS8_31', 'PRDATAS8_30', 'PRDATAS8_29', 'PRDATAS8_28', 'PRDATAS8_27', 'PRDATAS8_26', 'PRDATAS8_25', 'PRDATAS8_24', 'PRDATAS8_23', 'PRDATAS8_22', 'PRDATAS8_21', 'PRDATAS8_20', 'PRDATAS8_19', 'PRDATAS8_18', 'PRDATAS8_17', 'PRDATAS8_16', 'PRDATAS8_15', 'PRDATAS8_14', 'PRDATAS8_13', 'PRDATAS8_12', 'PRDATAS8_11', 'PRDATAS8_10', 'PRDATAS8_9', 'PRDATAS8_8', 'PRDATAS9_31', 'PRDATAS9_30', 'PRDATAS9_29', 'PRDATAS9_28', 'PRDATAS9_27', 'PRDATAS9_26', 'PRDATAS9_25', 'PRDATAS9_24', 'PRDATAS9_23', 'PRDATAS9_22', 'PRDATAS9_21', 'PRDATAS9_20', 'PRDATAS9_19', 'PRDATAS9_18', 'PRDATAS9_17', 'PRDATAS9_16', 'PRDATAS9_15', 'PRDATAS9_14', 'PRDATAS9_13', 'PRDATAS9_12', 'PRDATAS9_11', 'PRDATAS9_10', 'PRDATAS9_9', 'PRDATAS9_8', 'PRDATAS9_7', 'PRDATAS9_6', 'PRDATAS9_5', 'PRDATAS9_4', 'PRDATAS9_3', 'PRDATAS9_2', 'PRDATAS9_1', 'PRDATAS9_0', 'PRDATAS10_31', 'PRDATAS10_30', 'PRDATAS10_29', 'PRDATAS10_28', 'PRDATAS10_27', 'PRDATAS10_26', 'PRDATAS10_25', 'PRDATAS10_24', 'PRDATAS10_23', 'PRDATAS10_22', 'PRDATAS10_21', 'PRDATAS10_20', 'PRDATAS10_19', 'PRDATAS10_18', 'PRDATAS10_17', 'PRDATAS10_16', 'PRDATAS10_15', 'PRDATAS10_14', 'PRDATAS10_13', 'PRDATAS10_12', 'PRDATAS10_11', 'PRDATAS10_10', 'PRDATAS10_9', 'PRDATAS10_8', 'PRDATAS10_7', 'PRDATAS10_6', 'PRDATAS10_5', 'PRDATAS10_4', 'PRDATAS10_3', 'PRDATAS10_2', 'PRDATAS10_1', 'PRDATAS10_0', 'PRDATAS11_31', 'PRDATAS11_30', 'PRDATAS11_29', 'PRDATAS11_28', 'PRDATAS11_27', 'PRDATAS11_26', 'PRDATAS11_25', 'PRDATAS11_24', 'PRDATAS11_23', 'PRDATAS11_22', 'PRDATAS11_21', 'PRDATAS11_20', 'PRDATAS11_19', 'PRDATAS11_18', 'PRDATAS11_17', 'PRDATAS11_16', 'PRDATAS11_15', 'PRDATAS11_14', 'PRDATAS11_13', 'PRDATAS11_12', 'PRDATAS11_11', 'PRDATAS11_10', 'PRDATAS11_9', 'PRDATAS11_8', 'PRDATAS11_7', 'PRDATAS11_6', 'PRDATAS11_5', 'PRDATAS11_4', 'PRDATAS11_3', 'PRDATAS11_2', 'PRDATAS11_1', 'PRDATAS11_0', 'PRDATAS12_31', 'PRDATAS12_30', 'PRDATAS12_29', 'PRDATAS12_28', 'PRDATAS12_27', 'PRDATAS12_26', 'PRDATAS12_25', 'PRDATAS12_24', 'PRDATAS12_23', 'PRDATAS12_22', 'PRDATAS12_21', 'PRDATAS12_20', 'PRDATAS12_19', 'PRDATAS12_18', 'PRDATAS12_17', 'PRDATAS12_16', 'PRDATAS12_15', 'PRDATAS12_14', 'PRDATAS12_13', 'PRDATAS12_12', 'PRDATAS12_11', 'PRDATAS12_10', 'PRDATAS12_9', 'PRDATAS12_8', 'PRDATAS12_7', 'PRDATAS12_6', 'PRDATAS12_5', 'PRDATAS12_4', 'PRDATAS12_3', 'PRDATAS12_2', 'PRDATAS12_1', 'PRDATAS12_0', 'PRDATAS13_31', 'PRDATAS13_30', 'PRDATAS13_29', 'PRDATAS13_28', 'PRDATAS13_27', 'PRDATAS13_26', 'PRDATAS13_25', 'PRDATAS13_24', 'PRDATAS13_23', 'PRDATAS13_22', 'PRDATAS13_21', 'PRDATAS13_20', 'PRDATAS13_19', 'PRDATAS13_18', 'PRDATAS13_17', 'PRDATAS13_16', 'PRDATAS13_15', 'PRDATAS13_14', 'PRDATAS13_13', 'PRDATAS13_12', 'PRDATAS13_11', 'PRDATAS13_10', 'PRDATAS13_9', 'PRDATAS13_8', 'PRDATAS13_7', 'PRDATAS13_6', 'PRDATAS13_5', 'PRDATAS13_4', 'PRDATAS13_3', 'PRDATAS13_2', 'PRDATAS13_1', 'PRDATAS13_0', 'PRDATAS14_31', 'PRDATAS14_30', 'PRDATAS14_29', 'PRDATAS14_28', 'PRDATAS14_27', 'PRDATAS14_26', 'PRDATAS14_25', 'PRDATAS14_24', 'PRDATAS14_23', 'PRDATAS14_22', 'PRDATAS14_21', 'PRDATAS14_20', 'PRDATAS14_19', 'PRDATAS14_18', 'PRDATAS14_17', 'PRDATAS14_16', 'PRDATAS14_15', 'PRDATAS14_14', 'PRDATAS14_13', 'PRDATAS14_12', 'PRDATAS14_11', 'PRDATAS14_10', 'PRDATAS14_9', 'PRDATAS14_8', 'PRDATAS14_7', 'PRDATAS14_6', 'PRDATAS14_5', 'PRDATAS14_4', 'PRDATAS14_3', 'PRDATAS14_2', 'PRDATAS14_1', 'PRDATAS14_0'. 
Warning: In design 'EASY_FRBM', a pin on submodule 'uWatchdog' is connected to logic 1 or logic 0. (LINT-32)
   Pin 'WDOGCLKEN' is connected to logic 1. 
   Pin 'SCANINPCLK' is connected to logic 0. 
Warning: In design 'EASY_FRBM', the same net is connected to more than one pin on submodule 'uWatchdog'. (LINT-33)
   Net 'XCLKIN' is connected to pins 'PCLK', 'WDOGCLK'. 
Warning: In design 'EASY_FRBM', a pin on submodule 'uTimers' is connected to logic 1 or logic 0. (LINT-32)
   Pin 'TIMCLKEN1' is connected to logic 1. 
   Pin 'TIMCLKEN2' is connected to logic 1. 
   Pin 'SCANINPCLK' is connected to logic 0. 
Warning: In design 'EASY_FRBM', the same net is connected to more than one pin on submodule 'uTimers'. (LINT-33)
   Net 'XCLKIN' is connected to pins 'PCLK', 'TIMCLK'. 
   Net 'TieOffHi1' is connected to pins 'TIMCLKEN1', 'TIMCLKEN2'. 
Warning: In design 'EASY_FRBM', a pin on submodule 'uGpio' is connected to logic 1 or logic 0. (LINT-32)
   Pin 'SCANINPCLK' is connected to logic 0. 
Warning: In design 'EASY_FRBM', a pin on submodule 'uRemapPause' is connected to logic 1 or logic 0. (LINT-32)
   Pin 'SCANINPCLK' is connected to logic 0. 
Warning: In design 'EASY_FRBM', a pin on submodule 'uEgAPBSlave' is connected to logic 1 or logic 0. (LINT-32)
   Pin 'SCANINPCLK' is connected to logic 0. 
Warning: In design 'EASY_FRBM', a pin on submodule 'uEgMaster' is connected to logic 1 or logic 0. (LINT-32)
   Pin 'SCANINHCLK' is connected to logic 0. 
Warning: In design 'APBif', input port 'PRDATA_31' is connected directly to output port 'HRDATA_31'. (LINT-29)
Warning: In design 'APBif', input port 'PRDATA_30' is connected directly to output port 'HRDATA_30'. (LINT-29)
Warning: In design 'APBif', input port 'PRDATA_29' is connected directly to output port 'HRDATA_29'. (LINT-29)
Warning: In design 'APBif', input port 'PRDATA_28' is connected directly to output port 'HRDATA_28'. (LINT-29)
Warning: In design 'APBif', input port 'PRDATA_27' is connected directly to output port 'HRDATA_27'. (LINT-29)
Warning: In design 'APBif', input port 'PRDATA_26' is connected directly to output port 'HRDATA_26'. (LINT-29)
Warning: In design 'APBif', input port 'PRDATA_25' is connected directly to output port 'HRDATA_25'. (LINT-29)
Warning: In design 'APBif', input port 'PRDATA_24' is connected directly to output port 'HRDATA_24'. (LINT-29)
Warning: In design 'APBif', input port 'PRDATA_23' is connected directly to output port 'HRDATA_23'. (LINT-29)
Warning: In design 'APBif', input port 'PRDATA_22' is connected directly to output port 'HRDATA_22'. (LINT-29)
Warning: In design 'APBif', input port 'PRDATA_21' is connected directly to output port 'HRDATA_21'. (LINT-29)
Warning: In design 'APBif', input port 'PRDATA_20' is connected directly to output port 'HRDATA_20'. (LINT-29)
Warning: In design 'APBif', input port 'PRDATA_19' is connected directly to output port 'HRDATA_19'. (LINT-29)
Warning: In design 'APBif', input port 'PRDATA_18' is connected directly to output port 'HRDATA_18'. (LINT-29)
Warning: In design 'APBif', input port 'PRDATA_17' is connected directly to output port 'HRDATA_17'. (LINT-29)
Warning: In design 'APBif', input port 'PRDATA_16' is connected directly to output port 'HRDATA_16'. (LINT-29)
Warning: In design 'APBif', input port 'PRDATA_15' is connected directly to output port 'HRDATA_15'. (LINT-29)
Warning: In design 'APBif', input port 'PRDATA_14' is connected directly to output port 'HRDATA_14'. (LINT-29)
Warning: In design 'APBif', input port 'PRDATA_13' is connected directly to output port 'HRDATA_13'. (LINT-29)
Warning: In design 'APBif', input port 'PRDATA_12' is connected directly to output port 'HRDATA_12'. (LINT-29)
Warning: In design 'APBif', input port 'PRDATA_11' is connected directly to output port 'HRDATA_11'. (LINT-29)
Warning: In design 'APBif', input port 'PRDATA_10' is connected directly to output port 'HRDATA_10'. (LINT-29)
Warning: In design 'APBif', input port 'PRDATA_9' is connected directly to output port 'HRDATA_9'. (LINT-29)
Warning: In design 'APBif', input port 'PRDATA_8' is connected directly to output port 'HRDATA_8'. (LINT-29)
Warning: In design 'APBif', input port 'PRDATA_7' is connected directly to output port 'HRDATA_7'. (LINT-29)
Warning: In design 'APBif', input port 'PRDATA_6' is connected directly to output port 'HRDATA_6'. (LINT-29)
Warning: In design 'APBif', input port 'PRDATA_5' is connected directly to output port 'HRDATA_5'. (LINT-29)
Warning: In design 'APBif', input port 'PRDATA_4' is connected directly to output port 'HRDATA_4'. (LINT-29)
Warning: In design 'APBif', input port 'PRDATA_3' is connected directly to output port 'HRDATA_3'. (LINT-29)
Warning: In design 'APBif', input port 'PRDATA_2' is connected directly to output port 'HRDATA_2'. (LINT-29)
Warning: In design 'APBif', input port 'PRDATA_1' is connected directly to output port 'HRDATA_1'. (LINT-29)
Warning: In design 'APBif', input port 'PRDATA_0' is connected directly to output port 'HRDATA_0'. (LINT-29)
Warning: In design 'APBif', port 'SCANENABLE' is not connected to any nets. (LINT-28)
Warning: In design 'APBif', port 'SCANINHCLK' is not connected to any nets. (LINT-28)
Warning: In design 'APBif', port 'SCANOUTHCLK' is not connected to any nets. (LINT-28)
Warning: In design 'APBif', output port 'HRESP_1' is connected directly to output port 'HRESP_0'. (LINT-31)
Warning: In design 'RetrySlave', port 'HADDR_31' is not connected to any nets. (LINT-28)
Warning: In design 'RetrySlave', port 'HADDR_30' is not connected to any nets. (LINT-28)
Warning: In design 'RetrySlave', port 'HADDR_29' is not connected to any nets. (LINT-28)
Warning: In design 'RetrySlave', port 'HADDR_28' is not connected to any nets. (LINT-28)
Warning: In design 'RetrySlave', port 'HADDR_27' is not connected to any nets. (LINT-28)
Warning: In design 'RetrySlave', port 'HADDR_26' is not connected to any nets. (LINT-28)
Warning: In design 'RetrySlave', port 'HADDR_25' is not connected to any nets. (LINT-28)
Warning: In design 'RetrySlave', port 'HADDR_24' is not connected to any nets. (LINT-28)
Warning: In design 'RetrySlave', port 'HADDR_23' is not connected to any nets. (LINT-28)
Warning: In design 'RetrySlave', port 'HADDR_22' is not connected to any nets. (LINT-28)
Warning: In design 'RetrySlave', port 'HADDR_21' is not connected to any nets. (LINT-28)
Warning: In design 'RetrySlave', port 'HADDR_20' is not connected to any nets. (LINT-28)
Warning: In design 'RetrySlave', port 'HADDR_19' is not connected to any nets. (LINT-28)
Warning: In design 'RetrySlave', port 'HADDR_18' is not connected to any nets. (LINT-28)
Warning: In design 'RetrySlave', port 'HADDR_17' is not connected to any nets. (LINT-28)
Warning: In design 'RetrySlave', port 'HADDR_16' is not connected to any nets. (LINT-28)
Warning: In design 'RetrySlave', port 'HADDR_15' is not connected to any nets. (LINT-28)
Warning: In design 'RetrySlave', port 'HADDR_14' is not connected to any nets. (LINT-28)
Warning: In design 'RetrySlave', port 'HADDR_7' is not connected to any nets. (LINT-28)
Warning: In design 'RetrySlave', port 'HADDR_6' is not connected to any nets. (LINT-28)
Warning: In design 'RetrySlave', port 'SCANENABLE' is not connected to any nets. (LINT-28)
Warning: In design 'RetrySlave', port 'SCANINHCLK' is not connected to any nets. (LINT-28)
Warning: In design 'RetrySlave', port 'SCANOUTHCLK' is not connected to any nets. (LINT-28)
Warning: In design 'Interrupt', port 'SCANENABLE' is not connected to any nets. (LINT-28)
Warning: In design 'Interrupt', port 'SCANINHCLK' is not connected to any nets. (LINT-28)
Warning: In design 'Interrupt', port 'SCANOUTHCLK' is not connected to any nets. (LINT-28)
Warning: In design 'Interrupt', a pin on submodule 'u0RevAnd' is connected to logic 1 or logic 0. (LINT-32)
   Pin 'TieOff1' is connected to logic 0. 
   Pin 'TieOff2' is connected to logic 0. 
Warning: In design 'Interrupt', the same net is connected to more than one pin on submodule 'u0RevAnd'. (LINT-33)
   Net 'TieOff1_3' is connected to pins 'TieOff1', 'TieOff2'. 
Warning: In design 'Interrupt', a pin on submodule 'u1RevAnd' is connected to logic 1 or logic 0. (LINT-32)
   Pin 'TieOff1' is connected to logic 0. 
   Pin 'TieOff2' is connected to logic 0. 
Warning: In design 'Interrupt', the same net is connected to more than one pin on submodule 'u1RevAnd'. (LINT-33)
   Net 'TieOff1_3' is connected to pins 'TieOff1', 'TieOff2'. 
Warning: In design 'Interrupt', a pin on submodule 'u2RevAnd' is connected to logic 1 or logic 0. (LINT-32)
   Pin 'TieOff1' is connected to logic 0. 
   Pin 'TieOff2' is connected to logic 0. 
Warning: In design 'Interrupt', the same net is connected to more than one pin on submodule 'u2RevAnd'. (LINT-33)
   Net 'TieOff1_3' is connected to pins 'TieOff1', 'TieOff2'. 
Warning: In design 'Interrupt', a pin on submodule 'u3RevAnd' is connected to logic 1 or logic 0. (LINT-32)
   Pin 'TieOff1' is connected to logic 0. 
   Pin 'TieOff2' is connected to logic 0. 
Warning: In design 'Interrupt', the same net is connected to more than one pin on submodule 'u3RevAnd'. (LINT-33)
   Net 'TieOff1_3' is connected to pins 'TieOff1', 'TieOff2'. 
Warning: In design 'Arbiter3', port 'HBURST_0' is not connected to any nets. (LINT-28)
Warning: In design 'Arbiter3', port 'SCANENABLE' is not connected to any nets. (LINT-28)
Warning: In design 'Arbiter3', port 'SCANINHCLK' is not connected to any nets. (LINT-28)
Warning: In design 'Arbiter3', port 'SCANOUTHCLK' is not connected to any nets. (LINT-28)
Warning: In design 'DefaultSlave', port 'SCANENABLE' is not connected to any nets. (LINT-28)
Warning: In design 'DefaultSlave', port 'SCANINHCLK' is not connected to any nets. (LINT-28)
Warning: In design 'DefaultSlave', port 'SCANOUTHCLK' is not connected to any nets. (LINT-28)
Warning: In design 'MuxS2M', port 'HSELS0' is not connected to any nets. (LINT-28)
Warning: In design 'MuxS2M', port 'SCANENABLE' is not connected to any nets. (LINT-28)
Warning: In design 'MuxS2M', port 'SCANINHCLK' is not connected to any nets. (LINT-28)
Warning: In design 'MuxS2M', port 'SCANOUTHCLK' is not connected to any nets. (LINT-28)
Warning: In design 'Watchdog', port 'SCANENABLE' is not connected to any nets. (LINT-28)
Warning: In design 'Watchdog', port 'SCANINPCLK' is not connected to any nets. (LINT-28)
Warning: In design 'Watchdog', port 'SCANOUTPCLK' is not connected to any nets. (LINT-28)
Warning: In design 'Watchdog', a pin on submodule 'u0RevAnd' is connected to logic 1 or logic 0. (LINT-32)
   Pin 'TieOff1' is connected to logic 0. 
   Pin 'TieOff2' is connected to logic 0. 
Warning: In design 'Watchdog', the same net is connected to more than one pin on submodule 'u0RevAnd'. (LINT-33)
   Net 'WdogPeriphID0_7' is connected to pins 'TieOff1', 'TieOff2'. 
Warning: In design 'Watchdog', a pin on submodule 'u1RevAnd' is connected to logic 1 or logic 0. (LINT-32)
   Pin 'TieOff1' is connected to logic 0. 
   Pin 'TieOff2' is connected to logic 0. 
Warning: In design 'Watchdog', the same net is connected to more than one pin on submodule 'u1RevAnd'. (LINT-33)
   Net 'WdogPeriphID0_7' is connected to pins 'TieOff1', 'TieOff2'. 
Warning: In design 'Watchdog', a pin on submodule 'u2RevAnd' is connected to logic 1 or logic 0. (LINT-32)
   Pin 'TieOff1' is connected to logic 0. 
   Pin 'TieOff2' is connected to logic 0. 
Warning: In design 'Watchdog', the same net is connected to more than one pin on submodule 'u2RevAnd'. (LINT-33)
   Net 'WdogPeriphID0_7' is connected to pins 'TieOff1', 'TieOff2'. 
Warning: In design 'Watchdog', a pin on submodule 'u3RevAnd' is connected to logic 1 or logic 0. (LINT-32)
   Pin 'TieOff1' is connected to logic 0. 
   Pin 'TieOff2' is connected to logic 0. 
Warning: In design 'Watchdog', the same net is connected to more than one pin on submodule 'u3RevAnd'. (LINT-33)
   Net 'WdogPeriphID0_7' is connected to pins 'TieOff1', 'TieOff2'. 
Warning: In design 'Timers', port 'SCANENABLE' is not connected to any nets. (LINT-28)
Warning: In design 'Timers', port 'SCANINPCLK' is not connected to any nets. (LINT-28)
Warning: In design 'Timers', port 'SCANOUTPCLK' is not connected to any nets. (LINT-28)
Warning: In design 'Timers', a pin on submodule 'u0RevAnd' is connected to logic 1 or logic 0. (LINT-32)
   Pin 'TieOff1' is connected to logic 0. 
   Pin 'TieOff2' is connected to logic 0. 
Warning: In design 'Timers', the same net is connected to more than one pin on submodule 'u0RevAnd'. (LINT-33)
   Net 'TimerPeriphID0_7' is connected to pins 'TieOff1', 'TieOff2'. 
Warning: In design 'Timers', a pin on submodule 'u1RevAnd' is connected to logic 1 or logic 0. (LINT-32)
   Pin 'TieOff1' is connected to logic 0. 
   Pin 'TieOff2' is connected to logic 0. 
Warning: In design 'Timers', the same net is connected to more than one pin on submodule 'u1RevAnd'. (LINT-33)
   Net 'TimerPeriphID0_7' is connected to pins 'TieOff1', 'TieOff2'. 
Warning: In design 'Timers', a pin on submodule 'u2RevAnd' is connected to logic 1 or logic 0. (LINT-32)
   Pin 'TieOff1' is connected to logic 0. 
   Pin 'TieOff2' is connected to logic 0. 
Warning: In design 'Timers', the same net is connected to more than one pin on submodule 'u2RevAnd'. (LINT-33)
   Net 'TimerPeriphID0_7' is connected to pins 'TieOff1', 'TieOff2'. 
Warning: In design 'Timers', a pin on submodule 'u3RevAnd' is connected to logic 1 or logic 0. (LINT-32)
   Pin 'TieOff1' is connected to logic 0. 
   Pin 'TieOff2' is connected to logic 0. 
Warning: In design 'Timers', the same net is connected to more than one pin on submodule 'u3RevAnd'. (LINT-33)
   Net 'TimerPeriphID0_7' is connected to pins 'TieOff1', 'TieOff2'. 
Warning: In design 'Gpio', port 'SCANENABLE' is not connected to any nets. (LINT-28)
Warning: In design 'Gpio', port 'SCANINPCLK' is not connected to any nets. (LINT-28)
Warning: In design 'Gpio', port 'SCANOUTPCLK' is not connected to any nets. (LINT-28)
Warning: In design 'RemapPause', port 'SCANENABLE' is not connected to any nets. (LINT-28)
Warning: In design 'RemapPause', port 'SCANINPCLK' is not connected to any nets. (LINT-28)
Warning: In design 'RemapPause', port 'SCANOUTPCLK' is not connected to any nets. (LINT-28)
Warning: In design 'RemapPause', a pin on submodule 'u0RevAnd' is connected to logic 1 or logic 0. (LINT-32)
   Pin 'TieOff1' is connected to logic 0. 
   Pin 'TieOff2' is connected to logic 0. 
Warning: In design 'RemapPause', the same net is connected to more than one pin on submodule 'u0RevAnd'. (LINT-33)
   Net 'PERIPHERALID_31' is connected to pins 'TieOff1', 'TieOff2'. 
Warning: In design 'RemapPause', a pin on submodule 'u1RevAnd' is connected to logic 1 or logic 0. (LINT-32)
   Pin 'TieOff1' is connected to logic 0. 
   Pin 'TieOff2' is connected to logic 0. 
Warning: In design 'RemapPause', the same net is connected to more than one pin on submodule 'u1RevAnd'. (LINT-33)
   Net 'PERIPHERALID_31' is connected to pins 'TieOff1', 'TieOff2'. 
Warning: In design 'RemapPause', a pin on submodule 'u2RevAnd' is connected to logic 1 or logic 0. (LINT-32)
   Pin 'TieOff1' is connected to logic 0. 
   Pin 'TieOff2' is connected to logic 0. 
Warning: In design 'RemapPause', the same net is connected to more than one pin on submodule 'u2RevAnd'. (LINT-33)
   Net 'PERIPHERALID_31' is connected to pins 'TieOff1', 'TieOff2'. 
Warning: In design 'RemapPause', a pin on submodule 'u3RevAnd' is connected to logic 1 or logic 0. (LINT-32)
   Pin 'TieOff1' is connected to logic 0. 
   Pin 'TieOff2' is connected to logic 0. 
Warning: In design 'RemapPause', the same net is connected to more than one pin on submodule 'u3RevAnd'. (LINT-33)
   Net 'PERIPHERALID_31' is connected to pins 'TieOff1', 'TieOff2'. 
Warning: In design 'EgAPBSlave', port 'SCANENABLE' is not connected to any nets. (LINT-28)
Warning: In design 'EgAPBSlave', port 'SCANINPCLK' is not connected to any nets. (LINT-28)
Warning: In design 'EgAPBSlave', port 'SCANOUTPCLK' is not connected to any nets. (LINT-28)
Warning: In design 'EgAPBSlave', a pin on submodule 'u0RevAnd' is connected to logic 1 or logic 0. (LINT-32)
   Pin 'TieOff1' is connected to logic 0. 
   Pin 'TieOff2' is connected to logic 0. 
Warning: In design 'EgAPBSlave', the same net is connected to more than one pin on submodule 'u0RevAnd'. (LINT-33)
   Net 'PeripheralID_31' is connected to pins 'TieOff1', 'TieOff2'. 
Warning: In design 'EgAPBSlave', a pin on submodule 'u1RevAnd' is connected to logic 1 or logic 0. (LINT-32)
   Pin 'TieOff1' is connected to logic 0. 
   Pin 'TieOff2' is connected to logic 0. 
Warning: In design 'EgAPBSlave', the same net is connected to more than one pin on submodule 'u1RevAnd'. (LINT-33)
   Net 'PeripheralID_31' is connected to pins 'TieOff1', 'TieOff2'. 
Warning: In design 'EgAPBSlave', a pin on submodule 'u2RevAnd' is connected to logic 1 or logic 0. (LINT-32)
   Pin 'TieOff1' is connected to logic 0. 
   Pin 'TieOff2' is connected to logic 0. 
Warning: In design 'EgAPBSlave', the same net is connected to more than one pin on submodule 'u2RevAnd'. (LINT-33)
   Net 'PeripheralID_31' is connected to pins 'TieOff1', 'TieOff2'. 
Warning: In design 'EgAPBSlave', a pin on submodule 'u3RevAnd' is connected to logic 1 or logic 0. (LINT-32)
   Pin 'TieOff1' is connected to logic 0. 
   Pin 'TieOff2' is connected to logic 0. 
Warning: In design 'EgAPBSlave', the same net is connected to more than one pin on submodule 'u3RevAnd'. (LINT-33)
   Net 'PeripheralID_31' is connected to pins 'TieOff1', 'TieOff2'. 
Warning: In design 'EgMaster', port 'SCANENABLE' is not connected to any nets. (LINT-28)
Warning: In design 'EgMaster', port 'SCANINHCLK' is not connected to any nets. (LINT-28)
Warning: In design 'EgMaster', port 'SCANOUTHCLK' is not connected to any nets. (LINT-28)
Warning: In design 'EgMaster', cell 'Logic0' does not drive any nets. (LINT-1)
************
check_timing
************

Warning: Design 'EASY_FRBM' has '2' unresolved references. For more detailed information, use the "link" command. (UID-341)
Warning: Design 'EASY_FRBM' contains unmapped cells.
	Use report_cell to list unmapped cells in the design. (OPT-309)

***********
report_cell
***********

Warning: Design 'EASY_FRBM' has '2' unresolved references. For more detailed information, use the "link" command. (UID-341)
Error: Could not read the following target libraries:
cb18os120_generic_max.db 
 (UIO-3)
 
****************************************
Report : cell
Design : EASY_FRBM
Version: V-2003.12-SP1
Date   : Fri Jun 18 13:35:26 2004
****************************************

Attributes:
    b - black box (unknown)
    d - dont_touch
    h - hierarchical
    n - noncombinational
    r - removable
    u - contains unmapped logic

Cell                      Reference       Library             Area  Attributes
--------------------------------------------------------------------------------
S_0                       GTECH_OR2       gtech           0.000000  u
S_1                       GTECH_OR2       gtech           0.000000  u
S_2                       GTECH_OR2       gtech           0.000000  u
S_3                       GTECH_OR2       gtech           0.000000  u
S_4                       GTECH_OR2       gtech           0.000000  u
S_5                       GTECH_OR2       gtech           0.000000  u
S_6                       GTECH_OR2       gtech           0.000000  u
S_7                       GTECH_OR2       gtech           0.000000  u
S_8                       GTECH_OR2       gtech           0.000000  u
S_9                       GTECH_OR2       gtech           0.000000  u
S_10                      GTECH_OR2       gtech           0.000000  u
S_11                      GTECH_OR2       gtech           0.000000  u
S_12                      GTECH_OR2       gtech           0.000000  u
uAPBif                    APBif                           0.000000  d, h, n, u
uArbiter3                 Arbiter3                        0.000000  d, h, n, u
uDecoder                  Decoder                         0.000000  d, h, u
uDefaultSlave             DefaultSlave                    0.000000  d, h, n, u
uEgAPBSlave               EgAPBSlave                      0.000000  d, h, n, u
uEgMaster                 EgMaster                        0.000000  d, h, n, u
uFileReader               FileReader                      0.000000  b, d
uGpio                     Gpio                            0.000000  d, h, n, u
uIntMem                   IntMem                          0.000000  b, d
uInterrupt                Interrupt                       0.000000  d, h, n, u
uMuxM2S                   MuxM2S                          0.000000  d, h, u
uMuxP2B                   MuxP2B                          0.000000  d, h, u
uMuxS2M                   MuxS2M                          0.000000  d, h, n, u
uRemapPause               RemapPause                      0.000000  d, h, n, u
uResetCntl                ResetCntl                       0.000000  d, h, n, u
uRetrySlave               RetrySlave                      0.000000  d, h, n, u
uTimers                   Timers                          0.000000  d, h, n, u
uWatchdog                 Watchdog                        0.000000  d, h, n, u
--------------------------------------------------------------------------------
Total 31 cells                                            0.000000

****************
report_reference
****************

Warning: Design 'EASY_FRBM' has '2' unresolved references. For more detailed information, use the "link" command. (UID-341)
 
****************************************
Report : reference
Design : EASY_FRBM
Version: V-2003.12-SP1
Date   : Fri Jun 18 13:35:26 2004
****************************************

Attributes:
    b - black box (unknown)
   bo - allows boundary optimization
    d - dont_touch
   mo - map_only
    h - hierarchical
    n - noncombinational
    r - removable
    s - synthetic operator
    u - contains unmapped logic

Reference          Library       Unit Area   Count    Total Area   Attributes
-----------------------------------------------------------------------------
APBif                             0.000000       1      0.000000  d, h, n, u
Arbiter3                          0.000000       1      0.000000  d, h, n, u
Decoder                           0.000000       1      0.000000  d, h, u
DefaultSlave                      0.000000       1      0.000000  d, h, n, u
EgAPBSlave                        0.000000       1      0.000000  d, h, n, u
EgMaster                          0.000000       1      0.000000  d, h, n, u
FileReader                        0.000000       1      0.000000  b
GTECH_OR2          gtech          0.000000      13      0.000000  u
Gpio                              0.000000       1      0.000000  d, h, n, u
IntMem                            0.000000       1      0.000000  b
Interrupt                         0.000000       1      0.000000  d, h, n, u
MuxM2S                            0.000000       1      0.000000  d, h, u
MuxP2B                            0.000000       1      0.000000  d, h, u
MuxS2M                            0.000000       1      0.000000  d, h, n, u
RemapPause                        0.000000       1      0.000000  d, h, n, u
ResetCntl                         0.000000       1      0.000000  d, h, n, u
RetrySlave                        0.000000       1      0.000000  d, h, n, u
Timers                            0.000000       1      0.000000  d, h, n, u
Watchdog                          0.000000       1      0.000000  d, h, n, u
-----------------------------------------------------------------------------
Total 19 references                                     0.000000

****************
report_hierarchy
****************

Warning: Design 'EASY_FRBM' has '2' unresolved references. For more detailed information, use the "link" command. (UID-341)
 
****************************************
Report : hierarchy
Design : EASY_FRBM
Version: V-2003.12-SP1
Date   : Fri Jun 18 13:35:27 2004
****************************************

Information: This design contains unmapped logic. (RPT-7)
Warning: 2 unresolved references are not included in this report. (RPT-2)

EASY_FRBM
    APBif
        GTECH_AND2                  gtech
        GTECH_AND_NOT               gtech
        GTECH_BUF                   gtech
        GTECH_MUX2                  gtech
        GTECH_NOT                   gtech
        GTECH_OR2                   gtech
        GTECH_OR_NOT                gtech
    Arbiter3
        GTECH_AND2                  gtech
        GTECH_AND_NOT               gtech
        GTECH_BUF                   gtech
        GTECH_MUX2                  gtech
        GTECH_NOT                   gtech
        GTECH_OR2                   gtech
        GTECH_OR_NOT                gtech
        GTECH_XNOR2                 gtech
    Decoder
        GTECH_AND2                  gtech
        GTECH_AND_NOT               gtech
        GTECH_BUF                   gtech
        GTECH_NOT                   gtech
        GTECH_OR2                   gtech
    DefaultSlave
        GTECH_AND2                  gtech
        GTECH_AND_NOT               gtech
        GTECH_BUF                   gtech
        GTECH_NOT                   gtech
        GTECH_OR2                   gtech
    EgAPBSlave
        GTECH_AND2                  gtech
        GTECH_AND_NOT               gtech
        GTECH_BUF                   gtech
        GTECH_MUX2                  gtech
        GTECH_NOT                   gtech
        GTECH_OR2                   gtech
        GTECH_OR_NOT                gtech
        GTECH_XOR2                  gtech
        RevAnd_0_EgAPBSlave
            GTECH_AND2              gtech
        RevAnd_1_EgAPBSlave
            GTECH_AND2              gtech
        RevAnd_2_EgAPBSlave
            GTECH_AND2              gtech
        RevAnd_3_EgAPBSlave
            GTECH_AND2              gtech
    EgMaster
        GTECH_AND2                  gtech
        GTECH_AND_NOT               gtech
        GTECH_BUF                   gtech
        GTECH_MUX2                  gtech
        GTECH_NOT                   gtech
        GTECH_OR2                   gtech
        GTECH_OR_NOT                gtech
    GTECH_OR2                       gtech
    Gpio
        GTECH_AND2                  gtech
        GTECH_AND_NOT               gtech
        GTECH_BUF                   gtech
        GTECH_NOT                   gtech
        GTECH_OR2                   gtech
        GTECH_XNOR2                 gtech
    Interrupt
        GTECH_AND2                  gtech
        GTECH_AND_NOT               gtech
        GTECH_BUF                   gtech
        GTECH_MUX2                  gtech
        GTECH_NOT                   gtech
        GTECH_OR2                   gtech
        GTECH_OR_NOT                gtech
        RevAnd_0_Interrupt
            GTECH_AND2              gtech
        RevAnd_1_Interrupt
            GTECH_AND2              gtech
        RevAnd_2_Interrupt
            GTECH_AND2              gtech
        RevAnd_3_Interrupt
            GTECH_AND2              gtech
    MuxM2S
        GTECH_AND2                  gtech
        GTECH_AND_NOT               gtech
        GTECH_MUX2                  gtech
        GTECH_NOT                   gtech
        GTECH_OR2                   gtech
        GTECH_OR_NOT                gtech
    MuxP2B
        GTECH_AND2                  gtech
        GTECH_AND_NOT               gtech
        GTECH_MUX2                  gtech
        GTECH_NOT                   gtech
        GTECH_OR2                   gtech
    MuxS2M
        GTECH_AND2                  gtech
        GTECH_AND_NOT               gtech
        GTECH_BUF                   gtech
        GTECH_NOT                   gtech
        GTECH_OR2                   gtech
    RemapPause
        GTECH_AND2                  gtech
        GTECH_AND_NOT               gtech
        GTECH_BUF                   gtech
        GTECH_MUX2                  gtech
        GTECH_NOT                   gtech
        GTECH_OR2                   gtech
        GTECH_OR_NOT                gtech
        RevAnd_0_RemapPause
            GTECH_AND2              gtech
        RevAnd_1_RemapPause
            GTECH_AND2              gtech
        RevAnd_2_RemapPause
            GTECH_AND2              gtech
        RevAnd_3_RemapPause
            GTECH_AND2              gtech
    ResetCntl
        GTECH_AND2                  gtech
        GTECH_AND_NOT               gtech
        GTECH_BUF                   gtech
        GTECH_MUX2                  gtech
        GTECH_NOT                   gtech
        GTECH_OR2                   gtech
    RetrySlave
        GTECH_AND2                  gtech
        GTECH_AND_NOT               gtech
        GTECH_BUF                   gtech
        GTECH_MUX2                  gtech
        GTECH_NOT                   gtech
        GTECH_OR2                   gtech
        GTECH_XOR2                  gtech
    Timers
        GTECH_AND2                  gtech
        GTECH_AND_NOT               gtech
        GTECH_BUF                   gtech
        GTECH_MUX2                  gtech
        GTECH_NOT                   gtech
        GTECH_OR2                   gtech
        GTECH_OR_NOT                gtech
        GTECH_XOR2                  gtech
        RevAnd_0_Timers
            GTECH_AND2              gtech
        RevAnd_1_Timers
            GTECH_AND2              gtech
        RevAnd_2_Timers
            GTECH_AND2              gtech
        RevAnd_3_Timers
            GTECH_AND2              gtech
    Watchdog
        GTECH_AND2                  gtech
        GTECH_AND_NOT               gtech
        GTECH_BUF                   gtech
        GTECH_MUX2                  gtech
        GTECH_NOT                   gtech
        GTECH_OR2                   gtech
        GTECH_OR_NOT                gtech
        GTECH_XOR2                  gtech
        RevAnd_0_Watchdog
            GTECH_AND2              gtech
        RevAnd_1_Watchdog
            GTECH_AND2              gtech
        RevAnd_2_Watchdog
            GTECH_AND2              gtech
        RevAnd_3_Watchdog
            GTECH_AND2              gtech

***********
report_area
***********

Warning: Design 'EASY_FRBM' has '2' unresolved references. For more detailed information, use the "link" command. (UID-341)
Warning: Can't read link_library file 'cb18os120_generic_max.db'. (UID-3)
Warning: Can't read link_library file 'conditions_1.8v.db'. (UID-3)
 
****************************************
Report : area
Design : EASY_FRBM
Version: V-2003.12-SP1
Date   : Fri Jun 18 13:35:27 2004
****************************************

Library(s) Used:

    gtech (File: /edatools/synopsys/2003.12-SP1/libraries/syn/gtech.db)

Number of ports:               55
Number of nets:               728
Number of cells:               31
Number of references:          19

Combinational area:          0.000000
Noncombinational area:       0.000000
Net Interconnect area:      undefined  (No wire load specified)

Total cell area:             0.000000
Total area:                 undefined

Information: This design contains unmapped logic. (RPT-7)
Information: This design contains black box (unknown) components. (RPT-8)

