Release  - xst I.31
Copyright (c) 1995-2006 Xilinx, Inc.  All rights reserved.
--> Parameter TMPDIR set to ./xst/projnav.tmp
CPU : 0.00 / 0.17 s | Elapsed : 0.00 / 0.00 s
 
--> Parameter xsthdpdir set to ./xst
CPU : 0.00 / 0.17 s | Elapsed : 0.00 / 0.00 s
 
--> Reading design: U60.prj

TABLE OF CONTENTS
  1) Synthesis Options Summary
  2) HDL Compilation
  3) Design Hierarchy Analysis
  4) HDL Analysis
  5) HDL Synthesis
     5.1) HDL Synthesis Report
  6) Advanced HDL Synthesis
     6.1) Advanced HDL Synthesis Report
  7) Low Level Synthesis
  8) Partition Report
  9) Final Report
     9.1) Device utilization summary
     9.2) TIMING REPORT


=========================================================================
*                      Synthesis Options Summary                        *
=========================================================================
---- Source Parameters
Input File Name                    : "U60.prj"
Input Format                       : mixed
Ignore Synthesis Constraint File   : NO

---- Target Parameters
Output File Name                   : "U60"
Output Format                      : NGC
Target Device                      : xc4vlx200-10-ff1513

---- Source Options
Top Module Name                    : U60
Automatic FSM Extraction           : YES
FSM Encoding Algorithm             : Auto
FSM Style                          : lut
RAM Extraction                     : Yes
RAM Style                          : Auto
ROM Extraction                     : Yes
Mux Style                          : Auto
Decoder Extraction                 : YES
Priority Encoder Extraction        : YES
Shift Register Extraction          : YES
Logical Shifter Extraction         : YES
XOR Collapsing                     : YES
ROM Style                          : Auto
Mux Extraction                     : YES
Resource Sharing                   : YES
Automatic Register Balancing       : No

---- Target Options
Add IO Buffers                     : YES
Global Maximum Fanout              : 500
Add Generic Clock Buffer(BUFG)     : 32
Number of Regional Clock Buffers   : 48
Register Duplication               : YES
Slice Packing                      : YES
Pack IO Registers into IOBs        : auto
Equivalent register Removal        : YES

---- General Options
Optimization Goal                  : Speed
Optimization Effort                : 1
Keep Hierarchy                     : NO
RTL Output                         : Yes
Global Optimization                : AllClockNets
Write Timing Constraints           : NO
Hierarchy Separator                : /
Bus Delimiter                      : <>
Case Specifier                     : maintain
Slice Utilization Ratio            : 100
DSP48 Utilization Ratio            : 100
Slice Utilization Ratio Delta      : 5

---- Other Options
lso                                : U60.lso
Read Cores                         : YES
cross_clock_analysis               : NO
verilog2001                        : YES
safe_implementation                : No
use_dsp48                          : auto
Optimize Instantiated Primitives   : NO
use_clock_enable                   : Auto
use_sync_set                       : Auto
use_sync_reset                     : Auto

=========================================================================


=========================================================================
*                          HDL Compilation                              *
=========================================================================
Compiling vhdl file "E:/RTL_COMPLETE/SOURCE_PROJECT/PIN_INTERFACE/FPGA_TO_FPGA/u60/SEG_COUNT.vhd" in Library work.
Architecture behavioral of Entity seg_count is up to date.
Compiling vhdl file "E:/RTL_COMPLETE/SOURCE_PROJECT/PIN_INTERFACE/FPGA_TO_FPGA/u60/SEGMENT.vhd" in Library work.
Architecture behavioral of Entity segment is up to date.
Compiling vhdl file "E:/RTL_COMPLETE/SOURCE_PROJECT/PIN_INTERFACE/FPGA_TO_FPGA/u60/FPGA_INTERFACE.VHD" in Library work.
Architecture behavioral of Entity fpga_interface is up to date.
Compiling vhdl file "E:/RTL_COMPLETE/SOURCE_PROJECT/PIN_INTERFACE/FPGA_TO_FPGA/u60/SEG_BLOCK.VHD" in Library work.
Architecture behavioral of Entity seg_block is up to date.
Compiling vhdl file "E:/RTL_COMPLETE/SOURCE_PROJECT/PIN_INTERFACE/FPGA_TO_FPGA/u60/U60.vhd" in Library work.
Architecture top_level of Entity u60 is up to date.

=========================================================================
*                     Design Hierarchy Analysis                         *
=========================================================================
Analyzing hierarchy for entity <U60> in library <work> (architecture <top_level>) with generics.
	MAX = 446
	USER_SW_TYPE = '1'

Analyzing hierarchy for entity <FPGA_INTERFACE> in library <work> (architecture <behavioral>) with generics.
	n = 446
	USER_SW_TYPE = '1'

Analyzing hierarchy for entity <SEG_BLOCK> in library <work> (architecture <behavioral>).

Analyzing hierarchy for entity <SEG_COUNT> in library <work> (architecture <behavioral>).

Analyzing hierarchy for entity <SEGMENT> in library <work> (architecture <behavioral>).

Building hierarchy successfully finished.

=========================================================================
*                            HDL Analysis                               *
=========================================================================
Design Repository: return true for module <U60>
Analyzing generic Entity <U60> in library <work> (Architecture <top_level>).
	MAX = 446
	USER_SW_TYPE = '1'
WARNING:Xst:753 - "E:/RTL_COMPLETE/SOURCE_PROJECT/PIN_INTERFACE/FPGA_TO_FPGA/u60/U60.vhd" line 87: Unconnected output port 'ERR_CLR' of component 'FPGA_INTERFACE'.
WARNING:Xst:752 - "E:/RTL_COMPLETE/SOURCE_PROJECT/PIN_INTERFACE/FPGA_TO_FPGA/u60/U60.vhd" line 92: Unconnected input port 'ERR_CLR' of component 'SEG_BLOCK' is tied to default value.
Entity <U60> analyzed. Unit <U60> generated.

Design Repository: return true for module <FPGA_INTERFACE>
Analyzing generic Entity <FPGA_INTERFACE> in library <work> (Architecture <behavioral>).
	n = 446
	USER_SW_TYPE = '1'
Entity <FPGA_INTERFACE> analyzed. Unit <FPGA_INTERFACE> generated.

Design Repository: return true for module <SEG_BLOCK>
Analyzing Entity <SEG_BLOCK> in library <work> (Architecture <behavioral>).
INFO:Xst:1561 - "E:/RTL_COMPLETE/SOURCE_PROJECT/PIN_INTERFACE/FPGA_TO_FPGA/u60/SEG_BLOCK.VHD" line 116: Mux is complete : default of case is discarded
Entity <SEG_BLOCK> analyzed. Unit <SEG_BLOCK> generated.

Design Repository: return true for module <SEG_COUNT>
Analyzing Entity <SEG_COUNT> in library <work> (Architecture <behavioral>).
Entity <SEG_COUNT> analyzed. Unit <SEG_COUNT> generated.

Design Repository: return true for module <SEGMENT>
Analyzing Entity <SEGMENT> in library <work> (Architecture <behavioral>).
WARNING:Xst:819 - "E:/RTL_COMPLETE/SOURCE_PROJECT/PIN_INTERFACE/FPGA_TO_FPGA/u60/SEGMENT.vhd" line 114: The following signals are missing in the process sensitivity list:
   SEG_DATA0, SEG_DATA1, SEG_DATA2, SEG_DATA3.
INFO:Xst:1561 - "E:/RTL_COMPLETE/SOURCE_PROJECT/PIN_INTERFACE/FPGA_TO_FPGA/u60/SEGMENT.vhd" line 199: Mux is complete : default of case is discarded
Entity <SEGMENT> analyzed. Unit <SEGMENT> generated.


=========================================================================
*                           HDL Synthesis                               *
=========================================================================

Performing bidirectional port resolution...

Synthesizing Unit <FPGA_INTERFACE>.
    Related source file is "E:/RTL_COMPLETE/SOURCE_PROJECT/PIN_INTERFACE/FPGA_TO_FPGA/u60/FPGA_INTERFACE.VHD".
    Register <PIN_CLK> equivalent to <U51_EN> has been removed
    Found finite state machine <FSM_0> for signal <STATE>.
    -----------------------------------------------------------------------
    | States             | 14                                             |
    | Transitions        | 24                                             |
    | Inputs             | 7                                              |
    | Outputs            | 13                                             |
    | Clock              | CLK (rising_edge)                              |
    | Reset              | nRST (negative)                                |
    | Reset type         | asynchronous                                   |
    | Reset State        | idle                                           |
    | Power Up State     | idle                                           |
    | Encoding           | automatic                                      |
    | Implementation     | LUT                                            |
    -----------------------------------------------------------------------
    Found 1-bit register for signal <ERR_CLR>.
    Found 1-bit register for signal <U51_EN>.
    Found 2-bit register for signal <MODE>.
    Found 1-bit register for signal <END_SIG>.
    Found 1-bit register for signal <ERR_CLK>.
    Found 21-bit adder for signal <$addsub0000>.
    Found 447-bit comparator equal for signal <$cmp_eq0001> created at line 89.
    Found 21-bit 4-to-1 multiplexer for signal <$mux0305> created at line 77.
    Found 24-bit up counter for signal <CNT>.
    Found 9-bit up counter for signal <CON_CMP>.
    Found 21-bit register for signal <DELAY_CNT>.
    Found 1-bit register for signal <ERR_BIT_A>.
    Found 1-bit register for signal <ERR_BIT_B>.
    Found 9-bit up counter for signal <ERR_CNT>.
    Found 447-bit register for signal <FPGA_CMP_BUF>.
    Found 447-bit register for signal <FPGA_CON_BUF>.
    Found 447-bit register for signal <FPGA_ERR_BUF>.
    Found 1-bit register for signal <RUN>.
    Found 1-bit register for signal <RUN_SIG>.
    Found 3-bit up counter for signal <SEC>.
INFO:Xst:738 - HDL ADVISOR - 447 flip-flops were inferred for signal <FPGA_CON_BUF>. You may be trying to describe a RAM in a way that is incompatible with block and distributed RAM resources available on Xilinx devices, or with a specific template that is not supported. Please review the Xilinx resources documentation and the XST user manual for coding guidelines. Taking advantage of RAM resources will lead to improved device usage and reduced synthesis time.
INFO:Xst:738 - HDL ADVISOR - 447 flip-flops were inferred for signal <FPGA_ERR_BUF>. You may be trying to describe a RAM in a way that is incompatible with block and distributed RAM resources available on Xilinx devices, or with a specific template that is not supported. Please review the Xilinx resources documentation and the XST user manual for coding guidelines. Taking advantage of RAM resources will lead to improved device usage and reduced synthesis time.
INFO:Xst:738 - HDL ADVISOR - 447 flip-flops were inferred for signal <FPGA_CMP_BUF>. You may be trying to describe a RAM in a way that is incompatible with block and distributed RAM resources available on Xilinx devices, or with a specific template that is not supported. Please review the Xilinx resources documentation and the XST user manual for coding guidelines. Taking advantage of RAM resources will lead to improved device usage and reduced synthesis time.
    Summary:
	inferred   1 Finite State Machine(s).
	inferred   4 Counter(s).
	inferred 1372 D-type flip-flop(s).
	inferred   1 Adder/Subtractor(s).
	inferred   1 Comparator(s).
	inferred  21 Multiplexer(s).
Unit <FPGA_INTERFACE> synthesized.


Synthesizing Unit <SEG_COUNT>.
    Related source file is "E:/RTL_COMPLETE/SOURCE_PROJECT/PIN_INTERFACE/FPGA_TO_FPGA/u60/SEG_COUNT.vhd".
    Found 4-bit up counter for signal <CNT0>.
    Found 4-bit up counter for signal <CNT1>.
    Found 4-bit up counter for signal <CNT2>.
    Summary:
	inferred   3 Counter(s).
Unit <SEG_COUNT> synthesized.


Synthesizing Unit <SEGMENT>.
    Related source file is "E:/RTL_COMPLETE/SOURCE_PROJECT/PIN_INTERFACE/FPGA_TO_FPGA/u60/SEGMENT.vhd".
    Found 16x8-bit ROM for signal <FPGA_PIN_DATA0>.
    Found 16x8-bit ROM for signal <FPGA_PIN_DATA1>.
    Found 16x8-bit ROM for signal <FPGA_PIN_DATA2>.
    Found 16x8-bit ROM for signal <FPGA_ERR_DATA0>.
    Found 16x8-bit ROM for signal <FPGA_ERR_DATA1>.
    Found 16x8-bit ROM for signal <FPGA_ERR_DATA2>.
    Found 8-bit 4-to-1 multiplexer for signal <$mux0022>.
    Found 8-bit 4-to-1 multiplexer for signal <$mux0023>.
    Found 8-bit 4-to-1 multiplexer for signal <$mux0024>.
    Found 8-bit 4-to-1 multiplexer for signal <$mux0025>.
    Found 8-bit 4-to-1 multiplexer for signal <$mux0027>.
    Found 8-bit 4-to-1 multiplexer for signal <$mux0028>.
    Found 8-bit 4-to-1 multiplexer for signal <$mux0029>.
    Found 8-bit 4-to-1 multiplexer for signal <$mux0030>.
    Found 17-bit up counter for signal <CNT>.
    Found 4-bit up counter for signal <CNT0>.
    Found 7-bit up counter for signal <CNT1>.
    Found 4-bit register for signal <COMMON_SCAN_COUNT>.
    Found 4-bit up counter for signal <COUNT>.
    Found 1-bit register for signal <DIS_CLK1>.
    Found 1-bit register for signal <DIS_CLK2>.
    Found 1-bit register for signal <SCAN_CLK>.
    Found 8-bit register for signal <SEG_DATA0>.
    Found 8-bit register for signal <SEG_DATA1>.
    Found 8-bit register for signal <SEG_DATA2>.
    Found 8-bit register for signal <SEG_DATA3>.
    Found 1-bit register for signal <SEG_DCLK>.
    Summary:
	inferred   6 ROM(s).
	inferred   4 Counter(s).
	inferred  40 D-type flip-flop(s).
	inferred  64 Multiplexer(s).
Unit <SEGMENT> synthesized.


Synthesizing Unit <SEG_BLOCK>.
    Related source file is "E:/RTL_COMPLETE/SOURCE_PROJECT/PIN_INTERFACE/FPGA_TO_FPGA/u60/SEG_BLOCK.VHD".
    Found 1-of-4 decoder for signal <STATE_LED>.
    Summary:
	inferred   1 Decoder(s).
Unit <SEG_BLOCK> synthesized.


Synthesizing Unit <U60>.
    Related source file is "E:/RTL_COMPLETE/SOURCE_PROJECT/PIN_INTERFACE/FPGA_TO_FPGA/u60/U60.vhd".
WARNING:Xst:647 - Input <PORST> is never used.
Unit <U60> synthesized.

INFO:Xst:1767 - HDL ADVISOR - Resource sharing has identified that some arithmetic operations in this design can share the same physical resources for reduced device utilization. For improved clock frequency you may try to disable resource sharing.

=========================================================================
HDL Synthesis Report

Macro Statistics
# FSMs                                                 : 1
# ROMs                                                 : 6
 16x8-bit ROM                                          : 6
# Adders/Subtractors                                   : 1
 21-bit adder                                          : 1
# Counters                                             : 14
 17-bit up counter                                     : 1
 24-bit up counter                                     : 1
 3-bit up counter                                      : 1
 4-bit up counter                                      : 8
 7-bit up counter                                      : 1
 9-bit up counter                                      : 2
# Registers                                            : 468
 1-bit register                                        : 459
 2-bit register                                        : 1
 21-bit register                                       : 1
 4-bit register                                        : 1
 447-bit register                                      : 2
 8-bit register                                        : 4
# Comparators                                          : 1
 447-bit comparator equal                              : 1
# Multiplexers                                         : 9
 21-bit 4-to-1 multiplexer                             : 1
 8-bit 4-to-1 multiplexer                              : 8
# Decoders                                             : 1
 1-of-4 decoder                                        : 1

=========================================================================

=========================================================================
*                       Advanced HDL Synthesis                          *
=========================================================================

Analyzing FSM <FSM_0> for best encoding.
Optimizing FSM <U1/STATE> on signal <STATE[1:4]> with sequential encoding.
---------------------------
 State         | Encoding
---------------------------
 idle          | 0000
 start_up      | 0001
 start_delay   | 0010
 data_load     | 0011
 data_compare  | 0100
 data_latch    | 0101
 data_end      | 0111
 prog_complete | 1000
 err_latch     | 0110
 err_compare   | 1001
 err_shift     | 1010
 err_end       | 1100
 err_check     | 1011
 err_delay     | 1101
---------------------------
Loading device for application Rf_Device from file '4vlx200.nph' in environment D:\Xilinx.
WARNING:Xst:1291 - FF/Latch <ERR_CLR> is unconnected in block <U1>.

=========================================================================
Advanced HDL Synthesis Report

Macro Statistics
# FSMs                                                 : 1
# ROMs                                                 : 6
 16x8-bit ROM                                          : 6
# Adders/Subtractors                                   : 1
 21-bit adder                                          : 1
# Counters                                             : 14
 17-bit up counter                                     : 1
 24-bit up counter                                     : 1
 3-bit up counter                                      : 1
 4-bit up counter                                      : 8
 7-bit up counter                                      : 1
 9-bit up counter                                      : 2
# Registers                                            : 1416
 Flip-Flops                                            : 1416
# Comparators                                          : 1
 447-bit comparator equal                              : 1
# Multiplexers                                         : 9
 21-bit 4-to-1 multiplexer                             : 1
 8-bit 4-to-1 multiplexer                              : 8
# Decoders                                             : 1
 1-of-4 decoder                                        : 1

=========================================================================

=========================================================================
*                         Low Level Synthesis                           *
=========================================================================
INFO:Xst:2261 - The FF/Latch <SEG_DATA0_0> in Unit <SEGMENT> is equivalent to the following 2 FFs/Latches, which will be removed : <SEG_DATA1_0> <SEG_DATA2_0> 

Optimizing unit <U60> ...

Optimizing unit <FPGA_INTERFACE> ...

Optimizing unit <SEGMENT> ...

Mapping all equations...
WARNING:Xst:1291 - FF/Latch <U1/ERR_CLR> is unconnected in block <U60>.
Building and optimizing final netlist ...
Found area constraint ratio of 100 (+ 5) on block U60, actual ratio is 1.
FlipFlop U1/STATE_FFd1 has been replicated 5 time(s)
FlipFlop U1/STATE_FFd2 has been replicated 6 time(s)
FlipFlop U1/STATE_FFd3 has been replicated 3 time(s)
FlipFlop U1/STATE_FFd4 has been replicated 4 time(s)

Final Macro Processing ...

=========================================================================
Final Register Report

Macro Statistics
# Registers                                            : 1532
 Flip-Flops                                            : 1532

=========================================================================

=========================================================================
*                          Partition Report                             *
=========================================================================

Partition Implementation Status
-------------------------------

  Preserved Partitions:


  Implemented Partitions:

    Partition "/U60":
There was no implementation for this Partition.

-------------------------------


Partition NGC Files
-------------------------------

    Partition "/U60":
      NGC File: U60.ngc

-------------------------------

=========================================================================
*                            Final Report                               *
=========================================================================
Final Results
RTL Top Level Output File Name     : U60.ngr
Top Level Output File Name         : U60
Output Format                      : NGC
Optimization Goal                  : Speed
Keep Hierarchy                     : NO

Design Statistics
# IOs                              : 468

Cell Usage :
# BELS                             : 3687
#      GND                         : 1
#      INV                         : 23
#      LUT1                        : 78
#      LUT2                        : 58
#      LUT2_D                      : 1
#      LUT2_L                      : 1
#      LUT3                        : 769
#      LUT3_D                      : 3
#      LUT3_L                      : 1
#      LUT4                        : 1418
#      LUT4_D                      : 10
#      LUT4_L                      : 677
#      MULT_AND                    : 1
#      MUXCY                       : 322
#      MUXF5                       : 242
#      VCC                         : 1
#      XORCY                       : 81
# FlipFlops/Latches                : 1532
#      FDC                         : 983
#      FDCE                        : 65
#      FDCPE                       : 1
#      FDE                         : 449
#      FDP                         : 34
# Clock Buffers                    : 1
#      BUFGP                       : 1
# IO Buffers                       : 466
#      IBUF                        : 449
#      OBUF                        : 17
=========================================================================

Device utilization summary:
---------------------------

Selected Device : 4vlx200ff1513-10 

 Number of Slices:                    1574  out of  89088     1%  
 Number of Slice Flip Flops:          1532  out of  178176     0%  
 Number of 4 input LUTs:              3039  out of  178176     1%  
 Number of IOs:                        468
 Number of bonded IOBs:                467  out of    960    48%  
 Number of GCLKs:                        1  out of     32     3%  


=========================================================================
TIMING REPORT

NOTE: THESE TIMING NUMBERS ARE ONLY A SYNTHESIS ESTIMATE.
      FOR ACCURATE TIMING INFORMATION PLEASE REFER TO THE TRACE REPORT
      GENERATED AFTER PLACE-and-ROUTE.

Clock Information:
------------------
-----------------------------------+--------------------------------+-------+
Clock Signal                       | Clock buffer(FF name)          | Load  |
-----------------------------------+--------------------------------+-------+
U1/ERR_CLK                         | NONE(U2/U2/CNT2_2)             | 12    |
U1/U51_EN                          | NONE(U2/U1/CNT1_1)             | 12    |
CLK                                | BUFGP                          | 1486  |
U2/U3/SCAN_CLK                     | NONE(U2/U3/COMMON_SCAN_COUNT_3)| 17    |
U2/U3/DIS_CLK1                     | NONE(U2/U3/DIS_CLK2)           | 1     |
U2/U3/SEG_DCLK                     | NONE(U2/U3/COUNT_3)            | 4     |
-----------------------------------+--------------------------------+-------+
INFO:Xst:2169 - HDL ADVISOR - Some clock signals were not automatically buffered by XST with BUFG/BUFR resources. Please use the buffer_type constraint in order to insert these buffers to the clock signals to help prevent skew problems.

Asynchronous Control Signals Information:
----------------------------------------
--------------------------------------+--------------------------+-------+
Control Signal                        | Buffer(FF name)          | Load  |
--------------------------------------+--------------------------+-------+
nRST_inv1_INV_0_1(nRST_inv1_INV_0_1:O)| NONE(U2/U2/CNT2_2)       | 361   |
nRST_inv1_INV_0_2(nRST_inv1_INV_0_2:O)| NONE(U1/FPGA_CON_BUF_229)| 361   |
nRST_inv(nRST_inv1_INV_0:O)           | NONE(U1/FPGA_CMP_BUF_176)| 361   |
USER_SW                               | IBUF                     | 1     |
--------------------------------------+--------------------------+-------+

Timing Summary:
---------------
Speed Grade: -10

   Minimum period: 5.825ns (Maximum Frequency: 171.680MHz)
   Minimum input arrival time before clock: 5.680ns
   Maximum output required time after clock: 7.766ns
   Maximum combinational path delay: No path found

Timing Detail:
--------------
All values displayed in nanoseconds (ns)

=========================================================================
Timing constraint: Default period analysis for Clock 'U1/ERR_CLK'
  Clock period: 3.862ns (frequency: 258.967MHz)
  Total number of paths / destination ports: 84 / 20
-------------------------------------------------------------------------
Delay:               3.862ns (Levels of Logic = 2)
  Source:            U2/U2/CNT0_1 (FF)
  Destination:       U2/U2/CNT2_0 (FF)
  Source Clock:      U1/ERR_CLK rising
  Destination Clock: U1/ERR_CLK rising

  Data Path: U2/U2/CNT0_1 to U2/U2/CNT2_0
                                Gate     Net
    Cell:in->out      fanout   Delay   Delay  Logical Name (Net Name)
    ----------------------------------------  ------------
     FDC:C->Q             11   0.360   0.929  U2/U2/CNT0_1 (U2/U2/CNT0_1)
     LUT4:I0->O            5   0.195   0.559  U2/U2/EN311 (U2/U2/EN1)
     MUXF5:S->O            4   0.527   0.549  U2/U2/EN3_f5 (U2/U2/EN3)
     FDCE:CE                   0.743          U2/U2/CNT2_0
    ----------------------------------------
    Total                      3.862ns (1.825ns logic, 2.036ns route)
                                       (47.3% logic, 52.7% route)

=========================================================================
Timing constraint: Default period analysis for Clock 'U1/U51_EN'
  Clock period: 3.883ns (frequency: 257.510MHz)
  Total number of paths / destination ports: 84 / 20
-------------------------------------------------------------------------
Delay:               3.883ns (Levels of Logic = 2)
  Source:            U2/U1/CNT0_1 (FF)
  Destination:       U2/U1/CNT2_0 (FF)
  Source Clock:      U1/U51_EN rising
  Destination Clock: U1/U51_EN rising

  Data Path: U2/U1/CNT0_1 to U2/U1/CNT2_0
                                Gate     Net
    Cell:in->out      fanout   Delay   Delay  Logical Name (Net Name)
    ----------------------------------------  ------------
     FDC:C->Q             12   0.360   0.951  U2/U1/CNT0_1 (U2/U1/CNT0_1)
     LUT4:I0->O            5   0.195   0.559  U2/U1/EN311 (U2/U1/EN1)
     MUXF5:S->O            4   0.527   0.549  U2/U1/EN3_f5 (U2/U1/EN3)
     FDCE:CE                   0.743          U2/U1/CNT2_0
    ----------------------------------------
    Total                      3.883ns (1.825ns logic, 2.058ns route)
                                       (47.0% logic, 53.0% route)

=========================================================================
Timing constraint: Default period analysis for Clock 'CLK'
  Clock period: 5.825ns (frequency: 171.680MHz)
  Total number of paths / destination ports: 30147 / 1533
-------------------------------------------------------------------------
Delay:               5.825ns (Levels of Logic = 36)
  Source:            U1/FPGA_CON_BUF_384 (FF)
  Destination:       U1/STATE_FFd3 (FF)
  Source Clock:      CLK rising
  Destination Clock: CLK rising

  Data Path: U1/FPGA_CON_BUF_384 to U1/STATE_FFd3
                                Gate     Net
    Cell:in->out      fanout   Delay   Delay  Logical Name (Net Name)
    ----------------------------------------  ------------
     FDC:C->Q              3   0.360   0.781  U1/FPGA_CON_BUF_384 (U1/FPGA_CON_BUF_384)
     LUT4:I0->O            1   0.195   0.000  U1/Mcompar__cmp_eq0001_lut<192> (U1/N200)
     MUXCY:S->O            1   0.366   0.000  U1/Mcompar__cmp_eq0001_cy<192> (U1/Mcompar__cmp_eq0001_cy<192>)
     MUXCY:CI->O           1   0.044   0.000  U1/Mcompar__cmp_eq0001_cy<193> (U1/Mcompar__cmp_eq0001_cy<193>)
     MUXCY:CI->O           1   0.044   0.000  U1/Mcompar__cmp_eq0001_cy<194> (U1/Mcompar__cmp_eq0001_cy<194>)
     MUXCY:CI->O           1   0.044   0.000  U1/Mcompar__cmp_eq0001_cy<195> (U1/Mcompar__cmp_eq0001_cy<195>)
     MUXCY:CI->O           1   0.045   0.000  U1/Mcompar__cmp_eq0001_cy<196> (U1/Mcompar__cmp_eq0001_cy<196>)
     MUXCY:CI->O           1   0.045   0.000  U1/Mcompar__cmp_eq0001_cy<197> (U1/Mcompar__cmp_eq0001_cy<197>)
     MUXCY:CI->O           1   0.045   0.000  U1/Mcompar__cmp_eq0001_cy<198> (U1/Mcompar__cmp_eq0001_cy<198>)
     MUXCY:CI->O           1   0.045   0.000  U1/Mcompar__cmp_eq0001_cy<199> (U1/Mcompar__cmp_eq0001_cy<199>)
     MUXCY:CI->O           1   0.045   0.000  U1/Mcompar__cmp_eq0001_cy<200> (U1/Mcompar__cmp_eq0001_cy<200>)
     MUXCY:CI->O           1   0.045   0.000  U1/Mcompar__cmp_eq0001_cy<201> (U1/Mcompar__cmp_eq0001_cy<201>)
     MUXCY:CI->O           1   0.045   0.000  U1/Mcompar__cmp_eq0001_cy<202> (U1/Mcompar__cmp_eq0001_cy<202>)
     MUXCY:CI->O           1   0.045   0.000  U1/Mcompar__cmp_eq0001_cy<203> (U1/Mcompar__cmp_eq0001_cy<203>)
     MUXCY:CI->O           1   0.045   0.000  U1/Mcompar__cmp_eq0001_cy<204> (U1/Mcompar__cmp_eq0001_cy<204>)
     MUXCY:CI->O           1   0.045   0.000  U1/Mcompar__cmp_eq0001_cy<205> (U1/Mcompar__cmp_eq0001_cy<205>)
     MUXCY:CI->O           1   0.045   0.000  U1/Mcompar__cmp_eq0001_cy<206> (U1/Mcompar__cmp_eq0001_cy<206>)
     MUXCY:CI->O           1   0.045   0.000  U1/Mcompar__cmp_eq0001_cy<207> (U1/Mcompar__cmp_eq0001_cy<207>)
     MUXCY:CI->O           1   0.045   0.000  U1/Mcompar__cmp_eq0001_cy<208> (U1/Mcompar__cmp_eq0001_cy<208>)
     MUXCY:CI->O           1   0.045   0.000  U1/Mcompar__cmp_eq0001_cy<209> (U1/Mcompar__cmp_eq0001_cy<209>)
     MUXCY:CI->O           1   0.045   0.000  U1/Mcompar__cmp_eq0001_cy<210> (U1/Mcompar__cmp_eq0001_cy<210>)
     MUXCY:CI->O           1   0.045   0.000  U1/Mcompar__cmp_eq0001_cy<211> (U1/Mcompar__cmp_eq0001_cy<211>)
     MUXCY:CI->O           1   0.045   0.000  U1/Mcompar__cmp_eq0001_cy<212> (U1/Mcompar__cmp_eq0001_cy<212>)
     MUXCY:CI->O           1   0.045   0.000  U1/Mcompar__cmp_eq0001_cy<213> (U1/Mcompar__cmp_eq0001_cy<213>)
     MUXCY:CI->O           1   0.045   0.000  U1/Mcompar__cmp_eq0001_cy<214> (U1/Mcompar__cmp_eq0001_cy<214>)
     MUXCY:CI->O           1   0.045   0.000  U1/Mcompar__cmp_eq0001_cy<215> (U1/Mcompar__cmp_eq0001_cy<215>)
     MUXCY:CI->O           1   0.045   0.000  U1/Mcompar__cmp_eq0001_cy<216> (U1/Mcompar__cmp_eq0001_cy<216>)
     MUXCY:CI->O           1   0.045   0.000  U1/Mcompar__cmp_eq0001_cy<217> (U1/Mcompar__cmp_eq0001_cy<217>)
     MUXCY:CI->O           1   0.045   0.000  U1/Mcompar__cmp_eq0001_cy<218> (U1/Mcompar__cmp_eq0001_cy<218>)
     MUXCY:CI->O           1   0.045   0.000  U1/Mcompar__cmp_eq0001_cy<219> (U1/Mcompar__cmp_eq0001_cy<219>)
     MUXCY:CI->O           1   0.045   0.000  U1/Mcompar__cmp_eq0001_cy<220> (U1/Mcompar__cmp_eq0001_cy<220>)
     MUXCY:CI->O           1   0.045   0.000  U1/Mcompar__cmp_eq0001_cy<221> (U1/Mcompar__cmp_eq0001_cy<221>)
     MUXCY:CI->O           1   0.045   0.000  U1/Mcompar__cmp_eq0001_cy<222> (U1/Mcompar__cmp_eq0001_cy<222>)
     MUXCY:CI->O           1   0.369   0.765  U1/Mcompar__cmp_eq0001_cy<223> (U1/Mcompar__cmp_eq0001_cy<223>)
     LUT4:I0->O            2   0.195   0.565  U1/Mcompar__cmp_eq00011_SW0 (N3354)
     LUT4_L:I3->LO         1   0.195   0.113  U1/Mcompar__cmp_eq00011 (U1/_cmp_eq0001)
     LUT4:I3->O            4   0.195   0.000  U1/STATE_FFd3-In115 (U1/STATE_FFd3-In)
     FDC:D                     0.391          U1/STATE_FFd3
    ----------------------------------------
    Total                      5.825ns (3.602ns logic, 2.223ns route)
                                       (61.8% logic, 38.2% route)

=========================================================================
Timing constraint: Default period analysis for Clock 'U2/U3/SCAN_CLK'
  Clock period: 4.427ns (frequency: 225.874MHz)
  Total number of paths / destination ports: 314 / 19
-------------------------------------------------------------------------
Delay:               4.427ns (Levels of Logic = 9)
  Source:            U2/U3/CNT1_2 (FF)
  Destination:       U2/U3/CNT1_6 (FF)
  Source Clock:      U2/U3/SCAN_CLK rising
  Destination Clock: U2/U3/SCAN_CLK rising

  Data Path: U2/U3/CNT1_2 to U2/U3/CNT1_6
                                Gate     Net
    Cell:in->out      fanout   Delay   Delay  Logical Name (Net Name)
    ----------------------------------------  ------------
     FDC:C->Q              2   0.360   0.783  U2/U3/CNT1_2 (U2/U3/CNT1_2)
     LUT4_D:I0->O          3   0.195   0.625  U2/U3/_cmp_eq0003_SW0 (N3165)
     LUT4:I2->O            4   0.195   0.780  U2/U3/_cmp_eq0003 (U2/U3/_cmp_eq0003)
     LUT2:I0->O            1   0.195   0.000  U2/U3/CNT1_Eqn_11 (U2/U3/CNT1_Eqn_1)
     MUXCY:S->O            1   0.366   0.000  U2/U3/Mcount_CNT1_cy<1> (U2/U3/Mcount_CNT1_cy<1>)
     MUXCY:CI->O           1   0.044   0.000  U2/U3/Mcount_CNT1_cy<2> (U2/U3/Mcount_CNT1_cy<2>)
     MUXCY:CI->O           1   0.044   0.000  U2/U3/Mcount_CNT1_cy<3> (U2/U3/Mcount_CNT1_cy<3>)
     MUXCY:CI->O           1   0.044   0.000  U2/U3/Mcount_CNT1_cy<4> (U2/U3/Mcount_CNT1_cy<4>)
     MUXCY:CI->O           0   0.044   0.000  U2/U3/Mcount_CNT1_cy<5> (U2/U3/Mcount_CNT1_cy<5>)
     XORCY:CI->O           1   0.360   0.000  U2/U3/Mcount_CNT1_xor<6> (U2/U3/Result<6>1)
     FDC:D                     0.391          U2/U3/CNT1_6
    ----------------------------------------
    Total                      4.427ns (2.240ns logic, 2.187ns route)
                                       (50.6% logic, 49.4% route)

=========================================================================
Timing constraint: Default period analysis for Clock 'U2/U3/DIS_CLK1'
  Clock period: 2.641ns (frequency: 378.652MHz)
  Total number of paths / destination ports: 1 / 1
-------------------------------------------------------------------------
Delay:               2.641ns (Levels of Logic = 1)
  Source:            U2/U3/DIS_CLK2 (FF)
  Destination:       U2/U3/DIS_CLK2 (FF)
  Source Clock:      U2/U3/DIS_CLK1 rising
  Destination Clock: U2/U3/DIS_CLK1 rising

  Data Path: U2/U3/DIS_CLK2 to U2/U3/DIS_CLK2
                                Gate     Net
    Cell:in->out      fanout   Delay   Delay  Logical Name (Net Name)
    ----------------------------------------  ------------
     FDC:C->Q             21   0.360   0.930  U2/U3/DIS_CLK2 (U2/U3/DIS_CLK2)
     INV:I->O              1   0.426   0.534  U2/U3/_mux0037<3>1_INV_0 (U2/U3/_mux0037<3>)
     FDC:D                     0.391          U2/U3/DIS_CLK2
    ----------------------------------------
    Total                      2.641ns (1.177ns logic, 1.464ns route)
                                       (44.6% logic, 55.4% route)

=========================================================================
Timing constraint: Default period analysis for Clock 'U2/U3/SEG_DCLK'
  Clock period: 2.389ns (frequency: 418.568MHz)
  Total number of paths / destination ports: 13 / 4
-------------------------------------------------------------------------
Delay:               2.389ns (Levels of Logic = 1)
  Source:            U2/U3/COUNT_0 (FF)
  Destination:       U2/U3/COUNT_0 (FF)
  Source Clock:      U2/U3/SEG_DCLK rising
  Destination Clock: U2/U3/SEG_DCLK rising

  Data Path: U2/U3/COUNT_0 to U2/U3/COUNT_0
                                Gate     Net
    Cell:in->out      fanout   Delay   Delay  Logical Name (Net Name)
    ----------------------------------------  ------------
     FDC:C->Q             10   0.360   0.678  U2/U3/COUNT_0 (U2/U3/COUNT_0)
     INV:I->O              1   0.426   0.534  U2/U3/Mcount_COUNT_lut<0>1_INV_0 (U2/U3/Mcount_COUNT_lut<0>)
     FDC:D                     0.391          U2/U3/COUNT_0
    ----------------------------------------
    Total                      2.389ns (1.177ns logic, 1.212ns route)
                                       (49.3% logic, 50.7% route)

=========================================================================
Timing constraint: Default OFFSET IN BEFORE for Clock 'CLK'
  Total number of paths / destination ports: 924 / 924
-------------------------------------------------------------------------
Offset:              5.680ns (Levels of Logic = 2)
  Source:            nRST (PAD)
  Destination:       U1/ERR_BIT_A (FF)
  Destination Clock: CLK rising

  Data Path: nRST to U1/ERR_BIT_A
                                Gate     Net
    Cell:in->out      fanout   Delay   Delay  Logical Name (Net Name)
    ----------------------------------------  ------------
     IBUF:I->O           451   0.965   3.225  nRST_IBUF (nRST_IBUF)
     LUT4:I0->O            2   0.195   0.552  U1/_and00011 (U1/_and0001)
     FDE:CE                    0.743          U1/ERR_BIT_A
    ----------------------------------------
    Total                      5.680ns (1.903ns logic, 3.777ns route)
                                       (33.5% logic, 66.5% route)

=========================================================================
Timing constraint: Default OFFSET OUT AFTER for Clock 'CLK'
  Total number of paths / destination ports: 39 / 13
-------------------------------------------------------------------------
Offset:              6.996ns (Levels of Logic = 4)
  Source:            U2/U3/SEG_DATA1_7 (FF)
  Destination:       SEG_DATA<7> (PAD)
  Source Clock:      CLK rising

  Data Path: U2/U3/SEG_DATA1_7 to SEG_DATA<7>
                                Gate     Net
    Cell:in->out      fanout   Delay   Delay  Logical Name (Net Name)
    ----------------------------------------  ------------
     FDP:C->Q              1   0.360   0.609  U2/U3/SEG_DATA1_7 (U2/U3/SEG_DATA1_7)
     LUT4:I2->O            1   0.195   0.000  U2/U3/SEG_DATA_SIG<7>562 (N4068)
     MUXF5:I0->O           1   0.382   0.765  U2/U3/SEG_DATA_SIG<7>56_f5 (U2/U3/SEG_DATA_SIG<7>_map17)
     LUT4:I0->O            1   0.195   0.534  U2/U3/SEG_DATA_SIG<7>67 (SEG_DATA_7_OBUF)
     OBUF:I->O                 3.957          SEG_DATA_7_OBUF (SEG_DATA<7>)
    ----------------------------------------
    Total                      6.996ns (5.089ns logic, 1.907ns route)
                                       (72.7% logic, 27.3% route)

=========================================================================
Timing constraint: Default OFFSET OUT AFTER for Clock 'U2/U3/SCAN_CLK'
  Total number of paths / destination ports: 88 / 12
-------------------------------------------------------------------------
Offset:              7.766ns (Levels of Logic = 4)
  Source:            U2/U3/COMMON_SCAN_COUNT_2 (FF)
  Destination:       SEG_DATA<7> (PAD)
  Source Clock:      U2/U3/SCAN_CLK rising

  Data Path: U2/U3/COMMON_SCAN_COUNT_2 to SEG_DATA<7>
                                Gate     Net
    Cell:in->out      fanout   Delay   Delay  Logical Name (Net Name)
    ----------------------------------------  ------------
     FDP:C->Q             26   0.360   1.378  U2/U3/COMMON_SCAN_COUNT_2 (U2/U3/COMMON_SCAN_COUNT_2)
     LUT4:I0->O            1   0.195   0.000  U2/U3/SEG_DATA_SIG<5>562 (N4074)
     MUXF5:I0->O           1   0.382   0.765  U2/U3/SEG_DATA_SIG<5>56_f5 (U2/U3/SEG_DATA_SIG<5>_map74)
     LUT4:I0->O            1   0.195   0.534  U2/U3/SEG_DATA_SIG<5>67 (SEG_DATA_5_OBUF)
     OBUF:I->O                 3.957          SEG_DATA_5_OBUF (SEG_DATA<5>)
    ----------------------------------------
    Total                      7.766ns (5.089ns logic, 2.677ns route)
                                       (65.5% logic, 34.5% route)

=========================================================================
CPU : 80.86 / 81.06 s | Elapsed : 81.00 / 81.00 s
 
--> 

Total memory usage is 430792 kilobytes

Number of errors   :    0 (   0 filtered)
Number of warnings :    6 (   0 filtered)
Number of infos    :    8 (   0 filtered)

