Release 9.1.03i Map J.33
Xilinx Mapping Report File for Design 'PCI_FPGA'

Design Information
------------------
Command Line   : C:\Xilinx91i\bin\nt\map.exe -ise
C:/project/ETRI_UWB/xilinx/PCI_FPGA.ise -intstyle ise -p xc4vlx60-ff668-10 -cm
area -pr b -k 4 -c 100 -o PCI_FPGA_map.ncd PCI_FPGA.ngd PCI_FPGA.pcf 
Target Device  : xc4vlx60
Target Package : ff668
Target Speed   : -10
Mapper Version : virtex4 -- $Revision: 1.36 $
Mapped Date    : Tue May 15 19:11:49 2007

Design Summary
--------------
Number of errors:      0
Number of warnings:    4
Logic Utilization:
  Number of Slice Flip Flops:          34 out of  53,248    1%
  Number of 4 input LUTs:               6 out of  53,248    1%
Logic Distribution:
  Number of occupied Slices:                           18 out of  26,624    1%
    Number of Slices containing only related logic:      18 out of      18  100%
    Number of Slices containing unrelated logic:          0 out of      18    0%
      *See NOTES below for an explanation of the effects of unrelated logic
Total Number of 4 input LUTs:             31 out of  53,248    1%
  Number used as logic:                  6
  Number used as a route-thru:          25
  Number of bonded IOBs:              196 out of     448   43%
  Number of BUFG/BUFGCTRLs:             1 out of      32    3%
    Number used as BUFGs:                1
    Number used as BUFGCTRLs:            0

Total equivalent gate count for design:  887
Additional JTAG gate count for IOBs:  9,408
Peak Memory Usage:  270 MB
Total REAL time to MAP completion:  16 secs 
Total CPU time to MAP completion:   14 secs 

NOTES:

   Related logic is defined as being logic that shares connectivity - e.g. two
   LUTs are "related" if they share common inputs.  When assembling slices,
   Map gives priority to combine logic that is related.  Doing so results in
   the best timing performance.

   Unrelated logic shares no connectivity.  Map will only begin packing
   unrelated logic into a slice once 99% of the slices are occupied through
   related logic packing.

   Note that once logic distribution reaches the 99% level through related
   logic packing, this does not mean the device is completely utilized.
   Unrelated logic packing will then begin, continuing until all usable LUTs
   and FFs are occupied.  Depending on your timing budget, increased levels of
   unrelated logic packing may adversely affect the overall timing performance
   of your design.

Table of Contents
-----------------
Section 1 - Errors
Section 2 - Warnings
Section 3 - Informational
Section 4 - Removed Logic Summary
Section 5 - Removed Logic
Section 6 - IOB Properties
Section 7 - RPMs
Section 8 - Guide Report
Section 9 - Area Group and Partition Summary
Section 10 - Modular Design Summary
Section 11 - Timing Report
Section 12 - Configuration String Information
Section 13 - Control Set Information

Section 1 - Errors
------------------

Section 2 - Warnings
--------------------
WARNING:LIT:243 - Logical network intaout_b_IBUF has no load.
WARNING:LIT:395 - The above warning message base_net_load_rule is repeated 1
   more times for the following (max. 5 shown):
   oe_req_IBUF
   To see the details of these warning messages, please use the -detail switch.
WARNING:PhysDesignRules:367 - The signal <oe_req_IBUF> is incomplete. The signal
   does not drive any load pins in the design.
WARNING:PhysDesignRules:367 - The signal <intaout_b_IBUF> is incomplete. The
   signal does not drive any load pins in the design.

Section 3 - Informational
-------------------------
INFO:MapLib:562 - No environment variables are currently set.
INFO:MapLib:797 - Your design is targeting LX/SX Production Step 0/1/ES devices.
   Please note that there are new specifications for the DCMs to guarantee
   maximum frequency performance. If the DCM input clock might stop or if the
   DCM reset might be asserted for an extended time, then use of the dcm_standby
   macro may be required. Please see Answer Record 21127.
INFO:LIT:244 - All of the single ended outputs in this design are using slew
   rate limited output drivers. The delay on speed critical single ended outputs
   can be dramatically reduced by designating them as fast outputs in the
   schematic.

Section 4 - Removed Logic Summary
---------------------------------
   2 block(s) optimized away

Section 5 - Removed Logic
-------------------------

Optimized Block(s):
TYPE 		BLOCK
GND 		XST_GND
VCC 		XST_VCC

To enable printing of redundant blocks removed and signals merged, set the
detailed map report option and rerun map.

Section 6 - IOB Properties
--------------------------

+----------------------------------------------------------------------------------------------------------------------------------------+
| IOB Name                           | Type             | Direction | IO Standard | Drive    | Slew | Reg (s)      | Resistor | IOB      |
|                                    |                  |           |             | Strength | Rate |              |          | Delay    |
+----------------------------------------------------------------------------------------------------------------------------------------+
| CLK33M                             | IOB              | INPUT     | LVCMOS25    |          |      |              |          |          |
| Clk                                | IOB              | INPUT     | LVCMOS25    |          |      |              |          |          |
| PCI_AD<0>                          | IOB              | BIDIR     | LVCMOS25    | 12       | SLOW |              |          |          |
| PCI_AD<1>                          | IOB              | BIDIR     | LVCMOS25    | 12       | SLOW |              |          |          |
| PCI_AD<2>                          | IOB              | BIDIR     | LVCMOS25    | 12       | SLOW |              |          |          |
| PCI_AD<3>                          | IOB              | BIDIR     | LVCMOS25    | 12       | SLOW |              |          |          |
| PCI_AD<4>                          | IOB              | BIDIR     | LVCMOS25    | 12       | SLOW |              |          |          |
| PCI_AD<5>                          | IOB              | BIDIR     | LVCMOS25    | 12       | SLOW |              |          |          |
| PCI_AD<6>                          | IOB              | BIDIR     | LVCMOS25    | 12       | SLOW |              |          |          |
| PCI_AD<7>                          | IOB              | BIDIR     | LVCMOS25    | 12       | SLOW |              |          |          |
| PCI_AD<8>                          | IOB              | BIDIR     | LVCMOS25    | 12       | SLOW |              |          |          |
| PCI_AD<9>                          | IOB              | BIDIR     | LVCMOS25    | 12       | SLOW |              |          |          |
| PCI_AD<10>                         | IOB              | BIDIR     | LVCMOS25    | 12       | SLOW |              |          |          |
| PCI_AD<11>                         | IOB              | BIDIR     | LVCMOS25    | 12       | SLOW |              |          |          |
| PCI_AD<12>                         | IOB              | BIDIR     | LVCMOS25    | 12       | SLOW |              |          |          |
| PCI_AD<13>                         | IOB              | BIDIR     | LVCMOS25    | 12       | SLOW |              |          |          |
| PCI_AD<14>                         | IOB              | BIDIR     | LVCMOS25    | 12       | SLOW |              |          |          |
| PCI_AD<15>                         | IOB              | BIDIR     | LVCMOS25    | 12       | SLOW |              |          |          |
| PCI_AD<16>                         | IOB              | BIDIR     | LVCMOS25    | 12       | SLOW |              |          |          |
| PCI_AD<17>                         | IOB              | BIDIR     | LVCMOS25    | 12       | SLOW |              |          |          |
| PCI_AD<18>                         | IOB              | BIDIR     | LVCMOS25    | 12       | SLOW |              |          |          |
| PCI_AD<19>                         | IOB              | BIDIR     | LVCMOS25    | 12       | SLOW |              |          |          |
| PCI_AD<20>                         | IOB              | BIDIR     | LVCMOS25    | 12       | SLOW |              |          |          |
| PCI_AD<21>                         | IOB              | BIDIR     | LVCMOS25    | 12       | SLOW |              |          |          |
| PCI_AD<22>                         | IOB              | BIDIR     | LVCMOS25    | 12       | SLOW |              |          |          |
| PCI_AD<23>                         | IOB              | BIDIR     | LVCMOS25    | 12       | SLOW |              |          |          |
| PCI_AD<24>                         | IOB              | BIDIR     | LVCMOS25    | 12       | SLOW |              |          |          |
| PCI_AD<25>                         | IOB              | BIDIR     | LVCMOS25    | 12       | SLOW |              |          |          |
| PCI_AD<26>                         | IOB              | BIDIR     | LVCMOS25    | 12       | SLOW |              |          |          |
| PCI_AD<27>                         | IOB              | BIDIR     | LVCMOS25    | 12       | SLOW |              |          |          |
| PCI_AD<28>                         | IOB              | BIDIR     | LVCMOS25    | 12       | SLOW |              |          |          |
| PCI_AD<29>                         | IOB              | BIDIR     | LVCMOS25    | 12       | SLOW |              |          |          |
| PCI_AD<30>                         | IOB              | BIDIR     | LVCMOS25    | 12       | SLOW |              |          |          |
| PCI_AD<31>                         | IOB              | BIDIR     | LVCMOS25    | 12       | SLOW |              |          |          |
| PCI_CBE<0>                         | IOB              | BIDIR     | LVCMOS25    | 12       | SLOW |              |          |          |
| PCI_CBE<1>                         | IOB              | BIDIR     | LVCMOS25    | 12       | SLOW |              |          |          |
| PCI_CBE<2>                         | IOB              | BIDIR     | LVCMOS25    | 12       | SLOW |              |          |          |
| PCI_CBE<3>                         | IOB              | BIDIR     | LVCMOS25    | 12       | SLOW |              |          |          |
| PCI_CLK<0>                         | IOB              | OUTPUT    | LVCMOS25    | 12       | SLOW |              |          |          |
| PCI_CLK<1>                         | IOB              | OUTPUT    | LVCMOS25    | 12       | SLOW |              |          |          |
| PCI_CLK<2>                         | IOB              | OUTPUT    | LVCMOS25    | 12       | SLOW |              |          |          |
| PCI_CLK<3>                         | IOB              | OUTPUT    | LVCMOS25    | 12       | SLOW |              |          |          |
| PCI_DEVSEL                         | IOB              | BIDIR     | LVCMOS25    | 12       | SLOW |              |          |          |
| PCI_FRAME                          | IOB              | BIDIR     | LVCMOS25    | 12       | SLOW |              |          |          |
| PCI_GNT<1>                         | IOB              | OUTPUT    | LVCMOS25    | 12       | SLOW |              |          |          |
| PCI_GNT<2>                         | IOB              | OUTPUT    | LVCMOS25    | 12       | SLOW |              |          |          |
| PCI_GNT<3>                         | IOB              | OUTPUT    | LVCMOS25    | 12       | SLOW |              |          |          |
| PCI_GNT<4>                         | IOB              | OUTPUT    | LVCMOS25    | 12       | SLOW |              |          |          |
| PCI_IDSEL<0>                       | IOB              | OUTPUT    | LVCMOS25    | 12       | SLOW |              |          |          |
| PCI_IDSEL<1>                       | IOB              | OUTPUT    | LVCMOS25    | 12       | SLOW |              |          |          |
| PCI_IDSEL<2>                       | IOB              | OUTPUT    | LVCMOS25    | 12       | SLOW |              |          |          |
| PCI_IDSEL<3>                       | IOB              | OUTPUT    | LVCMOS25    | 12       | SLOW |              |          |          |
| PCI_INTA                           | IOB              | INPUT     | LVCMOS25    |          |      |              |          |          |
| PCI_INTAb                          | IOB              | OUTPUT    | LVCMOS25    | 12       | SLOW |              |          |          |
| PCI_INTB                           | IOB              | INPUT     | LVCMOS25    |          |      |              |          |          |
| PCI_INTBb                          | IOB              | OUTPUT    | LVCMOS25    | 12       | SLOW |              |          |          |
| PCI_INTC                           | IOB              | INPUT     | LVCMOS25    |          |      |              |          |          |
| PCI_INTCb                          | IOB              | OUTPUT    | LVCMOS25    | 12       | SLOW |              |          |          |
| PCI_INTD                           | IOB              | INPUT     | LVCMOS25    |          |      |              |          |          |
| PCI_INTDb                          | IOB              | OUTPUT    | LVCMOS25    | 12       | SLOW |              |          |          |
| PCI_IRDY                           | IOB              | BIDIR     | LVCMOS25    | 12       | SLOW |              |          |          |
| PCI_PAR                            | IOB              | BIDIR     | LVCMOS25    | 12       | SLOW |              |          |          |
| PCI_PERR                           | IOB              | BIDIR     | LVCMOS25    | 12       | SLOW |              |          |          |
| PCI_REQ<1>                         | IOB              | INPUT     | LVCMOS25    |          |      |              |          |          |
| PCI_REQ<2>                         | IOB              | INPUT     | LVCMOS25    |          |      |              |          |          |
| PCI_REQ<3>                         | IOB              | INPUT     | LVCMOS25    |          |      |              |          |          |
| PCI_REQ<4>                         | IOB              | INPUT     | LVCMOS25    |          |      |              |          |          |
| PCI_RESET                          | IOB              | OUTPUT    | LVCMOS25    | 12       | SLOW |              |          |          |
| PCI_SERR                           | IOB              | OUTPUT    | LVCMOS25    | 12       | SLOW |              |          |          |
| PCI_STOP                           | IOB              | BIDIR     | LVCMOS25    | 12       | SLOW |              |          |          |
| PCI_TRDY                           | IOB              | BIDIR     | LVCMOS25    | 12       | SLOW |              |          |          |
| SevenSegComm<0>                    | IOB              | OUTPUT    | LVCMOS25    | 12       | SLOW |              |          |          |
| SevenSegComm<1>                    | IOB              | OUTPUT    | LVCMOS25    | 12       | SLOW |              |          |          |
| SevenSegComm<2>                    | IOB              | OUTPUT    | LVCMOS25    | 12       | SLOW |              |          |          |
| SevenSegComm<3>                    | IOB              | OUTPUT    | LVCMOS25    | 12       | SLOW |              |          |          |
| SevenSegCtrl<0>                    | IOB              | OUTPUT    | LVCMOS25    | 12       | SLOW |              |          |          |
| SevenSegCtrl<1>                    | IOB              | OUTPUT    | LVCMOS25    | 12       | SLOW |              |          |          |
| SevenSegCtrl<2>                    | IOB              | OUTPUT    | LVCMOS25    | 12       | SLOW |              |          |          |
| SevenSegCtrl<3>                    | IOB              | OUTPUT    | LVCMOS25    | 12       | SLOW |              |          |          |
| SevenSegCtrl<4>                    | IOB              | OUTPUT    | LVCMOS25    | 12       | SLOW |              |          |          |
| SevenSegCtrl<5>                    | IOB              | OUTPUT    | LVCMOS25    | 12       | SLOW |              |          |          |
| SevenSegCtrl<6>                    | IOB              | OUTPUT    | LVCMOS25    | 12       | SLOW |              |          |          |
| SevenSegCtrl<7>                    | IOB              | OUTPUT    | LVCMOS25    | 12       | SLOW |              |          |          |
| adin<0>                            | IOB              | OUTPUT    | LVCMOS25    | 12       | SLOW |              |          |          |
| adin<1>                            | IOB              | OUTPUT    | LVCMOS25    | 12       | SLOW |              |          |          |
| adin<2>                            | IOB              | OUTPUT    | LVCMOS25    | 12       | SLOW |              |          |          |
| adin<3>                            | IOB              | OUTPUT    | LVCMOS25    | 12       | SLOW |              |          |          |
| adin<4>                            | IOB              | OUTPUT    | LVCMOS25    | 12       | SLOW |              |          |          |
| adin<5>                            | IOB              | OUTPUT    | LVCMOS25    | 12       | SLOW |              |          |          |
| adin<6>                            | IOB              | OUTPUT    | LVCMOS25    | 12       | SLOW |              |          |          |
| adin<7>                            | IOB              | OUTPUT    | LVCMOS25    | 12       | SLOW |              |          |          |
| adin<8>                            | IOB              | OUTPUT    | LVCMOS25    | 12       | SLOW |              |          |          |
| adin<9>                            | IOB              | OUTPUT    | LVCMOS25    | 12       | SLOW |              |          |          |
| adin<10>                           | IOB              | OUTPUT    | LVCMOS25    | 12       | SLOW |              |          |          |
| adin<11>                           | IOB              | OUTPUT    | LVCMOS25    | 12       | SLOW |              |          |          |
| adin<12>                           | IOB              | OUTPUT    | LVCMOS25    | 12       | SLOW |              |          |          |
| adin<13>                           | IOB              | OUTPUT    | LVCMOS25    | 12       | SLOW |              |          |          |
| adin<14>                           | IOB              | OUTPUT    | LVCMOS25    | 12       | SLOW |              |          |          |
| adin<15>                           | IOB              | OUTPUT    | LVCMOS25    | 12       | SLOW |              |          |          |
| adin<16>                           | IOB              | OUTPUT    | LVCMOS25    | 12       | SLOW |              |          |          |
| adin<17>                           | IOB              | OUTPUT    | LVCMOS25    | 12       | SLOW |              |          |          |
| adin<18>                           | IOB              | OUTPUT    | LVCMOS25    | 12       | SLOW |              |          |          |
| adin<19>                           | IOB              | OUTPUT    | LVCMOS25    | 12       | SLOW |              |          |          |
| adin<20>                           | IOB              | OUTPUT    | LVCMOS25    | 12       | SLOW |              |          |          |
| adin<21>                           | IOB              | OUTPUT    | LVCMOS25    | 12       | SLOW |              |          |          |
| adin<22>                           | IOB              | OUTPUT    | LVCMOS25    | 12       | SLOW |              |          |          |
| adin<23>                           | IOB              | OUTPUT    | LVCMOS25    | 12       | SLOW |              |          |          |
| adin<24>                           | IOB              | OUTPUT    | LVCMOS25    | 12       | SLOW |              |          |          |
| adin<25>                           | IOB              | OUTPUT    | LVCMOS25    | 12       | SLOW |              |          |          |
| adin<26>                           | IOB              | OUTPUT    | LVCMOS25    | 12       | SLOW |              |          |          |
| adin<27>                           | IOB              | OUTPUT    | LVCMOS25    | 12       | SLOW |              |          |          |
| adin<28>                           | IOB              | OUTPUT    | LVCMOS25    | 12       | SLOW |              |          |          |
| adin<29>                           | IOB              | OUTPUT    | LVCMOS25    | 12       | SLOW |              |          |          |
| adin<30>                           | IOB              | OUTPUT    | LVCMOS25    | 12       | SLOW |              |          |          |
| adin<31>                           | IOB              | OUTPUT    | LVCMOS25    | 12       | SLOW |              |          |          |
| adout<0>                           | IOB              | INPUT     | LVCMOS25    |          |      |              |          |          |
| adout<1>                           | IOB              | INPUT     | LVCMOS25    |          |      |              |          |          |
| adout<2>                           | IOB              | INPUT     | LVCMOS25    |          |      |              |          |          |
| adout<3>                           | IOB              | INPUT     | LVCMOS25    |          |      |              |          |          |
| adout<4>                           | IOB              | INPUT     | LVCMOS25    |          |      |              |          |          |
| adout<5>                           | IOB              | INPUT     | LVCMOS25    |          |      |              |          |          |
| adout<6>                           | IOB              | INPUT     | LVCMOS25    |          |      |              |          |          |
| adout<7>                           | IOB              | INPUT     | LVCMOS25    |          |      |              |          |          |
| adout<8>                           | IOB              | INPUT     | LVCMOS25    |          |      |              |          |          |
| adout<9>                           | IOB              | INPUT     | LVCMOS25    |          |      |              |          |          |
| adout<10>                          | IOB              | INPUT     | LVCMOS25    |          |      |              |          |          |
| adout<11>                          | IOB              | INPUT     | LVCMOS25    |          |      |              |          |          |
| adout<12>                          | IOB              | INPUT     | LVCMOS25    |          |      |              |          |          |
| adout<13>                          | IOB              | INPUT     | LVCMOS25    |          |      |              |          |          |
| adout<14>                          | IOB              | INPUT     | LVCMOS25    |          |      |              |          |          |
| adout<15>                          | IOB              | INPUT     | LVCMOS25    |          |      |              |          |          |
| adout<16>                          | IOB              | INPUT     | LVCMOS25    |          |      |              |          |          |
| adout<17>                          | IOB              | INPUT     | LVCMOS25    |          |      |              |          |          |
| adout<18>                          | IOB              | INPUT     | LVCMOS25    |          |      |              |          |          |
| adout<19>                          | IOB              | INPUT     | LVCMOS25    |          |      |              |          |          |
| adout<20>                          | IOB              | INPUT     | LVCMOS25    |          |      |              |          |          |
| adout<21>                          | IOB              | INPUT     | LVCMOS25    |          |      |              |          |          |
| adout<22>                          | IOB              | INPUT     | LVCMOS25    |          |      |              |          |          |
| adout<23>                          | IOB              | INPUT     | LVCMOS25    |          |      |              |          |          |
| adout<24>                          | IOB              | INPUT     | LVCMOS25    |          |      |              |          |          |
| adout<25>                          | IOB              | INPUT     | LVCMOS25    |          |      |              |          |          |
| adout<26>                          | IOB              | INPUT     | LVCMOS25    |          |      |              |          |          |
| adout<27>                          | IOB              | INPUT     | LVCMOS25    |          |      |              |          |          |
| adout<28>                          | IOB              | INPUT     | LVCMOS25    |          |      |              |          |          |
| adout<29>                          | IOB              | INPUT     | LVCMOS25    |          |      |              |          |          |
| adout<30>                          | IOB              | INPUT     | LVCMOS25    |          |      |              |          |          |
| adout<31>                          | IOB              | INPUT     | LVCMOS25    |          |      |              |          |          |
| arb_gnt_b<1>                       | IOB              | INPUT     | LVCMOS25    |          |      |              |          |          |
| arb_gnt_b<2>                       | IOB              | INPUT     | LVCMOS25    |          |      |              |          |          |
| arb_gnt_b<3>                       | IOB              | INPUT     | LVCMOS25    |          |      |              |          |          |
| arb_gnt_b<4>                       | IOB              | INPUT     | LVCMOS25    |          |      |              |          |          |
| arb_req_b<1>                       | IOB              | OUTPUT    | LVCMOS25    | 12       | SLOW |              |          |          |
| arb_req_b<2>                       | IOB              | OUTPUT    | LVCMOS25    | 12       | SLOW |              |          |          |
| arb_req_b<3>                       | IOB              | OUTPUT    | LVCMOS25    | 12       | SLOW |              |          |          |
| arb_req_b<4>                       | IOB              | OUTPUT    | LVCMOS25    | 12       | SLOW |              |          |          |
| cbein_b<0>                         | IOB              | OUTPUT    | LVCMOS25    | 12       | SLOW |              |          |          |
| cbein_b<1>                         | IOB              | OUTPUT    | LVCMOS25    | 12       | SLOW |              |          |          |
| cbein_b<2>                         | IOB              | OUTPUT    | LVCMOS25    | 12       | SLOW |              |          |          |
| cbein_b<3>                         | IOB              | OUTPUT    | LVCMOS25    | 12       | SLOW |              |          |          |
| cbeout_b<0>                        | IOB              | INPUT     | LVCMOS25    |          |      |              |          |          |
| cbeout_b<1>                        | IOB              | INPUT     | LVCMOS25    |          |      |              |          |          |
| cbeout_b<2>                        | IOB              | INPUT     | LVCMOS25    |          |      |              |          |          |
| cbeout_b<3>                        | IOB              | INPUT     | LVCMOS25    |          |      |              |          |          |
| devselin_b                         | IOB              | OUTPUT    | LVCMOS25    | 12       | SLOW |              |          |          |
| devselout_b                        | IOB              | INPUT     | LVCMOS25    |          |      |              |          |          |
| framein_b                          | IOB              | OUTPUT    | LVCMOS25    | 12       | SLOW |              |          |          |
| frameout_b                         | IOB              | INPUT     | LVCMOS25    |          |      |              |          |          |
| idsel                              | IOB              | OUTPUT    | LVCMOS25    | 12       | SLOW |              |          |          |
| intaout_b                          | IOB              | INPUT     | LVCMOS25    |          |      |              |          |          |
| irdyin_b                           | IOB              | OUTPUT    | LVCMOS25    | 12       | SLOW |              |          |          |
| irdyout_b                          | IOB              | INPUT     | LVCMOS25    |          |      |              |          |          |
| led<0>                             | IOB              | OUTPUT    | LVCMOS25    | 12       | SLOW |              |          |          |
| led<1>                             | IOB              | OUTPUT    | LVCMOS25    | 12       | SLOW |              |          |          |
| led<2>                             | IOB              | OUTPUT    | LVCMOS25    | 12       | SLOW |              |          |          |
| led<3>                             | IOB              | OUTPUT    | LVCMOS25    | 12       | SLOW |              |          |          |
| nRESET                             | IOB              | INPUT     | LVCMOS25    |          |      |              |          |          |
| nRst                               | IOB              | INPUT     | LVCMOS25    |          |      |              |          |          |
| oe_ad                              | IOB              | INPUT     | LVCMOS25    |          |      |              |          |          |
| oe_cbe                             | IOB              | INPUT     | LVCMOS25    |          |      |              |          |          |
| oe_devsel                          | IOB              | INPUT     | LVCMOS25    |          |      |              |          |          |
| oe_frame                           | IOB              | INPUT     | LVCMOS25    |          |      |              |          |          |
| oe_irdy                            | IOB              | INPUT     | LVCMOS25    |          |      |              |          |          |
| oe_par                             | IOB              | INPUT     | LVCMOS25    |          |      |              |          |          |
| oe_perr                            | IOB              | INPUT     | LVCMOS25    |          |      |              |          |          |
| oe_req                             | IOB              | INPUT     | LVCMOS25    |          |      |              |          |          |
| oe_stop                            | IOB              | INPUT     | LVCMOS25    |          |      |              |          |          |
| oe_trdy                            | IOB              | INPUT     | LVCMOS25    |          |      |              |          |          |
| parin                              | IOB              | OUTPUT    | LVCMOS25    | 12       | SLOW |              |          |          |
| parout                             | IOB              | INPUT     | LVCMOS25    |          |      |              |          |          |
| perrin_b                           | IOB              | OUTPUT    | LVCMOS25    | 12       | SLOW |              |          |          |
| perrout_b                          | IOB              | INPUT     | LVCMOS25    |          |      |              |          |          |
| serrout_b                          | IOB              | INPUT     | LVCMOS25    |          |      |              |          |          |
| stopin_b                           | IOB              | OUTPUT    | LVCMOS25    | 12       | SLOW |              |          |          |
| stopout_b                          | IOB              | INPUT     | LVCMOS25    |          |      |              |          |          |
| trdyin_b                           | IOB              | OUTPUT    | LVCMOS25    | 12       | SLOW |              |          |          |
| trdyout_b                          | IOB              | INPUT     | LVCMOS25    |          |      |              |          |          |
+----------------------------------------------------------------------------------------------------------------------------------------+

Section 7 - RPMs
----------------

Section 8 - Guide Report
------------------------
Guide not run on this design.

Section 9 - Area Group and Partition Summary
--------------------------------------------

Partition Implementation Status
-------------------------------

  No Partitions were found in this design.

-------------------------------

Area Group Information
----------------------

  No area groups were found in this design.


----------------------

Section 10 - Modular Design Summary
-----------------------------------
Modular Design not used for this design.

Section 11 - Timing Report
--------------------------
This design was not run using timing mode.

Section 12 - Configuration String Details
-----------------------------------------
Use the "-detail" map option to print out Configuration Strings

Section 13 - Control Set Information
------------------------------------
No control set information for this architecture.
