--------------------------------------------------------------------------------
Release 9.1.03i Trace 
Copyright (c) 1995-2007 Xilinx, Inc.  All rights reserved.

C:\Xilinx91i\bin\nt\trce.exe -ise C:/project/ETRI_UWB/xilinx/PCI_FPGA.ise
-intstyle ise -e 3 -s 10 -xml PCI_FPGA PCI_FPGA.ncd -o PCI_FPGA.twr
PCI_FPGA.pcf -ucf PCI_FPGA.ucf

Design file:              pci_fpga.ncd
Physical constraint file: pci_fpga.pcf
Device,package,speed:     xc4vlx60,ff668,-10 (PRODUCTION 1.64 2007-03-08, STEPPING level 1)
Report level:             error report

Environment Variable      Effect 
--------------------      ------ 
NONE                      No environment variables were set
--------------------------------------------------------------------------------

INFO:Timing:2698 - No timing constraints found, doing default enumeration.
INFO:Timing:2752 - To get complete path coverage, use the unconstrained paths 
   option. All paths that are not constrained will be reported in the 
   unconstrained paths section(s) of the report.
INFO:Timing:3339 - The clock-to-out numbers in this timing report are based on 
   a 50 Ohm transmission line loading model.  For the details of this model, 
   and for more information on accounting for different loading conditions, 
   please see the device datasheet.



Data Sheet report:
-----------------
All values displayed in nanoseconds (ns)

Clock Clk to Pad
---------------+------------+------------------+--------+
               | clk (edge) |                  | Clock  |
Destination    |   to PAD   |Internal Clock(s) | Phase  |
---------------+------------+------------------+--------+
SevenSegComm<0>|   11.372(R)|Clk_BUFGP         |   0.000|
SevenSegComm<1>|   11.321(R)|Clk_BUFGP         |   0.000|
SevenSegComm<2>|   11.481(R)|Clk_BUFGP         |   0.000|
SevenSegComm<3>|   11.273(R)|Clk_BUFGP         |   0.000|
SevenSegCtrl<0>|   11.165(R)|Clk_BUFGP         |   0.000|
SevenSegCtrl<1>|   10.881(R)|Clk_BUFGP         |   0.000|
SevenSegCtrl<2>|   10.718(R)|Clk_BUFGP         |   0.000|
SevenSegCtrl<3>|   11.087(R)|Clk_BUFGP         |   0.000|
SevenSegCtrl<4>|   10.724(R)|Clk_BUFGP         |   0.000|
SevenSegCtrl<5>|   10.556(R)|Clk_BUFGP         |   0.000|
SevenSegCtrl<6>|   10.561(R)|Clk_BUFGP         |   0.000|
led<0>         |   10.663(R)|Clk_BUFGP         |   0.000|
led<1>         |   10.929(R)|Clk_BUFGP         |   0.000|
led<2>         |   10.814(R)|Clk_BUFGP         |   0.000|
led<3>         |   10.816(R)|Clk_BUFGP         |   0.000|
---------------+------------+------------------+--------+

Clock to Setup on destination clock Clk
---------------+---------+---------+---------+---------+
               | Src:Rise| Src:Fall| Src:Rise| Src:Fall|
Source Clock   |Dest:Rise|Dest:Rise|Dest:Fall|Dest:Fall|
---------------+---------+---------+---------+---------+
Clk            |    2.808|         |         |         |
---------------+---------+---------+---------+---------+

Pad to Pad
---------------+---------------+---------+
Source Pad     |Destination Pad|  Delay  |
---------------+---------------+---------+
CLK33M         |PCI_CLK<0>     |    9.696|
CLK33M         |PCI_CLK<1>     |    9.435|
CLK33M         |PCI_CLK<2>     |    9.333|
CLK33M         |PCI_CLK<3>     |    9.408|
PCI_AD<0>      |adin<0>        |    9.212|
PCI_AD<1>      |adin<1>        |    9.431|
PCI_AD<2>      |adin<2>        |    9.245|
PCI_AD<3>      |adin<3>        |    9.258|
PCI_AD<4>      |adin<4>        |   11.086|
PCI_AD<5>      |adin<5>        |    9.076|
PCI_AD<6>      |adin<6>        |   11.120|
PCI_AD<7>      |adin<7>        |    9.639|
PCI_AD<8>      |adin<8>        |    8.982|
PCI_AD<9>      |adin<9>        |    8.711|
PCI_AD<10>     |adin<10>       |   10.833|
PCI_AD<11>     |adin<11>       |    8.563|
PCI_AD<12>     |adin<12>       |    8.952|
PCI_AD<13>     |adin<13>       |    8.813|
PCI_AD<14>     |adin<14>       |    9.342|
PCI_AD<15>     |adin<15>       |    9.207|
PCI_AD<16>     |adin<16>       |    9.171|
PCI_AD<17>     |adin<17>       |   10.646|
PCI_AD<18>     |adin<18>       |    9.294|
PCI_AD<19>     |adin<19>       |   10.829|
PCI_AD<20>     |adin<20>       |    8.604|
PCI_AD<21>     |adin<21>       |    9.271|
PCI_AD<22>     |adin<22>       |    9.634|
PCI_AD<23>     |adin<23>       |   10.804|
PCI_AD<24>     |adin<24>       |    8.789|
PCI_AD<25>     |adin<25>       |   10.157|
PCI_AD<26>     |adin<26>       |    8.867|
PCI_AD<27>     |adin<27>       |    9.535|
PCI_AD<28>     |adin<28>       |    9.391|
PCI_AD<29>     |adin<29>       |   11.052|
PCI_AD<30>     |adin<30>       |   11.077|
PCI_AD<31>     |adin<31>       |    9.840|
PCI_CBE<0>     |cbein_b<0>     |   10.259|
PCI_CBE<1>     |cbein_b<1>     |    9.633|
PCI_CBE<2>     |cbein_b<2>     |   10.067|
PCI_CBE<3>     |cbein_b<3>     |    9.623|
PCI_DEVSEL     |devselin_b     |    9.358|
PCI_FRAME      |framein_b      |    9.586|
PCI_INTA       |PCI_INTAb      |    9.536|
PCI_INTB       |PCI_INTBb      |   11.049|
PCI_INTC       |PCI_INTCb      |   11.076|
PCI_INTD       |PCI_INTDb      |   10.014|
PCI_IRDY       |irdyin_b       |    9.956|
PCI_PAR        |parin          |    9.912|
PCI_PERR       |perrin_b       |    9.327|
PCI_REQ<1>     |arb_req_b<1>   |   10.325|
PCI_REQ<2>     |arb_req_b<2>   |    9.636|
PCI_REQ<3>     |arb_req_b<3>   |   10.572|
PCI_REQ<4>     |arb_req_b<4>   |    9.512|
PCI_STOP       |stopin_b       |    9.526|
PCI_TRDY       |trdyin_b       |    9.711|
adout<0>       |PCI_AD<0>      |    8.966|
adout<1>       |PCI_AD<1>      |    8.970|
adout<2>       |PCI_AD<2>      |    9.116|
adout<3>       |PCI_AD<3>      |    9.378|
adout<4>       |PCI_AD<4>      |    9.320|
adout<5>       |PCI_AD<5>      |    9.164|
adout<6>       |PCI_AD<6>      |    9.636|
adout<7>       |PCI_AD<7>      |    9.132|
adout<8>       |PCI_AD<8>      |    9.296|
adout<9>       |PCI_AD<9>      |    9.319|
adout<10>      |PCI_AD<10>     |    9.384|
adout<11>      |PCI_AD<11>     |    9.849|
adout<11>      |idsel          |    8.575|
adout<12>      |PCI_AD<12>     |    9.864|
adout<12>      |PCI_IDSEL<0>   |   12.664|
adout<13>      |PCI_AD<13>     |   10.044|
adout<13>      |PCI_IDSEL<1>   |   12.937|
adout<14>      |PCI_AD<14>     |   10.014|
adout<14>      |PCI_IDSEL<2>   |   13.360|
adout<15>      |PCI_AD<15>     |   10.420|
adout<15>      |PCI_IDSEL<3>   |   13.399|
adout<16>      |PCI_AD<16>     |    9.645|
adout<17>      |PCI_AD<17>     |   10.480|
adout<18>      |PCI_AD<18>     |    9.858|
adout<19>      |PCI_AD<19>     |    9.625|
adout<20>      |PCI_AD<20>     |    9.797|
adout<21>      |PCI_AD<21>     |    9.818|
adout<22>      |PCI_AD<22>     |   10.111|
adout<23>      |PCI_AD<23>     |    9.843|
adout<24>      |PCI_AD<24>     |    9.840|
adout<25>      |PCI_AD<25>     |    9.852|
adout<26>      |PCI_AD<26>     |   10.024|
adout<27>      |PCI_AD<27>     |   10.404|
adout<28>      |PCI_AD<28>     |   10.303|
adout<29>      |PCI_AD<29>     |   10.963|
adout<30>      |PCI_AD<30>     |   10.335|
adout<31>      |PCI_AD<31>     |   11.066|
arb_gnt_b<1>   |PCI_GNT<1>     |   10.692|
arb_gnt_b<2>   |PCI_GNT<2>     |   10.564|
arb_gnt_b<3>   |PCI_GNT<3>     |   10.536|
arb_gnt_b<4>   |PCI_GNT<4>     |   11.047|
cbeout_b<0>    |PCI_CBE<0>     |   10.563|
cbeout_b<1>    |PCI_CBE<1>     |   10.536|
cbeout_b<2>    |PCI_CBE<2>     |   10.525|
cbeout_b<3>    |PCI_CBE<3>     |   10.795|
devselout_b    |PCI_DEVSEL     |   10.825|
frameout_b     |PCI_FRAME      |   10.845|
irdyout_b      |PCI_IRDY       |   10.307|
nRESET         |PCI_RESET      |    9.025|
oe_ad          |PCI_AD<0>      |   12.297|
oe_ad          |PCI_AD<1>      |   12.292|
oe_ad          |PCI_AD<2>      |   12.340|
oe_ad          |PCI_AD<3>      |   12.332|
oe_ad          |PCI_AD<4>      |   12.351|
oe_ad          |PCI_AD<5>      |   12.342|
oe_ad          |PCI_AD<6>      |   12.341|
oe_ad          |PCI_AD<7>      |   12.329|
oe_ad          |PCI_AD<8>      |   12.338|
oe_ad          |PCI_AD<9>      |   12.337|
oe_ad          |PCI_AD<10>     |   12.387|
oe_ad          |PCI_AD<11>     |   12.378|
oe_ad          |PCI_AD<12>     |   12.518|
oe_ad          |PCI_AD<13>     |   12.508|
oe_ad          |PCI_AD<14>     |   12.588|
oe_ad          |PCI_AD<15>     |   12.592|
oe_ad          |PCI_AD<16>     |   12.596|
oe_ad          |PCI_AD<17>     |   12.587|
oe_ad          |PCI_AD<18>     |   12.777|
oe_ad          |PCI_AD<19>     |   12.781|
oe_ad          |PCI_AD<20>     |   12.787|
oe_ad          |PCI_AD<21>     |   12.790|
oe_ad          |PCI_AD<22>     |   12.680|
oe_ad          |PCI_AD<23>     |   12.681|
oe_ad          |PCI_AD<24>     |   12.684|
oe_ad          |PCI_AD<25>     |   12.682|
oe_ad          |PCI_AD<26>     |   12.935|
oe_ad          |PCI_AD<27>     |   12.938|
oe_ad          |PCI_AD<28>     |   12.943|
oe_ad          |PCI_AD<29>     |   12.937|
oe_ad          |PCI_AD<30>     |   13.119|
oe_ad          |PCI_AD<31>     |   13.110|
oe_cbe         |PCI_CBE<0>     |   10.145|
oe_cbe         |PCI_CBE<1>     |   10.146|
oe_cbe         |PCI_CBE<2>     |   10.158|
oe_cbe         |PCI_CBE<3>     |   10.156|
oe_devsel      |PCI_DEVSEL     |   10.097|
oe_frame       |PCI_FRAME      |   10.328|
oe_irdy        |PCI_IRDY       |   10.030|
oe_par         |PCI_PAR        |    9.896|
oe_perr        |PCI_PERR       |   10.087|
oe_stop        |PCI_STOP       |   10.035|
oe_trdy        |PCI_TRDY       |   10.240|
parout         |PCI_PAR        |    9.892|
perrout_b      |PCI_PERR       |   10.594|
serrout_b      |PCI_SERR       |   10.582|
stopout_b      |PCI_STOP       |   10.282|
trdyout_b      |PCI_TRDY       |   10.348|
---------------+---------------+---------+


Analysis completed Tue May 15 19:12:41 2007 
--------------------------------------------------------------------------------

Trace Settings:
-------------------------
Trace Settings 

Peak Memory Usage: 291 MB



