a global/ 0K
a global/tictalk_ahb/ 0K
a global/tictalk_ahb/vhdl/ 0K
a global/tictalk_ahb/vhdl/common/ 0K
a global/tictalk_ahb/vhdl/common/Conv.vhd 4K
a global/tictalk_ahb/vhdl/sys/ 0K
a global/tictalk_ahb/vhdl/sys/TIC.vhd 28K
a global/tictalk_ahb/vhdl/sys/SMI.vhd 15K
a global/tictalk_ahb/vhdl/sys/DefaultSlave.vhd 5K
a global/tictalk_ahb/vhdl/sys/Arbiter.vhd 26K
a global/tictalk_ahb/vhdl/sys/ResCntl.vhd 5K
a global/tictalk_ahb/vhdl/sys/MuxM2S.vhd 9K
a global/tictalk_ahb/vhdl/sys/RemPause.vhd 9K
a global/tictalk_ahb/vhdl/sys/MuxS2M.vhd 7K
a global/tictalk_ahb/vhdl/sys/APBif.vhd 19K
a global/tictalk_ahb/vhdl/sys/Decoder.vhd 4K
a global/tictalk_ahb/vhdl/sys/MuxP2B.vhd 4K
a global/tictalk_ahb/vhdl/ticbox/ 0K
a global/tictalk_ahb/vhdl/ticbox/Ticbox.vhd 20K
a global/tictalk_asb/ 0K
a global/tictalk_asb/vhdl/ 0K
a global/tictalk_asb/vhdl/common/ 0K
a global/tictalk_asb/vhdl/common/defs.vhd 5K
a global/tictalk_asb/vhdl/common/params.vhd 4K
a global/tictalk_asb/vhdl/sys/ 0K
a global/tictalk_asb/vhdl/sys/tic.vhd 32K
a global/tictalk_asb/vhdl/sys/buswatch.vhd 12K
a global/tictalk_asb/vhdl/sys/decoder_mindec.vhd 10K
a global/tictalk_asb/vhdl/sys/apbif.vhd 18K
a global/tictalk_asb/vhdl/sys/arbiter.vhd 8K
a global/tictalk_asb/vhdl/sys/rem_pause.vhd 7K
a global/tictalk_asb/vhdl/sys/res_cntl.vhd 4K
a global/tictalk_asb/vhdl/sys/apbmux.vhd 2K
a global/tictalk_asb/vhdl/sys/decoder.vhd 13K
a global/tictalk_asb/vhdl/sys/buswatch_params.vhd 2K
a global/modelsim/ 0K
a global/modelsim/libmap 2K
a global/modelsim/init.do 1K
a global/modelsim/modelsim.ini 3K
a global/modelsim/SimMakefile.mk 6K
a global/modelsim/DirMakefile.mk 2K
a global/modelsim/modelsim_tictalk.ini 3K
a global/modelsim/modelsim_bustalk.ini 3K
a global/modelsim/DirSimMakefile.mk 3K
a global/modelsim/RtlMakefile.mk 3K
a uart_pl011/ 0K
a uart_pl011/integration/ 0K
a uart_pl011/integration/makefile 2K
a uart_pl011/integration/vhdl/ 0K
a uart_pl011/integration/vhdl/chip/ 0K
a uart_pl011/integration/vhdl/chip/makefile 2K
a uart_pl011/integration/vhdl/chip/EASY.vhd 34K
a uart_pl011/integration/vhdl/chip/RPS.vhd 14K
a uart_pl011/integration/vhdl/common/ 0K
a uart_pl011/integration/vhdl/common/makefile 1K
a uart_pl011/integration/vhdl/sys/ 0K
a uart_pl011/integration/vhdl/sys/makefile 1K
a uart_pl011/integration/vhdl/tbench/ 0K
a uart_pl011/integration/vhdl/tbench/makefile 2K
a uart_pl011/integration/vhdl/tbench/README 3K
a uart_pl011/integration/vhdl/tbench/tbench.vhd 11K
a uart_pl011/integration/vhdl/trickbox/ 0K
a uart_pl011/integration/vhdl/trickbox/makefile 2K
a uart_pl011/integration/vhdl/trickbox/UartTrIntLB.vhd 4K
a uart_pl011/integration/vhdl/Uart_rtl/ 0K
a uart_pl011/integration/vhdl/Uart_rtl/Uart_rtl_modelsim.log 11K
a uart_pl011/integration/vhdl/ticbox/ 0K
a uart_pl011/integration/vhdl/ticbox/makefile 1K
a uart_pl011/integration/vhdl/Uart_noscan_vhdl_net_max/ 0K
a uart_pl011/integration/vhdl/Uart_noscan_vhdl_net_min/ 0K
a uart_pl011/integration/vhdl/Uart_noscan_vhdl_net_typ/ 0K
a uart_pl011/integration/vhdl/Uart_scaninsert_vhdl_net_max/ 0K
a uart_pl011/integration/vhdl/Uart_scaninsert_vhdl_net_max/Uart_scaninsert_vhdl_net_max_modelsim.log 15K
a uart_pl011/integration/vhdl/Uart_scaninsert_vhdl_net_min/ 0K
a uart_pl011/integration/vhdl/Uart_scaninsert_vhdl_net_typ/ 0K
a uart_pl011/integration/vhdl/Uart_scanready_vhdl_net_max/ 0K
a uart_pl011/integration/vhdl/Uart_scanready_vhdl_net_min/ 0K
a uart_pl011/integration/vhdl/Uart_scanready_vhdl_net_typ/ 0K
a uart_pl011/integration/vhdl/makefile 2K
