--------------------------------------------------------------------------------
Release  Trace 
Copyright (c) 1995-2006 Xilinx, Inc.  All rights reserved.

D:\Xilinx\bin\nt\trce.exe -ise E:/ENCODER/AC97_CONTROLLER/AC97_CONTROLLER.ise
-intstyle ise -e 3 -l 3 -s 10 -xml AC97_CONTROLLER AC97_CONTROLLER.ncd -o
AC97_CONTROLLER.twr AC97_CONTROLLER.pcf -ucf AC97_CONTROLLER.ucf

Design file:              ac97_controller.ncd
Physical constraint file: ac97_controller.pcf
Device,speed:             xc4vlx200,-10 (PRODUCTION 1.60 2006-05-03, STEPPING level 1)
Report level:             error report

Environment Variable      Effect 
--------------------      ------ 
NONE                      No environment variables were set
--------------------------------------------------------------------------------

INFO:Timing:2698 - No timing constraints found, doing default enumeration.
INFO:Timing:2752 - To get complete path coverage, use the unconstrained paths 
   option. All paths that are not constrained will be reported in the 
   unconstrained paths section(s) of the report.



Data Sheet report:
-----------------
All values displayed in nanoseconds (ns)

Setup/Hold to clock CLOCK_54
------------+------------+------------+------------------+--------+
            |  Setup to  |  Hold to   |                  | Clock  |
Source      | clk (edge) | clk (edge) |Internal Clock(s) | Phase  |
------------+------------+------------+------------------+--------+
AC97_BIT_CLK|    3.361(R)|    0.517(R)|CLOCK_54_BUFGP    |   0.000|
------------+------------+------------+------------------+--------+

Pad to Pad
---------------+---------------+---------+
Source Pad     |Destination Pad|  Delay  |
---------------+---------------+---------+
SW1            |AC97_SYNC      |    9.101|
nRESET         |AC97_DATA_O    |   10.627|
nRESET         |AC97_nRESET    |   11.112|
---------------+---------------+---------+


Analysis completed Wed Jan 03 11:36:31 2007
--------------------------------------------------------------------------------

Trace Settings:
-------------------------
Trace Settings 

Peak Memory Usage: 388 MB



