Analysis & Synthesis report for arm_top
Fri Dec 02 17:24:16 2005
Version 4.2 Build 157 12/07/2004 SJ Full Version


---------------------
; Table of Contents ;
---------------------
  1. Legal Notice
  2. Analysis & Synthesis Summary
  3. Analysis & Synthesis Settings
  4. State Machine - |arm_top|alu_slave4:inst|key_state:key_state|DATA_REG
  5. State Machine - |arm_top|alu_slave4:inst|key_state:key_state|PLD_STATE
  6. State Machine - |arm_top|alu_slave4:inst|ahb_slave_sm2:ahb_slave_sm2|slave_state
  7. Hierarchy
  8. Analysis & Synthesis Resource Utilization by Entity
  9. Analysis & Synthesis Equations
 10. Analysis & Synthesis Source Files Read
 11. Analysis & Synthesis Resource Usage Summary
 12. WYSIWYG Cells
 13. General Register Statistics
 14. Inverted Register Statistics
 15. Analysis & Synthesis Messages



----------------
; Legal Notice ;
----------------
Copyright (C) 1991-2004 Altera Corporation
Any  megafunction  design,  and related netlist (encrypted  or  decrypted),
support information,  device programming or simulation file,  and any other
associated  documentation or information  provided by  Altera  or a partner
under  Altera's   Megafunction   Partnership   Program  may  be  used  only
to program  PLD  devices (but not masked  PLD  devices) from  Altera.   Any
other  use  of such  megafunction  design,  netlist,  support  information,
device programming or simulation file,  or any other  related documentation
or information  is prohibited  for  any  other purpose,  including, but not
limited to  modification,  reverse engineering,  de-compiling, or use  with
any other  silicon devices,  unless such use is  explicitly  licensed under
a separate agreement with  Altera  or a megafunction partner.  Title to the
intellectual property,  including patents,  copyrights,  trademarks,  trade
secrets,  or maskworks,  embodied in any such megafunction design, netlist,
support  information,  device programming or simulation file,  or any other
related documentation or information provided by  Altera  or a megafunction
partner, remains with Altera, the megafunction partner, or their respective
licensors. No other licenses, including any licenses needed under any third
party's intellectual property, are provided herein.



+------------------------------------------------------------------------+
; Analysis & Synthesis Summary                                           ;
+-----------------------------+------------------------------------------+
; Analysis & Synthesis Status ; Successful - Fri Dec 02 17:24:16 2005    ;
; Quartus II Version          ; 4.2 Build 157 12/07/2004 SJ Full Version ;
; Revision Name               ; arm_top                                  ;
; Top-level Entity Name       ; arm_top                                  ;
; Family                      ; EXCALIBUR_ARM                            ;
; Total logic elements        ; 31                                       ;
; Total pins                  ; 176                                      ;
; Total virtual pins          ; 0                                        ;
; Total memory bits           ; 0                                        ;
; Total PLLs                  ; 0                                        ;
+-----------------------------+------------------------------------------+


+----------------------------------------------------------------------------------------------------------------------------+
; Analysis & Synthesis Settings                                                                                              ;
+--------------------------------------------------------------------------------------------+---------------+---------------+
; Option                                                                                     ; Setting       ; Default Value ;
+--------------------------------------------------------------------------------------------+---------------+---------------+
; Device                                                                                     ; EPXA10F1020C2 ;               ;
; Family name                                                                                ; EXCALIBUR_ARM ; Stratix       ;
; Use smart compilation                                                                      ; Normal        ; Normal        ;
; Create Debugging Nodes for IP Cores                                                        ; off           ; off           ;
; Preserve fewer node names                                                                  ; On            ; On            ;
; Disable OpenCore Plus hardware evaluation                                                  ; Off           ; Off           ;
; Verilog Version                                                                            ; Verilog_2001  ; Verilog_2001  ;
; VHDL Version                                                                               ; VHDL93        ; VHDL93        ;
; Top-level entity name                                                                      ; arm_top       ; arm_top       ;
; State Machine Processing                                                                   ; Auto          ; Auto          ;
; Extract Verilog State Machines                                                             ; On            ; On            ;
; Extract VHDL State Machines                                                                ; On            ; On            ;
; NOT Gate Push-Back                                                                         ; On            ; On            ;
; Power-Up Don't Care                                                                        ; On            ; On            ;
; Remove Redundant Logic Cells                                                               ; Off           ; Off           ;
; Remove Duplicate Registers                                                                 ; On            ; On            ;
; Ignore CARRY Buffers                                                                       ; Off           ; Off           ;
; Ignore CASCADE Buffers                                                                     ; Off           ; Off           ;
; Ignore GLOBAL Buffers                                                                      ; Off           ; Off           ;
; Ignore ROW GLOBAL Buffers                                                                  ; Off           ; Off           ;
; Ignore LCELL Buffers                                                                       ; Off           ; Off           ;
; Ignore SOFT Buffers                                                                        ; On            ; On            ;
; Limit AHDL Integers to 32 Bits                                                             ; Off           ; Off           ;
; Auto Implement in ROM                                                                      ; Off           ; Off           ;
; Technology Mapper -- APEX 20K/APEX 20KE/APEX 20KC/APEX II/ARM-based Excalibur              ; LUT           ; LUT           ;
; Optimization Technique -- APEX 20K/APEX 20KE/APEX 20KC/APEX II/ARM-based Excalibur         ; Balanced      ; Balanced      ;
; Allow XOR Gate Usage                                                                       ; On            ; On            ;
; Carry Chain Length                                                                         ; 48            ; 48            ;
; Cascade Chain Length                                                                       ; 2             ; 2             ;
; Parallel Expander Chain Length -- APEX 20K/APEX 20KE/APEX 20KC/APEX II/ARM-based Excalibur ; 16            ; 16            ;
; Auto Carry Chains                                                                          ; On            ; On            ;
; Auto Parallel Expanders                                                                    ; On            ; On            ;
; Auto Open-Drain Pins                                                                       ; On            ; On            ;
; Remove Duplicate Logic                                                                     ; On            ; On            ;
; Perform WYSIWYG Primitive Resynthesis                                                      ; Off           ; Off           ;
; Perform gate-level register retiming                                                       ; Off           ; Off           ;
; Allow register retiming to trade off Tsu/Tco with Fmax                                     ; On            ; On            ;
; Auto ROM Replacement                                                                       ; On            ; On            ;
; Auto RAM Replacement                                                                       ; On            ; On            ;
; Auto Clock Enable Replacement                                                              ; On            ; On            ;
; Auto Resource Sharing                                                                      ; Off           ; Off           ;
; Allow Any RAM Size For Recognition                                                         ; Off           ; Off           ;
; Allow Any ROM Size For Recognition                                                         ; Off           ; Off           ;
; Allow Any Shift Register Size For Recognition                                              ; Off           ; Off           ;
+--------------------------------------------------------------------------------------------+---------------+---------------+


+---------------------------------------------------------------------------------------------------------------------------------------------------------------------------------------------------------------------------------------------------------------------------------------+
; State Machine - |arm_top|alu_slave4:inst|key_state:key_state|DATA_REG                                                                                                                                                                                                                 ;
+-------------------+-------------------+-------------------+-------------------+-------------------+-------------------+-------------------+-------------------+-------------------+-------------------+-------------------+-------------------+-------------------+-------------------+
; Name              ; DATA_REG.00100011 ; DATA_REG.00110001 ; DATA_REG.00110010 ; DATA_REG.00110011 ; DATA_REG.00110100 ; DATA_REG.00110101 ; DATA_REG.00110110 ; DATA_REG.00110111 ; DATA_REG.00111000 ; DATA_REG.00111001 ; DATA_REG.00110000 ; DATA_REG.00101010 ; DATA_REG.00000000 ;
+-------------------+-------------------+-------------------+-------------------+-------------------+-------------------+-------------------+-------------------+-------------------+-------------------+-------------------+-------------------+-------------------+-------------------+
; DATA_REG.00000000 ; 0                 ; 0                 ; 0                 ; 0                 ; 0                 ; 0                 ; 0                 ; 0                 ; 0                 ; 0                 ; 0                 ; 0                 ; 0                 ;
; DATA_REG.00101010 ; 0                 ; 0                 ; 0                 ; 0                 ; 0                 ; 0                 ; 0                 ; 0                 ; 0                 ; 0                 ; 0                 ; 1                 ; 1                 ;
; DATA_REG.00110000 ; 0                 ; 0                 ; 0                 ; 0                 ; 0                 ; 0                 ; 0                 ; 0                 ; 0                 ; 0                 ; 1                 ; 0                 ; 1                 ;
; DATA_REG.00111001 ; 0                 ; 0                 ; 0                 ; 0                 ; 0                 ; 0                 ; 0                 ; 0                 ; 0                 ; 1                 ; 0                 ; 0                 ; 1                 ;
; DATA_REG.00111000 ; 0                 ; 0                 ; 0                 ; 0                 ; 0                 ; 0                 ; 0                 ; 0                 ; 1                 ; 0                 ; 0                 ; 0                 ; 1                 ;
; DATA_REG.00110111 ; 0                 ; 0                 ; 0                 ; 0                 ; 0                 ; 0                 ; 0                 ; 1                 ; 0                 ; 0                 ; 0                 ; 0                 ; 1                 ;
; DATA_REG.00110110 ; 0                 ; 0                 ; 0                 ; 0                 ; 0                 ; 0                 ; 1                 ; 0                 ; 0                 ; 0                 ; 0                 ; 0                 ; 1                 ;
; DATA_REG.00110101 ; 0                 ; 0                 ; 0                 ; 0                 ; 0                 ; 1                 ; 0                 ; 0                 ; 0                 ; 0                 ; 0                 ; 0                 ; 1                 ;
; DATA_REG.00110100 ; 0                 ; 0                 ; 0                 ; 0                 ; 1                 ; 0                 ; 0                 ; 0                 ; 0                 ; 0                 ; 0                 ; 0                 ; 1                 ;
; DATA_REG.00110011 ; 0                 ; 0                 ; 0                 ; 1                 ; 0                 ; 0                 ; 0                 ; 0                 ; 0                 ; 0                 ; 0                 ; 0                 ; 1                 ;
; DATA_REG.00110010 ; 0                 ; 0                 ; 1                 ; 0                 ; 0                 ; 0                 ; 0                 ; 0                 ; 0                 ; 0                 ; 0                 ; 0                 ; 1                 ;
; DATA_REG.00110001 ; 0                 ; 1                 ; 0                 ; 0                 ; 0                 ; 0                 ; 0                 ; 0                 ; 0                 ; 0                 ; 0                 ; 0                 ; 1                 ;
; DATA_REG.00100011 ; 1                 ; 0                 ; 0                 ; 0                 ; 0                 ; 0                 ; 0                 ; 0                 ; 0                 ; 0                 ; 0                 ; 0                 ; 1                 ;
+-------------------+-------------------+-------------------+-------------------+-------------------+-------------------+-------------------+-------------------+-------------------+-------------------+-------------------+-------------------+-------------------+-------------------+


+-------------------------------------------------------------------------------------------------------------------------------------+
; State Machine - |arm_top|alu_slave4:inst|key_state:key_state|PLD_STATE                                                              ;
+-----------------------+----------------------+----------------------+----------------------+----------------+-----------------------+
; Name                  ; PLD_STATE.DATA_PHASE ; PLD_STATE.WAIT_STATE ; PLD_STATE.READ_STATE ; PLD_STATE.IDLE ; PLD_STATE.WAIT_STATE2 ;
+-----------------------+----------------------+----------------------+----------------------+----------------+-----------------------+
; PLD_STATE.IDLE        ; 0                    ; 0                    ; 0                    ; 0              ; 0                     ;
; PLD_STATE.READ_STATE  ; 0                    ; 0                    ; 1                    ; 1              ; 0                     ;
; PLD_STATE.WAIT_STATE  ; 0                    ; 1                    ; 0                    ; 1              ; 0                     ;
; PLD_STATE.DATA_PHASE  ; 1                    ; 0                    ; 0                    ; 1              ; 0                     ;
; PLD_STATE.WAIT_STATE2 ; 0                    ; 0                    ; 0                    ; 1              ; 1                     ;
+-----------------------+----------------------+----------------------+----------------------+----------------+-----------------------+


+------------------------------------------------------------------------------------------------------------------------------------+
; State Machine - |arm_top|alu_slave4:inst|ahb_slave_sm2:ahb_slave_sm2|slave_state                                                   ;
+---------------------------+-------------------------+------------------------+-------------------------+---------------------------+
; Name                      ; slave_state.ERROR_PHASE ; slave_state.DATA_PHASE ; slave_state.BURST_PHASE ; slave_state.ADDRESS_PHASE ;
+---------------------------+-------------------------+------------------------+-------------------------+---------------------------+
; slave_state.ADDRESS_PHASE ; 0                       ; 0                      ; 0                       ; 0                         ;
; slave_state.BURST_PHASE   ; 0                       ; 0                      ; 1                       ; 1                         ;
; slave_state.DATA_PHASE    ; 0                       ; 1                      ; 0                       ; 1                         ;
; slave_state.ERROR_PHASE   ; 1                       ; 0                      ; 0                       ; 1                         ;
+---------------------------+-------------------------+------------------------+-------------------------+---------------------------+


+-----------+
; Hierarchy ;
+-----------+
arm_top
 |-- alu_slave4:inst
      |-- ahb_slave_sm2:ahb_slave_sm2
      |-- key_state:key_state
 |-- stripe:inst5
      |-- alt_exc_stripe:lpm_instance
           |-- alt_exc_upcore:core
                |-- apex20ke_io_in:clk_ref_pin
                |-- apex20ke_io_in:ebiack_pin
                |-- apex20ke_io_out:ebiaddr_pout
                |-- apex20ke_io_out:ebiaddr_pout[0]
                |-- apex20ke_io_out:ebiaddr_pout[1]
                |-- apex20ke_io_out:ebiaddr_pout[2]
                |-- apex20ke_io_out:ebiaddr_pout[3]
                |-- apex20ke_io_out:ebiaddr_pout[4]
                |-- apex20ke_io_out:ebiaddr_pout[5]
                |-- apex20ke_io_out:ebiaddr_pout[6]
                |-- apex20ke_io_out:ebiaddr_pout[7]
                |-- apex20ke_io_out:ebiaddr_pout[8]
                |-- apex20ke_io_out:ebiaddr_pout[9]
                |-- apex20ke_io_out:ebiaddr_pout[10]
                |-- apex20ke_io_out:ebiaddr_pout[11]
                |-- apex20ke_io_out:ebiaddr_pout[12]
                |-- apex20ke_io_out:ebiaddr_pout[13]
                |-- apex20ke_io_out:ebiaddr_pout[14]
                |-- apex20ke_io_out:ebiaddr_pout[15]
                |-- apex20ke_io_out:ebiaddr_pout[16]
                |-- apex20ke_io_out:ebiaddr_pout[17]
                |-- apex20ke_io_out:ebiaddr_pout[18]
                |-- apex20ke_io_out:ebiaddr_pout[19]
                |-- apex20ke_io_out:ebiaddr_pout[20]
                |-- apex20ke_io_out:ebiaddr_pout[21]
                |-- apex20ke_io_out:ebiaddr_pout[22]
                |-- apex20ke_io_out:ebiaddr_pout[23]
                |-- apex20ke_io_out:ebiaddr_pout[24]
                |-- apex20ke_io_out:ebibe_pout
                |-- apex20ke_io_out:ebibe_pout[0]
                |-- apex20ke_io_out:ebibe_pout[1]
                |-- apex20ke_io_out:ebiclk_pout
                |-- apex20ke_io_out:ebicsn_pout
                |-- apex20ke_io_out:ebicsn_pout[0]
                |-- apex20ke_io_out:ebicsn_pout[1]
                |-- apex20ke_io_out:ebicsn_pout[2]
                |-- apex20ke_io_out:ebicsn_pout[3]
                |-- apex20ke_io_bidir:ebidq_pbidir
                |-- apex20ke_io_bidir:ebidq_pbidir[0]
                |-- apex20ke_io_bidir:ebidq_pbidir[1]
                |-- apex20ke_io_bidir:ebidq_pbidir[2]
                |-- apex20ke_io_bidir:ebidq_pbidir[3]
                |-- apex20ke_io_bidir:ebidq_pbidir[4]
                |-- apex20ke_io_bidir:ebidq_pbidir[5]
                |-- apex20ke_io_bidir:ebidq_pbidir[6]
                |-- apex20ke_io_bidir:ebidq_pbidir[7]
                |-- apex20ke_io_bidir:ebidq_pbidir[8]
                |-- apex20ke_io_bidir:ebidq_pbidir[9]
                |-- apex20ke_io_bidir:ebidq_pbidir[10]
                |-- apex20ke_io_bidir:ebidq_pbidir[11]
                |-- apex20ke_io_bidir:ebidq_pbidir[12]
                |-- apex20ke_io_bidir:ebidq_pbidir[13]
                |-- apex20ke_io_bidir:ebidq_pbidir[14]
                |-- apex20ke_io_bidir:ebidq_pbidir[15]
                |-- apex20ke_io_out:ebioen_pout
                |-- apex20ke_io_out:ebiwen_pout
                |-- apex20ke_io_in:intextpin_pin
                |-- apex20ke_io_in:npor_pin
                |-- apex20ke_io_bidir_od:nreset_pbidir
                |-- apex20ke_io_in:uartctsn_pin
                |-- apex20ke_io_bidir:uartdcdn_pbidir
                |-- apex20ke_io_in:uartdsrn_pin
                |-- apex20ke_io_out:uartdtrn_pout
                |-- apex20ke_io_bidir:uartrin_pbidir
                |-- apex20ke_io_out:uartrtsn_pout
                |-- apex20ke_io_in:uartrxd_pin
                |-- apex20ke_io_out:uarttxd_pout
           |-- alt_exc_dpram:dp0


+------------------------------------------------------------------------------------------------------------------------------------------------------------------------------------------------------------------------------------------------------------------------------------------------------+
; Analysis & Synthesis Resource Utilization by Entity                                                                                                                                                                                                                                                  ;
+--------------------------------------------------+-------------+--------------+-------------+------+--------------+--------------+-------------------+------------------+-----------------+----------------------------------------------------------------------------------------------------------+
; Compilation Hierarchy Node                       ; Logic Cells ; LC Registers ; Memory Bits ; Pins ; Virtual Pins ; LUT-Only LCs ; Register-Only LCs ; LUT/Register LCs ; Carry Chain LCs ; Full Hierarchy Name                                                                                      ;
+--------------------------------------------------+-------------+--------------+-------------+------+--------------+--------------+-------------------+------------------+-----------------+----------------------------------------------------------------------------------------------------------+
; |arm_top                                         ; 31 (1)      ; 22           ; 0           ; 176  ; 0            ; 9 (1)        ; 11 (0)            ; 11 (0)           ; 0 (0)           ; |arm_top                                                                                                 ;
;    |alu_slave4:inst|                             ; 27 (0)      ; 22           ; 0           ; 0    ; 0            ; 5 (0)        ; 11 (0)            ; 11 (0)           ; 0 (0)           ; |arm_top|alu_slave4:inst                                                                                 ;
;       |ahb_slave_sm2:ahb_slave_sm2|              ; 8 (8)       ; 4            ; 0           ; 0    ; 0            ; 4 (4)        ; 0 (0)             ; 4 (4)            ; 0 (0)           ; |arm_top|alu_slave4:inst|ahb_slave_sm2:ahb_slave_sm2                                                     ;
;       |key_state:key_state|                      ; 19 (19)     ; 18           ; 0           ; 0    ; 0            ; 1 (1)        ; 11 (11)           ; 7 (7)            ; 0 (0)           ; |arm_top|alu_slave4:inst|key_state:key_state                                                             ;
;    |stripe:inst5|                                ; 3 (0)       ; 0            ; 0           ; 60   ; 0            ; 3 (0)        ; 0 (0)             ; 0 (0)            ; 0 (0)           ; |arm_top|stripe:inst5                                                                                    ;
;       |alt_exc_stripe:lpm_instance|              ; 3 (3)       ; 0            ; 0           ; 60   ; 0            ; 3 (3)        ; 0 (0)             ; 0 (0)            ; 0 (0)           ; |arm_top|stripe:inst5|alt_exc_stripe:lpm_instance                                                        ;
;          |alt_exc_dpram:dp0|                     ; 0 (0)       ; 0            ; 0           ; 0    ; 0            ; 0 (0)        ; 0 (0)             ; 0 (0)            ; 0 (0)           ; |arm_top|stripe:inst5|alt_exc_stripe:lpm_instance|alt_exc_dpram:dp0                                      ;
;          |alt_exc_upcore:core|                   ; 0 (0)       ; 0            ; 0           ; 60   ; 0            ; 0 (0)        ; 0 (0)             ; 0 (0)            ; 0 (0)           ; |arm_top|stripe:inst5|alt_exc_stripe:lpm_instance|alt_exc_upcore:core                                    ;
;             |apex20ke_io_bidir:ebidq_pbidir[0]|  ; 0 (0)       ; 0            ; 0           ; 1    ; 0            ; 0 (0)        ; 0 (0)             ; 0 (0)            ; 0 (0)           ; |arm_top|stripe:inst5|alt_exc_stripe:lpm_instance|alt_exc_upcore:core|apex20ke_io_bidir:ebidq_pbidir[0]  ;
;             |apex20ke_io_bidir:ebidq_pbidir[10]| ; 0 (0)       ; 0            ; 0           ; 1    ; 0            ; 0 (0)        ; 0 (0)             ; 0 (0)            ; 0 (0)           ; |arm_top|stripe:inst5|alt_exc_stripe:lpm_instance|alt_exc_upcore:core|apex20ke_io_bidir:ebidq_pbidir[10] ;
;             |apex20ke_io_bidir:ebidq_pbidir[11]| ; 0 (0)       ; 0            ; 0           ; 1    ; 0            ; 0 (0)        ; 0 (0)             ; 0 (0)            ; 0 (0)           ; |arm_top|stripe:inst5|alt_exc_stripe:lpm_instance|alt_exc_upcore:core|apex20ke_io_bidir:ebidq_pbidir[11] ;
;             |apex20ke_io_bidir:ebidq_pbidir[12]| ; 0 (0)       ; 0            ; 0           ; 1    ; 0            ; 0 (0)        ; 0 (0)             ; 0 (0)            ; 0 (0)           ; |arm_top|stripe:inst5|alt_exc_stripe:lpm_instance|alt_exc_upcore:core|apex20ke_io_bidir:ebidq_pbidir[12] ;
;             |apex20ke_io_bidir:ebidq_pbidir[13]| ; 0 (0)       ; 0            ; 0           ; 1    ; 0            ; 0 (0)        ; 0 (0)             ; 0 (0)            ; 0 (0)           ; |arm_top|stripe:inst5|alt_exc_stripe:lpm_instance|alt_exc_upcore:core|apex20ke_io_bidir:ebidq_pbidir[13] ;
;             |apex20ke_io_bidir:ebidq_pbidir[14]| ; 0 (0)       ; 0            ; 0           ; 1    ; 0            ; 0 (0)        ; 0 (0)             ; 0 (0)            ; 0 (0)           ; |arm_top|stripe:inst5|alt_exc_stripe:lpm_instance|alt_exc_upcore:core|apex20ke_io_bidir:ebidq_pbidir[14] ;
;             |apex20ke_io_bidir:ebidq_pbidir[15]| ; 0 (0)       ; 0            ; 0           ; 1    ; 0            ; 0 (0)        ; 0 (0)             ; 0 (0)            ; 0 (0)           ; |arm_top|stripe:inst5|alt_exc_stripe:lpm_instance|alt_exc_upcore:core|apex20ke_io_bidir:ebidq_pbidir[15] ;
;             |apex20ke_io_bidir:ebidq_pbidir[1]|  ; 0 (0)       ; 0            ; 0           ; 1    ; 0            ; 0 (0)        ; 0 (0)             ; 0 (0)            ; 0 (0)           ; |arm_top|stripe:inst5|alt_exc_stripe:lpm_instance|alt_exc_upcore:core|apex20ke_io_bidir:ebidq_pbidir[1]  ;
;             |apex20ke_io_bidir:ebidq_pbidir[2]|  ; 0 (0)       ; 0            ; 0           ; 1    ; 0            ; 0 (0)        ; 0 (0)             ; 0 (0)            ; 0 (0)           ; |arm_top|stripe:inst5|alt_exc_stripe:lpm_instance|alt_exc_upcore:core|apex20ke_io_bidir:ebidq_pbidir[2]  ;
;             |apex20ke_io_bidir:ebidq_pbidir[3]|  ; 0 (0)       ; 0            ; 0           ; 1    ; 0            ; 0 (0)        ; 0 (0)             ; 0 (0)            ; 0 (0)           ; |arm_top|stripe:inst5|alt_exc_stripe:lpm_instance|alt_exc_upcore:core|apex20ke_io_bidir:ebidq_pbidir[3]  ;
;             |apex20ke_io_bidir:ebidq_pbidir[4]|  ; 0 (0)       ; 0            ; 0           ; 1    ; 0            ; 0 (0)        ; 0 (0)             ; 0 (0)            ; 0 (0)           ; |arm_top|stripe:inst5|alt_exc_stripe:lpm_instance|alt_exc_upcore:core|apex20ke_io_bidir:ebidq_pbidir[4]  ;
;             |apex20ke_io_bidir:ebidq_pbidir[5]|  ; 0 (0)       ; 0            ; 0           ; 1    ; 0            ; 0 (0)        ; 0 (0)             ; 0 (0)            ; 0 (0)           ; |arm_top|stripe:inst5|alt_exc_stripe:lpm_instance|alt_exc_upcore:core|apex20ke_io_bidir:ebidq_pbidir[5]  ;
;             |apex20ke_io_bidir:ebidq_pbidir[6]|  ; 0 (0)       ; 0            ; 0           ; 1    ; 0            ; 0 (0)        ; 0 (0)             ; 0 (0)            ; 0 (0)           ; |arm_top|stripe:inst5|alt_exc_stripe:lpm_instance|alt_exc_upcore:core|apex20ke_io_bidir:ebidq_pbidir[6]  ;
;             |apex20ke_io_bidir:ebidq_pbidir[7]|  ; 0 (0)       ; 0            ; 0           ; 1    ; 0            ; 0 (0)        ; 0 (0)             ; 0 (0)            ; 0 (0)           ; |arm_top|stripe:inst5|alt_exc_stripe:lpm_instance|alt_exc_upcore:core|apex20ke_io_bidir:ebidq_pbidir[7]  ;
;             |apex20ke_io_bidir:ebidq_pbidir[8]|  ; 0 (0)       ; 0            ; 0           ; 1    ; 0            ; 0 (0)        ; 0 (0)             ; 0 (0)            ; 0 (0)           ; |arm_top|stripe:inst5|alt_exc_stripe:lpm_instance|alt_exc_upcore:core|apex20ke_io_bidir:ebidq_pbidir[8]  ;
;             |apex20ke_io_bidir:ebidq_pbidir[9]|  ; 0 (0)       ; 0            ; 0           ; 1    ; 0            ; 0 (0)        ; 0 (0)             ; 0 (0)            ; 0 (0)           ; |arm_top|stripe:inst5|alt_exc_stripe:lpm_instance|alt_exc_upcore:core|apex20ke_io_bidir:ebidq_pbidir[9]  ;
;             |apex20ke_io_bidir:uartdcdn_pbidir|  ; 0 (0)       ; 0            ; 0           ; 1    ; 0            ; 0 (0)        ; 0 (0)             ; 0 (0)            ; 0 (0)           ; |arm_top|stripe:inst5|alt_exc_stripe:lpm_instance|alt_exc_upcore:core|apex20ke_io_bidir:uartdcdn_pbidir  ;
;             |apex20ke_io_bidir:uartrin_pbidir|   ; 0 (0)       ; 0            ; 0           ; 1    ; 0            ; 0 (0)        ; 0 (0)             ; 0 (0)            ; 0 (0)           ; |arm_top|stripe:inst5|alt_exc_stripe:lpm_instance|alt_exc_upcore:core|apex20ke_io_bidir:uartrin_pbidir   ;
;             |apex20ke_io_bidir_od:nreset_pbidir| ; 0 (0)       ; 0            ; 0           ; 1    ; 0            ; 0 (0)        ; 0 (0)             ; 0 (0)            ; 0 (0)           ; |arm_top|stripe:inst5|alt_exc_stripe:lpm_instance|alt_exc_upcore:core|apex20ke_io_bidir_od:nreset_pbidir ;
;             |apex20ke_io_in:clk_ref_pin|         ; 0 (0)       ; 0            ; 0           ; 1    ; 0            ; 0 (0)        ; 0 (0)             ; 0 (0)            ; 0 (0)           ; |arm_top|stripe:inst5|alt_exc_stripe:lpm_instance|alt_exc_upcore:core|apex20ke_io_in:clk_ref_pin         ;
;             |apex20ke_io_in:ebiack_pin|          ; 0 (0)       ; 0            ; 0           ; 1    ; 0            ; 0 (0)        ; 0 (0)             ; 0 (0)            ; 0 (0)           ; |arm_top|stripe:inst5|alt_exc_stripe:lpm_instance|alt_exc_upcore:core|apex20ke_io_in:ebiack_pin          ;
;             |apex20ke_io_in:intextpin_pin|       ; 0 (0)       ; 0            ; 0           ; 1    ; 0            ; 0 (0)        ; 0 (0)             ; 0 (0)            ; 0 (0)           ; |arm_top|stripe:inst5|alt_exc_stripe:lpm_instance|alt_exc_upcore:core|apex20ke_io_in:intextpin_pin       ;
;             |apex20ke_io_in:npor_pin|            ; 0 (0)       ; 0            ; 0           ; 1    ; 0            ; 0 (0)        ; 0 (0)             ; 0 (0)            ; 0 (0)           ; |arm_top|stripe:inst5|alt_exc_stripe:lpm_instance|alt_exc_upcore:core|apex20ke_io_in:npor_pin            ;
;             |apex20ke_io_in:uartctsn_pin|        ; 0 (0)       ; 0            ; 0           ; 1    ; 0            ; 0 (0)        ; 0 (0)             ; 0 (0)            ; 0 (0)           ; |arm_top|stripe:inst5|alt_exc_stripe:lpm_instance|alt_exc_upcore:core|apex20ke_io_in:uartctsn_pin        ;
;             |apex20ke_io_in:uartdsrn_pin|        ; 0 (0)       ; 0            ; 0           ; 1    ; 0            ; 0 (0)        ; 0 (0)             ; 0 (0)            ; 0 (0)           ; |arm_top|stripe:inst5|alt_exc_stripe:lpm_instance|alt_exc_upcore:core|apex20ke_io_in:uartdsrn_pin        ;
;             |apex20ke_io_in:uartrxd_pin|         ; 0 (0)       ; 0            ; 0           ; 1    ; 0            ; 0 (0)        ; 0 (0)             ; 0 (0)            ; 0 (0)           ; |arm_top|stripe:inst5|alt_exc_stripe:lpm_instance|alt_exc_upcore:core|apex20ke_io_in:uartrxd_pin         ;
;             |apex20ke_io_out:ebiaddr_pout[0]|    ; 0 (0)       ; 0            ; 0           ; 1    ; 0            ; 0 (0)        ; 0 (0)             ; 0 (0)            ; 0 (0)           ; |arm_top|stripe:inst5|alt_exc_stripe:lpm_instance|alt_exc_upcore:core|apex20ke_io_out:ebiaddr_pout[0]    ;
;             |apex20ke_io_out:ebiaddr_pout[10]|   ; 0 (0)       ; 0            ; 0           ; 1    ; 0            ; 0 (0)        ; 0 (0)             ; 0 (0)            ; 0 (0)           ; |arm_top|stripe:inst5|alt_exc_stripe:lpm_instance|alt_exc_upcore:core|apex20ke_io_out:ebiaddr_pout[10]   ;
;             |apex20ke_io_out:ebiaddr_pout[11]|   ; 0 (0)       ; 0            ; 0           ; 1    ; 0            ; 0 (0)        ; 0 (0)             ; 0 (0)            ; 0 (0)           ; |arm_top|stripe:inst5|alt_exc_stripe:lpm_instance|alt_exc_upcore:core|apex20ke_io_out:ebiaddr_pout[11]   ;
;             |apex20ke_io_out:ebiaddr_pout[12]|   ; 0 (0)       ; 0            ; 0           ; 1    ; 0            ; 0 (0)        ; 0 (0)             ; 0 (0)            ; 0 (0)           ; |arm_top|stripe:inst5|alt_exc_stripe:lpm_instance|alt_exc_upcore:core|apex20ke_io_out:ebiaddr_pout[12]   ;
;             |apex20ke_io_out:ebiaddr_pout[13]|   ; 0 (0)       ; 0            ; 0           ; 1    ; 0            ; 0 (0)        ; 0 (0)             ; 0 (0)            ; 0 (0)           ; |arm_top|stripe:inst5|alt_exc_stripe:lpm_instance|alt_exc_upcore:core|apex20ke_io_out:ebiaddr_pout[13]   ;
;             |apex20ke_io_out:ebiaddr_pout[14]|   ; 0 (0)       ; 0            ; 0           ; 1    ; 0            ; 0 (0)        ; 0 (0)             ; 0 (0)            ; 0 (0)           ; |arm_top|stripe:inst5|alt_exc_stripe:lpm_instance|alt_exc_upcore:core|apex20ke_io_out:ebiaddr_pout[14]   ;
;             |apex20ke_io_out:ebiaddr_pout[15]|   ; 0 (0)       ; 0            ; 0           ; 1    ; 0            ; 0 (0)        ; 0 (0)             ; 0 (0)            ; 0 (0)           ; |arm_top|stripe:inst5|alt_exc_stripe:lpm_instance|alt_exc_upcore:core|apex20ke_io_out:ebiaddr_pout[15]   ;
;             |apex20ke_io_out:ebiaddr_pout[16]|   ; 0 (0)       ; 0            ; 0           ; 1    ; 0            ; 0 (0)        ; 0 (0)             ; 0 (0)            ; 0 (0)           ; |arm_top|stripe:inst5|alt_exc_stripe:lpm_instance|alt_exc_upcore:core|apex20ke_io_out:ebiaddr_pout[16]   ;
;             |apex20ke_io_out:ebiaddr_pout[17]|   ; 0 (0)       ; 0            ; 0           ; 1    ; 0            ; 0 (0)        ; 0 (0)             ; 0 (0)            ; 0 (0)           ; |arm_top|stripe:inst5|alt_exc_stripe:lpm_instance|alt_exc_upcore:core|apex20ke_io_out:ebiaddr_pout[17]   ;
;             |apex20ke_io_out:ebiaddr_pout[18]|   ; 0 (0)       ; 0            ; 0           ; 1    ; 0            ; 0 (0)        ; 0 (0)             ; 0 (0)            ; 0 (0)           ; |arm_top|stripe:inst5|alt_exc_stripe:lpm_instance|alt_exc_upcore:core|apex20ke_io_out:ebiaddr_pout[18]   ;
;             |apex20ke_io_out:ebiaddr_pout[19]|   ; 0 (0)       ; 0            ; 0           ; 1    ; 0            ; 0 (0)        ; 0 (0)             ; 0 (0)            ; 0 (0)           ; |arm_top|stripe:inst5|alt_exc_stripe:lpm_instance|alt_exc_upcore:core|apex20ke_io_out:ebiaddr_pout[19]   ;
;             |apex20ke_io_out:ebiaddr_pout[1]|    ; 0 (0)       ; 0            ; 0           ; 1    ; 0            ; 0 (0)        ; 0 (0)             ; 0 (0)            ; 0 (0)           ; |arm_top|stripe:inst5|alt_exc_stripe:lpm_instance|alt_exc_upcore:core|apex20ke_io_out:ebiaddr_pout[1]    ;
;             |apex20ke_io_out:ebiaddr_pout[20]|   ; 0 (0)       ; 0            ; 0           ; 1    ; 0            ; 0 (0)        ; 0 (0)             ; 0 (0)            ; 0 (0)           ; |arm_top|stripe:inst5|alt_exc_stripe:lpm_instance|alt_exc_upcore:core|apex20ke_io_out:ebiaddr_pout[20]   ;
;             |apex20ke_io_out:ebiaddr_pout[21]|   ; 0 (0)       ; 0            ; 0           ; 1    ; 0            ; 0 (0)        ; 0 (0)             ; 0 (0)            ; 0 (0)           ; |arm_top|stripe:inst5|alt_exc_stripe:lpm_instance|alt_exc_upcore:core|apex20ke_io_out:ebiaddr_pout[21]   ;
;             |apex20ke_io_out:ebiaddr_pout[22]|   ; 0 (0)       ; 0            ; 0           ; 1    ; 0            ; 0 (0)        ; 0 (0)             ; 0 (0)            ; 0 (0)           ; |arm_top|stripe:inst5|alt_exc_stripe:lpm_instance|alt_exc_upcore:core|apex20ke_io_out:ebiaddr_pout[22]   ;
;             |apex20ke_io_out:ebiaddr_pout[23]|   ; 0 (0)       ; 0            ; 0           ; 1    ; 0            ; 0 (0)        ; 0 (0)             ; 0 (0)            ; 0 (0)           ; |arm_top|stripe:inst5|alt_exc_stripe:lpm_instance|alt_exc_upcore:core|apex20ke_io_out:ebiaddr_pout[23]   ;
;             |apex20ke_io_out:ebiaddr_pout[24]|   ; 0 (0)       ; 0            ; 0           ; 1    ; 0            ; 0 (0)        ; 0 (0)             ; 0 (0)            ; 0 (0)           ; |arm_top|stripe:inst5|alt_exc_stripe:lpm_instance|alt_exc_upcore:core|apex20ke_io_out:ebiaddr_pout[24]   ;
;             |apex20ke_io_out:ebiaddr_pout[2]|    ; 0 (0)       ; 0            ; 0           ; 1    ; 0            ; 0 (0)        ; 0 (0)             ; 0 (0)            ; 0 (0)           ; |arm_top|stripe:inst5|alt_exc_stripe:lpm_instance|alt_exc_upcore:core|apex20ke_io_out:ebiaddr_pout[2]    ;
;             |apex20ke_io_out:ebiaddr_pout[3]|    ; 0 (0)       ; 0            ; 0           ; 1    ; 0            ; 0 (0)        ; 0 (0)             ; 0 (0)            ; 0 (0)           ; |arm_top|stripe:inst5|alt_exc_stripe:lpm_instance|alt_exc_upcore:core|apex20ke_io_out:ebiaddr_pout[3]    ;
;             |apex20ke_io_out:ebiaddr_pout[4]|    ; 0 (0)       ; 0            ; 0           ; 1    ; 0            ; 0 (0)        ; 0 (0)             ; 0 (0)            ; 0 (0)           ; |arm_top|stripe:inst5|alt_exc_stripe:lpm_instance|alt_exc_upcore:core|apex20ke_io_out:ebiaddr_pout[4]    ;
;             |apex20ke_io_out:ebiaddr_pout[5]|    ; 0 (0)       ; 0            ; 0           ; 1    ; 0            ; 0 (0)        ; 0 (0)             ; 0 (0)            ; 0 (0)           ; |arm_top|stripe:inst5|alt_exc_stripe:lpm_instance|alt_exc_upcore:core|apex20ke_io_out:ebiaddr_pout[5]    ;
;             |apex20ke_io_out:ebiaddr_pout[6]|    ; 0 (0)       ; 0            ; 0           ; 1    ; 0            ; 0 (0)        ; 0 (0)             ; 0 (0)            ; 0 (0)           ; |arm_top|stripe:inst5|alt_exc_stripe:lpm_instance|alt_exc_upcore:core|apex20ke_io_out:ebiaddr_pout[6]    ;
;             |apex20ke_io_out:ebiaddr_pout[7]|    ; 0 (0)       ; 0            ; 0           ; 1    ; 0            ; 0 (0)        ; 0 (0)             ; 0 (0)            ; 0 (0)           ; |arm_top|stripe:inst5|alt_exc_stripe:lpm_instance|alt_exc_upcore:core|apex20ke_io_out:ebiaddr_pout[7]    ;
;             |apex20ke_io_out:ebiaddr_pout[8]|    ; 0 (0)       ; 0            ; 0           ; 1    ; 0            ; 0 (0)        ; 0 (0)             ; 0 (0)            ; 0 (0)           ; |arm_top|stripe:inst5|alt_exc_stripe:lpm_instance|alt_exc_upcore:core|apex20ke_io_out:ebiaddr_pout[8]    ;
;             |apex20ke_io_out:ebiaddr_pout[9]|    ; 0 (0)       ; 0            ; 0           ; 1    ; 0            ; 0 (0)        ; 0 (0)             ; 0 (0)            ; 0 (0)           ; |arm_top|stripe:inst5|alt_exc_stripe:lpm_instance|alt_exc_upcore:core|apex20ke_io_out:ebiaddr_pout[9]    ;
;             |apex20ke_io_out:ebicsn_pout[0]|     ; 0 (0)       ; 0            ; 0           ; 1    ; 0            ; 0 (0)        ; 0 (0)             ; 0 (0)            ; 0 (0)           ; |arm_top|stripe:inst5|alt_exc_stripe:lpm_instance|alt_exc_upcore:core|apex20ke_io_out:ebicsn_pout[0]     ;
;             |apex20ke_io_out:ebicsn_pout[1]|     ; 0 (0)       ; 0            ; 0           ; 1    ; 0            ; 0 (0)        ; 0 (0)             ; 0 (0)            ; 0 (0)           ; |arm_top|stripe:inst5|alt_exc_stripe:lpm_instance|alt_exc_upcore:core|apex20ke_io_out:ebicsn_pout[1]     ;
;             |apex20ke_io_out:ebicsn_pout[2]|     ; 0 (0)       ; 0            ; 0           ; 1    ; 0            ; 0 (0)        ; 0 (0)             ; 0 (0)            ; 0 (0)           ; |arm_top|stripe:inst5|alt_exc_stripe:lpm_instance|alt_exc_upcore:core|apex20ke_io_out:ebicsn_pout[2]     ;
;             |apex20ke_io_out:ebicsn_pout[3]|     ; 0 (0)       ; 0            ; 0           ; 1    ; 0            ; 0 (0)        ; 0 (0)             ; 0 (0)            ; 0 (0)           ; |arm_top|stripe:inst5|alt_exc_stripe:lpm_instance|alt_exc_upcore:core|apex20ke_io_out:ebicsn_pout[3]     ;
;             |apex20ke_io_out:ebioen_pout|        ; 0 (0)       ; 0            ; 0           ; 1    ; 0            ; 0 (0)        ; 0 (0)             ; 0 (0)            ; 0 (0)           ; |arm_top|stripe:inst5|alt_exc_stripe:lpm_instance|alt_exc_upcore:core|apex20ke_io_out:ebioen_pout        ;
;             |apex20ke_io_out:ebiwen_pout|        ; 0 (0)       ; 0            ; 0           ; 1    ; 0            ; 0 (0)        ; 0 (0)             ; 0 (0)            ; 0 (0)           ; |arm_top|stripe:inst5|alt_exc_stripe:lpm_instance|alt_exc_upcore:core|apex20ke_io_out:ebiwen_pout        ;
;             |apex20ke_io_out:uartdtrn_pout|      ; 0 (0)       ; 0            ; 0           ; 1    ; 0            ; 0 (0)        ; 0 (0)             ; 0 (0)            ; 0 (0)           ; |arm_top|stripe:inst5|alt_exc_stripe:lpm_instance|alt_exc_upcore:core|apex20ke_io_out:uartdtrn_pout      ;
;             |apex20ke_io_out:uartrtsn_pout|      ; 0 (0)       ; 0            ; 0           ; 1    ; 0            ; 0 (0)        ; 0 (0)             ; 0 (0)            ; 0 (0)           ; |arm_top|stripe:inst5|alt_exc_stripe:lpm_instance|alt_exc_upcore:core|apex20ke_io_out:uartrtsn_pout      ;
;             |apex20ke_io_out:uarttxd_pout|       ; 0 (0)       ; 0            ; 0           ; 1    ; 0            ; 0 (0)        ; 0 (0)             ; 0 (0)            ; 0 (0)           ; |arm_top|stripe:inst5|alt_exc_stripe:lpm_instance|alt_exc_upcore:core|apex20ke_io_out:uarttxd_pout       ;
+--------------------------------------------------+-------------+--------------+-------------+------+--------------+--------------+-------------------+------------------+-----------------+----------------------------------------------------------------------------------------------------------+


+--------------------------------+
; Analysis & Synthesis Equations ;
+--------------------------------+
The equations can be found in C:/SoCMasterXP8000/keypad/quartus/arm_top.map.eqn.


+-------------------------------------------------------------------------------------------------------------------------+
; Analysis & Synthesis Source Files Read                                                                                  ;
+----------------------------------+-----------------+--------------------------------------------------------------------+
; File Name with User-Entered Path ; Used in Netlist ; File Name with Absolute Path                                       ;
+----------------------------------+-----------------+--------------------------------------------------------------------+
; arm_top.bdf                      ; yes             ; C:/SoCMasterXP8000/keypad/quartus/arm_top.bdf                      ;
; key_state.v                      ; yes             ; C:/SoCMasterXP8000/keypad/quartus/key_state.v                      ;
; ahb_slave_include.v              ; yes             ; C:/SoCMasterXP8000/keypad/quartus/ahb_slave_include.v              ;
; ahb_slave_sm2.v                  ; yes             ; C:/SoCMasterXP8000/keypad/quartus/ahb_slave_sm2.v                  ;
; alu_slave4.v                     ; yes             ; C:/SoCMasterXP8000/keypad/quartus/alu_slave4.v                     ;
; stripe.v                         ; yes             ; C:/SoCMasterXP8000/keypad/quartus/stripe.v                         ;
; alt_exc_stripe.tdf               ; yes             ; c:/altera/quartus42/libraries/megafunctions/alt_exc_stripe.tdf     ;
; aglobal42.inc                    ; yes             ; c:/altera/quartus42/libraries/megafunctions/aglobal42.inc          ;
; alt_exc_upcore.inc               ; yes             ; c:/altera/quartus42/libraries/megafunctions/alt_exc_upcore.inc     ;
; alt_exc_dpram.inc                ; yes             ; c:/altera/quartus42/libraries/megafunctions/alt_exc_dpram.inc      ;
; apex20ke_lcell.inc               ; yes             ; c:/altera/quartus42/libraries/megafunctions/apex20ke_lcell.inc     ;
; alt_exc_upcore.tdf               ; yes             ; c:/altera/quartus42/libraries/megafunctions/alt_exc_upcore.tdf     ;
; apex20ke_upcore.inc              ; yes             ; c:/altera/quartus42/libraries/megafunctions/apex20ke_upcore.inc    ;
; apex20ke_io.inc                  ; yes             ; c:/altera/quartus42/libraries/megafunctions/apex20ke_io.inc        ;
; apex20ke_io_in.v                 ; yes             ; c:/altera/quartus42/libraries/megafunctions/apex20ke_io_in.v       ;
; apex20ke_io_bidir_od.v           ; yes             ; c:/altera/quartus42/libraries/megafunctions/apex20ke_io_bidir_od.v ;
; apex20ke_io_out.v                ; yes             ; c:/altera/quartus42/libraries/megafunctions/apex20ke_io_out.v      ;
; apex20ke_io_bidir.v              ; yes             ; c:/altera/quartus42/libraries/megafunctions/apex20ke_io_bidir.v    ;
; alt_exc_dpram.tdf                ; yes             ; c:/altera/quartus42/libraries/megafunctions/alt_exc_dpram.tdf      ;
; apex20ke_dpram.inc               ; yes             ; c:/altera/quartus42/libraries/megafunctions/apex20ke_dpram.inc     ;
+----------------------------------+-----------------+--------------------------------------------------------------------+


+-----------------------------------------------------------------------------------------------------+
; Analysis & Synthesis Resource Usage Summary                                                         ;
+---------------------------------+-------------------------------------------------------------------+
; Resource                        ; Usage                                                             ;
+---------------------------------+-------------------------------------------------------------------+
; Logic cells                     ; 31                                                                ;
; Total combinational functions   ; 20                                                                ;
; Total 4-input functions         ; 7                                                                 ;
; Total 3-input functions         ; 3                                                                 ;
; Total 2-input functions         ; 5                                                                 ;
; Total 1-input functions         ; 0                                                                 ;
; Total 0-input functions         ; 5                                                                 ;
; Combinational cells for routing ; 0                                                                 ;
; Total registers                 ; 22                                                                ;
; I/O pins                        ; 176                                                               ;
; Maximum fan-out node            ; stripe:inst5|alt_exc_stripe:lpm_instance|alt_exc_upcore:core|core ;
; Maximum fan-out                 ; 130                                                               ;
; Total fan-out                   ; 306                                                               ;
; Average fan-out                 ; 1.46                                                              ;
+---------------------------------+-------------------------------------------------------------------+


+----------------------------------------------------------------+
; WYSIWYG Cells                                                  ;
+--------------------------------------------------------+-------+
; Statistic                                              ; Value ;
+--------------------------------------------------------+-------+
; Number of WYSIWYG cells                                ; 3     ;
; Number of synthesis-generated cells                    ; 28    ;
; Number of WYSIWYG LUTs                                 ; 3     ;
; Number of synthesis-generated LUTs                     ; 17    ;
; Number of WYSIWYG registers                            ; 0     ;
; Number of synthesis-generated registers                ; 22    ;
; Number of cells with combinational logic only          ; 9     ;
; Number of cells with registers only                    ; 11    ;
; Number of cells with combinational logic and registers ; 11    ;
+--------------------------------------------------------+-------+


+------------------------------------------------------+
; General Register Statistics                          ;
+----------------------------------------------+-------+
; Statistic                                    ; Value ;
+----------------------------------------------+-------+
; Total registers                              ; 22    ;
; Number of registers using Synchronous Clear  ; 0     ;
; Number of registers using Synchronous Load   ; 0     ;
; Number of registers using Asynchronous Clear ; 22    ;
; Number of registers using Asynchronous Load  ; 0     ;
; Number of registers using Clock Enable       ; 9     ;
; Number of registers using Output Enable      ; 0     ;
; Number of registers using Preset             ; 0     ;
+----------------------------------------------+-------+


+----------------------------------------------------------------+
; Inverted Register Statistics                                   ;
+------------------------------------------------------+---------+
; Inverted Register                                    ; Fan out ;
+------------------------------------------------------+---------+
; alu_slave4:inst|ahb_slave_sm2:ahb_slave_sm2|HREADY_r ; 2       ;
; alu_slave4:inst|key_state:key_state|Hready_i         ; 11      ;
; alu_slave4:inst|key_state:key_state|read_data[4]     ; 56      ;
; alu_slave4:inst|key_state:key_state|read_data[3]     ; 2       ;
; alu_slave4:inst|key_state:key_state|read_data[2]     ; 2       ;
; alu_slave4:inst|key_state:key_state|read_data[1]     ; 2       ;
; alu_slave4:inst|key_state:key_state|read_data[0]     ; 2       ;
; Total number of inverted registers = 7               ;         ;
+------------------------------------------------------+---------+


+-------------------------------+
; Analysis & Synthesis Messages ;
+-------------------------------+
Info: *******************************************************************
Info: Running Quartus II Analysis & Synthesis
    Info: Version 4.2 Build 157 12/07/2004 SJ Full Version
    Info: Processing started: Fri Dec 02 17:23:44 2005
Info: Command: quartus_map --import_settings_files=on --export_settings_files=off arm_top -c arm_top
Warning: This product family is not recommended for new designs. Altera provides newer product families with better cost & performance attributes than ARM-Based Excalibur devices
Info: Found 1 design units, including 1 entities, in source file arm_top.bdf
    Info: Found entity 1: arm_top
Info: Found 1 design units, including 1 entities, in source file key_state.v
    Info: Found entity 1: key_state
Info: Found 0 design units, including 0 entities, in source file ahb_slave_include.v
Info: Found 1 design units, including 1 entities, in source file ahb_slave_sm2.v
    Info: Found entity 1: ahb_slave_sm2
Warning: Verilog HDL net warning at alu_slave4.v(93): created undeclared net "Int_reg"
Info: Found 1 design units, including 1 entities, in source file alu_slave4.v
    Info: Found entity 1: alu_slave4
Info: Using design file stripe.v, which is not specified as a design file for the current project, but contains definitions for 1 design units and 1 entities in project
    Info: Found entity 1: stripe
Info: Found 1 design units, including 1 entities, in source file ../../../altera/quartus42/libraries/megafunctions/alt_exc_stripe.tdf
    Info: Found entity 1: alt_exc_stripe
Info: Found 1 design units, including 1 entities, in source file ../../../altera/quartus42/libraries/megafunctions/alt_exc_upcore.tdf
    Info: Found entity 1: alt_exc_upcore
Info: Found 1 design units, including 1 entities, in source file ../../../altera/quartus42/libraries/megafunctions/apex20ke_io_in.v
    Info: Found entity 1: apex20ke_io_in
Info: Found 1 design units, including 1 entities, in source file ../../../altera/quartus42/libraries/megafunctions/apex20ke_io_bidir_od.v
    Info: Found entity 1: apex20ke_io_bidir_od
Info: Found 1 design units, including 1 entities, in source file ../../../altera/quartus42/libraries/megafunctions/apex20ke_io_out.v
    Info: Found entity 1: apex20ke_io_out
Info: Found 1 design units, including 1 entities, in source file ../../../altera/quartus42/libraries/megafunctions/apex20ke_io_bidir.v
    Info: Found entity 1: apex20ke_io_bidir
Info: Found 1 design units, including 1 entities, in source file ../../../altera/quartus42/libraries/megafunctions/alt_exc_dpram.tdf
    Info: Found entity 1: alt_exc_dpram
Warning: Verilog HDL Always Construct warning at key_state.v(121): variable DATA_2d may not be assigned a new value in every possible path through the Always Construct.  Variable DATA_2d holds its previous value in every path with no new value assignment, which may create a combinational loop in the current design.
Warning: Reduced register "alu_slave4:inst|key_state:key_state|DATA_1d[31]" with stuck data_in port to stuck value GND
Warning: Reduced register "alu_slave4:inst|key_state:key_state|DATA_1d[30]" with stuck data_in port to stuck value GND
Warning: Reduced register "alu_slave4:inst|key_state:key_state|DATA_1d[29]" with stuck data_in port to stuck value GND
Warning: Reduced register "alu_slave4:inst|key_state:key_state|DATA_1d[28]" with stuck data_in port to stuck value GND
Warning: Reduced register "alu_slave4:inst|key_state:key_state|DATA_1d[27]" with stuck data_in port to stuck value GND
Warning: Reduced register "alu_slave4:inst|key_state:key_state|DATA_1d[26]" with stuck data_in port to stuck value GND
Warning: Reduced register "alu_slave4:inst|key_state:key_state|DATA_1d[25]" with stuck data_in port to stuck value GND
Warning: Reduced register "alu_slave4:inst|key_state:key_state|DATA_1d[24]" with stuck data_in port to stuck value GND
Warning: Reduced register "alu_slave4:inst|key_state:key_state|DATA_1d[23]" with stuck data_in port to stuck value GND
Warning: Reduced register "alu_slave4:inst|key_state:key_state|DATA_1d[22]" with stuck data_in port to stuck value GND
Warning: Reduced register "alu_slave4:inst|key_state:key_state|DATA_1d[21]" with stuck data_in port to stuck value GND
Warning: Reduced register "alu_slave4:inst|key_state:key_state|DATA_1d[20]" with stuck data_in port to stuck value GND
Warning: Reduced register "alu_slave4:inst|key_state:key_state|DATA_1d[19]" with stuck data_in port to stuck value GND
Warning: Reduced register "alu_slave4:inst|key_state:key_state|DATA_1d[18]" with stuck data_in port to stuck value GND
Warning: Reduced register "alu_slave4:inst|key_state:key_state|DATA_1d[17]" with stuck data_in port to stuck value GND
Warning: Reduced register "alu_slave4:inst|key_state:key_state|DATA_1d[16]" with stuck data_in port to stuck value GND
Warning: Reduced register "alu_slave4:inst|key_state:key_state|DATA_1d[15]" with stuck data_in port to stuck value GND
Warning: Reduced register "alu_slave4:inst|key_state:key_state|DATA_1d[14]" with stuck data_in port to stuck value GND
Warning: Reduced register "alu_slave4:inst|key_state:key_state|DATA_1d[13]" with stuck data_in port to stuck value GND
Warning: Reduced register "alu_slave4:inst|key_state:key_state|DATA_1d[12]" with stuck data_in port to stuck value GND
Warning: Reduced register "alu_slave4:inst|key_state:key_state|DATA_1d[11]" with stuck data_in port to stuck value GND
Warning: Reduced register "alu_slave4:inst|key_state:key_state|DATA_1d[10]" with stuck data_in port to stuck value GND
Warning: Reduced register "alu_slave4:inst|key_state:key_state|DATA_1d[9]" with stuck data_in port to stuck value GND
Warning: Reduced register "alu_slave4:inst|key_state:key_state|DATA_1d[8]" with stuck data_in port to stuck value GND
Warning: Reduced register "alu_slave4:inst|key_state:key_state|DATA_1d[7]" with stuck data_in port to stuck value GND
Warning: Reduced register "alu_slave4:inst|key_state:key_state|DATA_1d[6]" with stuck data_in port to stuck value GND
Warning: Reduced register "alu_slave4:inst|key_state:key_state|DATA_1d[5]" with stuck data_in port to stuck value GND
Warning: Reduced register "alu_slave4:inst|key_state:key_state|DATA_1d[4]" with stuck data_in port to stuck value GND
Warning: Reduced register "alu_slave4:inst|ahb_slave_sm2:ahb_slave_sm2|HRESP[1]" with stuck data_in port to stuck value GND
Info: Duplicate registers merged to single register
    Info: Duplicate register "alu_slave4:inst|key_state:key_state|read_data[31]" merged to single register "alu_slave4:inst|key_state:key_state|read_data[4]"
    Info: Duplicate register "alu_slave4:inst|key_state:key_state|read_data[30]" merged to single register "alu_slave4:inst|key_state:key_state|read_data[4]"
    Info: Duplicate register "alu_slave4:inst|key_state:key_state|read_data[29]" merged to single register "alu_slave4:inst|key_state:key_state|read_data[4]"
    Info: Duplicate register "alu_slave4:inst|key_state:key_state|read_data[28]" merged to single register "alu_slave4:inst|key_state:key_state|read_data[4]"
    Info: Duplicate register "alu_slave4:inst|key_state:key_state|read_data[27]" merged to single register "alu_slave4:inst|key_state:key_state|read_data[4]"
    Info: Duplicate register "alu_slave4:inst|key_state:key_state|read_data[26]" merged to single register "alu_slave4:inst|key_state:key_state|read_data[4]"
    Info: Duplicate register "alu_slave4:inst|key_state:key_state|read_data[25]" merged to single register "alu_slave4:inst|key_state:key_state|read_data[4]"
    Info: Duplicate register "alu_slave4:inst|key_state:key_state|read_data[24]" merged to single register "alu_slave4:inst|key_state:key_state|read_data[4]"
    Info: Duplicate register "alu_slave4:inst|key_state:key_state|read_data[23]" merged to single register "alu_slave4:inst|key_state:key_state|read_data[4]"
    Info: Duplicate register "alu_slave4:inst|key_state:key_state|read_data[22]" merged to single register "alu_slave4:inst|key_state:key_state|read_data[4]"
    Info: Duplicate register "alu_slave4:inst|key_state:key_state|read_data[21]" merged to single register "alu_slave4:inst|key_state:key_state|read_data[4]"
    Info: Duplicate register "alu_slave4:inst|key_state:key_state|read_data[20]" merged to single register "alu_slave4:inst|key_state:key_state|read_data[4]"
    Info: Duplicate register "alu_slave4:inst|key_state:key_state|read_data[19]" merged to single register "alu_slave4:inst|key_state:key_state|read_data[4]"
    Info: Duplicate register "alu_slave4:inst|key_state:key_state|read_data[18]" merged to single register "alu_slave4:inst|key_state:key_state|read_data[4]"
    Info: Duplicate register "alu_slave4:inst|key_state:key_state|read_data[17]" merged to single register "alu_slave4:inst|key_state:key_state|read_data[4]"
    Info: Duplicate register "alu_slave4:inst|key_state:key_state|read_data[16]" merged to single register "alu_slave4:inst|key_state:key_state|read_data[4]"
    Info: Duplicate register "alu_slave4:inst|key_state:key_state|read_data[15]" merged to single register "alu_slave4:inst|key_state:key_state|read_data[4]"
    Info: Duplicate register "alu_slave4:inst|key_state:key_state|read_data[14]" merged to single register "alu_slave4:inst|key_state:key_state|read_data[4]"
    Info: Duplicate register "alu_slave4:inst|key_state:key_state|read_data[13]" merged to single register "alu_slave4:inst|key_state:key_state|read_data[4]"
    Info: Duplicate register "alu_slave4:inst|key_state:key_state|read_data[12]" merged to single register "alu_slave4:inst|key_state:key_state|read_data[4]"
    Info: Duplicate register "alu_slave4:inst|key_state:key_state|read_data[11]" merged to single register "alu_slave4:inst|key_state:key_state|read_data[4]"
    Info: Duplicate register "alu_slave4:inst|key_state:key_state|read_data[10]" merged to single register "alu_slave4:inst|key_state:key_state|read_data[4]"
    Info: Duplicate register "alu_slave4:inst|key_state:key_state|read_data[9]" merged to single register "alu_slave4:inst|key_state:key_state|read_data[4]"
    Info: Duplicate register "alu_slave4:inst|key_state:key_state|read_data[8]" merged to single register "alu_slave4:inst|key_state:key_state|read_data[4]"
    Info: Duplicate register "alu_slave4:inst|key_state:key_state|read_data[7]" merged to single register "alu_slave4:inst|key_state:key_state|read_data[4]"
    Info: Duplicate register "alu_slave4:inst|key_state:key_state|read_data[6]" merged to single register "alu_slave4:inst|key_state:key_state|read_data[4]"
    Info: Duplicate register "alu_slave4:inst|key_state:key_state|read_data[5]" merged to single register "alu_slave4:inst|key_state:key_state|read_data[4]"
Warning: Reduced register "alu_slave4:inst|ahb_slave_sm2:ahb_slave_sm2|HRESP[0]" with stuck data_in port to stuck value GND
Info: State machine "|arm_top|alu_slave4:inst|key_state:key_state|DATA_REG" contains 13 states and 0 state bits
Info: State machine "|arm_top|alu_slave4:inst|key_state:key_state|PLD_STATE" contains 5 states and 0 state bits
Info: State machine "|arm_top|alu_slave4:inst|ahb_slave_sm2:ahb_slave_sm2|slave_state" contains 4 states and 0 state bits
Info: Selected Auto state machine encoding method for state machine "|arm_top|alu_slave4:inst|key_state:key_state|DATA_REG"
Info: Encoding result for state machine "|arm_top|alu_slave4:inst|key_state:key_state|DATA_REG"
    Info: Completed encoding using 13 state bits
        Info: Encoded state bit "alu_slave4:inst|key_state:key_state|DATA_REG.00100011"
        Info: Encoded state bit "alu_slave4:inst|key_state:key_state|DATA_REG.00110001"
        Info: Encoded state bit "alu_slave4:inst|key_state:key_state|DATA_REG.00110010"
        Info: Encoded state bit "alu_slave4:inst|key_state:key_state|DATA_REG.00110011"
        Info: Encoded state bit "alu_slave4:inst|key_state:key_state|DATA_REG.00110100"
        Info: Encoded state bit "alu_slave4:inst|key_state:key_state|DATA_REG.00110101"
        Info: Encoded state bit "alu_slave4:inst|key_state:key_state|DATA_REG.00110110"
        Info: Encoded state bit "alu_slave4:inst|key_state:key_state|DATA_REG.00110111"
        Info: Encoded state bit "alu_slave4:inst|key_state:key_state|DATA_REG.00111000"
        Info: Encoded state bit "alu_slave4:inst|key_state:key_state|DATA_REG.00111001"
        Info: Encoded state bit "alu_slave4:inst|key_state:key_state|DATA_REG.00110000"
        Info: Encoded state bit "alu_slave4:inst|key_state:key_state|DATA_REG.00101010"
        Info: Encoded state bit "alu_slave4:inst|key_state:key_state|DATA_REG.00000000"
    Info: State "|arm_top|alu_slave4:inst|key_state:key_state|DATA_REG.00000000" uses code string "0000000000000"
    Info: State "|arm_top|alu_slave4:inst|key_state:key_state|DATA_REG.00101010" uses code string "0000000000011"
    Info: State "|arm_top|alu_slave4:inst|key_state:key_state|DATA_REG.00110000" uses code string "0000000000101"
    Info: State "|arm_top|alu_slave4:inst|key_state:key_state|DATA_REG.00111001" uses code string "0000000001001"
    Info: State "|arm_top|alu_slave4:inst|key_state:key_state|DATA_REG.00111000" uses code string "0000000010001"
    Info: State "|arm_top|alu_slave4:inst|key_state:key_state|DATA_REG.00110111" uses code string "0000000100001"
    Info: State "|arm_top|alu_slave4:inst|key_state:key_state|DATA_REG.00110110" uses code string "0000001000001"
    Info: State "|arm_top|alu_slave4:inst|key_state:key_state|DATA_REG.00110101" uses code string "0000010000001"
    Info: State "|arm_top|alu_slave4:inst|key_state:key_state|DATA_REG.00110100" uses code string "0000100000001"
    Info: State "|arm_top|alu_slave4:inst|key_state:key_state|DATA_REG.00110011" uses code string "0001000000001"
    Info: State "|arm_top|alu_slave4:inst|key_state:key_state|DATA_REG.00110010" uses code string "0010000000001"
    Info: State "|arm_top|alu_slave4:inst|key_state:key_state|DATA_REG.00110001" uses code string "0100000000001"
    Info: State "|arm_top|alu_slave4:inst|key_state:key_state|DATA_REG.00100011" uses code string "1000000000001"
Info: Selected Auto state machine encoding method for state machine "|arm_top|alu_slave4:inst|key_state:key_state|PLD_STATE"
Info: Encoding result for state machine "|arm_top|alu_slave4:inst|key_state:key_state|PLD_STATE"
    Info: Completed encoding using 5 state bits
        Info: Encoded state bit "alu_slave4:inst|key_state:key_state|PLD_STATE.DATA_PHASE"
        Info: Encoded state bit "alu_slave4:inst|key_state:key_state|PLD_STATE.WAIT_STATE"
        Info: Encoded state bit "alu_slave4:inst|key_state:key_state|PLD_STATE.READ_STATE"
        Info: Encoded state bit "alu_slave4:inst|key_state:key_state|PLD_STATE.IDLE"
        Info: Encoded state bit "alu_slave4:inst|key_state:key_state|PLD_STATE.WAIT_STATE2"
    Info: State "|arm_top|alu_slave4:inst|key_state:key_state|PLD_STATE.IDLE" uses code string "00000"
    Info: State "|arm_top|alu_slave4:inst|key_state:key_state|PLD_STATE.READ_STATE" uses code string "00110"
    Info: State "|arm_top|alu_slave4:inst|key_state:key_state|PLD_STATE.WAIT_STATE" uses code string "01010"
    Info: State "|arm_top|alu_slave4:inst|key_state:key_state|PLD_STATE.DATA_PHASE" uses code string "10010"
    Info: State "|arm_top|alu_slave4:inst|key_state:key_state|PLD_STATE.WAIT_STATE2" uses code string "00011"
Info: Selected Auto state machine encoding method for state machine "|arm_top|alu_slave4:inst|ahb_slave_sm2:ahb_slave_sm2|slave_state"
Info: Encoding result for state machine "|arm_top|alu_slave4:inst|ahb_slave_sm2:ahb_slave_sm2|slave_state"
    Info: Completed encoding using 4 state bits
        Info: Encoded state bit "alu_slave4:inst|ahb_slave_sm2:ahb_slave_sm2|slave_state.ERROR_PHASE"
        Info: Encoded state bit "alu_slave4:inst|ahb_slave_sm2:ahb_slave_sm2|slave_state.DATA_PHASE"
        Info: Encoded state bit "alu_slave4:inst|ahb_slave_sm2:ahb_slave_sm2|slave_state.BURST_PHASE"
        Info: Encoded state bit "alu_slave4:inst|ahb_slave_sm2:ahb_slave_sm2|slave_state.ADDRESS_PHASE"
    Info: State "|arm_top|alu_slave4:inst|ahb_slave_sm2:ahb_slave_sm2|slave_state.ADDRESS_PHASE" uses code string "0000"
    Info: State "|arm_top|alu_slave4:inst|ahb_slave_sm2:ahb_slave_sm2|slave_state.BURST_PHASE" uses code string "0011"
    Info: State "|arm_top|alu_slave4:inst|ahb_slave_sm2:ahb_slave_sm2|slave_state.DATA_PHASE" uses code string "0101"
    Info: State "|arm_top|alu_slave4:inst|ahb_slave_sm2:ahb_slave_sm2|slave_state.ERROR_PHASE" uses code string "1001"
Info: Duplicate registers merged to single register
    Info: Duplicate register "alu_slave4:inst|key_state:key_state|PLD_STATE.READ_STATE" merged to single register "alu_slave4:inst|key_state:key_state|Hready_i", power-up level changed
Info: Registers with preset signals will power-up high
Info: DEV_CLRn pin will set, and not reset, register with preset signal due to NOT Gate Push-Back
Warning: Output pins are stuck at VCC or GND
    Warning: Pin "hresp[1]" stuck at GND
    Warning: Pin "hresp[0]" stuck at GND
Info: Found the following redundant logic cells in design
    Info: Logic cell "stripe:inst5|alt_exc_stripe:lpm_instance|lcell_hresp0"
    Info: Logic cell "stripe:inst5|alt_exc_stripe:lpm_instance|lcell_hresp1"
Info: Implemented 209 device resources after synthesis - the final resource count might be different
    Info: Implemented 14 input pins
    Info: Implemented 143 output pins
    Info: Implemented 19 bidirectional pins
    Info: Implemented 31 logic cells
    Info: Implemented 1 dual-port RAM elements in Excalibur device
    Info: Implemented 1 microprocessor core elements in Excalibur device
Info: Quartus II Analysis & Synthesis was successful. 0 errors, 36 warnings
    Info: Processing ended: Fri Dec 02 17:24:16 2005
    Info: Elapsed time: 00:00:33


