Archive member included because of file (symbol)

/home/holelee/bin/local/lib/gcc/arm-elf/3.4.4/../../../../arm-elf/lib/libc.a(memcpy.o)
                              main.o (memcpy)
/home/holelee/bin/local/lib/gcc/arm-elf/3.4.4/../../../../arm-elf/lib/libc.a(vsnprintf.o)
                              main.o (vsnprintf)
/home/holelee/bin/local/lib/gcc/arm-elf/3.4.4/../../../../arm-elf/lib/libc.a(impure.o)
                              /home/holelee/bin/local/lib/gcc/arm-elf/3.4.4/../../../../arm-elf/lib/libc.a(vsnprintf.o) (_impure_ptr)
/home/holelee/bin/local/lib/gcc/arm-elf/3.4.4/../../../../arm-elf/lib/libc.a(vfprintf.o)
                              /home/holelee/bin/local/lib/gcc/arm-elf/3.4.4/../../../../arm-elf/lib/libc.a(vsnprintf.o) (_vfprintf_r)
/home/holelee/bin/local/lib/gcc/arm-elf/3.4.4/../../../../arm-elf/lib/libc.a(wcrtomb.o)
                              /home/holelee/bin/local/lib/gcc/arm-elf/3.4.4/../../../../arm-elf/lib/libc.a(vfprintf.o) (_wcrtomb_r)
/home/holelee/bin/local/lib/gcc/arm-elf/3.4.4/../../../../arm-elf/lib/libc.a(wcsrtombs.o)
                              /home/holelee/bin/local/lib/gcc/arm-elf/3.4.4/../../../../arm-elf/lib/libc.a(vfprintf.o) (_wcsrtombs_r)
/home/holelee/bin/local/lib/gcc/arm-elf/3.4.4/../../../../arm-elf/lib/libc.a(wctomb_r.o)
                              /home/holelee/bin/local/lib/gcc/arm-elf/3.4.4/../../../../arm-elf/lib/libc.a(wcrtomb.o) (_wctomb_r)
/home/holelee/bin/local/lib/gcc/arm-elf/3.4.4/../../../../arm-elf/lib/libc.a(wsetup.o)
                              /home/holelee/bin/local/lib/gcc/arm-elf/3.4.4/../../../../arm-elf/lib/libc.a(vfprintf.o) (__swsetup)
/home/holelee/bin/local/lib/gcc/arm-elf/3.4.4/../../../../arm-elf/lib/libc.a(dtoa.o)
                              /home/holelee/bin/local/lib/gcc/arm-elf/3.4.4/../../../../arm-elf/lib/libc.a(vfprintf.o) (_dtoa_r)
/home/holelee/bin/local/lib/gcc/arm-elf/3.4.4/../../../../arm-elf/lib/libc.a(fflush.o)
                              /home/holelee/bin/local/lib/gcc/arm-elf/3.4.4/../../../../arm-elf/lib/libc.a(vfprintf.o) (fflush)
/home/holelee/bin/local/lib/gcc/arm-elf/3.4.4/../../../../arm-elf/lib/libc.a(findfp.o)
                              /home/holelee/bin/local/lib/gcc/arm-elf/3.4.4/../../../../arm-elf/lib/libc.a(vfprintf.o) (__sinit)
/home/holelee/bin/local/lib/gcc/arm-elf/3.4.4/../../../../arm-elf/lib/libc.a(freer.o)
                              /home/holelee/bin/local/lib/gcc/arm-elf/3.4.4/../../../../arm-elf/lib/libc.a(vfprintf.o) (_free_r)
/home/holelee/bin/local/lib/gcc/arm-elf/3.4.4/../../../../arm-elf/lib/libc.a(fvwrite.o)
                              /home/holelee/bin/local/lib/gcc/arm-elf/3.4.4/../../../../arm-elf/lib/libc.a(vfprintf.o) (__sfvwrite)
/home/holelee/bin/local/lib/gcc/arm-elf/3.4.4/../../../../arm-elf/lib/libc.a(fwalk.o)
                              /home/holelee/bin/local/lib/gcc/arm-elf/3.4.4/../../../../arm-elf/lib/libc.a(fflush.o) (_fwalk)
/home/holelee/bin/local/lib/gcc/arm-elf/3.4.4/../../../../arm-elf/lib/libc.a(locale.o)
                              /home/holelee/bin/local/lib/gcc/arm-elf/3.4.4/../../../../arm-elf/lib/libc.a(wctomb_r.o) (__lc_ctype)
/home/holelee/bin/local/lib/gcc/arm-elf/3.4.4/../../../../arm-elf/lib/libc.a(makebuf.o)
                              /home/holelee/bin/local/lib/gcc/arm-elf/3.4.4/../../../../arm-elf/lib/libc.a(wsetup.o) (__smakebuf)
/home/holelee/bin/local/lib/gcc/arm-elf/3.4.4/../../../../arm-elf/lib/libc.a(mallocr.o)
                              /home/holelee/bin/local/lib/gcc/arm-elf/3.4.4/../../../../arm-elf/lib/libc.a(freer.o) (__malloc_current_mallinfo)
/home/holelee/bin/local/lib/gcc/arm-elf/3.4.4/../../../../arm-elf/lib/libc.a(memchr.o)
                              /home/holelee/bin/local/lib/gcc/arm-elf/3.4.4/../../../../arm-elf/lib/libc.a(vfprintf.o) (memchr)
/home/holelee/bin/local/lib/gcc/arm-elf/3.4.4/../../../../arm-elf/lib/libc.a(memmove.o)
                              /home/holelee/bin/local/lib/gcc/arm-elf/3.4.4/../../../../arm-elf/lib/libc.a(fvwrite.o) (memmove)
/home/holelee/bin/local/lib/gcc/arm-elf/3.4.4/../../../../arm-elf/lib/libc.a(memset.o)
                              /home/holelee/bin/local/lib/gcc/arm-elf/3.4.4/../../../../arm-elf/lib/libc.a(vfprintf.o) (memset)
/home/holelee/bin/local/lib/gcc/arm-elf/3.4.4/../../../../arm-elf/lib/libc.a(mlock.o)
                              /home/holelee/bin/local/lib/gcc/arm-elf/3.4.4/../../../../arm-elf/lib/libc.a(freer.o) (__malloc_lock)
/home/holelee/bin/local/lib/gcc/arm-elf/3.4.4/../../../../arm-elf/lib/libc.a(mprec.o)
                              /home/holelee/bin/local/lib/gcc/arm-elf/3.4.4/../../../../arm-elf/lib/libc.a(dtoa.o) (__mprec_bigtens)
/home/holelee/bin/local/lib/gcc/arm-elf/3.4.4/../../../../arm-elf/lib/libc.a(reallocr.o)
                              /home/holelee/bin/local/lib/gcc/arm-elf/3.4.4/../../../../arm-elf/lib/libc.a(fvwrite.o) (_realloc_r)
/home/holelee/bin/local/lib/gcc/arm-elf/3.4.4/../../../../arm-elf/lib/libc.a(sbrkr.o)
                              /home/holelee/bin/local/lib/gcc/arm-elf/3.4.4/../../../../arm-elf/lib/libc.a(freer.o) (_sbrk_r)
/home/holelee/bin/local/lib/gcc/arm-elf/3.4.4/../../../../arm-elf/lib/libc.a(s_isinf.o)
                              /home/holelee/bin/local/lib/gcc/arm-elf/3.4.4/../../../../arm-elf/lib/libc.a(vfprintf.o) (isinf)
/home/holelee/bin/local/lib/gcc/arm-elf/3.4.4/../../../../arm-elf/lib/libc.a(s_isnan.o)
                              /home/holelee/bin/local/lib/gcc/arm-elf/3.4.4/../../../../arm-elf/lib/libc.a(vfprintf.o) (isnan)
/home/holelee/bin/local/lib/gcc/arm-elf/3.4.4/../../../../arm-elf/lib/libc.a(stdio.o)
                              /home/holelee/bin/local/lib/gcc/arm-elf/3.4.4/../../../../arm-elf/lib/libc.a(findfp.o) (__sread)
/home/holelee/bin/local/lib/gcc/arm-elf/3.4.4/../../../../arm-elf/lib/libc.a(strcmp.o)
                              /home/holelee/bin/local/lib/gcc/arm-elf/3.4.4/../../../../arm-elf/lib/libc.a(wctomb_r.o) (strcmp)
/home/holelee/bin/local/lib/gcc/arm-elf/3.4.4/../../../../arm-elf/lib/libc.a(strlen.o)
                              /home/holelee/bin/local/lib/gcc/arm-elf/3.4.4/../../../../arm-elf/lib/libc.a(vfprintf.o) (strlen)
/home/holelee/bin/local/lib/gcc/arm-elf/3.4.4/../../../../arm-elf/lib/libc.a(syscalls.o)
                              /home/holelee/bin/local/lib/gcc/arm-elf/3.4.4/../../../../arm-elf/lib/libc.a(sbrkr.o) (_sbrk)
/home/holelee/bin/local/lib/gcc/arm-elf/3.4.4/../../../../arm-elf/lib/libc.a(writer.o)
                              /home/holelee/bin/local/lib/gcc/arm-elf/3.4.4/../../../../arm-elf/lib/libc.a(stdio.o) (_write_r)
/home/holelee/bin/local/lib/gcc/arm-elf/3.4.4/../../../../arm-elf/lib/libc.a(callocr.o)
                              /home/holelee/bin/local/lib/gcc/arm-elf/3.4.4/../../../../arm-elf/lib/libc.a(mprec.o) (_calloc_r)
/home/holelee/bin/local/lib/gcc/arm-elf/3.4.4/../../../../arm-elf/lib/libc.a(closer.o)
                              /home/holelee/bin/local/lib/gcc/arm-elf/3.4.4/../../../../arm-elf/lib/libc.a(stdio.o) (_close_r)
/home/holelee/bin/local/lib/gcc/arm-elf/3.4.4/../../../../arm-elf/lib/libc.a(errno.o)
                              /home/holelee/bin/local/lib/gcc/arm-elf/3.4.4/../../../../arm-elf/lib/libc.a(syscalls.o) (__errno)
/home/holelee/bin/local/lib/gcc/arm-elf/3.4.4/../../../../arm-elf/lib/libc.a(fclose.o)
                              /home/holelee/bin/local/lib/gcc/arm-elf/3.4.4/../../../../arm-elf/lib/libc.a(findfp.o) (fclose)
/home/holelee/bin/local/lib/gcc/arm-elf/3.4.4/../../../../arm-elf/lib/libc.a(fstatr.o)
                              /home/holelee/bin/local/lib/gcc/arm-elf/3.4.4/../../../../arm-elf/lib/libc.a(makebuf.o) (_fstat_r)
/home/holelee/bin/local/lib/gcc/arm-elf/3.4.4/../../../../arm-elf/lib/libc.a(lseekr.o)
                              /home/holelee/bin/local/lib/gcc/arm-elf/3.4.4/../../../../arm-elf/lib/libc.a(stdio.o) (_lseek_r)
/home/holelee/bin/local/lib/gcc/arm-elf/3.4.4/../../../../arm-elf/lib/libc.a(readr.o)
                              /home/holelee/bin/local/lib/gcc/arm-elf/3.4.4/../../../../arm-elf/lib/libc.a(stdio.o) (_read_r)
/home/holelee/bin/local/lib/gcc/arm-elf/3.4.4/../../../../arm-elf/lib/libc.a(reent.o)
                              /home/holelee/bin/local/lib/gcc/arm-elf/3.4.4/../../../../arm-elf/lib/libc.a(sbrkr.o) (errno)
/home/holelee/bin/local/lib/gcc/arm-elf/3.4.4/libgcc.a(_udivsi3.o)
                              /home/holelee/bin/local/lib/gcc/arm-elf/3.4.4/../../../../arm-elf/lib/libc.a(dtoa.o) (__udivsi3)
/home/holelee/bin/local/lib/gcc/arm-elf/3.4.4/libgcc.a(_dvmd_tls.o)
                              /home/holelee/bin/local/lib/gcc/arm-elf/3.4.4/libgcc.a(_udivsi3.o) (__div0)
/home/holelee/bin/local/lib/gcc/arm-elf/3.4.4/libgcc.a(_addsubdf3.o)
                              /home/holelee/bin/local/lib/gcc/arm-elf/3.4.4/../../../../arm-elf/lib/libc.a(dtoa.o) (__subdf3)
/home/holelee/bin/local/lib/gcc/arm-elf/3.4.4/libgcc.a(_muldivdf3.o)
                              /home/holelee/bin/local/lib/gcc/arm-elf/3.4.4/../../../../arm-elf/lib/libc.a(dtoa.o) (__muldf3)
/home/holelee/bin/local/lib/gcc/arm-elf/3.4.4/libgcc.a(_cmpdf2.o)
                              /home/holelee/bin/local/lib/gcc/arm-elf/3.4.4/../../../../arm-elf/lib/libc.a(dtoa.o) (__gtdf2)
/home/holelee/bin/local/lib/gcc/arm-elf/3.4.4/libgcc.a(_fixdfsi.o)
                              /home/holelee/bin/local/lib/gcc/arm-elf/3.4.4/../../../../arm-elf/lib/libc.a(dtoa.o) (__fixdfsi)

Allocating common symbols
Common symbol       size              file

ISRTAB              0x80              main.o
CardType            0x1               main.o
errno               0x4               /home/holelee/bin/local/lib/gcc/arm-elf/3.4.4/../../../../arm-elf/lib/libc.a(reent.o)

Memory Configuration

Name             Origin             Length             Attributes
rom              0x00000000         0x00200000
ram              0x10000000         0x0000e800
stack_ram        0x1000e800         0x00001800
*default*        0x00000000         0xffffffff

Linker script and memory map

LOAD start.o
LOAD main.o
LOAD rgbdata.o
LOAD sounddata.o
START GROUP
LOAD /home/holelee/bin/local/lib/gcc/arm-elf/3.4.4/../../../../arm-elf/lib/libc.a
LOAD /home/holelee/bin/local/lib/gcc/arm-elf/3.4.4/libgcc.a
LOAD /home/holelee/bin/local/lib/gcc/arm-elf/3.4.4/../../../../arm-elf/lib/libm.a
END GROUP
                0x00000000                . = 0x0

.text           0x00000000   0x18c400
 *(.vects)
 *(.text)
 .text          0x00000000      0x218 start.o
                0x00000180                Enable_IRQ
                0x00000148                Disable_IRQ
                0x00000164                Disable_FIQ
                0x00000000                _start
 .text          0x00000218     0x3fc4 main.o
                0x000029d0                MMCTest
                0x00003838                PSM_2ByteWriteAndCheck
                0x00001114                SDMMCEraseBlock
                0x00000bfc                IsrTIMER5_TOF
                0x000007b4                IsrTIMER2_TOF
                0x00002b54                MMCcheck
                0x00000244                EnableVIC
                0x000004bc                EnableINT
                0x00000990                IsrIIC1_AAS
                0x000034dc                PSM_3ByteRead
                0x00000908                IsrEINT7
                0x00000880                IsrEINT5
                0x00000660                IsrIIC0_AAS
                0x00003d70                DM_Test
                0x000010a0                AbortCommandSend
                0x00000cc8                IsrTIMER6_TMC
                0x00001080                UART_getch
                0x00000594                IsrEINT2
                0x00000e4c                UART_puts
                0x00001250                SDMMCReadMultiple
                0x000031a8                AutoReadMulti
                0x00000d94                GPIO_OutputEnable
                0x00000dac                GPIO_Write
                0x000033b4                PSM_2ByteWrite
                0x000004d4                DisableINT
                0x00001838                SDMMCWriteDMAtest
                0x00000440                RequestIRQ
                0x00000428                EnableIRQ
                0x00000aec                IsrTIMER3_TOF
                0x00000550                IsrEINT1
                0x000006a4                IsrTIMER0_TOF
                0x00000a20                IsrADC
                0x00003774                PSM_InitialTest
                0x000015f4                DMACNoDescrp
                0x0000072c                IsrTIMER1_TOF
                0x00001670                DMACDisable
                0x00003b1c                BGM_Start
                0x00003e78                DDR_Test
                0x00000f6c                UART_putchhex32
                0x00000aa8                IsrURX
                0x00000480                ReleaseIRQ
                0x00003240                DMACUseDescrp
                0x000008c4                IsrEINT6
                0x00000d50                IsrTIMER7_TMC
                0x0000083c                IsrEINT4
                0x00003ce0                InitializeDDRCtrl
                0x00001404                SDMMCReadSingle
                0x00002e94                SDWriteMultipleSim
                0x00003334                InitializePSM
                0x0000094c                IsrIIC1
                0x00000b30                IsrTIMER3_TMC
                0x00004128                main
                0x00000218                InterruptServiceRoutine
                0x000009d4                IsrWDT
                0x00003274                DMACMemCopy
                0x00000ef0                UART_putchhex16
                0x00001a3c                SDMMCWaitRsp
                0x00000dd0                GPIO_Read
                0x00000b74                IsrTIMER4_TOF
                0x0000169c                SDMMCReadDMAtest
                0x00000494                AckIRQ
                0x000035c4                PSM_2ByteReadCheck
                0x00000bb8                IsrTIMER4_TMC
                0x00001f18                SDMMCWriteSingle
                0x00003438                PSM_3ByteWrite
                0x00000770                IsrTIMER1_TMC
                0x00003224                DMACEnable
                0x00000de8                UART_Initial
                0x00000418                DisableVIC
                0x00001044                UART_printf
                0x00001a28                SDMMCClockFreqSet
                0x00001aec                SDMMCWriteMultiple
                0x00000c84                IsrTIMER6_TOF
                0x0000050c                IsrEINT0
                0x000038b8                InterruptStatusPrint
                0x000010e4                SDMMCCmdSend
                0x00000d0c                IsrTIMER7_TOF
                0x000005d8                IsrEINT3
                0x00000a64                IsrUTX
                0x000007f8                IsrTIMER2_TMC
                0x000006e8                IsrTIMER0_TMC
                0x00000c40                IsrTIMER5_TMC
                0x00000ea8                UART_putchhex
                0x00003098                SDReadMultipleSim
                0x00002db0                MMCReadSingleSim
                0x0000061c                IsrIIC0
                0x00000e2c                UART_putch
                0x00000450                DisableIRQ
                0x00002134                SDMMCInitialize
 .text          0x000041dc       0x90 /home/holelee/bin/local/lib/gcc/arm-elf/3.4.4/../../../../arm-elf/lib/libc.a(memcpy.o)
                0x000041dc                memcpy
 .text          0x0000426c       0xd4 /home/holelee/bin/local/lib/gcc/arm-elf/3.4.4/../../../../arm-elf/lib/libc.a(vsnprintf.o)
                0x0000426c                vsnprintf
                0x000042dc                _vsnprintf_r
 .text          0x00004340     0x1d5c /home/holelee/bin/local/lib/gcc/arm-elf/3.4.4/../../../../arm-elf/lib/libc.a(vfprintf.o)
                0x00004388                _vfprintf_r
                0x00006070                vfprintf
 .text          0x0000609c       0x7c /home/holelee/bin/local/lib/gcc/arm-elf/3.4.4/../../../../arm-elf/lib/libc.a(wcrtomb.o)
                0x0000609c                _wcrtomb_r
                0x000060ec                wcrtomb
 .text          0x00006118      0x15c /home/holelee/bin/local/lib/gcc/arm-elf/3.4.4/../../../../arm-elf/lib/libc.a(wcsrtombs.o)
                0x00006118                _wcsrtombs_r
                0x00006234                wcsrtombs
 .text          0x00006274      0x3e8 /home/holelee/bin/local/lib/gcc/arm-elf/3.4.4/../../../../arm-elf/lib/libc.a(wctomb_r.o)
                0x00006274                _wctomb_r
 .text          0x0000665c      0x100 /home/holelee/bin/local/lib/gcc/arm-elf/3.4.4/../../../../arm-elf/lib/libc.a(wsetup.o)
                0x0000665c                __swsetup
 .text          0x0000675c     0x1574 /home/holelee/bin/local/lib/gcc/arm-elf/3.4.4/../../../../arm-elf/lib/libc.a(dtoa.o)
                0x00006950                _dtoa_r
 .text          0x00007cd0       0xec /home/holelee/bin/local/lib/gcc/arm-elf/3.4.4/../../../../arm-elf/lib/libc.a(fflush.o)
                0x00007cd0                fflush
 .text          0x00007dbc      0x280 /home/holelee/bin/local/lib/gcc/arm-elf/3.4.4/../../../../arm-elf/lib/libc.a(findfp.o)
                0x00007ea4                __sinit
                0x00007e18                __sfmoreglue
                0x00007e8c                _cleanup
                0x00007e80                _cleanup_r
                0x0000800c                __fp_lock_all
                0x00007e78                __sfp_lock_acquire
                0x00007f24                __sfp
                0x00007ea0                __sinit_lock_release
                0x00008024                __fp_unlock_all
                0x00007e7c                __sfp_lock_release
                0x00007e9c                __sinit_lock_acquire
 .text          0x0000803c      0x338 /home/holelee/bin/local/lib/gcc/arm-elf/3.4.4/../../../../arm-elf/lib/libc.a(freer.o)
                0x00008140                _free_r
                0x0000803c                _malloc_trim_r
 .text          0x00008374      0x3cc /home/holelee/bin/local/lib/gcc/arm-elf/3.4.4/../../../../arm-elf/lib/libc.a(fvwrite.o)
                0x00008374                __sfvwrite
 .text          0x00008740      0x104 /home/holelee/bin/local/lib/gcc/arm-elf/3.4.4/../../../../arm-elf/lib/libc.a(fwalk.o)
                0x00008740                _fwalk
                0x000087c0                _fwalk_reent
 .text          0x00008844       0xac /home/holelee/bin/local/lib/gcc/arm-elf/3.4.4/../../../../arm-elf/lib/libc.a(locale.o)
                0x00008844                _setlocale_r
                0x000088a8                __locale_charset
                0x000088b8                _localeconv_r
                0x000088c4                setlocale
                0x000088e0                localeconv
 .text          0x000088f0      0x154 /home/holelee/bin/local/lib/gcc/arm-elf/3.4.4/../../../../arm-elf/lib/libc.a(makebuf.o)
                0x000088f0                __smakebuf
 .text          0x00008a44      0x6c8 /home/holelee/bin/local/lib/gcc/arm-elf/3.4.4/../../../../arm-elf/lib/libc.a(mallocr.o)
                0x00008a44                _malloc_r
 .text          0x0000910c       0xd0 /home/holelee/bin/local/lib/gcc/arm-elf/3.4.4/../../../../arm-elf/lib/libc.a(memchr.o)
                0x0000910c                memchr
 .text          0x000091dc       0xd4 /home/holelee/bin/local/lib/gcc/arm-elf/3.4.4/../../../../arm-elf/lib/libc.a(memmove.o)
                0x000091dc                memmove
 .text          0x000092b0       0x78 /home/holelee/bin/local/lib/gcc/arm-elf/3.4.4/../../../../arm-elf/lib/libc.a(memset.o)
                0x000092b0                memset
 .text          0x00009328        0x8 /home/holelee/bin/local/lib/gcc/arm-elf/3.4.4/../../../../arm-elf/lib/libc.a(mlock.o)
                0x0000932c                __malloc_unlock
                0x00009328                __malloc_lock
 .text          0x00009330      0xc24 /home/holelee/bin/local/lib/gcc/arm-elf/3.4.4/../../../../arm-elf/lib/libc.a(mprec.o)
                0x00009eec                _mprec_log10
                0x00009588                _hi0bits
                0x00009330                _Balloc
                0x00009d48                _d2b
                0x000096a0                _multiply
                0x00009e6c                _ratio
                0x000094b0                _s2b
                0x00009678                _i2b
                0x000095e4                _lo0bits
                0x00009aa0                __mcmp
                0x00009890                _pow5mult
                0x00009c24                _ulp
                0x00009c94                _b2d
                0x000093e0                _multadd
                0x00009af4                __mdiff
                0x000099a4                _lshift
                0x000093c4                _Bfree
 .text          0x00009f54      0x4b0 /home/holelee/bin/local/lib/gcc/arm-elf/3.4.4/../../../../arm-elf/lib/libc.a(reallocr.o)
                0x00009f54                _realloc_r
 .text          0x0000a404       0x40 /home/holelee/bin/local/lib/gcc/arm-elf/3.4.4/../../../../arm-elf/lib/libc.a(sbrkr.o)
                0x0000a404                _sbrk_r
 .text          0x0000a444       0x3c /home/holelee/bin/local/lib/gcc/arm-elf/3.4.4/../../../../arm-elf/lib/libc.a(s_isinf.o)
                0x0000a444                isinf
 .text          0x0000a480       0x20 /home/holelee/bin/local/lib/gcc/arm-elf/3.4.4/../../../../arm-elf/lib/libc.a(s_isnan.o)
                0x0000a480                isnan
 .text          0x0000a4a0      0x11c /home/holelee/bin/local/lib/gcc/arm-elf/3.4.4/../../../../arm-elf/lib/libc.a(stdio.o)
                0x0000a558                __sseek
                0x0000a4a0                __sread
                0x0000a5a8                __sclose
                0x0000a4ec                __swrite
 .text          0x0000a5bc       0xa8 /home/holelee/bin/local/lib/gcc/arm-elf/3.4.4/../../../../arm-elf/lib/libc.a(strcmp.o)
                0x0000a5bc                strcmp
 .text          0x0000a664       0x58 /home/holelee/bin/local/lib/gcc/arm-elf/3.4.4/../../../../arm-elf/lib/libc.a(strlen.o)
                0x0000a664                strlen
 .text          0x0000a6bc      0x784 /home/holelee/bin/local/lib/gcc/arm-elf/3.4.4/../../../../arm-elf/lib/libc.a(syscalls.o)
                0x0000ac64                _getpid
                0x0000a760                initialise_monitor_handles
                0x0000adf0                isatty
                0x0000acc8                _fstat
                0x0000ab94                _open
                0x0000ac6c                _sbrk
                0x0000ad68                _raise
                0x0000adb4                _times
                0x0000ad00                _stat
                0x0000aa04                _lseek
                0x0000ad58                _link
                0x0000aa1c                _swiwrite
                0x0000ae20                _rename
                0x0000a924                _swilseek
                0x0000abb4                _swiclose
                0x0000aae0                _swiopen
                0x0000ad60                _unlink
                0x0000aa68                _write
                0x0000ac3c                _kill
                0x0000ad6c                _gettimeofday
                0x0000a8b4                _read
                0x0000ac1c                _exit
                0x0000adf8                _system
                0x0000a868                _swiread
                0x0000ac04                _close
 .text          0x0000ae40       0x48 /home/holelee/bin/local/lib/gcc/arm-elf/3.4.4/../../../../arm-elf/lib/libc.a(writer.o)
                0x0000ae40                _write_r
 .text          0x0000ae88       0x98 /home/holelee/bin/local/lib/gcc/arm-elf/3.4.4/../../../../arm-elf/lib/libc.a(callocr.o)
                0x0000ae88                _calloc_r
 .text          0x0000af20       0x40 /home/holelee/bin/local/lib/gcc/arm-elf/3.4.4/../../../../arm-elf/lib/libc.a(closer.o)
                0x0000af20                _close_r
 .text          0x0000af60       0x10 /home/holelee/bin/local/lib/gcc/arm-elf/3.4.4/../../../../arm-elf/lib/libc.a(errno.o)
                0x0000af60                __errno
 .text          0x0000af70      0x14c /home/holelee/bin/local/lib/gcc/arm-elf/3.4.4/../../../../arm-elf/lib/libc.a(fclose.o)
                0x0000af70                _fclose_r
                0x0000b0a8                fclose
 .text          0x0000b0bc       0x44 /home/holelee/bin/local/lib/gcc/arm-elf/3.4.4/../../../../arm-elf/lib/libc.a(fstatr.o)
                0x0000b0bc                _fstat_r
 .text          0x0000b100       0x48 /home/holelee/bin/local/lib/gcc/arm-elf/3.4.4/../../../../arm-elf/lib/libc.a(lseekr.o)
                0x0000b100                _lseek_r
 .text          0x0000b148       0x48 /home/holelee/bin/local/lib/gcc/arm-elf/3.4.4/../../../../arm-elf/lib/libc.a(readr.o)
                0x0000b148                _read_r
 .text          0x0000b190      0x1ac /home/holelee/bin/local/lib/gcc/arm-elf/3.4.4/../../../../arm-elf/lib/libc.a(reent.o)
                0x0000b190                cleanup_glue
                0x0000b1c8                _reclaim_reent
                0x0000b2c8                _wrapup_reent
 .text          0x0000b33c       0xf8 /home/holelee/bin/local/lib/gcc/arm-elf/3.4.4/libgcc.a(_udivsi3.o)
                0x0000b33c                __udivsi3
 .text          0x0000b434        0x4 /home/holelee/bin/local/lib/gcc/arm-elf/3.4.4/libgcc.a(_dvmd_tls.o)
                0x0000b434                __div0
 .text          0x0000b438      0x388 /home/holelee/bin/local/lib/gcc/arm-elf/3.4.4/libgcc.a(_addsubdf3.o)
                0x0000b748                __floatsidf
                0x0000b774                __extendsfdf2
                0x0000b43c                __adddf3
                0x0000b720                __floatunsidf
                0x0000b438                __subdf3
 .text          0x0000b7c0      0x4c4 /home/holelee/bin/local/lib/gcc/arm-elf/3.4.4/libgcc.a(_muldivdf3.o)
                0x0000ba18                __divdf3
                0x0000b7c0                __muldf3
 .text          0x0000bc84       0xa4 /home/holelee/bin/local/lib/gcc/arm-elf/3.4.4/libgcc.a(_cmpdf2.o)
                0x0000bc94                __cmpdf2
                0x0000bc94                __eqdf2
                0x0000bc84                __gtdf2
                0x0000bc8c                __ltdf2
                0x0000bc8c                __ledf2
                0x0000bc94                __nedf2
                0x0000bc84                __gedf2
 .text          0x0000bd28       0x80 /home/holelee/bin/local/lib/gcc/arm-elf/3.4.4/libgcc.a(_fixdfsi.o)
                0x0000bd28                __fixdfsi
 *(.stub)
 *(.rodata)
 .rodata        0x0000bda8       0x48 main.o
 .rodata        0x0000bdf0    0x7f800 rgbdata.o
                0x0000bdf0                rgbdata
 .rodata        0x0008b5f0   0x100000 sounddata.o
                0x0008b5f0                sounddata
 .rodata        0x0018b5f0        0x4 /home/holelee/bin/local/lib/gcc/arm-elf/3.4.4/../../../../arm-elf/lib/libc.a(impure.o)
                0x0018b5f0                _global_impure_ptr
 .rodata        0x0018b5f4       0x20 /home/holelee/bin/local/lib/gcc/arm-elf/3.4.4/../../../../arm-elf/lib/libc.a(vfprintf.o)
 .rodata        0x0018b614       0x30 /home/holelee/bin/local/lib/gcc/arm-elf/3.4.4/../../../../arm-elf/lib/libc.a(locale.o)
 .rodata        0x0018b644      0x124 /home/holelee/bin/local/lib/gcc/arm-elf/3.4.4/../../../../arm-elf/lib/libc.a(mprec.o)
                0x0018b644                __mprec_tinytens
                0x0018b694                __mprec_tens
                0x0018b66c                __mprec_bigtens
 *(.rodata1)
 *(.rodata.str1.4)
 .rodata.str1.4
                0x0018b768      0xbf4 main.o
                                0xc14 (size before relaxing)
 .rodata.str1.4
                0x0018c35c        0x2 /home/holelee/bin/local/lib/gcc/arm-elf/3.4.4/../../../../arm-elf/lib/libc.a(impure.o)
                                  0x4 (size before relaxing)
 *fill*         0x0018c35e        0x2 00
 .rodata.str1.4
                0x0018c360       0x5e /home/holelee/bin/local/lib/gcc/arm-elf/3.4.4/../../../../arm-elf/lib/libc.a(vfprintf.o)
                                 0x64 (size before relaxing)
 *fill*         0x0018c3be        0x2 00
 .rodata.str1.4
                0x0018c3c0       0x1e /home/holelee/bin/local/lib/gcc/arm-elf/3.4.4/../../../../arm-elf/lib/libc.a(wctomb_r.o)
                                 0x20 (size before relaxing)
 *fill*         0x0018c3de        0x2 00
 .rodata.str1.4
                0x0018c3e0        0xd /home/holelee/bin/local/lib/gcc/arm-elf/3.4.4/../../../../arm-elf/lib/libc.a(dtoa.o)
                                 0x14 (size before relaxing)
 *fill*         0x0018c3ed        0x3 00
 .rodata.str1.4
                0x0018c3f0        0xb /home/holelee/bin/local/lib/gcc/arm-elf/3.4.4/../../../../arm-elf/lib/libc.a(locale.o)
                                 0x18 (size before relaxing)
 *fill*         0x0018c3fb        0x1 00
 .rodata.str1.4
                0x0018c3fc        0x4 /home/holelee/bin/local/lib/gcc/arm-elf/3.4.4/../../../../arm-elf/lib/libc.a(syscalls.o)
 *(.glue_7t)
 *(.glue_7)
                0x0018c400                ___ctors = .
 *(.ctors)
                0x0018c400                ___ctors_end = .
                0x0018c400                ___dtors = .
 *(.dtors)
                0x0018c400                ___dtors_end = .
                0x0018c400                _etext = .
                0x0018c400                . = ALIGN (0x4)
                0x0018c400                ___shadow_data = .
                0x0018c400                PROVIDE (etext, .)
                0x0018c400                PROVIDE (___shadow_data, .)
                0x0018c400                _erodata = .
                0x0018c400                _data = .

.data           0x10000000      0x82c load address 0x0018c400
                0x10000000                . = ALIGN (0x4)
                0x10000000                _data_reload = .
                0x10000000                PROVIDE (___data_reload, .)
 *(.data)
 .data          0x10000000        0x1 main.o
                0x10000000                BitMode1
 *fill*         0x10000001        0x3 00
 .data          0x10000004      0x404 /home/holelee/bin/local/lib/gcc/arm-elf/3.4.4/../../../../arm-elf/lib/libc.a(impure.o)
                0x10000404                _impure_ptr
 .data          0x10000408       0x14 /home/holelee/bin/local/lib/gcc/arm-elf/3.4.4/../../../../arm-elf/lib/libc.a(locale.o)
                0x10000414                __mb_cur_max
                0x10000408                __lc_ctype
 .data          0x1000041c      0x410 /home/holelee/bin/local/lib/gcc/arm-elf/3.4.4/../../../../arm-elf/lib/libc.a(mallocr.o)
                0x1000041c                __malloc_sbrk_base
                0x10000424                __malloc_av_
                0x10000420                __malloc_trim_threshold
 *(.sdata)
                0x1000082c                . = ALIGN (0x4)
                0x1000082c                _edata = .
                0x1000082c                PROVIDE (edata, .)

.bss            0x1000082c     0x2c20
                0x1000082c                . = ALIGN (0x4)
                0x1000082c                __bss_start = .
 *(.dynbss)
 *(.bss)
 .bss           0x1000082c     0x2aa8 main.o
                0x10000830                SDDATA
                0x1000082c                BitMode4
                0x1000082d                BitMode8
 .bss           0x100032d4        0xc /home/holelee/bin/local/lib/gcc/arm-elf/3.4.4/../../../../arm-elf/lib/libc.a(locale.o)
                0x100032dc                __nlocale_changed
                0x100032d8                __mlocale_changed
                0x100032d4                _PathLocale
 .bss           0x100032e0       0x34 /home/holelee/bin/local/lib/gcc/arm-elf/3.4.4/../../../../arm-elf/lib/libc.a(mallocr.o)
                0x10003310                __malloc_top_pad
                0x1000330c                __malloc_max_sbrked_mem
                0x100032e0                __malloc_current_mallinfo
                0x10003308                __malloc_max_total_mem
 .bss           0x10003314       0xb0 /home/holelee/bin/local/lib/gcc/arm-elf/3.4.4/../../../../arm-elf/lib/libc.a(syscalls.o)
 *(COMMON)
 COMMON         0x100033c4       0x81 main.o
                0x100033c4                ISRTAB
                0x10003444                CardType
 *fill*         0x10003445        0x3 00
 COMMON         0x10003448        0x4 /home/holelee/bin/local/lib/gcc/arm-elf/3.4.4/../../../../arm-elf/lib/libc.a(reent.o)
                0x10003448                errno
                0x1000344c                . = ALIGN (0x4)
                0x1000344c                __bss_end = .

.stack          0x1000e800     0x1800
 *(.stack)
                0x1000f000                . = (. + 0x800)
 *fill*         0x1000e800      0x800 00
                0x1000f000                _stack = .
                0x1000f800                . = (. + 0x800)
 *fill*         0x1000f000      0x800 00
                0x1000f800                _irq_stack = .
                0x10010000                . = (. + 0x800)
 *fill*         0x1000f800      0x800 00
                0x10010000                _svc_stack = .
                0x10010000                _end = .
                0x10010000                PROVIDE (end, .)

.stab
 *(.stab)

.stabstr
 *(.stabstr)

.stab.excl
 *(.stab.excl)

.stab.exclstr
 *(.stab.exclstr)

.stab.index
 *(.stab.index)

.stab.indexstr
 *(.stab.indexstr)

.comment        0x00000000      0x2f4
 *(.comment)
 .comment       0x00000000       0x12 main.o
 .comment       0x00000012       0x12 rgbdata.o
 .comment       0x00000024       0x12 sounddata.o
 .comment       0x00000036       0x12 /home/holelee/bin/local/lib/gcc/arm-elf/3.4.4/../../../../arm-elf/lib/libc.a(memcpy.o)
 .comment       0x00000048       0x12 /home/holelee/bin/local/lib/gcc/arm-elf/3.4.4/../../../../arm-elf/lib/libc.a(vsnprintf.o)
 .comment       0x0000005a       0x12 /home/holelee/bin/local/lib/gcc/arm-elf/3.4.4/../../../../arm-elf/lib/libc.a(impure.o)
 .comment       0x0000006c       0x12 /home/holelee/bin/local/lib/gcc/arm-elf/3.4.4/../../../../arm-elf/lib/libc.a(vfprintf.o)
 .comment       0x0000007e       0x12 /home/holelee/bin/local/lib/gcc/arm-elf/3.4.4/../../../../arm-elf/lib/libc.a(wcrtomb.o)
 .comment       0x00000090       0x12 /home/holelee/bin/local/lib/gcc/arm-elf/3.4.4/../../../../arm-elf/lib/libc.a(wcsrtombs.o)
 .comment       0x000000a2       0x12 /home/holelee/bin/local/lib/gcc/arm-elf/3.4.4/../../../../arm-elf/lib/libc.a(wctomb_r.o)
 .comment       0x000000b4       0x12 /home/holelee/bin/local/lib/gcc/arm-elf/3.4.4/../../../../arm-elf/lib/libc.a(wsetup.o)
 .comment       0x000000c6       0x12 /home/holelee/bin/local/lib/gcc/arm-elf/3.4.4/../../../../arm-elf/lib/libc.a(dtoa.o)
 .comment       0x000000d8       0x12 /home/holelee/bin/local/lib/gcc/arm-elf/3.4.4/../../../../arm-elf/lib/libc.a(fflush.o)
 .comment       0x000000ea       0x12 /home/holelee/bin/local/lib/gcc/arm-elf/3.4.4/../../../../arm-elf/lib/libc.a(findfp.o)
 .comment       0x000000fc       0x12 /home/holelee/bin/local/lib/gcc/arm-elf/3.4.4/../../../../arm-elf/lib/libc.a(freer.o)
 .comment       0x0000010e       0x12 /home/holelee/bin/local/lib/gcc/arm-elf/3.4.4/../../../../arm-elf/lib/libc.a(fvwrite.o)
 .comment       0x00000120       0x12 /home/holelee/bin/local/lib/gcc/arm-elf/3.4.4/../../../../arm-elf/lib/libc.a(fwalk.o)
 .comment       0x00000132       0x12 /home/holelee/bin/local/lib/gcc/arm-elf/3.4.4/../../../../arm-elf/lib/libc.a(locale.o)
 .comment       0x00000144       0x12 /home/holelee/bin/local/lib/gcc/arm-elf/3.4.4/../../../../arm-elf/lib/libc.a(makebuf.o)
 .comment       0x00000156       0x12 /home/holelee/bin/local/lib/gcc/arm-elf/3.4.4/../../../../arm-elf/lib/libc.a(mallocr.o)
 .comment       0x00000168       0x12 /home/holelee/bin/local/lib/gcc/arm-elf/3.4.4/../../../../arm-elf/lib/libc.a(memchr.o)
 .comment       0x0000017a       0x12 /home/holelee/bin/local/lib/gcc/arm-elf/3.4.4/../../../../arm-elf/lib/libc.a(memmove.o)
 .comment       0x0000018c       0x12 /home/holelee/bin/local/lib/gcc/arm-elf/3.4.4/../../../../arm-elf/lib/libc.a(memset.o)
 .comment       0x0000019e       0x12 /home/holelee/bin/local/lib/gcc/arm-elf/3.4.4/../../../../arm-elf/lib/libc.a(mlock.o)
 .comment       0x000001b0       0x12 /home/holelee/bin/local/lib/gcc/arm-elf/3.4.4/../../../../arm-elf/lib/libc.a(mprec.o)
 .comment       0x000001c2       0x12 /home/holelee/bin/local/lib/gcc/arm-elf/3.4.4/../../../../arm-elf/lib/libc.a(reallocr.o)
 .comment       0x000001d4       0x12 /home/holelee/bin/local/lib/gcc/arm-elf/3.4.4/../../../../arm-elf/lib/libc.a(sbrkr.o)
 .comment       0x000001e6       0x12 /home/holelee/bin/local/lib/gcc/arm-elf/3.4.4/../../../../arm-elf/lib/libc.a(s_isinf.o)
 .comment       0x000001f8       0x12 /home/holelee/bin/local/lib/gcc/arm-elf/3.4.4/../../../../arm-elf/lib/libc.a(s_isnan.o)
 .comment       0x0000020a       0x12 /home/holelee/bin/local/lib/gcc/arm-elf/3.4.4/../../../../arm-elf/lib/libc.a(stdio.o)
 .comment       0x0000021c       0x12 /home/holelee/bin/local/lib/gcc/arm-elf/3.4.4/../../../../arm-elf/lib/libc.a(strcmp.o)
 .comment       0x0000022e       0x12 /home/holelee/bin/local/lib/gcc/arm-elf/3.4.4/../../../../arm-elf/lib/libc.a(strlen.o)
 .comment       0x00000240       0x12 /home/holelee/bin/local/lib/gcc/arm-elf/3.4.4/../../../../arm-elf/lib/libc.a(syscalls.o)
 .comment       0x00000252       0x12 /home/holelee/bin/local/lib/gcc/arm-elf/3.4.4/../../../../arm-elf/lib/libc.a(writer.o)
 .comment       0x00000264       0x12 /home/holelee/bin/local/lib/gcc/arm-elf/3.4.4/../../../../arm-elf/lib/libc.a(callocr.o)
 .comment       0x00000276       0x12 /home/holelee/bin/local/lib/gcc/arm-elf/3.4.4/../../../../arm-elf/lib/libc.a(closer.o)
 .comment       0x00000288       0x12 /home/holelee/bin/local/lib/gcc/arm-elf/3.4.4/../../../../arm-elf/lib/libc.a(errno.o)
 .comment       0x0000029a       0x12 /home/holelee/bin/local/lib/gcc/arm-elf/3.4.4/../../../../arm-elf/lib/libc.a(fclose.o)
 .comment       0x000002ac       0x12 /home/holelee/bin/local/lib/gcc/arm-elf/3.4.4/../../../../arm-elf/lib/libc.a(fstatr.o)
 .comment       0x000002be       0x12 /home/holelee/bin/local/lib/gcc/arm-elf/3.4.4/../../../../arm-elf/lib/libc.a(lseekr.o)
 .comment       0x000002d0       0x12 /home/holelee/bin/local/lib/gcc/arm-elf/3.4.4/../../../../arm-elf/lib/libc.a(readr.o)
 .comment       0x000002e2       0x12 /home/holelee/bin/local/lib/gcc/arm-elf/3.4.4/../../../../arm-elf/lib/libc.a(reent.o)

.debug
 *(.debug)

.line
 *(.line)

.debug_srcinfo
 *(.debug_srcinfo)

.debug_sfnames
 *(.debug_sfnames)

.debug_aranges  0x00000000      0x580
 *(.debug_aranges)
 .debug_aranges
                0x00000000       0x20 /home/holelee/bin/local/lib/gcc/arm-elf/3.4.4/../../../../arm-elf/lib/libc.a(memcpy.o)
 .debug_aranges
                0x00000020       0x20 /home/holelee/bin/local/lib/gcc/arm-elf/3.4.4/../../../../arm-elf/lib/libc.a(vsnprintf.o)
 .debug_aranges
                0x00000040       0x20 /home/holelee/bin/local/lib/gcc/arm-elf/3.4.4/../../../../arm-elf/lib/libc.a(vfprintf.o)
 .debug_aranges
                0x00000060       0x20 /home/holelee/bin/local/lib/gcc/arm-elf/3.4.4/../../../../arm-elf/lib/libc.a(wcrtomb.o)
 .debug_aranges
                0x00000080       0x20 /home/holelee/bin/local/lib/gcc/arm-elf/3.4.4/../../../../arm-elf/lib/libc.a(wcsrtombs.o)
 .debug_aranges
                0x000000a0       0x20 /home/holelee/bin/local/lib/gcc/arm-elf/3.4.4/../../../../arm-elf/lib/libc.a(wctomb_r.o)
 .debug_aranges
                0x000000c0       0x20 /home/holelee/bin/local/lib/gcc/arm-elf/3.4.4/../../../../arm-elf/lib/libc.a(wsetup.o)
 .debug_aranges
                0x000000e0       0x20 /home/holelee/bin/local/lib/gcc/arm-elf/3.4.4/../../../../arm-elf/lib/libc.a(dtoa.o)
 .debug_aranges
                0x00000100       0x20 /home/holelee/bin/local/lib/gcc/arm-elf/3.4.4/../../../../arm-elf/lib/libc.a(fflush.o)
 .debug_aranges
                0x00000120       0x20 /home/holelee/bin/local/lib/gcc/arm-elf/3.4.4/../../../../arm-elf/lib/libc.a(findfp.o)
 .debug_aranges
                0x00000140       0x20 /home/holelee/bin/local/lib/gcc/arm-elf/3.4.4/../../../../arm-elf/lib/libc.a(freer.o)
 .debug_aranges
                0x00000160       0x20 /home/holelee/bin/local/lib/gcc/arm-elf/3.4.4/../../../../arm-elf/lib/libc.a(fvwrite.o)
 .debug_aranges
                0x00000180       0x20 /home/holelee/bin/local/lib/gcc/arm-elf/3.4.4/../../../../arm-elf/lib/libc.a(fwalk.o)
 .debug_aranges
                0x000001a0       0x20 /home/holelee/bin/local/lib/gcc/arm-elf/3.4.4/../../../../arm-elf/lib/libc.a(locale.o)
 .debug_aranges
                0x000001c0       0x20 /home/holelee/bin/local/lib/gcc/arm-elf/3.4.4/../../../../arm-elf/lib/libc.a(makebuf.o)
 .debug_aranges
                0x000001e0       0x20 /home/holelee/bin/local/lib/gcc/arm-elf/3.4.4/../../../../arm-elf/lib/libc.a(mallocr.o)
 .debug_aranges
                0x00000200       0x20 /home/holelee/bin/local/lib/gcc/arm-elf/3.4.4/../../../../arm-elf/lib/libc.a(memchr.o)
 .debug_aranges
                0x00000220       0x20 /home/holelee/bin/local/lib/gcc/arm-elf/3.4.4/../../../../arm-elf/lib/libc.a(memmove.o)
 .debug_aranges
                0x00000240       0x20 /home/holelee/bin/local/lib/gcc/arm-elf/3.4.4/../../../../arm-elf/lib/libc.a(memset.o)
 .debug_aranges
                0x00000260       0x20 /home/holelee/bin/local/lib/gcc/arm-elf/3.4.4/../../../../arm-elf/lib/libc.a(mlock.o)
 .debug_aranges
                0x00000280       0x20 /home/holelee/bin/local/lib/gcc/arm-elf/3.4.4/../../../../arm-elf/lib/libc.a(mprec.o)
 .debug_aranges
                0x000002a0       0x20 /home/holelee/bin/local/lib/gcc/arm-elf/3.4.4/../../../../arm-elf/lib/libc.a(reallocr.o)
 .debug_aranges
                0x000002c0       0x20 /home/holelee/bin/local/lib/gcc/arm-elf/3.4.4/../../../../arm-elf/lib/libc.a(sbrkr.o)
 .debug_aranges
                0x000002e0       0x20 /home/holelee/bin/local/lib/gcc/arm-elf/3.4.4/../../../../arm-elf/lib/libc.a(s_isinf.o)
 .debug_aranges
                0x00000300       0x20 /home/holelee/bin/local/lib/gcc/arm-elf/3.4.4/../../../../arm-elf/lib/libc.a(s_isnan.o)
 .debug_aranges
                0x00000320       0x20 /home/holelee/bin/local/lib/gcc/arm-elf/3.4.4/../../../../arm-elf/lib/libc.a(stdio.o)
 .debug_aranges
                0x00000340       0x20 /home/holelee/bin/local/lib/gcc/arm-elf/3.4.4/../../../../arm-elf/lib/libc.a(strcmp.o)
 .debug_aranges
                0x00000360       0x20 /home/holelee/bin/local/lib/gcc/arm-elf/3.4.4/../../../../arm-elf/lib/libc.a(strlen.o)
 .debug_aranges
                0x00000380       0x20 /home/holelee/bin/local/lib/gcc/arm-elf/3.4.4/../../../../arm-elf/lib/libc.a(syscalls.o)
 .debug_aranges
                0x000003a0       0x20 /home/holelee/bin/local/lib/gcc/arm-elf/3.4.4/../../../../arm-elf/lib/libc.a(writer.o)
 .debug_aranges
                0x000003c0       0x20 /home/holelee/bin/local/lib/gcc/arm-elf/3.4.4/../../../../arm-elf/lib/libc.a(callocr.o)
 .debug_aranges
                0x000003e0       0x20 /home/holelee/bin/local/lib/gcc/arm-elf/3.4.4/../../../../arm-elf/lib/libc.a(closer.o)
 .debug_aranges
                0x00000400       0x20 /home/holelee/bin/local/lib/gcc/arm-elf/3.4.4/../../../../arm-elf/lib/libc.a(errno.o)
 .debug_aranges
                0x00000420       0x20 /home/holelee/bin/local/lib/gcc/arm-elf/3.4.4/../../../../arm-elf/lib/libc.a(fclose.o)
 .debug_aranges
                0x00000440       0x20 /home/holelee/bin/local/lib/gcc/arm-elf/3.4.4/../../../../arm-elf/lib/libc.a(fstatr.o)
 .debug_aranges
                0x00000460       0x20 /home/holelee/bin/local/lib/gcc/arm-elf/3.4.4/../../../../arm-elf/lib/libc.a(lseekr.o)
 .debug_aranges
                0x00000480       0x20 /home/holelee/bin/local/lib/gcc/arm-elf/3.4.4/../../../../arm-elf/lib/libc.a(readr.o)
 .debug_aranges
                0x000004a0       0x20 /home/holelee/bin/local/lib/gcc/arm-elf/3.4.4/../../../../arm-elf/lib/libc.a(reent.o)
 .debug_aranges
                0x000004c0       0x20 /home/holelee/bin/local/lib/gcc/arm-elf/3.4.4/libgcc.a(_udivsi3.o)
 .debug_aranges
                0x000004e0       0x20 /home/holelee/bin/local/lib/gcc/arm-elf/3.4.4/libgcc.a(_dvmd_tls.o)
 .debug_aranges
                0x00000500       0x20 /home/holelee/bin/local/lib/gcc/arm-elf/3.4.4/libgcc.a(_addsubdf3.o)
 .debug_aranges
                0x00000520       0x20 /home/holelee/bin/local/lib/gcc/arm-elf/3.4.4/libgcc.a(_muldivdf3.o)
 .debug_aranges
                0x00000540       0x20 /home/holelee/bin/local/lib/gcc/arm-elf/3.4.4/libgcc.a(_cmpdf2.o)
 .debug_aranges
                0x00000560       0x20 /home/holelee/bin/local/lib/gcc/arm-elf/3.4.4/libgcc.a(_fixdfsi.o)

.debug_pubnames
                0x00000000      0x9d2
 *(.debug_pubnames)
 .debug_pubnames
                0x00000000       0x1d /home/holelee/bin/local/lib/gcc/arm-elf/3.4.4/../../../../arm-elf/lib/libc.a(memcpy.o)
 .debug_pubnames
                0x0000001d       0x31 /home/holelee/bin/local/lib/gcc/arm-elf/3.4.4/../../../../arm-elf/lib/libc.a(vsnprintf.o)
 .debug_pubnames
                0x0000004e       0x39 /home/holelee/bin/local/lib/gcc/arm-elf/3.4.4/../../../../arm-elf/lib/libc.a(impure.o)
 .debug_pubnames
                0x00000087       0x2f /home/holelee/bin/local/lib/gcc/arm-elf/3.4.4/../../../../arm-elf/lib/libc.a(vfprintf.o)
 .debug_pubnames
                0x000000b6       0x2d /home/holelee/bin/local/lib/gcc/arm-elf/3.4.4/../../../../arm-elf/lib/libc.a(wcrtomb.o)
 .debug_pubnames
                0x000000e3       0x31 /home/holelee/bin/local/lib/gcc/arm-elf/3.4.4/../../../../arm-elf/lib/libc.a(wcsrtombs.o)
 .debug_pubnames
                0x00000114       0x20 /home/holelee/bin/local/lib/gcc/arm-elf/3.4.4/../../../../arm-elf/lib/libc.a(wctomb_r.o)
 .debug_pubnames
                0x00000134       0x20 /home/holelee/bin/local/lib/gcc/arm-elf/3.4.4/../../../../arm-elf/lib/libc.a(wsetup.o)
 .debug_pubnames
                0x00000154       0x1e /home/holelee/bin/local/lib/gcc/arm-elf/3.4.4/../../../../arm-elf/lib/libc.a(dtoa.o)
 .debug_pubnames
                0x00000172       0x1d /home/holelee/bin/local/lib/gcc/arm-elf/3.4.4/../../../../arm-elf/lib/libc.a(fflush.o)
 .debug_pubnames
                0x0000018f       0xdb /home/holelee/bin/local/lib/gcc/arm-elf/3.4.4/../../../../arm-elf/lib/libc.a(findfp.o)
 .debug_pubnames
                0x0000026a       0x31 /home/holelee/bin/local/lib/gcc/arm-elf/3.4.4/../../../../arm-elf/lib/libc.a(freer.o)
 .debug_pubnames
                0x0000029b       0x21 /home/holelee/bin/local/lib/gcc/arm-elf/3.4.4/../../../../arm-elf/lib/libc.a(fvwrite.o)
 .debug_pubnames
                0x000002bc       0x2e /home/holelee/bin/local/lib/gcc/arm-elf/3.4.4/../../../../arm-elf/lib/libc.a(fwalk.o)
 .debug_pubnames
                0x000002ea       0xc3 /home/holelee/bin/local/lib/gcc/arm-elf/3.4.4/../../../../arm-elf/lib/libc.a(locale.o)
 .debug_pubnames
                0x000003ad       0x21 /home/holelee/bin/local/lib/gcc/arm-elf/3.4.4/../../../../arm-elf/lib/libc.a(makebuf.o)
 .debug_pubnames
                0x000003ce       0xce /home/holelee/bin/local/lib/gcc/arm-elf/3.4.4/../../../../arm-elf/lib/libc.a(mallocr.o)
 .debug_pubnames
                0x0000049c       0x1d /home/holelee/bin/local/lib/gcc/arm-elf/3.4.4/../../../../arm-elf/lib/libc.a(memchr.o)
 .debug_pubnames
                0x000004b9       0x1e /home/holelee/bin/local/lib/gcc/arm-elf/3.4.4/../../../../arm-elf/lib/libc.a(memmove.o)
 .debug_pubnames
                0x000004d7       0x1d /home/holelee/bin/local/lib/gcc/arm-elf/3.4.4/../../../../arm-elf/lib/libc.a(memset.o)
 .debug_pubnames
                0x000004f4       0x38 /home/holelee/bin/local/lib/gcc/arm-elf/3.4.4/../../../../arm-elf/lib/libc.a(mlock.o)
 .debug_pubnames
                0x0000052c      0x112 /home/holelee/bin/local/lib/gcc/arm-elf/3.4.4/../../../../arm-elf/lib/libc.a(mprec.o)
 .debug_pubnames
                0x0000063e       0x21 /home/holelee/bin/local/lib/gcc/arm-elf/3.4.4/../../../../arm-elf/lib/libc.a(reallocr.o)
 .debug_pubnames
                0x0000065f       0x1e /home/holelee/bin/local/lib/gcc/arm-elf/3.4.4/../../../../arm-elf/lib/libc.a(sbrkr.o)
 .debug_pubnames
                0x0000067d       0x1c /home/holelee/bin/local/lib/gcc/arm-elf/3.4.4/../../../../arm-elf/lib/libc.a(s_isinf.o)
 .debug_pubnames
                0x00000699       0x1c /home/holelee/bin/local/lib/gcc/arm-elf/3.4.4/../../../../arm-elf/lib/libc.a(s_isnan.o)
 .debug_pubnames
                0x000006b5       0x44 /home/holelee/bin/local/lib/gcc/arm-elf/3.4.4/../../../../arm-elf/lib/libc.a(stdio.o)
 .debug_pubnames
                0x000006f9       0x1d /home/holelee/bin/local/lib/gcc/arm-elf/3.4.4/../../../../arm-elf/lib/libc.a(strcmp.o)
 .debug_pubnames
                0x00000716       0x1d /home/holelee/bin/local/lib/gcc/arm-elf/3.4.4/../../../../arm-elf/lib/libc.a(strlen.o)
 .debug_pubnames
                0x00000733      0x14a /home/holelee/bin/local/lib/gcc/arm-elf/3.4.4/../../../../arm-elf/lib/libc.a(syscalls.o)
 .debug_pubnames
                0x0000087d       0x1f /home/holelee/bin/local/lib/gcc/arm-elf/3.4.4/../../../../arm-elf/lib/libc.a(writer.o)
 .debug_pubnames
                0x0000089c       0x20 /home/holelee/bin/local/lib/gcc/arm-elf/3.4.4/../../../../arm-elf/lib/libc.a(callocr.o)
 .debug_pubnames
                0x000008bc       0x1f /home/holelee/bin/local/lib/gcc/arm-elf/3.4.4/../../../../arm-elf/lib/libc.a(closer.o)
 .debug_pubnames
                0x000008db       0x1e /home/holelee/bin/local/lib/gcc/arm-elf/3.4.4/../../../../arm-elf/lib/libc.a(errno.o)
 .debug_pubnames
                0x000008f9       0x2b /home/holelee/bin/local/lib/gcc/arm-elf/3.4.4/../../../../arm-elf/lib/libc.a(fclose.o)
 .debug_pubnames
                0x00000924       0x1f /home/holelee/bin/local/lib/gcc/arm-elf/3.4.4/../../../../arm-elf/lib/libc.a(fstatr.o)
 .debug_pubnames
                0x00000943       0x1f /home/holelee/bin/local/lib/gcc/arm-elf/3.4.4/../../../../arm-elf/lib/libc.a(lseekr.o)
 .debug_pubnames
                0x00000962       0x1e /home/holelee/bin/local/lib/gcc/arm-elf/3.4.4/../../../../arm-elf/lib/libc.a(readr.o)
 .debug_pubnames
                0x00000980       0x52 /home/holelee/bin/local/lib/gcc/arm-elf/3.4.4/../../../../arm-elf/lib/libc.a(reent.o)

.debug_info     0x00000000    0x162f3
 *(.debug_info)
 .debug_info    0x00000000       0xfc /home/holelee/bin/local/lib/gcc/arm-elf/3.4.4/../../../../arm-elf/lib/libc.a(memcpy.o)
 .debug_info    0x000000fc      0xa07 /home/holelee/bin/local/lib/gcc/arm-elf/3.4.4/../../../../arm-elf/lib/libc.a(vsnprintf.o)
 .debug_info    0x00000b03      0x922 /home/holelee/bin/local/lib/gcc/arm-elf/3.4.4/../../../../arm-elf/lib/libc.a(impure.o)
 .debug_info    0x00001425     0x10e4 /home/holelee/bin/local/lib/gcc/arm-elf/3.4.4/../../../../arm-elf/lib/libc.a(vfprintf.o)
 .debug_info    0x00002509      0x9db /home/holelee/bin/local/lib/gcc/arm-elf/3.4.4/../../../../arm-elf/lib/libc.a(wcrtomb.o)
 .debug_info    0x00002ee4      0xa62 /home/holelee/bin/local/lib/gcc/arm-elf/3.4.4/../../../../arm-elf/lib/libc.a(wcsrtombs.o)
 .debug_info    0x00003946      0x9e7 /home/holelee/bin/local/lib/gcc/arm-elf/3.4.4/../../../../arm-elf/lib/libc.a(wctomb_r.o)
 .debug_info    0x0000432d      0x936 /home/holelee/bin/local/lib/gcc/arm-elf/3.4.4/../../../../arm-elf/lib/libc.a(wsetup.o)
 .debug_info    0x00004c63      0xd46 /home/holelee/bin/local/lib/gcc/arm-elf/3.4.4/../../../../arm-elf/lib/libc.a(dtoa.o)
 .debug_info    0x000059a9      0x96a /home/holelee/bin/local/lib/gcc/arm-elf/3.4.4/../../../../arm-elf/lib/libc.a(fflush.o)
 .debug_info    0x00006313      0xb3f /home/holelee/bin/local/lib/gcc/arm-elf/3.4.4/../../../../arm-elf/lib/libc.a(findfp.o)
 .debug_info    0x00006e52      0xb93 /home/holelee/bin/local/lib/gcc/arm-elf/3.4.4/../../../../arm-elf/lib/libc.a(freer.o)
 .debug_info    0x000079e5      0xa4e /home/holelee/bin/local/lib/gcc/arm-elf/3.4.4/../../../../arm-elf/lib/libc.a(fvwrite.o)
 .debug_info    0x00008433      0xac9 /home/holelee/bin/local/lib/gcc/arm-elf/3.4.4/../../../../arm-elf/lib/libc.a(fwalk.o)
 .debug_info    0x00008efc      0xb6b /home/holelee/bin/local/lib/gcc/arm-elf/3.4.4/../../../../arm-elf/lib/libc.a(locale.o)
 .debug_info    0x00009a67      0xad3 /home/holelee/bin/local/lib/gcc/arm-elf/3.4.4/../../../../arm-elf/lib/libc.a(makebuf.o)
 .debug_info    0x0000a53a      0xc95 /home/holelee/bin/local/lib/gcc/arm-elf/3.4.4/../../../../arm-elf/lib/libc.a(mallocr.o)
 .debug_info    0x0000b1cf      0x123 /home/holelee/bin/local/lib/gcc/arm-elf/3.4.4/../../../../arm-elf/lib/libc.a(memchr.o)
 .debug_info    0x0000b2f2      0x12d /home/holelee/bin/local/lib/gcc/arm-elf/3.4.4/../../../../arm-elf/lib/libc.a(memmove.o)
 .debug_info    0x0000b41f      0x102 /home/holelee/bin/local/lib/gcc/arm-elf/3.4.4/../../../../arm-elf/lib/libc.a(memset.o)
 .debug_info    0x0000b521      0x93c /home/holelee/bin/local/lib/gcc/arm-elf/3.4.4/../../../../arm-elf/lib/libc.a(mlock.o)
 .debug_info    0x0000be5d     0x126e /home/holelee/bin/local/lib/gcc/arm-elf/3.4.4/../../../../arm-elf/lib/libc.a(mprec.o)
 .debug_info    0x0000d0cb      0xb6f /home/holelee/bin/local/lib/gcc/arm-elf/3.4.4/../../../../arm-elf/lib/libc.a(reallocr.o)
 .debug_info    0x0000dc3a      0x95e /home/holelee/bin/local/lib/gcc/arm-elf/3.4.4/../../../../arm-elf/lib/libc.a(sbrkr.o)
 .debug_info    0x0000e598      0x155 /home/holelee/bin/local/lib/gcc/arm-elf/3.4.4/../../../../arm-elf/lib/libc.a(s_isinf.o)
 .debug_info    0x0000e6ed       0xd8 /home/holelee/bin/local/lib/gcc/arm-elf/3.4.4/../../../../arm-elf/lib/libc.a(s_isnan.o)
 .debug_info    0x0000e7c5      0xa52 /home/holelee/bin/local/lib/gcc/arm-elf/3.4.4/../../../../arm-elf/lib/libc.a(stdio.o)
 .debug_info    0x0000f217       0xd0 /home/holelee/bin/local/lib/gcc/arm-elf/3.4.4/../../../../arm-elf/lib/libc.a(strcmp.o)
 .debug_info    0x0000f2e7       0xd2 /home/holelee/bin/local/lib/gcc/arm-elf/3.4.4/../../../../arm-elf/lib/libc.a(strlen.o)
 .debug_info    0x0000f3b9     0x155c /home/holelee/bin/local/lib/gcc/arm-elf/3.4.4/../../../../arm-elf/lib/libc.a(syscalls.o)
 .debug_info    0x00010915      0x984 /home/holelee/bin/local/lib/gcc/arm-elf/3.4.4/../../../../arm-elf/lib/libc.a(writer.o)
 .debug_info    0x00011299      0x9f7 /home/holelee/bin/local/lib/gcc/arm-elf/3.4.4/../../../../arm-elf/lib/libc.a(callocr.o)
 .debug_info    0x00011c90      0x94d /home/holelee/bin/local/lib/gcc/arm-elf/3.4.4/../../../../arm-elf/lib/libc.a(closer.o)
 .debug_info    0x000125dd      0x913 /home/holelee/bin/local/lib/gcc/arm-elf/3.4.4/../../../../arm-elf/lib/libc.a(errno.o)
 .debug_info    0x00012ef0      0x976 /home/holelee/bin/local/lib/gcc/arm-elf/3.4.4/../../../../arm-elf/lib/libc.a(fclose.o)
 .debug_info    0x00013866      0xac3 /home/holelee/bin/local/lib/gcc/arm-elf/3.4.4/../../../../arm-elf/lib/libc.a(fstatr.o)
 .debug_info    0x00014329      0x972 /home/holelee/bin/local/lib/gcc/arm-elf/3.4.4/../../../../arm-elf/lib/libc.a(lseekr.o)
 .debug_info    0x00014c9b      0x97d /home/holelee/bin/local/lib/gcc/arm-elf/3.4.4/../../../../arm-elf/lib/libc.a(readr.o)
 .debug_info    0x00015618      0x9f7 /home/holelee/bin/local/lib/gcc/arm-elf/3.4.4/../../../../arm-elf/lib/libc.a(reent.o)
 .debug_info    0x0001600f       0x7c /home/holelee/bin/local/lib/gcc/arm-elf/3.4.4/libgcc.a(_udivsi3.o)
 .debug_info    0x0001608b       0x7c /home/holelee/bin/local/lib/gcc/arm-elf/3.4.4/libgcc.a(_dvmd_tls.o)
 .debug_info    0x00016107       0x7b /home/holelee/bin/local/lib/gcc/arm-elf/3.4.4/libgcc.a(_addsubdf3.o)
 .debug_info    0x00016182       0x7b /home/holelee/bin/local/lib/gcc/arm-elf/3.4.4/libgcc.a(_muldivdf3.o)
 .debug_info    0x000161fd       0x7b /home/holelee/bin/local/lib/gcc/arm-elf/3.4.4/libgcc.a(_cmpdf2.o)
 .debug_info    0x00016278       0x7b /home/holelee/bin/local/lib/gcc/arm-elf/3.4.4/libgcc.a(_fixdfsi.o)

.debug_abbrev   0x00000000     0x3c38
 *(.debug_abbrev)
 .debug_abbrev  0x00000000       0x99 /home/holelee/bin/local/lib/gcc/arm-elf/3.4.4/../../../../arm-elf/lib/libc.a(memcpy.o)
 .debug_abbrev  0x00000099      0x19b /home/holelee/bin/local/lib/gcc/arm-elf/3.4.4/../../../../arm-elf/lib/libc.a(vsnprintf.o)
 .debug_abbrev  0x00000234      0x157 /home/holelee/bin/local/lib/gcc/arm-elf/3.4.4/../../../../arm-elf/lib/libc.a(impure.o)
 .debug_abbrev  0x0000038b      0x317 /home/holelee/bin/local/lib/gcc/arm-elf/3.4.4/../../../../arm-elf/lib/libc.a(vfprintf.o)
 .debug_abbrev  0x000006a2      0x18e /home/holelee/bin/local/lib/gcc/arm-elf/3.4.4/../../../../arm-elf/lib/libc.a(wcrtomb.o)
 .debug_abbrev  0x00000830      0x195 /home/holelee/bin/local/lib/gcc/arm-elf/3.4.4/../../../../arm-elf/lib/libc.a(wcsrtombs.o)
 .debug_abbrev  0x000009c5      0x1b8 /home/holelee/bin/local/lib/gcc/arm-elf/3.4.4/../../../../arm-elf/lib/libc.a(wctomb_r.o)
 .debug_abbrev  0x00000b7d      0x170 /home/holelee/bin/local/lib/gcc/arm-elf/3.4.4/../../../../arm-elf/lib/libc.a(wsetup.o)
 .debug_abbrev  0x00000ced      0x1fc /home/holelee/bin/local/lib/gcc/arm-elf/3.4.4/../../../../arm-elf/lib/libc.a(dtoa.o)
 .debug_abbrev  0x00000ee9      0x17f /home/holelee/bin/local/lib/gcc/arm-elf/3.4.4/../../../../arm-elf/lib/libc.a(fflush.o)
 .debug_abbrev  0x00001068      0x217 /home/holelee/bin/local/lib/gcc/arm-elf/3.4.4/../../../../arm-elf/lib/libc.a(findfp.o)
 .debug_abbrev  0x0000127f      0x1d9 /home/holelee/bin/local/lib/gcc/arm-elf/3.4.4/../../../../arm-elf/lib/libc.a(freer.o)
 .debug_abbrev  0x00001458      0x1a7 /home/holelee/bin/local/lib/gcc/arm-elf/3.4.4/../../../../arm-elf/lib/libc.a(fvwrite.o)
 .debug_abbrev  0x000015ff      0x1dd /home/holelee/bin/local/lib/gcc/arm-elf/3.4.4/../../../../arm-elf/lib/libc.a(fwalk.o)
 .debug_abbrev  0x000017dc      0x1de /home/holelee/bin/local/lib/gcc/arm-elf/3.4.4/../../../../arm-elf/lib/libc.a(locale.o)
 .debug_abbrev  0x000019ba      0x18c /home/holelee/bin/local/lib/gcc/arm-elf/3.4.4/../../../../arm-elf/lib/libc.a(makebuf.o)
 .debug_abbrev  0x00001b46      0x214 /home/holelee/bin/local/lib/gcc/arm-elf/3.4.4/../../../../arm-elf/lib/libc.a(mallocr.o)
 .debug_abbrev  0x00001d5a       0xa8 /home/holelee/bin/local/lib/gcc/arm-elf/3.4.4/../../../../arm-elf/lib/libc.a(memchr.o)
 .debug_abbrev  0x00001e02       0x99 /home/holelee/bin/local/lib/gcc/arm-elf/3.4.4/../../../../arm-elf/lib/libc.a(memmove.o)
 .debug_abbrev  0x00001e9b       0x9a /home/holelee/bin/local/lib/gcc/arm-elf/3.4.4/../../../../arm-elf/lib/libc.a(memset.o)
 .debug_abbrev  0x00001f35      0x16a /home/holelee/bin/local/lib/gcc/arm-elf/3.4.4/../../../../arm-elf/lib/libc.a(mlock.o)
 .debug_abbrev  0x0000209f      0x221 /home/holelee/bin/local/lib/gcc/arm-elf/3.4.4/../../../../arm-elf/lib/libc.a(mprec.o)
 .debug_abbrev  0x000022c0      0x1d7 /home/holelee/bin/local/lib/gcc/arm-elf/3.4.4/../../../../arm-elf/lib/libc.a(reallocr.o)
 .debug_abbrev  0x00002497      0x1a1 /home/holelee/bin/local/lib/gcc/arm-elf/3.4.4/../../../../arm-elf/lib/libc.a(sbrkr.o)
 .debug_abbrev  0x00002638       0xd4 /home/holelee/bin/local/lib/gcc/arm-elf/3.4.4/../../../../arm-elf/lib/libc.a(s_isinf.o)
 .debug_abbrev  0x0000270c       0x79 /home/holelee/bin/local/lib/gcc/arm-elf/3.4.4/../../../../arm-elf/lib/libc.a(s_isnan.o)
 .debug_abbrev  0x00002785      0x19b /home/holelee/bin/local/lib/gcc/arm-elf/3.4.4/../../../../arm-elf/lib/libc.a(stdio.o)
 .debug_abbrev  0x00002920       0x71 /home/holelee/bin/local/lib/gcc/arm-elf/3.4.4/../../../../arm-elf/lib/libc.a(strcmp.o)
 .debug_abbrev  0x00002991       0x7e /home/holelee/bin/local/lib/gcc/arm-elf/3.4.4/../../../../arm-elf/lib/libc.a(strlen.o)
 .debug_abbrev  0x00002a0f      0x349 /home/holelee/bin/local/lib/gcc/arm-elf/3.4.4/../../../../arm-elf/lib/libc.a(syscalls.o)
 .debug_abbrev  0x00002d58      0x19a /home/holelee/bin/local/lib/gcc/arm-elf/3.4.4/../../../../arm-elf/lib/libc.a(writer.o)
 .debug_abbrev  0x00002ef2      0x1af /home/holelee/bin/local/lib/gcc/arm-elf/3.4.4/../../../../arm-elf/lib/libc.a(callocr.o)
 .debug_abbrev  0x000030a1      0x195 /home/holelee/bin/local/lib/gcc/arm-elf/3.4.4/../../../../arm-elf/lib/libc.a(closer.o)
 .debug_abbrev  0x00003236      0x15f /home/holelee/bin/local/lib/gcc/arm-elf/3.4.4/../../../../arm-elf/lib/libc.a(errno.o)
 .debug_abbrev  0x00003395      0x18e /home/holelee/bin/local/lib/gcc/arm-elf/3.4.4/../../../../arm-elf/lib/libc.a(fclose.o)
 .debug_abbrev  0x00003523      0x1a4 /home/holelee/bin/local/lib/gcc/arm-elf/3.4.4/../../../../arm-elf/lib/libc.a(fstatr.o)
 .debug_abbrev  0x000036c7      0x1a4 /home/holelee/bin/local/lib/gcc/arm-elf/3.4.4/../../../../arm-elf/lib/libc.a(lseekr.o)
 .debug_abbrev  0x0000386b      0x195 /home/holelee/bin/local/lib/gcc/arm-elf/3.4.4/../../../../arm-elf/lib/libc.a(readr.o)
 .debug_abbrev  0x00003a00      0x1c0 /home/holelee/bin/local/lib/gcc/arm-elf/3.4.4/../../../../arm-elf/lib/libc.a(reent.o)
 .debug_abbrev  0x00003bc0       0x14 /home/holelee/bin/local/lib/gcc/arm-elf/3.4.4/libgcc.a(_udivsi3.o)
 .debug_abbrev  0x00003bd4       0x14 /home/holelee/bin/local/lib/gcc/arm-elf/3.4.4/libgcc.a(_dvmd_tls.o)
 .debug_abbrev  0x00003be8       0x14 /home/holelee/bin/local/lib/gcc/arm-elf/3.4.4/libgcc.a(_addsubdf3.o)
 .debug_abbrev  0x00003bfc       0x14 /home/holelee/bin/local/lib/gcc/arm-elf/3.4.4/libgcc.a(_muldivdf3.o)
 .debug_abbrev  0x00003c10       0x14 /home/holelee/bin/local/lib/gcc/arm-elf/3.4.4/libgcc.a(_cmpdf2.o)
 .debug_abbrev  0x00003c24       0x14 /home/holelee/bin/local/lib/gcc/arm-elf/3.4.4/libgcc.a(_fixdfsi.o)

.debug_line     0x00000000     0x41f7
 *(.debug_line)
 .debug_line    0x00000000       0xb7 /home/holelee/bin/local/lib/gcc/arm-elf/3.4.4/../../../../arm-elf/lib/libc.a(memcpy.o)
 .debug_line    0x000000b7      0x17a /home/holelee/bin/local/lib/gcc/arm-elf/3.4.4/../../../../arm-elf/lib/libc.a(vsnprintf.o)
 .debug_line    0x00000231       0xec /home/holelee/bin/local/lib/gcc/arm-elf/3.4.4/../../../../arm-elf/lib/libc.a(impure.o)
 .debug_line    0x0000031d      0x586 /home/holelee/bin/local/lib/gcc/arm-elf/3.4.4/../../../../arm-elf/lib/libc.a(vfprintf.o)
 .debug_line    0x000008a3      0x162 /home/holelee/bin/local/lib/gcc/arm-elf/3.4.4/../../../../arm-elf/lib/libc.a(wcrtomb.o)
 .debug_line    0x00000a05      0x188 /home/holelee/bin/local/lib/gcc/arm-elf/3.4.4/../../../../arm-elf/lib/libc.a(wcsrtombs.o)
 .debug_line    0x00000b8d      0x20b /home/holelee/bin/local/lib/gcc/arm-elf/3.4.4/../../../../arm-elf/lib/libc.a(wctomb_r.o)
 .debug_line    0x00000d98      0x168 /home/holelee/bin/local/lib/gcc/arm-elf/3.4.4/../../../../arm-elf/lib/libc.a(wsetup.o)
 .debug_line    0x00000f00      0x4a4 /home/holelee/bin/local/lib/gcc/arm-elf/3.4.4/../../../../arm-elf/lib/libc.a(dtoa.o)
 .debug_line    0x000013a4      0x178 /home/holelee/bin/local/lib/gcc/arm-elf/3.4.4/../../../../arm-elf/lib/libc.a(fflush.o)
 .debug_line    0x0000151c      0x1e1 /home/holelee/bin/local/lib/gcc/arm-elf/3.4.4/../../../../arm-elf/lib/libc.a(findfp.o)
 .debug_line    0x000016fd      0x1a9 /home/holelee/bin/local/lib/gcc/arm-elf/3.4.4/../../../../arm-elf/lib/libc.a(freer.o)
 .debug_line    0x000018a6      0x1fc /home/holelee/bin/local/lib/gcc/arm-elf/3.4.4/../../../../arm-elf/lib/libc.a(fvwrite.o)
 .debug_line    0x00001aa2      0x16a /home/holelee/bin/local/lib/gcc/arm-elf/3.4.4/../../../../arm-elf/lib/libc.a(fwalk.o)
 .debug_line    0x00001c0c      0x165 /home/holelee/bin/local/lib/gcc/arm-elf/3.4.4/../../../../arm-elf/lib/libc.a(locale.o)
 .debug_line    0x00001d71      0x193 /home/holelee/bin/local/lib/gcc/arm-elf/3.4.4/../../../../arm-elf/lib/libc.a(makebuf.o)
 .debug_line    0x00001f04      0x239 /home/holelee/bin/local/lib/gcc/arm-elf/3.4.4/../../../../arm-elf/lib/libc.a(mallocr.o)
 .debug_line    0x0000213d       0xc5 /home/holelee/bin/local/lib/gcc/arm-elf/3.4.4/../../../../arm-elf/lib/libc.a(memchr.o)
 .debug_line    0x00002202       0xc6 /home/holelee/bin/local/lib/gcc/arm-elf/3.4.4/../../../../arm-elf/lib/libc.a(memmove.o)
 .debug_line    0x000022c8       0xb4 /home/holelee/bin/local/lib/gcc/arm-elf/3.4.4/../../../../arm-elf/lib/libc.a(memset.o)
 .debug_line    0x0000237c       0xfe /home/holelee/bin/local/lib/gcc/arm-elf/3.4.4/../../../../arm-elf/lib/libc.a(mlock.o)
 .debug_line    0x0000247a      0x3db /home/holelee/bin/local/lib/gcc/arm-elf/3.4.4/../../../../arm-elf/lib/libc.a(mprec.o)
 .debug_line    0x00002855      0x1be /home/holelee/bin/local/lib/gcc/arm-elf/3.4.4/../../../../arm-elf/lib/libc.a(reallocr.o)
 .debug_line    0x00002a13      0x102 /home/holelee/bin/local/lib/gcc/arm-elf/3.4.4/../../../../arm-elf/lib/libc.a(sbrkr.o)
 .debug_line    0x00002b15       0xf7 /home/holelee/bin/local/lib/gcc/arm-elf/3.4.4/../../../../arm-elf/lib/libc.a(s_isinf.o)
 .debug_line    0x00002c0c       0xb5 /home/holelee/bin/local/lib/gcc/arm-elf/3.4.4/../../../../arm-elf/lib/libc.a(s_isnan.o)
 .debug_line    0x00002cc1      0x184 /home/holelee/bin/local/lib/gcc/arm-elf/3.4.4/../../../../arm-elf/lib/libc.a(stdio.o)
 .debug_line    0x00002e45       0x78 /home/holelee/bin/local/lib/gcc/arm-elf/3.4.4/../../../../arm-elf/lib/libc.a(strcmp.o)
 .debug_line    0x00002ebd       0xa3 /home/holelee/bin/local/lib/gcc/arm-elf/3.4.4/../../../../arm-elf/lib/libc.a(strlen.o)
 .debug_line    0x00002f60      0x2d8 /home/holelee/bin/local/lib/gcc/arm-elf/3.4.4/../../../../arm-elf/lib/libc.a(syscalls.o)
 .debug_line    0x00003238      0x103 /home/holelee/bin/local/lib/gcc/arm-elf/3.4.4/../../../../arm-elf/lib/libc.a(writer.o)
 .debug_line    0x0000333b      0x118 /home/holelee/bin/local/lib/gcc/arm-elf/3.4.4/../../../../arm-elf/lib/libc.a(callocr.o)
 .debug_line    0x00003453      0x103 /home/holelee/bin/local/lib/gcc/arm-elf/3.4.4/../../../../arm-elf/lib/libc.a(closer.o)
 .debug_line    0x00003556       0xfb /home/holelee/bin/local/lib/gcc/arm-elf/3.4.4/../../../../arm-elf/lib/libc.a(errno.o)
 .debug_line    0x00003651      0x16c /home/holelee/bin/local/lib/gcc/arm-elf/3.4.4/../../../../arm-elf/lib/libc.a(fclose.o)
 .debug_line    0x000037bd      0x15e /home/holelee/bin/local/lib/gcc/arm-elf/3.4.4/../../../../arm-elf/lib/libc.a(fstatr.o)
 .debug_line    0x0000391b      0x103 /home/holelee/bin/local/lib/gcc/arm-elf/3.4.4/../../../../arm-elf/lib/libc.a(lseekr.o)
 .debug_line    0x00003a1e      0x102 /home/holelee/bin/local/lib/gcc/arm-elf/3.4.4/../../../../arm-elf/lib/libc.a(readr.o)
 .debug_line    0x00003b20      0x13c /home/holelee/bin/local/lib/gcc/arm-elf/3.4.4/../../../../arm-elf/lib/libc.a(reent.o)
 .debug_line    0x00003c5c       0x7d /home/holelee/bin/local/lib/gcc/arm-elf/3.4.4/libgcc.a(_udivsi3.o)
 .debug_line    0x00003cd9       0x5a /home/holelee/bin/local/lib/gcc/arm-elf/3.4.4/libgcc.a(_dvmd_tls.o)
 .debug_line    0x00003d33      0x197 /home/holelee/bin/local/lib/gcc/arm-elf/3.4.4/libgcc.a(_addsubdf3.o)
 .debug_line    0x00003eca      0x200 /home/holelee/bin/local/lib/gcc/arm-elf/3.4.4/libgcc.a(_muldivdf3.o)
 .debug_line    0x000040ca       0xb5 /home/holelee/bin/local/lib/gcc/arm-elf/3.4.4/libgcc.a(_cmpdf2.o)
 .debug_line    0x0000417f       0x78 /home/holelee/bin/local/lib/gcc/arm-elf/3.4.4/libgcc.a(_fixdfsi.o)

.debug_frame    0x00000000      0xfa0
 *(.debug_frame)
 .debug_frame   0x00000000       0x28 /home/holelee/bin/local/lib/gcc/arm-elf/3.4.4/../../../../arm-elf/lib/libc.a(memcpy.o)
 .debug_frame   0x00000028       0x50 /home/holelee/bin/local/lib/gcc/arm-elf/3.4.4/../../../../arm-elf/lib/libc.a(vsnprintf.o)
 .debug_frame   0x00000078       0x74 /home/holelee/bin/local/lib/gcc/arm-elf/3.4.4/../../../../arm-elf/lib/libc.a(vfprintf.o)
 .debug_frame   0x000000ec       0x4c /home/holelee/bin/local/lib/gcc/arm-elf/3.4.4/../../../../arm-elf/lib/libc.a(wcrtomb.o)
 .debug_frame   0x00000138       0x5c /home/holelee/bin/local/lib/gcc/arm-elf/3.4.4/../../../../arm-elf/lib/libc.a(wcsrtombs.o)
 .debug_frame   0x00000194       0x34 /home/holelee/bin/local/lib/gcc/arm-elf/3.4.4/../../../../arm-elf/lib/libc.a(wctomb_r.o)
 .debug_frame   0x000001c8       0x34 /home/holelee/bin/local/lib/gcc/arm-elf/3.4.4/../../../../arm-elf/lib/libc.a(wsetup.o)
 .debug_frame   0x000001fc       0x68 /home/holelee/bin/local/lib/gcc/arm-elf/3.4.4/../../../../arm-elf/lib/libc.a(dtoa.o)
 .debug_frame   0x00000264       0x34 /home/holelee/bin/local/lib/gcc/arm-elf/3.4.4/../../../../arm-elf/lib/libc.a(fflush.o)
 .debug_frame   0x00000298      0x12c /home/holelee/bin/local/lib/gcc/arm-elf/3.4.4/../../../../arm-elf/lib/libc.a(findfp.o)
 .debug_frame   0x000003c4       0x64 /home/holelee/bin/local/lib/gcc/arm-elf/3.4.4/../../../../arm-elf/lib/libc.a(freer.o)
 .debug_frame   0x00000428       0x3c /home/holelee/bin/local/lib/gcc/arm-elf/3.4.4/../../../../arm-elf/lib/libc.a(fvwrite.o)
 .debug_frame   0x00000464       0x64 /home/holelee/bin/local/lib/gcc/arm-elf/3.4.4/../../../../arm-elf/lib/libc.a(fwalk.o)
 .debug_frame   0x000004c8       0x74 /home/holelee/bin/local/lib/gcc/arm-elf/3.4.4/../../../../arm-elf/lib/libc.a(locale.o)
 .debug_frame   0x0000053c       0x38 /home/holelee/bin/local/lib/gcc/arm-elf/3.4.4/../../../../arm-elf/lib/libc.a(makebuf.o)
 .debug_frame   0x00000574       0x3c /home/holelee/bin/local/lib/gcc/arm-elf/3.4.4/../../../../arm-elf/lib/libc.a(mallocr.o)
 .debug_frame   0x000005b0       0x2c /home/holelee/bin/local/lib/gcc/arm-elf/3.4.4/../../../../arm-elf/lib/libc.a(memchr.o)
 .debug_frame   0x000005dc       0x28 /home/holelee/bin/local/lib/gcc/arm-elf/3.4.4/../../../../arm-elf/lib/libc.a(memmove.o)
 .debug_frame   0x00000604       0x20 /home/holelee/bin/local/lib/gcc/arm-elf/3.4.4/../../../../arm-elf/lib/libc.a(memset.o)
 .debug_frame   0x00000624       0x30 /home/holelee/bin/local/lib/gcc/arm-elf/3.4.4/../../../../arm-elf/lib/libc.a(mlock.o)
 .debug_frame   0x00000654      0x248 /home/holelee/bin/local/lib/gcc/arm-elf/3.4.4/../../../../arm-elf/lib/libc.a(mprec.o)
 .debug_frame   0x0000089c       0x3c /home/holelee/bin/local/lib/gcc/arm-elf/3.4.4/../../../../arm-elf/lib/libc.a(reallocr.o)
 .debug_frame   0x000008d8       0x34 /home/holelee/bin/local/lib/gcc/arm-elf/3.4.4/../../../../arm-elf/lib/libc.a(sbrkr.o)
 .debug_frame   0x0000090c       0x28 /home/holelee/bin/local/lib/gcc/arm-elf/3.4.4/../../../../arm-elf/lib/libc.a(s_isinf.o)
 .debug_frame   0x00000934       0x20 /home/holelee/bin/local/lib/gcc/arm-elf/3.4.4/../../../../arm-elf/lib/libc.a(s_isnan.o)
 .debug_frame   0x00000954       0x88 /home/holelee/bin/local/lib/gcc/arm-elf/3.4.4/../../../../arm-elf/lib/libc.a(stdio.o)
 .debug_frame   0x000009dc       0x20 /home/holelee/bin/local/lib/gcc/arm-elf/3.4.4/../../../../arm-elf/lib/libc.a(strcmp.o)
 .debug_frame   0x000009fc       0x20 /home/holelee/bin/local/lib/gcc/arm-elf/3.4.4/../../../../arm-elf/lib/libc.a(strlen.o)
 .debug_frame   0x00000a1c      0x36c /home/holelee/bin/local/lib/gcc/arm-elf/3.4.4/../../../../arm-elf/lib/libc.a(syscalls.o)
 .debug_frame   0x00000d88       0x34 /home/holelee/bin/local/lib/gcc/arm-elf/3.4.4/../../../../arm-elf/lib/libc.a(writer.o)
 .debug_frame   0x00000dbc       0x30 /home/holelee/bin/local/lib/gcc/arm-elf/3.4.4/../../../../arm-elf/lib/libc.a(callocr.o)
 .debug_frame   0x00000dec       0x34 /home/holelee/bin/local/lib/gcc/arm-elf/3.4.4/../../../../arm-elf/lib/libc.a(closer.o)
 .debug_frame   0x00000e20       0x20 /home/holelee/bin/local/lib/gcc/arm-elf/3.4.4/../../../../arm-elf/lib/libc.a(errno.o)
 .debug_frame   0x00000e40       0x44 /home/holelee/bin/local/lib/gcc/arm-elf/3.4.4/../../../../arm-elf/lib/libc.a(fclose.o)
 .debug_frame   0x00000e84       0x34 /home/holelee/bin/local/lib/gcc/arm-elf/3.4.4/../../../../arm-elf/lib/libc.a(fstatr.o)
 .debug_frame   0x00000eb8       0x34 /home/holelee/bin/local/lib/gcc/arm-elf/3.4.4/../../../../arm-elf/lib/libc.a(lseekr.o)
 .debug_frame   0x00000eec       0x34 /home/holelee/bin/local/lib/gcc/arm-elf/3.4.4/../../../../arm-elf/lib/libc.a(readr.o)
 .debug_frame   0x00000f20       0x80 /home/holelee/bin/local/lib/gcc/arm-elf/3.4.4/../../../../arm-elf/lib/libc.a(reent.o)

.debug_str      0x00000000     0x1a01
 *(.debug_str)
 .debug_str     0x00000000       0xad /home/holelee/bin/local/lib/gcc/arm-elf/3.4.4/../../../../arm-elf/lib/libc.a(memcpy.o)
                                 0xd4 (size before relaxing)
 .debug_str     0x000000ad      0x427 /home/holelee/bin/local/lib/gcc/arm-elf/3.4.4/../../../../arm-elf/lib/libc.a(vsnprintf.o)
                                0x4e9 (size before relaxing)
 .debug_str     0x000004d4       0x90 /home/holelee/bin/local/lib/gcc/arm-elf/3.4.4/../../../../arm-elf/lib/libc.a(impure.o)
                                0x4ba (size before relaxing)
 .debug_str     0x00000564      0x1bb /home/holelee/bin/local/lib/gcc/arm-elf/3.4.4/../../../../arm-elf/lib/libc.a(vfprintf.o)
                                0x6a8 (size before relaxing)
 .debug_str     0x0000071f       0x8e /home/holelee/bin/local/lib/gcc/arm-elf/3.4.4/../../../../arm-elf/lib/libc.a(wcrtomb.o)
                                0x4dd (size before relaxing)
 .debug_str     0x000007ad       0x5f /home/holelee/bin/local/lib/gcc/arm-elf/3.4.4/../../../../arm-elf/lib/libc.a(wcsrtombs.o)
                                0x4f2 (size before relaxing)
 .debug_str     0x0000080c       0x5e /home/holelee/bin/local/lib/gcc/arm-elf/3.4.4/../../../../arm-elf/lib/libc.a(wctomb_r.o)
                                0x4d2 (size before relaxing)
 .debug_str     0x0000086a       0x3e /home/holelee/bin/local/lib/gcc/arm-elf/3.4.4/../../../../arm-elf/lib/libc.a(wsetup.o)
                                0x4b6 (size before relaxing)
 .debug_str     0x000008a8       0xfc /home/holelee/bin/local/lib/gcc/arm-elf/3.4.4/../../../../arm-elf/lib/libc.a(dtoa.o)
                                0x5ad (size before relaxing)
 .debug_str     0x000009a4       0x3b /home/holelee/bin/local/lib/gcc/arm-elf/3.4.4/../../../../arm-elf/lib/libc.a(fflush.o)
                                0x4c6 (size before relaxing)
 .debug_str     0x000009df       0xfc /home/holelee/bin/local/lib/gcc/arm-elf/3.4.4/../../../../arm-elf/lib/libc.a(findfp.o)
                                0x5a0 (size before relaxing)
 .debug_str     0x00000adb      0x155 /home/holelee/bin/local/lib/gcc/arm-elf/3.4.4/../../../../arm-elf/lib/libc.a(freer.o)
                                0x5ef (size before relaxing)
 .debug_str     0x00000c30       0x56 /home/holelee/bin/local/lib/gcc/arm-elf/3.4.4/../../../../arm-elf/lib/libc.a(fvwrite.o)
                                0x511 (size before relaxing)
 .debug_str     0x00000c86       0x58 /home/holelee/bin/local/lib/gcc/arm-elf/3.4.4/../../../../arm-elf/lib/libc.a(fwalk.o)
                                0x4e1 (size before relaxing)
 .debug_str     0x00000cde      0x1c6 /home/holelee/bin/local/lib/gcc/arm-elf/3.4.4/../../../../arm-elf/lib/libc.a(locale.o)
                                0x649 (size before relaxing)
 .debug_str     0x00000ea4      0x10e /home/holelee/bin/local/lib/gcc/arm-elf/3.4.4/../../../../arm-elf/lib/libc.a(makebuf.o)
                                0x59d (size before relaxing)
 .debug_str     0x00000fb2       0xe9 /home/holelee/bin/local/lib/gcc/arm-elf/3.4.4/../../../../arm-elf/lib/libc.a(mallocr.o)
                                0x69d (size before relaxing)
 .debug_str     0x0000109b       0x56 /home/holelee/bin/local/lib/gcc/arm-elf/3.4.4/../../../../arm-elf/lib/libc.a(memchr.o)
                                0x12b (size before relaxing)
 .debug_str     0x000010f1       0x47 /home/holelee/bin/local/lib/gcc/arm-elf/3.4.4/../../../../arm-elf/lib/libc.a(memmove.o)
                                0x13d (size before relaxing)
 .debug_str     0x00001138       0x49 /home/holelee/bin/local/lib/gcc/arm-elf/3.4.4/../../../../arm-elf/lib/libc.a(memset.o)
                                0x11e (size before relaxing)
 .debug_str     0x00001181       0x67 /home/holelee/bin/local/lib/gcc/arm-elf/3.4.4/../../../../arm-elf/lib/libc.a(mlock.o)
                                0x4c3 (size before relaxing)
 .debug_str     0x000011e8       0xcd /home/holelee/bin/local/lib/gcc/arm-elf/3.4.4/../../../../arm-elf/lib/libc.a(mprec.o)
                                0x595 (size before relaxing)
 .debug_str     0x000012b5       0x61 /home/holelee/bin/local/lib/gcc/arm-elf/3.4.4/../../../../arm-elf/lib/libc.a(reallocr.o)
                                0x56f (size before relaxing)
 .debug_str     0x00001316       0x50 /home/holelee/bin/local/lib/gcc/arm-elf/3.4.4/../../../../arm-elf/lib/libc.a(sbrkr.o)
                                0x4bd (size before relaxing)
 .debug_str     0x00001366       0xa2 /home/holelee/bin/local/lib/gcc/arm-elf/3.4.4/../../../../arm-elf/lib/libc.a(s_isinf.o)
                                0x161 (size before relaxing)
 .debug_str     0x00001408       0x3a /home/holelee/bin/local/lib/gcc/arm-elf/3.4.4/../../../../arm-elf/lib/libc.a(s_isnan.o)
                                0x12e (size before relaxing)
 .debug_str     0x00001442       0x63 /home/holelee/bin/local/lib/gcc/arm-elf/3.4.4/../../../../arm-elf/lib/libc.a(stdio.o)
                                0x4e9 (size before relaxing)
 .debug_str     0x000014a5       0x3c /home/holelee/bin/local/lib/gcc/arm-elf/3.4.4/../../../../arm-elf/lib/libc.a(strcmp.o)
                                0x103 (size before relaxing)
 .debug_str     0x000014e1       0x42 /home/holelee/bin/local/lib/gcc/arm-elf/3.4.4/../../../../arm-elf/lib/libc.a(strlen.o)
                                0x11d (size before relaxing)
 .debug_str     0x00001523      0x25d /home/holelee/bin/local/lib/gcc/arm-elf/3.4.4/../../../../arm-elf/lib/libc.a(syscalls.o)
                                0x7aa (size before relaxing)
 .debug_str     0x00001780       0x46 /home/holelee/bin/local/lib/gcc/arm-elf/3.4.4/../../../../arm-elf/lib/libc.a(writer.o)
                                0x4ba (size before relaxing)
 .debug_str     0x000017c6       0x19 /home/holelee/bin/local/lib/gcc/arm-elf/3.4.4/../../../../arm-elf/lib/libc.a(callocr.o)
                                0x4ee (size before relaxing)
 .debug_str     0x000017df       0x3d /home/holelee/bin/local/lib/gcc/arm-elf/3.4.4/../../../../arm-elf/lib/libc.a(closer.o)
                                0x4aa (size before relaxing)
 .debug_str     0x0000181c       0x78 /home/holelee/bin/local/lib/gcc/arm-elf/3.4.4/../../../../arm-elf/lib/libc.a(errno.o)
                                0x4a2 (size before relaxing)
 .debug_str     0x00001894       0x45 /home/holelee/bin/local/lib/gcc/arm-elf/3.4.4/../../../../arm-elf/lib/libc.a(fclose.o)
                                0x4c2 (size before relaxing)
 .debug_str     0x000018d9       0x43 /home/holelee/bin/local/lib/gcc/arm-elf/3.4.4/../../../../arm-elf/lib/libc.a(fstatr.o)
                                0x585 (size before relaxing)
 .debug_str     0x0000191c       0x3d /home/holelee/bin/local/lib/gcc/arm-elf/3.4.4/../../../../arm-elf/lib/libc.a(lseekr.o)
                                0x4bf (size before relaxing)
 .debug_str     0x00001959       0x3b /home/holelee/bin/local/lib/gcc/arm-elf/3.4.4/../../../../arm-elf/lib/libc.a(readr.o)
                                0x4b8 (size before relaxing)
 .debug_str     0x00001994       0x6d /home/holelee/bin/local/lib/gcc/arm-elf/3.4.4/../../../../arm-elf/lib/libc.a(reent.o)
                                0x4df (size before relaxing)

.debug_loc
 *(.debug_loc)

.debug_macinfo
 *(.debug_macinfo)

.debug_weaknames
 *(.debug_weaknames)

.debug_funcnames
 *(.debug_funcnames)

.debug_typenames
 *(.debug_typenames)

.debug_varnames
 *(.debug_varnames)
                0x0000082c                PROVIDE (___data_size, SIZEOF (.data))
OUTPUT(fpgatest.elf elf32-littlearm)

.debug_ranges   0x00000000      0x220
 .debug_ranges  0x00000000       0xb8 /home/holelee/bin/local/lib/gcc/arm-elf/3.4.4/../../../../arm-elf/lib/libc.a(vfprintf.o)
 .debug_ranges  0x000000b8       0x18 /home/holelee/bin/local/lib/gcc/arm-elf/3.4.4/../../../../arm-elf/lib/libc.a(wcsrtombs.o)
 .debug_ranges  0x000000d0       0x40 /home/holelee/bin/local/lib/gcc/arm-elf/3.4.4/../../../../arm-elf/lib/libc.a(wctomb_r.o)
 .debug_ranges  0x00000110       0x18 /home/holelee/bin/local/lib/gcc/arm-elf/3.4.4/../../../../arm-elf/lib/libc.a(fvwrite.o)
 .debug_ranges  0x00000128       0x20 /home/holelee/bin/local/lib/gcc/arm-elf/3.4.4/../../../../arm-elf/lib/libc.a(mallocr.o)
 .debug_ranges  0x00000148       0x98 /home/holelee/bin/local/lib/gcc/arm-elf/3.4.4/../../../../arm-elf/lib/libc.a(reallocr.o)
 .debug_ranges  0x000001e0       0x40 /home/holelee/bin/local/lib/gcc/arm-elf/3.4.4/../../../../arm-elf/lib/libc.a(callocr.o)
