Flow report for DE2_CCD
Tue Apr 04 19:24:06 2006
Version 5.1 Build 213 01/19/2006 Service Pack 1 SJ Full Version


---------------------
; Table of Contents ;
---------------------
  1. Legal Notice
  2. Flow Summary
  3. Flow Settings
  4. Flow Elapsed Time
  5. Flow Log



----------------
; Legal Notice ;
----------------
Copyright (C) 1991-2006 Altera Corporation
Your use of Altera Corporation's design tools, logic functions 
and other software and tools, and its AMPP partner logic 
functions, and any output files any of the foregoing 
(including device programming or simulation files), and any 
associated documentation or information are expressly subject 
to the terms and conditions of the Altera Program License 
Subscription Agreement, Altera MegaCore Function License 
Agreement, or other applicable license agreement, including, 
without limitation, that your use is for the sole purpose of 
programming logic devices manufactured by Altera and sold by 
Altera or its authorized distributors.  Please refer to the 
applicable agreement for further details.



+------------------------------------------------------------------------------------+
; Flow Summary                                                                       ;
+------------------------------------+-----------------------------------------------+
; Flow Status                        ; Successful - Tue Apr 04 19:24:04 2006         ;
; Quartus II Version                 ; 5.1 Build 213 01/19/2006 SP 1 SJ Full Version ;
; Revision Name                      ; DE2_CCD                                       ;
; Top-level Entity Name              ; DE2_CCD                                       ;
; Family                             ; Cyclone II                                    ;
; Device                             ; EP2C35F672C6                                  ;
; Timing Models                      ; Preliminary                                   ;
; Met timing requirements            ; Yes                                           ;
; Total logic elements               ; 1,224 / 33,216 ( 4 % )                        ;
; Total registers                    ; 828                                           ;
; Total pins                         ; 425 / 475 ( 89 % )                            ;
; Total virtual pins                 ; 0                                             ;
; Total memory bits                  ; 76,504 / 483,840 ( 16 % )                     ;
; Embedded Multiplier 9-bit elements ; 0 / 70 ( 0 % )                                ;
; Total PLLs                         ; 1 / 4 ( 25 % )                                ;
+------------------------------------+-----------------------------------------------+


+-----------------------------------------+
; Flow Settings                           ;
+-------------------+---------------------+
; Option            ; Setting             ;
+-------------------+---------------------+
; Start date & time ; 04/04/2006 19:22:31 ;
; Main task         ; Compilation         ;
; Revision Name     ; DE2_CCD             ;
+-------------------+---------------------+


+-------------------------------------+
; Flow Elapsed Time                   ;
+----------------------+--------------+
; Module Name          ; Elapsed Time ;
+----------------------+--------------+
; Analysis & Synthesis ; 00:00:29     ;
; Fitter               ; 00:00:45     ;
; Assembler            ; 00:00:09     ;
; Timing Analyzer      ; 00:00:06     ;
; Total                ; 00:01:29     ;
+----------------------+--------------+


------------
; Flow Log ;
------------
quartus_map --read_settings_files=on --write_settings_files=off DE2_CCD -c DE2_CCD
quartus_fit --read_settings_files=off --write_settings_files=off DE2_CCD -c DE2_CCD
quartus_asm --read_settings_files=off --write_settings_files=off DE2_CCD -c DE2_CCD
quartus_tan --read_settings_files=off --write_settings_files=off DE2_CCD -c DE2_CCD --timing_analysis_only



