  Loading test protocol
  Loading design 'DTSDI002'
  State of design is scan existing
  State of design is scan routed
  Post-DFT DRC enabled

Information: Starting test design rule checking. (TEST-222)
  ...basic checks...
  ...basic sequential cell checks...
  ...checking vector rules...
  ...checking clock rules...
  ...checking scan chain rules...
  ...checking X-state rules...
  ...checking tristate rules...
  ...extracting scan details...

-----------------------------------------------------------------
Begin Modeling violations...

Warning: Cell uDTSDI002Top/uAHB_ISRAM24K/WRAPPED_RAM_i0/SRAM_i0 (RA1SH6144x32_8) is unknown (black box) because functionality for output pin Q[31] is bad or incomplete. (TEST-451)
Information: There are 3 other cells with the same violation. (TEST-171)
Warning: Cell uDTSDI002Top/uA7TDMI/uA7TWrap/DelCLKEN/iDATAOUT_reg (RSLATX1) is not supported because the state pin Q has no clocks. This cell is being black-boxed. (TEST-466)

Modeling violations completed...
-----------------------------------------------------------------

-----------------------------------------------------------------
Begin Topology violations...

Warning: Three-state net uDTSDI002Top/uAHB_ISRAM24K/WRAPPED_RAM_i0/Q[31] is not properly driven. (TEST-115)
Information: There are 31 other nets with the same violation. (TEST-289)

Topology violations completed...
-----------------------------------------------------------------

-----------------------------------------------------------------
Begin Clock violations...

 Warning: Clock ARM_OSCi can capture new data on TE input CKN of DFF uDTSDI002Top/uAHB_ISRAM24K/BistCtrl_i0/ST_MAL_i0/S16_reg. (C6-1)
         Source of violation: input CK of DFF uDTSDI002Top/uAHB_ISMC/rd_dphase_reg.
Information: There is 1 other cell with the same violation. (TEST-173)
 Warning: ARM_RESETi clock path affected by new capture on LS input S of DLAT uDTSDI002Top/uA7TDMI/uA7TWrap/DelCLKEN/iDATAOUT_reg. (C8-1)
         Source of violation: input SN of DFF uDTSDI002Top/uA7TDMI/uA7TWrap/iA7WrapSM/iCLKEN_reg.
 Warning: Clock ARM_OSCi connects to LE clock/data inputs CK/D of DFF uDTSDI002Top/uAPB_ADC_Ctrl/U0_adc_control/adcclk_count_reg_2_. (C12-1)
Information: There are 4 other cells with the same violation. (TEST-171)
 Warning: DFF (uDTSDI002Top/uA7TDMI/uA7TWrap/iA7WrapMaster/HoldSel_reg) connected to input S of unstable DLAT (uDTSDI002Top/uA7TDMI/uA7TWrap/DelCLKEN/iDATAOUT_reg). (C23-1)
 Warning: Input S of unstable DLAT (uDTSDI002Top/uA7TDMI/uA7TWrap/DelCLKEN/iDATAOUT_reg) connected from DFF (uDTSDI002Top/uA7TDMI/uA7TWrap/iA7WrapMaster/DataGrant_reg) and DFF (uDTSDI002Top/uA7TDMI/uA7TWrap/iA7WrapSM/iCLKEN_reg). (C25-1)
Information: There are 0 other cells with the same violation. (TEST-171)
 Warning: Clock ARM_RESETi used as data is different than capture clock ARM_OSCi for inputs CK/D of stable DFF (uDTSDI002Top/uResetCntl/nSyncPOR_reg). (C26-1)

Clock violations completed...
-----------------------------------------------------------------

-----------------------------------------------------------------
Begin Scan chain violations...

 Warning: Latch uDTSDI002Top/uA7TDMI/uA7TWrap/DelCLKEN/iDATAOUT_reg not transparent due to no usable clock ports. (S26-1)

Scan chain violations completed...
-----------------------------------------------------------------

-----------------------------------------------------------------
Begin tristate violations...

 Warning: Enable of bidi bus driver pGPIO12 connected to scan cell gate (uDTSDI002Top/uAPB_Gpio/R5_reg_4_). (Z9-1)
Information: There are 48 other cells with the same violation. (TEST-171)

Tristate violations completed...
-----------------------------------------------------------------

-----------------------------------------------------------------
  DRC Report

  Total violations: 99

-----------------------------------------------------------------

5 MODELING VIOLATIONS
     4 Cell has unknown model violations (TEST-451)
     1 Sequential Cell has no clocks violation (TEST-466)

32 TOPOLOGY VIOLATIONS
    32 Improperly driven three-state net violations (TEST-115)

12 CLOCK VIOLATIONS
     2 Trailing edge port captured data affected by new capture violations (C6)
     1 Level sensitive port clock path affected by new capture violation (C8)
     5 Leading edge port captured data affected by clock violations (C12)
     1 State element connected to unstable cell clock input violation (C23)
     2 Unstable cell clock input connected from multiple sources violations (C25)
     1 Clock as data different from capture clock for stable cell violation (C26)

1 SCAN CHAIN VIOLATION
     1 No usable clock port for potential transparent latch violation (S26)

49 TRISTATE VIOLATIONS
    49 Bidi bus driver enable affected by scan cell violations (Z9)


Warning: Violations occurred during test design rule checking. (TEST-124)

-----------------------------------------------------------------
  Sequential Cell Report

  3 out of 8617 sequential cells have violations

-----------------------------------------------------------------

SEQUENTIAL CELLS WITH VIOLATIONS
      *   1 cell has test design rule violations
      *   2 cells have capture violations
SEQUENTIAL CELLS WITHOUT VIOLATIONS
      *8614 cells are valid scan cells

Information: Test design rule checking completed. (TEST-123)
  Running test coverage estimation...
 462326 faults were added to fault list.
 ATPG performed for stuck fault model using internal pattern source.
 ----------------------------------------------------------
 #patterns     #faults     #ATPG faults  test      process
 stored     detect/active  red/au/abort  coverage  CPU time
 ---------  -------------  ------------  --------  --------
 Begin deterministic ATPG: #uncollapsed_faults=352385, abort_limit=10...
 0          186623 165762         0/0/0    60.40%      0.76
 0           18926 146833         1/0/0    64.84%      1.10
 0           10985 135845         3/0/0    67.42%      1.35
 0            8348 127490         5/0/0    69.38%      1.61
 0            5939 121545         7/0/0    70.77%      1.86
 0            4871 116669         8/0/0    71.91%      2.10
 0            4697 111966         9/1/0    73.01%      2.37
 0            3795 108169        10/2/0    73.91%      2.68
 0            3431 104735        11/2/0    74.71%      2.92
 0            2856 101878        11/3/0    75.38%      3.16
 0            3177  98695        13/5/0    76.13%      3.41
 0            2427  96266        13/7/0    76.70%      3.68
 0            2786  93475        14/9/0    77.35%      3.97
 0            2426  91047       14/11/0    77.92%      4.21
 0            2114  88928       15/13/0    78.41%      4.45
 0            1610  87312       16/15/0    78.79%      4.68
 0            1564  85746       16/17/0    79.16%      4.97
 0            1705  84037       17/20/0    79.56%      5.26
 0            1994  82028       20/21/1    80.03%      5.50
 0            1931  80095       21/22/2    80.48%      5.74
 0            1490  78600       22/24/2    80.83%      5.99
 0            1361  77233       25/25/2    81.15%      6.29
 0            1319  75909       27/26/2    81.46%      6.55
 0            1239  74662       29/28/2    81.75%      6.79
 0            1285  73374       30/29/2    82.06%      7.02
 0             913  72457       31/30/2    82.27%      7.27
 0            1268  71182       34/31/2    82.57%      7.57
 0            1303  69877       34/32/2    82.87%      7.81
 0            1517  68359       34/33/2    83.23%      8.04
 0            1118  67236       36/34/2    83.49%      8.27
 0             939  66289       38/35/2    83.72%      8.53
 0             865  65420       40/36/2    83.92%      8.82
 0            1049  64366       42/37/2    84.17%      9.03
 0             766  63588       46/38/2    84.35%      9.22
 0             825  62759       47/39/2    84.54%      9.45
 0             931  61825       48/40/2    84.76%      9.68
 0             643  61174       51/41/2    84.91%      9.98
 0             895  60270       53/43/2    85.12%     10.24
 0             878  59385       55/45/2    85.33%     10.47
 0             709  58659       59/47/2    85.50%     10.71
 0             922  57717       65/48/2    85.72%     10.96
 0             851  56856       68/49/2    85.92%     11.26
 0             518  56331       69/50/2    86.04%     11.49
 0             565  55752       73/51/2    86.18%     11.72
 0             733  55006       77/52/2    86.35%     11.95
 0             490  54507       80/53/2    86.47%     12.19
 0             641  53865       81/53/2    86.62%     12.48
 0             643  53211       84/53/2    86.77%     12.73
 0             500  52703       88/53/2    86.89%     13.02
 0             488  52211       89/54/2    87.00%     13.32
 0             542  51665       90/55/2    87.13%     13.61
 0             587  51057       96/56/2    87.27%     13.88
 0             452  50599      100/57/2    87.38%     14.11
 0             487  50102      102/58/2    87.49%     14.34
 0             566  49530      105/59/2    87.63%     14.57
 0             376  49144      109/60/2    87.72%     14.86
 0             308  48822      114/61/2    87.79%     15.14
 0             509  48303      118/61/2    87.91%     15.36
 0             377  47921      121/61/2    88.00%     15.59
 0             360  47555      124/62/2    88.09%     15.83
 0             449  47080      130/64/2    88.20%     16.13
 0             466  46604      135/65/2    88.31%     16.39
 0             475  46118      139/67/2    88.42%     16.62
 0             412  45685      145/68/2    88.52%     16.86
 0             325  45349      149/69/2    88.60%     17.10
 0             427  44909      154/70/2    88.70%     17.39
 0             343  44547      160/71/2    88.79%     17.64
 0             644  43887      167/72/2    88.94%     17.88
 0             429  43456      168/73/2    89.04%     18.10
 0             443  43002      171/74/2    89.15%     18.33
 0             341  42645      176/75/2    89.23%     18.57
 0             382  42261      177/76/2    89.32%     18.80
 0             374  41881      180/77/2    89.41%     19.10
 0             309  41565      182/78/2    89.48%     19.40
 0             180  41375      186/79/2    89.53%     19.65
 0             212  41154      190/81/2    89.58%     19.89
 0             332  40806      196/83/2    89.66%     20.19
 0             223  40581      197/84/2    89.71%     20.48
 0             399  40179      198/85/2    89.81%     20.77
 0             221  39944      202/86/2    89.86%     21.00
 0             426  39502      207/87/2    89.96%     21.24
 0             217  39277      209/88/2    90.02%     21.54
 0             391  38882      211/89/2    90.11%     21.83
 0             490  38377      216/90/2    90.23%     22.10
 0             275  38092      220/93/2    90.29%     22.33
 0             314  37767      223/95/2    90.37%     22.61
 0             411  37341      226/97/2    90.47%     22.91
 0             574  36744      233/99/2    90.61%     23.20
 0             301  36394     240/118/2    90.68%     23.46
 0             184  36201     243/119/2    90.72%     23.70
 Warning: 1 patterns rejected due to 1 bidi contentions (ID=128413, pat1=0). (M181)
 0             278  35912     247/120/2    90.79%     24.00
 0             287  35614     251/121/2    90.86%     24.30
 0             253  35339     258/122/2    90.92%     24.59
 0             292  35033     263/123/2    91.00%     24.82
 0             410  34588     274/125/2    91.10%     25.11
 0             289  34280     280/127/2    91.17%     25.41
 0             205  34064     285/127/2    91.22%     25.69
 0             384  33657     293/127/2    91.32%     25.92
 0             354  33288     300/128/2    91.40%     26.17
 0             166  33109     304/129/2    91.44%     26.47
 0             190  32912     308/130/2    91.49%     26.76
 0             316  32579     312/131/2    91.57%     27.02
 0             449  32122     315/132/2    91.67%     27.25
 0             483  31634     317/133/2    91.79%     27.53
 0             426  31195     322/134/2    91.89%     27.83
 0             363  30825     324/135/2    91.98%     28.12
 0             476  30329     331/136/2    92.09%     28.35
 0             292  30033     332/137/2    92.16%     28.56
 0             376  29648     334/138/2    92.25%     28.79
 0             124  29503     341/139/2    92.29%     29.01
 0             223  29250     348/142/2    92.34%     29.24
 0             270  28976     350/143/2    92.41%     29.50
 0             277  28679     354/145/2    92.48%     29.79
 0             261  28410     357/147/3    92.54%     30.03
 0             289  28107     361/149/3    92.61%     30.26
 0             207  27879     367/151/3    92.66%     30.49
 0             269  27598     371/153/3    92.73%     30.76
 0             266  27324     373/155/3    92.79%     31.04
 0             277  27030     378/157/3    92.86%     31.28
 0             379  26640     381/159/3    92.95%     31.51
 0             192  26441     384/160/3    93.00%     31.73
 0             327  26104     386/161/4    93.08%     32.01
 0             255  25835     390/162/5    93.14%     32.29
 0             193  25612     398/164/5    93.19%     32.52
 0             207  25372     406/166/5    93.24%     32.75
 0             237  25118     412/168/5    93.30%     32.98
 0             226  24884     414/169/5    93.36%     33.25
 0             211  24649     420/170/5    93.41%     33.53
 0             224  24404     425/171/5    93.47%     33.76
 0             281  24115     429/171/5    93.53%     33.98
 0             173  23938     431/171/5    93.58%     34.20
 0             243  23680     436/171/5    93.64%     34.48
 0             149  23521     441/171/5    93.67%     34.76
 0             163  23331     450/172/5    93.72%     34.99
 0             234  23073     457/173/5    93.78%     35.21
 0             108  22951     462/173/5    93.80%     35.43
 0             195  22746     466/173/5    93.85%     35.70
 0             177  22566     468/173/5    93.89%     35.97
 0             311  22244     471/173/5    93.97%     36.19
 0             219  22005     478/174/5    94.03%     36.43
 0             119  21866     484/174/5    94.06%     36.65
 0             163  21677     491/175/5    94.10%     36.92
 0             169  21486     498/175/6    94.15%     37.20
 0             200  21269     504/175/6    94.20%     37.49
 0             254  21005     509/175/6    94.26%     37.77
 0             130  20862     514/175/6    94.29%     38.05
 0             231  20608     522/175/6    94.35%     38.25
 0             160  20434     527/175/6    94.39%     38.43
 0             216  20199     534/175/6    94.45%     38.65
 0             154  20029     540/175/7    94.49%     38.88
 0             147  19875     544/175/8    94.52%     39.11
 0             157  19704     549/175/8    94.56%     39.38
 0             251  19435     556/175/8    94.63%     39.66
 0             227  19197     561/175/8    94.68%     39.88
 0             163  19027     564/175/9    94.72%     40.11
 0             137  18860     573/176/9    94.76%     40.34
 0             193  18650     579/176/9    94.81%     40.60
 0             189  18454     582/176/9    94.86%     40.87
 0             212  18234     587/176/9    94.91%     41.10
 0             101  18115    591/177/10    94.93%     41.33
 0             158  17933    599/181/10    94.98%     41.55
 0             297  17620    604/184/11    95.05%     41.82
 0             116  17486    611/187/12    95.08%     42.11
 0             129  17327    619/190/13    95.11%     42.34
 0             113  17187    627/193/13    95.15%     42.57
 0              83  17084    633/196/13    95.17%     42.81
 0             126  16936    641/199/13    95.20%     43.09
 0             116  16799    648/202/13    95.23%     43.37
 0             124  16647    654/205/13    95.27%     43.61
 0             167  16461    661/206/13    95.31%     43.84
 0             223  16229    665/207/13    95.36%     44.12
 0             169  16050    669/208/14    95.41%     44.35
 0             154  15888    672/209/15    95.44%     44.59
 0             209  15658    677/211/16    95.50%     44.89
 0             282  15367    680/213/16    95.57%     45.18
 0             209  15144    684/215/16    95.62%     45.45
 0             150  14985    687/217/16    95.65%     45.68
 0             159  14812    691/219/16    95.69%     45.95
 0             133  14666    696/222/16    95.73%     46.26
 0             212  14434    703/224/16    95.78%     46.55
 0             183  14239    707/226/16    95.83%     46.78
 0             145  14079    714/229/16    95.86%     47.07
 0             156  13911    719/232/16    95.90%     47.31
 0             130  13759    726/235/16    95.94%     47.54
 0              82  13648    733/239/16    95.96%     47.79
 0             125  13510    737/242/16    95.99%     48.04
 0             101  13380    745/245/16    96.02%     48.26
 0             130  13239    749/248/16    96.05%     48.56
 0              86  13127    755/252/16    96.08%     48.86
 0             154  12958    761/255/17    96.12%     49.14
 0             117  12834    764/258/17    96.15%     49.37
 0              98  12708    771/262/17    96.17%     49.65
 0             131  12558    776/265/19    96.21%     49.96
 0             110  12439    780/267/19    96.24%     50.26
 0             117  12299    790/268/19    96.27%     50.49
 0             179  12093    801/271/19    96.32%     50.73
 0             180  11891    809/274/19    96.36%     51.02
 0             118  11755    814/277/19    96.39%     51.32
 0             132  11599    822/279/19    96.43%     51.59
 0             177  11400    830/281/19    96.47%     51.82
 0              85  11297    836/283/19    96.50%     52.09
 0             108  11176    842/284/19    96.53%     52.31
 0             108  11040    851/285/19    96.56%     52.53
 0             156  10866    856/287/19    96.59%     52.77
 0             106  10735    863/291/19    96.62%     53.05
 0             104  10613    871/294/19    96.65%     53.37
 0             105  10489    878/298/19    96.68%     53.60
 0             100  10365    885/300/19    96.71%     53.83
 0             104  10229    895/304/19    96.74%     54.07
 0             145  10037    908/306/19    96.78%     54.35
 0              98   9929    913/307/19    96.81%     54.58
 0             155   9748    923/309/19    96.85%     54.80
 0              88   9637    933/310/19    96.88%     55.03
 0              90   9522    944/311/19    96.90%     55.27
 0             150   9355    950/313/19    96.94%     55.56
 0              91   9237    960/314/19    96.97%     55.82
 0              79   9140    968/316/19    96.99%     56.14
 0              92   9034    973/317/19    97.01%     56.42
 0             101   8925    977/318/19    97.04%     56.65
 0             136   8771    984/320/19    97.08%     56.89
 0             115   8637    992/322/19    97.11%     57.18
 0             109   8510   1000/323/19    97.14%     57.47
 0              75   8407   1009/325/19    97.16%     57.75
 0             149   8242   1016/326/19    97.20%     58.03
 0             134   8096   1022/327/19    97.23%     58.22
 0             171   7916   1027/328/19    97.27%     58.42
 0             110   7786   1033/329/19    97.30%     58.65
 0             166   7608   1038/331/19    97.34%     58.88
 0             112   7335   1048/441/24    97.38%     59.43
 0             149   7173   1054/442/24    97.41%     59.70
 0             255   6901   1061/442/24    97.48%     59.99
 0             111   6778   1067/442/24    97.51%     60.24
 0              89   6673   1074/442/24    97.53%     60.46
 0             110   6506   1084/463/24    97.56%     60.76
 0              94   6376   1095/465/24    97.59%     61.04
 0             102   6250   1104/466/24    97.62%     61.33
 0              76   6151   1112/468/26    97.65%     61.56
 0             156   5972   1119/471/26    97.69%     61.80
 0              86   5852   1127/474/26    97.71%     62.10
 0              76   5755   1134/476/26    97.73%     62.39
 0             117   5606   1145/477/26    97.77%     62.66
 0              85   5505   1154/478/26    97.79%     62.88
 0              78   5388   1164/482/26    97.81%     63.14
 0              64   5302   1173/484/26    97.83%     63.45
 Warning: 1 patterns rejected due to 1 bus postclock contentions (ID=83061, pat1=28). (M181)
 0              77   5214   1178/485/26    97.86%     63.74
 0              86   5093   1189/485/26    97.88%     63.97
 0              86   4735   1403/487/26    97.97%     64.24
 0              69   4654   1406/488/26    97.98%     64.53
 0             103   4540   1409/489/26    98.01%     64.81
 0              70   4455   1412/490/26    98.03%     65.04
 0              87   4264   1424/512/26    98.06%     65.39
 Warning: 1 patterns rejected due to 1 bidi contentions (ID=128413, pat1=30). (M181)
 0             104   4126   1434/513/26    98.09%     65.62
 0              95   4001   1443/514/26    98.12%     65.85
 0              97   3881   1452/514/26    98.15%     66.07
 0              82   3793   1454/515/26    98.17%     66.30
 0              79   3705   1456/516/26    98.19%     66.59
 0              76   3597   1464/520/26    98.21%     66.83
 0              94   3483   1469/521/26    98.24%     67.05
 0              68   3345   1481/538/26    98.26%     67.28
 0             118   3171   1502/538/26    98.30%     67.51
 0             123   3013   1514/538/27    98.34%     67.79
 0              95   2906   1519/538/27    98.37%     68.03
 0              75   2812   1525/538/27    98.39%     68.22
 0             111   2669   1533/539/27    98.42%     68.41
 0              54   2603   1537/539/27    98.44%     68.63
 0             115   2476   1541/539/27    98.47%     68.89
 0              78   2380   1546/539/27    98.49%     69.17
 0              90   2267   1555/539/27    98.52%     69.39
 0              58   2177   1565/540/27    98.54%     69.62
 0              66   2107   1567/540/27    98.55%     69.84
 0              81   2013   1570/540/27    98.58%     70.09
 0              65   1935   1576/540/27    98.59%     70.37
 0              83   1844   1578/540/27    98.62%     70.60
 0              73   1747   1587/540/27    98.64%     70.82
 0             107   1591   1600/541/27    98.67%     71.04
 0              55   1499   1612/543/27    98.70%     71.28
 0              99   1362   1625/543/27    98.73%     71.57
 0              60   1283   1632/543/27    98.75%     71.82
 0              56   1210   1639/543/27    98.76%     72.04
 0              60   1124   1649/543/27    98.78%     72.26
 0              83   1024   1656/543/27    98.81%     72.50
 0              59    932   1666/544/27    98.83%     72.80
 0             139    785   1668/544/27    98.86%     73.02
 0              45    720   1673/544/27    98.88%     73.25
 0              89    604   1682/545/27    98.91%     73.47
 0              69    516   1687/546/27    98.92%     73.70
 0              77    400   1701/546/27    98.95%     73.99
 0              56    308   1713/546/27    98.97%     74.23
 0              65    218   1723/547/27    98.99%     74.46
 0              70    119   1735/548/27    99.02%     74.69
 0              47     56   1744/549/27    99.03%     74.90
 
            Pattern Summary Report
 -----------------------------------------------
 #internal patterns                           0
 -----------------------------------------------


     Uncollapsed Stuck Fault Summary Report
 -----------------------------------------------
 fault class                     code   #faults
 ------------------------------  ----  ---------
 Detected                         DT     418069
 Possibly detected                PT        141
 Undetectable                     UD      40100
 ATPG untestable                  AU       3968
 Not detected                     ND         48
 -----------------------------------------------
 total faults                            462326
 test coverage                            99.03%
 -----------------------------------------------
  Information: The test coverage above may be inferior
               than the real test coverage with customized
               protocol and test simulation library.
1
