a global/ 0K
a global/LDV/ 0K
a global/LDV/DirMakefile.mk 2K
a global/LDV/SimMakefile.mk 3K
a global/LDV/vxl_tictalk_ahb.files 2K
a global/LDV/RtlMakefile.mk 1K
a global/LDV/vxl_bustalk_apb.files 2K
a global/LDV/vxl_tictalk_asb.files 2K
a global/LDV/vxl_bustalk_ahb.files 2K
a global/LDV/DirSimMakefile.mk 3K
a global/modelsim/ 0K
a global/modelsim/libmap 2K
a global/modelsim/init.do 1K
a global/modelsim/modelsim.ini 3K
a global/modelsim/SimMakefile.mk 6K
a global/modelsim/DirMakefile.mk 2K
a global/modelsim/modelsim_tictalk.ini 3K
a global/modelsim/DirSimMakefile.mk 3K
a global/modelsim/modelsim_bustalk.ini 3K
a global/modelsim/RtlMakefile.mk 3K
a uart_pl011/ 0K
a uart_pl011/makefile 2K
a uart_pl011/verilog/ 0K
a uart_pl011/verilog/netlist/ 0K
a uart_pl011/verilog/netlist/work/ 0K
a uart_pl011/verilog/netlist/work/@uart/ 0K
a uart_pl011/verilog/netlist/work/.SYNC/ 0K
a uart_pl011/verilog/netlist/work/.SYNC/omlHolder 0K
a uart_pl011/verilog/netlist/work/.SYNC/Contents 1K
a uart_pl011/verilog/netlist/makefile 2K
a uart_pl011/verilog/rtl_source/ 0K
a uart_pl011/verilog/rtl_source/Uart.v 41K
a uart_pl011/verilog/rtl_source/makefile 2K
a uart_pl011/verilog/rtl_source/UartTest.v 16K
a uart_pl011/verilog/rtl_source/UartBaudCntr.v 23K
a uart_pl011/verilog/rtl_source/UartIrDA.v 19K
a uart_pl011/verilog/rtl_source/UartApbif.v 32K
a uart_pl011/verilog/rtl_source/UartRXFIFO.v 10K
a uart_pl011/verilog/rtl_source/UartSynctoPCLK.v 13K
a uart_pl011/verilog/rtl_source/UartTXRegFile.v 10K
a uart_pl011/verilog/rtl_source/UartTXCntl.v 25K
a uart_pl011/verilog/rtl_source/UartModem.v 13K
a uart_pl011/verilog/rtl_source/UartRevAnd.v 3K
a uart_pl011/verilog/rtl_source/UartInterrupt.v 6K
a uart_pl011/verilog/rtl_source/UartTXFCntl.v 33K
a uart_pl011/verilog/rtl_source/UartDataStp.v 8K
a uart_pl011/verilog/rtl_source/UartRXCntl.v 23K
a uart_pl011/verilog/rtl_source/UartDMA.v 11K
a uart_pl011/verilog/rtl_source/UartRXParShft.v 11K
a uart_pl011/verilog/rtl_source/UartRegBlock.v 26K
a uart_pl011/verilog/rtl_source/UartRXFCntl.v 28K
a uart_pl011/verilog/rtl_source/UartReceive.v 12K
a uart_pl011/verilog/rtl_source/UartRXRegFile.v 10K
a uart_pl011/verilog/rtl_source/UartSynctoUCLK.v 25K
a uart_pl011/verilog/rtl_source/UartTXFIFO.v 10K
a uart_pl011/verilog/makefile 2K
a uart_pl011/README.txt 10K
