a avanti/ 0K
a avanti/2000.3/ 0K
a avanti/2000.3/cb18.lst 31K
a avanti/2000.3/cb18/ 0K
a avanti/2000.3/cb18/v1.0/ 0K
a avanti/2000.3/cb18/v1.0/synopsys/ 0K
a avanti/2000.3/cb18/v1.0/synopsys/cb18os120/ 0K
a avanti/2000.3/cb18/v1.0/synopsys/cb18os120/1999.05/ 0K
a avanti/2000.3/cb18/v1.0/synopsys/cb18os120/1999.05/models/ 0K
a avanti/2000.3/cb18/v1.0/synopsys/cb18os120/1999.05/models/generic/ 0K
a avanti/2000.3/cb18/v1.0/synopsys/cb18os120/1999.05/models/generic/cb18os120_generic_max.rpt 2150K
a avanti/2000.3/cb18/v1.0/synopsys/cb18os120/1999.05/models/generic/cb18os120_generic_typ.rpt 2150K
a avanti/2000.3/cb18/v1.0/synopsys/cb18os120/1999.05/models/generic/cb18os120_generic_min.rpt 2150K
a avanti/2000.3/cb18/v1.0/synopsys/cb18os120/1999.05/models/generic/cb18os120_generic_max.kfact 3K
a avanti/2000.3/cb18/v1.0/synopsys/cb18os120/1999.05/models/generic/cb18os120_generic_typ.kfact 3K
a avanti/2000.3/cb18/v1.0/synopsys/cb18os120/1999.05/models/generic/cb18os120_generic_min.kfact 3K
a avanti/2000.3/cb18/v1.0/synopsys/cb18os120/1999.05/models/generic/cb18os120_generic_max.db 1548K
a avanti/2000.3/cb18/v1.0/synopsys/cb18os120/1999.05/models/generic/cb18os120_generic_typ.db 1548K
a avanti/2000.3/cb18/v1.0/synopsys/cb18os120/1999.05/models/generic/cb18os120_generic_min.db 1551K
a avanti/2000.3/cb18/v1.0/synopsys/cb18os120/1999.05/models/generic/cb18_generic_memory_max.db 6K
a avanti/2000.3/cb18/v1.0/synopsys/cb18os120/1999.05/models/generic/cb18_generic_memory_typ.db 6K
a avanti/2000.3/cb18/v1.0/synopsys/cb18os120/1999.05/models/generic/cb18_generic_memory_min.db 6K
a avanti/2000.3/cb18/v1.0/synopsys/cb18os120/1999.05/models/generic/conditions_1.8v.lib 3K
a avanti/2000.3/cb18/v1.0/synopsys/cb18os120/1999.05/models/generic/conditions_1.8v.db 4K
a avanti/2000.3/cb18/v1.0/synopsys/cb18os120/1999.05/icons/ 0K
a avanti/2000.3/cb18/v1.0/synopsys/cb18os120/1999.05/icons/cb18os120.sdb 291K
a avanti/2000.3/cb18/v1.0/doc/ 0K
a avanti/2000.3/cb18/v1.0/doc/main.pdf 671K
a avanti/2000.3/cb18/v1.0/doc/an_compiler_flow.ps 70K
a avanti/2000.3/cb18/v1.0/doc/an_compiler_flow.pdf 23K
a avanti/2000.3/cb18/v1.0/doc/an_io_flow.pdf 372K
a avanti/2000.3/cb18/v1.0/doc/an_io_flow.ps 1974K
a avanti/2000.3/cb18/v1.0/doc/an_cb18io220sso.ps 833K
a avanti/2000.3/cb18/v1.0/doc/an_cb18io220sso.pdf 249K
a avanti/2000.3/cb18/v1.0/doc/CB18-v1.0.html 8K
a avanti/2000.3/cb18/v1.0/doc/an_cb18sio220sso.ps 366K
a avanti/2000.3/cb18/v1.0/doc/an_cb18sio220sso.pdf 161K
a avanti/2000.3/cb18/v1.0/verilog/ 0K
a avanti/2000.3/cb18/v1.0/verilog/cb18os120/ 0K
a avanti/2000.3/cb18/v1.0/verilog/cb18os120/zero/ 0K
a avanti/2000.3/cb18/v1.0/verilog/cb18os120/zero/ora311d4.v 2K
a avanti/2000.3/cb18/v1.0/verilog/cb18os120/zero/ora211d4.v 2K
a avanti/2000.3/cb18/v1.0/verilog/cb18os120/zero/ora311d2.v 2K
a avanti/2000.3/cb18/v1.0/verilog/cb18os120/zero/ora211d2.v 2K
a avanti/2000.3/cb18/v1.0/verilog/cb18os120/zero/ora311d1.v 2K
a avanti/2000.3/cb18/v1.0/verilog/cb18os120/zero/ora211d1.v 2K
a avanti/2000.3/cb18/v1.0/verilog/cb18os120/zero/ora31d4.v 2K
a avanti/2000.3/cb18/v1.0/verilog/cb18os120/zero/ora31d2.v 2K
a avanti/2000.3/cb18/v1.0/verilog/cb18os120/zero/ora31d1.v 2K
a avanti/2000.3/cb18/v1.0/verilog/cb18os120/zero/ora21d4.v 2K
a avanti/2000.3/cb18/v1.0/verilog/cb18os120/zero/ora21d2.v 2K
a avanti/2000.3/cb18/v1.0/verilog/cb18os120/zero/ora21d1.v 2K
a avanti/2000.3/cb18/v1.0/verilog/cb18os120/zero/nd23d1.v 2K
a avanti/2000.3/cb18/v1.0/verilog/cb18os120/zero/nd23d2.v 2K
a avanti/2000.3/cb18/v1.0/verilog/cb18os120/zero/nd23d4.v 2K
a avanti/2000.3/cb18/v1.0/verilog/cb18os120/zero/nr23d1.v 2K
a avanti/2000.3/cb18/v1.0/verilog/cb18os120/zero/nr23d2.v 2K
a avanti/2000.3/cb18/v1.0/verilog/cb18os120/zero/nr23d4.v 2K
a avanti/2000.3/cb18/v1.0/verilog/cb18os120/zero/aor311d4.v 2K
a avanti/2000.3/cb18/v1.0/verilog/cb18os120/zero/aor222d4.v 2K
a avanti/2000.3/cb18/v1.0/verilog/cb18os120/zero/aor221d4.v 2K
a avanti/2000.3/cb18/v1.0/verilog/cb18os120/zero/aor211d4.v 2K
a avanti/2000.3/cb18/v1.0/verilog/cb18os120/zero/aor311d2.v 2K
a avanti/2000.3/cb18/v1.0/verilog/cb18os120/zero/aor222d2.v 2K
a avanti/2000.3/cb18/v1.0/verilog/cb18os120/zero/aor221d2.v 2K
a avanti/2000.3/cb18/v1.0/verilog/cb18os120/zero/aor211d2.v 2K
a avanti/2000.3/cb18/v1.0/verilog/cb18os120/zero/aor311d1.v 2K
a avanti/2000.3/cb18/v1.0/verilog/cb18os120/zero/aor222d1.v 2K
a avanti/2000.3/cb18/v1.0/verilog/cb18os120/zero/aor221d1.v 2K
a avanti/2000.3/cb18/v1.0/verilog/cb18os120/zero/aor211d1.v 2K
a avanti/2000.3/cb18/v1.0/verilog/cb18os120/zero/aor31d4.v 2K
a avanti/2000.3/cb18/v1.0/verilog/cb18os120/zero/aor31d2.v 2K
a avanti/2000.3/cb18/v1.0/verilog/cb18os120/zero/aor31d1.v 2K
a avanti/2000.3/cb18/v1.0/verilog/cb18os120/zero/aor22d4.v 2K
a avanti/2000.3/cb18/v1.0/verilog/cb18os120/zero/aor22d2.v 2K
a avanti/2000.3/cb18/v1.0/verilog/cb18os120/zero/aor22d1.v 2K
a avanti/2000.3/cb18/v1.0/verilog/cb18os120/zero/aor21d4.v 2K
a avanti/2000.3/cb18/v1.0/verilog/cb18os120/zero/aor21d2.v 2K
a avanti/2000.3/cb18/v1.0/verilog/cb18os120/zero/aor21d1.v 2K
a avanti/2000.3/cb18/v1.0/verilog/cb18os120/zero/seprq2.v 5K
a avanti/2000.3/cb18/v1.0/verilog/cb18os120/zero/seprq1.v 5K
a avanti/2000.3/cb18/v1.0/verilog/cb18os120/zero/sdprb2.v 4K
a avanti/2000.3/cb18/v1.0/verilog/cb18os120/zero/sdprb1.v 4K
a avanti/2000.3/cb18/v1.0/verilog/cb18os120/zero/deprq2.v 3K
a avanti/2000.3/cb18/v1.0/verilog/cb18os120/zero/deprq1.v 3K
a avanti/2000.3/cb18/v1.0/verilog/cb18os120/zero/depfq2.v 3K
a avanti/2000.3/cb18/v1.0/verilog/cb18os120/zero/depfq1.v 3K
a avanti/2000.3/cb18/v1.0/verilog/cb18os120/zero/adp1d0.v 2K
a avanti/2000.3/cb18/v1.0/verilog/cb18os120/zero/adp1d1.v 2K
a avanti/2000.3/cb18/v1.0/verilog/cb18os120/zero/adp1d2.v 2K
a avanti/2000.3/cb18/v1.0/verilog/cb18os120/zero/dfpfb1.v 3K
a avanti/2000.3/cb18/v1.0/verilog/cb18os120/zero/dfpfb2.v 3K
a avanti/2000.3/cb18/v1.0/verilog/cb18os120/zero/dfprb1.v 3K
a avanti/2000.3/cb18/v1.0/verilog/cb18os120/zero/dfprb2.v 3K
a avanti/2000.3/cb18/v1.0/verilog/cb18os120/zero/an12d1.v 1K
a avanti/2000.3/cb18/v1.0/verilog/cb18os120/zero/an12d2.v 1K
a avanti/2000.3/cb18/v1.0/verilog/cb18os120/zero/an12d4.v 1K
a avanti/2000.3/cb18/v1.0/verilog/cb18os120/zero/nd12d0.v 2K
a avanti/2000.3/cb18/v1.0/verilog/cb18os120/zero/nd12d1.v 2K
a avanti/2000.3/cb18/v1.0/verilog/cb18os120/zero/nd12d2.v 2K
a avanti/2000.3/cb18/v1.0/verilog/cb18os120/zero/nd12d4.v 2K
a avanti/2000.3/cb18/v1.0/verilog/cb18os120/zero/nd13d1.v 2K
a avanti/2000.3/cb18/v1.0/verilog/cb18os120/zero/nd13d2.v 2K
a avanti/2000.3/cb18/v1.0/verilog/cb18os120/zero/nd13d4.v 2K
a avanti/2000.3/cb18/v1.0/verilog/cb18os120/zero/nr13d1.v 2K
a avanti/2000.3/cb18/v1.0/verilog/cb18os120/zero/nr13d2.v 2K
a avanti/2000.3/cb18/v1.0/verilog/cb18os120/zero/nr13d4.v 2K
a avanti/2000.3/cb18/v1.0/verilog/cb18os120/zero/cload1.v 1K
a avanti/2000.3/cb18/v1.0/verilog/cb18os120/zero/xr03d4.v 2K
a avanti/2000.3/cb18/v1.0/verilog/cb18os120/zero/xr03d2.v 2K
a avanti/2000.3/cb18/v1.0/verilog/cb18os120/zero/xr03d1.v 2K
a avanti/2000.3/cb18/v1.0/verilog/cb18os120/zero/xr02d4.v 1K
a avanti/2000.3/cb18/v1.0/verilog/cb18os120/zero/xr02d2.v 1K
a avanti/2000.3/cb18/v1.0/verilog/cb18os120/zero/xr02d1.v 1K
a avanti/2000.3/cb18/v1.0/verilog/cb18os120/zero/xn02d4.v 1K
a avanti/2000.3/cb18/v1.0/verilog/cb18os120/zero/xn02d2.v 1K
a avanti/2000.3/cb18/v1.0/verilog/cb18os120/zero/xn02d1.v 1K
a avanti/2000.3/cb18/v1.0/verilog/cb18os120/zero/su01d2.v 2K
a avanti/2000.3/cb18/v1.0/verilog/cb18os120/zero/su01d1.v 2K
a avanti/2000.3/cb18/v1.0/verilog/cb18os120/zero/su01d0.v 2K
a avanti/2000.3/cb18/v1.0/verilog/cb18os120/zero/or04d4.v 2K
a avanti/2000.3/cb18/v1.0/verilog/cb18os120/zero/or04d2.v 2K
a avanti/2000.3/cb18/v1.0/verilog/cb18os120/zero/or04d1.v 2K
a avanti/2000.3/cb18/v1.0/verilog/cb18os120/zero/or04d0.v 2K
a avanti/2000.3/cb18/v1.0/verilog/cb18os120/zero/or03d4.v 2K
a avanti/2000.3/cb18/v1.0/verilog/cb18os120/zero/or03d2.v 2K
a avanti/2000.3/cb18/v1.0/verilog/cb18os120/zero/or03d1.v 2K
a avanti/2000.3/cb18/v1.0/verilog/cb18os120/zero/or03d0.v 2K
a avanti/2000.3/cb18/v1.0/verilog/cb18os120/zero/or02d4.v 1K
a avanti/2000.3/cb18/v1.0/verilog/cb18os120/zero/or02d2.v 1K
a avanti/2000.3/cb18/v1.0/verilog/cb18os120/zero/or02d1.v 1K
a avanti/2000.3/cb18/v1.0/verilog/cb18os120/zero/or02d0.v 1K
a avanti/2000.3/cb18/v1.0/verilog/cb18os120/zero/cg01d2.v 2K
a avanti/2000.3/cb18/v1.0/verilog/cb18os120/zero/cg01d1.v 2K
a avanti/2000.3/cb18/v1.0/verilog/cb18os120/zero/cg01d0.v 2K
a avanti/2000.3/cb18/v1.0/verilog/cb18os120/zero/bh01d1.v 1K
a avanti/2000.3/cb18/v1.0/verilog/cb18os120/zero/ad01d0.v 2K
a avanti/2000.3/cb18/v1.0/verilog/cb18os120/zero/ad01d1.v 2K
a avanti/2000.3/cb18/v1.0/verilog/cb18os120/zero/ad01d2.v 2K
a avanti/2000.3/cb18/v1.0/verilog/cb18os120/zero/ah01d0.v 2K
a avanti/2000.3/cb18/v1.0/verilog/cb18os120/zero/ah01d1.v 2K
a avanti/2000.3/cb18/v1.0/verilog/cb18os120/zero/ah01d2.v 2K
a avanti/2000.3/cb18/v1.0/verilog/cb18os120/zero/an02d0.v 1K
a avanti/2000.3/cb18/v1.0/verilog/cb18os120/zero/an02d1.v 1K
a avanti/2000.3/cb18/v1.0/verilog/cb18os120/zero/an02d2.v 1K
a avanti/2000.3/cb18/v1.0/verilog/cb18os120/zero/an02d4.v 1K
a avanti/2000.3/cb18/v1.0/verilog/cb18os120/zero/an03d0.v 2K
a avanti/2000.3/cb18/v1.0/verilog/cb18os120/zero/an03d1.v 2K
a avanti/2000.3/cb18/v1.0/verilog/cb18os120/zero/an03d2.v 2K
a avanti/2000.3/cb18/v1.0/verilog/cb18os120/zero/an03d4.v 2K
a avanti/2000.3/cb18/v1.0/verilog/cb18os120/zero/an04d0.v 2K
a avanti/2000.3/cb18/v1.0/verilog/cb18os120/zero/an04d1.v 2K
a avanti/2000.3/cb18/v1.0/verilog/cb18os120/zero/an04d2.v 2K
a avanti/2000.3/cb18/v1.0/verilog/cb18os120/zero/an04d4.v 2K
a avanti/2000.3/cb18/v1.0/verilog/cb18os120/zero/dl01d1.v 1K
a avanti/2000.3/cb18/v1.0/verilog/cb18os120/zero/dl02d1.v 1K
a avanti/2000.3/cb18/v1.0/verilog/cb18os120/zero/dl03d1.v 1K
a avanti/2000.3/cb18/v1.0/verilog/cb18os120/zero/dl04d1.v 1K
a avanti/2000.3/cb18/v1.0/verilog/cb18os120/zero/mi02d0.v 2K
a avanti/2000.3/cb18/v1.0/verilog/cb18os120/zero/mi02d1.v 2K
a avanti/2000.3/cb18/v1.0/verilog/cb18os120/zero/mi02d2.v 2K
a avanti/2000.3/cb18/v1.0/verilog/cb18os120/zero/mi02d4.v 2K
a avanti/2000.3/cb18/v1.0/verilog/cb18os120/zero/mx02d0.v 2K
a avanti/2000.3/cb18/v1.0/verilog/cb18os120/zero/mx02d1.v 2K
a avanti/2000.3/cb18/v1.0/verilog/cb18os120/zero/mx02d2.v 2K
a avanti/2000.3/cb18/v1.0/verilog/cb18os120/zero/mx02d4.v 2K
a avanti/2000.3/cb18/v1.0/verilog/cb18os120/zero/mx04d0.v 2K
a avanti/2000.3/cb18/v1.0/verilog/cb18os120/zero/mx04d1.v 2K
a avanti/2000.3/cb18/v1.0/verilog/cb18os120/zero/mx04d2.v 2K
a avanti/2000.3/cb18/v1.0/verilog/cb18os120/zero/mx04d4.v 2K
a avanti/2000.3/cb18/v1.0/verilog/cb18os120/zero/nd02d0.v 1K
a avanti/2000.3/cb18/v1.0/verilog/cb18os120/zero/nd02d1.v 1K
a avanti/2000.3/cb18/v1.0/verilog/cb18os120/zero/nd02d2.v 1K
a avanti/2000.3/cb18/v1.0/verilog/cb18os120/zero/nd02d4.v 1K
a avanti/2000.3/cb18/v1.0/verilog/cb18os120/zero/nd03d0.v 2K
a avanti/2000.3/cb18/v1.0/verilog/cb18os120/zero/nd03d1.v 2K
a avanti/2000.3/cb18/v1.0/verilog/cb18os120/zero/nd03d2.v 2K
a avanti/2000.3/cb18/v1.0/verilog/cb18os120/zero/nd03d4.v 2K
a avanti/2000.3/cb18/v1.0/verilog/cb18os120/zero/nd04d0.v 2K
a avanti/2000.3/cb18/v1.0/verilog/cb18os120/zero/nd04d1.v 2K
a avanti/2000.3/cb18/v1.0/verilog/cb18os120/zero/nd04d2.v 2K
a avanti/2000.3/cb18/v1.0/verilog/cb18os120/zero/nd04d4.v 2K
a avanti/2000.3/cb18/v1.0/verilog/cb18os120/zero/nr02d0.v 1K
a avanti/2000.3/cb18/v1.0/verilog/cb18os120/zero/nr02d1.v 1K
a avanti/2000.3/cb18/v1.0/verilog/cb18os120/zero/nr02d2.v 1K
a avanti/2000.3/cb18/v1.0/verilog/cb18os120/zero/nr02d4.v 1K
a avanti/2000.3/cb18/v1.0/verilog/cb18os120/zero/nr03d0.v 2K
a avanti/2000.3/cb18/v1.0/verilog/cb18os120/zero/nr03d1.v 2K
a avanti/2000.3/cb18/v1.0/verilog/cb18os120/zero/nr03d2.v 2K
a avanti/2000.3/cb18/v1.0/verilog/cb18os120/zero/nr03d4.v 2K
a avanti/2000.3/cb18/v1.0/verilog/cb18os120/zero/nr04d0.v 2K
a avanti/2000.3/cb18/v1.0/verilog/cb18os120/zero/nr04d1.v 2K
a avanti/2000.3/cb18/v1.0/verilog/cb18os120/zero/nr04d2.v 2K
a avanti/2000.3/cb18/v1.0/verilog/cb18os120/zero/nr04d4.v 2K
a avanti/2000.3/cb18/v1.0/verilog/cb18os120/zero/mtb_verilog.v 665K
a avanti/2000.3/cb18/v1.0/verilog/cb18os120/zero/senrq2.v 4K
a avanti/2000.3/cb18/v1.0/verilog/cb18os120/zero/senrq1.v 4K
a avanti/2000.3/cb18/v1.0/verilog/cb18os120/zero/sdnrq2.v 3K
a avanti/2000.3/cb18/v1.0/verilog/cb18os120/zero/sdnrq1.v 3K
a avanti/2000.3/cb18/v1.0/verilog/cb18os120/zero/sdnrn2.v 3K
a avanti/2000.3/cb18/v1.0/verilog/cb18os120/zero/sdnrn1.v 3K
a avanti/2000.3/cb18/v1.0/verilog/cb18os120/zero/sdnrb2.v 3K
a avanti/2000.3/cb18/v1.0/verilog/cb18os120/zero/sdnrb1.v 3K
a avanti/2000.3/cb18/v1.0/verilog/cb18os120/zero/dfnrb1.v 2K
a avanti/2000.3/cb18/v1.0/verilog/cb18os120/zero/dfnfb2.v 2K
a avanti/2000.3/cb18/v1.0/verilog/cb18os120/zero/dfnfb1.v 2K
a avanti/2000.3/cb18/v1.0/verilog/cb18os120/zero/denrq2.v 3K
a avanti/2000.3/cb18/v1.0/verilog/cb18os120/zero/denrq1.v 3K
a avanti/2000.3/cb18/v1.0/verilog/cb18os120/zero/dfnrb2.v 2K
a avanti/2000.3/cb18/v1.0/verilog/cb18os120/zero/dfnrn1.v 2K
a avanti/2000.3/cb18/v1.0/verilog/cb18os120/zero/dfnrn2.v 2K
a avanti/2000.3/cb18/v1.0/verilog/cb18os120/zero/dfnrq1.v 2K
a avanti/2000.3/cb18/v1.0/verilog/cb18os120/zero/dfnrq2.v 2K
a avanti/2000.3/cb18/v1.0/verilog/cb18os120/zero/lanhb1.v 2K
a avanti/2000.3/cb18/v1.0/verilog/cb18os120/zero/lanhb2.v 2K
a avanti/2000.3/cb18/v1.0/verilog/cb18os120/zero/lanhn1.v 3K
a avanti/2000.3/cb18/v1.0/verilog/cb18os120/zero/lanhn2.v 3K
a avanti/2000.3/cb18/v1.0/verilog/cb18os120/zero/lanhq1.v 2K
a avanti/2000.3/cb18/v1.0/verilog/cb18os120/zero/lanhq2.v 2K
a avanti/2000.3/cb18/v1.0/verilog/cb18os120/zero/lanht1.v 2K
a avanti/2000.3/cb18/v1.0/verilog/cb18os120/zero/lanht2.v 2K
a avanti/2000.3/cb18/v1.0/verilog/cb18os120/zero/lanlb1.v 2K
a avanti/2000.3/cb18/v1.0/verilog/cb18os120/zero/lanlb2.v 2K
a avanti/2000.3/cb18/v1.0/verilog/cb18os120/zero/lanln1.v 3K
a avanti/2000.3/cb18/v1.0/verilog/cb18os120/zero/lanln2.v 3K
a avanti/2000.3/cb18/v1.0/verilog/cb18os120/zero/lanlq1.v 2K
a avanti/2000.3/cb18/v1.0/verilog/cb18os120/zero/lanlq2.v 2K
a avanti/2000.3/cb18/v1.0/verilog/cb18os120/zero/oan211d4.v 2K
a avanti/2000.3/cb18/v1.0/verilog/cb18os120/zero/aon211d4.v 2K
a avanti/2000.3/cb18/v1.0/verilog/cb18os120/zero/oan211d2.v 2K
a avanti/2000.3/cb18/v1.0/verilog/cb18os120/zero/aon211d2.v 2K
a avanti/2000.3/cb18/v1.0/verilog/cb18os120/zero/oan211d1.v 2K
a avanti/2000.3/cb18/v1.0/verilog/cb18os120/zero/aon211d1.v 2K
a avanti/2000.3/cb18/v1.0/verilog/cb18os120/zero/srlab2.v 3K
a avanti/2000.3/cb18/v1.0/verilog/cb18os120/zero/srlab1.v 3K
a avanti/2000.3/cb18/v1.0/verilog/cb18os120/zero/clk2d2.v 2K
a avanti/2000.3/cb18/v1.0/verilog/cb18os120/zero/adiode.v 1K
a avanti/2000.3/cb18/v1.0/verilog/cb18os120/zero/aoim311d4.v 2K
a avanti/2000.3/cb18/v1.0/verilog/cb18os120/zero/aoi2222d1.v 2K
a avanti/2000.3/cb18/v1.0/verilog/cb18os120/zero/aoi2222d2.v 2K
a avanti/2000.3/cb18/v1.0/verilog/cb18os120/zero/aoi2222d4.v 2K
a avanti/2000.3/cb18/v1.0/verilog/cb18os120/zero/aoim211d1.v 2K
a avanti/2000.3/cb18/v1.0/verilog/cb18os120/zero/aoim211d2.v 2K
a avanti/2000.3/cb18/v1.0/verilog/cb18os120/zero/aoim211d4.v 2K
a avanti/2000.3/cb18/v1.0/verilog/cb18os120/zero/aoim311d1.v 2K
a avanti/2000.3/cb18/v1.0/verilog/cb18os120/zero/aoim311d2.v 2K
a avanti/2000.3/cb18/v1.0/verilog/cb18os120/zero/oai2222d1.v 2K
a avanti/2000.3/cb18/v1.0/verilog/cb18os120/zero/oai2222d2.v 2K
a avanti/2000.3/cb18/v1.0/verilog/cb18os120/zero/oai2222d4.v 2K
a avanti/2000.3/cb18/v1.0/verilog/cb18os120/zero/oaim211d1.v 2K
a avanti/2000.3/cb18/v1.0/verilog/cb18os120/zero/oaim211d2.v 2K
a avanti/2000.3/cb18/v1.0/verilog/cb18os120/zero/oaim211d4.v 2K
a avanti/2000.3/cb18/v1.0/verilog/cb18os120/zero/oaim311d1.v 2K
a avanti/2000.3/cb18/v1.0/verilog/cb18os120/zero/oaim311d2.v 2K
a avanti/2000.3/cb18/v1.0/verilog/cb18os120/zero/oaim311d4.v 2K
a avanti/2000.3/cb18/v1.0/verilog/cb18os120/zero/aoim31d4.v 2K
a avanti/2000.3/cb18/v1.0/verilog/cb18os120/zero/aoi211d4.v 2K
a avanti/2000.3/cb18/v1.0/verilog/cb18os120/zero/aoi221d4.v 2K
a avanti/2000.3/cb18/v1.0/verilog/cb18os120/zero/aoi222d4.v 2K
a avanti/2000.3/cb18/v1.0/verilog/cb18os120/zero/aoi311d4.v 2K
a avanti/2000.3/cb18/v1.0/verilog/cb18os120/zero/aoi321d4.v 2K
a avanti/2000.3/cb18/v1.0/verilog/cb18os120/zero/aoi322d4.v 2K
a avanti/2000.3/cb18/v1.0/verilog/cb18os120/zero/aoim21d4.v 2K
a avanti/2000.3/cb18/v1.0/verilog/cb18os120/zero/aoim22d4.v 2K
a avanti/2000.3/cb18/v1.0/verilog/cb18os120/zero/oai211d4.v 2K
a avanti/2000.3/cb18/v1.0/verilog/cb18os120/zero/oai221d4.v 2K
a avanti/2000.3/cb18/v1.0/verilog/cb18os120/zero/oai222d4.v 2K
a avanti/2000.3/cb18/v1.0/verilog/cb18os120/zero/oai311d4.v 2K
a avanti/2000.3/cb18/v1.0/verilog/cb18os120/zero/oai321d4.v 2K
a avanti/2000.3/cb18/v1.0/verilog/cb18os120/zero/oai322d4.v 2K
a avanti/2000.3/cb18/v1.0/verilog/cb18os120/zero/oaim21d4.v 2K
a avanti/2000.3/cb18/v1.0/verilog/cb18os120/zero/oaim22d4.v 2K
a avanti/2000.3/cb18/v1.0/verilog/cb18os120/zero/oaim31d4.v 2K
a avanti/2000.3/cb18/v1.0/verilog/cb18os120/zero/aoim31d2.v 2K
a avanti/2000.3/cb18/v1.0/verilog/cb18os120/zero/aoi211d2.v 2K
a avanti/2000.3/cb18/v1.0/verilog/cb18os120/zero/aoi221d2.v 2K
a avanti/2000.3/cb18/v1.0/verilog/cb18os120/zero/aoi222d2.v 2K
a avanti/2000.3/cb18/v1.0/verilog/cb18os120/zero/aoi311d2.v 2K
a avanti/2000.3/cb18/v1.0/verilog/cb18os120/zero/aoi321d2.v 2K
a avanti/2000.3/cb18/v1.0/verilog/cb18os120/zero/aoi322d2.v 2K
a avanti/2000.3/cb18/v1.0/verilog/cb18os120/zero/aoim21d2.v 2K
a avanti/2000.3/cb18/v1.0/verilog/cb18os120/zero/aoim22d2.v 2K
a avanti/2000.3/cb18/v1.0/verilog/cb18os120/zero/oai211d2.v 2K
a avanti/2000.3/cb18/v1.0/verilog/cb18os120/zero/oai221d2.v 2K
a avanti/2000.3/cb18/v1.0/verilog/cb18os120/zero/oai222d2.v 2K
a avanti/2000.3/cb18/v1.0/verilog/cb18os120/zero/oai311d2.v 2K
a avanti/2000.3/cb18/v1.0/verilog/cb18os120/zero/oai321d2.v 2K
a avanti/2000.3/cb18/v1.0/verilog/cb18os120/zero/oai322d2.v 2K
a avanti/2000.3/cb18/v1.0/verilog/cb18os120/zero/oaim21d2.v 2K
a avanti/2000.3/cb18/v1.0/verilog/cb18os120/zero/oaim22d2.v 2K
a avanti/2000.3/cb18/v1.0/verilog/cb18os120/zero/oaim31d2.v 2K
a avanti/2000.3/cb18/v1.0/verilog/cb18os120/zero/oaim3m11d4.v 2K
a avanti/2000.3/cb18/v1.0/verilog/cb18os120/zero/aoim3m11d4.v 2K
a avanti/2000.3/cb18/v1.0/verilog/cb18os120/zero/aoim3m11d2.v 2K
a avanti/2000.3/cb18/v1.0/verilog/cb18os120/zero/aoim3m11d1.v 2K
a avanti/2000.3/cb18/v1.0/verilog/cb18os120/zero/aoim31d1.v 2K
a avanti/2000.3/cb18/v1.0/verilog/cb18os120/zero/aoi211d1.v 2K
a avanti/2000.3/cb18/v1.0/verilog/cb18os120/zero/aoi221d1.v 2K
a avanti/2000.3/cb18/v1.0/verilog/cb18os120/zero/aoi222d1.v 2K
a avanti/2000.3/cb18/v1.0/verilog/cb18os120/zero/aoi311d1.v 2K
a avanti/2000.3/cb18/v1.0/verilog/cb18os120/zero/aoi321d1.v 2K
a avanti/2000.3/cb18/v1.0/verilog/cb18os120/zero/aoi322d1.v 2K
a avanti/2000.3/cb18/v1.0/verilog/cb18os120/zero/aoim21d1.v 2K
a avanti/2000.3/cb18/v1.0/verilog/cb18os120/zero/aoim22d1.v 2K
a avanti/2000.3/cb18/v1.0/verilog/cb18os120/zero/aoim2m11d1.v 2K
a avanti/2000.3/cb18/v1.0/verilog/cb18os120/zero/aoim2m11d2.v 2K
a avanti/2000.3/cb18/v1.0/verilog/cb18os120/zero/aoim2m11d4.v 2K
a avanti/2000.3/cb18/v1.0/verilog/cb18os120/zero/oai211d1.v 2K
a avanti/2000.3/cb18/v1.0/verilog/cb18os120/zero/oai221d1.v 2K
a avanti/2000.3/cb18/v1.0/verilog/cb18os120/zero/oai222d1.v 2K
a avanti/2000.3/cb18/v1.0/verilog/cb18os120/zero/oai311d1.v 2K
a avanti/2000.3/cb18/v1.0/verilog/cb18os120/zero/oai321d1.v 2K
a avanti/2000.3/cb18/v1.0/verilog/cb18os120/zero/oai322d1.v 2K
a avanti/2000.3/cb18/v1.0/verilog/cb18os120/zero/oaim21d1.v 2K
a avanti/2000.3/cb18/v1.0/verilog/cb18os120/zero/oaim22d1.v 2K
a avanti/2000.3/cb18/v1.0/verilog/cb18os120/zero/oaim2m11d1.v 2K
a avanti/2000.3/cb18/v1.0/verilog/cb18os120/zero/oaim2m11d2.v 2K
a avanti/2000.3/cb18/v1.0/verilog/cb18os120/zero/oaim2m11d4.v 2K
a avanti/2000.3/cb18/v1.0/verilog/cb18os120/zero/oaim31d1.v 2K
a avanti/2000.3/cb18/v1.0/verilog/cb18os120/zero/oaim3m11d1.v 2K
a avanti/2000.3/cb18/v1.0/verilog/cb18os120/zero/oaim3m11d2.v 2K
a avanti/2000.3/cb18/v1.0/verilog/cb18os120/zero/aoi21d1.v 2K
a avanti/2000.3/cb18/v1.0/verilog/cb18os120/zero/aoi21d2.v 2K
a avanti/2000.3/cb18/v1.0/verilog/cb18os120/zero/aoi21d4.v 2K
a avanti/2000.3/cb18/v1.0/verilog/cb18os120/zero/aoi22d1.v 2K
a avanti/2000.3/cb18/v1.0/verilog/cb18os120/zero/aoi22d2.v 2K
a avanti/2000.3/cb18/v1.0/verilog/cb18os120/zero/aoi22d4.v 2K
a avanti/2000.3/cb18/v1.0/verilog/cb18os120/zero/aoi31d1.v 2K
a avanti/2000.3/cb18/v1.0/verilog/cb18os120/zero/aoi31d2.v 2K
a avanti/2000.3/cb18/v1.0/verilog/cb18os120/zero/aoi31d4.v 2K
a avanti/2000.3/cb18/v1.0/verilog/cb18os120/zero/oai21d1.v 2K
a avanti/2000.3/cb18/v1.0/verilog/cb18os120/zero/oai21d2.v 2K
a avanti/2000.3/cb18/v1.0/verilog/cb18os120/zero/oai21d4.v 2K
a avanti/2000.3/cb18/v1.0/verilog/cb18os120/zero/oai22d1.v 2K
a avanti/2000.3/cb18/v1.0/verilog/cb18os120/zero/oai22d2.v 2K
a avanti/2000.3/cb18/v1.0/verilog/cb18os120/zero/oai22d4.v 2K
a avanti/2000.3/cb18/v1.0/verilog/cb18os120/zero/oai31d1.v 2K
a avanti/2000.3/cb18/v1.0/verilog/cb18os120/zero/oai31d2.v 2K
a avanti/2000.3/cb18/v1.0/verilog/cb18os120/zero/oai31d4.v 2K
a avanti/2000.3/cb18/v1.0/verilog/cb18os120/zero/buftda.v 2K
a avanti/2000.3/cb18/v1.0/verilog/cb18os120/zero/buftd7.v 2K
a avanti/2000.3/cb18/v1.0/verilog/cb18os120/zero/buftd4.v 2K
a avanti/2000.3/cb18/v1.0/verilog/cb18os120/zero/buftd2.v 2K
a avanti/2000.3/cb18/v1.0/verilog/cb18os120/zero/buftd1.v 2K
a avanti/2000.3/cb18/v1.0/verilog/cb18os120/zero/buffda.v 1K
a avanti/2000.3/cb18/v1.0/verilog/cb18os120/zero/buffd7.v 1K
a avanti/2000.3/cb18/v1.0/verilog/cb18os120/zero/buffd3.v 1K
a avanti/2000.3/cb18/v1.0/verilog/cb18os120/zero/buffd1.v 1K
a avanti/2000.3/cb18/v1.0/verilog/cb18os120/zero/bufbda.v 1K
a avanti/2000.3/cb18/v1.0/verilog/cb18os120/zero/bufbd7.v 1K
a avanti/2000.3/cb18/v1.0/verilog/cb18os120/zero/bufbd3.v 1K
a avanti/2000.3/cb18/v1.0/verilog/cb18os120/zero/bufbd1.v 1K
a avanti/2000.3/cb18/v1.0/verilog/cb18os120/zero/mffnrb1.v 3K
a avanti/2000.3/cb18/v1.0/verilog/cb18os120/zero/mffnrb2.v 3K
a avanti/2000.3/cb18/v1.0/verilog/cb18os120/zero/secrq2.v 5K
a avanti/2000.3/cb18/v1.0/verilog/cb18os120/zero/secrq1.v 5K
a avanti/2000.3/cb18/v1.0/verilog/cb18os120/zero/sdcrq2.v 3K
a avanti/2000.3/cb18/v1.0/verilog/cb18os120/zero/sdcrq1.v 3K
a avanti/2000.3/cb18/v1.0/verilog/cb18os120/zero/sdcrn2.v 5K
a avanti/2000.3/cb18/v1.0/verilog/cb18os120/zero/sdcrn1.v 5K
a avanti/2000.3/cb18/v1.0/verilog/cb18os120/zero/sdcrb2.v 4K
a avanti/2000.3/cb18/v1.0/verilog/cb18os120/zero/sdcrb1.v 4K
a avanti/2000.3/cb18/v1.0/verilog/cb18os120/zero/sdcfq2.v 3K
a avanti/2000.3/cb18/v1.0/verilog/cb18os120/zero/sdcfq1.v 3K
a avanti/2000.3/cb18/v1.0/verilog/cb18os120/zero/dfcrq2.v 2K
a avanti/2000.3/cb18/v1.0/verilog/cb18os120/zero/dfcrq1.v 2K
a avanti/2000.3/cb18/v1.0/verilog/cb18os120/zero/dfcrn2.v 3K
a avanti/2000.3/cb18/v1.0/verilog/cb18os120/zero/dfcrn1.v 3K
a avanti/2000.3/cb18/v1.0/verilog/cb18os120/zero/dfcrb2.v 3K
a avanti/2000.3/cb18/v1.0/verilog/cb18os120/zero/dfcrb1.v 3K
a avanti/2000.3/cb18/v1.0/verilog/cb18os120/zero/dfcfq2.v 2K
a avanti/2000.3/cb18/v1.0/verilog/cb18os120/zero/dfcfq1.v 2K
a avanti/2000.3/cb18/v1.0/verilog/cb18os120/zero/dfcfb2.v 3K
a avanti/2000.3/cb18/v1.0/verilog/cb18os120/zero/dfcfb1.v 3K
a avanti/2000.3/cb18/v1.0/verilog/cb18os120/zero/decrq2.v 3K
a avanti/2000.3/cb18/v1.0/verilog/cb18os120/zero/decrq1.v 3K
a avanti/2000.3/cb18/v1.0/verilog/cb18os120/zero/decfq2.v 3K
a avanti/2000.3/cb18/v1.0/verilog/cb18os120/zero/decfq1.v 3K
a avanti/2000.3/cb18/v1.0/verilog/cb18os120/zero/lachq1.v 2K
a avanti/2000.3/cb18/v1.0/verilog/cb18os120/zero/lachq2.v 2K
a avanti/2000.3/cb18/v1.0/verilog/cb18os120/zero/laclq1.v 2K
a avanti/2000.3/cb18/v1.0/verilog/cb18os120/zero/laclq2.v 2K
a avanti/2000.3/cb18/v1.0/verilog/cb18os120/zero/sdbrb2.v 6K
a avanti/2000.3/cb18/v1.0/verilog/cb18os120/zero/sdbrb1.v 5K
a avanti/2000.3/cb18/v1.0/verilog/cb18os120/zero/dfbrb2.v 3K
a avanti/2000.3/cb18/v1.0/verilog/cb18os120/zero/dfbrb1.v 3K
a avanti/2000.3/cb18/v1.0/verilog/cb18os120/zero/dfbfb2.v 3K
a avanti/2000.3/cb18/v1.0/verilog/cb18os120/zero/dfbfb1.v 3K
a avanti/2000.3/cb18/v1.0/verilog/cb18os120/zero/jkbrb1.v 9K
a avanti/2000.3/cb18/v1.0/verilog/cb18os120/zero/jkbrb2.v 9K
a avanti/2000.3/cb18/v1.0/verilog/cb18os120/zero/labhb1.v 4K
a avanti/2000.3/cb18/v1.0/verilog/cb18os120/zero/labhb2.v 4K
a avanti/2000.3/cb18/v1.0/verilog/cb18os120/zero/inv0d0.v 1K
a avanti/2000.3/cb18/v1.0/verilog/cb18os120/zero/inv0d1.v 1K
a avanti/2000.3/cb18/v1.0/verilog/cb18os120/zero/inv0d2.v 1K
a avanti/2000.3/cb18/v1.0/verilog/cb18os120/zero/inv0d4.v 1K
a avanti/2000.3/cb18/v1.0/verilog/cb18os120/zero/inv0d7.v 1K
a avanti/2000.3/cb18/v1.0/verilog/cb18os120/zero/inv0da.v 1K
a avanti/2000.3/cb18/v1.0/verilog/cb18os120/zero/invbd2.v 1K
a avanti/2000.3/cb18/v1.0/verilog/cb18os120/zero/invbd4.v 1K
a avanti/2000.3/cb18/v1.0/verilog/cb18os120/zero/invtd1.v 2K
a avanti/2000.3/cb18/v1.0/verilog/cb18os120/zero/invtd2.v 2K
a avanti/2000.3/cb18/v1.0/verilog/cb18os120/zero/invtd4.v 2K
a avanti/2000.3/cb18/v1.0/verilog/cb18os120/zero/invtd7.v 2K
a avanti/2000.3/cb18/v1.0/verilog/cb18os120/zero/invtda.v 2K
a avanti/2000.3/cb18/v1.0/verilog/modeltech/ 0K
a avanti/2000.3/cb18/v1.0/verilog/modeltech/StdMakefile.mk 3K
a avanti/2000.3/cb18/v1.0/verilog/modeltech/modelsim.ini 2K
a avanti/2000.3/cb18/v1.0/vital/ 0K
a avanti/2000.3/cb18/v1.0/vital/cb18os120/ 0K
a avanti/2000.3/cb18/v1.0/vital/cb18os120/zero/ 0K
a avanti/2000.3/cb18/v1.0/vital/cb18os120/zero/cb18os120_components.vhd 39K
a avanti/2000.3/cb18/v1.0/vital/cb18os120/zero/cb18os120.vhd 1578K
a avanti/2000.3/cb18/v1.0/vital/modeltech/ 0K
a avanti/2000.3/cb18/v1.0/vital/modeltech/StdMakefile.mk 3K
a avanti/2000.3/cb18/v1.0/vital/modeltech/modelsim.ini 2K
