BREAKDOWN OF BUNDLE PL192-BU-00000-r0p0-00rel0

This directory contains bundled deliverables from ARM. Bundled deliverables
are a way of grouping deliverables together for ease of use but which also
need to be identified separately for contractual reasons. This file shows
the breakdown of the bundled data into its constituent deliverables and
files.  It is provided mainly for information for delivery tracking, but
may be useful in the event of problems being found with particular files
and tracing the origin of the files for communication with ARM's support
group.

- - - - - - - - - - - - - - - - - - - - - - - - - - - - -
PL192-DA-03001-r0p0-00rel0 :

  PL192_VC/vic_pl192/
  PL192_VC/vic_pl192/docs/
  PL192_VC/vic_pl192/docs/DDI0273A_VIC_PL192.pdf

PL192-DC-01001-r0p0-00rel0 :

  PL192_SW/PL192_TREP_1000.pdf

PL192-DC-02001-r0p0-00rel0 :

  PL192_SW/PL192_ISPC_1000.pdf

PL192-DC-02002-r0p0-00rel0 :

  PL192_VC/vic_pl192/
  PL192_VC/vic_pl192/docs/
  PL192_VC/vic_pl192/docs/PL192_DDES_0000_A.pdf

PL192-DC-06002-r0p0-00rel0 :

  PL192_VC/PL192-DC-06002-r0p0-00rel0.pdf

PL192-DC-08001-r0p0-00rel0 :

  PL192_VC/vic_pl192/
  PL192_VC/vic_pl192/docs/
  PL192_VC/vic_pl192/docs/PL192_USGD_0000_A.pdf

PL192-DC-10002-r0p0-00rel0 :

  PL192_VC/vic_pl192/
  PL192_VC/vic_pl192/docs/
  PL192_VC/vic_pl192/docs/PL192_INTM_0000_A.pdf

PL192-DC-11001-r0p0-00rel0 :

  PL192_VC/vic_pl192/
  PL192_VC/vic_pl192/docs/
  PL192_VC/vic_pl192/docs/PL192_DEI_0000_A.pdf

PL192-MN-01002-r0p0-00rel0 :

  PL192_VC/global/
  PL192_VC/global/bin/
  PL192_VC/global/bin/verilog_net_patch
  PL192_VC/global/bin/vhdl_sdf_patch
  PL192_VC/global/synopsys_shared/
  PL192_VC/global/synopsys_shared/scr_common/
  PL192_VC/global/synopsys_shared/scr_common/ahb_master.scr
  PL192_VC/global/synopsys_shared/scr_common/ahb_slave.scr
  PL192_VC/global/synopsys_shared/scr_common/amba_params.scr
  PL192_VC/global/synopsys_shared/scr_common/apb_params.scr
  PL192_VC/global/synopsys_shared/scr_common/apb_slave.scr
  PL192_VC/global/synopsys_shared/scr_common/global.scr
  PL192_VC/global/synopsys_shared/scr_common/library_avanti_cb18_v1.0.scr
  PL192_VC/global/synopsys_shared/scr_common/library_avanti_cb25_v2.1.scr
  PL192_VC/global/synopsys_shared/scr_common/name_rules.scr
  PL192_VC/global/synopsys_shared/scr_common/setup.scr
  PL192_VC/vic_pl192/
  PL192_VC/vic_pl192/synopsys/
  PL192_VC/vic_pl192/synopsys/log/
  PL192_VC/vic_pl192/synopsys/log/Vic_noscan_vhdl_verilog_run.log
  PL192_VC/vic_pl192/synopsys/log/Vic_noscan_vhdl_verilog_synth.log
  PL192_VC/vic_pl192/synopsys/log/Vic_scaninsert_vhdl_vhdl_run.log
  PL192_VC/vic_pl192/synopsys/log/Vic_scaninsert_vhdl_vhdl_synth.log
  PL192_VC/vic_pl192/synopsys/log/Vic_scanready_verilog_verilog_run.log
  PL192_VC/vic_pl192/synopsys/log/Vic_scanready_verilog_verilog_synth.log
  PL192_VC/vic_pl192/synopsys/makefile
  PL192_VC/vic_pl192/synopsys/README
  PL192_VC/vic_pl192/synopsys/report/
  PL192_VC/vic_pl192/synopsys/report/Vic_noscan_vhdl_verilog.area
  PL192_VC/vic_pl192/synopsys/report/Vic_noscan_vhdl_verilog.clocktree
  PL192_VC/vic_pl192/synopsys/report/Vic_noscan_vhdl_verilog.constr
  PL192_VC/vic_pl192/synopsys/report/Vic_noscan_vhdl_verilog.hier
  PL192_VC/vic_pl192/synopsys/report/Vic_noscan_vhdl_verilog.latch
  PL192_VC/vic_pl192/synopsys/report/Vic_noscan_vhdl_verilog.max
  PL192_VC/vic_pl192/synopsys/report/Vic_noscan_vhdl_verilog.min
  PL192_VC/vic_pl192/synopsys/report/Vic_noscan_vhdl_verilog.ports
  PL192_VC/vic_pl192/synopsys/report/Vic_noscan_vhdl_verilog.resettree
  PL192_VC/vic_pl192/synopsys/report/Vic_noscan_vhdl_verilog.vio
  PL192_VC/vic_pl192/synopsys/report/Vic_scaninsert_vhdl_vhdl.area
  PL192_VC/vic_pl192/synopsys/report/Vic_scaninsert_vhdl_vhdl.clocktree
  PL192_VC/vic_pl192/synopsys/report/Vic_scaninsert_vhdl_vhdl.constr
  PL192_VC/vic_pl192/synopsys/report/Vic_scaninsert_vhdl_vhdl.hier
  PL192_VC/vic_pl192/synopsys/report/Vic_scaninsert_vhdl_vhdl.latch
  PL192_VC/vic_pl192/synopsys/report/Vic_scaninsert_vhdl_vhdl.max
  PL192_VC/vic_pl192/synopsys/report/Vic_scaninsert_vhdl_vhdl.min
  PL192_VC/vic_pl192/synopsys/report/Vic_scaninsert_vhdl_vhdl.ports
  PL192_VC/vic_pl192/synopsys/report/Vic_scaninsert_vhdl_vhdl.resettree
  PL192_VC/vic_pl192/synopsys/report/Vic_scaninsert_vhdl_vhdl.scan
  PL192_VC/vic_pl192/synopsys/report/Vic_scaninsert_vhdl_vhdl.vio
  PL192_VC/vic_pl192/synopsys/report/Vic_scanready_verilog_verilog.area
  PL192_VC/vic_pl192/synopsys/report/Vic_scanready_verilog_verilog.clocktree
  PL192_VC/vic_pl192/synopsys/report/Vic_scanready_verilog_verilog.constr
  PL192_VC/vic_pl192/synopsys/report/Vic_scanready_verilog_verilog.hier
  PL192_VC/vic_pl192/synopsys/report/Vic_scanready_verilog_verilog.latch
  PL192_VC/vic_pl192/synopsys/report/Vic_scanready_verilog_verilog.max
  PL192_VC/vic_pl192/synopsys/report/Vic_scanready_verilog_verilog.min
  PL192_VC/vic_pl192/synopsys/report/Vic_scanready_verilog_verilog.ports
  PL192_VC/vic_pl192/synopsys/report/Vic_scanready_verilog_verilog.resettree
  PL192_VC/vic_pl192/synopsys/report/Vic_scanready_verilog_verilog.vio
  PL192_VC/vic_pl192/synopsys/scripts/
  PL192_VC/vic_pl192/synopsys/scripts/README
  PL192_VC/vic_pl192/synopsys/scripts/Vic.cmd
  PL192_VC/vic_pl192/synopsys/scripts/Vic.scr
  PL192_VC/vic_pl192/synopsys/scripts/Vic_exceptions.scr
  PL192_VC/vic_pl192/synopsys/scripts/Vic_scan.cmd

PL192-MN-22001-r0p0-00rel0 :

  PL192_VC/global/
  PL192_VC/global/LDV/
  PL192_VC/global/LDV/DirMakefile.mk
  PL192_VC/global/LDV/DirSimMakefile.mk
  PL192_VC/global/LDV/RtlMakefile.mk
  PL192_VC/global/LDV/SimMakefile.mk
  PL192_VC/global/LDV/vxl_bustalk.files
  PL192_VC/global/LDV/vxl_bustalk_ahb.files
  PL192_VC/global/LDV/vxl_bustalk_apb.files
  PL192_VC/global/LDV/vxl_tictalk.files
  PL192_VC/global/LDV/vxl_tictalk_ahb.files
  PL192_VC/global/LDV/vxl_tictalk_asb.files
  PL192_VC/global/modelsim/
  PL192_VC/global/modelsim/DirMakefile.mk
  PL192_VC/global/modelsim/DirSimMakefile.mk
  PL192_VC/global/modelsim/init.do
  PL192_VC/global/modelsim/libmap
  PL192_VC/global/modelsim/modelsim.ini
  PL192_VC/global/modelsim/modelsim_bustalk.ini
  PL192_VC/global/modelsim/modelsim_tictalk.ini
  PL192_VC/global/modelsim/RtlMakefile.mk
  PL192_VC/global/modelsim/SimMakefile.mk
  PL192_VC/vic_pl192/
  PL192_VC/vic_pl192/makefile
  PL192_VC/vic_pl192/README.txt
  PL192_VC/vic_pl192/verilog/
  PL192_VC/vic_pl192/verilog/makefile
  PL192_VC/vic_pl192/verilog/netlist/
  PL192_VC/vic_pl192/verilog/netlist/makefile
  PL192_VC/vic_pl192/verilog/rtl_source/
  PL192_VC/vic_pl192/verilog/rtl_source/makefile
  PL192_VC/vic_pl192/verilog/rtl_source/Vic.v
  PL192_VC/vic_pl192/verilog/rtl_source/VicAhbif.v
  PL192_VC/vic_pl192/verilog/rtl_source/VicCpuif.v
  PL192_VC/vic_pl192/verilog/rtl_source/VicInterrupt.v
  PL192_VC/vic_pl192/verilog/rtl_source/VicIntResolver.v
  PL192_VC/vic_pl192/verilog/rtl_source/VicParams.v
  PL192_VC/vic_pl192/verilog/rtl_source/VicPriority.v
  PL192_VC/vic_pl192/verilog/rtl_source/VicRevAnd.v

PL192-MN-22010-r0p0-00rel0 :

  PL192_VC/global/
  PL192_VC/global/bustalk/
  PL192_VC/global/bustalk/verilog/
  PL192_VC/global/bustalk/verilog/bid/
  PL192_VC/global/bustalk/verilog/bid/addrctl_driver.v
  PL192_VC/global/bustalk/verilog/bid/buscyc_drivers.v
  PL192_VC/global/bustalk/verilog/bid/busline_drivers.v
  PL192_VC/global/bustalk/verilog/bid/data_driver.v
  PL192_VC/global/bustalk/verilog/bid/penable_driver.v
  PL192_VC/global/bustalk/verilog/bid/reset_driver.v
  PL192_VC/global/bustalk/verilog/buswatcher/
  PL192_VC/global/bustalk/verilog/buswatcher/buswatch.v
  PL192_VC/global/bustalk/verilog/common/
  PL192_VC/global/bustalk/verilog/common/clockgen.v
  PL192_VC/global/bustalk/verilog/common/countdown.v
  PL192_VC/global/bustalk/verilog/common/defs.v
  PL192_VC/global/bustalk/verilog/reader/
  PL192_VC/global/bustalk/verilog/reader/command_reader.v
  PL192_VC/global/bustalk/verilog/reader/reader.v
  PL192_VC/global/bustalk/verilog/vr/
  PL192_VC/global/bustalk/verilog/vr/linedrv.v
  PL192_VC/global/bustalk/verilog/vr/reg.v
  PL192_VC/global/bustalk/verilog/vr/vio_driver.v
  PL192_VC/global/bustalk/verilog/vr/viregcyc_drivers.v
  PL192_VC/global/bustalk/vhdl/
  PL192_VC/global/bustalk/vhdl/bid/
  PL192_VC/global/bustalk/vhdl/bid/addrctl_driver.vhd
  PL192_VC/global/bustalk/vhdl/bid/buscyc_drivers.vhd
  PL192_VC/global/bustalk/vhdl/bid/busline_drivers.vhd
  PL192_VC/global/bustalk/vhdl/bid/data_driver.vhd
  PL192_VC/global/bustalk/vhdl/bid/penable_driver.vhd
  PL192_VC/global/bustalk/vhdl/bid/reset_driver.vhd
  PL192_VC/global/bustalk/vhdl/buswatcher/
  PL192_VC/global/bustalk/vhdl/buswatcher/busw_pck.vhd
  PL192_VC/global/bustalk/vhdl/buswatcher/buswatch.vhd
  PL192_VC/global/bustalk/vhdl/common/
  PL192_VC/global/bustalk/vhdl/common/clockgen.vhd
  PL192_VC/global/bustalk/vhdl/common/countdown.vhd
  PL192_VC/global/bustalk/vhdl/common/defs.vhd
  PL192_VC/global/bustalk/vhdl/common/funcs.vhd
  PL192_VC/global/bustalk/vhdl/reader/
  PL192_VC/global/bustalk/vhdl/reader/reader.vhd
  PL192_VC/global/bustalk/vhdl/reader/readline.vhd
  PL192_VC/global/bustalk/vhdl/vr/
  PL192_VC/global/bustalk/vhdl/vr/linedrv.vhd
  PL192_VC/global/bustalk/vhdl/vr/reg.vhd
  PL192_VC/global/bustalk/vhdl/vr/vio_driver.vhd
  PL192_VC/global/bustalk/vhdl/vr/viregcyc_drivers.vhd
  PL192_VC/global/bustalk/vhdl/vr/vregbank.vhd
  PL192_VC/global/bustalk_ahb/
  PL192_VC/global/bustalk_ahb/verilog/
  PL192_VC/global/bustalk_ahb/verilog/bid/
  PL192_VC/global/bustalk_ahb/verilog/bid/cyc_drivers.v
  PL192_VC/global/bustalk_ahb/verilog/bid/reset_driver.v
  PL192_VC/global/bustalk_ahb/verilog/bid/split.v
  PL192_VC/global/bustalk_ahb/verilog/buswatcher/
  PL192_VC/global/bustalk_ahb/verilog/buswatcher/buswatch.v
  PL192_VC/global/bustalk_ahb/verilog/common/
  PL192_VC/global/bustalk_ahb/verilog/common/clockgen.v
  PL192_VC/global/bustalk_ahb/verilog/common/configmaster.v
  PL192_VC/global/bustalk_ahb/verilog/common/countdown.v
  PL192_VC/global/bustalk_ahb/verilog/common/defs.v
  PL192_VC/global/bustalk_ahb/verilog/common/funcs.v
  PL192_VC/global/bustalk_ahb/verilog/common/funcsmaster.v
  PL192_VC/global/bustalk_ahb/verilog/reader/
  PL192_VC/global/bustalk_ahb/verilog/reader/command_reader.v
  PL192_VC/global/bustalk_ahb/verilog/reader/reader.v
  PL192_VC/global/bustalk_ahb/verilog/vr/
  PL192_VC/global/bustalk_ahb/verilog/vr/linedrv.v
  PL192_VC/global/bustalk_ahb/verilog/vr/Reg.v
  PL192_VC/global/bustalk_ahb/verilog/vr/VIODriver.v
  PL192_VC/global/bustalk_ahb/verilog/vr/VRCycDrivers.v
  PL192_VC/global/bustalk_apb/
  PL192_VC/global/bustalk_apb/verilog/
  PL192_VC/global/bustalk_apb/verilog/bid/
  PL192_VC/global/bustalk_apb/verilog/bid/addrctl_driver.v
  PL192_VC/global/bustalk_apb/verilog/bid/buscyc_drivers.v
  PL192_VC/global/bustalk_apb/verilog/bid/busline_drivers.v
  PL192_VC/global/bustalk_apb/verilog/bid/data_driver.v
  PL192_VC/global/bustalk_apb/verilog/bid/penable_driver.v
  PL192_VC/global/bustalk_apb/verilog/bid/reset_driver.v
  PL192_VC/global/bustalk_apb/verilog/buswatcher/
  PL192_VC/global/bustalk_apb/verilog/buswatcher/buswatch.v
  PL192_VC/global/bustalk_apb/verilog/common/
  PL192_VC/global/bustalk_apb/verilog/common/clockgen.v
  PL192_VC/global/bustalk_apb/verilog/common/countdown.v
  PL192_VC/global/bustalk_apb/verilog/common/defs.v
  PL192_VC/global/bustalk_apb/verilog/reader/
  PL192_VC/global/bustalk_apb/verilog/reader/command_reader.v
  PL192_VC/global/bustalk_apb/verilog/reader/reader.v
  PL192_VC/global/bustalk_apb/verilog/vr/
  PL192_VC/global/bustalk_apb/verilog/vr/linedrv.v
  PL192_VC/global/bustalk_apb/verilog/vr/reg.v
  PL192_VC/global/bustalk_apb/verilog/vr/vio_driver.v
  PL192_VC/global/bustalk_apb/verilog/vr/viregcyc_drivers.v
  PL192_VC/global/LDV/
  PL192_VC/global/LDV/DirMakefile.mk
  PL192_VC/global/LDV/DirSimMakefile.mk
  PL192_VC/global/LDV/RtlMakefile.mk
  PL192_VC/global/LDV/SimMakefile.mk
  PL192_VC/global/LDV/vxl_bustalk.files
  PL192_VC/global/LDV/vxl_bustalk_ahb.files
  PL192_VC/global/LDV/vxl_bustalk_apb.files
  PL192_VC/global/LDV/vxl_tictalk.files
  PL192_VC/global/LDV/vxl_tictalk_ahb.files
  PL192_VC/global/LDV/vxl_tictalk_asb.files
  PL192_VC/global/modelsim/
  PL192_VC/global/modelsim/DirMakefile.mk
  PL192_VC/global/modelsim/DirSimMakefile.mk
  PL192_VC/global/modelsim/init.do
  PL192_VC/global/modelsim/libmap
  PL192_VC/global/modelsim/modelsim.ini
  PL192_VC/global/modelsim/modelsim_bustalk.ini
  PL192_VC/global/modelsim/modelsim_tictalk.ini
  PL192_VC/global/modelsim/RtlMakefile.mk
  PL192_VC/global/modelsim/SimMakefile.mk
  PL192_VC/vic_pl192/
  PL192_VC/vic_pl192/verification/
  PL192_VC/vic_pl192/verification/makefile
  PL192_VC/vic_pl192/verification/verilog/
  PL192_VC/vic_pl192/verification/verilog/bid/
  PL192_VC/vic_pl192/verification/verilog/bid/makefile
  PL192_VC/vic_pl192/verification/verilog/buswatcher/
  PL192_VC/vic_pl192/verification/verilog/buswatcher/makefile
  PL192_VC/vic_pl192/verification/verilog/common/
  PL192_VC/vic_pl192/verification/verilog/common/makefile
  PL192_VC/vic_pl192/verification/verilog/makefile
  PL192_VC/vic_pl192/verification/verilog/reader/
  PL192_VC/vic_pl192/verification/verilog/reader/makefile
  PL192_VC/vic_pl192/verification/verilog/README_SIM_ERR_MSG.txt
  PL192_VC/vic_pl192/verification/verilog/tbench/
  PL192_VC/vic_pl192/verification/verilog/tbench/ahbslave_tb.v
  PL192_VC/vic_pl192/verification/verilog/tbench/buswatchmaster.v
  PL192_VC/vic_pl192/verification/verilog/tbench/buswmaster_pck.v
  PL192_VC/vic_pl192/verification/verilog/tbench/decoder.v
  PL192_VC/vic_pl192/verification/verilog/tbench/defslave.v
  PL192_VC/vic_pl192/verification/verilog/tbench/makefile
  PL192_VC/vic_pl192/verification/verilog/tbench/README
  PL192_VC/vic_pl192/verification/verilog/tbench/tbench.v
  PL192_VC/vic_pl192/verification/verilog/tbench/timing.v
  PL192_VC/vic_pl192/verification/verilog/tbench/timingmaster.v
  PL192_VC/vic_pl192/verification/verilog/trickbox/
  PL192_VC/vic_pl192/verification/verilog/trickbox/makefile
  PL192_VC/vic_pl192/verification/verilog/trickbox/VicMirTrickbox.v
  PL192_VC/vic_pl192/verification/verilog/trickbox/VicTrAhbif.v
  PL192_VC/vic_pl192/verification/verilog/trickbox/VicTrFiqIntrLog.v
  PL192_VC/vic_pl192/verification/verilog/trickbox/VicTrick.v
  PL192_VC/vic_pl192/verification/verilog/trickbox/VicTrIntReqLog.v
  PL192_VC/vic_pl192/verification/verilog/trickbox/VicTrIrqIntrLog.v
  PL192_VC/vic_pl192/verification/verilog/trickbox/VicTrIrqPriLog.v
  PL192_VC/vic_pl192/verification/verilog/trickbox/VicTrParams.v
  PL192_VC/vic_pl192/verification/verilog/trickbox/VicTrProtChkr.v
  PL192_VC/vic_pl192/verification/verilog/Vic_noscan_vhdl_net_min/
  PL192_VC/vic_pl192/verification/verilog/Vic_noscan_vhdl_net_min/Vic_noscan_vhdl_verilog_net_min_modelsim_AllIntTest.log
  PL192_VC/vic_pl192/verification/verilog/Vic_noscan_vhdl_net_min/Vic_noscan_vhdl_verilog_net_min_modelsim_RegisterTests.log
  PL192_VC/vic_pl192/verification/verilog/Vic_rtl/
  PL192_VC/vic_pl192/verification/verilog/Vic_rtl/Vic_rtl_LDV_AllIntTest.log
  PL192_VC/vic_pl192/verification/verilog/Vic_rtl/Vic_rtl_LDV_ClockOffTest.log
  PL192_VC/vic_pl192/verification/verilog/Vic_rtl/Vic_rtl_LDV_EightAllIntTests.log
  PL192_VC/vic_pl192/verification/verilog/Vic_rtl/Vic_rtl_LDV_ErrorRespTests.log
  PL192_VC/vic_pl192/verification/verilog/Vic_rtl/Vic_rtl_LDV_PriConsistency.log
  PL192_VC/vic_pl192/verification/verilog/Vic_rtl/Vic_rtl_LDV_ProtectionTests.log
  PL192_VC/vic_pl192/verification/verilog/Vic_rtl/Vic_rtl_LDV_ProtModeIntTests.log
  PL192_VC/vic_pl192/verification/verilog/Vic_rtl/Vic_rtl_LDV_RandomTest.log
  PL192_VC/vic_pl192/verification/verilog/Vic_rtl/Vic_rtl_LDV_RegisterTests.log
  PL192_VC/vic_pl192/verification/verilog/Vic_rtl/Vic_rtl_LDV_ResetTests.log
  PL192_VC/vic_pl192/verification/verilog/Vic_rtl/Vic_rtl_LDV_Stack16Test.log
  PL192_VC/vic_pl192/verification/verilog/Vic_rtl/Vic_rtl_LDV_TransferTests.log
  PL192_VC/vic_pl192/verification/verilog/Vic_rtl/Vic_rtl_LDV_TwoFourIntTests.log
  PL192_VC/vic_pl192/verification/verilog/Vic_rtl/Vic_rtl_LDV_UserOneIntTests0.log
  PL192_VC/vic_pl192/verification/verilog/Vic_rtl/Vic_rtl_LDV_UserOneIntTests1.log
  PL192_VC/vic_pl192/verification/verilog/Vic_rtl/Vic_rtl_LDV_UserOneIntTests2.log
  PL192_VC/vic_pl192/verification/verilog/Vic_rtl/Vic_rtl_LDV_UserOneIntTests3.log
  PL192_VC/vic_pl192/verification/verilog/Vic_rtl/Vic_rtl_LDV_UserOneIntTests4.log
  PL192_VC/vic_pl192/verification/verilog/Vic_rtl/Vic_rtl_LDV_UserOneIntTests5.log
  PL192_VC/vic_pl192/verification/verilog/Vic_rtl/Vic_rtl_LDV_UserOneIntTests6.log
  PL192_VC/vic_pl192/verification/verilog/Vic_rtl/Vic_rtl_LDV_UserOneIntTests7.log
  PL192_VC/vic_pl192/verification/verilog/Vic_rtl/Vic_rtl_LDV_Vic1.log
  PL192_VC/vic_pl192/verification/verilog/Vic_rtl/Vic_rtl_LDV_Vic2.log
  PL192_VC/vic_pl192/verification/verilog/Vic_rtl/Vic_rtl_LDV_Vic3.log
  PL192_VC/vic_pl192/verification/verilog/Vic_rtl/Vic_rtl_LDV_VicEnAllIntTest.log
  PL192_VC/vic_pl192/verification/verilog/Vic_rtl/Vic_rtl_LDV_VicEnDaisyPriTest.log
  PL192_VC/vic_pl192/verification/verilog/Vic_rtl/Vic_rtl_LDV_VicEnEightAllIntTests.log
  PL192_VC/vic_pl192/verification/verilog/Vic_rtl/Vic_rtl_LDV_VicEnStack16Test.log
  PL192_VC/vic_pl192/verification/verilog/Vic_rtl/Vic_rtl_LDV_VicEnTwoFourIntTests.log
  PL192_VC/vic_pl192/verification/verilog/Vic_rtl/Vic_rtl_LDV_VicEnUserOneIntTests0.log
  PL192_VC/vic_pl192/verification/verilog/Vic_rtl/Vic_rtl_LDV_VicEnUserOneIntTests1.log
  PL192_VC/vic_pl192/verification/verilog/Vic_rtl/Vic_rtl_LDV_VicEnUserOneIntTests2.log
  PL192_VC/vic_pl192/verification/verilog/Vic_rtl/Vic_rtl_LDV_VicEnUserOneIntTests3.log
  PL192_VC/vic_pl192/verification/verilog/Vic_rtl/Vic_rtl_LDV_VicEnUserOneIntTests4.log
  PL192_VC/vic_pl192/verification/verilog/Vic_rtl/Vic_rtl_LDV_VicEnUserOneIntTests5.log
  PL192_VC/vic_pl192/verification/verilog/Vic_rtl/Vic_rtl_LDV_VicEnUserOneIntTests6.log
  PL192_VC/vic_pl192/verification/verilog/Vic_rtl/Vic_rtl_LDV_VicEnUserOneIntTests7.log
  PL192_VC/vic_pl192/verification/verilog/Vic_rtl/Vic_rtl_LDV_VicSyncEnTest.log
  PL192_VC/vic_pl192/verification/verilog/Vic_rtl/Vic_rtl_modelsim_AllIntTest.log
  PL192_VC/vic_pl192/verification/verilog/Vic_rtl/Vic_rtl_modelsim_ClockOffTest.log
  PL192_VC/vic_pl192/verification/verilog/Vic_rtl/Vic_rtl_modelsim_EightAllIntTests.log
  PL192_VC/vic_pl192/verification/verilog/Vic_rtl/Vic_rtl_modelsim_ErrorRespTests.log
  PL192_VC/vic_pl192/verification/verilog/Vic_rtl/Vic_rtl_modelsim_PriConsistency.log
  PL192_VC/vic_pl192/verification/verilog/Vic_rtl/Vic_rtl_modelsim_ProtectionTests.log
  PL192_VC/vic_pl192/verification/verilog/Vic_rtl/Vic_rtl_modelsim_ProtModeIntTests.log
  PL192_VC/vic_pl192/verification/verilog/Vic_rtl/Vic_rtl_modelsim_RandomTest.log
  PL192_VC/vic_pl192/verification/verilog/Vic_rtl/Vic_rtl_modelsim_RegisterTests.log
  PL192_VC/vic_pl192/verification/verilog/Vic_rtl/Vic_rtl_modelsim_ResetTests.log
  PL192_VC/vic_pl192/verification/verilog/Vic_rtl/Vic_rtl_modelsim_Stack16Test.log
  PL192_VC/vic_pl192/verification/verilog/Vic_rtl/Vic_rtl_modelsim_TransferTests.log
  PL192_VC/vic_pl192/verification/verilog/Vic_rtl/Vic_rtl_modelsim_TwoFourIntTests.log
  PL192_VC/vic_pl192/verification/verilog/Vic_rtl/Vic_rtl_modelsim_UserOneIntTests0.log
  PL192_VC/vic_pl192/verification/verilog/Vic_rtl/Vic_rtl_modelsim_UserOneIntTests1.log
  PL192_VC/vic_pl192/verification/verilog/Vic_rtl/Vic_rtl_modelsim_UserOneIntTests2.log
  PL192_VC/vic_pl192/verification/verilog/Vic_rtl/Vic_rtl_modelsim_UserOneIntTests3.log
  PL192_VC/vic_pl192/verification/verilog/Vic_rtl/Vic_rtl_modelsim_UserOneIntTests4.log
  PL192_VC/vic_pl192/verification/verilog/Vic_rtl/Vic_rtl_modelsim_UserOneIntTests5.log
  PL192_VC/vic_pl192/verification/verilog/Vic_rtl/Vic_rtl_modelsim_UserOneIntTests6.log
  PL192_VC/vic_pl192/verification/verilog/Vic_rtl/Vic_rtl_modelsim_UserOneIntTests7.log
  PL192_VC/vic_pl192/verification/verilog/Vic_rtl/Vic_rtl_modelsim_Vic1.log
  PL192_VC/vic_pl192/verification/verilog/Vic_rtl/Vic_rtl_modelsim_VicEnAllIntTest.log
  PL192_VC/vic_pl192/verification/verilog/Vic_rtl/Vic_rtl_modelsim_VicEnDaisyPriTest.log
  PL192_VC/vic_pl192/verification/verilog/Vic_rtl/Vic_rtl_modelsim_VicEnEightAllIntTests.log
  PL192_VC/vic_pl192/verification/verilog/Vic_rtl/Vic_rtl_modelsim_VicEnStack16Test.log
  PL192_VC/vic_pl192/verification/verilog/Vic_rtl/Vic_rtl_modelsim_VicEnTwoFourIntTests.log
  PL192_VC/vic_pl192/verification/verilog/Vic_rtl/Vic_rtl_modelsim_VicEnUserOneIntTests0.log
  PL192_VC/vic_pl192/verification/verilog/Vic_rtl/Vic_rtl_modelsim_VicEnUserOneIntTests1.log
  PL192_VC/vic_pl192/verification/verilog/Vic_rtl/Vic_rtl_modelsim_VicEnUserOneIntTests2.log
  PL192_VC/vic_pl192/verification/verilog/Vic_rtl/Vic_rtl_modelsim_VicEnUserOneIntTests3.log
  PL192_VC/vic_pl192/verification/verilog/Vic_rtl/Vic_rtl_modelsim_VicEnUserOneIntTests4.log
  PL192_VC/vic_pl192/verification/verilog/Vic_rtl/Vic_rtl_modelsim_VicEnUserOneIntTests5.log
  PL192_VC/vic_pl192/verification/verilog/Vic_rtl/Vic_rtl_modelsim_VicEnUserOneIntTests6.log
  PL192_VC/vic_pl192/verification/verilog/Vic_rtl/Vic_rtl_modelsim_VicEnUserOneIntTests7.log
  PL192_VC/vic_pl192/verification/verilog/Vic_rtl/Vic_rtl_modelsim_VicSyncEnTest.log
  PL192_VC/vic_pl192/verification/verilog/Vic_scanready_verilog_net_typ/
  PL192_VC/vic_pl192/verification/verilog/Vic_scanready_verilog_net_typ/Vic_scanready_verilog_verilog_net_typ_LDV_AllIntTest.log
  PL192_VC/vic_pl192/verification/verilog/Vic_scanready_verilog_net_typ/Vic_scanready_verilog_verilog_net_typ_LDV_RegisterTests.log
  PL192_VC/vic_pl192/verification/verilog/vr/
  PL192_VC/vic_pl192/verification/verilog/vr/makefile

PL192-MN-22012-r0p0-00rel0 :

  PL192_VC/global/
  PL192_VC/global/LDV/
  PL192_VC/global/LDV/DirMakefile.mk
  PL192_VC/global/LDV/DirSimMakefile.mk
  PL192_VC/global/LDV/RtlMakefile.mk
  PL192_VC/global/LDV/SimMakefile.mk
  PL192_VC/global/LDV/vxl_bustalk.files
  PL192_VC/global/LDV/vxl_bustalk_ahb.files
  PL192_VC/global/LDV/vxl_bustalk_apb.files
  PL192_VC/global/LDV/vxl_tictalk.files
  PL192_VC/global/LDV/vxl_tictalk_ahb.files
  PL192_VC/global/LDV/vxl_tictalk_asb.files
  PL192_VC/global/modelsim/
  PL192_VC/global/modelsim/DirMakefile.mk
  PL192_VC/global/modelsim/DirSimMakefile.mk
  PL192_VC/global/modelsim/init.do
  PL192_VC/global/modelsim/libmap
  PL192_VC/global/modelsim/modelsim.ini
  PL192_VC/global/modelsim/modelsim_bustalk.ini
  PL192_VC/global/modelsim/modelsim_tictalk.ini
  PL192_VC/global/modelsim/RtlMakefile.mk
  PL192_VC/global/modelsim/SimMakefile.mk
  PL192_VC/global/tictalk/
  PL192_VC/global/tictalk/verilog/
  PL192_VC/global/tictalk/verilog/common/
  PL192_VC/global/tictalk/verilog/common/Defs.v
  PL192_VC/global/tictalk/verilog/sys/
  PL192_VC/global/tictalk/verilog/sys/apbif.v
  PL192_VC/global/tictalk/verilog/sys/arbiter.v
  PL192_VC/global/tictalk/verilog/sys/buswatch.v
  PL192_VC/global/tictalk/verilog/sys/decoder.v
  PL192_VC/global/tictalk/verilog/sys/makefile
  PL192_VC/global/tictalk/verilog/sys/rem_pause.v
  PL192_VC/global/tictalk/verilog/sys/res_cntl.v
  PL192_VC/global/tictalk/verilog/sys/tic.v
  PL192_VC/global/tictalk/vhdl/
  PL192_VC/global/tictalk/vhdl/common/
  PL192_VC/global/tictalk/vhdl/common/defs.vhd
  PL192_VC/global/tictalk/vhdl/common/params.vhd
  PL192_VC/global/tictalk/vhdl/sys/
  PL192_VC/global/tictalk/vhdl/sys/apbif.vhd
  PL192_VC/global/tictalk/vhdl/sys/apbmux.vhd
  PL192_VC/global/tictalk/vhdl/sys/arbiter.vhd
  PL192_VC/global/tictalk/vhdl/sys/buswatch.vhd
  PL192_VC/global/tictalk/vhdl/sys/buswatch_params.vhd
  PL192_VC/global/tictalk/vhdl/sys/decoder.vhd
  PL192_VC/global/tictalk/vhdl/sys/decoder_mindec.vhd
  PL192_VC/global/tictalk/vhdl/sys/rem_pause.vhd
  PL192_VC/global/tictalk/vhdl/sys/res_cntl.vhd
  PL192_VC/global/tictalk/vhdl/sys/tic.vhd
  PL192_VC/global/tictalk_ahb/
  PL192_VC/global/tictalk_ahb/verilog/
  PL192_VC/global/tictalk_ahb/verilog/sys/
  PL192_VC/global/tictalk_ahb/verilog/sys/APBif.v
  PL192_VC/global/tictalk_ahb/verilog/sys/Arbiter.v
  PL192_VC/global/tictalk_ahb/verilog/sys/Decoder.v
  PL192_VC/global/tictalk_ahb/verilog/sys/DefaultSlave.v
  PL192_VC/global/tictalk_ahb/verilog/sys/MuxM2S.v
  PL192_VC/global/tictalk_ahb/verilog/sys/MuxP2B.v
  PL192_VC/global/tictalk_ahb/verilog/sys/MuxS2M.v
  PL192_VC/global/tictalk_ahb/verilog/sys/RemPause.v
  PL192_VC/global/tictalk_ahb/verilog/sys/ResCntl.v
  PL192_VC/global/tictalk_ahb/verilog/sys/SMI.v
  PL192_VC/global/tictalk_ahb/verilog/sys/TIC.v
  PL192_VC/global/tictalk_ahb/verilog/ticbox/
  PL192_VC/global/tictalk_ahb/verilog/ticbox/Ticbox.v
  PL192_VC/global/tictalk_asb/
  PL192_VC/global/tictalk_asb/verilog/
  PL192_VC/global/tictalk_asb/verilog/common/
  PL192_VC/global/tictalk_asb/verilog/common/Defs.v
  PL192_VC/global/tictalk_asb/verilog/sys/
  PL192_VC/global/tictalk_asb/verilog/sys/apbif.v
  PL192_VC/global/tictalk_asb/verilog/sys/arbiter.v
  PL192_VC/global/tictalk_asb/verilog/sys/buswatch.v
  PL192_VC/global/tictalk_asb/verilog/sys/decoder.v
  PL192_VC/global/tictalk_asb/verilog/sys/rem_pause.v
  PL192_VC/global/tictalk_asb/verilog/sys/res_cntl.v
  PL192_VC/global/tictalk_asb/verilog/sys/tic.v
  PL192_VC/vic_pl192/
  PL192_VC/vic_pl192/integration/
  PL192_VC/vic_pl192/integration/makefile
  PL192_VC/vic_pl192/integration/verilog/
  PL192_VC/vic_pl192/integration/verilog/chip/
  PL192_VC/vic_pl192/integration/verilog/chip/EASY.v
  PL192_VC/vic_pl192/integration/verilog/chip/makefile
  PL192_VC/vic_pl192/integration/verilog/chip/RPS.v
  PL192_VC/vic_pl192/integration/verilog/makefile
  PL192_VC/vic_pl192/integration/verilog/README_SIM_ERR_MSG.txt
  PL192_VC/vic_pl192/integration/verilog/sys/
  PL192_VC/vic_pl192/integration/verilog/sys/makefile
  PL192_VC/vic_pl192/integration/verilog/tbench/
  PL192_VC/vic_pl192/integration/verilog/tbench/makefile
  PL192_VC/vic_pl192/integration/verilog/tbench/README
  PL192_VC/vic_pl192/integration/verilog/tbench/tbench.v
  PL192_VC/vic_pl192/integration/verilog/ticbox/
  PL192_VC/vic_pl192/integration/verilog/ticbox/makefile
  PL192_VC/vic_pl192/integration/verilog/trickbox/
  PL192_VC/vic_pl192/integration/verilog/trickbox/makefile
  PL192_VC/vic_pl192/integration/verilog/trickbox/VicTrick.v
  PL192_VC/vic_pl192/integration/verilog/Vic_noscan_vhdl_net_min/
  PL192_VC/vic_pl192/integration/verilog/Vic_noscan_vhdl_net_min/Vic_noscan_vhdl_verilog_net_min_modelsim.log
  PL192_VC/vic_pl192/integration/verilog/Vic_rtl/
  PL192_VC/vic_pl192/integration/verilog/Vic_rtl/overall.summary
  PL192_VC/vic_pl192/integration/verilog/Vic_rtl/Vic_rtl_LDV.log
  PL192_VC/vic_pl192/integration/verilog/Vic_rtl/Vic_rtl_Modelsim.log
  PL192_VC/vic_pl192/integration/verilog/Vic_scanready_verilog_net_typ/
  PL192_VC/vic_pl192/integration/verilog/Vic_scanready_verilog_net_typ/Vic_scanready_verilog_verilog_net_typ_LDV.log

PL192-MN-23001-r0p0-00rel0 :

  PL192_VC/global/
  PL192_VC/global/modelsim/
  PL192_VC/global/modelsim/DirMakefile.mk
  PL192_VC/global/modelsim/DirSimMakefile.mk
  PL192_VC/global/modelsim/init.do
  PL192_VC/global/modelsim/libmap
  PL192_VC/global/modelsim/modelsim.ini
  PL192_VC/global/modelsim/modelsim_bustalk.ini
  PL192_VC/global/modelsim/modelsim_tictalk.ini
  PL192_VC/global/modelsim/RtlMakefile.mk
  PL192_VC/global/modelsim/SimMakefile.mk
  PL192_VC/vic_pl192/
  PL192_VC/vic_pl192/makefile
  PL192_VC/vic_pl192/README.txt
  PL192_VC/vic_pl192/vhdl/
  PL192_VC/vic_pl192/vhdl/makefile
  PL192_VC/vic_pl192/vhdl/netlist/
  PL192_VC/vic_pl192/vhdl/netlist/makefile
  PL192_VC/vic_pl192/vhdl/rtl_source/
  PL192_VC/vic_pl192/vhdl/rtl_source/makefile
  PL192_VC/vic_pl192/vhdl/rtl_source/Vic.vhd
  PL192_VC/vic_pl192/vhdl/rtl_source/VicAhbif.vhd
  PL192_VC/vic_pl192/vhdl/rtl_source/VicCpuif.vhd
  PL192_VC/vic_pl192/vhdl/rtl_source/VicInterrupt.vhd
  PL192_VC/vic_pl192/vhdl/rtl_source/VicIntResolver.vhd
  PL192_VC/vic_pl192/vhdl/rtl_source/VicPackage.vhd
  PL192_VC/vic_pl192/vhdl/rtl_source/VicPriority.vhd
  PL192_VC/vic_pl192/vhdl/rtl_source/VicRevAnd.vhd

PL192-MN-23010-r0p0-00rel0 :

  PL192_VC/global/
  PL192_VC/global/bustalk/
  PL192_VC/global/bustalk/verilog/
  PL192_VC/global/bustalk/verilog/bid/
  PL192_VC/global/bustalk/verilog/bid/addrctl_driver.v
  PL192_VC/global/bustalk/verilog/bid/buscyc_drivers.v
  PL192_VC/global/bustalk/verilog/bid/busline_drivers.v
  PL192_VC/global/bustalk/verilog/bid/data_driver.v
  PL192_VC/global/bustalk/verilog/bid/penable_driver.v
  PL192_VC/global/bustalk/verilog/bid/reset_driver.v
  PL192_VC/global/bustalk/verilog/buswatcher/
  PL192_VC/global/bustalk/verilog/buswatcher/buswatch.v
  PL192_VC/global/bustalk/verilog/common/
  PL192_VC/global/bustalk/verilog/common/clockgen.v
  PL192_VC/global/bustalk/verilog/common/countdown.v
  PL192_VC/global/bustalk/verilog/common/defs.v
  PL192_VC/global/bustalk/verilog/reader/
  PL192_VC/global/bustalk/verilog/reader/command_reader.v
  PL192_VC/global/bustalk/verilog/reader/reader.v
  PL192_VC/global/bustalk/verilog/vr/
  PL192_VC/global/bustalk/verilog/vr/linedrv.v
  PL192_VC/global/bustalk/verilog/vr/reg.v
  PL192_VC/global/bustalk/verilog/vr/vio_driver.v
  PL192_VC/global/bustalk/verilog/vr/viregcyc_drivers.v
  PL192_VC/global/bustalk/vhdl/
  PL192_VC/global/bustalk/vhdl/bid/
  PL192_VC/global/bustalk/vhdl/bid/addrctl_driver.vhd
  PL192_VC/global/bustalk/vhdl/bid/buscyc_drivers.vhd
  PL192_VC/global/bustalk/vhdl/bid/busline_drivers.vhd
  PL192_VC/global/bustalk/vhdl/bid/data_driver.vhd
  PL192_VC/global/bustalk/vhdl/bid/penable_driver.vhd
  PL192_VC/global/bustalk/vhdl/bid/reset_driver.vhd
  PL192_VC/global/bustalk/vhdl/buswatcher/
  PL192_VC/global/bustalk/vhdl/buswatcher/busw_pck.vhd
  PL192_VC/global/bustalk/vhdl/buswatcher/buswatch.vhd
  PL192_VC/global/bustalk/vhdl/common/
  PL192_VC/global/bustalk/vhdl/common/clockgen.vhd
  PL192_VC/global/bustalk/vhdl/common/countdown.vhd
  PL192_VC/global/bustalk/vhdl/common/defs.vhd
  PL192_VC/global/bustalk/vhdl/common/funcs.vhd
  PL192_VC/global/bustalk/vhdl/reader/
  PL192_VC/global/bustalk/vhdl/reader/reader.vhd
  PL192_VC/global/bustalk/vhdl/reader/readline.vhd
  PL192_VC/global/bustalk/vhdl/vr/
  PL192_VC/global/bustalk/vhdl/vr/linedrv.vhd
  PL192_VC/global/bustalk/vhdl/vr/reg.vhd
  PL192_VC/global/bustalk/vhdl/vr/vio_driver.vhd
  PL192_VC/global/bustalk/vhdl/vr/viregcyc_drivers.vhd
  PL192_VC/global/bustalk/vhdl/vr/vregbank.vhd
  PL192_VC/global/bustalk_ahb/
  PL192_VC/global/bustalk_ahb/vhdl/
  PL192_VC/global/bustalk_ahb/vhdl/bid/
  PL192_VC/global/bustalk_ahb/vhdl/bid/cyc_drivers.vhd
  PL192_VC/global/bustalk_ahb/vhdl/bid/reset_driver.vhd
  PL192_VC/global/bustalk_ahb/vhdl/bid/split.vhd
  PL192_VC/global/bustalk_ahb/vhdl/buswatcher/
  PL192_VC/global/bustalk_ahb/vhdl/buswatcher/busw_pck.vhd
  PL192_VC/global/bustalk_ahb/vhdl/buswatcher/buswatch.vhd
  PL192_VC/global/bustalk_ahb/vhdl/common/
  PL192_VC/global/bustalk_ahb/vhdl/common/clockgen.vhd
  PL192_VC/global/bustalk_ahb/vhdl/common/configmaster.vhd
  PL192_VC/global/bustalk_ahb/vhdl/common/countdown.vhd
  PL192_VC/global/bustalk_ahb/vhdl/common/defs.vhd
  PL192_VC/global/bustalk_ahb/vhdl/common/defsmaster.vhd
  PL192_VC/global/bustalk_ahb/vhdl/common/funcs.vhd
  PL192_VC/global/bustalk_ahb/vhdl/common/funcsmaster.vhd
  PL192_VC/global/bustalk_ahb/vhdl/reader/
  PL192_VC/global/bustalk_ahb/vhdl/reader/reader.vhd
  PL192_VC/global/bustalk_ahb/vhdl/reader/readline.vhd
  PL192_VC/global/bustalk_ahb/vhdl/vr/
  PL192_VC/global/bustalk_ahb/vhdl/vr/linedrv.vhd
  PL192_VC/global/bustalk_ahb/vhdl/vr/reg.vhd
  PL192_VC/global/bustalk_ahb/vhdl/vr/VIODriver.vhd
  PL192_VC/global/bustalk_ahb/vhdl/vr/VRCycDrivers.vhd
  PL192_VC/global/bustalk_ahb/vhdl/vr/vregbank.vhd
  PL192_VC/global/bustalk_apb/
  PL192_VC/global/bustalk_apb/vhdl/
  PL192_VC/global/bustalk_apb/vhdl/bid/
  PL192_VC/global/bustalk_apb/vhdl/bid/addrctl_driver.vhd
  PL192_VC/global/bustalk_apb/vhdl/bid/buscyc_drivers.vhd
  PL192_VC/global/bustalk_apb/vhdl/bid/busline_drivers.vhd
  PL192_VC/global/bustalk_apb/vhdl/bid/data_driver.vhd
  PL192_VC/global/bustalk_apb/vhdl/bid/penable_driver.vhd
  PL192_VC/global/bustalk_apb/vhdl/bid/reset_driver.vhd
  PL192_VC/global/bustalk_apb/vhdl/buswatcher/
  PL192_VC/global/bustalk_apb/vhdl/buswatcher/busw_pck.vhd
  PL192_VC/global/bustalk_apb/vhdl/buswatcher/buswatch.vhd
  PL192_VC/global/bustalk_apb/vhdl/common/
  PL192_VC/global/bustalk_apb/vhdl/common/clockgen.vhd
  PL192_VC/global/bustalk_apb/vhdl/common/countdown.vhd
  PL192_VC/global/bustalk_apb/vhdl/common/defs.vhd
  PL192_VC/global/bustalk_apb/vhdl/common/funcs.vhd
  PL192_VC/global/bustalk_apb/vhdl/reader/
  PL192_VC/global/bustalk_apb/vhdl/reader/reader.vhd
  PL192_VC/global/bustalk_apb/vhdl/reader/readline.vhd
  PL192_VC/global/bustalk_apb/vhdl/vr/
  PL192_VC/global/bustalk_apb/vhdl/vr/linedrv.vhd
  PL192_VC/global/bustalk_apb/vhdl/vr/reg.vhd
  PL192_VC/global/bustalk_apb/vhdl/vr/vio_driver.vhd
  PL192_VC/global/bustalk_apb/vhdl/vr/viregcyc_drivers.vhd
  PL192_VC/global/bustalk_apb/vhdl/vr/vregbank.vhd
  PL192_VC/global/modelsim/
  PL192_VC/global/modelsim/DirMakefile.mk
  PL192_VC/global/modelsim/DirSimMakefile.mk
  PL192_VC/global/modelsim/init.do
  PL192_VC/global/modelsim/libmap
  PL192_VC/global/modelsim/modelsim.ini
  PL192_VC/global/modelsim/modelsim_bustalk.ini
  PL192_VC/global/modelsim/modelsim_tictalk.ini
  PL192_VC/global/modelsim/RtlMakefile.mk
  PL192_VC/global/modelsim/SimMakefile.mk
  PL192_VC/vic_pl192/
  PL192_VC/vic_pl192/verification/
  PL192_VC/vic_pl192/verification/makefile
  PL192_VC/vic_pl192/verification/vhdl/
  PL192_VC/vic_pl192/verification/vhdl/bid/
  PL192_VC/vic_pl192/verification/vhdl/bid/makefile
  PL192_VC/vic_pl192/verification/vhdl/buswatcher/
  PL192_VC/vic_pl192/verification/vhdl/buswatcher/makefile
  PL192_VC/vic_pl192/verification/vhdl/common/
  PL192_VC/vic_pl192/verification/vhdl/common/makefile
  PL192_VC/vic_pl192/verification/vhdl/makefile
  PL192_VC/vic_pl192/verification/vhdl/reader/
  PL192_VC/vic_pl192/verification/vhdl/reader/makefile
  PL192_VC/vic_pl192/verification/vhdl/tbench/
  PL192_VC/vic_pl192/verification/vhdl/tbench/ahbslave_tb.vhd
  PL192_VC/vic_pl192/verification/vhdl/tbench/buswatchmaster.vhd
  PL192_VC/vic_pl192/verification/vhdl/tbench/buswmaster_pck.vhd
  PL192_VC/vic_pl192/verification/vhdl/tbench/decoder.vhd
  PL192_VC/vic_pl192/verification/vhdl/tbench/defslave.vhd
  PL192_VC/vic_pl192/verification/vhdl/tbench/makefile
  PL192_VC/vic_pl192/verification/vhdl/tbench/README
  PL192_VC/vic_pl192/verification/vhdl/tbench/tbench.vhd
  PL192_VC/vic_pl192/verification/vhdl/tbench/timing.vhd
  PL192_VC/vic_pl192/verification/vhdl/tbench/timingmaster.vhd
  PL192_VC/vic_pl192/verification/vhdl/trickbox/
  PL192_VC/vic_pl192/verification/vhdl/trickbox/makefile
  PL192_VC/vic_pl192/verification/vhdl/trickbox/VicMirTrickbox.vhd
  PL192_VC/vic_pl192/verification/vhdl/trickbox/VicTrAhbif.vhd
  PL192_VC/vic_pl192/verification/vhdl/trickbox/VicTrFiqIntrLog.vhd
  PL192_VC/vic_pl192/verification/vhdl/trickbox/VicTrick.vhd
  PL192_VC/vic_pl192/verification/vhdl/trickbox/VicTrIntReqLog.vhd
  PL192_VC/vic_pl192/verification/vhdl/trickbox/VicTrIrqIntrLog.vhd
  PL192_VC/vic_pl192/verification/vhdl/trickbox/VicTrIrqPriLog.vhd
  PL192_VC/vic_pl192/verification/vhdl/trickbox/VicTrPackage.vhd
  PL192_VC/vic_pl192/verification/vhdl/trickbox/VicTrProtChkr.vhd
  PL192_VC/vic_pl192/verification/vhdl/Vic_rtl/
  PL192_VC/vic_pl192/verification/vhdl/Vic_rtl/Vic_rtl_modelsim_all.log
  PL192_VC/vic_pl192/verification/vhdl/Vic_rtl/Vic_rtl_modelsim_AllIntTest.log
  PL192_VC/vic_pl192/verification/vhdl/Vic_rtl/Vic_rtl_modelsim_ClockOffTest.log
  PL192_VC/vic_pl192/verification/vhdl/Vic_rtl/Vic_rtl_modelsim_EightAllIntTests.log
  PL192_VC/vic_pl192/verification/vhdl/Vic_rtl/Vic_rtl_modelsim_ErrorRespTests.log
  PL192_VC/vic_pl192/verification/vhdl/Vic_rtl/Vic_rtl_modelsim_PriConsistency.log
  PL192_VC/vic_pl192/verification/vhdl/Vic_rtl/Vic_rtl_modelsim_ProtectionTests.log
  PL192_VC/vic_pl192/verification/vhdl/Vic_rtl/Vic_rtl_modelsim_ProtModeIntTests.log
  PL192_VC/vic_pl192/verification/vhdl/Vic_rtl/Vic_rtl_modelsim_RandomTest.log
  PL192_VC/vic_pl192/verification/vhdl/Vic_rtl/Vic_rtl_modelsim_RegisterTests.log
  PL192_VC/vic_pl192/verification/vhdl/Vic_rtl/Vic_rtl_modelsim_ResetTests.log
  PL192_VC/vic_pl192/verification/vhdl/Vic_rtl/Vic_rtl_modelsim_Stack16Test.log
  PL192_VC/vic_pl192/verification/vhdl/Vic_rtl/Vic_rtl_modelsim_TransferTests.log
  PL192_VC/vic_pl192/verification/vhdl/Vic_rtl/Vic_rtl_modelsim_TwoFourIntTests.log
  PL192_VC/vic_pl192/verification/vhdl/Vic_rtl/Vic_rtl_modelsim_UserOneIntTests0.log
  PL192_VC/vic_pl192/verification/vhdl/Vic_rtl/Vic_rtl_modelsim_UserOneIntTests1.log
  PL192_VC/vic_pl192/verification/vhdl/Vic_rtl/Vic_rtl_modelsim_UserOneIntTests2.log
  PL192_VC/vic_pl192/verification/vhdl/Vic_rtl/Vic_rtl_modelsim_UserOneIntTests3.log
  PL192_VC/vic_pl192/verification/vhdl/Vic_rtl/Vic_rtl_modelsim_UserOneIntTests4.log
  PL192_VC/vic_pl192/verification/vhdl/Vic_rtl/Vic_rtl_modelsim_UserOneIntTests5.log
  PL192_VC/vic_pl192/verification/vhdl/Vic_rtl/Vic_rtl_modelsim_UserOneIntTests6.log
  PL192_VC/vic_pl192/verification/vhdl/Vic_rtl/Vic_rtl_modelsim_UserOneIntTests7.log
  PL192_VC/vic_pl192/verification/vhdl/Vic_rtl/Vic_rtl_modelsim_Vic1.log
  PL192_VC/vic_pl192/verification/vhdl/Vic_rtl/Vic_rtl_modelsim_Vic2.log
  PL192_VC/vic_pl192/verification/vhdl/Vic_rtl/Vic_rtl_modelsim_Vic3.log
  PL192_VC/vic_pl192/verification/vhdl/Vic_rtl/Vic_rtl_modelsim_VicEnAllIntTest.log
  PL192_VC/vic_pl192/verification/vhdl/Vic_rtl/Vic_rtl_modelsim_VicEnDaisyPriTest.log
  PL192_VC/vic_pl192/verification/vhdl/Vic_rtl/Vic_rtl_modelsim_VicEnEightAllIntTests.log
  PL192_VC/vic_pl192/verification/vhdl/Vic_rtl/Vic_rtl_modelsim_VicEnStack16Test.log
  PL192_VC/vic_pl192/verification/vhdl/Vic_rtl/Vic_rtl_modelsim_VicEnTwoFourIntTests.log
  PL192_VC/vic_pl192/verification/vhdl/Vic_rtl/Vic_rtl_modelsim_VicEnUserOneIntTests0.log
  PL192_VC/vic_pl192/verification/vhdl/Vic_rtl/Vic_rtl_modelsim_VicEnUserOneIntTests1.log
  PL192_VC/vic_pl192/verification/vhdl/Vic_rtl/Vic_rtl_modelsim_VicEnUserOneIntTests2.log
  PL192_VC/vic_pl192/verification/vhdl/Vic_rtl/Vic_rtl_modelsim_VicEnUserOneIntTests3.log
  PL192_VC/vic_pl192/verification/vhdl/Vic_rtl/Vic_rtl_modelsim_VicEnUserOneIntTests4.log
  PL192_VC/vic_pl192/verification/vhdl/Vic_rtl/Vic_rtl_modelsim_VicEnUserOneIntTests5.log
  PL192_VC/vic_pl192/verification/vhdl/Vic_rtl/Vic_rtl_modelsim_VicEnUserOneIntTests6.log
  PL192_VC/vic_pl192/verification/vhdl/Vic_rtl/Vic_rtl_modelsim_VicEnUserOneIntTests7.log
  PL192_VC/vic_pl192/verification/vhdl/Vic_rtl/Vic_rtl_modelsim_VicSyncEnTest.log
  PL192_VC/vic_pl192/verification/vhdl/Vic_scaninsert_vhdl_net_max/
  PL192_VC/vic_pl192/verification/vhdl/Vic_scaninsert_vhdl_net_max/Vic_scaninsert_vhdl_vhdl_net_max_modelsim_AllIntTest.log
  PL192_VC/vic_pl192/verification/vhdl/Vic_scaninsert_vhdl_net_max/Vic_scaninsert_vhdl_vhdl_net_max_modelsim_RegisterTests.log
  PL192_VC/vic_pl192/verification/vhdl/vr/
  PL192_VC/vic_pl192/verification/vhdl/vr/makefile

PL192-MN-23012-r0p0-00rel0 :

  PL192_VC/global/
  PL192_VC/global/modelsim/
  PL192_VC/global/modelsim/DirMakefile.mk
  PL192_VC/global/modelsim/DirSimMakefile.mk
  PL192_VC/global/modelsim/init.do
  PL192_VC/global/modelsim/libmap
  PL192_VC/global/modelsim/modelsim.ini
  PL192_VC/global/modelsim/modelsim_bustalk.ini
  PL192_VC/global/modelsim/modelsim_tictalk.ini
  PL192_VC/global/modelsim/RtlMakefile.mk
  PL192_VC/global/modelsim/SimMakefile.mk
  PL192_VC/global/tictalk/
  PL192_VC/global/tictalk/verilog/
  PL192_VC/global/tictalk/verilog/common/
  PL192_VC/global/tictalk/verilog/common/Defs.v
  PL192_VC/global/tictalk/verilog/sys/
  PL192_VC/global/tictalk/verilog/sys/apbif.v
  PL192_VC/global/tictalk/verilog/sys/arbiter.v
  PL192_VC/global/tictalk/verilog/sys/buswatch.v
  PL192_VC/global/tictalk/verilog/sys/decoder.v
  PL192_VC/global/tictalk/verilog/sys/makefile
  PL192_VC/global/tictalk/verilog/sys/rem_pause.v
  PL192_VC/global/tictalk/verilog/sys/res_cntl.v
  PL192_VC/global/tictalk/verilog/sys/tic.v
  PL192_VC/global/tictalk/vhdl/
  PL192_VC/global/tictalk/vhdl/common/
  PL192_VC/global/tictalk/vhdl/common/defs.vhd
  PL192_VC/global/tictalk/vhdl/common/params.vhd
  PL192_VC/global/tictalk/vhdl/sys/
  PL192_VC/global/tictalk/vhdl/sys/apbif.vhd
  PL192_VC/global/tictalk/vhdl/sys/apbmux.vhd
  PL192_VC/global/tictalk/vhdl/sys/arbiter.vhd
  PL192_VC/global/tictalk/vhdl/sys/buswatch.vhd
  PL192_VC/global/tictalk/vhdl/sys/buswatch_params.vhd
  PL192_VC/global/tictalk/vhdl/sys/decoder.vhd
  PL192_VC/global/tictalk/vhdl/sys/decoder_mindec.vhd
  PL192_VC/global/tictalk/vhdl/sys/rem_pause.vhd
  PL192_VC/global/tictalk/vhdl/sys/res_cntl.vhd
  PL192_VC/global/tictalk/vhdl/sys/tic.vhd
  PL192_VC/global/tictalk_ahb/
  PL192_VC/global/tictalk_ahb/vhdl/
  PL192_VC/global/tictalk_ahb/vhdl/common/
  PL192_VC/global/tictalk_ahb/vhdl/common/Conv.vhd
  PL192_VC/global/tictalk_ahb/vhdl/sys/
  PL192_VC/global/tictalk_ahb/vhdl/sys/APBif.vhd
  PL192_VC/global/tictalk_ahb/vhdl/sys/Arbiter.vhd
  PL192_VC/global/tictalk_ahb/vhdl/sys/Decoder.vhd
  PL192_VC/global/tictalk_ahb/vhdl/sys/DefaultSlave.vhd
  PL192_VC/global/tictalk_ahb/vhdl/sys/MuxM2S.vhd
  PL192_VC/global/tictalk_ahb/vhdl/sys/MuxP2B.vhd
  PL192_VC/global/tictalk_ahb/vhdl/sys/MuxS2M.vhd
  PL192_VC/global/tictalk_ahb/vhdl/sys/RemPause.vhd
  PL192_VC/global/tictalk_ahb/vhdl/sys/ResCntl.vhd
  PL192_VC/global/tictalk_ahb/vhdl/sys/SMI.vhd
  PL192_VC/global/tictalk_ahb/vhdl/sys/TIC.vhd
  PL192_VC/global/tictalk_ahb/vhdl/ticbox/
  PL192_VC/global/tictalk_ahb/vhdl/ticbox/Ticbox.vhd
  PL192_VC/global/tictalk_asb/
  PL192_VC/global/tictalk_asb/vhdl/
  PL192_VC/global/tictalk_asb/vhdl/common/
  PL192_VC/global/tictalk_asb/vhdl/common/defs.vhd
  PL192_VC/global/tictalk_asb/vhdl/common/params.vhd
  PL192_VC/global/tictalk_asb/vhdl/sys/
  PL192_VC/global/tictalk_asb/vhdl/sys/apbif.vhd
  PL192_VC/global/tictalk_asb/vhdl/sys/apbmux.vhd
  PL192_VC/global/tictalk_asb/vhdl/sys/arbiter.vhd
  PL192_VC/global/tictalk_asb/vhdl/sys/buswatch.vhd
  PL192_VC/global/tictalk_asb/vhdl/sys/buswatch_params.vhd
  PL192_VC/global/tictalk_asb/vhdl/sys/decoder.vhd
  PL192_VC/global/tictalk_asb/vhdl/sys/decoder_mindec.vhd
  PL192_VC/global/tictalk_asb/vhdl/sys/rem_pause.vhd
  PL192_VC/global/tictalk_asb/vhdl/sys/res_cntl.vhd
  PL192_VC/global/tictalk_asb/vhdl/sys/tic.vhd
  PL192_VC/vic_pl192/
  PL192_VC/vic_pl192/integration/
  PL192_VC/vic_pl192/integration/makefile
  PL192_VC/vic_pl192/integration/vhdl/
  PL192_VC/vic_pl192/integration/vhdl/chip/
  PL192_VC/vic_pl192/integration/vhdl/chip/EASY.vhd
  PL192_VC/vic_pl192/integration/vhdl/chip/makefile
  PL192_VC/vic_pl192/integration/vhdl/chip/RPS.vhd
  PL192_VC/vic_pl192/integration/vhdl/common/
  PL192_VC/vic_pl192/integration/vhdl/common/makefile
  PL192_VC/vic_pl192/integration/vhdl/makefile
  PL192_VC/vic_pl192/integration/vhdl/sys/
  PL192_VC/vic_pl192/integration/vhdl/sys/makefile
  PL192_VC/vic_pl192/integration/vhdl/tbench/
  PL192_VC/vic_pl192/integration/vhdl/tbench/makefile
  PL192_VC/vic_pl192/integration/vhdl/tbench/README
  PL192_VC/vic_pl192/integration/vhdl/tbench/tbench.vhd
  PL192_VC/vic_pl192/integration/vhdl/ticbox/
  PL192_VC/vic_pl192/integration/vhdl/ticbox/makefile
  PL192_VC/vic_pl192/integration/vhdl/trickbox/
  PL192_VC/vic_pl192/integration/vhdl/trickbox/makefile
  PL192_VC/vic_pl192/integration/vhdl/trickbox/VicTrick.vhd
  PL192_VC/vic_pl192/integration/vhdl/Vic_rtl/
  PL192_VC/vic_pl192/integration/vhdl/Vic_rtl/Vic_rtl_modelsim.log
  PL192_VC/vic_pl192/integration/vhdl/Vic_scaninsert_vhdl_net_max/
  PL192_VC/vic_pl192/integration/vhdl/Vic_scaninsert_vhdl_net_max/Vic_scaninsert_vhdl_vhdl_net_max_modelsim.log

PL192-SW-02001-r0p0-00rel0 :

  PL192_SW/apPL192/
  PL192_SW/apPL192/appl192.h
  PL192_SW/apPL192/pl192.c
  PL192_SW/apPL192/pl192.h
  PL192_SW/apPL192/pl192dispatch.s
  PL192_SW/apPL192/pl192tst.c
  PL192_SW/apPL192/pl192wrappers.s
  PL192_SW/apPL192/tstpl192.s

PL192-VE-01010-r0p0-00rel0 :

  PL192_VC/global/
  PL192_VC/global/bustalk_ahb/
  PL192_VC/global/bustalk_ahb/bustest/
  PL192_VC/global/bustalk_ahb/bustest/addargs_script
  PL192_VC/global/bustalk_ahb/bustest/bif2sim.awk
  PL192_VC/global/bustalk_ahb/bustest/busheader.h
  PL192_VC/global/bustalk_ahb/bustest/busmacros.c
  PL192_VC/global/bustalk_ahb/bustest/busmacros.h
  PL192_VC/global/bustalk_ahb/bustest/BusTalkMakefile.mk
  PL192_VC/global/bustalk_ahb/bustest/config.h
  PL192_VC/global/bustalk_ahb/bustest/include.h
  PL192_VC/global/bustalk_ahb/bustest/tif2bif
  PL192_VC/global/bustalk_ahb/bustest/tif2sim.awk
  PL192_VC/global/bustalk_apb/
  PL192_VC/global/bustalk_apb/bustest/
  PL192_VC/global/bustalk_apb/bustest/addargs_script
  PL192_VC/global/bustalk_apb/bustest/bif2sim.awk
  PL192_VC/global/bustalk_apb/bustest/busheader.h
  PL192_VC/global/bustalk_apb/bustest/busmacros.c
  PL192_VC/global/bustalk_apb/bustest/busmacros.h
  PL192_VC/global/bustalk_apb/bustest/BusTalkMakefile.mk
  PL192_VC/global/bustalk_apb/bustest/config.h
  PL192_VC/global/bustalk_apb/bustest/include.h
  PL192_VC/global/bustalk_apb/bustest/tif2bif
  PL192_VC/global/bustalk_apb/bustest/tif2sim.awk
  PL192_VC/vic_pl192/
  PL192_VC/vic_pl192/verification/
  PL192_VC/vic_pl192/verification/bustest/
  PL192_VC/vic_pl192/verification/bustest/AllIntTest.c
  PL192_VC/vic_pl192/verification/bustest/ClockOffTest.c
  PL192_VC/vic_pl192/verification/bustest/EightAllIntTests.c
  PL192_VC/vic_pl192/verification/bustest/ErrorRespTests.c
  PL192_VC/vic_pl192/verification/bustest/IntRoutines.c
  PL192_VC/vic_pl192/verification/bustest/makefile
  PL192_VC/vic_pl192/verification/bustest/PriConsistency.c
  PL192_VC/vic_pl192/verification/bustest/ProtectionTests.c
  PL192_VC/vic_pl192/verification/bustest/ProtModeIntTests.c
  PL192_VC/vic_pl192/verification/bustest/RandomTest.c
  PL192_VC/vic_pl192/verification/bustest/README
  PL192_VC/vic_pl192/verification/bustest/RegisterTests.c
  PL192_VC/vic_pl192/verification/bustest/ResetTests.c
  PL192_VC/vic_pl192/verification/bustest/Stack16Test.c
  PL192_VC/vic_pl192/verification/bustest/TransferTests.c
  PL192_VC/vic_pl192/verification/bustest/TwoFourIntTests.c
  PL192_VC/vic_pl192/verification/bustest/UserOneIntTests0.c
  PL192_VC/vic_pl192/verification/bustest/UserOneIntTests1.c
  PL192_VC/vic_pl192/verification/bustest/UserOneIntTests2.c
  PL192_VC/vic_pl192/verification/bustest/UserOneIntTests3.c
  PL192_VC/vic_pl192/verification/bustest/UserOneIntTests4.c
  PL192_VC/vic_pl192/verification/bustest/UserOneIntTests5.c
  PL192_VC/vic_pl192/verification/bustest/UserOneIntTests6.c
  PL192_VC/vic_pl192/verification/bustest/UserOneIntTests7.c
  PL192_VC/vic_pl192/verification/bustest/Vic.c
  PL192_VC/vic_pl192/verification/bustest/Vic.h
  PL192_VC/vic_pl192/verification/bustest/VicCommon.c
  PL192_VC/vic_pl192/verification/bustest/VicEnAllIntTest.c
  PL192_VC/vic_pl192/verification/bustest/VicEnDaisyPriTest.c
  PL192_VC/vic_pl192/verification/bustest/VicEnEightAllIntTests.c
  PL192_VC/vic_pl192/verification/bustest/VicEnStack16Test.c
  PL192_VC/vic_pl192/verification/bustest/VicEnTwoFourIntTests.c
  PL192_VC/vic_pl192/verification/bustest/VicEnUserOneIntTests0.c
  PL192_VC/vic_pl192/verification/bustest/VicEnUserOneIntTests1.c
  PL192_VC/vic_pl192/verification/bustest/VicEnUserOneIntTests2.c
  PL192_VC/vic_pl192/verification/bustest/VicEnUserOneIntTests3.c
  PL192_VC/vic_pl192/verification/bustest/VicEnUserOneIntTests4.c
  PL192_VC/vic_pl192/verification/bustest/VicEnUserOneIntTests5.c
  PL192_VC/vic_pl192/verification/bustest/VicEnUserOneIntTests6.c
  PL192_VC/vic_pl192/verification/bustest/VicEnUserOneIntTests7.c
  PL192_VC/vic_pl192/verification/bustest/VicIntServ.c
  PL192_VC/vic_pl192/verification/bustest/VicSyncEnTest.c
  PL192_VC/vic_pl192/verification/makefile

PL192-VE-01012-r0p0-00rel0 :

  PL192_VC/global/
  PL192_VC/global/bustalk_ahb/
  PL192_VC/global/bustalk_ahb/bustest/
  PL192_VC/global/bustalk_ahb/bustest/addargs_script
  PL192_VC/global/bustalk_ahb/bustest/bif2sim.awk
  PL192_VC/global/bustalk_ahb/bustest/busheader.h
  PL192_VC/global/bustalk_ahb/bustest/busmacros.c
  PL192_VC/global/bustalk_ahb/bustest/busmacros.h
  PL192_VC/global/bustalk_ahb/bustest/BusTalkMakefile.mk
  PL192_VC/global/bustalk_ahb/bustest/config.h
  PL192_VC/global/bustalk_ahb/bustest/include.h
  PL192_VC/global/bustalk_ahb/bustest/tif2bif
  PL192_VC/global/bustalk_ahb/bustest/tif2sim.awk
  PL192_VC/global/bustalk_apb/
  PL192_VC/global/bustalk_apb/bustest/
  PL192_VC/global/bustalk_apb/bustest/addargs_script
  PL192_VC/global/bustalk_apb/bustest/bif2sim.awk
  PL192_VC/global/bustalk_apb/bustest/busheader.h
  PL192_VC/global/bustalk_apb/bustest/busmacros.c
  PL192_VC/global/bustalk_apb/bustest/busmacros.h
  PL192_VC/global/bustalk_apb/bustest/BusTalkMakefile.mk
  PL192_VC/global/bustalk_apb/bustest/config.h
  PL192_VC/global/bustalk_apb/bustest/include.h
  PL192_VC/global/bustalk_apb/bustest/tif2bif
  PL192_VC/global/bustalk_apb/bustest/tif2sim.awk
  PL192_VC/vic_pl192/
  PL192_VC/vic_pl192/integration/
  PL192_VC/vic_pl192/integration/bustest/
  PL192_VC/vic_pl192/integration/bustest/IntegrationTest.c
  PL192_VC/vic_pl192/integration/bustest/makefile
  PL192_VC/vic_pl192/integration/bustest/README
  PL192_VC/vic_pl192/integration/bustest/RegAccessTests.c
  PL192_VC/vic_pl192/integration/bustest/Vic.c
  PL192_VC/vic_pl192/integration/bustest/Vic.h
  PL192_VC/vic_pl192/integration/bustest/VicCommon.c
  PL192_VC/vic_pl192/integration/makefile

