Warning: In design 'RemapPause', port 'SCANENABLE' is not connected to any nets. (LINT-28)
Warning: In design 'RemapPause', port 'SCANINPCLK' is not connected to any nets. (LINT-28)
Warning: In design 'RemapPause', port 'SCANOUTPCLK' is not connected to any nets. (LINT-28)
Warning: In design 'RemapPause', a pin on submodule 'u0RevAnd' is connected to logic 1 or logic 0. (LINT-32)
   Pin 'TieOff1' is connected to logic 0. 
   Pin 'TieOff2' is connected to logic 0. 
Warning: In design 'RemapPause', the same net is connected to more than one pin on submodule 'u0RevAnd'. (LINT-33)
   Net 'PERIPHERALID_31' is connected to pins 'TieOff1', 'TieOff2'. 
Warning: In design 'RemapPause', a pin on submodule 'u1RevAnd' is connected to logic 1 or logic 0. (LINT-32)
   Pin 'TieOff1' is connected to logic 0. 
   Pin 'TieOff2' is connected to logic 0. 
Warning: In design 'RemapPause', the same net is connected to more than one pin on submodule 'u1RevAnd'. (LINT-33)
   Net 'PERIPHERALID_31' is connected to pins 'TieOff1', 'TieOff2'. 
Warning: In design 'RemapPause', a pin on submodule 'u2RevAnd' is connected to logic 1 or logic 0. (LINT-32)
   Pin 'TieOff1' is connected to logic 0. 
   Pin 'TieOff2' is connected to logic 0. 
Warning: In design 'RemapPause', the same net is connected to more than one pin on submodule 'u2RevAnd'. (LINT-33)
   Net 'PERIPHERALID_31' is connected to pins 'TieOff1', 'TieOff2'. 
Warning: In design 'RemapPause', a pin on submodule 'u3RevAnd' is connected to logic 1 or logic 0. (LINT-32)
   Pin 'TieOff1' is connected to logic 0. 
   Pin 'TieOff2' is connected to logic 0. 
Warning: In design 'RemapPause', the same net is connected to more than one pin on submodule 'u3RevAnd'. (LINT-33)
   Net 'PERIPHERALID_31' is connected to pins 'TieOff1', 'TieOff2'. 
************
check_timing
************

Warning: Design 'RemapPause' contains unmapped cells.
	Use report_cell to list unmapped cells in the design. (OPT-309)

***********
report_cell
***********

Error: Could not read the following target libraries:
cb18os120_generic_max.db 
 (UIO-3)
 
****************************************
Report : cell
Design : RemapPause
Version: V-2003.12-SP1
Date   : Fri Jun 18 13:25:30 2004
****************************************

Attributes:
    b - black box (unknown)
    c - control logic
    d - dont_touch
    h - hierarchical
    n - noncombinational
    r - removable
    s - synthetic operator
    u - contains unmapped logic

Cell                      Reference       Library             Area  Attributes
--------------------------------------------------------------------------------
Pause_reg                 **SEQGEN**                      0.000000  n, u
ResetStatus_reg_0         **SEQGEN**                      0.000000  n, u
ResetStatus_reg_1         **SEQGEN**                      0.000000  n, u
ResetStatus_reg_2         **SEQGEN**                      0.000000  n, u
ResetStatus_reg_3         **SEQGEN**                      0.000000  n, u
ResetStatus_reg_4         **SEQGEN**                      0.000000  n, u
ResetStatus_reg_5         **SEQGEN**                      0.000000  n, u
ResetStatus_reg_6         **SEQGEN**                      0.000000  n, u
ResetStatus_reg_7         **SEQGEN**                      0.000000  n, u
S_0                       GTECH_AND2      gtech           0.000000  u
S_1                       GTECH_NOT       gtech           0.000000  u
S_2                       GTECH_AND2      gtech           0.000000  u
S_3                       GTECH_NOT       gtech           0.000000  u
S_4                       GTECH_NOT       gtech           0.000000  u
S_5                       GTECH_NOT       gtech           0.000000  u
S_6                       GTECH_AND2      gtech           0.000000  u
S_7                       GTECH_AND2      gtech           0.000000  u
S_8                       GTECH_AND2      gtech           0.000000  u
S_9                       GTECH_NOT       gtech           0.000000  u
S_10                      GTECH_NOT       gtech           0.000000  u
S_11                      GTECH_AND2      gtech           0.000000  u
S_12                      GTECH_AND2      gtech           0.000000  u
S_13                      GTECH_AND2      gtech           0.000000  u
S_14                      GTECH_OR2       gtech           0.000000  u
S_15                      GTECH_AND2      gtech           0.000000  u
S_16                      GTECH_BUF       gtech           0.000000  c, u
S_17                      GTECH_NOT       gtech           0.000000  c, u
S_18                      *SELECT_OP_2.1_2.1_1            0.000000  s, u
S_20                      GTECH_NOT       gtech           0.000000  u
S_21                      GTECH_NOT       gtech           0.000000  u
S_22                      GTECH_NOT       gtech           0.000000  u
S_23                      GTECH_NOT       gtech           0.000000  u
S_24                      GTECH_NOT       gtech           0.000000  u
S_25                      GTECH_NOT       gtech           0.000000  u
S_26                      GTECH_NOT       gtech           0.000000  u
S_27                      GTECH_NOT       gtech           0.000000  u
S_28                      GTECH_AND2      gtech           0.000000  u
S_29                      GTECH_AND2      gtech           0.000000  u
S_30                      GTECH_AND2      gtech           0.000000  u
S_31                      GTECH_AND2      gtech           0.000000  u
S_32                      GTECH_AND2      gtech           0.000000  u
S_33                      GTECH_AND2      gtech           0.000000  u
S_34                      GTECH_AND2      gtech           0.000000  u
S_35                      GTECH_AND2      gtech           0.000000  u
S_36                      GTECH_OR2       gtech           0.000000  u
S_37                      GTECH_OR2       gtech           0.000000  u
S_38                      GTECH_OR2       gtech           0.000000  u
S_39                      GTECH_OR2       gtech           0.000000  u
S_40                      GTECH_OR2       gtech           0.000000  u
S_41                      GTECH_OR2       gtech           0.000000  u
S_42                      GTECH_OR2       gtech           0.000000  u
S_43                      GTECH_BUF       gtech           0.000000  c, u
S_44                      GTECH_NOT       gtech           0.000000  c, u
S_46                      *SELECT_OP_2.8_2.1_8            0.000000  s, u
S_47                      GTECH_AND2      gtech           0.000000  u
S_48                      GTECH_NOT       gtech           0.000000  u
S_49                      GTECH_AND2      gtech           0.000000  u
S_50                      GTECH_NOT       gtech           0.000000  u
S_51                      GTECH_NOT       gtech           0.000000  u
S_52                      GTECH_NOT       gtech           0.000000  u
S_53                      GTECH_NOT       gtech           0.000000  u
S_54                      GTECH_AND2      gtech           0.000000  u
S_55                      GTECH_AND2      gtech           0.000000  u
S_56                      GTECH_AND2      gtech           0.000000  u
S_57                      GTECH_AND2      gtech           0.000000  u
S_58                      GTECH_BUF       gtech           0.000000  c, u
S_59                      GTECH_NOT       gtech           0.000000  c, u
S_60                      *SELECT_OP_2.1_2.1_1            0.000000  s, u
S_62                      GTECH_AND2      gtech           0.000000  u
S_63                      GTECH_AND2      gtech           0.000000  u
S_64                      GTECH_BUF       gtech           0.000000  c, u
S_65                      GTECH_NOT       gtech           0.000000  c, u
S_67                      *SELECT_OP_2.1_2.1_1            0.000000  s, u
S_68                      GTECH_AND2      gtech           0.000000  u
S_69                      GTECH_NOT       gtech           0.000000  u
S_70                      GTECH_AND2      gtech           0.000000  u
S_71                      GTECH_NOT       gtech           0.000000  u
S_72                      GTECH_NOT       gtech           0.000000  u
S_73                      GTECH_NOT       gtech           0.000000  u
S_74                      GTECH_AND2      gtech           0.000000  u
S_75                      GTECH_AND2      gtech           0.000000  u
S_76                      GTECH_AND2      gtech           0.000000  u
S_77                      GTECH_AND2      gtech           0.000000  u
S_78                      GTECH_BUF       gtech           0.000000  c, u
S_79                      GTECH_NOT       gtech           0.000000  c, u
S_80                      *SELECT_OP_2.1_2.1_1            0.000000  s, u
S_82                      GTECH_BUF       gtech           0.000000  c, u
S_83                      GTECH_NOT       gtech           0.000000  c, u
S_85                      *SELECT_OP_2.1_2.1_1            0.000000  s, u
S_86                      GTECH_NOT       gtech           0.000000  u
S_87                      GTECH_AND2      gtech           0.000000  u
S_88                      GTECH_NOT       gtech           0.000000  u
S_89                      GTECH_AND2      gtech           0.000000  u
S_90                      GTECH_NOT       gtech           0.000000  c, u
S_91                      GTECH_AND_NOT   gtech           0.000000  c, u
S_92                      GTECH_AND_NOT   gtech           0.000000  c, u
S_93                      GTECH_AND2      gtech           0.000000  c, u
S_94                      GTECH_AND2      gtech           0.000000  c, u
S_95                      GTECH_AND_NOT   gtech           0.000000  c, u
S_96                      GTECH_AND_NOT   gtech           0.000000  c, u
S_97                      GTECH_AND_NOT   gtech           0.000000  c, u
S_98                      GTECH_AND_NOT   gtech           0.000000  c, u
S_99                      GTECH_AND2      gtech           0.000000  c, u
S_100                     GTECH_AND2      gtech           0.000000  c, u
S_101                     GTECH_AND_NOT   gtech           0.000000  c, u
S_102                     GTECH_AND2      gtech           0.000000  c, u
S_103                     GTECH_AND2      gtech           0.000000  c, u
S_104                     GTECH_AND_NOT   gtech           0.000000  c, u
S_105                     GTECH_AND_NOT   gtech           0.000000  c, u
S_106                     GTECH_AND2      gtech           0.000000  c, u
S_107                     GTECH_AND2      gtech           0.000000  c, u
S_108                     GTECH_AND_NOT   gtech           0.000000  c, u
S_109                     GTECH_AND2      gtech           0.000000  c, u
S_110                     GTECH_AND2      gtech           0.000000  c, u
S_111                     GTECH_MUX2      gtech           0.000000  c, u
S_112                     GTECH_MUX2      gtech           0.000000  c, u
S_113                     GTECH_MUX2      gtech           0.000000  c, u
S_114                     *SELECT_OP_10.8_10.1_8          0.000000  s, u
S_115                     *SELECT_OP_3.8_3.1_8            0.000000  s, u
S_116                     GTECH_BUF       gtech           0.000000  c, u
S_117                     GTECH_NOT       gtech           0.000000  c, u
S_119                     *SELECT_OP_2.8_2.1_8            0.000000  s, u
U15                       GTECH_BUF       gtech           0.000000  c, u
U16                       GTECH_NOT       gtech           0.000000  c, u
U17                       *SELECT_OP_2.8_2.1_8            0.000000  s, u
U18                       *SELECT_OP_2.8_2.1_8            0.000000  s, u
U21                       GTECH_NOT       gtech           0.000000  c, u
U22                       GTECH_AND_NOT   gtech           0.000000  c, u
U23                       GTECH_AND2      gtech           0.000000  c, u
U24                       GTECH_AND_NOT   gtech           0.000000  c, u
U25                       GTECH_AND2      gtech           0.000000  c, u
U26                       GTECH_OR2       gtech           0.000000  c, u
U27                       GTECH_OR_NOT    gtech           0.000000  c, u
U28                       *SELECT_OP_3.8_3.1_8            0.000000  s, u
U29                       *SELECT_OP_2.1_2.1_1            0.000000  s, u
U38                       GTECH_NOT       gtech           0.000000  c, u
U39                       GTECH_BUF       gtech           0.000000  c, u
U52                       GTECH_NOT       gtech           0.000000  c, u
U53                       GTECH_BUF       gtech           0.000000  c, u
U66                       GTECH_NOT       gtech           0.000000  c, u
U67                       GTECH_BUF       gtech           0.000000  c, u
U78                       GTECH_NOT       gtech           0.000000  c, u
U79                       GTECH_BUF       gtech           0.000000  c, u
U84                       GTECH_NOT       gtech           0.000000  u
U85                       GTECH_NOT       gtech           0.000000  u
U86                       GTECH_NOT       gtech           0.000000  u
U87                       GTECH_NOT       gtech           0.000000  u
U88                       GTECH_NOT       gtech           0.000000  u
U89                       GTECH_NOT       gtech           0.000000  u
U90                       GTECH_NOT       gtech           0.000000  u
U91                       GTECH_NOT       gtech           0.000000  u
U92                       GTECH_NOT       gtech           0.000000  u
U93                       GTECH_NOT       gtech           0.000000  u
U94                       GTECH_NOT       gtech           0.000000  u
U95                       GTECH_NOT       gtech           0.000000  u
U96                       GTECH_NOT       gtech           0.000000  u
U97                       GTECH_NOT       gtech           0.000000  u
U98                       GTECH_NOT       gtech           0.000000  u
U99                       GTECH_NOT       gtech           0.000000  u
U100                      GTECH_NOT       gtech           0.000000  u
U101                      GTECH_NOT       gtech           0.000000  u
U102                      *GEN*14                         0.000000  u
U105                      *GEN*16                         0.000000  c, u
U109                      *GEN*18                         0.000000  c, u
U110                      *GEN*19                         0.000000  c, u
iPRDATA_reg_0             **SEQGEN**                      0.000000  n, u
iPRDATA_reg_1             **SEQGEN**                      0.000000  n, u
iPRDATA_reg_2             **SEQGEN**                      0.000000  n, u
iPRDATA_reg_3             **SEQGEN**                      0.000000  n, u
iPRDATA_reg_4             **SEQGEN**                      0.000000  n, u
iPRDATA_reg_5             **SEQGEN**                      0.000000  n, u
iPRDATA_reg_6             **SEQGEN**                      0.000000  n, u
iPRDATA_reg_7             **SEQGEN**                      0.000000  n, u
iRemap_reg                **SEQGEN**                      0.000000  n, u
u0RevAnd                  RevAnd_3_RemapPause             0.000000  d, h, u
u1RevAnd                  RevAnd_2_RemapPause             0.000000  d, h, u
u2RevAnd                  RevAnd_1_RemapPause             0.000000  d, h, u
u3RevAnd                  RevAnd_0_RemapPause             0.000000  d, h, u
--------------------------------------------------------------------------------
Total 178 cells                                           0.000000

****************
report_reference
****************

 
****************************************
Report : reference
Design : RemapPause
Version: V-2003.12-SP1
Date   : Fri Jun 18 13:25:30 2004
****************************************

Attributes:
    b - black box (unknown)
   bo - allows boundary optimization
    d - dont_touch
   mo - map_only
    h - hierarchical
    n - noncombinational
    r - removable
    s - synthetic operator
    u - contains unmapped logic

Reference          Library       Unit Area   Count    Total Area   Attributes
-----------------------------------------------------------------------------
**SEQGEN**                        0.000000      18      0.000000  n, u
*GEN*14                           0.000000       1      0.000000  u
*GEN*16                           0.000000       1      0.000000  u
*GEN*18                           0.000000       1      0.000000  u
*GEN*19                           0.000000       1      0.000000  u
*SELECT_OP_2.1_2.1_1              0.000000       6      0.000000  s, u
*SELECT_OP_2.8_2.1_8              0.000000       4      0.000000  s, u
*SELECT_OP_3.8_3.1_8              0.000000       2      0.000000  s, u
*SELECT_OP_10.8_10.1_8            0.000000       1      0.000000  s, u
GTECH_AND2         gtech          0.000000      45      0.000000  u
GTECH_AND_NOT      gtech          0.000000      12      0.000000  u
GTECH_BUF          gtech          0.000000      12      0.000000  u
GTECH_MUX2         gtech          0.000000       3      0.000000  u
GTECH_NOT          gtech          0.000000      57      0.000000  u
GTECH_OR2          gtech          0.000000       9      0.000000  u
GTECH_OR_NOT       gtech          0.000000       1      0.000000  u
RevAnd_0_RemapPause               0.000000       1      0.000000  d, h, u
RevAnd_1_RemapPause               0.000000       1      0.000000  d, h, u
RevAnd_2_RemapPause               0.000000       1      0.000000  d, h, u
RevAnd_3_RemapPause               0.000000       1      0.000000  d, h, u
-----------------------------------------------------------------------------
Total 20 references                                     0.000000

****************
report_hierarchy
****************

 
****************************************
Report : hierarchy
Design : RemapPause
Version: V-2003.12-SP1
Date   : Fri Jun 18 13:25:31 2004
****************************************

Information: This design contains unmapped logic. (RPT-7)

RemapPause
    GTECH_AND2                  gtech
    GTECH_AND_NOT               gtech
    GTECH_BUF                   gtech
    GTECH_MUX2                  gtech
    GTECH_NOT                   gtech
    GTECH_OR2                   gtech
    GTECH_OR_NOT                gtech
    RevAnd_0_RemapPause
        GTECH_AND2              gtech
    RevAnd_1_RemapPause
        GTECH_AND2              gtech
    RevAnd_2_RemapPause
        GTECH_AND2              gtech
    RevAnd_3_RemapPause
        GTECH_AND2              gtech

***********
report_area
***********

Warning: Can't read link_library file 'cb18os120_generic_max.db'. (UID-3)
Warning: Can't read link_library file 'conditions_1.8v.db'. (UID-3)
Warning: Can't read link_library file 'cb18os120_generic_max.db'. (UID-3)
Warning: Can't read link_library file 'conditions_1.8v.db'. (UID-3)
 
****************************************
Report : area
Design : RemapPause
Version: V-2003.12-SP1
Date   : Fri Jun 18 13:25:31 2004
****************************************

Library(s) Used:

    gtech (File: /edatools/synopsys/2003.12-SP1/libraries/syn/gtech.db)

Number of ports:               32
Number of nets:               240
Number of cells:              178
Number of references:          20

Combinational area:          0.000000
Noncombinational area:       0.000000
Net Interconnect area:      undefined  (No wire load specified)

Total cell area:             0.000000
Total area:                 undefined

Information: This design contains unmapped logic. (RPT-7)

