--------------------------------------------------------------------------------
Release  Trace 
Copyright (c) 1995-2006 Xilinx, Inc.  All rights reserved.

C:\Xilinx\bin\nt\trce.exe -ise D:/ADV/A/adc/adc.ise -intstyle ise -e 3 -l 3 -s
10 -xml ADC0 ADC0.ncd -o ADC0.twr ADC0.pcf -ucf ADC0.ucf

Design file:              adc0.ncd
Physical constraint file: adc0.pcf
Device,speed:             xc4vlx200,-10 (PRODUCTION 1.60 2006-05-03, STEPPING level 1)
Report level:             error report

Environment Variable      Effect 
--------------------      ------ 
NONE                      No environment variables were set
--------------------------------------------------------------------------------

INFO:Timing:2698 - No timing constraints found, doing default enumeration.
INFO:Timing:2752 - To get complete path coverage, use the unconstrained paths 
   option. All paths that are not constrained will be reported in the 
   unconstrained paths section(s) of the report.



Data Sheet report:
-----------------
All values displayed in nanoseconds (ns)

Setup/Hold to clock CLK
------------+------------+------------+------------------+--------+
            |  Setup to  |  Hold to   |                  | Clock  |
Source      | clk (edge) | clk (edge) |Internal Clock(s) | Phase  |
------------+------------+------------+------------------+--------+
ADC_D<0>    |    6.670(R)|   -2.423(R)|CLK_BUFGP         |   0.000|
ADC_D<1>    |    6.699(R)|   -2.448(R)|CLK_BUFGP         |   0.000|
ADC_D<2>    |    6.690(R)|   -2.442(R)|CLK_BUFGP         |   0.000|
ADC_D<3>    |    6.805(R)|   -2.546(R)|CLK_BUFGP         |   0.000|
ADC_D<4>    |    6.513(R)|   -2.276(R)|CLK_BUFGP         |   0.000|
ADC_D<5>    |    6.533(R)|   -2.294(R)|CLK_BUFGP         |   0.000|
ADC_D<6>    |    6.723(R)|   -2.467(R)|CLK_BUFGP         |   0.000|
ADC_D<7>    |    6.752(R)|   -2.493(R)|CLK_BUFGP         |   0.000|
ADC_D<8>    |    6.860(R)|   -2.597(R)|CLK_BUFGP         |   0.000|
ADC_D<9>    |    6.746(R)|   -2.491(R)|CLK_BUFGP         |   0.000|
ADC_D<10>   |    6.701(R)|   -2.446(R)|CLK_BUFGP         |   0.000|
ADC_D<11>   |    6.714(R)|   -2.459(R)|CLK_BUFGP         |   0.000|
nRST        |    3.023(R)|   -0.351(R)|CLK_BUFGP         |   0.000|
------------+------------+------------+------------------+--------+

Clock CLK to Pad
------------+------------+------------------+--------+
            | clk (edge) |                  | Clock  |
Destination |   to PAD   |Internal Clock(s) | Phase  |
------------+------------+------------------+--------+
ADC_CLK     |   16.174(R)|CLK_BUFGP         |   0.000|
ADC_D<0>    |   14.097(R)|CLK_BUFGP         |   0.000|
ADC_D<1>    |   14.107(R)|CLK_BUFGP         |   0.000|
ADC_D<2>    |   13.535(R)|CLK_BUFGP         |   0.000|
ADC_D<3>    |   13.543(R)|CLK_BUFGP         |   0.000|
ADC_D<4>    |   13.919(R)|CLK_BUFGP         |   0.000|
ADC_D<5>    |   13.931(R)|CLK_BUFGP         |   0.000|
ADC_D<6>    |   13.948(R)|CLK_BUFGP         |   0.000|
ADC_D<7>    |   13.964(R)|CLK_BUFGP         |   0.000|
ADC_D<8>    |   13.725(R)|CLK_BUFGP         |   0.000|
ADC_D<9>    |   13.714(R)|CLK_BUFGP         |   0.000|
ADC_D<10>   |   13.944(R)|CLK_BUFGP         |   0.000|
ADC_D<11>   |   13.944(R)|CLK_BUFGP         |   0.000|
ADC_nWR     |   13.398(R)|CLK_BUFGP         |   0.000|
nCONVST     |   13.977(R)|CLK_BUFGP         |   0.000|
nCS         |   12.939(R)|CLK_BUFGP         |   0.000|
nRD         |   13.338(R)|CLK_BUFGP         |   0.000|
------------+------------+------------------+--------+

Clock to Setup on destination clock CLK
---------------+---------+---------+---------+---------+
               | Src:Rise| Src:Fall| Src:Rise| Src:Fall|
Source Clock   |Dest:Rise|Dest:Rise|Dest:Fall|Dest:Fall|
---------------+---------+---------+---------+---------+
CLK            |    3.609|         |         |         |
---------------+---------+---------+---------+---------+


Analysis completed Wed Dec 06 15:00:59 2006
--------------------------------------------------------------------------------

Trace Settings:
-------------------------
Trace Settings 

Peak Memory Usage: 389 MB



