$ START_CHANGES_FILE

$ Synopsys, Inc.
$ Version:  V-2004.06
$ Date:  Wed Mar 14 17:08:09 2007
$ Design:  MMCTop

# Report on the changes made during optimization.

$ END_CHANGES_FILE

$ START_CHANGES_FILE

$ Synopsys, Inc.
$ Version:  V-2004.06
$ Date:  Wed Mar 14 17:08:28 2007
$ Design:  MMCTop

# Report on the changes made during optimization.

$ END_CHANGES_FILE

$ START_CHANGES_FILE

$ Synopsys, Inc.
$ Version:  V-2004.06
$ Date:  Wed Mar 14 17:15:16 2007
$ Design:  MMCTop

# Report on the changes made during optimization.

$ END_CHANGES_FILE

$ START_CHANGES_FILE

$ Synopsys, Inc.
$ Version:  V-2004.06
$ Date:  Wed Mar 14 17:15:42 2007
$ Design:  MMCTop

# Report on the changes made during optimization.

$ END_CHANGES_FILE

$ START_CHANGES_FILE

$ Synopsys, Inc.
$ Version:  V-2004.06
$ Date:  Wed Mar 14 17:27:39 2007
$ Design:  MMCTop

# Report on the changes made during optimization.

$ END_CHANGES_FILE

$ START_CHANGES_FILE

$ Synopsys, Inc.
$ Version:  V-2004.06
$ Date:  Wed Mar 14 17:28:06 2007
$ Design:  MMCTop

# Report on the changes made during optimization.

$ END_CHANGES_FILE

$ START_CHANGES_FILE

$ Synopsys, Inc.
$ Version:  V-2004.06
$ Date:  Wed Mar 14 18:14:00 2007
$ Design:  MMCTop

# Report on the changes made during optimization.

$ END_CHANGES_FILE

$ START_CHANGES_FILE

$ Synopsys, Inc.
$ Version:  V-2004.06
$ Date:  Wed Mar 14 18:14:26 2007
$ Design:  MMCTop

# Report on the changes made during optimization.

$ END_CHANGES_FILE

$ START_CHANGES_FILE

$ Synopsys, Inc.
$ Version:  V-2004.06
$ Date:  Wed Mar 14 18:22:18 2007
$ Design:  MMCTop

# Report on the changes made during optimization.

$ END_CHANGES_FILE

$ START_CHANGES_FILE

$ Synopsys, Inc.
$ Version:  V-2004.06
$ Date:  Wed Mar 14 18:22:46 2007
$ Design:  MMCTop

# Report on the changes made during optimization.

$ END_CHANGES_FILE

$ START_CHANGES_FILE

$ Synopsys, Inc.
$ Version:  V-2004.06
$ Date:  Wed Mar 14 18:33:05 2007
$ Design:  MMCTop

# Report on the changes made during optimization.

$ END_CHANGES_FILE

$ START_CHANGES_FILE

$ Synopsys, Inc.
$ Version:  V-2004.06
$ Date:  Wed Mar 14 18:33:32 2007
$ Design:  MMCTop

# Report on the changes made during optimization.

$ END_CHANGES_FILE

$ START_CHANGES_FILE

$ Synopsys, Inc.
$ Version:  V-2004.06
$ Date:  Wed Mar 14 18:43:54 2007
$ Design:  MMCTop

# Report on the changes made during optimization.

$ END_CHANGES_FILE

$ START_CHANGES_FILE

$ Synopsys, Inc.
$ Version:  V-2004.06
$ Date:  Wed Mar 14 18:44:21 2007
$ Design:  MMCTop

# Report on the changes made during optimization.

$ END_CHANGES_FILE

$ START_CHANGES_FILE

$ Synopsys, Inc.
$ Version:  V-2004.06
$ Date:  Thu Mar 15 08:35:27 2007
$ Design:  MMCTop

# Report on the changes made during optimization.

$ END_CHANGES_FILE

$ START_CHANGES_FILE

$ Synopsys, Inc.
$ Version:  V-2004.06
$ Date:  Thu Mar 15 08:35:54 2007
$ Design:  MMCTop

# Report on the changes made during optimization.

$ END_CHANGES_FILE

$ START_CHANGES_FILE

$ Synopsys, Inc.
$ Version:  V-2004.06
$ Date:  Tue Mar 27 15:16:03 2007
$ Design:  MMCTop

# Report on the changes made during optimization.

$ END_CHANGES_FILE

$ START_CHANGES_FILE

$ Synopsys, Inc.
$ Version:  V-2004.06
$ Date:  Tue Mar 27 15:16:30 2007
$ Design:  MMCTop

# Report on the changes made during optimization.

$ END_CHANGES_FILE

$ START_CHANGES_FILE

$ Synopsys, Inc.
$ Version:  V-2004.06
$ Date:  Tue Mar 27 15:22:13 2007
$ Design:  MMCTop

# Report on the changes made during optimization.

$ END_CHANGES_FILE

$ START_CHANGES_FILE

$ Synopsys, Inc.
$ Version:  V-2004.06
$ Date:  Tue Mar 27 15:22:40 2007
$ Design:  MMCTop

# Report on the changes made during optimization.

$ END_CHANGES_FILE

$ START_CHANGES_FILE

$ Synopsys, Inc.
$ Version:  V-2004.06
$ Date:  Tue Mar 27 15:50:35 2007
$ Design:  MMCTop

# Report on the changes made during optimization.

$ END_CHANGES_FILE

$ START_CHANGES_FILE

$ Synopsys, Inc.
$ Version:  V-2004.06
$ Date:  Tue Mar 27 15:51:03 2007
$ Design:  MMCTop

# Report on the changes made during optimization.

$ END_CHANGES_FILE

$ START_CHANGES_FILE

$ Synopsys, Inc.
$ Version:  V-2004.06
$ Date:  Tue Mar 27 15:58:41 2007
$ Design:  MMCTop

# Report on the changes made during optimization.

$ END_CHANGES_FILE

$ START_CHANGES_FILE

$ Synopsys, Inc.
$ Version:  V-2004.06
$ Date:  Tue Mar 27 15:59:09 2007
$ Design:  MMCTop

# Report on the changes made during optimization.

$ END_CHANGES_FILE

$ START_CHANGES_FILE

$ Synopsys, Inc.
$ Version:  V-2004.06
$ Date:  Tue Mar 27 17:01:45 2007
$ Design:  MMCTop

# Report on the changes made during optimization.

$ END_CHANGES_FILE

$ START_CHANGES_FILE

$ Synopsys, Inc.
$ Version:  V-2004.06
$ Date:  Tue Mar 27 17:02:12 2007
$ Design:  MMCTop

# Report on the changes made during optimization.

$ END_CHANGES_FILE

$ START_CHANGES_FILE

$ Synopsys, Inc.
$ Version:  V-2004.06
$ Date:  Tue Apr 24 19:35:34 2007
$ Design:  MMCTop

# Report on the changes made during optimization.

$ END_CHANGES_FILE

$ START_CHANGES_FILE

$ Synopsys, Inc.
$ Version:  V-2004.06
$ Date:  Tue Apr 24 19:37:42 2007
$ Design:  MMCTop

# Report on the changes made during optimization.

$ END_CHANGES_FILE

$ START_CHANGES_FILE

$ Synopsys, Inc.
$ Version:  V-2004.06
$ Date:  Tue Apr 24 19:38:30 2007
$ Design:  MMCTop

# Report on the changes made during optimization.

$ END_CHANGES_FILE

$ START_CHANGES_FILE

$ Synopsys, Inc.
$ Version:  V-2004.06
$ Date:  Wed Apr 25 09:37:44 2007
$ Design:  MMCTop

# Report on the changes made during optimization.

$ END_CHANGES_FILE

$ START_CHANGES_FILE

$ Synopsys, Inc.
$ Version:  V-2004.06
$ Date:  Wed Apr 25 09:38:49 2007
$ Design:  MMCTop

# Report on the changes made during optimization.

$ END_CHANGES_FILE

$ START_CHANGES_FILE

$ Synopsys, Inc.
$ Version:  V-2004.06
$ Date:  Wed Apr 25 09:53:08 2007
$ Design:  MMCTop

# Report on the changes made during optimization.

$ END_CHANGES_FILE

$ START_CHANGES_FILE

$ Synopsys, Inc.
$ Version:  V-2004.06
$ Date:  Wed Apr 25 09:54:13 2007
$ Design:  MMCTop

# Report on the changes made during optimization.

$ END_CHANGES_FILE

$ START_CHANGES_FILE

$ Synopsys, Inc.
$ Version:  V-2004.06
$ Date:  Tue May  8 16:29:18 2007
$ Design:  MMCTop

# Report on the changes made during optimization.

$ END_CHANGES_FILE

$ START_CHANGES_FILE

$ Synopsys, Inc.
$ Version:  V-2004.06
$ Date:  Tue May  8 16:29:41 2007
$ Design:  MMCTop

# Report on the changes made during optimization.

$ END_CHANGES_FILE

$ START_CHANGES_FILE

$ Synopsys, Inc.
$ Version:  V-2004.06
$ Date:  Tue May  8 17:04:52 2007
$ Design:  MMCTop

# Report on the changes made during optimization.

$ END_CHANGES_FILE

$ START_CHANGES_FILE

$ Synopsys, Inc.
$ Version:  V-2004.06
$ Date:  Tue May  8 17:05:14 2007
$ Design:  MMCTop

# Report on the changes made during optimization.

$ END_CHANGES_FILE

$ START_CHANGES_FILE

$ Synopsys, Inc.
$ Version:  V-2004.06
$ Date:  Tue May  8 22:13:30 2007
$ Design:  MMCTop

# Report on the changes made during optimization.

$ END_CHANGES_FILE

$ START_CHANGES_FILE

$ Synopsys, Inc.
$ Version:  V-2004.06
$ Date:  Tue May  8 22:13:58 2007
$ Design:  MMCTop

# Report on the changes made during optimization.

$ END_CHANGES_FILE

$ START_CHANGES_FILE

$ Synopsys, Inc.
$ Version:  V-2004.06
$ Date:  Wed May  9 09:35:59 2007
$ Design:  MMCTop

# Report on the changes made during optimization.

$ END_CHANGES_FILE

$ START_CHANGES_FILE

$ Synopsys, Inc.
$ Version:  V-2004.06
$ Date:  Wed May  9 09:36:23 2007
$ Design:  MMCTop

# Report on the changes made during optimization.

$ END_CHANGES_FILE

$ START_CHANGES_FILE

$ Synopsys, Inc.
$ Version:  V-2004.06
$ Date:  Wed May  9 09:40:06 2007
$ Design:  MMCTop

# Report on the changes made during optimization.

$ END_CHANGES_FILE

$ START_CHANGES_FILE

$ Synopsys, Inc.
$ Version:  V-2004.06
$ Date:  Wed May  9 09:40:29 2007
$ Design:  MMCTop

# Report on the changes made during optimization.

$ END_CHANGES_FILE

