a global/ 0K
a global/bustalk_apb/ 0K
a global/bustalk_apb/bustest/ 0K
a global/bustalk_apb/bustest/tif2bif 2K
a global/bustalk_apb/bustest/config.h 2K
a global/bustalk_apb/bustest/bif2sim.awk 4K
a global/bustalk_apb/bustest/BusTalkMakefile.mk 4K
a global/bustalk_apb/bustest/busmacros.c 6K
a global/bustalk_apb/bustest/include.h 2K
a global/bustalk_apb/bustest/tif2sim.awk 2K
a global/bustalk_apb/bustest/busheader.h 2K
a global/bustalk_apb/bustest/busmacros.h 3K
a global/bustalk_apb/bustest/addargs_script 4K
a global/bustalk_ahb/ 0K
a global/bustalk_ahb/bustest/ 0K
a global/bustalk_ahb/bustest/tif2bif 2K
a global/bustalk_ahb/bustest/config.h 2K
a global/bustalk_ahb/bustest/BusTalkMakefile.mk 4K
a global/bustalk_ahb/bustest/include.h 2K
a global/bustalk_ahb/bustest/bif2sim.awk 4K
a global/bustalk_ahb/bustest/busmacros.c 33K
a global/bustalk_ahb/bustest/busheader.h 3K
a global/bustalk_ahb/bustest/busmacros.h 3K
a global/bustalk_ahb/bustest/tif2sim.awk 2K
a global/bustalk_ahb/bustest/addargs_script 7K
a uart_pl011/ 0K
a uart_pl011/integration/ 0K
a uart_pl011/integration/bustest/ 0K
a uart_pl011/integration/bustest/invec/ 0K
a uart_pl011/integration/bustest/Uart.h 15K
a uart_pl011/integration/bustest/makefile 2K
a uart_pl011/integration/bustest/busmacros.c 6K
a uart_pl011/integration/bustest/README 2K
a uart_pl011/integration/bustest/Uart.c 4K
a uart_pl011/integration/bustest/Uart_Integ.c 12K
a uart_pl011/integration/bustest/UartCommon.c 2K
a uart_pl011/integration/makefile 2K
