--------------------------------------------------------------------------------
Release 9.1i Trace 
Copyright (c) 1995-2007 Xilinx, Inc.  All rights reserved.

C:\Xilinx9\bin\nt\trce.exe -ise
D:/ETRI_UWB/ADK_PCI_BOARD/xlinix_synplify/PCI_FPGA.ise -intstyle ise -e 3 -s 10
-xml PCI_FPGA PCI_FPGA.ncd -o PCI_FPGA.twr PCI_FPGA.pcf -ucf PCI_FPGA.ucf

Design file:              pci_fpga.ncd
Physical constraint file: pci_fpga.pcf
Device,package,speed:     xc4vlx60,ff668,-10 (PRODUCTION 1.63 2006-11-06, STEPPING level 1)
Report level:             error report

Environment Variable      Effect 
--------------------      ------ 
NONE                      No environment variables were set
--------------------------------------------------------------------------------

INFO:Timing:2752 - To get complete path coverage, use the unconstrained paths 
   option. All paths that are not constrained will be reported in the 
   unconstrained paths section(s) of the report.
INFO:Timing:3339 - The clock-to-out numbers in this timing report are based on 
   a 50 Ohm transmission line loading model.  For the details of this model, 
   and for more information on accounting for different loading conditions, 
   please see the device datasheet.

================================================================================
Timing constraint: TS_Clk = PERIOD TIMEGRP "Clk" 30.303 ns HIGH 50%;

 19346 items analyzed, 0 timing errors detected. (0 setup errors, 0 hold errors)
 Minimum period is  14.284ns.
--------------------------------------------------------------------------------

================================================================================
Timing constraint: TS_comm_block_inst_jtagi_b10_8Kz_rKlrtX = PERIOD TIMEGRP
        "comm_block_inst_jtagi_b10_8Kz_rKlrtX" 30.303 ns 
HIGH 50%;

 0 items analyzed, 0 timing errors detected.
--------------------------------------------------------------------------------

================================================================================
Timing constraint: TS_comm_block_inst_jtagi_b7_oSD_3vW = PERIOD TIMEGRP
        "comm_block_inst_jtagi_b7_oSD_3vW" 30.303 ns HIGH 
50%;

 5 items analyzed, 0 timing errors detected. (0 setup errors, 0 hold errors)
 Minimum period is   1.621ns.
--------------------------------------------------------------------------------

================================================================================
Timing constraint: TS_comm_block_inst_jtagi_b9_nv_oQwfYF_c = PERIOD TIMEGRP
        "comm_block_inst_jtagi_b9_nv_oQwfYF_c" 30.303 ns 
HIGH 50%;

 0 items analyzed, 0 timing errors detected.
--------------------------------------------------------------------------------

================================================================================
Timing constraint: TS_comm_block_inst_jtagi_identify_clk_tmp = PERIOD TIMEGRP
        "comm_block_inst_jtagi_identify_clk_tmp" 
30.303 ns HIGH 50%;

 6350 items analyzed, 0 timing errors detected. (0 setup errors, 0 hold errors)
 Minimum period is  14.654ns.
--------------------------------------------------------------------------------


All constraints were met.


Data Sheet report:
-----------------
All values displayed in nanoseconds (ns)

Clock to Setup on destination clock Clk
---------------+---------+---------+---------+---------+
               | Src:Rise| Src:Fall| Src:Rise| Src:Fall|
Source Clock   |Dest:Rise|Dest:Rise|Dest:Fall|Dest:Fall|
---------------+---------+---------+---------+---------+
Clk            |   14.284|         |         |         |
---------------+---------+---------+---------+---------+


Timing summary:
---------------

Timing errors: 0  Score: 0

Constraints cover 25701 paths, 0 nets, and 9878 connections

Design statistics:
   Minimum period:  14.654ns   (Maximum frequency:  68.241MHz)


Analysis completed Tue Aug 07 15:36:13 2007
--------------------------------------------------------------------------------

Trace Settings:
-------------------------
Trace Settings 

Peak Memory Usage: 332 MB



