Number of Timing Constraints that were not applied: 1

Asterisk (*) preceding a constraint indicates it was not met.
   This may be due to a setup or hold violation.

------------------------------------------------------------------------------------------------------
  Constraint                                |  Check  | Worst Case |  Best Case | Timing |   Timing   
                                            |         |    Slack   | Achievable | Errors |    Score   
------------------------------------------------------------------------------------------------------
* TS_comm_block_inst_jtagi_identify_clk_tmp | SETUP   |    -4.315ns|    10.619ns|     138|       97996
   = PERIOD TIMEGRP         "comm_block_ins | HOLD    |     0.496ns|            |       0|           0
  t_jtagi_identify_clk_tmp" 6.304 ns HIGH 5 |         |            |            |        |            
  0%                                        |         |            |            |        |            
------------------------------------------------------------------------------------------------------
* TS_Clk = PERIOD TIMEGRP "Clk" 4.411 ns HI | SETUP   |    -3.585ns|     7.996ns|    1125|     1199596
  GH 50%                                    | HOLD    |     0.336ns|            |       0|           0
------------------------------------------------------------------------------------------------------
  TS_comm_block_inst_jtagi_b7_oSD_3vW = PER | SETUP   |     1.222ns|     1.341ns|       0|           0
  IOD TIMEGRP         "comm_block_inst_jtag | HOLD    |     0.530ns|            |       0|           0
  i_b7_oSD_3vW" 2.563 ns HIGH 50%           |         |            |            |        |            
------------------------------------------------------------------------------------------------------
  TS_comm_block_inst_jtagi_b9_nv_oQwfYF_c = | SETUP   |     1.576ns|     1.183ns|       0|           0
   PERIOD TIMEGRP         "comm_block_inst_ | HOLD    |     0.749ns|            |       0|           0
  jtagi_b9_nv_oQwfYF_c" 2.759 ns HIGH 50%   |         |            |            |        |            
------------------------------------------------------------------------------------------------------
  TS_comm_block_inst_jtagi_b10_8Kz_rKlrtX = | N/A     |         N/A|         N/A|     N/A|         N/A
   PERIOD TIMEGRP         "comm_block_inst_ |         |            |            |        |            
  jtagi_b10_8Kz_rKlrtX" 3.651 ns HIGH 50%   |         |            |            |        |            
------------------------------------------------------------------------------------------------------


2 constraints not met.
INFO:Timing:2761 - N/A entries in the Constraints list may indicate that the 
   constraint does not cover any paths or that it has no requested value.


