a global/ 0K
a global/bustalk_apb/ 0K
a global/bustalk_apb/verilog/ 0K
a global/bustalk_apb/verilog/bid/ 0K
a global/bustalk_apb/verilog/bid/data_driver.v 8K
a global/bustalk_apb/verilog/bid/reset_driver.v 5K
a global/bustalk_apb/verilog/bid/addrctl_driver.v 2K
a global/bustalk_apb/verilog/bid/penable_driver.v 2K
a global/bustalk_apb/verilog/bid/buscyc_drivers.v 12K
a global/bustalk_apb/verilog/bid/busline_drivers.v 5K
a global/bustalk_apb/verilog/buswatcher/ 0K
a global/bustalk_apb/verilog/buswatcher/buswatch.v 5K
a global/bustalk_apb/verilog/common/ 0K
a global/bustalk_apb/verilog/common/defs.v 3K
a global/bustalk_apb/verilog/common/countdown.v 2K
a global/bustalk_apb/verilog/common/clockgen.v 2K
a global/bustalk_apb/verilog/reader/ 0K
a global/bustalk_apb/verilog/reader/reader.v 30K
a global/bustalk_apb/verilog/reader/command_reader.v 7K
a global/bustalk_apb/verilog/vr/ 0K
a global/bustalk_apb/verilog/vr/reg.v 3K
a global/bustalk_apb/verilog/vr/linedrv.v 5K
a global/bustalk_apb/verilog/vr/vio_driver.v 8K
a global/bustalk_apb/verilog/vr/viregcyc_drivers.v 5K
a global/bustalk_ahb/ 0K
a global/bustalk_ahb/verilog/ 0K
a global/bustalk_ahb/verilog/bid/ 0K
a global/bustalk_ahb/verilog/bid/split.v 8K
a global/bustalk_ahb/verilog/bid/reset_driver.v 8K
a global/bustalk_ahb/verilog/bid/cyc_drivers.v 87K
a global/bustalk_ahb/verilog/buswatcher/ 0K
a global/bustalk_ahb/verilog/buswatcher/buswatch.v 15K
a global/bustalk_ahb/verilog/common/ 0K
a global/bustalk_ahb/verilog/common/defs.v 3K
a global/bustalk_ahb/verilog/common/funcs.v 6K
a global/bustalk_ahb/verilog/common/countdown.v 3K
a global/bustalk_ahb/verilog/common/funcsmaster.v 10K
a global/bustalk_ahb/verilog/common/clockgen.v 3K
a global/bustalk_ahb/verilog/common/configmaster.v 2K
a global/bustalk_ahb/verilog/reader/ 0K
a global/bustalk_ahb/verilog/reader/reader.v 43K
a global/bustalk_ahb/verilog/reader/command_reader.v 12K
a global/bustalk_ahb/verilog/vr/ 0K
a global/bustalk_ahb/verilog/vr/Reg.v 4K
a global/bustalk_ahb/verilog/vr/VIODriver.v 9K
a global/bustalk_ahb/verilog/vr/VRCycDrivers.v 6K
a global/bustalk_ahb/verilog/vr/linedrv.v 7K
a global/LDV/ 0K
a global/LDV/DirMakefile.mk 2K
a global/LDV/SimMakefile.mk 3K
a global/LDV/vxl_tictalk_ahb.files 2K
a global/LDV/RtlMakefile.mk 1K
a global/LDV/vxl_tictalk_asb.files 2K
a global/LDV/vxl_bustalk_apb.files 2K
a global/LDV/vxl_bustalk_ahb.files 2K
a global/LDV/DirSimMakefile.mk 3K
a global/modelsim/ 0K
a global/modelsim/libmap 2K
a global/modelsim/init.do 1K
a global/modelsim/SimMakefile.mk 6K
a global/modelsim/modelsim.ini 3K
a global/modelsim/DirMakefile.mk 2K
a global/modelsim/modelsim_tictalk.ini 3K
a global/modelsim/DirSimMakefile.mk 3K
a global/modelsim/modelsim_bustalk.ini 3K
a global/modelsim/RtlMakefile.mk 3K
a uart_pl011/ 0K
a uart_pl011/verification/ 0K
a uart_pl011/verification/makefile 2K
a uart_pl011/verification/verilog/ 0K
a uart_pl011/verification/verilog/bid/ 0K
a uart_pl011/verification/verilog/bid/makefile 2K
a uart_pl011/verification/verilog/buswatcher/ 0K
a uart_pl011/verification/verilog/buswatcher/makefile 2K
a uart_pl011/verification/verilog/common/ 0K
a uart_pl011/verification/verilog/common/makefile 2K
a uart_pl011/verification/verilog/reader/ 0K
a uart_pl011/verification/verilog/reader/makefile 2K
a uart_pl011/verification/verilog/tbench/ 0K
a uart_pl011/verification/verilog/tbench/makefile 2K
a uart_pl011/verification/verilog/tbench/timing.v 3K
a uart_pl011/verification/verilog/tbench/tbench.v 10K
a uart_pl011/verification/verilog/tbench/apbmux.v 5K
a uart_pl011/verification/verilog/tbench/apbslave_tb.v 8K
a uart_pl011/verification/verilog/tbench/README 4K
a uart_pl011/verification/verilog/trickbox/ 0K
a uart_pl011/verification/verilog/trickbox/makefile 2K
a uart_pl011/verification/verilog/trickbox/UartTrRegBlock.v 20K
a uart_pl011/verification/verilog/trickbox/UartTrRXRegFile.v 10K
a uart_pl011/verification/verilog/trickbox/UartTrBaud.v 9K
a uart_pl011/verification/verilog/trickbox/UartTrRXFIFO.v 7K
a uart_pl011/verification/verilog/trickbox/UartTrRX.v 13K
a uart_pl011/verification/verilog/trickbox/UartTrRXFCntl.v 17K
a uart_pl011/verification/verilog/trickbox/UartTrDMA.v 7K
a uart_pl011/verification/verilog/trickbox/UartTrIrdaTX.v 22K
a uart_pl011/verification/verilog/trickbox/UartTrTXRegFile.v 9K
a uart_pl011/verification/verilog/trickbox/UartTrApbif.v 28K
a uart_pl011/verification/verilog/trickbox/UartTrIntLB.v 5K
a uart_pl011/verification/verilog/trickbox/UartTrick.v 27K
a uart_pl011/verification/verilog/trickbox/UartTrIrdaRX.v 13K
a uart_pl011/verification/verilog/trickbox/UartTrTXFCntl.v 23K
a uart_pl011/verification/verilog/trickbox/UartTrClk.v 8K
a uart_pl011/verification/verilog/trickbox/UartTrTX.v 15K
a uart_pl011/verification/verilog/trickbox/UartTrTXFIFO.v 7K
a uart_pl011/verification/verilog/vr/ 0K
a uart_pl011/verification/verilog/vr/makefile 2K
a uart_pl011/verification/verilog/Uart_rtl/ 0K
a uart_pl011/verification/verilog/Uart_rtl/Uart_rtl_LDV.log 18K
a uart_pl011/verification/verilog/Uart_rtl/Uart_rtl_modelsim.log 16K
a uart_pl011/verification/verilog/Uart_rtl/vnavigator.summary 3K
a uart_pl011/verification/verilog/Uart_noscan_verilog_net_min/ 0K
a uart_pl011/verification/verilog/Uart_noscan_vhdl_net_min/ 0K
a uart_pl011/verification/verilog/Uart_noscan_vhdl_net_min/Uart_noscan_vhdl_net_min_modelsim.log 26K
a uart_pl011/verification/verilog/Uart_scaninsert_vhdl_net_max/ 0K
a uart_pl011/verification/verilog/Uart_scanready_verilog_net_typ/ 0K
a uart_pl011/verification/verilog/Uart_scanready_verilog_net_typ/Uart_scanready_verilog_net_typ_LDV.log 19K
a uart_pl011/verification/verilog/makefile 2K
