--------------------------------------------------------------------------------
Release  Trace 
Copyright (c) 1995-2006 Xilinx, Inc.  All rights reserved.

C:\Xilinx\bin\nt\trce.exe -ise
D:/SH_HDL_SOURCE/PROJECT_FOLDER/P_FPGA_TO_FPGA/u60/u60.ise -intstyle ise -e 3
-l 3 -s 10 -xml U60 U60.ncd -o U60.twr U60.pcf -ucf U60.ucf

Design file:              u60.ncd
Physical constraint file: u60.pcf
Device,speed:             xc4vlx200,-10 (PRODUCTION 1.60 2006-05-03, STEPPING level 1)
Report level:             error report

Environment Variable      Effect 
--------------------      ------ 
NONE                      No environment variables were set
--------------------------------------------------------------------------------

INFO:Timing:2698 - No timing constraints found, doing default enumeration.
INFO:Timing:2752 - To get complete path coverage, use the unconstrained paths 
   option. All paths that are not constrained will be reported in the 
   unconstrained paths section(s) of the report.



Data Sheet report:
-----------------
All values displayed in nanoseconds (ns)

Setup/Hold to clock CLK
-------------+------------+------------+------------------+--------+
             |  Setup to  |  Hold to   |                  | Clock  |
Source       | clk (edge) | clk (edge) |Internal Clock(s) | Phase  |
-------------+------------+------------+------------------+--------+
FPGA_CON<0>  |    1.579(R)|    0.464(R)|CLK_BUFGP         |   0.000|
FPGA_CON<1>  |    1.190(R)|    0.823(R)|CLK_BUFGP         |   0.000|
FPGA_CON<2>  |    1.474(R)|    0.556(R)|CLK_BUFGP         |   0.000|
FPGA_CON<3>  |    1.163(R)|    0.857(R)|CLK_BUFGP         |   0.000|
FPGA_CON<4>  |    0.861(R)|    1.138(R)|CLK_BUFGP         |   0.000|
FPGA_CON<5>  |    1.392(R)|    0.649(R)|CLK_BUFGP         |   0.000|
FPGA_CON<6>  |    1.540(R)|    0.516(R)|CLK_BUFGP         |   0.000|
FPGA_CON<7>  |    0.841(R)|    1.160(R)|CLK_BUFGP         |   0.000|
FPGA_CON<8>  |    0.991(R)|    1.010(R)|CLK_BUFGP         |   0.000|
FPGA_CON<9>  |    1.019(R)|    0.993(R)|CLK_BUFGP         |   0.000|
FPGA_CON<10> |    0.536(R)|    1.439(R)|CLK_BUFGP         |   0.000|
FPGA_CON<11> |    0.352(R)|    1.610(R)|CLK_BUFGP         |   0.000|
FPGA_CON<12> |    1.657(R)|    0.410(R)|CLK_BUFGP         |   0.000|
FPGA_CON<13> |    0.621(R)|    1.364(R)|CLK_BUFGP         |   0.000|
FPGA_CON<14> |    1.038(R)|    0.957(R)|CLK_BUFGP         |   0.000|
FPGA_CON<15> |    1.331(R)|    0.690(R)|CLK_BUFGP         |   0.000|
FPGA_CON<16> |    0.682(R)|    1.286(R)|CLK_BUFGP         |   0.000|
FPGA_CON<17> |    0.305(R)|    1.630(R)|CLK_BUFGP         |   0.000|
FPGA_CON<18> |    0.960(R)|    1.031(R)|CLK_BUFGP         |   0.000|
FPGA_CON<19> |    1.075(R)|    0.925(R)|CLK_BUFGP         |   0.000|
FPGA_CON<20> |    0.553(R)|    1.404(R)|CLK_BUFGP         |   0.000|
FPGA_CON<21> |    0.540(R)|    1.417(R)|CLK_BUFGP         |   0.000|
FPGA_CON<22> |    0.639(R)|    1.324(R)|CLK_BUFGP         |   0.000|
FPGA_CON<23> |    0.695(R)|    1.274(R)|CLK_BUFGP         |   0.000|
FPGA_CON<24> |    0.112(R)|    1.811(R)|CLK_BUFGP         |   0.000|
FPGA_CON<25> |    0.724(R)|    1.248(R)|CLK_BUFGP         |   0.000|
FPGA_CON<26> |    0.333(R)|    1.607(R)|CLK_BUFGP         |   0.000|
FPGA_CON<27> |    0.438(R)|    1.507(R)|CLK_BUFGP         |   0.000|
FPGA_CON<28> |    0.640(R)|    1.321(R)|CLK_BUFGP         |   0.000|
FPGA_CON<29> |    0.739(R)|    1.230(R)|CLK_BUFGP         |   0.000|
FPGA_CON<30> |    0.615(R)|    1.349(R)|CLK_BUFGP         |   0.000|
FPGA_CON<31> |    0.622(R)|    1.345(R)|CLK_BUFGP         |   0.000|
FPGA_CON<32> |    0.902(R)|    1.095(R)|CLK_BUFGP         |   0.000|
FPGA_CON<33> |    0.981(R)|    1.019(R)|CLK_BUFGP         |   0.000|
FPGA_CON<34> |    0.700(R)|    1.272(R)|CLK_BUFGP         |   0.000|
FPGA_CON<35> |    0.905(R)|    1.083(R)|CLK_BUFGP         |   0.000|
FPGA_CON<36> |    0.610(R)|    1.358(R)|CLK_BUFGP         |   0.000|
FPGA_CON<37> |    1.028(R)|    0.971(R)|CLK_BUFGP         |   0.000|
FPGA_CON<38> |    0.803(R)|    1.181(R)|CLK_BUFGP         |   0.000|
FPGA_CON<39> |    0.637(R)|    1.336(R)|CLK_BUFGP         |   0.000|
FPGA_CON<40> |    0.621(R)|    1.350(R)|CLK_BUFGP         |   0.000|
FPGA_CON<41> |    0.633(R)|    1.337(R)|CLK_BUFGP         |   0.000|
FPGA_CON<42> |    0.902(R)|    1.092(R)|CLK_BUFGP         |   0.000|
FPGA_CON<43> |    0.711(R)|    1.278(R)|CLK_BUFGP         |   0.000|
FPGA_CON<44> |    0.897(R)|    1.108(R)|CLK_BUFGP         |   0.000|
FPGA_CON<45> |    0.142(R)|    1.803(R)|CLK_BUFGP         |   0.000|
FPGA_CON<46> |    0.435(R)|    1.529(R)|CLK_BUFGP         |   0.000|
FPGA_CON<47> |    0.418(R)|    1.535(R)|CLK_BUFGP         |   0.000|
FPGA_CON<48> |   -0.102(R)|    2.014(R)|CLK_BUFGP         |   0.000|
FPGA_CON<49> |    0.155(R)|    1.777(R)|CLK_BUFGP         |   0.000|
FPGA_CON<50> |    0.195(R)|    1.745(R)|CLK_BUFGP         |   0.000|
FPGA_CON<51> |   -0.636(R)|    2.529(R)|CLK_BUFGP         |   0.000|
FPGA_CON<52> |   -0.683(R)|    2.571(R)|CLK_BUFGP         |   0.000|
FPGA_CON<53> |   -0.408(R)|    2.320(R)|CLK_BUFGP         |   0.000|
FPGA_CON<54> |   -0.821(R)|    2.697(R)|CLK_BUFGP         |   0.000|
FPGA_CON<55> |   -0.899(R)|    2.769(R)|CLK_BUFGP         |   0.000|
FPGA_CON<56> |   -1.045(R)|    2.905(R)|CLK_BUFGP         |   0.000|
FPGA_CON<57> |   -0.552(R)|    2.451(R)|CLK_BUFGP         |   0.000|
FPGA_CON<58> |   -1.002(R)|    2.866(R)|CLK_BUFGP         |   0.000|
FPGA_CON<59> |   -1.263(R)|    3.106(R)|CLK_BUFGP         |   0.000|
FPGA_CON<60> |   -0.716(R)|    2.606(R)|CLK_BUFGP         |   0.000|
FPGA_CON<61> |   -0.765(R)|    2.650(R)|CLK_BUFGP         |   0.000|
FPGA_CON<62> |   -0.846(R)|    2.713(R)|CLK_BUFGP         |   0.000|
FPGA_CON<63> |   -0.462(R)|    2.358(R)|CLK_BUFGP         |   0.000|
FPGA_CON<64> |   -0.751(R)|    2.616(R)|CLK_BUFGP         |   0.000|
FPGA_CON<65> |    0.447(R)|    1.507(R)|CLK_BUFGP         |   0.000|
FPGA_CON<66> |   -0.300(R)|    2.199(R)|CLK_BUFGP         |   0.000|
FPGA_CON<67> |    0.637(R)|    1.331(R)|CLK_BUFGP         |   0.000|
FPGA_CON<68> |    1.125(R)|    0.883(R)|CLK_BUFGP         |   0.000|
FPGA_CON<69> |   -0.200(R)|    2.103(R)|CLK_BUFGP         |   0.000|
FPGA_CON<70> |    0.628(R)|    1.342(R)|CLK_BUFGP         |   0.000|
FPGA_CON<71> |    0.312(R)|    1.630(R)|CLK_BUFGP         |   0.000|
FPGA_CON<72> |    0.139(R)|    1.792(R)|CLK_BUFGP         |   0.000|
FPGA_CON<73> |    0.197(R)|    1.740(R)|CLK_BUFGP         |   0.000|
FPGA_CON<74> |    0.189(R)|    1.746(R)|CLK_BUFGP         |   0.000|
FPGA_CON<75> |    0.149(R)|    1.779(R)|CLK_BUFGP         |   0.000|
FPGA_CON<76> |    0.143(R)|    1.789(R)|CLK_BUFGP         |   0.000|
FPGA_CON<77> |   -0.299(R)|    2.206(R)|CLK_BUFGP         |   0.000|
FPGA_CON<78> |    0.210(R)|    1.726(R)|CLK_BUFGP         |   0.000|
FPGA_CON<79> |    0.159(R)|    1.776(R)|CLK_BUFGP         |   0.000|
FPGA_CON<80> |    0.112(R)|    1.816(R)|CLK_BUFGP         |   0.000|
FPGA_CON<81> |    0.087(R)|    1.837(R)|CLK_BUFGP         |   0.000|
FPGA_CON<82> |   -0.462(R)|    2.356(R)|CLK_BUFGP         |   0.000|
FPGA_CON<83> |   -0.118(R)|    2.042(R)|CLK_BUFGP         |   0.000|
FPGA_CON<84> |   -0.109(R)|    2.035(R)|CLK_BUFGP         |   0.000|
FPGA_CON<85> |   -0.359(R)|    2.265(R)|CLK_BUFGP         |   0.000|
FPGA_CON<86> |   -0.151(R)|    2.086(R)|CLK_BUFGP         |   0.000|
FPGA_CON<87> |   -0.627(R)|    2.520(R)|CLK_BUFGP         |   0.000|
FPGA_CON<88> |   -0.156(R)|    2.086(R)|CLK_BUFGP         |   0.000|
FPGA_CON<89> |   -0.676(R)|    2.563(R)|CLK_BUFGP         |   0.000|
FPGA_CON<90> |   -0.756(R)|    2.641(R)|CLK_BUFGP         |   0.000|
FPGA_CON<91> |    0.219(R)|    1.746(R)|CLK_BUFGP         |   0.000|
FPGA_CON<92> |   -0.785(R)|    2.654(R)|CLK_BUFGP         |   0.000|
FPGA_CON<93> |   -0.237(R)|    2.148(R)|CLK_BUFGP         |   0.000|
FPGA_CON<94> |   -0.306(R)|    2.213(R)|CLK_BUFGP         |   0.000|
FPGA_CON<95> |   -1.216(R)|    3.052(R)|CLK_BUFGP         |   0.000|
FPGA_CON<96> |   -1.321(R)|    3.155(R)|CLK_BUFGP         |   0.000|
FPGA_CON<97> |   -1.103(R)|    2.957(R)|CLK_BUFGP         |   0.000|
FPGA_CON<98> |   -0.116(R)|    2.047(R)|CLK_BUFGP         |   0.000|
FPGA_CON<99> |   -1.268(R)|    3.108(R)|CLK_BUFGP         |   0.000|
FPGA_CON<100>|   -0.998(R)|    2.860(R)|CLK_BUFGP         |   0.000|
FPGA_CON<101>|   -0.711(R)|    2.592(R)|CLK_BUFGP         |   0.000|
FPGA_CON<102>|   -0.961(R)|    2.827(R)|CLK_BUFGP         |   0.000|
FPGA_CON<103>|   -1.147(R)|    2.998(R)|CLK_BUFGP         |   0.000|
FPGA_CON<104>|   -0.410(R)|    2.324(R)|CLK_BUFGP         |   0.000|
FPGA_CON<105>|    0.161(R)|    1.787(R)|CLK_BUFGP         |   0.000|
FPGA_CON<106>|   -1.097(R)|    2.943(R)|CLK_BUFGP         |   0.000|
FPGA_CON<107>|   -1.062(R)|    2.911(R)|CLK_BUFGP         |   0.000|
FPGA_CON<108>|   -0.698(R)|    2.578(R)|CLK_BUFGP         |   0.000|
FPGA_CON<109>|   -0.182(R)|    2.101(R)|CLK_BUFGP         |   0.000|
FPGA_CON<110>|   -0.855(R)|    2.730(R)|CLK_BUFGP         |   0.000|
FPGA_CON<111>|   -1.017(R)|    2.877(R)|CLK_BUFGP         |   0.000|
FPGA_CON<112>|   -0.844(R)|    2.715(R)|CLK_BUFGP         |   0.000|
FPGA_CON<113>|   -1.176(R)|    3.022(R)|CLK_BUFGP         |   0.000|
FPGA_CON<114>|   -0.808(R)|    2.671(R)|CLK_BUFGP         |   0.000|
FPGA_CON<115>|   -1.172(R)|    3.002(R)|CLK_BUFGP         |   0.000|
FPGA_CON<116>|   -1.161(R)|    3.013(R)|CLK_BUFGP         |   0.000|
FPGA_CON<117>|   -1.317(R)|    3.154(R)|CLK_BUFGP         |   0.000|
FPGA_CON<118>|   -1.825(R)|    3.623(R)|CLK_BUFGP         |   0.000|
FPGA_CON<119>|   -1.483(R)|    3.305(R)|CLK_BUFGP         |   0.000|
FPGA_CON<120>|   -0.688(R)|    2.565(R)|CLK_BUFGP         |   0.000|
FPGA_CON<121>|   -0.864(R)|    2.726(R)|CLK_BUFGP         |   0.000|
FPGA_CON<122>|   -1.241(R)|    3.075(R)|CLK_BUFGP         |   0.000|
FPGA_CON<123>|   -1.039(R)|    2.886(R)|CLK_BUFGP         |   0.000|
FPGA_CON<124>|   -1.265(R)|    3.093(R)|CLK_BUFGP         |   0.000|
FPGA_CON<125>|   -1.141(R)|    2.976(R)|CLK_BUFGP         |   0.000|
FPGA_CON<126>|   -1.282(R)|    3.107(R)|CLK_BUFGP         |   0.000|
FPGA_CON<127>|   -1.032(R)|    2.876(R)|CLK_BUFGP         |   0.000|
FPGA_CON<128>|   -0.810(R)|    2.692(R)|CLK_BUFGP         |   0.000|
FPGA_CON<129>|   -1.000(R)|    2.869(R)|CLK_BUFGP         |   0.000|
FPGA_CON<130>|   -0.923(R)|    2.794(R)|CLK_BUFGP         |   0.000|
FPGA_CON<131>|   -0.728(R)|    2.615(R)|CLK_BUFGP         |   0.000|
FPGA_CON<132>|   -0.967(R)|    2.837(R)|CLK_BUFGP         |   0.000|
FPGA_CON<133>|   -0.865(R)|    2.746(R)|CLK_BUFGP         |   0.000|
FPGA_CON<134>|   -0.851(R)|    2.730(R)|CLK_BUFGP         |   0.000|
FPGA_CON<135>|   -0.596(R)|    2.489(R)|CLK_BUFGP         |   0.000|
FPGA_CON<136>|   -0.869(R)|    2.749(R)|CLK_BUFGP         |   0.000|
FPGA_CON<137>|   -1.612(R)|    3.435(R)|CLK_BUFGP         |   0.000|
FPGA_CON<138>|   -1.366(R)|    3.210(R)|CLK_BUFGP         |   0.000|
FPGA_CON<139>|   -1.693(R)|    3.513(R)|CLK_BUFGP         |   0.000|
FPGA_CON<140>|   -1.124(R)|    2.988(R)|CLK_BUFGP         |   0.000|
FPGA_CON<141>|   -1.316(R)|    3.149(R)|CLK_BUFGP         |   0.000|
FPGA_CON<142>|   -1.365(R)|    3.195(R)|CLK_BUFGP         |   0.000|
FPGA_CON<143>|   -1.356(R)|    3.189(R)|CLK_BUFGP         |   0.000|
FPGA_CON<144>|   -1.132(R)|    2.983(R)|CLK_BUFGP         |   0.000|
FPGA_CON<145>|   -1.533(R)|    3.351(R)|CLK_BUFGP         |   0.000|
FPGA_CON<146>|   -1.237(R)|    3.078(R)|CLK_BUFGP         |   0.000|
FPGA_CON<147>|   -1.374(R)|    3.206(R)|CLK_BUFGP         |   0.000|
FPGA_CON<148>|   -0.944(R)|    2.820(R)|CLK_BUFGP         |   0.000|
FPGA_CON<149>|   -1.562(R)|    3.387(R)|CLK_BUFGP         |   0.000|
FPGA_CON<150>|   -1.123(R)|    2.981(R)|CLK_BUFGP         |   0.000|
FPGA_CON<151>|   -1.221(R)|    3.059(R)|CLK_BUFGP         |   0.000|
FPGA_CON<152>|   -1.868(R)|    3.653(R)|CLK_BUFGP         |   0.000|
FPGA_CON<153>|   -1.839(R)|    3.630(R)|CLK_BUFGP         |   0.000|
FPGA_CON<154>|   -1.385(R)|    3.216(R)|CLK_BUFGP         |   0.000|
FPGA_CON<155>|   -1.654(R)|    3.470(R)|CLK_BUFGP         |   0.000|
FPGA_CON<156>|   -1.827(R)|    3.628(R)|CLK_BUFGP         |   0.000|
FPGA_CON<157>|   -2.083(R)|    3.866(R)|CLK_BUFGP         |   0.000|
FPGA_CON<158>|   -1.332(R)|    3.170(R)|CLK_BUFGP         |   0.000|
FPGA_CON<159>|   -1.614(R)|    3.430(R)|CLK_BUFGP         |   0.000|
FPGA_CON<160>|   -2.165(R)|    3.939(R)|CLK_BUFGP         |   0.000|
FPGA_CON<161>|   -1.941(R)|    3.721(R)|CLK_BUFGP         |   0.000|
FPGA_CON<162>|   -1.982(R)|    3.762(R)|CLK_BUFGP         |   0.000|
FPGA_CON<163>|   -1.459(R)|    3.271(R)|CLK_BUFGP         |   0.000|
FPGA_CON<164>|   -1.887(R)|    3.668(R)|CLK_BUFGP         |   0.000|
FPGA_CON<165>|   -1.533(R)|    3.338(R)|CLK_BUFGP         |   0.000|
FPGA_CON<166>|   -1.811(R)|    3.597(R)|CLK_BUFGP         |   0.000|
FPGA_CON<167>|   -1.649(R)|    3.448(R)|CLK_BUFGP         |   0.000|
FPGA_CON<168>|   -1.868(R)|    3.646(R)|CLK_BUFGP         |   0.000|
FPGA_CON<169>|   -1.999(R)|    3.769(R)|CLK_BUFGP         |   0.000|
FPGA_CON<170>|   -1.906(R)|    3.680(R)|CLK_BUFGP         |   0.000|
FPGA_CON<171>|   -2.417(R)|    4.152(R)|CLK_BUFGP         |   0.000|
FPGA_CON<172>|   -2.217(R)|    3.966(R)|CLK_BUFGP         |   0.000|
FPGA_CON<173>|   -2.005(R)|    3.774(R)|CLK_BUFGP         |   0.000|
FPGA_CON<174>|   -2.379(R)|    4.120(R)|CLK_BUFGP         |   0.000|
FPGA_CON<175>|   -2.060(R)|    3.843(R)|CLK_BUFGP         |   0.000|
FPGA_CON<176>|   -2.140(R)|    3.909(R)|CLK_BUFGP         |   0.000|
FPGA_CON<177>|   -1.675(R)|    3.484(R)|CLK_BUFGP         |   0.000|
FPGA_CON<178>|   -2.183(R)|    3.961(R)|CLK_BUFGP         |   0.000|
FPGA_CON<179>|   -2.075(R)|    3.845(R)|CLK_BUFGP         |   0.000|
FPGA_CON<180>|   -2.228(R)|    3.996(R)|CLK_BUFGP         |   0.000|
FPGA_CON<181>|   -1.838(R)|    3.622(R)|CLK_BUFGP         |   0.000|
FPGA_CON<182>|   -2.137(R)|    3.903(R)|CLK_BUFGP         |   0.000|
FPGA_CON<183>|   -2.076(R)|    3.866(R)|CLK_BUFGP         |   0.000|
FPGA_CON<184>|   -2.124(R)|    3.909(R)|CLK_BUFGP         |   0.000|
FPGA_CON<185>|   -2.461(R)|    4.195(R)|CLK_BUFGP         |   0.000|
FPGA_CON<186>|   -2.764(R)|    4.488(R)|CLK_BUFGP         |   0.000|
FPGA_CON<187>|   -2.344(R)|    4.098(R)|CLK_BUFGP         |   0.000|
FPGA_CON<188>|   -2.432(R)|    4.190(R)|CLK_BUFGP         |   0.000|
FPGA_CON<189>|   -2.567(R)|    4.317(R)|CLK_BUFGP         |   0.000|
FPGA_CON<190>|   -2.565(R)|    4.318(R)|CLK_BUFGP         |   0.000|
FPGA_CON<191>|   -2.671(R)|    4.413(R)|CLK_BUFGP         |   0.000|
FPGA_CON<192>|   -2.143(R)|    3.922(R)|CLK_BUFGP         |   0.000|
FPGA_CON<193>|   -2.375(R)|    4.132(R)|CLK_BUFGP         |   0.000|
FPGA_CON<194>|   -2.080(R)|    3.889(R)|CLK_BUFGP         |   0.000|
FPGA_CON<195>|   -2.404(R)|    4.188(R)|CLK_BUFGP         |   0.000|
FPGA_CON<196>|   -2.377(R)|    4.163(R)|CLK_BUFGP         |   0.000|
FPGA_CON<197>|   -2.210(R)|    3.997(R)|CLK_BUFGP         |   0.000|
FPGA_CON<198>|   -2.013(R)|    3.830(R)|CLK_BUFGP         |   0.000|
FPGA_CON<199>|   -2.507(R)|    4.284(R)|CLK_BUFGP         |   0.000|
FPGA_CON<200>|   -2.113(R)|    3.911(R)|CLK_BUFGP         |   0.000|
FPGA_CON<201>|   -2.140(R)|    3.948(R)|CLK_BUFGP         |   0.000|
FPGA_CON<202>|   -2.439(R)|    4.219(R)|CLK_BUFGP         |   0.000|
FPGA_CON<203>|   -2.209(R)|    4.006(R)|CLK_BUFGP         |   0.000|
FPGA_CON<204>|   -2.259(R)|    4.056(R)|CLK_BUFGP         |   0.000|
FPGA_CON<205>|   -2.188(R)|    3.970(R)|CLK_BUFGP         |   0.000|
FPGA_CON<206>|   -2.364(R)|    4.132(R)|CLK_BUFGP         |   0.000|
FPGA_CON<207>|   -2.204(R)|    3.984(R)|CLK_BUFGP         |   0.000|
FPGA_CON<208>|   -2.065(R)|    3.852(R)|CLK_BUFGP         |   0.000|
FPGA_CON<209>|   -2.164(R)|    3.946(R)|CLK_BUFGP         |   0.000|
FPGA_CON<210>|   -2.441(R)|    4.235(R)|CLK_BUFGP         |   0.000|
FPGA_CON<211>|   -2.339(R)|    4.141(R)|CLK_BUFGP         |   0.000|
FPGA_CON<212>|   -3.001(R)|    4.717(R)|CLK_BUFGP         |   0.000|
FPGA_CON<213>|   -2.622(R)|    4.367(R)|CLK_BUFGP         |   0.000|
FPGA_CON<214>|   -2.785(R)|    4.518(R)|CLK_BUFGP         |   0.000|
FPGA_CON<215>|   -2.569(R)|    4.321(R)|CLK_BUFGP         |   0.000|
FPGA_CON<216>|   -2.764(R)|    4.499(R)|CLK_BUFGP         |   0.000|
FPGA_CON<217>|   -2.756(R)|    4.495(R)|CLK_BUFGP         |   0.000|
FPGA_CON<218>|   -2.716(R)|    4.457(R)|CLK_BUFGP         |   0.000|
FPGA_CON<219>|   -2.783(R)|    4.521(R)|CLK_BUFGP         |   0.000|
FPGA_CON<220>|   -2.646(R)|    4.394(R)|CLK_BUFGP         |   0.000|
FPGA_CON<221>|   -2.499(R)|    4.253(R)|CLK_BUFGP         |   0.000|
FPGA_CON<222>|   -2.743(R)|    4.475(R)|CLK_BUFGP         |   0.000|
FPGA_CON<223>|   -2.708(R)|    4.445(R)|CLK_BUFGP         |   0.000|
FPGA_CON<224>|   -2.627(R)|    4.375(R)|CLK_BUFGP         |   0.000|
FPGA_CON<225>|   -2.670(R)|    4.413(R)|CLK_BUFGP         |   0.000|
FPGA_CON<226>|   -2.554(R)|    4.310(R)|CLK_BUFGP         |   0.000|
FPGA_CON<227>|   -2.468(R)|    4.226(R)|CLK_BUFGP         |   0.000|
FPGA_CON<228>|   -2.638(R)|    4.381(R)|CLK_BUFGP         |   0.000|
FPGA_CON<229>|   -2.593(R)|    4.341(R)|CLK_BUFGP         |   0.000|
FPGA_CON<230>|   -2.234(R)|    4.014(R)|CLK_BUFGP         |   0.000|
FPGA_CON<231>|   -2.610(R)|    4.357(R)|CLK_BUFGP         |   0.000|
FPGA_CON<232>|   -2.271(R)|    4.046(R)|CLK_BUFGP         |   0.000|
FPGA_CON<233>|   -2.547(R)|    4.301(R)|CLK_BUFGP         |   0.000|
FPGA_CON<234>|   -2.673(R)|    4.422(R)|CLK_BUFGP         |   0.000|
FPGA_CON<235>|   -2.665(R)|    4.412(R)|CLK_BUFGP         |   0.000|
FPGA_CON<236>|   -2.384(R)|    4.152(R)|CLK_BUFGP         |   0.000|
FPGA_CON<237>|   -2.533(R)|    4.287(R)|CLK_BUFGP         |   0.000|
FPGA_CON<238>|   -2.592(R)|    4.340(R)|CLK_BUFGP         |   0.000|
FPGA_CON<239>|   -2.167(R)|    3.951(R)|CLK_BUFGP         |   0.000|
FPGA_CON<240>|   -2.076(R)|    3.868(R)|CLK_BUFGP         |   0.000|
FPGA_CON<241>|   -1.985(R)|    3.784(R)|CLK_BUFGP         |   0.000|
FPGA_CON<242>|   -2.068(R)|    3.857(R)|CLK_BUFGP         |   0.000|
FPGA_CON<243>|   -2.111(R)|    3.894(R)|CLK_BUFGP         |   0.000|
FPGA_CON<244>|   -2.319(R)|    4.090(R)|CLK_BUFGP         |   0.000|
FPGA_CON<245>|   -2.088(R)|    3.876(R)|CLK_BUFGP         |   0.000|
FPGA_CON<246>|   -2.056(R)|    3.847(R)|CLK_BUFGP         |   0.000|
FPGA_CON<247>|   -1.760(R)|    3.580(R)|CLK_BUFGP         |   0.000|
FPGA_CON<248>|   -2.284(R)|    4.064(R)|CLK_BUFGP         |   0.000|
FPGA_CON<249>|   -2.027(R)|    3.823(R)|CLK_BUFGP         |   0.000|
FPGA_CON<250>|   -2.324(R)|    4.116(R)|CLK_BUFGP         |   0.000|
FPGA_CON<251>|   -2.062(R)|    3.876(R)|CLK_BUFGP         |   0.000|
FPGA_CON<252>|   -2.448(R)|    4.230(R)|CLK_BUFGP         |   0.000|
FPGA_CON<253>|   -2.232(R)|    4.030(R)|CLK_BUFGP         |   0.000|
FPGA_CON<254>|   -2.198(R)|    4.001(R)|CLK_BUFGP         |   0.000|
FPGA_CON<255>|   -2.651(R)|    4.416(R)|CLK_BUFGP         |   0.000|
FPGA_CON<256>|   -2.514(R)|    4.290(R)|CLK_BUFGP         |   0.000|
FPGA_CON<257>|   -2.565(R)|    4.348(R)|CLK_BUFGP         |   0.000|
FPGA_CON<258>|   -2.374(R)|    4.171(R)|CLK_BUFGP         |   0.000|
FPGA_CON<259>|   -2.626(R)|    4.388(R)|CLK_BUFGP         |   0.000|
FPGA_CON<260>|   -2.285(R)|    4.094(R)|CLK_BUFGP         |   0.000|
FPGA_CON<261>|   -2.511(R)|    4.284(R)|CLK_BUFGP         |   0.000|
FPGA_CON<262>|   -2.243(R)|    4.053(R)|CLK_BUFGP         |   0.000|
FPGA_CON<263>|   -2.163(R)|    3.976(R)|CLK_BUFGP         |   0.000|
FPGA_CON<264>|   -2.030(R)|    3.858(R)|CLK_BUFGP         |   0.000|
FPGA_CON<265>|   -2.101(R)|    3.908(R)|CLK_BUFGP         |   0.000|
FPGA_CON<266>|   -2.433(R)|    4.228(R)|CLK_BUFGP         |   0.000|
FPGA_CON<267>|   -2.413(R)|    4.196(R)|CLK_BUFGP         |   0.000|
FPGA_CON<268>|   -1.837(R)|    3.667(R)|CLK_BUFGP         |   0.000|
FPGA_CON<269>|   -2.223(R)|    4.034(R)|CLK_BUFGP         |   0.000|
FPGA_CON<270>|   -2.224(R)|    4.021(R)|CLK_BUFGP         |   0.000|
FPGA_CON<271>|   -1.926(R)|    3.763(R)|CLK_BUFGP         |   0.000|
FPGA_CON<272>|   -2.091(R)|    3.916(R)|CLK_BUFGP         |   0.000|
FPGA_CON<273>|   -1.827(R)|    3.669(R)|CLK_BUFGP         |   0.000|
FPGA_CON<274>|   -1.939(R)|    3.772(R)|CLK_BUFGP         |   0.000|
FPGA_CON<275>|   -2.254(R)|    4.047(R)|CLK_BUFGP         |   0.000|
FPGA_CON<276>|   -1.975(R)|    3.791(R)|CLK_BUFGP         |   0.000|
FPGA_CON<277>|   -2.276(R)|    4.068(R)|CLK_BUFGP         |   0.000|
FPGA_CON<278>|   -2.328(R)|    4.121(R)|CLK_BUFGP         |   0.000|
FPGA_CON<279>|   -1.963(R)|    3.795(R)|CLK_BUFGP         |   0.000|
FPGA_CON<280>|   -1.821(R)|    3.663(R)|CLK_BUFGP         |   0.000|
FPGA_CON<281>|   -2.043(R)|    3.864(R)|CLK_BUFGP         |   0.000|
FPGA_CON<282>|   -1.738(R)|    3.591(R)|CLK_BUFGP         |   0.000|
FPGA_CON<283>|   -1.277(R)|    3.164(R)|CLK_BUFGP         |   0.000|
FPGA_CON<284>|   -1.692(R)|    3.532(R)|CLK_BUFGP         |   0.000|
FPGA_CON<285>|   -1.542(R)|    3.374(R)|CLK_BUFGP         |   0.000|
FPGA_CON<286>|   -1.726(R)|    3.528(R)|CLK_BUFGP         |   0.000|
FPGA_CON<287>|   -1.592(R)|    3.411(R)|CLK_BUFGP         |   0.000|
FPGA_CON<288>|   -1.586(R)|    3.447(R)|CLK_BUFGP         |   0.000|
FPGA_CON<289>|   -1.423(R)|    3.269(R)|CLK_BUFGP         |   0.000|
FPGA_CON<290>|   -1.610(R)|    3.459(R)|CLK_BUFGP         |   0.000|
FPGA_CON<291>|   -1.361(R)|    3.227(R)|CLK_BUFGP         |   0.000|
FPGA_CON<292>|   -1.297(R)|    3.170(R)|CLK_BUFGP         |   0.000|
FPGA_CON<293>|   -1.167(R)|    3.030(R)|CLK_BUFGP         |   0.000|
FPGA_CON<294>|   -1.180(R)|    3.047(R)|CLK_BUFGP         |   0.000|
FPGA_CON<295>|   -1.080(R)|    2.950(R)|CLK_BUFGP         |   0.000|
FPGA_CON<296>|   -1.141(R)|    3.002(R)|CLK_BUFGP         |   0.000|
FPGA_CON<297>|   -1.261(R)|    3.112(R)|CLK_BUFGP         |   0.000|
FPGA_CON<298>|   -0.997(R)|    2.872(R)|CLK_BUFGP         |   0.000|
FPGA_CON<299>|   -1.028(R)|    2.920(R)|CLK_BUFGP         |   0.000|
FPGA_CON<300>|   -1.142(R)|    3.024(R)|CLK_BUFGP         |   0.000|
FPGA_CON<301>|   -0.894(R)|    2.767(R)|CLK_BUFGP         |   0.000|
FPGA_CON<302>|   -1.052(R)|    2.927(R)|CLK_BUFGP         |   0.000|
FPGA_CON<303>|   -0.937(R)|    2.811(R)|CLK_BUFGP         |   0.000|
FPGA_CON<304>|   -0.996(R)|    2.862(R)|CLK_BUFGP         |   0.000|
FPGA_CON<305>|   -0.840(R)|    2.717(R)|CLK_BUFGP         |   0.000|
FPGA_CON<306>|   -1.213(R)|    3.053(R)|CLK_BUFGP         |   0.000|
FPGA_CON<307>|   -1.215(R)|    3.056(R)|CLK_BUFGP         |   0.000|
FPGA_CON<308>|   -1.182(R)|    3.033(R)|CLK_BUFGP         |   0.000|
FPGA_CON<309>|   -0.775(R)|    2.660(R)|CLK_BUFGP         |   0.000|
FPGA_CON<310>|   -0.917(R)|    2.780(R)|CLK_BUFGP         |   0.000|
FPGA_CON<311>|   -0.775(R)|    2.651(R)|CLK_BUFGP         |   0.000|
FPGA_CON<312>|   -0.673(R)|    2.555(R)|CLK_BUFGP         |   0.000|
FPGA_CON<313>|   -0.625(R)|    2.513(R)|CLK_BUFGP         |   0.000|
FPGA_CON<314>|   -0.599(R)|    2.487(R)|CLK_BUFGP         |   0.000|
FPGA_CON<315>|   -0.781(R)|    2.658(R)|CLK_BUFGP         |   0.000|
FPGA_CON<316>|   -0.839(R)|    2.716(R)|CLK_BUFGP         |   0.000|
FPGA_CON<317>|   -0.740(R)|    2.621(R)|CLK_BUFGP         |   0.000|
FPGA_CON<318>|   -0.883(R)|    2.752(R)|CLK_BUFGP         |   0.000|
FPGA_CON<319>|   -0.608(R)|    2.495(R)|CLK_BUFGP         |   0.000|
FPGA_CON<320>|   -1.790(R)|    3.635(R)|CLK_BUFGP         |   0.000|
FPGA_CON<321>|   -1.250(R)|    3.132(R)|CLK_BUFGP         |   0.000|
FPGA_CON<322>|   -1.565(R)|    3.425(R)|CLK_BUFGP         |   0.000|
FPGA_CON<323>|   -1.409(R)|    3.278(R)|CLK_BUFGP         |   0.000|
FPGA_CON<324>|   -1.723(R)|    3.572(R)|CLK_BUFGP         |   0.000|
FPGA_CON<325>|   -1.438(R)|    3.308(R)|CLK_BUFGP         |   0.000|
FPGA_CON<326>|   -1.553(R)|    3.415(R)|CLK_BUFGP         |   0.000|
FPGA_CON<327>|   -1.319(R)|    3.202(R)|CLK_BUFGP         |   0.000|
FPGA_CON<328>|   -1.461(R)|    3.330(R)|CLK_BUFGP         |   0.000|
FPGA_CON<329>|   -0.505(R)|    2.447(R)|CLK_BUFGP         |   0.000|
FPGA_CON<330>|   -1.262(R)|    3.142(R)|CLK_BUFGP         |   0.000|
FPGA_CON<331>|   -1.135(R)|    3.026(R)|CLK_BUFGP         |   0.000|
FPGA_CON<332>|   -0.758(R)|    2.679(R)|CLK_BUFGP         |   0.000|
FPGA_CON<333>|   -1.077(R)|    2.971(R)|CLK_BUFGP         |   0.000|
FPGA_CON<334>|   -1.192(R)|    3.082(R)|CLK_BUFGP         |   0.000|
FPGA_CON<335>|   -1.513(R)|    3.377(R)|CLK_BUFGP         |   0.000|
FPGA_CON<336>|   -1.429(R)|    3.305(R)|CLK_BUFGP         |   0.000|
FPGA_CON<337>|   -1.588(R)|    3.448(R)|CLK_BUFGP         |   0.000|
FPGA_CON<338>|   -1.078(R)|    2.977(R)|CLK_BUFGP         |   0.000|
FPGA_CON<339>|   -1.153(R)|    3.047(R)|CLK_BUFGP         |   0.000|
FPGA_CON<340>|   -0.937(R)|    2.832(R)|CLK_BUFGP         |   0.000|
FPGA_CON<341>|   -1.031(R)|    2.938(R)|CLK_BUFGP         |   0.000|
FPGA_CON<342>|   -1.153(R)|    3.049(R)|CLK_BUFGP         |   0.000|
FPGA_CON<343>|   -0.964(R)|    2.879(R)|CLK_BUFGP         |   0.000|
FPGA_CON<344>|   -1.107(R)|    3.002(R)|CLK_BUFGP         |   0.000|
FPGA_CON<345>|   -1.079(R)|    2.960(R)|CLK_BUFGP         |   0.000|
FPGA_CON<346>|   -0.753(R)|    2.678(R)|CLK_BUFGP         |   0.000|
FPGA_CON<347>|   -1.233(R)|    3.124(R)|CLK_BUFGP         |   0.000|
FPGA_CON<348>|   -0.538(R)|    2.485(R)|CLK_BUFGP         |   0.000|
FPGA_CON<349>|   -0.984(R)|    2.897(R)|CLK_BUFGP         |   0.000|
FPGA_CON<350>|   -0.864(R)|    2.782(R)|CLK_BUFGP         |   0.000|
FPGA_CON<351>|   -1.145(R)|    3.042(R)|CLK_BUFGP         |   0.000|
FPGA_CON<352>|   -0.810(R)|    2.712(R)|CLK_BUFGP         |   0.000|
FPGA_CON<353>|   -1.130(R)|    3.008(R)|CLK_BUFGP         |   0.000|
FPGA_CON<354>|   -0.341(R)|    2.284(R)|CLK_BUFGP         |   0.000|
FPGA_CON<355>|   -0.694(R)|    2.611(R)|CLK_BUFGP         |   0.000|
FPGA_CON<356>|   -0.287(R)|    2.238(R)|CLK_BUFGP         |   0.000|
FPGA_CON<357>|    0.017(R)|    1.970(R)|CLK_BUFGP         |   0.000|
FPGA_CON<358>|   -0.621(R)|    2.556(R)|CLK_BUFGP         |   0.000|
FPGA_CON<359>|   -0.105(R)|    2.083(R)|CLK_BUFGP         |   0.000|
FPGA_CON<360>|   -0.178(R)|    2.149(R)|CLK_BUFGP         |   0.000|
FPGA_CON<361>|   -0.707(R)|    2.639(R)|CLK_BUFGP         |   0.000|
FPGA_CON<362>|   -0.736(R)|    2.664(R)|CLK_BUFGP         |   0.000|
FPGA_CON<363>|   -0.733(R)|    2.659(R)|CLK_BUFGP         |   0.000|
FPGA_CON<364>|    0.374(R)|    1.641(R)|CLK_BUFGP         |   0.000|
FPGA_CON<365>|   -0.635(R)|    2.559(R)|CLK_BUFGP         |   0.000|
FPGA_CON<366>|   -0.626(R)|    2.550(R)|CLK_BUFGP         |   0.000|
FPGA_CON<367>|   -0.557(R)|    2.485(R)|CLK_BUFGP         |   0.000|
FPGA_CON<368>|   -0.394(R)|    2.350(R)|CLK_BUFGP         |   0.000|
FPGA_CON<369>|   -0.459(R)|    2.409(R)|CLK_BUFGP         |   0.000|
FPGA_CON<370>|    0.674(R)|    1.365(R)|CLK_BUFGP         |   0.000|
FPGA_CON<371>|    0.096(R)|    1.903(R)|CLK_BUFGP         |   0.000|
FPGA_CON<372>|    0.288(R)|    1.719(R)|CLK_BUFGP         |   0.000|
FPGA_CON<373>|   -0.704(R)|    2.638(R)|CLK_BUFGP         |   0.000|
FPGA_CON<374>|   -0.015(R)|    1.989(R)|CLK_BUFGP         |   0.000|
FPGA_CON<375>|   -0.062(R)|    2.016(R)|CLK_BUFGP         |   0.000|
FPGA_CON<376>|   -0.099(R)|    2.067(R)|CLK_BUFGP         |   0.000|
FPGA_CON<377>|    0.237(R)|    1.728(R)|CLK_BUFGP         |   0.000|
FPGA_CON<378>|    0.249(R)|    1.714(R)|CLK_BUFGP         |   0.000|
FPGA_CON<379>|    0.334(R)|    1.636(R)|CLK_BUFGP         |   0.000|
FPGA_CON<380>|    0.394(R)|    1.580(R)|CLK_BUFGP         |   0.000|
FPGA_CON<381>|    0.270(R)|    1.694(R)|CLK_BUFGP         |   0.000|
FPGA_CON<382>|    0.987(R)|    1.033(R)|CLK_BUFGP         |   0.000|
FPGA_CON<383>|    0.214(R)|    1.731(R)|CLK_BUFGP         |   0.000|
FPGA_CON<384>|    2.831(R)|   -0.731(R)|CLK_BUFGP         |   0.000|
FPGA_CON<385>|    4.008(R)|   -1.813(R)|CLK_BUFGP         |   0.000|
FPGA_CON<386>|    3.611(R)|   -1.449(R)|CLK_BUFGP         |   0.000|
FPGA_CON<387>|    3.169(R)|   -1.043(R)|CLK_BUFGP         |   0.000|
FPGA_CON<388>|    2.836(R)|   -0.736(R)|CLK_BUFGP         |   0.000|
FPGA_CON<389>|    2.408(R)|   -0.342(R)|CLK_BUFGP         |   0.000|
FPGA_CON<390>|    2.874(R)|   -0.769(R)|CLK_BUFGP         |   0.000|
FPGA_CON<391>|    2.768(R)|   -0.674(R)|CLK_BUFGP         |   0.000|
FPGA_CON<392>|    2.283(R)|   -0.244(R)|CLK_BUFGP         |   0.000|
FPGA_CON<393>|    3.696(R)|   -1.529(R)|CLK_BUFGP         |   0.000|
FPGA_CON<394>|    2.309(R)|   -0.269(R)|CLK_BUFGP         |   0.000|
FPGA_CON<395>|    4.114(R)|   -1.915(R)|CLK_BUFGP         |   0.000|
FPGA_CON<396>|    2.640(R)|   -0.558(R)|CLK_BUFGP         |   0.000|
FPGA_CON<397>|    3.709(R)|   -1.561(R)|CLK_BUFGP         |   0.000|
FPGA_CON<398>|    3.083(R)|   -0.965(R)|CLK_BUFGP         |   0.000|
FPGA_CON<399>|    3.263(R)|   -1.151(R)|CLK_BUFGP         |   0.000|
FPGA_CON<400>|    3.874(R)|   -1.695(R)|CLK_BUFGP         |   0.000|
FPGA_CON<401>|    2.670(R)|   -0.612(R)|CLK_BUFGP         |   0.000|
FPGA_CON<402>|    2.931(R)|   -0.826(R)|CLK_BUFGP         |   0.000|
FPGA_CON<403>|    3.408(R)|   -1.282(R)|CLK_BUFGP         |   0.000|
FPGA_CON<404>|    3.112(R)|   -0.992(R)|CLK_BUFGP         |   0.000|
FPGA_CON<405>|    3.413(R)|   -1.288(R)|CLK_BUFGP         |   0.000|
FPGA_CON<406>|    3.091(R)|   -0.997(R)|CLK_BUFGP         |   0.000|
FPGA_CON<407>|    3.001(R)|   -0.907(R)|CLK_BUFGP         |   0.000|
FPGA_CON<408>|    2.100(R)|   -0.087(R)|CLK_BUFGP         |   0.000|
FPGA_CON<409>|    2.928(R)|   -0.844(R)|CLK_BUFGP         |   0.000|
FPGA_CON<410>|    3.128(R)|   -1.035(R)|CLK_BUFGP         |   0.000|
FPGA_CON<411>|    2.647(R)|   -0.589(R)|CLK_BUFGP         |   0.000|
FPGA_CON<412>|    3.370(R)|   -1.255(R)|CLK_BUFGP         |   0.000|
FPGA_CON<413>|    1.881(R)|    0.115(R)|CLK_BUFGP         |   0.000|
FPGA_CON<414>|    3.116(R)|   -1.024(R)|CLK_BUFGP         |   0.000|
FPGA_CON<415>|    2.313(R)|   -0.282(R)|CLK_BUFGP         |   0.000|
FPGA_CON<416>|    3.562(R)|   -1.431(R)|CLK_BUFGP         |   0.000|
FPGA_CON<417>|    2.603(R)|   -0.549(R)|CLK_BUFGP         |   0.000|
FPGA_CON<418>|    1.634(R)|    0.341(R)|CLK_BUFGP         |   0.000|
FPGA_CON<419>|    2.450(R)|   -0.410(R)|CLK_BUFGP         |   0.000|
FPGA_CON<420>|    2.843(R)|   -0.780(R)|CLK_BUFGP         |   0.000|
FPGA_CON<421>|    2.613(R)|   -0.570(R)|CLK_BUFGP         |   0.000|
FPGA_CON<422>|    2.108(R)|   -0.102(R)|CLK_BUFGP         |   0.000|
FPGA_CON<423>|    2.937(R)|   -0.868(R)|CLK_BUFGP         |   0.000|
FPGA_CON<424>|    2.610(R)|   -0.565(R)|CLK_BUFGP         |   0.000|
FPGA_CON<425>|    2.573(R)|   -0.542(R)|CLK_BUFGP         |   0.000|
FPGA_CON<426>|    2.942(R)|   -0.879(R)|CLK_BUFGP         |   0.000|
FPGA_CON<427>|    2.586(R)|   -0.551(R)|CLK_BUFGP         |   0.000|
FPGA_CON<428>|    2.300(R)|   -0.312(R)|CLK_BUFGP         |   0.000|
FPGA_CON<429>|    2.792(R)|   -0.765(R)|CLK_BUFGP         |   0.000|
FPGA_CON<430>|    2.428(R)|   -0.434(R)|CLK_BUFGP         |   0.000|
FPGA_CON<431>|    2.759(R)|   -0.739(R)|CLK_BUFGP         |   0.000|
FPGA_CON<432>|    2.342(R)|   -0.354(R)|CLK_BUFGP         |   0.000|
FPGA_CON<433>|    2.196(R)|   -0.216(R)|CLK_BUFGP         |   0.000|
FPGA_CON<434>|    2.483(R)|   -0.484(R)|CLK_BUFGP         |   0.000|
FPGA_CON<435>|    1.981(R)|   -0.023(R)|CLK_BUFGP         |   0.000|
FPGA_CON<436>|    2.368(R)|   -0.378(R)|CLK_BUFGP         |   0.000|
FPGA_CON<437>|    2.341(R)|   -0.354(R)|CLK_BUFGP         |   0.000|
FPGA_CON<438>|    2.403(R)|   -0.411(R)|CLK_BUFGP         |   0.000|
FPGA_CON<439>|    2.412(R)|   -0.422(R)|CLK_BUFGP         |   0.000|
FPGA_CON<440>|    2.228(R)|   -0.252(R)|CLK_BUFGP         |   0.000|
FPGA_CON<441>|    2.297(R)|   -0.328(R)|CLK_BUFGP         |   0.000|
FPGA_CON<442>|    1.846(R)|    0.099(R)|CLK_BUFGP         |   0.000|
FPGA_CON<443>|    2.457(R)|   -0.474(R)|CLK_BUFGP         |   0.000|
FPGA_CON<444>|    1.557(R)|    0.366(R)|CLK_BUFGP         |   0.000|
FPGA_CON<445>|    2.787(R)|   -0.664(R)|CLK_BUFGP         |   0.000|
FPGA_CON<446>|    1.655(R)|    0.278(R)|CLK_BUFGP         |   0.000|
PORST        |    3.913(R)|    1.937(R)|CLK_BUFGP         |   0.000|
USER_SW      |    1.582(R)|    1.029(R)|CLK_BUFGP         |   0.000|
nRST         |    4.035(R)|    1.826(R)|CLK_BUFGP         |   0.000|
-------------+------------+------------+------------------+--------+

Clock CLK to Pad
------------+------------+------------------+--------+
            | clk (edge) |                  | Clock  |
Destination |   to PAD   |Internal Clock(s) | Phase  |
------------+------------+------------------+--------+
FPGA_EN     |   16.478(R)|CLK_BUFGP         |   0.000|
LED<0>      |   19.028(R)|CLK_BUFGP         |   0.000|
LED<1>      |   19.198(R)|CLK_BUFGP         |   0.000|
LED<2>      |   19.194(R)|CLK_BUFGP         |   0.000|
LED<3>      |   19.021(R)|CLK_BUFGP         |   0.000|
SEG_DATA<0> |   13.471(R)|CLK_BUFGP         |   0.000|
SEG_DATA<1> |   14.461(R)|CLK_BUFGP         |   0.000|
SEG_DATA<2> |   13.913(R)|CLK_BUFGP         |   0.000|
SEG_DATA<3> |   14.370(R)|CLK_BUFGP         |   0.000|
SEG_DATA<4> |   14.070(R)|CLK_BUFGP         |   0.000|
SEG_DATA<5> |   14.013(R)|CLK_BUFGP         |   0.000|
SEG_DATA<6> |   14.073(R)|CLK_BUFGP         |   0.000|
SEG_DATA<7> |   13.922(R)|CLK_BUFGP         |   0.000|
------------+------------+------------------+--------+

Clock to Setup on destination clock CLK
---------------+---------+---------+---------+---------+
               | Src:Rise| Src:Fall| Src:Rise| Src:Fall|
Source Clock   |Dest:Rise|Dest:Rise|Dest:Fall|Dest:Fall|
---------------+---------+---------+---------+---------+
CLK            |    7.089|         |         |         |
---------------+---------+---------+---------+---------+


Analysis completed Mon Dec 18 09:51:39 2006
--------------------------------------------------------------------------------

Trace Settings:
-------------------------
Trace Settings 

Peak Memory Usage: 421 MB



