Flow report for arm_top
Tue Nov 22 10:20:14 2005
Version 4.2 Build 157 12/07/2004 SJ Full Version


---------------------
; Table of Contents ;
---------------------
  1. Legal Notice
  2. Flow Summary
  3. Flow Settings
  4. Flow Elapsed Time
  5. Flow Log



----------------
; Legal Notice ;
----------------
Copyright (C) 1991-2004 Altera Corporation
Any  megafunction  design,  and related netlist (encrypted  or  decrypted),
support information,  device programming or simulation file,  and any other
associated  documentation or information  provided by  Altera  or a partner
under  Altera's   Megafunction   Partnership   Program  may  be  used  only
to program  PLD  devices (but not masked  PLD  devices) from  Altera.   Any
other  use  of such  megafunction  design,  netlist,  support  information,
device programming or simulation file,  or any other  related documentation
or information  is prohibited  for  any  other purpose,  including, but not
limited to  modification,  reverse engineering,  de-compiling, or use  with
any other  silicon devices,  unless such use is  explicitly  licensed under
a separate agreement with  Altera  or a megafunction partner.  Title to the
intellectual property,  including patents,  copyrights,  trademarks,  trade
secrets,  or maskworks,  embodied in any such megafunction design, netlist,
support  information,  device programming or simulation file,  or any other
related documentation or information provided by  Altera  or a megafunction
partner, remains with Altera, the megafunction partner, or their respective
licensors. No other licenses, including any licenses needed under any third
party's intellectual property, are provided herein.



+--------------------------------------------------------------------+
; Flow Summary                                                       ;
+-------------------------+------------------------------------------+
; Flow Status             ; Successful - Tue Nov 22 10:20:14 2005    ;
; Quartus II Version      ; 4.2 Build 157 12/07/2004 SJ Full Version ;
; Revision Name           ; arm_top                                  ;
; Top-level Entity Name   ; arm_top                                  ;
; Family                  ; EXCALIBUR_ARM                            ;
; Device                  ; EPXA10F1020C2                            ;
; Timing Models           ; Final                                    ;
; Met timing requirements ; Yes                                      ;
; Total logic elements    ; 1,759 / 38,400 ( 4 % )                   ;
; Total pins              ; 65 / 715 ( 9 % )                         ;
; Total virtual pins      ; 0                                        ;
; Total memory bits       ; 0 / 327,680 ( 0 % )                      ;
; Total PLLs              ; 0 / 4 ( 0 % )                            ;
+-------------------------+------------------------------------------+


+-----------------------------------------+
; Flow Settings                           ;
+-------------------+---------------------+
; Option            ; Setting             ;
+-------------------+---------------------+
; Start date & time ; 11/22/2005 10:08:44 ;
; Main task         ; Compilation         ;
; Revision Name     ; arm_top             ;
+-------------------+---------------------+


+-------------------------------------+
; Flow Elapsed Time                   ;
+----------------------+--------------+
; Module Name          ; Elapsed Time ;
+----------------------+--------------+
; Analysis & Synthesis ; 00:00:35     ;
; Fitter               ; 00:04:55     ;
; Assembler            ; 00:00:07     ;
; Timing Analyzer      ; 00:00:15     ;
; EDA Netlist Writer   ; 00:00:08     ;
; Total                ; 00:06:00     ;
+----------------------+--------------+


------------
; Flow Log ;
------------
quartus_map --import_settings_files=on --export_settings_files=off arm_tutorial -c arm_top
quartus_fit --import_settings_files=off --export_settings_files=off arm_tutorial -c arm_top
quartus_asm --import_settings_files=off --export_settings_files=off arm_tutorial -c arm_top
quartus_tan --import_settings_files=off --export_settings_files=off arm_tutorial -c arm_top
quartus_eda --import_settings_files=off --export_settings_files=off arm_tutorial -c arm_top



