$ START_CHANGES_FILE

$ Synopsys, Inc.
$ Version:  V-2004.06
$ Date:  Tue Jul 17 00:38:02 2007
$ Design:  SMC1000Core

# Report on the changes made during optimization.

$ END_CHANGES_FILE

$ START_CHANGES_FILE

$ Synopsys, Inc.
$ Version:  V-2004.06
$ Date:  Tue Jul 17 01:46:03 2007
$ Design:  SMC1000Core

# Report on the changes made during optimization.

$ END_CHANGES_FILE

$ START_CHANGES_FILE

$ Synopsys, Inc.
$ Version:  V-2004.06
$ Date:  Wed Jul 18 09:24:54 2007
$ Design:  SMC1000Core

# Report on the changes made during optimization.

$ END_CHANGES_FILE

$ START_CHANGES_FILE

$ Synopsys, Inc.
$ Version:  V-2004.06
$ Date:  Wed Jul 18 09:34:58 2007
$ Design:  SMC1000Core

# Report on the changes made during optimization.

$ END_CHANGES_FILE

