 AREA REPORT FOR DESIGN : /home/nbray/sfwork/snowdon/dcdc_pl160/synopsys_ref/Dcdc.db:Dcdc
    
 
****************************************
Report : area
Design : Dcdc
Version: 1998.02
Date   : Mon May 10 11:32:29 1999
****************************************

Library(s) Used:

    cb25os163_max (File: /home/nbray/sfwork/snowdon/dcdc_pl160/synopsys_ref/cell_lib/cb25os163_max.db)

Number of ports:               39
Number of nets:               132
Number of cells:                7
Number of references:           6

Combinational area:        602.250000
Noncombinational area:     804.000000
Net Interconnect area:     467.834869  

Total cell area:          1406.250000
Total area:               1874.084839
    
Information: Updating design information... (UID-85)
 
****************************************
Report : area
Design : DcdcSync_0
Version: 1998.02
Date   : Mon May 10 11:32:30 1999
****************************************

Library(s) Used:

    cb25os163_max (File: /home/nbray/sfwork/snowdon/dcdc_pl160/synopsys_ref/cell_lib/cb25os163_max.db)

Number of ports:                4
Number of nets:                 7
Number of cells:                4
Number of references:           2

Combinational area:          1.500000
Noncombinational area:      10.500000
Net Interconnect area:       1.850000  

Total cell area:            12.000000
Total area:                 13.850000
    
Information: Updating design information... (UID-85)
 
****************************************
Report : area
Design : DcdcSync_1
Version: 1998.02
Date   : Mon May 10 11:32:30 1999
****************************************

Library(s) Used:

    cb25os163_max (File: /home/nbray/sfwork/snowdon/dcdc_pl160/synopsys_ref/cell_lib/cb25os163_max.db)

Number of ports:                4
Number of nets:                 7
Number of cells:                4
Number of references:           2

Combinational area:          1.500000
Noncombinational area:      10.500000
Net Interconnect area:       1.850000  

Total cell area:            12.000000
Total area:                 13.850000
    
Information: Updating design information... (UID-85)
 
****************************************
Report : area
Design : DcdcSync_2
Version: 1998.02
Date   : Mon May 10 11:32:31 1999
****************************************

Library(s) Used:

    cb25os163_max (File: /home/nbray/sfwork/snowdon/dcdc_pl160/synopsys_ref/cell_lib/cb25os163_max.db)

Number of ports:                4
Number of nets:                 7
Number of cells:                4
Number of references:           2

Combinational area:          1.500000
Noncombinational area:      10.500000
Net Interconnect area:       1.850000  

Total cell area:            12.000000
Total area:                 13.850000
    
Information: Updating design information... (UID-85)
 
****************************************
Report : area
Design : DcdcSync_3
Version: 1998.02
Date   : Mon May 10 11:32:31 1999
****************************************

Library(s) Used:

    cb25os163_max (File: /home/nbray/sfwork/snowdon/dcdc_pl160/synopsys_ref/cell_lib/cb25os163_max.db)

Number of ports:                4
Number of nets:                 7
Number of cells:                4
Number of references:           2

Combinational area:          1.500000
Noncombinational area:      10.500000
Net Interconnect area:       1.850000  

Total cell area:            12.000000
Total area:                 13.850000
    
Information: Updating design information... (UID-85)
 
****************************************
Report : area
Design : DcdcSync_4
Version: 1998.02
Date   : Mon May 10 11:32:32 1999
****************************************

Library(s) Used:

    cb25os163_max (File: /home/nbray/sfwork/snowdon/dcdc_pl160/synopsys_ref/cell_lib/cb25os163_max.db)

Number of ports:                4
Number of nets:                 7
Number of cells:                4
Number of references:           2

Combinational area:          1.500000
Noncombinational area:      10.500000
Net Interconnect area:       1.850000  

Total cell area:            12.000000
Total area:                 13.850000
    
Information: Updating design information... (UID-85)
 
****************************************
Report : area
Design : DcdcSync_5
Version: 1998.02
Date   : Mon May 10 11:32:33 1999
****************************************

Library(s) Used:

    cb25os163_max (File: /home/nbray/sfwork/snowdon/dcdc_pl160/synopsys_ref/cell_lib/cb25os163_max.db)

Number of ports:                4
Number of nets:                 7
Number of cells:                4
Number of references:           2

Combinational area:          1.500000
Noncombinational area:      10.500000
Net Interconnect area:       1.850000  

Total cell area:            12.000000
Total area:                 13.850000
    
Information: Updating design information... (UID-85)
 
****************************************
Report : area
Design : DcdcSync_6
Version: 1998.02
Date   : Mon May 10 11:32:33 1999
****************************************

Library(s) Used:

    cb25os163_max (File: /home/nbray/sfwork/snowdon/dcdc_pl160/synopsys_ref/cell_lib/cb25os163_max.db)

Number of ports:                4
Number of nets:                 7
Number of cells:                4
Number of references:           2

Combinational area:          1.500000
Noncombinational area:      10.500000
Net Interconnect area:       1.850000  

Total cell area:            12.000000
Total area:                 13.850000
    
Information: Updating design information... (UID-85)
 
****************************************
Report : area
Design : DcdcSync_7
Version: 1998.02
Date   : Mon May 10 11:32:34 1999
****************************************

Library(s) Used:

    cb25os163_max (File: /home/nbray/sfwork/snowdon/dcdc_pl160/synopsys_ref/cell_lib/cb25os163_max.db)

Number of ports:                4
Number of nets:                 6
Number of cells:                3
Number of references:           2

Combinational area:          0.750000
Noncombinational area:      10.500000
Net Interconnect area:       1.644000  

Total cell area:            11.250000
Total area:                 12.894000
    
Information: Updating design information... (UID-85)
 
****************************************
Report : area
Design : DcdcSync_8
Version: 1998.02
Date   : Mon May 10 11:32:35 1999
****************************************

Library(s) Used:

    cb25os163_max (File: /home/nbray/sfwork/snowdon/dcdc_pl160/synopsys_ref/cell_lib/cb25os163_max.db)

Number of ports:                4
Number of nets:                 6
Number of cells:                3
Number of references:           2

Combinational area:          0.750000
Noncombinational area:      10.500000
Net Interconnect area:       1.644000  

Total cell area:            11.250000
Total area:                 12.894000
    
Information: Updating design information... (UID-85)
 
****************************************
Report : area
Design : DcdcSync_9
Version: 1998.02
Date   : Mon May 10 11:32:35 1999
****************************************

Library(s) Used:

    cb25os163_max (File: /home/nbray/sfwork/snowdon/dcdc_pl160/synopsys_ref/cell_lib/cb25os163_max.db)

Number of ports:                4
Number of nets:                 6
Number of cells:                3
Number of references:           2

Combinational area:          0.750000
Noncombinational area:      10.500000
Net Interconnect area:       1.644000  

Total cell area:            11.250000
Total area:                 12.894000
    
Information: Updating design information... (UID-85)
 
****************************************
Report : area
Design : DcdcApbif
Version: 1998.02
Date   : Mon May 10 11:32:36 1999
****************************************

Library(s) Used:

    cb25os163_max (File: /home/nbray/sfwork/snowdon/dcdc_pl160/synopsys_ref/cell_lib/cb25os163_max.db)

Number of ports:              101
Number of nets:               258
Number of cells:              181
Number of references:          21

Combinational area:        190.750000
Noncombinational area:      42.000000
Net Interconnect area:      98.076500  

Total cell area:           232.750000
Total area:                330.826508
    
Information: Updating design information... (UID-85)
 
****************************************
Report : area
Design : DcdcApbif_DW01_cmp2_6_0
Version: 1998.02
Date   : Mon May 10 11:32:37 1999
****************************************

Library(s) Used:

    cb25os163_max (File: /home/nbray/sfwork/snowdon/dcdc_pl160/synopsys_ref/cell_lib/cb25os163_max.db)

Number of ports:               16
Number of nets:                 2
Number of cells:                1
Number of references:           1

Combinational area:          0.750000
Noncombinational area:       0.000000
Net Interconnect area:       0.412000  

Total cell area:             0.750000
Total area:                  1.162000
    
Information: Updating design information... (UID-85)
 
****************************************
Report : area
Design : DcdcApbif_DW01_cmp2_6_1
Version: 1998.02
Date   : Mon May 10 11:32:37 1999
****************************************

Library(s) Used:

    cb25os163_max (File: /home/nbray/sfwork/snowdon/dcdc_pl160/synopsys_ref/cell_lib/cb25os163_max.db)

Number of ports:               16
Number of nets:                 3
Number of cells:                1
Number of references:           1

Combinational area:          1.250000
Noncombinational area:       0.000000
Net Interconnect area:       0.618000  

Total cell area:             1.250000
Total area:                  1.868000
    
Information: Updating design information... (UID-85)
 
****************************************
Report : area
Design : DcdcCntl
Version: 1998.02
Date   : Mon May 10 11:32:38 1999
****************************************

Library(s) Used:

    cb25os163_max (File: /home/nbray/sfwork/snowdon/dcdc_pl160/synopsys_ref/cell_lib/cb25os163_max.db)

Number of ports:               65
Number of nets:               133
Number of cells:              111
Number of references:          15

Combinational area:        120.500000
Noncombinational area:     270.750000
Net Interconnect area:     123.584969  

Total cell area:           391.250000
Total area:                514.834961
    
Information: Updating design information... (UID-85)
 
****************************************
Report : area
Design : DcdcPclkSync
Version: 1998.02
Date   : Mon May 10 11:32:39 1999
****************************************

Library(s) Used:

    cb25os163_max (File: /home/nbray/sfwork/snowdon/dcdc_pl160/synopsys_ref/cell_lib/cb25os163_max.db)

Number of ports:                8
Number of nets:                 8
Number of cells:                3
Number of references:           3

Combinational area:          2.250000
Noncombinational area:      31.500000
Net Interconnect area:       6.034000  

Total cell area:            33.750000
Total area:                 39.784000
    
Information: Updating design information... (UID-85)
 
****************************************
Report : area
Design : DcdcDrive
Version: 1998.02
Date   : Mon May 10 11:32:40 1999
****************************************

Library(s) Used:

    cb25os163_max (File: /home/nbray/sfwork/snowdon/dcdc_pl160/synopsys_ref/cell_lib/cb25os163_max.db)

Number of ports:               74
Number of nets:               300
Number of cells:              241
Number of references:          20

Combinational area:        276.250000
Noncombinational area:     386.250000
Net Interconnect area:     204.798447  

Total cell area:           662.500000
Total area:                867.298462
    
Information: Updating design information... (UID-85)
 
****************************************
Report : area
Design : DcdcDrive_DW01_inc_5_0
Version: 1998.02
Date   : Mon May 10 11:32:41 1999
****************************************

Library(s) Used:

    cb25os163_max (File: /home/nbray/sfwork/snowdon/dcdc_pl160/synopsys_ref/cell_lib/cb25os163_max.db)

Number of ports:               10
Number of nets:                13
Number of cells:                5
Number of references:           3

Combinational area:         12.000000
Noncombinational area:       0.000000
Net Interconnect area:       2.882000  

Total cell area:            12.000000
Total area:                 14.882000
    
Information: Updating design information... (UID-85)
 
****************************************
Report : area
Design : DcdcDrive_DW01_inc_5_1
Version: 1998.02
Date   : Mon May 10 11:32:41 1999
****************************************

Library(s) Used:

    cb25os163_max (File: /home/nbray/sfwork/snowdon/dcdc_pl160/synopsys_ref/cell_lib/cb25os163_max.db)

Number of ports:               10
Number of nets:                13
Number of cells:                5
Number of references:           3

Combinational area:         12.000000
Noncombinational area:       0.000000
Net Interconnect area:       2.882000  

Total cell area:            12.000000
Total area:                 14.882000
    
Information: Updating design information... (UID-85)
 
****************************************
Report : area
Design : DcdcClkSync
Version: 1998.02
Date   : Mon May 10 11:32:42 1999
****************************************

Library(s) Used:

    cb25os163_max (File: /home/nbray/sfwork/snowdon/dcdc_pl160/synopsys_ref/cell_lib/cb25os163_max.db)

Number of ports:               16
Number of nets:                16
Number of cells:                7
Number of references:           7

Combinational area:         10.500000
Noncombinational area:      73.500000
Net Interconnect area:      19.150000  

Total cell area:            84.000000
Total area:                103.150002
    
Information: Updating design information... (UID-85)
Information: Changed minimum wire load model for 'DcdcSync' from 'ForQA' to 'ForQA'. (OPT-171)
 
****************************************
Report : area
Design : DcdcSync
Version: 1998.02
Date   : Mon May 10 11:32:43 1999
****************************************

Library(s) Used:

    gtech (File: /eda/tools/synopsys/1998.02/libraries/syn/gtech.db)

Number of ports:                4
Number of nets:                10
Number of cells:                9
Number of references:           4

Combinational area:          0.000000
Noncombinational area:       0.000000
Net Interconnect area:       7.007000  

Total cell area:             0.000000
Total area:                  7.007000

Information: This design contains unmapped logic. (RPT-7)
Information: This design contains black box (unknown) components. (RPT-8)
