 AREA REPORT FOR DESIGN : /home/nbray/sfwork/snowdon/dcdc_pl160/synopsys_ref/db/Dcdc_vhdl.db:Dcdc
    
Information: Updating design information... (UID-85)
 
****************************************
Report : area
Design : Dcdc
Version: 1998.02
Date   : Mon May 10 17:04:24 1999
****************************************

Library(s) Used:

    cb25os163_max (File: /home/nbray/sfwork/snowdon/dcdc_pl160/synopsys_ref/cell_lib/cb25os163_max.db)

Number of ports:               44
Number of nets:               140
Number of cells:                7
Number of references:           6

Combinational area:        883.500000
Noncombinational area:     958.750000
Net Interconnect area:     672.184326  

Total cell area:          1842.250000
Total area:               2514.434326
    
Information: Updating design information... (UID-85)
Information: Changed wire load model for 'DcdcClkSync' from '8000' to 'ForQA'. (OPT-170)
Information: Changed minimum wire load model for 'DcdcClkSync' from '8000' to 'ForQA'. (OPT-171)
 
****************************************
Report : area
Design : DcdcClkSync
Version: 1998.02
Date   : Mon May 10 17:04:25 1999
****************************************

Library(s) Used:

    cb25os163_max (File: /home/nbray/sfwork/snowdon/dcdc_pl160/synopsys_ref/cell_lib/cb25os163_max.db)

Number of ports:               16
Number of nets:                16
Number of cells:                7
Number of references:           7

Combinational area:         10.500000
Noncombinational area:      73.500000
Net Interconnect area:      19.150000  

Total cell area:            84.000000
Total area:                103.150002
    
Information: Updating design information... (UID-85)
 
****************************************
Report : area
Design : DcdcSync_6
Version: 1998.02
Date   : Mon May 10 17:04:25 1999
****************************************

Library(s) Used:

    cb25os163_max (File: /home/nbray/sfwork/snowdon/dcdc_pl160/synopsys_ref/cell_lib/cb25os163_max.db)

Number of ports:                4
Number of nets:                 7
Number of cells:                4
Number of references:           2

Combinational area:          1.500000
Noncombinational area:      10.500000
Net Interconnect area:       1.850000  

Total cell area:            12.000000
Total area:                 13.850000
    
Information: Updating design information... (UID-85)
 
****************************************
Report : area
Design : DcdcSync_5
Version: 1998.02
Date   : Mon May 10 17:04:26 1999
****************************************

Library(s) Used:

    cb25os163_max (File: /home/nbray/sfwork/snowdon/dcdc_pl160/synopsys_ref/cell_lib/cb25os163_max.db)

Number of ports:                4
Number of nets:                 7
Number of cells:                4
Number of references:           2

Combinational area:          1.500000
Noncombinational area:      10.500000
Net Interconnect area:       1.850000  

Total cell area:            12.000000
Total area:                 13.850000
    
Information: Updating design information... (UID-85)
 
****************************************
Report : area
Design : DcdcSync_4
Version: 1998.02
Date   : Mon May 10 17:04:26 1999
****************************************

Library(s) Used:

    cb25os163_max (File: /home/nbray/sfwork/snowdon/dcdc_pl160/synopsys_ref/cell_lib/cb25os163_max.db)

Number of ports:                4
Number of nets:                 7
Number of cells:                4
Number of references:           2

Combinational area:          1.500000
Noncombinational area:      10.500000
Net Interconnect area:       1.850000  

Total cell area:            12.000000
Total area:                 13.850000
    
Information: Updating design information... (UID-85)
 
****************************************
Report : area
Design : DcdcSync_3
Version: 1998.02
Date   : Mon May 10 17:04:27 1999
****************************************

Library(s) Used:

    cb25os163_max (File: /home/nbray/sfwork/snowdon/dcdc_pl160/synopsys_ref/cell_lib/cb25os163_max.db)

Number of ports:                4
Number of nets:                 7
Number of cells:                4
Number of references:           2

Combinational area:          1.500000
Noncombinational area:      10.500000
Net Interconnect area:       1.850000  

Total cell area:            12.000000
Total area:                 13.850000
    
Information: Updating design information... (UID-85)
 
****************************************
Report : area
Design : DcdcSync_2
Version: 1998.02
Date   : Mon May 10 17:04:28 1999
****************************************

Library(s) Used:

    cb25os163_max (File: /home/nbray/sfwork/snowdon/dcdc_pl160/synopsys_ref/cell_lib/cb25os163_max.db)

Number of ports:                4
Number of nets:                 7
Number of cells:                4
Number of references:           2

Combinational area:          1.500000
Noncombinational area:      10.500000
Net Interconnect area:       1.850000  

Total cell area:            12.000000
Total area:                 13.850000
    
Information: Updating design information... (UID-85)
 
****************************************
Report : area
Design : DcdcSync_1
Version: 1998.02
Date   : Mon May 10 17:04:28 1999
****************************************

Library(s) Used:

    cb25os163_max (File: /home/nbray/sfwork/snowdon/dcdc_pl160/synopsys_ref/cell_lib/cb25os163_max.db)

Number of ports:                4
Number of nets:                 7
Number of cells:                4
Number of references:           2

Combinational area:          1.500000
Noncombinational area:      10.500000
Net Interconnect area:       1.850000  

Total cell area:            12.000000
Total area:                 13.850000
    
Information: Updating design information... (UID-85)
 
****************************************
Report : area
Design : DcdcSync_0
Version: 1998.02
Date   : Mon May 10 17:04:29 1999
****************************************

Library(s) Used:

    cb25os163_max (File: /home/nbray/sfwork/snowdon/dcdc_pl160/synopsys_ref/cell_lib/cb25os163_max.db)

Number of ports:                4
Number of nets:                 7
Number of cells:                4
Number of references:           2

Combinational area:          1.500000
Noncombinational area:      10.500000
Net Interconnect area:       1.850000  

Total cell area:            12.000000
Total area:                 13.850000
    
Information: Updating design information... (UID-85)
 
****************************************
Report : area
Design : DcdcDrive
Version: 1998.02
Date   : Mon May 10 17:04:30 1999
****************************************

Library(s) Used:

    cb25os163_max (File: /home/nbray/sfwork/snowdon/dcdc_pl160/synopsys_ref/cell_lib/cb25os163_max.db)

Number of ports:               74
Number of nets:               297
Number of cells:              237
Number of references:          26

Combinational area:        279.250000
Noncombinational area:     387.250000
Net Interconnect area:     205.911957  

Total cell area:           666.500000
Total area:                872.411987
    
Information: Updating design information... (UID-85)
 
****************************************
Report : area
Design : DcdcPclkSync
Version: 1998.02
Date   : Mon May 10 17:04:31 1999
****************************************

Library(s) Used:

    cb25os163_max (File: /home/nbray/sfwork/snowdon/dcdc_pl160/synopsys_ref/cell_lib/cb25os163_max.db)

Number of ports:                8
Number of nets:                 8
Number of cells:                3
Number of references:           3

Combinational area:          2.250000
Noncombinational area:      31.500000
Net Interconnect area:       6.034000  

Total cell area:            33.750000
Total area:                 39.784000
    
Information: Updating design information... (UID-85)
 
****************************************
Report : area
Design : DcdcSync_9
Version: 1998.02
Date   : Mon May 10 17:04:32 1999
****************************************

Library(s) Used:

    cb25os163_max (File: /home/nbray/sfwork/snowdon/dcdc_pl160/synopsys_ref/cell_lib/cb25os163_max.db)

Number of ports:                4
Number of nets:                 6
Number of cells:                3
Number of references:           2

Combinational area:          0.750000
Noncombinational area:      10.500000
Net Interconnect area:       1.644000  

Total cell area:            11.250000
Total area:                 12.894000
    
Information: Updating design information... (UID-85)
 
****************************************
Report : area
Design : DcdcSync_8
Version: 1998.02
Date   : Mon May 10 17:04:33 1999
****************************************

Library(s) Used:

    cb25os163_max (File: /home/nbray/sfwork/snowdon/dcdc_pl160/synopsys_ref/cell_lib/cb25os163_max.db)

Number of ports:                4
Number of nets:                 6
Number of cells:                3
Number of references:           2

Combinational area:          0.750000
Noncombinational area:      10.500000
Net Interconnect area:       1.644000  

Total cell area:            11.250000
Total area:                 12.894000
    
Information: Updating design information... (UID-85)
 
****************************************
Report : area
Design : DcdcSync_7
Version: 1998.02
Date   : Mon May 10 17:04:33 1999
****************************************

Library(s) Used:

    cb25os163_max (File: /home/nbray/sfwork/snowdon/dcdc_pl160/synopsys_ref/cell_lib/cb25os163_max.db)

Number of ports:                4
Number of nets:                 6
Number of cells:                3
Number of references:           2

Combinational area:          0.750000
Noncombinational area:      10.500000
Net Interconnect area:       1.644000  

Total cell area:            11.250000
Total area:                 12.894000
    
Information: Updating design information... (UID-85)
 
****************************************
Report : area
Design : DcdcCntl
Version: 1998.02
Date   : Mon May 10 17:04:34 1999
****************************************

Library(s) Used:

    cb25os163_max (File: /home/nbray/sfwork/snowdon/dcdc_pl160/synopsys_ref/cell_lib/cb25os163_max.db)

Number of ports:               65
Number of nets:               137
Number of cells:              115
Number of references:          13

Combinational area:        122.000000
Noncombinational area:     270.750000
Net Interconnect area:     122.853973  

Total cell area:           392.750000
Total area:                515.604004
    
Information: Updating design information... (UID-85)
 
****************************************
Report : area
Design : DcdcApbif
Version: 1998.02
Date   : Mon May 10 17:04:35 1999
****************************************

Library(s) Used:

    cb25os163_max (File: /home/nbray/sfwork/snowdon/dcdc_pl160/synopsys_ref/cell_lib/cb25os163_max.db)

Number of ports:              101
Number of nets:               292
Number of cells:              215
Number of references:          16

Combinational area:        202.500000
Noncombinational area:      42.000000
Net Interconnect area:      98.505997  

Total cell area:           244.500000
Total area:                343.005981
    
Information: Updating design information... (UID-85)
 
****************************************
Report : area
Design : DcdcApbif_test_1
Version: 1998.02
Date   : Mon May 10 17:04:36 1999
****************************************

Library(s) Used:

    cb25os163_max (File: /home/nbray/sfwork/snowdon/dcdc_pl160/synopsys_ref/cell_lib/cb25os163_max.db)

Number of ports:              104
Number of nets:               313
Number of cells:              234
Number of references:          17

Combinational area:        217.500000
Noncombinational area:      64.000000
Net Interconnect area:     107.337997  

Total cell area:           281.500000
Total area:                388.838013
    
Information: Updating design information... (UID-85)
 
****************************************
Report : area
Design : DcdcSync_test_1
Version: 1998.02
Date   : Mon May 10 17:04:37 1999
****************************************

Library(s) Used:

    cb25os163_max (File: /home/nbray/sfwork/snowdon/dcdc_pl160/synopsys_ref/cell_lib/cb25os163_max.db)

Number of ports:                7
Number of nets:                17
Number of cells:               12
Number of references:           4

Combinational area:          9.750000
Noncombinational area:      16.000000
Net Interconnect area:       4.522000  

Total cell area:            25.750000
Total area:                 30.271999
    
Information: Updating design information... (UID-85)
 
****************************************
Report : area
Design : DcdcSync_test_2
Version: 1998.02
Date   : Mon May 10 17:04:38 1999
****************************************

Library(s) Used:

    cb25os163_max (File: /home/nbray/sfwork/snowdon/dcdc_pl160/synopsys_ref/cell_lib/cb25os163_max.db)

Number of ports:                7
Number of nets:                15
Number of cells:               10
Number of references:           3

Combinational area:          7.500000
Noncombinational area:      16.000000
Net Interconnect area:       4.110000  

Total cell area:            23.500000
Total area:                 27.610001
    
Information: Updating design information... (UID-85)
 
****************************************
Report : area
Design : DcdcSync_test_3
Version: 1998.02
Date   : Mon May 10 17:04:39 1999
****************************************

Library(s) Used:

    cb25os163_max (File: /home/nbray/sfwork/snowdon/dcdc_pl160/synopsys_ref/cell_lib/cb25os163_max.db)

Number of ports:                7
Number of nets:                15
Number of cells:               10
Number of references:           3

Combinational area:          7.500000
Noncombinational area:      16.000000
Net Interconnect area:       4.110000  

Total cell area:            23.500000
Total area:                 27.610001
    
Information: Updating design information... (UID-85)
 
****************************************
Report : area
Design : DcdcSync_test_4
Version: 1998.02
Date   : Mon May 10 17:04:39 1999
****************************************

Library(s) Used:

    cb25os163_max (File: /home/nbray/sfwork/snowdon/dcdc_pl160/synopsys_ref/cell_lib/cb25os163_max.db)

Number of ports:                7
Number of nets:                15
Number of cells:               10
Number of references:           3

Combinational area:          7.500000
Noncombinational area:      16.000000
Net Interconnect area:       4.110000  

Total cell area:            23.500000
Total area:                 27.610001
    
Information: Updating design information... (UID-85)
 
****************************************
Report : area
Design : DcdcSync_test_5
Version: 1998.02
Date   : Mon May 10 17:04:40 1999
****************************************

Library(s) Used:

    cb25os163_max (File: /home/nbray/sfwork/snowdon/dcdc_pl160/synopsys_ref/cell_lib/cb25os163_max.db)

Number of ports:                7
Number of nets:                15
Number of cells:               10
Number of references:           3

Combinational area:          7.500000
Noncombinational area:      16.000000
Net Interconnect area:       4.110000  

Total cell area:            23.500000
Total area:                 27.610001
    
Information: Updating design information... (UID-85)
 
****************************************
Report : area
Design : DcdcSync_test_6
Version: 1998.02
Date   : Mon May 10 17:04:41 1999
****************************************

Library(s) Used:

    cb25os163_max (File: /home/nbray/sfwork/snowdon/dcdc_pl160/synopsys_ref/cell_lib/cb25os163_max.db)

Number of ports:                7
Number of nets:                15
Number of cells:               10
Number of references:           3

Combinational area:          7.500000
Noncombinational area:      16.000000
Net Interconnect area:       4.110000  

Total cell area:            23.500000
Total area:                 27.610001
    
Information: Updating design information... (UID-85)
 
****************************************
Report : area
Design : DcdcSync_test_7
Version: 1998.02
Date   : Mon May 10 17:04:41 1999
****************************************

Library(s) Used:

    cb25os163_max (File: /home/nbray/sfwork/snowdon/dcdc_pl160/synopsys_ref/cell_lib/cb25os163_max.db)

Number of ports:                7
Number of nets:                15
Number of cells:               10
Number of references:           3

Combinational area:          7.500000
Noncombinational area:      16.000000
Net Interconnect area:       4.110000  

Total cell area:            23.500000
Total area:                 27.610001
    
Information: Updating design information... (UID-85)
 
****************************************
Report : area
Design : DcdcClkSync_test_1
Version: 1998.02
Date   : Mon May 10 17:04:42 1999
****************************************

Library(s) Used:

    cb25os163_max (File: /home/nbray/sfwork/snowdon/dcdc_pl160/synopsys_ref/cell_lib/cb25os163_max.db)

Number of ports:               19
Number of nets:                25
Number of cells:                7
Number of references:           7

Combinational area:         54.750000
Noncombinational area:     112.000000
Net Interconnect area:      34.628998  

Total cell area:           166.750000
Total area:                201.378998
    
Information: Updating design information... (UID-85)
 
****************************************
Report : area
Design : DcdcCntl_test_1
Version: 1998.02
Date   : Mon May 10 17:04:43 1999
****************************************

Library(s) Used:

    cb25os163_max (File: /home/nbray/sfwork/snowdon/dcdc_pl160/synopsys_ref/cell_lib/cb25os163_max.db)

Number of ports:               68
Number of nets:               177
Number of cells:              153
Number of references:          18

Combinational area:        189.750000
Noncombinational area:     320.000000
Net Interconnect area:     191.839935  

Total cell area:           509.750000
Total area:                701.589966
    
Information: Updating design information... (UID-85)
 
****************************************
Report : area
Design : DcdcDrive_test_1
Version: 1998.02
Date   : Mon May 10 17:04:44 1999
****************************************

Library(s) Used:

    cb25os163_max (File: /home/nbray/sfwork/snowdon/dcdc_pl160/synopsys_ref/cell_lib/cb25os163_max.db)

Number of ports:               77
Number of nets:               360
Number of cells:              297
Number of references:          29

Combinational area:        395.750000
Noncombinational area:     414.750000
Net Interconnect area:     305.131409  

Total cell area:           810.500000
Total area:               1115.631348
    
Information: Updating design information... (UID-85)
 
****************************************
Report : area
Design : DcdcSync_test_8
Version: 1998.02
Date   : Mon May 10 17:04:45 1999
****************************************

Library(s) Used:

    cb25os163_max (File: /home/nbray/sfwork/snowdon/dcdc_pl160/synopsys_ref/cell_lib/cb25os163_max.db)

Number of ports:                7
Number of nets:                18
Number of cells:               13
Number of references:           5

Combinational area:         10.250000
Noncombinational area:      16.000000
Net Interconnect area:       4.728000  

Total cell area:            26.250000
Total area:                 30.978001
    
Information: Updating design information... (UID-85)
 
****************************************
Report : area
Design : DcdcSync_test_9
Version: 1998.02
Date   : Mon May 10 17:04:46 1999
****************************************

Library(s) Used:

    cb25os163_max (File: /home/nbray/sfwork/snowdon/dcdc_pl160/synopsys_ref/cell_lib/cb25os163_max.db)

Number of ports:                7
Number of nets:                14
Number of cells:                9
Number of references:           3

Combinational area:          6.750000
Noncombinational area:      16.000000
Net Interconnect area:       3.904000  

Total cell area:            22.750000
Total area:                 26.653999
    
Information: Updating design information... (UID-85)
 
****************************************
Report : area
Design : DcdcSync_test_10
Version: 1998.02
Date   : Mon May 10 17:04:46 1999
****************************************

Library(s) Used:

    cb25os163_max (File: /home/nbray/sfwork/snowdon/dcdc_pl160/synopsys_ref/cell_lib/cb25os163_max.db)

Number of ports:                7
Number of nets:                14
Number of cells:                9
Number of references:           3

Combinational area:          6.750000
Noncombinational area:      16.000000
Net Interconnect area:       3.904000  

Total cell area:            22.750000
Total area:                 26.653999
    
Information: Updating design information... (UID-85)
 
****************************************
Report : area
Design : DcdcPclkSync_test_1
Version: 1998.02
Date   : Mon May 10 17:04:47 1999
****************************************

Library(s) Used:

    cb25os163_max (File: /home/nbray/sfwork/snowdon/dcdc_pl160/synopsys_ref/cell_lib/cb25os163_max.db)

Number of ports:               11
Number of nets:                13
Number of cells:                3
Number of references:           3

Combinational area:         23.750000
Noncombinational area:      48.000000
Net Interconnect area:      13.262000  

Total cell area:            71.750000
Total area:                 85.012001
