Information: Updating design information... (UID-85)
 
****************************************
Report : cell
Design : Dcdc
Version: 1998.02
Date   : Mon May 10 11:33:03 1999
****************************************

Attributes:
    b - black box (unknown)
    h - hierarchical
    n - noncombinational
    r - removable
    u - contains unmapped logic

Cell                      Reference       Library             Area  Attributes
--------------------------------------------------------------------------------
U4                        bufbd1          cb25os163_max       1.00  
U5                        bufbd1          cb25os163_max       1.00  
uDcdcApbif                DcdcApbif                         232.75  h, n
uDcdcClkSync              DcdcClkSync                        84.00  h, n
uDcdcCntl                 DcdcCntl                          391.25  h, n
uDcdcDrive                DcdcDrive                         662.50  h, n
uDcdcPclkSync             DcdcPclkSync                       33.75  h, n
--------------------------------------------------------------------------------
Total 7 cells                                              1406.25
 
****************************************
Report : reference
Design : Dcdc
Version: 1998.02
Date   : Mon May 10 11:33:03 1999
****************************************

Attributes:
    b - black box (unknown)
   bo - allows boundary optimization
    d - dont_touch
   mo - map_only
    h - hierarchical
    n - noncombinational
    r - removable
    s - synthetic operator
    u - contains unmapped logic

Reference          Library       Unit Area   Count    Total Area   Attributes
-----------------------------------------------------------------------------
DcdcApbif                       232.750000       1    232.750000  h, n
DcdcClkSync                      84.000000       1     84.000000  h, n
DcdcCntl                        391.250000       1    391.250000  h, n
DcdcDrive                       662.500000       1    662.500000  h, n
DcdcPclkSync                     33.750000       1     33.750000  h, n
bufbd1             cb25os163_max
                                  1.000000       2      2.000000  
-----------------------------------------------------------------------------
Total 6 references                                   1406.250000
 
****************************************
Report : design
Design : Dcdc
Version: 1998.02
Date   : Mon May 10 11:33:03 1999
****************************************

Library(s) Used:

    cb25os163_max (File: /home/nbray/sfwork/snowdon/dcdc_pl160/synopsys_ref/cell_lib/cb25os163_max.db)

Local Link Library:

    {cb25os163_max.db}

Flip-Flop Types:

    No flip-flop types specified.

Latch Types:

    No latch types specified.

Operating Conditions:

    Name       Library       Process     Temp    Volt    Interconnect Model
    ----------------------------------------------------------------------------
    WCCOM      cb25os163_max    1.20   125.00    2.30    worst_case_tree

Min Operating Conditions:

    Name       Library       Process     Temp    Volt    Interconnect Model
    ----------------------------------------------------------------------------
    BCCOM      cb25os163_min    0.80   -55.00    2.70    best_case_tree

Wire Loading Model:

    Selected manually by the user.

Name           :   8000
Location       :   cb25os163_max
Resistance     :   0.00019
Capacitance    :   0.000154
Area           :   0.01
Slope          :   135
Fanout   Length   Points Average Cap Std Deviation
--------------------------------------------------------------
     1    20.60
     2    41.00
     3    65.40
     4   117.00
     5   144.25
     6   178.10
     7   192.50
     8   308.00
     9   317.00
    10   395.00
    11   503.00
    12   564.00
    13   572.00
    14   597.00
    15   630.00
    16   656.00
    17   708.00
    18   813.00
    19   927.00
    20  1062.00



Wire Loading Model Mode: enclosed.

Timing Ranges:

    No timing ranges specified.

Pin Input Delays:

    None specified.

Pin Output Delays:

    None specified.

Disabled Timing Arcs:

    No arcs disabled.

Required Licenses:

    None Required

Design Parameters:

    None specified.
 
****************************************
Report : hierarchy
Design : Dcdc
Version: 1998.02
Date   : Mon May 10 11:33:03 1999
****************************************

Dcdc
    DcdcApbif
        an02d1              cb25os163_max
        an03d1              cb25os163_max
        an04d1              cb25os163_max
        an12d1              cb25os163_max
        an23d1              cb25os163_max
        aoim22d1            cb25os163_max
        bufbd1              cb25os163_max
        bufbda              cb25os163_max
        dfcrn1              cb25os163_max
        inv0d1              cb25os163_max
        nd02d1              cb25os163_max
        nd03d1              cb25os163_max
        nd04d1              cb25os163_max
        nd12d1              cb25os163_max
        nr02d1              cb25os163_max
        nr03d1              cb25os163_max
        nr04d1              cb25os163_max
        or02d0              cb25os163_max
        or02d1              cb25os163_max
        or12d1              cb25os163_max
        or23d1              cb25os163_max
    DcdcClkSync
        DcdcSync_0
            dfcrn1          cb25os163_max
            inv0d1          cb25os163_max
        DcdcSync_1
            dfcrn1          cb25os163_max
            inv0d1          cb25os163_max
        DcdcSync_2
            dfcrn1          cb25os163_max
            inv0d1          cb25os163_max
        DcdcSync_3
            dfcrn1          cb25os163_max
            inv0d1          cb25os163_max
        DcdcSync_4
            dfcrn1          cb25os163_max
            inv0d1          cb25os163_max
        DcdcSync_5
            dfcrn1          cb25os163_max
            inv0d1          cb25os163_max
        DcdcSync_6
            dfcrn1          cb25os163_max
            inv0d1          cb25os163_max
    DcdcCntl
        an02d1              cb25os163_max
        buffd3              cb25os163_max
        buffd7              cb25os163_max
        buffda              cb25os163_max
        decrq1              cb25os163_max
        dfcrn1              cb25os163_max
        inv0d1              cb25os163_max
        inv0d2              cb25os163_max
        invbd4              cb25os163_max
        mx02d1              cb25os163_max
        nd02d1              cb25os163_max
        nd12d1              cb25os163_max
        nr02d1              cb25os163_max
        oai31d1             cb25os163_max
        xr02d1              cb25os163_max
    DcdcDrive
        ah01d0              cb25os163_max
        an02d1              cb25os163_max
        decrq1              cb25os163_max
        dfnrn1              cb25os163_max
        inv0d0              cb25os163_max
        inv0d1              cb25os163_max
        inv0d4              cb25os163_max
        inv0d7              cb25os163_max
        invbd4              cb25os163_max
        mffnrb1             cb25os163_max
        mi02d1              cb25os163_max
        mx02d1              cb25os163_max
        nd02d1              cb25os163_max
        nd03d1              cb25os163_max
        nd12d1              cb25os163_max
        nr02d1              cb25os163_max
        oai22d1             cb25os163_max
        or02d1              cb25os163_max
        xn02d1              cb25os163_max
        xr02d1              cb25os163_max
    DcdcPclkSync
        DcdcSync_7
            dfcrn1          cb25os163_max
            inv0d1          cb25os163_max
        DcdcSync_8
            dfcrn1          cb25os163_max
            inv0d1          cb25os163_max
        DcdcSync_9
            dfcrn1          cb25os163_max
            inv0d1          cb25os163_max
    bufbd1                  cb25os163_max
 
****************************************
Report : area
Design : Dcdc
Version: 1998.02
Date   : Mon May 10 11:33:03 1999
****************************************

Library(s) Used:

    cb25os163_max (File: /home/nbray/sfwork/snowdon/dcdc_pl160/synopsys_ref/cell_lib/cb25os163_max.db)

Number of ports:               39
Number of nets:               132
Number of cells:                7
Number of references:           6

Combinational area:        602.250000
Noncombinational area:     804.000000
Net Interconnect area:     467.834869  

Total cell area:          1406.250000
Total area:               1874.084839
 
****************************************
Report : clocks
Design : Dcdc
Version: 1998.02
Date   : Mon May 10 11:33:03 1999
****************************************

Attributes:
    d - dont_touch_network
    f - fix_hold
    p - propagated_clock

Clock          Period   Waveform            Attrs     Sources
--------------------------------------------------------------------------------
DCDCCLK         20.00   {0 10}              d, f      {DCDCCLK}
PCLK            20.00   {0 10}              d, f      {PCLK}
--------------------------------------------------------------------------------
