 AREA REPORT FOR DESIGN : /home/nbray/sfwork/snowdon/dcdc_pl160/synopsys_ref/Dcdc.db:Dcdc
    
 
****************************************
Report : area
Design : Dcdc
Version: 1998.02
Date   : Mon May 10 11:42:23 1999
****************************************

Library(s) Used:

    cb25os163_max (File: /home/nbray/sfwork/snowdon/dcdc_pl160/synopsys_ref/cell_lib/cb25os163_max.db)

Number of ports:               39
Number of nets:               132
Number of cells:                7
Number of references:           6

Combinational area:        618.500000
Noncombinational area:     805.000000
Net Interconnect area:     469.214874  

Total cell area:          1423.500000
Total area:               1892.714844
    
Information: Updating design information... (UID-85)
 
****************************************
Report : area
Design : DcdcSync_0
Version: 1998.02
Date   : Mon May 10 11:42:24 1999
****************************************

Library(s) Used:

    cb25os163_max (File: /home/nbray/sfwork/snowdon/dcdc_pl160/synopsys_ref/cell_lib/cb25os163_max.db)

Number of ports:                4
Number of nets:                 7
Number of cells:                4
Number of references:           2

Combinational area:          1.500000
Noncombinational area:      10.500000
Net Interconnect area:       1.850000  

Total cell area:            12.000000
Total area:                 13.850000
    
Information: Updating design information... (UID-85)
 
****************************************
Report : area
Design : DcdcSync_1
Version: 1998.02
Date   : Mon May 10 11:42:24 1999
****************************************

Library(s) Used:

    cb25os163_max (File: /home/nbray/sfwork/snowdon/dcdc_pl160/synopsys_ref/cell_lib/cb25os163_max.db)

Number of ports:                4
Number of nets:                 7
Number of cells:                4
Number of references:           2

Combinational area:          1.500000
Noncombinational area:      10.500000
Net Interconnect area:       1.850000  

Total cell area:            12.000000
Total area:                 13.850000
    
Information: Updating design information... (UID-85)
 
****************************************
Report : area
Design : DcdcSync_2
Version: 1998.02
Date   : Mon May 10 11:42:25 1999
****************************************

Library(s) Used:

    cb25os163_max (File: /home/nbray/sfwork/snowdon/dcdc_pl160/synopsys_ref/cell_lib/cb25os163_max.db)

Number of ports:                4
Number of nets:                 7
Number of cells:                4
Number of references:           2

Combinational area:          1.500000
Noncombinational area:      10.500000
Net Interconnect area:       1.850000  

Total cell area:            12.000000
Total area:                 13.850000
    
Information: Updating design information... (UID-85)
 
****************************************
Report : area
Design : DcdcSync_3
Version: 1998.02
Date   : Mon May 10 11:42:25 1999
****************************************

Library(s) Used:

    cb25os163_max (File: /home/nbray/sfwork/snowdon/dcdc_pl160/synopsys_ref/cell_lib/cb25os163_max.db)

Number of ports:                4
Number of nets:                 7
Number of cells:                4
Number of references:           2

Combinational area:          1.500000
Noncombinational area:      10.500000
Net Interconnect area:       1.850000  

Total cell area:            12.000000
Total area:                 13.850000
    
Information: Updating design information... (UID-85)
 
****************************************
Report : area
Design : DcdcSync_4
Version: 1998.02
Date   : Mon May 10 11:42:26 1999
****************************************

Library(s) Used:

    cb25os163_max (File: /home/nbray/sfwork/snowdon/dcdc_pl160/synopsys_ref/cell_lib/cb25os163_max.db)

Number of ports:                4
Number of nets:                 7
Number of cells:                4
Number of references:           2

Combinational area:          1.500000
Noncombinational area:      10.500000
Net Interconnect area:       1.850000  

Total cell area:            12.000000
Total area:                 13.850000
    
Information: Updating design information... (UID-85)
 
****************************************
Report : area
Design : DcdcSync_5
Version: 1998.02
Date   : Mon May 10 11:42:27 1999
****************************************

Library(s) Used:

    cb25os163_max (File: /home/nbray/sfwork/snowdon/dcdc_pl160/synopsys_ref/cell_lib/cb25os163_max.db)

Number of ports:                4
Number of nets:                 7
Number of cells:                4
Number of references:           2

Combinational area:          1.500000
Noncombinational area:      10.500000
Net Interconnect area:       1.850000  

Total cell area:            12.000000
Total area:                 13.850000
    
Information: Updating design information... (UID-85)
 
****************************************
Report : area
Design : DcdcSync_6
Version: 1998.02
Date   : Mon May 10 11:42:27 1999
****************************************

Library(s) Used:

    cb25os163_max (File: /home/nbray/sfwork/snowdon/dcdc_pl160/synopsys_ref/cell_lib/cb25os163_max.db)

Number of ports:                4
Number of nets:                 7
Number of cells:                4
Number of references:           2

Combinational area:          1.500000
Noncombinational area:      10.500000
Net Interconnect area:       1.850000  

Total cell area:            12.000000
Total area:                 13.850000
    
Information: Updating design information... (UID-85)
 
****************************************
Report : area
Design : DcdcSync_7
Version: 1998.02
Date   : Mon May 10 11:42:28 1999
****************************************

Library(s) Used:

    cb25os163_max (File: /home/nbray/sfwork/snowdon/dcdc_pl160/synopsys_ref/cell_lib/cb25os163_max.db)

Number of ports:                4
Number of nets:                 6
Number of cells:                3
Number of references:           2

Combinational area:          0.750000
Noncombinational area:      10.500000
Net Interconnect area:       1.644000  

Total cell area:            11.250000
Total area:                 12.894000
    
Information: Updating design information... (UID-85)
 
****************************************
Report : area
Design : DcdcSync_8
Version: 1998.02
Date   : Mon May 10 11:42:28 1999
****************************************

Library(s) Used:

    cb25os163_max (File: /home/nbray/sfwork/snowdon/dcdc_pl160/synopsys_ref/cell_lib/cb25os163_max.db)

Number of ports:                4
Number of nets:                 6
Number of cells:                3
Number of references:           2

Combinational area:          0.750000
Noncombinational area:      10.500000
Net Interconnect area:       1.644000  

Total cell area:            11.250000
Total area:                 12.894000
    
Information: Updating design information... (UID-85)
 
****************************************
Report : area
Design : DcdcSync_9
Version: 1998.02
Date   : Mon May 10 11:42:29 1999
****************************************

Library(s) Used:

    cb25os163_max (File: /home/nbray/sfwork/snowdon/dcdc_pl160/synopsys_ref/cell_lib/cb25os163_max.db)

Number of ports:                4
Number of nets:                 6
Number of cells:                3
Number of references:           2

Combinational area:          0.750000
Noncombinational area:      10.500000
Net Interconnect area:       1.644000  

Total cell area:            11.250000
Total area:                 12.894000
    
Information: Updating design information... (UID-85)
 
****************************************
Report : area
Design : DcdcApbif
Version: 1998.02
Date   : Mon May 10 11:42:30 1999
****************************************

Library(s) Used:

    cb25os163_max (File: /home/nbray/sfwork/snowdon/dcdc_pl160/synopsys_ref/cell_lib/cb25os163_max.db)

Number of ports:              101
Number of nets:               292
Number of cells:              215
Number of references:          16

Combinational area:        202.500000
Noncombinational area:      42.000000
Net Interconnect area:      98.505997  

Total cell area:           244.500000
Total area:                343.005981
    
Information: Updating design information... (UID-85)
 
****************************************
Report : area
Design : DcdcCntl
Version: 1998.02
Date   : Mon May 10 11:42:31 1999
****************************************

Library(s) Used:

    cb25os163_max (File: /home/nbray/sfwork/snowdon/dcdc_pl160/synopsys_ref/cell_lib/cb25os163_max.db)

Number of ports:               65
Number of nets:               137
Number of cells:              115
Number of references:          13

Combinational area:        122.000000
Noncombinational area:     270.750000
Net Interconnect area:     122.853973  

Total cell area:           392.750000
Total area:                515.604004
    
Information: Updating design information... (UID-85)
 
****************************************
Report : area
Design : DcdcPclkSync
Version: 1998.02
Date   : Mon May 10 11:42:32 1999
****************************************

Library(s) Used:

    cb25os163_max (File: /home/nbray/sfwork/snowdon/dcdc_pl160/synopsys_ref/cell_lib/cb25os163_max.db)

Number of ports:                8
Number of nets:                 8
Number of cells:                3
Number of references:           3

Combinational area:          2.250000
Noncombinational area:      31.500000
Net Interconnect area:       6.034000  

Total cell area:            33.750000
Total area:                 39.784000
    
Information: Updating design information... (UID-85)
 
****************************************
Report : area
Design : DcdcDrive
Version: 1998.02
Date   : Mon May 10 11:42:33 1999
****************************************

Library(s) Used:

    cb25os163_max (File: /home/nbray/sfwork/snowdon/dcdc_pl160/synopsys_ref/cell_lib/cb25os163_max.db)

Number of ports:               74
Number of nets:               297
Number of cells:              237
Number of references:          26

Combinational area:        279.250000
Noncombinational area:     387.250000
Net Interconnect area:     205.911957  

Total cell area:           666.500000
Total area:                872.411987
    
Information: Updating design information... (UID-85)
 
****************************************
Report : area
Design : DcdcDrive_DW01_inc_5_0
Version: 1998.02
Date   : Mon May 10 11:42:33 1999
****************************************

Library(s) Used:

    cb25os163_max (File: /home/nbray/sfwork/snowdon/dcdc_pl160/synopsys_ref/cell_lib/cb25os163_max.db)

Number of ports:               10
Number of nets:                13
Number of cells:                5
Number of references:           3

Combinational area:         12.000000
Noncombinational area:       0.000000
Net Interconnect area:       2.882000  

Total cell area:            12.000000
Total area:                 14.882000
    
Information: Updating design information... (UID-85)
 
****************************************
Report : area
Design : DcdcDrive_DW01_inc_5_1
Version: 1998.02
Date   : Mon May 10 11:42:34 1999
****************************************

Library(s) Used:

    cb25os163_max (File: /home/nbray/sfwork/snowdon/dcdc_pl160/synopsys_ref/cell_lib/cb25os163_max.db)

Number of ports:               10
Number of nets:                13
Number of cells:                5
Number of references:           3

Combinational area:         12.000000
Noncombinational area:       0.000000
Net Interconnect area:       2.882000  

Total cell area:            12.000000
Total area:                 14.882000
    
Information: Updating design information... (UID-85)
 
****************************************
Report : area
Design : DcdcClkSync
Version: 1998.02
Date   : Mon May 10 11:42:35 1999
****************************************

Library(s) Used:

    cb25os163_max (File: /home/nbray/sfwork/snowdon/dcdc_pl160/synopsys_ref/cell_lib/cb25os163_max.db)

Number of ports:               16
Number of nets:                16
Number of cells:                7
Number of references:           7

Combinational area:         10.500000
Noncombinational area:      73.500000
Net Interconnect area:      19.150000  

Total cell area:            84.000000
Total area:                103.150002
    
Information: Updating design information... (UID-85)
Information: Changed minimum wire load model for 'DcdcSync' from 'ForQA' to 'ForQA'. (OPT-171)
 
****************************************
Report : area
Design : DcdcSync
Version: 1998.02
Date   : Mon May 10 11:42:35 1999
****************************************

Library(s) Used:

    gtech (File: /eda/tools/synopsys/1998.02/libraries/syn/gtech.db)

Number of ports:                4
Number of nets:                10
Number of cells:                9
Number of references:           4

Combinational area:          0.000000
Noncombinational area:       0.000000
Net Interconnect area:       7.007000  

Total cell area:             0.000000
Total area:                  7.007000

Information: This design contains unmapped logic. (RPT-7)
Information: This design contains black box (unknown) components. (RPT-8)
