 
****************************************
Report : area
Design : SDRTop
Version: V-2004.06
Date   : Fri Jun 30 17:46:02 2006
****************************************

Library(s) Used:

    slow (File: /home/eastbrt2/Project/MySDR/Syn/SynDB/slow.db)
    RF2SH64x32_slow_syn (File: /home/eastbrt2/Project/MySDR/Syn/SynDB/RF2SH64x32_slow_syn.db)
    RF2SH64x4_slow_syn (File: /home/eastbrt2/Project/MySDR/Syn/SynDB/RF2SH64x4_slow_syn.db)
    RF2SH256x32_slow_syn (File: /home/eastbrt2/Project/MySDR/Syn/SynDB/RF2SH256x32_slow_syn.db)
    RF2SH256x4_slow_syn (File: /home/eastbrt2/Project/MySDR/Syn/SynDB/RF2SH256x4_slow_syn.db)

Number of ports:              326
Number of nets:               421
Number of cells:                7
Number of references:           7

Combinational area:       45128.386719
Noncombinational area:    190494.765625
Net Interconnect area:      undefined  (No wire load specified)

Total cell area:          235623.078125
Total area:                 undefined

Information: This design contains black box (unknown) components. (RPT-8)
1
