 
****************************************
Report : timing
        -path full
        -delay min
        -nworst 10
        -input_pins
        -nets
        -max_paths 10
        -transition_time
        -capacitance
Design : SDRTop
Version: V-2004.06
Date   : Fri Jun 30 17:46:04 2006
****************************************

 * Some/all delay information is back-annotated.

Operating Conditions: slow   Library: slow
Wire Load Model Mode: top

  Startpoint: WStrb[0] (input port clocked by ACLK)
  Endpoint: SDRAi/WDatBuf/WQH
            (rising edge-triggered flip-flop clocked by ACLK)
  Path Group: ACLK
  Path Type: min

  Point                        Fanout       Cap     Trans      Incr       Path
  -------------------------------------------------------------------------------
  clock ACLK (rise edge)                                       0.00       0.00
  clock network delay (ideal)                                  0.00       0.00
  input external delay                                         0.00       0.00 f
  WStrb[0] (in)                                      0.03      0.00       0.00 f
  WStrb[0] (net)                 1         0.00                0.00       0.00 f
  SDRAi/WStrb[0] (SDRAi)                                       0.00       0.00 f
  SDRAi/WStrb[0] (net)                     0.00                0.00       0.00 f
  SDRAi/U3303/A (INVX1)                              0.03      0.00       0.00 f
  SDRAi/U3303/Y (INVX1)                              0.05      0.05       0.05 r
  SDRAi/WQWrData_32_ (net)       1         0.00                0.00       0.05 r
  SDRAi/WDatBuf/WrData[32] (SDRWQ)                             0.00       0.05 r
  SDRAi/WDatBuf/WrData[32] (net)           0.00                0.00       0.05 r
  SDRAi/WDatBuf/WQH/DB[0] (RF2SH64x4)                0.05      0.00       0.05 r
  data arrival time                                                       0.05

  clock ACLK (rise edge)                                       0.00       0.00
  clock network delay (ideal)                                  0.00       0.00
  SDRAi/WDatBuf/WQH/CLKB (RF2SH64x4)                           0.00       0.00 r
  library hold time                                            0.05       0.05
  data required time                                                      0.05
  -------------------------------------------------------------------------------
  data required time                                                      0.05
  data arrival time                                                      -0.05
  -------------------------------------------------------------------------------
  slack (MET)                                                             0.00


  Startpoint: WStrb[1] (input port clocked by ACLK)
  Endpoint: SDRAi/WDatBuf/WQH
            (rising edge-triggered flip-flop clocked by ACLK)
  Path Group: ACLK
  Path Type: min

  Point                        Fanout       Cap     Trans      Incr       Path
  -------------------------------------------------------------------------------
  clock ACLK (rise edge)                                       0.00       0.00
  clock network delay (ideal)                                  0.00       0.00
  input external delay                                         0.00       0.00 f
  WStrb[1] (in)                                      0.03      0.00       0.00 f
  WStrb[1] (net)                 1         0.00                0.00       0.00 f
  SDRAi/WStrb[1] (SDRAi)                                       0.00       0.00 f
  SDRAi/WStrb[1] (net)                     0.00                0.00       0.00 f
  SDRAi/U3304/A (INVX1)                              0.03      0.00       0.00 f
  SDRAi/U3304/Y (INVX1)                              0.05      0.05       0.05 r
  SDRAi/WQWrData_33_ (net)       1         0.00                0.00       0.05 r
  SDRAi/WDatBuf/WrData[33] (SDRWQ)                             0.00       0.05 r
  SDRAi/WDatBuf/WrData[33] (net)           0.00                0.00       0.05 r
  SDRAi/WDatBuf/WQH/DB[1] (RF2SH64x4)                0.05      0.00       0.05 r
  data arrival time                                                       0.05

  clock ACLK (rise edge)                                       0.00       0.00
  clock network delay (ideal)                                  0.00       0.00
  SDRAi/WDatBuf/WQH/CLKB (RF2SH64x4)                           0.00       0.00 r
  library hold time                                            0.05       0.05
  data required time                                                      0.05
  -------------------------------------------------------------------------------
  data required time                                                      0.05
  data arrival time                                                      -0.05
  -------------------------------------------------------------------------------
  slack (MET)                                                             0.00


  Startpoint: WStrb[2] (input port clocked by ACLK)
  Endpoint: SDRAi/WDatBuf/WQH
            (rising edge-triggered flip-flop clocked by ACLK)
  Path Group: ACLK
  Path Type: min

  Point                        Fanout       Cap     Trans      Incr       Path
  -------------------------------------------------------------------------------
  clock ACLK (rise edge)                                       0.00       0.00
  clock network delay (ideal)                                  0.00       0.00
  input external delay                                         0.00       0.00 f
  WStrb[2] (in)                                      0.03      0.00       0.00 f
  WStrb[2] (net)                 1         0.00                0.00       0.00 f
  SDRAi/WStrb[2] (SDRAi)                                       0.00       0.00 f
  SDRAi/WStrb[2] (net)                     0.00                0.00       0.00 f
  SDRAi/U3305/A (INVX1)                              0.03      0.00       0.00 f
  SDRAi/U3305/Y (INVX1)                              0.05      0.05       0.05 r
  SDRAi/WQWrData_34_ (net)       1         0.00                0.00       0.05 r
  SDRAi/WDatBuf/WrData[34] (SDRWQ)                             0.00       0.05 r
  SDRAi/WDatBuf/WrData[34] (net)           0.00                0.00       0.05 r
  SDRAi/WDatBuf/WQH/DB[2] (RF2SH64x4)                0.05      0.00       0.05 r
  data arrival time                                                       0.05

  clock ACLK (rise edge)                                       0.00       0.00
  clock network delay (ideal)                                  0.00       0.00
  SDRAi/WDatBuf/WQH/CLKB (RF2SH64x4)                           0.00       0.00 r
  library hold time                                            0.05       0.05
  data required time                                                      0.05
  -------------------------------------------------------------------------------
  data required time                                                      0.05
  data arrival time                                                      -0.05
  -------------------------------------------------------------------------------
  slack (MET)                                                             0.00


  Startpoint: WStrb[3] (input port clocked by ACLK)
  Endpoint: SDRAi/WDatBuf/WQH
            (rising edge-triggered flip-flop clocked by ACLK)
  Path Group: ACLK
  Path Type: min

  Point                        Fanout       Cap     Trans      Incr       Path
  -------------------------------------------------------------------------------
  clock ACLK (rise edge)                                       0.00       0.00
  clock network delay (ideal)                                  0.00       0.00
  input external delay                                         0.00       0.00 f
  WStrb[3] (in)                                      0.03      0.00       0.00 f
  WStrb[3] (net)                 1         0.00                0.00       0.00 f
  SDRAi/WStrb[3] (SDRAi)                                       0.00       0.00 f
  SDRAi/WStrb[3] (net)                     0.00                0.00       0.00 f
  SDRAi/U3306/A (INVX1)                              0.03      0.00       0.00 f
  SDRAi/U3306/Y (INVX1)                              0.05      0.05       0.05 r
  SDRAi/WQWrData_35_ (net)       1         0.00                0.00       0.05 r
  SDRAi/WDatBuf/WrData[35] (SDRWQ)                             0.00       0.05 r
  SDRAi/WDatBuf/WrData[35] (net)           0.00                0.00       0.05 r
  SDRAi/WDatBuf/WQH/DB[3] (RF2SH64x4)                0.05      0.00       0.05 r
  data arrival time                                                       0.05

  clock ACLK (rise edge)                                       0.00       0.00
  clock network delay (ideal)                                  0.00       0.00
  SDRAi/WDatBuf/WQH/CLKB (RF2SH64x4)                           0.00       0.00 r
  library hold time                                            0.05       0.05
  data required time                                                      0.05
  -------------------------------------------------------------------------------
  data required time                                                      0.05
  data arrival time                                                      -0.05
  -------------------------------------------------------------------------------
  slack (MET)                                                             0.00


  Startpoint: WStrb[0] (input port clocked by ACLK)
  Endpoint: SDRAi/WDatBuf/WQH
            (rising edge-triggered flip-flop clocked by ACLK)
  Path Group: ACLK
  Path Type: min

  Point                        Fanout       Cap     Trans      Incr       Path
  -------------------------------------------------------------------------------
  clock ACLK (rise edge)                                       0.00       0.00
  clock network delay (ideal)                                  0.00       0.00
  input external delay                                         0.00       0.00 r
  WStrb[0] (in)                                      0.04      0.01       0.01 r
  WStrb[0] (net)                 1         0.00                0.00       0.01 r
  SDRAi/WStrb[0] (SDRAi)                                       0.00       0.01 r
  SDRAi/WStrb[0] (net)                     0.00                0.00       0.01 r
  SDRAi/U3303/A (INVX1)                              0.04      0.00       0.01 r
  SDRAi/U3303/Y (INVX1)                              0.03      0.03       0.03 f
  SDRAi/WQWrData_32_ (net)       1         0.00                0.00       0.03 f
  SDRAi/WDatBuf/WrData[32] (SDRWQ)                             0.00       0.03 f
  SDRAi/WDatBuf/WrData[32] (net)           0.00                0.00       0.03 f
  SDRAi/WDatBuf/WQH/DB[0] (RF2SH64x4)                0.03      0.00       0.03 f
  data arrival time                                                       0.03

  clock ACLK (rise edge)                                       0.00       0.00
  clock network delay (ideal)                                  0.00       0.00
  SDRAi/WDatBuf/WQH/CLKB (RF2SH64x4)                           0.00       0.00 r
  library hold time                                            0.00       0.00
  data required time                                                      0.00
  -------------------------------------------------------------------------------
  data required time                                                      0.00
  data arrival time                                                      -0.03
  -------------------------------------------------------------------------------
  slack (MET)                                                             0.03


  Startpoint: WStrb[1] (input port clocked by ACLK)
  Endpoint: SDRAi/WDatBuf/WQH
            (rising edge-triggered flip-flop clocked by ACLK)
  Path Group: ACLK
  Path Type: min

  Point                        Fanout       Cap     Trans      Incr       Path
  -------------------------------------------------------------------------------
  clock ACLK (rise edge)                                       0.00       0.00
  clock network delay (ideal)                                  0.00       0.00
  input external delay                                         0.00       0.00 r
  WStrb[1] (in)                                      0.04      0.01       0.01 r
  WStrb[1] (net)                 1         0.00                0.00       0.01 r
  SDRAi/WStrb[1] (SDRAi)                                       0.00       0.01 r
  SDRAi/WStrb[1] (net)                     0.00                0.00       0.01 r
  SDRAi/U3304/A (INVX1)                              0.04      0.00       0.01 r
  SDRAi/U3304/Y (INVX1)                              0.03      0.03       0.03 f
  SDRAi/WQWrData_33_ (net)       1         0.00                0.00       0.03 f
  SDRAi/WDatBuf/WrData[33] (SDRWQ)                             0.00       0.03 f
  SDRAi/WDatBuf/WrData[33] (net)           0.00                0.00       0.03 f
  SDRAi/WDatBuf/WQH/DB[1] (RF2SH64x4)                0.03      0.00       0.03 f
  data arrival time                                                       0.03

  clock ACLK (rise edge)                                       0.00       0.00
  clock network delay (ideal)                                  0.00       0.00
  SDRAi/WDatBuf/WQH/CLKB (RF2SH64x4)                           0.00       0.00 r
  library hold time                                            0.00       0.00
  data required time                                                      0.00
  -------------------------------------------------------------------------------
  data required time                                                      0.00
  data arrival time                                                      -0.03
  -------------------------------------------------------------------------------
  slack (MET)                                                             0.03


  Startpoint: WStrb[2] (input port clocked by ACLK)
  Endpoint: SDRAi/WDatBuf/WQH
            (rising edge-triggered flip-flop clocked by ACLK)
  Path Group: ACLK
  Path Type: min

  Point                        Fanout       Cap     Trans      Incr       Path
  -------------------------------------------------------------------------------
  clock ACLK (rise edge)                                       0.00       0.00
  clock network delay (ideal)                                  0.00       0.00
  input external delay                                         0.00       0.00 r
  WStrb[2] (in)                                      0.04      0.01       0.01 r
  WStrb[2] (net)                 1         0.00                0.00       0.01 r
  SDRAi/WStrb[2] (SDRAi)                                       0.00       0.01 r
  SDRAi/WStrb[2] (net)                     0.00                0.00       0.01 r
  SDRAi/U3305/A (INVX1)                              0.04      0.00       0.01 r
  SDRAi/U3305/Y (INVX1)                              0.03      0.03       0.03 f
  SDRAi/WQWrData_34_ (net)       1         0.00                0.00       0.03 f
  SDRAi/WDatBuf/WrData[34] (SDRWQ)                             0.00       0.03 f
  SDRAi/WDatBuf/WrData[34] (net)           0.00                0.00       0.03 f
  SDRAi/WDatBuf/WQH/DB[2] (RF2SH64x4)                0.03      0.00       0.03 f
  data arrival time                                                       0.03

  clock ACLK (rise edge)                                       0.00       0.00
  clock network delay (ideal)                                  0.00       0.00
  SDRAi/WDatBuf/WQH/CLKB (RF2SH64x4)                           0.00       0.00 r
  library hold time                                            0.00       0.00
  data required time                                                      0.00
  -------------------------------------------------------------------------------
  data required time                                                      0.00
  data arrival time                                                      -0.03
  -------------------------------------------------------------------------------
  slack (MET)                                                             0.03


  Startpoint: WStrb[3] (input port clocked by ACLK)
  Endpoint: SDRAi/WDatBuf/WQH
            (rising edge-triggered flip-flop clocked by ACLK)
  Path Group: ACLK
  Path Type: min

  Point                        Fanout       Cap     Trans      Incr       Path
  -------------------------------------------------------------------------------
  clock ACLK (rise edge)                                       0.00       0.00
  clock network delay (ideal)                                  0.00       0.00
  input external delay                                         0.00       0.00 r
  WStrb[3] (in)                                      0.04      0.01       0.01 r
  WStrb[3] (net)                 1         0.00                0.00       0.01 r
  SDRAi/WStrb[3] (SDRAi)                                       0.00       0.01 r
  SDRAi/WStrb[3] (net)                     0.00                0.00       0.01 r
  SDRAi/U3306/A (INVX1)                              0.04      0.00       0.01 r
  SDRAi/U3306/Y (INVX1)                              0.03      0.03       0.03 f
  SDRAi/WQWrData_35_ (net)       1         0.00                0.00       0.03 f
  SDRAi/WDatBuf/WrData[35] (SDRWQ)                             0.00       0.03 f
  SDRAi/WDatBuf/WrData[35] (net)           0.00                0.00       0.03 f
  SDRAi/WDatBuf/WQH/DB[3] (RF2SH64x4)                0.03      0.00       0.03 f
  data arrival time                                                       0.03

  clock ACLK (rise edge)                                       0.00       0.00
  clock network delay (ideal)                                  0.00       0.00
  SDRAi/WDatBuf/WQH/CLKB (RF2SH64x4)                           0.00       0.00 r
  library hold time                                            0.00       0.00
  data required time                                                      0.00
  -------------------------------------------------------------------------------
  data required time                                                      0.00
  data arrival time                                                      -0.03
  -------------------------------------------------------------------------------
  slack (MET)                                                             0.03


  Startpoint: RReady (input port clocked by ACLK)
  Endpoint: SDRRDS/ready_r_ff_reg
            (rising edge-triggered flip-flop clocked by ACLK)
  Path Group: ACLK
  Path Type: min

  Point                        Fanout       Cap     Trans      Incr       Path
  -------------------------------------------------------------------------------
  clock ACLK (rise edge)                                       0.00       0.00
  clock network delay (ideal)                                  0.00       0.00
  input external delay                                         0.00       0.00 f
  RReady (in)                                        0.06      0.03       0.03 f
  RReady (net)                   7         0.02                0.00       0.03 f
  SDRRDS/READY_R (SDRRDS)                                      0.00       0.03 f
  SDRRDS/READY_R (net)                     0.02                0.00       0.03 f
  SDRRDS/ready_r_ff_reg/D (DFFSX1)                   0.06      0.00       0.03 f
  data arrival time                                                       0.03

  clock ACLK (rise edge)                                       0.00       0.00
  clock network delay (ideal)                                  0.00       0.00
  SDRRDS/ready_r_ff_reg/CK (DFFSX1)                            0.00       0.00 r
  library hold time                                           -0.01      -0.01
  data required time                                                     -0.01
  -------------------------------------------------------------------------------
  data required time                                                     -0.01
  data arrival time                                                      -0.03
  -------------------------------------------------------------------------------
  slack (MET)                                                             0.04


  Startpoint: WData[0] (input port clocked by ACLK)
  Endpoint: SDRAi/WDatBuf/WQL
            (rising edge-triggered flip-flop clocked by ACLK)
  Path Group: ACLK
  Path Type: min

  Point                                       Fanout       Cap     Trans      Incr       Path
  ----------------------------------------------------------------------------------------------
  clock ACLK (rise edge)                                                      0.00       0.00
  clock network delay (ideal)                                                 0.00       0.00
  input external delay                                                        0.00       0.00 r
  WData[0] (in)                                                     0.03      0.00       0.00 r
  WData[0] (net)                                1         0.00                0.00       0.00 r
  SDRAi/WData[0] (SDRAi)                                                      0.00       0.00 r
  SDRAi/WData[0] (net)                                    0.00                0.00       0.00 r
  SDRAi/WDatBuf/WrData[0] (SDRWQ)                                             0.00       0.00 r
  SDRAi/WDatBuf/WrData[0] (net)                           0.00                0.00       0.00 r
  SDRAi/WDatBuf/U265/A (BUFX2)                                      0.03      0.00       0.00 r
  SDRAi/WDatBuf/U265/Y (BUFX2)                                      0.04      0.09       0.09 r
  SDRAi/WDatBuf/n544 (net)                      1         0.00                0.00       0.09 r
  SDRAi/WDatBuf/U233/A (BUFX2)                                      0.04      0.00       0.09 r
  SDRAi/WDatBuf/U233/Y (BUFX2)                                      0.04      0.09       0.19 r
  SDRAi/WDatBuf/n512 (net)                      1         0.00                0.00       0.19 r
  SDRAi/WDatBuf/WQL/DB[0] (RF2SH64x32)                              0.04      0.00       0.19 r
  data arrival time                                                                      0.19

  clock ACLK (rise edge)                                                      0.00       0.00
  clock network delay (ideal)                                                 0.00       0.00
  SDRAi/WDatBuf/WQL/CLKB (RF2SH64x32)                                         0.00       0.00 r
  library hold time                                                           0.12       0.12
  data required time                                                                     0.12
  ----------------------------------------------------------------------------------------------
  data required time                                                                     0.12
  data arrival time                                                                     -0.19
  ----------------------------------------------------------------------------------------------
  slack (MET)                                                                            0.07


  Startpoint: SD_DQI[1] (input port clocked by FCLK)
  Endpoint: SDRAi/RdDataMemFd_reg_1_
            (rising edge-triggered flip-flop clocked by FCLK)
  Path Group: FCLK
  Path Type: min

  Point                        Fanout       Cap     Trans      Incr       Path
  -------------------------------------------------------------------------------
  clock FCLK (rise edge)                                       0.00       0.00
  clock network delay (ideal)                                  0.00       0.00
  input external delay                                         0.00       0.00 r
  SD_DQI[1] (in)                                     0.03      0.00       0.00 r
  SD_DQI[1] (net)                1         0.00                0.00       0.00 r
  SDRAi/SD_DQI[1] (SDRAi)                                      0.00       0.00 r
  SDRAi/SD_DQI[1] (net)                    0.00                0.00       0.00 r
  SDRAi/U3552/A0 (AO22X1)                            0.03      0.00       0.00 r
  SDRAi/U3552/Y (AO22X1)                             0.07      0.14       0.14 r
  SDRAi/n4351 (net)              1         0.00                0.00       0.14 r
  SDRAi/RdDataMemFd_reg_1_/D (DFFRX1)                0.07      0.00       0.14 r
  data arrival time                                                       0.14

  clock FCLK (rise edge)                                       0.00       0.00
  clock network delay (ideal)                                  0.00       0.00
  SDRAi/RdDataMemFd_reg_1_/CK (DFFRX1)                         0.00       0.00 r
  library hold time                                           -0.11      -0.11
  data required time                                                     -0.11
  -------------------------------------------------------------------------------
  data required time                                                     -0.11
  data arrival time                                                      -0.14
  -------------------------------------------------------------------------------
  slack (MET)                                                             0.25


  Startpoint: SD_DQI[2] (input port clocked by FCLK)
  Endpoint: SDRAi/RdDataMemFd_reg_2_
            (rising edge-triggered flip-flop clocked by FCLK)
  Path Group: FCLK
  Path Type: min

  Point                        Fanout       Cap     Trans      Incr       Path
  -------------------------------------------------------------------------------
  clock FCLK (rise edge)                                       0.00       0.00
  clock network delay (ideal)                                  0.00       0.00
  input external delay                                         0.00       0.00 r
  SD_DQI[2] (in)                                     0.03      0.00       0.00 r
  SD_DQI[2] (net)                1         0.00                0.00       0.00 r
  SDRAi/SD_DQI[2] (SDRAi)                                      0.00       0.00 r
  SDRAi/SD_DQI[2] (net)                    0.00                0.00       0.00 r
  SDRAi/U3551/A0 (AO22X1)                            0.03      0.00       0.00 r
  SDRAi/U3551/Y (AO22X1)                             0.07      0.14       0.14 r
  SDRAi/n4350 (net)              1         0.00                0.00       0.14 r
  SDRAi/RdDataMemFd_reg_2_/D (DFFRX1)                0.07      0.00       0.14 r
  data arrival time                                                       0.14

  clock FCLK (rise edge)                                       0.00       0.00
  clock network delay (ideal)                                  0.00       0.00
  SDRAi/RdDataMemFd_reg_2_/CK (DFFRX1)                         0.00       0.00 r
  library hold time                                           -0.11      -0.11
  data required time                                                     -0.11
  -------------------------------------------------------------------------------
  data required time                                                     -0.11
  data arrival time                                                      -0.14
  -------------------------------------------------------------------------------
  slack (MET)                                                             0.25


  Startpoint: SD_DQI[3] (input port clocked by FCLK)
  Endpoint: SDRAi/RdDataMemFd_reg_3_
            (rising edge-triggered flip-flop clocked by FCLK)
  Path Group: FCLK
  Path Type: min

  Point                        Fanout       Cap     Trans      Incr       Path
  -------------------------------------------------------------------------------
  clock FCLK (rise edge)                                       0.00       0.00
  clock network delay (ideal)                                  0.00       0.00
  input external delay                                         0.00       0.00 r
  SD_DQI[3] (in)                                     0.03      0.00       0.00 r
  SD_DQI[3] (net)                1         0.00                0.00       0.00 r
  SDRAi/SD_DQI[3] (SDRAi)                                      0.00       0.00 r
  SDRAi/SD_DQI[3] (net)                    0.00                0.00       0.00 r
  SDRAi/U3550/A0 (AO22X1)                            0.03      0.00       0.00 r
  SDRAi/U3550/Y (AO22X1)                             0.07      0.14       0.14 r
  SDRAi/n4349 (net)              1         0.00                0.00       0.14 r
  SDRAi/RdDataMemFd_reg_3_/D (DFFRX1)                0.07      0.00       0.14 r
  data arrival time                                                       0.14

  clock FCLK (rise edge)                                       0.00       0.00
  clock network delay (ideal)                                  0.00       0.00
  SDRAi/RdDataMemFd_reg_3_/CK (DFFRX1)                         0.00       0.00 r
  library hold time                                           -0.11      -0.11
  data required time                                                     -0.11
  -------------------------------------------------------------------------------
  data required time                                                     -0.11
  data arrival time                                                      -0.14
  -------------------------------------------------------------------------------
  slack (MET)                                                             0.25


  Startpoint: SD_DQI[4] (input port clocked by FCLK)
  Endpoint: SDRAi/RdDataMemFd_reg_4_
            (rising edge-triggered flip-flop clocked by FCLK)
  Path Group: FCLK
  Path Type: min

  Point                        Fanout       Cap     Trans      Incr       Path
  -------------------------------------------------------------------------------
  clock FCLK (rise edge)                                       0.00       0.00
  clock network delay (ideal)                                  0.00       0.00
  input external delay                                         0.00       0.00 r
  SD_DQI[4] (in)                                     0.03      0.00       0.00 r
  SD_DQI[4] (net)                1         0.00                0.00       0.00 r
  SDRAi/SD_DQI[4] (SDRAi)                                      0.00       0.00 r
  SDRAi/SD_DQI[4] (net)                    0.00                0.00       0.00 r
  SDRAi/U3549/A0 (AO22X1)                            0.03      0.00       0.00 r
  SDRAi/U3549/Y (AO22X1)                             0.07      0.14       0.14 r
  SDRAi/n4348 (net)              1         0.00                0.00       0.14 r
  SDRAi/RdDataMemFd_reg_4_/D (DFFRX1)                0.07      0.00       0.14 r
  data arrival time                                                       0.14

  clock FCLK (rise edge)                                       0.00       0.00
  clock network delay (ideal)                                  0.00       0.00
  SDRAi/RdDataMemFd_reg_4_/CK (DFFRX1)                         0.00       0.00 r
  library hold time                                           -0.11      -0.11
  data required time                                                     -0.11
  -------------------------------------------------------------------------------
  data required time                                                     -0.11
  data arrival time                                                      -0.14
  -------------------------------------------------------------------------------
  slack (MET)                                                             0.25


  Startpoint: SD_DQI[5] (input port clocked by FCLK)
  Endpoint: SDRAi/RdDataMemFd_reg_5_
            (rising edge-triggered flip-flop clocked by FCLK)
  Path Group: FCLK
  Path Type: min

  Point                        Fanout       Cap     Trans      Incr       Path
  -------------------------------------------------------------------------------
  clock FCLK (rise edge)                                       0.00       0.00
  clock network delay (ideal)                                  0.00       0.00
  input external delay                                         0.00       0.00 r
  SD_DQI[5] (in)                                     0.03      0.00       0.00 r
  SD_DQI[5] (net)                1         0.00                0.00       0.00 r
  SDRAi/SD_DQI[5] (SDRAi)                                      0.00       0.00 r
  SDRAi/SD_DQI[5] (net)                    0.00                0.00       0.00 r
  SDRAi/U3548/A0 (AO22X1)                            0.03      0.00       0.00 r
  SDRAi/U3548/Y (AO22X1)                             0.07      0.14       0.14 r
  SDRAi/n4347 (net)              1         0.00                0.00       0.14 r
  SDRAi/RdDataMemFd_reg_5_/D (DFFRX1)                0.07      0.00       0.14 r
  data arrival time                                                       0.14

  clock FCLK (rise edge)                                       0.00       0.00
  clock network delay (ideal)                                  0.00       0.00
  SDRAi/RdDataMemFd_reg_5_/CK (DFFRX1)                         0.00       0.00 r
  library hold time                                           -0.11      -0.11
  data required time                                                     -0.11
  -------------------------------------------------------------------------------
  data required time                                                     -0.11
  data arrival time                                                      -0.14
  -------------------------------------------------------------------------------
  slack (MET)                                                             0.25


  Startpoint: SD_DQI[6] (input port clocked by FCLK)
  Endpoint: SDRAi/RdDataMemFd_reg_6_
            (rising edge-triggered flip-flop clocked by FCLK)
  Path Group: FCLK
  Path Type: min

  Point                        Fanout       Cap     Trans      Incr       Path
  -------------------------------------------------------------------------------
  clock FCLK (rise edge)                                       0.00       0.00
  clock network delay (ideal)                                  0.00       0.00
  input external delay                                         0.00       0.00 r
  SD_DQI[6] (in)                                     0.03      0.00       0.00 r
  SD_DQI[6] (net)                1         0.00                0.00       0.00 r
  SDRAi/SD_DQI[6] (SDRAi)                                      0.00       0.00 r
  SDRAi/SD_DQI[6] (net)                    0.00                0.00       0.00 r
  SDRAi/U3547/A0 (AO22X1)                            0.03      0.00       0.00 r
  SDRAi/U3547/Y (AO22X1)                             0.07      0.14       0.14 r
  SDRAi/n4346 (net)              1         0.00                0.00       0.14 r
  SDRAi/RdDataMemFd_reg_6_/D (DFFRX1)                0.07      0.00       0.14 r
  data arrival time                                                       0.14

  clock FCLK (rise edge)                                       0.00       0.00
  clock network delay (ideal)                                  0.00       0.00
  SDRAi/RdDataMemFd_reg_6_/CK (DFFRX1)                         0.00       0.00 r
  library hold time                                           -0.11      -0.11
  data required time                                                     -0.11
  -------------------------------------------------------------------------------
  data required time                                                     -0.11
  data arrival time                                                      -0.14
  -------------------------------------------------------------------------------
  slack (MET)                                                             0.25


  Startpoint: SD_DQI[7] (input port clocked by FCLK)
  Endpoint: SDRAi/RdDataMemFd_reg_7_
            (rising edge-triggered flip-flop clocked by FCLK)
  Path Group: FCLK
  Path Type: min

  Point                        Fanout       Cap     Trans      Incr       Path
  -------------------------------------------------------------------------------
  clock FCLK (rise edge)                                       0.00       0.00
  clock network delay (ideal)                                  0.00       0.00
  input external delay                                         0.00       0.00 r
  SD_DQI[7] (in)                                     0.03      0.00       0.00 r
  SD_DQI[7] (net)                1         0.00                0.00       0.00 r
  SDRAi/SD_DQI[7] (SDRAi)                                      0.00       0.00 r
  SDRAi/SD_DQI[7] (net)                    0.00                0.00       0.00 r
  SDRAi/U3546/A0 (AO22X1)                            0.03      0.00       0.00 r
  SDRAi/U3546/Y (AO22X1)                             0.07      0.14       0.14 r
  SDRAi/n4345 (net)              1         0.00                0.00       0.14 r
  SDRAi/RdDataMemFd_reg_7_/D (DFFRX1)                0.07      0.00       0.14 r
  data arrival time                                                       0.14

  clock FCLK (rise edge)                                       0.00       0.00
  clock network delay (ideal)                                  0.00       0.00
  SDRAi/RdDataMemFd_reg_7_/CK (DFFRX1)                         0.00       0.00 r
  library hold time                                           -0.11      -0.11
  data required time                                                     -0.11
  -------------------------------------------------------------------------------
  data required time                                                     -0.11
  data arrival time                                                      -0.14
  -------------------------------------------------------------------------------
  slack (MET)                                                             0.25


  Startpoint: SD_DQI[8] (input port clocked by FCLK)
  Endpoint: SDRAi/RdDataMemFd_reg_8_
            (rising edge-triggered flip-flop clocked by FCLK)
  Path Group: FCLK
  Path Type: min

  Point                        Fanout       Cap     Trans      Incr       Path
  -------------------------------------------------------------------------------
  clock FCLK (rise edge)                                       0.00       0.00
  clock network delay (ideal)                                  0.00       0.00
  input external delay                                         0.00       0.00 r
  SD_DQI[8] (in)                                     0.03      0.00       0.00 r
  SD_DQI[8] (net)                1         0.00                0.00       0.00 r
  SDRAi/SD_DQI[8] (SDRAi)                                      0.00       0.00 r
  SDRAi/SD_DQI[8] (net)                    0.00                0.00       0.00 r
  SDRAi/U3545/A0 (AO22X1)                            0.03      0.00       0.00 r
  SDRAi/U3545/Y (AO22X1)                             0.07      0.14       0.14 r
  SDRAi/n4344 (net)              1         0.00                0.00       0.14 r
  SDRAi/RdDataMemFd_reg_8_/D (DFFRX1)                0.07      0.00       0.14 r
  data arrival time                                                       0.14

  clock FCLK (rise edge)                                       0.00       0.00
  clock network delay (ideal)                                  0.00       0.00
  SDRAi/RdDataMemFd_reg_8_/CK (DFFRX1)                         0.00       0.00 r
  library hold time                                           -0.11      -0.11
  data required time                                                     -0.11
  -------------------------------------------------------------------------------
  data required time                                                     -0.11
  data arrival time                                                      -0.14
  -------------------------------------------------------------------------------
  slack (MET)                                                             0.25


  Startpoint: SD_DQI[9] (input port clocked by FCLK)
  Endpoint: SDRAi/RdDataMemFd_reg_9_
            (rising edge-triggered flip-flop clocked by FCLK)
  Path Group: FCLK
  Path Type: min

  Point                        Fanout       Cap     Trans      Incr       Path
  -------------------------------------------------------------------------------
  clock FCLK (rise edge)                                       0.00       0.00
  clock network delay (ideal)                                  0.00       0.00
  input external delay                                         0.00       0.00 r
  SD_DQI[9] (in)                                     0.03      0.00       0.00 r
  SD_DQI[9] (net)                1         0.00                0.00       0.00 r
  SDRAi/SD_DQI[9] (SDRAi)                                      0.00       0.00 r
  SDRAi/SD_DQI[9] (net)                    0.00                0.00       0.00 r
  SDRAi/U3544/A0 (AO22X1)                            0.03      0.00       0.00 r
  SDRAi/U3544/Y (AO22X1)                             0.07      0.14       0.14 r
  SDRAi/n4343 (net)              1         0.00                0.00       0.14 r
  SDRAi/RdDataMemFd_reg_9_/D (DFFRX1)                0.07      0.00       0.14 r
  data arrival time                                                       0.14

  clock FCLK (rise edge)                                       0.00       0.00
  clock network delay (ideal)                                  0.00       0.00
  SDRAi/RdDataMemFd_reg_9_/CK (DFFRX1)                         0.00       0.00 r
  library hold time                                           -0.11      -0.11
  data required time                                                     -0.11
  -------------------------------------------------------------------------------
  data required time                                                     -0.11
  data arrival time                                                      -0.14
  -------------------------------------------------------------------------------
  slack (MET)                                                             0.25


  Startpoint: SD_DQI[10] (input port clocked by FCLK)
  Endpoint: SDRAi/RdDataMemFd_reg_10_
            (rising edge-triggered flip-flop clocked by FCLK)
  Path Group: FCLK
  Path Type: min

  Point                                       Fanout       Cap     Trans      Incr       Path
  ----------------------------------------------------------------------------------------------
  clock FCLK (rise edge)                                                      0.00       0.00
  clock network delay (ideal)                                                 0.00       0.00
  input external delay                                                        0.00       0.00 r
  SD_DQI[10] (in)                                                   0.03      0.00       0.00 r
  SD_DQI[10] (net)                              1         0.00                0.00       0.00 r
  SDRAi/SD_DQI[10] (SDRAi)                                                    0.00       0.00 r
  SDRAi/SD_DQI[10] (net)                                  0.00                0.00       0.00 r
  SDRAi/U3543/A0 (AO22X1)                                           0.03      0.00       0.00 r
  SDRAi/U3543/Y (AO22X1)                                            0.07      0.14       0.14 r
  SDRAi/n4342 (net)                             1         0.00                0.00       0.14 r
  SDRAi/RdDataMemFd_reg_10_/D (DFFRX1)                              0.07      0.00       0.14 r
  data arrival time                                                                      0.14

  clock FCLK (rise edge)                                                      0.00       0.00
  clock network delay (ideal)                                                 0.00       0.00
  SDRAi/RdDataMemFd_reg_10_/CK (DFFRX1)                                       0.00       0.00 r
  library hold time                                                          -0.11      -0.11
  data required time                                                                    -0.11
  ----------------------------------------------------------------------------------------------
  data required time                                                                    -0.11
  data arrival time                                                                     -0.14
  ----------------------------------------------------------------------------------------------
  slack (MET)                                                                            0.25


  Startpoint: PWDATA[11] (input port clocked by PCLK)
  Endpoint: SDRCtl/trefresh_reg_11_
            (rising edge-triggered flip-flop clocked by PCLK)
  Path Group: PCLK
  Path Type: min

  Point                        Fanout       Cap     Trans      Incr       Path
  -------------------------------------------------------------------------------
  clock PCLK (rise edge)                                       0.00       0.00
  clock network delay (ideal)                                  0.00       0.00
  input external delay                                         0.00       0.00 r
  PWDATA[11] (in)                                    0.04      0.01       0.01 r
  PWDATA[11] (net)               3         0.00                0.00       0.01 r
  SDRCtl/PWDATA[11] (SDRCtl)                                   0.00       0.01 r
  SDRCtl/PWDATA[11] (net)                  0.00                0.00       0.01 r
  SDRCtl/U5109/B0 (AO22X1)                           0.04      0.00       0.01 r
  SDRCtl/U5109/Y (AO22X1)                            0.07      0.16       0.17 r
  SDRCtl/n8044 (net)             1         0.00                0.00       0.17 r
  SDRCtl/trefresh_reg_11_/D (DFFSX1)                 0.07      0.00       0.17 r
  data arrival time                                                       0.17

  clock PCLK (rise edge)                                       0.00       0.00
  clock network delay (ideal)                                  0.00       0.00
  SDRCtl/trefresh_reg_11_/CK (DFFSX1)                          0.00       0.00 r
  library hold time                                           -0.04      -0.04
  data required time                                                     -0.04
  -------------------------------------------------------------------------------
  data required time                                                     -0.04
  data arrival time                                                      -0.17
  -------------------------------------------------------------------------------
  slack (MET)                                                             0.21


  Startpoint: PWDATA[5] (input port clocked by PCLK)
  Endpoint: SDRCtl/trefresh_reg_5_
            (rising edge-triggered flip-flop clocked by PCLK)
  Path Group: PCLK
  Path Type: min

  Point                        Fanout       Cap     Trans      Incr       Path
  -------------------------------------------------------------------------------
  clock PCLK (rise edge)                                       0.00       0.00
  clock network delay (ideal)                                  0.00       0.00
  input external delay                                         0.00       0.00 r
  PWDATA[5] (in)                                     0.04      0.01       0.01 r
  PWDATA[5] (net)                3         0.00                0.00       0.01 r
  SDRCtl/PWDATA[5] (SDRCtl)                                    0.00       0.01 r
  SDRCtl/PWDATA[5] (net)                   0.00                0.00       0.01 r
  SDRCtl/U5110/B0 (AO22X1)                           0.04      0.00       0.01 r
  SDRCtl/U5110/Y (AO22X1)                            0.07      0.16       0.17 r
  SDRCtl/n8050 (net)             1         0.00                0.00       0.17 r
  SDRCtl/trefresh_reg_5_/D (DFFSX1)                  0.07      0.00       0.17 r
  data arrival time                                                       0.17

  clock PCLK (rise edge)                                       0.00       0.00
  clock network delay (ideal)                                  0.00       0.00
  SDRCtl/trefresh_reg_5_/CK (DFFSX1)                           0.00       0.00 r
  library hold time                                           -0.04      -0.04
  data required time                                                     -0.04
  -------------------------------------------------------------------------------
  data required time                                                     -0.04
  data arrival time                                                      -0.17
  -------------------------------------------------------------------------------
  slack (MET)                                                             0.21


  Startpoint: PWDATA[7] (input port clocked by PCLK)
  Endpoint: SDRCtl/PwDnRef_reg_7_
            (rising edge-triggered flip-flop clocked by PCLK)
  Path Group: PCLK
  Path Type: min

  Point                        Fanout       Cap     Trans      Incr       Path
  -------------------------------------------------------------------------------
  clock PCLK (rise edge)                                       0.00       0.00
  clock network delay (ideal)                                  0.00       0.00
  input external delay                                         0.00       0.00 r
  PWDATA[7] (in)                                     0.04      0.01       0.01 r
  PWDATA[7] (net)                2         0.00                0.00       0.01 r
  SDRCtl/PWDATA[7] (SDRCtl)                                    0.00       0.01 r
  SDRCtl/PWDATA[7] (net)                   0.00                0.00       0.01 r
  SDRCtl/U5101/B1 (AO22X1)                           0.04      0.00       0.01 r
  SDRCtl/U5101/Y (AO22X1)                            0.07      0.17       0.17 r
  SDRCtl/n7970 (net)             1         0.00                0.00       0.17 r
  SDRCtl/PwDnRef_reg_7_/D (DFFSX1)                   0.07      0.00       0.17 r
  data arrival time                                                       0.17

  clock PCLK (rise edge)                                       0.00       0.00
  clock network delay (ideal)                                  0.00       0.00
  SDRCtl/PwDnRef_reg_7_/CK (DFFSX1)                            0.00       0.00 r
  library hold time                                           -0.04      -0.04
  data required time                                                     -0.04
  -------------------------------------------------------------------------------
  data required time                                                     -0.04
  data arrival time                                                      -0.17
  -------------------------------------------------------------------------------
  slack (MET)                                                             0.22


  Startpoint: PWDATA[15] (input port clocked by PCLK)
  Endpoint: SDRCtl/trc_reg_3_
            (rising edge-triggered flip-flop clocked by PCLK)
  Path Group: PCLK
  Path Type: min

  Point                        Fanout       Cap     Trans      Incr       Path
  -------------------------------------------------------------------------------
  clock PCLK (rise edge)                                       0.00       0.00
  clock network delay (ideal)                                  0.00       0.00
  input external delay                                         0.00       0.00 r
  PWDATA[15] (in)                                    0.04      0.01       0.01 r
  PWDATA[15] (net)               3         0.00                0.00       0.01 r
  SDRCtl/PWDATA[15] (SDRCtl)                                   0.00       0.01 r
  SDRCtl/PWDATA[15] (net)                  0.00                0.00       0.01 r
  SDRCtl/U5091/B1 (AO22X1)                           0.04      0.00       0.01 r
  SDRCtl/U5091/Y (AO22X1)                            0.07      0.17       0.18 r
  SDRCtl/n8032 (net)             1         0.00                0.00       0.18 r
  SDRCtl/trc_reg_3_/D (DFFSX1)                       0.07      0.00       0.18 r
  data arrival time                                                       0.18

  clock PCLK (rise edge)                                       0.00       0.00
  clock network delay (ideal)                                  0.00       0.00
  SDRCtl/trc_reg_3_/CK (DFFSX1)                                0.00       0.00 r
  library hold time                                           -0.04      -0.04
  data required time                                                     -0.04
  -------------------------------------------------------------------------------
  data required time                                                     -0.04
  data arrival time                                                      -0.18
  -------------------------------------------------------------------------------
  slack (MET)                                                             0.22


  Startpoint: PWDATA[2] (input port clocked by PCLK)
  Endpoint: SDRCtl/PwDnRef_reg_2_
            (rising edge-triggered flip-flop clocked by PCLK)
  Path Group: PCLK
  Path Type: min

  Point                        Fanout       Cap     Trans      Incr       Path
  -------------------------------------------------------------------------------
  clock PCLK (rise edge)                                       0.00       0.00
  clock network delay (ideal)                                  0.00       0.00
  input external delay                                         0.00       0.00 r
  PWDATA[2] (in)                                     0.04      0.01       0.01 r
  PWDATA[2] (net)                3         0.00                0.00       0.01 r
  SDRCtl/PWDATA[2] (SDRCtl)                                    0.00       0.01 r
  SDRCtl/PWDATA[2] (net)                   0.00                0.00       0.01 r
  SDRCtl/U5106/B1 (AO22X1)                           0.04      0.00       0.01 r
  SDRCtl/U5106/Y (AO22X1)                            0.07      0.17       0.18 r
  SDRCtl/n7975 (net)             1         0.00                0.00       0.18 r
  SDRCtl/PwDnRef_reg_2_/D (DFFSX1)                   0.07      0.00       0.18 r
  data arrival time                                                       0.18

  clock PCLK (rise edge)                                       0.00       0.00
  clock network delay (ideal)                                  0.00       0.00
  SDRCtl/PwDnRef_reg_2_/CK (DFFSX1)                            0.00       0.00 r
  library hold time                                           -0.04      -0.04
  data required time                                                     -0.04
  -------------------------------------------------------------------------------
  data required time                                                     -0.04
  data arrival time                                                      -0.18
  -------------------------------------------------------------------------------
  slack (MET)                                                             0.22


  Startpoint: PWDATA[3] (input port clocked by PCLK)
  Endpoint: SDRCtl/PwDnRef_reg_3_
            (rising edge-triggered flip-flop clocked by PCLK)
  Path Group: PCLK
  Path Type: min

  Point                        Fanout       Cap     Trans      Incr       Path
  -------------------------------------------------------------------------------
  clock PCLK (rise edge)                                       0.00       0.00
  clock network delay (ideal)                                  0.00       0.00
  input external delay                                         0.00       0.00 r
  PWDATA[3] (in)                                     0.04      0.01       0.01 r
  PWDATA[3] (net)                3         0.00                0.00       0.01 r
  SDRCtl/PWDATA[3] (SDRCtl)                                    0.00       0.01 r
  SDRCtl/PWDATA[3] (net)                   0.00                0.00       0.01 r
  SDRCtl/U5105/B1 (AO22X1)                           0.04      0.00       0.01 r
  SDRCtl/U5105/Y (AO22X1)                            0.07      0.17       0.18 r
  SDRCtl/n7974 (net)             1         0.00                0.00       0.18 r
  SDRCtl/PwDnRef_reg_3_/D (DFFSX1)                   0.07      0.00       0.18 r
  data arrival time                                                       0.18

  clock PCLK (rise edge)                                       0.00       0.00
  clock network delay (ideal)                                  0.00       0.00
  SDRCtl/PwDnRef_reg_3_/CK (DFFSX1)                            0.00       0.00 r
  library hold time                                           -0.04      -0.04
  data required time                                                     -0.04
  -------------------------------------------------------------------------------
  data required time                                                     -0.04
  data arrival time                                                      -0.18
  -------------------------------------------------------------------------------
  slack (MET)                                                             0.22


  Startpoint: PWDATA[4] (input port clocked by PCLK)
  Endpoint: SDRCtl/PwDnRef_reg_4_
            (rising edge-triggered flip-flop clocked by PCLK)
  Path Group: PCLK
  Path Type: min

  Point                        Fanout       Cap     Trans      Incr       Path
  -------------------------------------------------------------------------------
  clock PCLK (rise edge)                                       0.00       0.00
  clock network delay (ideal)                                  0.00       0.00
  input external delay                                         0.00       0.00 r
  PWDATA[4] (in)                                     0.04      0.01       0.01 r
  PWDATA[4] (net)                3         0.00                0.00       0.01 r
  SDRCtl/PWDATA[4] (SDRCtl)                                    0.00       0.01 r
  SDRCtl/PWDATA[4] (net)                   0.00                0.00       0.01 r
  SDRCtl/U5104/B1 (AO22X1)                           0.04      0.00       0.01 r
  SDRCtl/U5104/Y (AO22X1)                            0.07      0.17       0.18 r
  SDRCtl/n7973 (net)             1         0.00                0.00       0.18 r
  SDRCtl/PwDnRef_reg_4_/D (DFFSX1)                   0.07      0.00       0.18 r
  data arrival time                                                       0.18

  clock PCLK (rise edge)                                       0.00       0.00
  clock network delay (ideal)                                  0.00       0.00
  SDRCtl/PwDnRef_reg_4_/CK (DFFSX1)                            0.00       0.00 r
  library hold time                                           -0.04      -0.04
  data required time                                                     -0.04
  -------------------------------------------------------------------------------
  data required time                                                     -0.04
  data arrival time                                                      -0.18
  -------------------------------------------------------------------------------
  slack (MET)                                                             0.22


  Startpoint: PWDATA[5] (input port clocked by PCLK)
  Endpoint: SDRCtl/PwDnRef_reg_5_
            (rising edge-triggered flip-flop clocked by PCLK)
  Path Group: PCLK
  Path Type: min

  Point                        Fanout       Cap     Trans      Incr       Path
  -------------------------------------------------------------------------------
  clock PCLK (rise edge)                                       0.00       0.00
  clock network delay (ideal)                                  0.00       0.00
  input external delay                                         0.00       0.00 r
  PWDATA[5] (in)                                     0.04      0.01       0.01 r
  PWDATA[5] (net)                3         0.00                0.00       0.01 r
  SDRCtl/PWDATA[5] (SDRCtl)                                    0.00       0.01 r
  SDRCtl/PWDATA[5] (net)                   0.00                0.00       0.01 r
  SDRCtl/U5103/B1 (AO22X1)                           0.04      0.00       0.01 r
  SDRCtl/U5103/Y (AO22X1)                            0.07      0.17       0.18 r
  SDRCtl/n7972 (net)             1         0.00                0.00       0.18 r
  SDRCtl/PwDnRef_reg_5_/D (DFFSX1)                   0.07      0.00       0.18 r
  data arrival time                                                       0.18

  clock PCLK (rise edge)                                       0.00       0.00
  clock network delay (ideal)                                  0.00       0.00
  SDRCtl/PwDnRef_reg_5_/CK (DFFSX1)                            0.00       0.00 r
  library hold time                                           -0.04      -0.04
  data required time                                                     -0.04
  -------------------------------------------------------------------------------
  data required time                                                     -0.04
  data arrival time                                                      -0.18
  -------------------------------------------------------------------------------
  slack (MET)                                                             0.22


  Startpoint: PWDATA[6] (input port clocked by PCLK)
  Endpoint: SDRCtl/PwDnRef_reg_6_
            (rising edge-triggered flip-flop clocked by PCLK)
  Path Group: PCLK
  Path Type: min

  Point                        Fanout       Cap     Trans      Incr       Path
  -------------------------------------------------------------------------------
  clock PCLK (rise edge)                                       0.00       0.00
  clock network delay (ideal)                                  0.00       0.00
  input external delay                                         0.00       0.00 r
  PWDATA[6] (in)                                     0.04      0.01       0.01 r
  PWDATA[6] (net)                3         0.00                0.00       0.01 r
  SDRCtl/PWDATA[6] (SDRCtl)                                    0.00       0.01 r
  SDRCtl/PWDATA[6] (net)                   0.00                0.00       0.01 r
  SDRCtl/U5102/B1 (AO22X1)                           0.04      0.00       0.01 r
  SDRCtl/U5102/Y (AO22X1)                            0.07      0.17       0.18 r
  SDRCtl/n7971 (net)             1         0.00                0.00       0.18 r
  SDRCtl/PwDnRef_reg_6_/D (DFFSX1)                   0.07      0.00       0.18 r
  data arrival time                                                       0.18

  clock PCLK (rise edge)                                       0.00       0.00
  clock network delay (ideal)                                  0.00       0.00
  SDRCtl/PwDnRef_reg_6_/CK (DFFSX1)                            0.00       0.00 r
  library hold time                                           -0.04      -0.04
  data required time                                                     -0.04
  -------------------------------------------------------------------------------
  data required time                                                     -0.04
  data arrival time                                                      -0.18
  -------------------------------------------------------------------------------
  slack (MET)                                                             0.22


  Startpoint: PWDATA[8] (input port clocked by PCLK)
  Endpoint: SDRCtl/PwDnRef_reg_8_
            (rising edge-triggered flip-flop clocked by PCLK)
  Path Group: PCLK
  Path Type: min

  Point                        Fanout       Cap     Trans      Incr       Path
  -------------------------------------------------------------------------------
  clock PCLK (rise edge)                                       0.00       0.00
  clock network delay (ideal)                                  0.00       0.00
  input external delay                                         0.00       0.00 r
  PWDATA[8] (in)                                     0.04      0.01       0.01 r
  PWDATA[8] (net)                3         0.00                0.00       0.01 r
  SDRCtl/PWDATA[8] (SDRCtl)                                    0.00       0.01 r
  SDRCtl/PWDATA[8] (net)                   0.00                0.00       0.01 r
  SDRCtl/U5100/B1 (AO22X1)                           0.04      0.00       0.01 r
  SDRCtl/U5100/Y (AO22X1)                            0.07      0.17       0.18 r
  SDRCtl/n7969 (net)             1         0.00                0.00       0.18 r
  SDRCtl/PwDnRef_reg_8_/D (DFFSX1)                   0.07      0.00       0.18 r
  data arrival time                                                       0.18

  clock PCLK (rise edge)                                       0.00       0.00
  clock network delay (ideal)                                  0.00       0.00
  SDRCtl/PwDnRef_reg_8_/CK (DFFSX1)                            0.00       0.00 r
  library hold time                                           -0.04      -0.04
  data required time                                                     -0.04
  -------------------------------------------------------------------------------
  data required time                                                     -0.04
  data arrival time                                                      -0.18
  -------------------------------------------------------------------------------
  slack (MET)                                                             0.22


  Startpoint: SDRAi/RdWrapCnt_reg_7_
              (rising edge-triggered flip-flop clocked by ACLK)
  Endpoint: SDRAi/RDatBuf/RQH
            (rising edge-triggered flip-flop clocked by nACLK)
  Path Group: nACLK
  Path Type: min

  Point                                       Fanout       Cap     Trans      Incr       Path
  ----------------------------------------------------------------------------------------------
  clock ACLK (rise edge)                                                      7.50       7.50
  clock network delay (ideal)                                                 0.00       7.50
  SDRAi/RdWrapCnt_reg_7_/CK (DFFRX1)                                0.00      0.00       7.50 r
  SDRAi/RdWrapCnt_reg_7_/Q (DFFRX1)                                 0.18      0.46       7.96 r
  SDRAi/RdWrapCnt[7] (net)                      2         0.01                0.00       7.96 r
  SDRAi/RDatBuf/WrapCnt[7] (SDRRQ)                                            0.00       7.96 r
  SDRAi/RDatBuf/WrapCnt[7] (net)                          0.01                0.00       7.96 r
  SDRAi/RDatBuf/RQH/AA[7] (RF2SH256x4)                              0.18      0.00       7.96 r
  data arrival time                                                                      7.96

  clock nACLK (rise edge)                                                     3.75       3.75
  clock network delay (ideal)                                                 0.00       3.75
  SDRAi/RDatBuf/RQH/CLKA (RF2SH256x4)                                         0.00       3.75 r
  library hold time                                                           0.00       3.75
  data required time                                                                     3.75
  ----------------------------------------------------------------------------------------------
  data required time                                                                     3.75
  data arrival time                                                                     -7.96
  ----------------------------------------------------------------------------------------------
  slack (MET)                                                                            4.21


  Startpoint: SDRAi/RdWrapCnt_reg_7_
              (rising edge-triggered flip-flop clocked by ACLK)
  Endpoint: SDRAi/RDatBuf/RQL
            (rising edge-triggered flip-flop clocked by nACLK)
  Path Group: nACLK
  Path Type: min

  Point                                       Fanout       Cap     Trans      Incr       Path
  ----------------------------------------------------------------------------------------------
  clock ACLK (rise edge)                                                      7.50       7.50
  clock network delay (ideal)                                                 0.00       7.50
  SDRAi/RdWrapCnt_reg_7_/CK (DFFRX1)                                0.00      0.00       7.50 r
  SDRAi/RdWrapCnt_reg_7_/Q (DFFRX1)                                 0.18      0.46       7.96 r
  SDRAi/RdWrapCnt[7] (net)                      2         0.01                0.00       7.96 r
  SDRAi/RDatBuf/WrapCnt[7] (SDRRQ)                                            0.00       7.96 r
  SDRAi/RDatBuf/WrapCnt[7] (net)                          0.01                0.00       7.96 r
  SDRAi/RDatBuf/RQL/AA[7] (RF2SH256x32)                             0.18      0.00       7.96 r
  data arrival time                                                                      7.96

  clock nACLK (rise edge)                                                     3.75       3.75
  clock network delay (ideal)                                                 0.00       3.75
  SDRAi/RDatBuf/RQL/CLKA (RF2SH256x32)                                        0.00       3.75 r
  library hold time                                                           0.00       3.75
  data required time                                                                     3.75
  ----------------------------------------------------------------------------------------------
  data required time                                                                     3.75
  data arrival time                                                                     -7.96
  ----------------------------------------------------------------------------------------------
  slack (MET)                                                                            4.21


  Startpoint: SDRAi/RDatBuf/DelayReadEn_reg
              (rising edge-triggered flip-flop clocked by ACLK)
  Endpoint: SDRAi/RDatBuf/RQH
            (rising edge-triggered flip-flop clocked by nACLK)
  Path Group: nACLK
  Path Type: min

  Point                                       Fanout       Cap     Trans      Incr       Path
  ----------------------------------------------------------------------------------------------
  clock ACLK (rise edge)                                                      7.50       7.50
  clock network delay (ideal)                                                 0.00       7.50
  SDRAi/RDatBuf/DelayReadEn_reg/CK (DFFRX1)                         0.00      0.00       7.50 r
  SDRAi/RDatBuf/DelayReadEn_reg/Q (DFFRX1)                          0.09      0.40       7.90 r
  SDRAi/RDatBuf/n575 (net)                      1         0.00                0.00       7.90 r
  SDRAi/RDatBuf/U288/A (NOR2X1)                                     0.09      0.00       7.90 r
  SDRAi/RDatBuf/U288/Y (NOR2X1)                                     0.08      0.07       7.98 f
  SDRAi/RDatBuf/n_167 (net)                     2         0.01                0.00       7.98 f
  SDRAi/RDatBuf/RQH/CENA (RF2SH256x4)                               0.08      0.00       7.98 f
  data arrival time                                                                      7.98

  clock nACLK (rise edge)                                                     3.75       3.75
  clock network delay (ideal)                                                 0.00       3.75
  SDRAi/RDatBuf/RQH/CLKA (RF2SH256x4)                                         0.00       3.75 r
  library hold time                                                           0.00       3.75
  data required time                                                                     3.75
  ----------------------------------------------------------------------------------------------
  data required time                                                                     3.75
  data arrival time                                                                     -7.98
  ----------------------------------------------------------------------------------------------
  slack (MET)                                                                            4.23


  Startpoint: SDRAi/RDatBuf/DelayReadEn_reg
              (rising edge-triggered flip-flop clocked by ACLK)
  Endpoint: SDRAi/RDatBuf/RQL
            (rising edge-triggered flip-flop clocked by nACLK)
  Path Group: nACLK
  Path Type: min

  Point                                       Fanout       Cap     Trans      Incr       Path
  ----------------------------------------------------------------------------------------------
  clock ACLK (rise edge)                                                      7.50       7.50
  clock network delay (ideal)                                                 0.00       7.50
  SDRAi/RDatBuf/DelayReadEn_reg/CK (DFFRX1)                         0.00      0.00       7.50 r
  SDRAi/RDatBuf/DelayReadEn_reg/Q (DFFRX1)                          0.09      0.40       7.90 r
  SDRAi/RDatBuf/n575 (net)                      1         0.00                0.00       7.90 r
  SDRAi/RDatBuf/U288/A (NOR2X1)                                     0.09      0.00       7.90 r
  SDRAi/RDatBuf/U288/Y (NOR2X1)                                     0.08      0.07       7.98 f
  SDRAi/RDatBuf/n_167 (net)                     2         0.01                0.00       7.98 f
  SDRAi/RDatBuf/RQL/CENA (RF2SH256x32)                              0.08      0.00       7.98 f
  data arrival time                                                                      7.98

  clock nACLK (rise edge)                                                     3.75       3.75
  clock network delay (ideal)                                                 0.00       3.75
  SDRAi/RDatBuf/RQL/CLKA (RF2SH256x32)                                        0.00       3.75 r
  library hold time                                                           0.00       3.75
  data required time                                                                     3.75
  ----------------------------------------------------------------------------------------------
  data required time                                                                     3.75
  data arrival time                                                                     -7.98
  ----------------------------------------------------------------------------------------------
  slack (MET)                                                                            4.23


  Startpoint: SDRAi/RdWrapCnt_reg_7_
              (rising edge-triggered flip-flop clocked by ACLK)
  Endpoint: SDRAi/RDatBuf/RQH
            (rising edge-triggered flip-flop clocked by nACLK)
  Path Group: nACLK
  Path Type: min

  Point                                       Fanout       Cap     Trans      Incr       Path
  ----------------------------------------------------------------------------------------------
  clock ACLK (rise edge)                                                      7.50       7.50
  clock network delay (ideal)                                                 0.00       7.50
  SDRAi/RdWrapCnt_reg_7_/CK (DFFRX1)                                0.00      0.00       7.50 r
  SDRAi/RdWrapCnt_reg_7_/Q (DFFRX1)                                 0.13      0.55       8.05 f
  SDRAi/RdWrapCnt[7] (net)                      2         0.01                0.00       8.05 f
  SDRAi/RDatBuf/WrapCnt[7] (SDRRQ)                                            0.00       8.05 f
  SDRAi/RDatBuf/WrapCnt[7] (net)                          0.01                0.00       8.05 f
  SDRAi/RDatBuf/RQH/AA[7] (RF2SH256x4)                              0.13      0.00       8.05 f
  data arrival time                                                                      8.05

  clock nACLK (rise edge)                                                     3.75       3.75
  clock network delay (ideal)                                                 0.00       3.75
  SDRAi/RDatBuf/RQH/CLKA (RF2SH256x4)                                         0.00       3.75 r
  library hold time                                                           0.00       3.75
  data required time                                                                     3.75
  ----------------------------------------------------------------------------------------------
  data required time                                                                     3.75
  data arrival time                                                                     -8.05
  ----------------------------------------------------------------------------------------------
  slack (MET)                                                                            4.30


  Startpoint: SDRAi/RdWrapCnt_reg_7_
              (rising edge-triggered flip-flop clocked by ACLK)
  Endpoint: SDRAi/RDatBuf/RQL
            (rising edge-triggered flip-flop clocked by nACLK)
  Path Group: nACLK
  Path Type: min

  Point                                       Fanout       Cap     Trans      Incr       Path
  ----------------------------------------------------------------------------------------------
  clock ACLK (rise edge)                                                      7.50       7.50
  clock network delay (ideal)                                                 0.00       7.50
  SDRAi/RdWrapCnt_reg_7_/CK (DFFRX1)                                0.00      0.00       7.50 r
  SDRAi/RdWrapCnt_reg_7_/Q (DFFRX1)                                 0.13      0.55       8.05 f
  SDRAi/RdWrapCnt[7] (net)                      2         0.01                0.00       8.05 f
  SDRAi/RDatBuf/WrapCnt[7] (SDRRQ)                                            0.00       8.05 f
  SDRAi/RDatBuf/WrapCnt[7] (net)                          0.01                0.00       8.05 f
  SDRAi/RDatBuf/RQL/AA[7] (RF2SH256x32)                             0.13      0.00       8.05 f
  data arrival time                                                                      8.05

  clock nACLK (rise edge)                                                     3.75       3.75
  clock network delay (ideal)                                                 0.00       3.75
  SDRAi/RDatBuf/RQL/CLKA (RF2SH256x32)                                        0.00       3.75 r
  library hold time                                                           0.00       3.75
  data required time                                                                     3.75
  ----------------------------------------------------------------------------------------------
  data required time                                                                     3.75
  data arrival time                                                                     -8.05
  ----------------------------------------------------------------------------------------------
  slack (MET)                                                                            4.30


  Startpoint: SDRAi/RdWrapCnt_reg_4_
              (rising edge-triggered flip-flop clocked by ACLK)
  Endpoint: SDRAi/RDatBuf/RQH
            (rising edge-triggered flip-flop clocked by nACLK)
  Path Group: nACLK
  Path Type: min

  Point                                       Fanout       Cap     Trans      Incr       Path
  ----------------------------------------------------------------------------------------------
  clock ACLK (rise edge)                                                      7.50       7.50
  clock network delay (ideal)                                                 0.00       7.50
  SDRAi/RdWrapCnt_reg_4_/CK (DFFRX1)                                0.00      0.00       7.50 r
  SDRAi/RdWrapCnt_reg_4_/Q (DFFRX1)                                 0.37      0.57       8.07 r
  SDRAi/RdWrapCnt[4] (net)                      4         0.02                0.00       8.07 r
  SDRAi/RDatBuf/WrapCnt[4] (SDRRQ)                                            0.00       8.07 r
  SDRAi/RDatBuf/WrapCnt[4] (net)                          0.02                0.00       8.07 r
  SDRAi/RDatBuf/RQH/AA[4] (RF2SH256x4)                              0.37      0.00       8.07 r
  data arrival time                                                                      8.07

  clock nACLK (rise edge)                                                     3.75       3.75
  clock network delay (ideal)                                                 0.00       3.75
  SDRAi/RDatBuf/RQH/CLKA (RF2SH256x4)                                         0.00       3.75 r
  library hold time                                                           0.00       3.75
  data required time                                                                     3.75
  ----------------------------------------------------------------------------------------------
  data required time                                                                     3.75
  data arrival time                                                                     -8.07
  ----------------------------------------------------------------------------------------------
  slack (MET)                                                                            4.32


  Startpoint: SDRAi/RdWrapCnt_reg_5_
              (rising edge-triggered flip-flop clocked by ACLK)
  Endpoint: SDRAi/RDatBuf/RQH
            (rising edge-triggered flip-flop clocked by nACLK)
  Path Group: nACLK
  Path Type: min

  Point                                       Fanout       Cap     Trans      Incr       Path
  ----------------------------------------------------------------------------------------------
  clock ACLK (rise edge)                                                      7.50       7.50
  clock network delay (ideal)                                                 0.00       7.50
  SDRAi/RdWrapCnt_reg_5_/CK (DFFRX1)                                0.00      0.00       7.50 r
  SDRAi/RdWrapCnt_reg_5_/Q (DFFRX1)                                 0.37      0.57       8.07 r
  SDRAi/RdWrapCnt[5] (net)                      4         0.02                0.00       8.07 r
  SDRAi/RDatBuf/WrapCnt[5] (SDRRQ)                                            0.00       8.07 r
  SDRAi/RDatBuf/WrapCnt[5] (net)                          0.02                0.00       8.07 r
  SDRAi/RDatBuf/RQH/AA[5] (RF2SH256x4)                              0.37      0.00       8.07 r
  data arrival time                                                                      8.07

  clock nACLK (rise edge)                                                     3.75       3.75
  clock network delay (ideal)                                                 0.00       3.75
  SDRAi/RDatBuf/RQH/CLKA (RF2SH256x4)                                         0.00       3.75 r
  library hold time                                                           0.00       3.75
  data required time                                                                     3.75
  ----------------------------------------------------------------------------------------------
  data required time                                                                     3.75
  data arrival time                                                                     -8.07
  ----------------------------------------------------------------------------------------------
  slack (MET)                                                                            4.32


  Startpoint: SDRAi/RdWrapCnt_reg_4_
              (rising edge-triggered flip-flop clocked by ACLK)
  Endpoint: SDRAi/RDatBuf/RQL
            (rising edge-triggered flip-flop clocked by nACLK)
  Path Group: nACLK
  Path Type: min

  Point                                       Fanout       Cap     Trans      Incr       Path
  ----------------------------------------------------------------------------------------------
  clock ACLK (rise edge)                                                      7.50       7.50
  clock network delay (ideal)                                                 0.00       7.50
  SDRAi/RdWrapCnt_reg_4_/CK (DFFRX1)                                0.00      0.00       7.50 r
  SDRAi/RdWrapCnt_reg_4_/Q (DFFRX1)                                 0.37      0.57       8.07 r
  SDRAi/RdWrapCnt[4] (net)                      4         0.02                0.00       8.07 r
  SDRAi/RDatBuf/WrapCnt[4] (SDRRQ)                                            0.00       8.07 r
  SDRAi/RDatBuf/WrapCnt[4] (net)                          0.02                0.00       8.07 r
  SDRAi/RDatBuf/RQL/AA[4] (RF2SH256x32)                             0.37      0.00       8.07 r
  data arrival time                                                                      8.07

  clock nACLK (rise edge)                                                     3.75       3.75
  clock network delay (ideal)                                                 0.00       3.75
  SDRAi/RDatBuf/RQL/CLKA (RF2SH256x32)                                        0.00       3.75 r
  library hold time                                                           0.00       3.75
  data required time                                                                     3.75
  ----------------------------------------------------------------------------------------------
  data required time                                                                     3.75
  data arrival time                                                                     -8.07
  ----------------------------------------------------------------------------------------------
  slack (MET)                                                                            4.32


  Startpoint: SDRAi/RdWrapCnt_reg_5_
              (rising edge-triggered flip-flop clocked by ACLK)
  Endpoint: SDRAi/RDatBuf/RQL
            (rising edge-triggered flip-flop clocked by nACLK)
  Path Group: nACLK
  Path Type: min

  Point                                       Fanout       Cap     Trans      Incr       Path
  ----------------------------------------------------------------------------------------------
  clock ACLK (rise edge)                                                      7.50       7.50
  clock network delay (ideal)                                                 0.00       7.50
  SDRAi/RdWrapCnt_reg_5_/CK (DFFRX1)                                0.00      0.00       7.50 r
  SDRAi/RdWrapCnt_reg_5_/Q (DFFRX1)                                 0.37      0.57       8.07 r
  SDRAi/RdWrapCnt[5] (net)                      4         0.02                0.00       8.07 r
  SDRAi/RDatBuf/WrapCnt[5] (SDRRQ)                                            0.00       8.07 r
  SDRAi/RDatBuf/WrapCnt[5] (net)                          0.02                0.00       8.07 r
  SDRAi/RDatBuf/RQL/AA[5] (RF2SH256x32)                             0.37      0.00       8.07 r
  data arrival time                                                                      8.07

  clock nACLK (rise edge)                                                     3.75       3.75
  clock network delay (ideal)                                                 0.00       3.75
  SDRAi/RDatBuf/RQL/CLKA (RF2SH256x32)                                        0.00       3.75 r
  library hold time                                                           0.00       3.75
  data required time                                                                     3.75
  ----------------------------------------------------------------------------------------------
  data required time                                                                     3.75
  data arrival time                                                                     -8.07
  ----------------------------------------------------------------------------------------------
  slack (MET)                                                                            4.32


1
