Information: Updating design information... (UID-85)
 
****************************************
Report : qor
Design : SDRTop
Version: V-2004.06
Date   : Fri Jun 30 17:46:02 2006
****************************************


  Timing Path Group 'ACLK'
  -----------------------------------
  Levels of Logic:              34.00
  Critical Path Length:          6.57
  Critical Path Slack:           0.02
  Total Negative Slack:          0.00
  No. of Violating Paths:        0.00
  -----------------------------------

  Timing Path Group 'FCLK'
  -----------------------------------
  Levels of Logic:               2.00
  Critical Path Length:          1.04
  Critical Path Slack:           5.57
  Total Negative Slack:          0.00
  No. of Violating Paths:        0.00
  -----------------------------------

  Timing Path Group 'PCLK'
  -----------------------------------
  Levels of Logic:               0.00
  Critical Path Length:          0.60
  Critical Path Slack:           2.40
  Total Negative Slack:          0.00
  No. of Violating Paths:        0.00
  -----------------------------------

  Timing Path Group 'nACLK'
  -----------------------------------
  Levels of Logic:               0.00
  Critical Path Length:          2.90
  Critical Path Slack:          -0.29
  Total Negative Slack:         -0.47
  No. of Violating Paths:        2.00
  -----------------------------------


  Cell Count
  -----------------------------------
  Hierarchial Cell Count:          13
  Hierarchial Port Count:        1459
  Leaf Cell Count:               7412
  -----------------------------------


  Area
  -----------------------------------
  Combinational Area:    45128.386719
  Noncombinational Area:
                        190494.765625
  Net Area:                  0.000000
  -----------------------------------
  Cell Area:            235623.078125
  Design Area:          235623.078125


  Design Rules
  -----------------------------------
  Total Number of Nets:          8510
  Nets With Violations:             0
  -----------------------------------


  Hostname: soc1.shmt.co.kr

  Compile CPU Statistics
  -----------------------------------
  Resource Sharing:              0.04
  Logic Optimization:           19.22
  Mapping Optimization:         29.18
  -----------------------------------
  Overall Compile Time:         55.93

1
