 
****************************************
Report : net fanout
        -threshold 17
Design : SDRTop
Version: V-2004.06
Date   : Fri Jun 30 17:46:02 2006
****************************************


Operating Conditions: slow   Library: slow
Wire Load Model Mode: top


Attributes:
   dr - drc disabled
    c - annotated capacitance
    d - dont_touch
    i - ideal_net
    I - ideal_network
    p - includes pin load
    r - annotated resistance
    h - high fanout

Net                 Fanout   Attributes   Capacitance   Driver
--------------------------------------------------------------------------------
ACLK                  1298   dr, d            1.78      ACLK
PCLK                    87   dr               0.11      PCKBUF/Y
ARESETB               1288   d, i             0.00      ARESETB
PORESETB                36   d, i             0.00      PORESETB
FCLK                    33   dr, d            0.04      FCLK
PRESETB                 87   d, i             0.00      PRESETB
SDRRDS/n688             39                    0.05      SDRRDS/U576/Y
SDRAi/n_1928            48                    0.07      SDRAi/U2854/Y
SDRAi/n746_0_           18                    0.03      SDRAi/U2985/Y
SDRAi/n4836             39                    0.05      SDRAi/U2963/Y
SDRAi/n5156             32                    0.04      SDRAi/ReadLatchEnFd_reg/QN
SDRAi/n5191             33                    0.05      SDRAi/U3521/Y
SDRCtl/BA_RA[6]         20                    0.06      SDRCtl/U4474/Y
SDRCtl/BA_RA[3]         19                    0.05      SDRCtl/U4476/Y
SDRCtl/BA_RA[1]         19                    0.05      SDRCtl/U4475/Y
SDRCtl/n8641            20                    0.02      SDRCtl/U4644/Y
SDRCtl/n8643            18                    0.02      SDRCtl/U4649/Y
SDRCtl/n9334            19                    0.05      SDRCtl/U4527/Y
SDRCtl/n9337            19                    0.03      SDRCtl/U4783/Y
SDRCtl/B0SM/n2709       21                    0.03      SDRCtl/B0SM/U1342/Y
SDRCtl/B1SM/n2708       21                    0.03      SDRCtl/B1SM/U1344/Y
SDRCtl/B2SM/n2709       21                    0.03      SDRCtl/B2SM/U1356/Y
SDRCtl/B3SM/n2708       21                    0.03      SDRCtl/B3SM/U1344/Y
SDRCtl/CasQ/n4662       33                    0.04      SDRCtl/CasQ/U4926/Y
SDRCtl/CasQ/n4842       25                    0.07      SDRCtl/CasQ/U4796/Y
SDRCtl/CasQ/n5273       21                    0.06      SDRCtl/CasQ/U4789/Y
SDRCtl/CasQ/n5486       22                    0.07      SDRCtl/CasQ/U4825/Y
SDRCtl/CasQ/n5490       21                    0.06      SDRCtl/CasQ/U4854/Y
SDRCtl/CasQ/n5534       36                    0.10      SDRCtl/CasQ/U4816/Y
SDRCtl/CasQ/n6265       27                    0.07      SDRCtl/CasQ/U4837/Y
SDRCtl/CasQ/n6266       23                    0.07      SDRCtl/CasQ/U4833/Y
SDRCtl/CasQ/n6431       20                    0.05      SDRCtl/CasQ/U4828/Y
SDRCtl/CasQ/n6458       34                    0.08      SDRCtl/CasQ/U4911/Y
SDRCtl/CasQ/n6459       35                    0.10      SDRCtl/CasQ/U4909/Y
SDRCtl/CasQ/n6460       34                    0.10      SDRCtl/CasQ/U4933/Y
SDRCtl/CasQ/n6461       34                    0.10      SDRCtl/CasQ/U4908/Y
SDRCtl/CasQ/n6489       19                    0.05      SDRCtl/CasQ/U4827/Y
SDRCtl/CasQ/n6490       35                    0.10      SDRCtl/CasQ/U4965/Y
SDRCtl/RasQ/n2709       18                    0.06      SDRCtl/RasQ/U2850/Y
SDRCtl/RasQ/n2711       18                    0.05      SDRCtl/RasQ/U2373/Y
SDRCtl/RasQ/n2731       18                    0.05      SDRCtl/RasQ/U2362/Y
SDRCtl/RasQ/n2735       19                    0.05      SDRCtl/RasQ/U2342/Y
SDRCtl/RasQ/n2737       20                    0.05      SDRCtl/RasQ/U2349/Y
SDRCtl/RasQ/n2807       18                    0.05      SDRCtl/RasQ/U2368/Y
SDRCtl/RasQ/n2811       19                    0.05      SDRCtl/RasQ/U2347/Y
SDRCtl/RasQ/n2812       20                    0.05      SDRCtl/RasQ/U2404/Y
SDRCtl/RasQ/n2866       18                    0.05      SDRCtl/RasQ/U2365/Y
SDRCtl/RasQ/n2870       19                    0.05      SDRCtl/RasQ/U2328/Y
SDRCtl/RasQ/n2871       20                    0.05      SDRCtl/RasQ/U2351/Y
SDRCtl/RasQ/n2924       18                    0.05      SDRCtl/RasQ/U2367/Y
SDRCtl/RasQ/n2928       19                    0.05      SDRCtl/RasQ/U2346/Y
SDRCtl/RasQ/n2929       20                    0.05      SDRCtl/RasQ/U2402/Y
SDRCtl/RasQ/n2983       18                    0.05      SDRCtl/RasQ/U2364/Y
SDRCtl/RasQ/n2987       19                    0.05      SDRCtl/RasQ/U2327/Y
SDRCtl/RasQ/n2988       20                    0.05      SDRCtl/RasQ/U2350/Y
SDRCtl/RasQ/n3041       18                    0.05      SDRCtl/RasQ/U2366/Y
SDRCtl/RasQ/n3045       19                    0.05      SDRCtl/RasQ/U2345/Y
SDRCtl/RasQ/n3046       20                    0.05      SDRCtl/RasQ/U2400/Y
SDRCtl/RasQ/n3100       18                    0.05      SDRCtl/RasQ/U2363/Y
SDRCtl/RasQ/n3104       19                    0.05      SDRCtl/RasQ/U2329/Y
SDRCtl/RasQ/n3105       20                    0.05      SDRCtl/RasQ/U2348/Y
1
