 KbdSMT926Jpn1

 Timestamp is 452b5fd0 (Tue Oct 10 17:54:40 2006)

 Preferred load address is 10000000

 Start         Length     Name                   Class
 0001:00000000 000015c0H .rdata                  CODE
 0001:000015c0 00000071H .rdata$debug            CODE
 0001:00001634 00004728H .text                   CODE
 0001:00005d5c 00000050H .xdata                  CODE
 0001:00005dac 00000014H .idata$2                CODE
 0001:00005dc0 00000014H .idata$3                CODE
 0001:00005dd4 0000010cH .idata$4                CODE
 0001:00005ee0 0000000cH .idata$6                CODE
 0001:00005ef0 00000249H .edata                  CODE
 0002:00000000 0000010cH .idata$5                DATA
 0002:00000110 0000060cH .data                   DATA
 0002:00000720 000003e4H .bss                    DATA
 0003:00000000 00000238H .pdata                  DATA

  Address         Publics by Value              Rva+Base     Lib:Object

 0000:00000000       ___safe_se_handler_table   00000000     <absolute>
 0000:00000000       ___safe_se_handler_count   00000000     <absolute>
 0001:00000140       ??_C@_1EO@LEIGAKKL@?$AAM?$AAa?$AAt?$AAr?$AAi?$AAx?$AA?3?$AA?5?$AAd?$AAa?$AAt?$AAa?$AA?5?$AAs?$AAt?$AAr?$AAu?$AAc?$AAt?$AAu@ 10001140     SMT926_Layout:smt926.obj
 0001:00000190       ??_C@_1GA@EBOAAHI@?$AAP?$AAS?$AA2?$AA_?$AAA?$AAT?$AA_?$AA0?$AA0?$AA0?$AA1?$AA0?$AA4?$AA1?$AA1?$AA?3?$AA?5?$AAd?$AAa?$AAt@ 10001190     kbdjpn1_lib:kbdjpn1.obj
 0001:00000320       ??_C@_1JO@FNJKHKFF@?$AAc?$AA?3?$AA?2?$AAu?$AAt?$AAi?$AAl?$AAi?$AAt?$AAy?$AA?2?$AAw?$AAi?$AAn?$AAc?$AAe?$AA5?$AA?4?$AA0?$AA?2@ 10001320     LayoutManager:laymgr.obj
 0001:000003c0       ??_C@_1CI@OHCJFJPM@?$AAE?$AAR?$AAR?$AAO?$AAR?$AA?3?$AA?5?$AA?$CF?$AAs?$AA?5?$AAl?$AAi?$AAn?$AAe?$AA?5?$AA?$CF?$AAd?$AA?3?$AA?5?$AA?$AA@ 100013c0     LayoutManager:laymgr.obj
 0001:000003e8       ??_C@_1GA@OJOBFCAJ@?$AAV?$AAa?$AAl?$AAi?$AAd?$AAa?$AAt?$AAe?$AAI?$AAn?$AAp?$AAu?$AAt?$AAL?$AAa?$AAn?$AAg?$AAu?$AAa?$AAg@ 100013e8     LayoutManager:laymgr.obj
 0001:00000448       ??_C@_1KA@IKFNAPIN@?$AAW?$AAr?$AAi?$AAt?$AAe?$AAT?$AAo?$AAC?$AAh?$AAa?$AAr?$AAB?$AAu?$AAf?$AAf?$AAe?$AAr?$AA?3?$AA?5?$AAC@ 10001448     LayoutManager:laymgr.obj
 0001:000004e8       ??_C@_1GE@GJAGNIFN@?$AAP?$AAr?$AAo?$AAc?$AAe?$AAs?$AAs?$AAL?$AAi?$AAg?$AAa?$AAt?$AAu?$AAr?$AAe?$AA?3?$AA?5?$AAT?$AAo?$AAo@ 100014e8     LayoutManager:laymgr.obj
 0001:00000550       ??_C@_1GE@EEKLGEPK@?$AAP?$AAr?$AAo?$AAc?$AAe?$AAs?$AAs?$AAL?$AAi?$AAg?$AAa?$AAt?$AAu?$AAr?$AAe?$AA?3?$AA?5?$AAW?$AAC?$AAH@ 10001550     LayoutManager:laymgr.obj
 0001:000005b8       ??_C@_1HE@LCAGGIGJ@?$AAK?$AAe?$AAy?$AAb?$AAo?$AAa?$AAr?$AAd?$AA?3?$AA?5?$AAE?$AAx?$AAc?$AAe?$AAp?$AAt?$AAi?$AAo?$AAn?$AA?5@ 100015b8     LayoutManager:laymgr.obj
 0001:00000630       ??_C@_1HA@NLAOBOAF@?$AAK?$AAe?$AAy?$AAb?$AAo?$AAa?$AAr?$AAd?$AA?3?$AA?5?$AAR?$AAe?$AAm?$AAa?$AAp?$AAp?$AAi?$AAn?$AAg?$AA?5@ 10001630     LayoutManager:laymgr.obj
 0001:000006a0       ??_C@_1HI@HIFNONDF@?$AAK?$AAe?$AAy?$AAb?$AAo?$AAa?$AAr?$AAd?$AA?3?$AA?5?$AAK?$AAe?$AAy?$AAp?$AAr?$AAe?$AAs?$AAs?$AA?5?$AAi@ 100016a0     LayoutManager:laymgr.obj
 0001:00000718       ??_C@_1GO@DOKJIHPH@?$AAK?$AAb?$AAd?$AAN?$AAo?$AAt?$AAi?$AAf?$AAi?$AAc?$AAa?$AAt?$AAi?$AAo?$AAn?$AAT?$AAh?$AAr?$AAe?$AAa@ 10001718     LayoutManager:laymgr.obj
 0001:00000788       ??_C@_1IM@EMDBBKLD@?$AAK?$AAb?$AAd?$AAN?$AAo?$AAt?$AAi?$AAf?$AAi?$AAc?$AAa?$AAt?$AAi?$AAo?$AAn?$AAT?$AAh?$AAr?$AAe?$AAa@ 10001788     LayoutManager:laymgr.obj
 0001:00000814       ??_C@_17LIMMJKCA@?$AAK?$AAB?$AAD?$AA?$AA@ 10001814     LayoutManager:laymgr.obj
 0001:00000820       ??_C@_1JA@GIEDPKKC@?$AAK?$AAb?$AAd?$AAN?$AAo?$AAt?$AAi?$AAf?$AAi?$AAc?$AAa?$AAt?$AAi?$AAo?$AAn?$AAT?$AAh?$AAr?$AAe?$AAa@ 10001820     LayoutManager:laymgr.obj
 0001:000008b0       ??_C@_1IE@GGGHHACJ@?$AAK?$AAb?$AAd?$AAN?$AAo?$AAt?$AAi?$AAf?$AAi?$AAc?$AAa?$AAt?$AAi?$AAo?$AAn?$AAT?$AAh?$AAr?$AAe?$AAa@ 100018b0     LayoutManager:laymgr.obj
 0001:00000934       ??_C@_1DA@FKJDDCGN@?$AAK?$AAe?$AAy?$AAb?$AAo?$AAa?$AAr?$AAd?$AA?5?$AAL?$AAa?$AAy?$AAo?$AAu?$AAt?$AA?2?$AAP?$AAr?$AAe?$AAl@ 10001934     LayoutManager:laymgr.obj
 0001:00000964       ??_C@_15EFLNJKHH@?$AA?$CF?$AAu?$AA?$AA@ 10001964     LayoutManager:laymgr.obj
 0001:0000096c       ??_C@_19NGFMKOON@?$AA?$CF?$AA0?$AA8?$AAX?$AA?$AA@ 1000196c     LayoutManager:laymgr.obj
 0001:00000978       ??_C@_1KG@CKCOLAOB@?$AAG?$AAe?$AAt?$AAD?$AAe?$AAf?$AAa?$AAu?$AAl?$AAt?$AAI?$AAn?$AAp?$AAu?$AAt?$AAM?$AAe?$AAt?$AAh?$AAo@ 10001978     LayoutManager:laymgr.obj
 0001:00000a20       ??_C@_1HE@IHAGDHOA@?$AAG?$AAe?$AAt?$AAD?$AAe?$AAf?$AAa?$AAu?$AAl?$AAt?$AAI?$AAn?$AAp?$AAu?$AAt?$AAM?$AAe?$AAt?$AAh?$AAo@ 10001a20     LayoutManager:laymgr.obj
 0001:00000a94       ??_C@_1CA@GLIJBCFK@?$AAK?$AAe?$AAy?$AAb?$AAo?$AAa?$AAr?$AAd?$AA?5?$AAL?$AAa?$AAy?$AAo?$AAu?$AAt?$AA?$AA@ 10001a94     LayoutManager:laymgr.obj
 0001:00000ab8       ??_C@_1FI@IHOACNGN@?$AAI?$AAn?$AAv?$AAa?$AAl?$AAi?$AAd?$AA?5?$AAi?$AAn?$AAp?$AAu?$AAt?$AA?5?$AAl?$AAa?$AAn?$AAg?$AAu?$AAa@ 10001ab8     LayoutManager:laymgr.obj
 0001:00000b10       ??_C@_1M@LLCLNBHO@?$AA?$CF?$AAs?$AA_?$AA?$CF?$AAs?$AA?$AA@ 10001b10     LayoutManager:laymgr.obj
 0001:00000b1c       ??_C@_1CA@PAEAFIKJ@?$AAO?$AAu?$AAt?$AA?5?$AAo?$AAf?$AA?5?$AAm?$AAe?$AAm?$AAo?$AAr?$AAy?$AA?$AN?$AA?6?$AA?$AA@ 10001b1c     LayoutManager:laymgr.obj
 0001:00000b40       ??_C@_1FG@IKEAAOND@?$AAI?$AAn?$AAv?$AAa?$AAl?$AAi?$AAd?$AA?5?$AAd?$AAe?$AAv?$AAi?$AAc?$AAe?$AA?5?$AAl?$AAa?$AAy?$AAo?$AAu@ 10001b40     LayoutManager:laymgr.obj
 0001:00000b98       ??_C@_1FG@KKEHCAMF@?$AAU?$AAn?$AAa?$AAb?$AAl?$AAe?$AA?5?$AAt?$AAo?$AA?5?$AAs?$AAe?$AAt?$AA?5?$AAu?$AAp?$AA?5?$AAk?$AAe?$AAy@ 10001b98     LayoutManager:laymgr.obj
 0001:00000bf0       ??_C@_1GK@PNFGDIJE@?$AA?$CF?$AAs?$AA?3?$AA?5?$AAL?$AAa?$AAy?$AAo?$AAu?$AAt?$AA?5?$AAM?$AAa?$AAn?$AAa?$AAg?$AAe?$AAr?$AA?5?$AAs@ 10001bf0     LayoutManager:laymgr.obj
 0001:00000c60       ??_C@_1GK@EADJFIFB@?$AAK?$AAe?$AAy?$AAb?$AAo?$AAa?$AAr?$AAd?$AA?3?$AA?5?$AAE?$AAr?$AAr?$AAo?$AAr?$AA?5?$AAs?$AAe?$AAl?$AAe@ 10001c60     LayoutManager:laymgr.obj
 0001:00000cd0       ??_C@_1ME@GIAPPCNP@?$AAK?$AAe?$AAy?$AAb?$AAo?$AAa?$AAr?$AAd?$AA?3?$AA?5?$AAC?$AAo?$AAu?$AAl?$AAd?$AA?5?$AAn?$AAo?$AAt?$AA?5@ 10001cd0     LayoutManager:laymgr.obj
 0001:00000d98       ??_C@_1LE@PONPAOJG@?$AAK?$AAe?$AAy?$AAb?$AAo?$AAa?$AAr?$AAd?$AA?3?$AA?5?$AAD?$AAe?$AAf?$AAa?$AAu?$AAl?$AAt?$AA?5?$AAi?$AAn@ 10001d98     LayoutManager:laymgr.obj
 0001:00000e50       ??_C@_1FC@BFKJMBD@?$AAK?$AAe?$AAy?$AAb?$AAo?$AAa?$AAr?$AAd?$AA?3?$AA?5?$AAP?$AAD?$AAD?$AA?5?$AA?$CF?$AAu?$AA?5?$AAi?$AAn?$AAi@ 10001e50     LayoutManager:laymgr.obj
 0001:00000ea4       ??_C@_1DO@NIMCJCOO@?$AA?$CF?$AAs?$AA?3?$AA?5?$AAC?$AAa?$AAl?$AAl?$AAe?$AAd?$AA?5?$AAw?$AAi?$AAt?$AAh?$AA?5?$AAh?$AAk?$AAl?$AA?5@ 10001ea4     LayoutManager:laymgr.obj
 0001:00000ee8       ??_C@_1HA@EHIGJNFN@?$AAK?$AAe?$AAy?$AAb?$AAd?$AAD?$AAr?$AAi?$AAv?$AAe?$AAr?$AAV?$AAK?$AAe?$AAy?$AAT?$AAo?$AAU?$AAn?$AAi@ 10001ee8     LayoutManager:laymgr.obj
 0001:00000f58       ??_C@_1FI@LMKMPEMM@?$AAM?$AAa?$AAp?$AAV?$AAi?$AAr?$AAt?$AAu?$AAa?$AAl?$AAK?$AAe?$AAy?$AA?3?$AA?5?$AAN?$AAo?$AA?5?$AAd?$AAe@ 10001f58     LayoutManager:laymgr.obj
 0001:00000fb0       ??_C@_1FK@KLIIDPFG@?$AAM?$AAa?$AAp?$AAV?$AAi?$AAr?$AAt?$AAu?$AAa?$AAl?$AAK?$AAe?$AAy?$AA?3?$AA?5?$AAN?$AAo?$AA?5?$AAi?$AAn@ 10001fb0     LayoutManager:laymgr.obj
 0001:00001010       ??_C@_1EC@PDDNOLEO@?$AAK?$AAe?$AAr?$AAn?$AAe?$AAl?$AA?5?$AAP?$AAr?$AAo?$AAf?$AAi?$AAl?$AAe?$AAr?$AA?5?$AAm?$AAo?$AAd?$AAe@ 10002010     LayoutManager:profiler.obj
 0001:00001054       ??_C@_1DM@LDFFLEGF@?$AAK?$AAe?$AAr?$AAn?$AAe?$AAl?$AA?5?$AAP?$AAr?$AAo?$AAf?$AAi?$AAl?$AAe?$AAr?$AA?5?$AAm?$AAo?$AAd?$AAe@ 10002054     LayoutManager:profiler.obj
 0001:00001090       ??_C@_1EG@OLMAKGJN@?$AAK?$AAe?$AAr?$AAn?$AAe?$AAl?$AA?5?$AAP?$AAr?$AAo?$AAf?$AAi?$AAl?$AAe?$AAr?$AA?5?$AAm?$AAo?$AAd?$AAe@ 10002090     LayoutManager:profiler.obj
 0001:000010e8       ??_C@_1GE@FBCIKAJP@?$AAK?$AAe?$AAy?$AAb?$AAo?$AAa?$AAr?$AAd?$AA?3?$AA?5?$AAB?$AAu?$AAf?$AAf?$AAe?$AAr?$AA?5?$AAn?$AAo?$AAt@ 100020e8     NumPadRmp:numpadrmp.obj
 0001:00001350       ??_C@_1FI@GDAMFMIA@?$AAI?$AAL?$AA_?$AA0?$AA0?$AA0?$AA0?$AA0?$AA4?$AA1?$AA1?$AA?3?$AA?5?$AAd?$AAa?$AAt?$AAa?$AA?5?$AAs?$AAt@ 10002350     InputLang_0411:il_0411.obj
 0001:000013a8       ??_C@_1BC@MIPAGAPN@?$AAP?$AAS?$AA?1?$AA2?$AA?5?$AAN?$AAO?$AAP?$AA?$AA@ 100023a8     Nop_KbdCommon:nopkbd.obj
 0001:000013bc       ??_C@_1O@PLFHEEBL@?$AAM?$AAa?$AAt?$AAr?$AAi?$AAx?$AA?$AA@ 100023bc     SMT926KBD:kbd.obj
 0001:000013d0       ??_C@_1KM@IKCBFCPM@?$AAc?$AA?3?$AA?2?$AAu?$AAt?$AAi?$AAl?$AAi?$AAt?$AAy?$AA?2?$AAw?$AAi?$AAn?$AAc?$AAe?$AA5?$AA?4?$AA0?$AA?2@ 100023d0     SMT926KBD:kbd.obj
 0001:00001480       ??_C@_1EK@MOBBCAKI@?$AAC?$AAo?$AAu?$AAl?$AAd?$AA?5?$AAn?$AAo?$AAt?$AA?5?$AAi?$AAn?$AAi?$AAt?$AAi?$AAa?$AAl?$AAi?$AAz?$AAe@ 10002480     SMT926KBD:kbd.obj
 0001:000014cc       ??_C@_1BA@JCIEHDJA@?$AAS?$AAS?$AAP?$AAB?$AAa?$AAs?$AAe?$AA?$AA@ 100024cc     SMT926KBD:smt926kbd.obj
 0001:000014dc       ??_C@_1O@IEBMKJOO@?$AAI?$AAO?$AAB?$AAa?$AAs?$AAe?$AA?$AA@ 100024dc     SMT926KBD:smt926kbd.obj
 0001:000014ec       ??_C@_1DC@EACIGNLE@?$AAH?$AAA?$AAR?$AAD?$AAW?$AAA?$AAR?$AAE?$AA?2?$AAD?$AAE?$AAV?$AAI?$AAC?$AAE?$AAM?$AAA?$AAP?$AA?2?$AAK@ 100024ec     SMT926KBD:smt926kbd.obj
 0001:00001520       ??_C@_1IA@JKNIKOOG@?$AAE?$AAR?$AAR?$AAO?$AAR?$AA?3?$AA?5?$AAF?$AAa?$AAi?$AAl?$AAe?$AAd?$AA?5?$AAt?$AAo?$AA?5?$AAo?$AAb?$AAt@ 10002520     SMT926KBD:smt926kbd.obj
 0001:000015a0       ??_C@_17DJGGJCGD@?$AAI?$AAr?$AAq?$AA?$AA@ 100025a0     SMT926KBD:smt926kbd.obj
 0001:000015a8       ??_C@_1BI@BHLBGEOK@?$AAP?$AAr?$AAi?$AAo?$AAr?$AAi?$AAt?$AAy?$AA2?$AA5?$AA6?$AA?$AA@ 100025a8     SMT926KBD:smt926kbd.obj
 0001:000017f4       Matrix                     100027f4 f   SMT926_Layout:smt926.obj
 0001:000018ec       PS2_AT_00010411            100028ec f   kbdjpn1_lib:kbdjpn1.obj
 0001:000021f4       KeybdDriverInitStates      100031f4 f   LayoutManager:laymgr.obj
 0001:00002214       KeybdDriverGetInfo         10003214 f   LayoutManager:laymgr.obj
 0001:00002330       KeybdDriverSetMode         10003330 f   LayoutManager:laymgr.obj
 0001:000023f4       KeybdDriverPowerHandler    100033f4 f   LayoutManager:laymgr.obj
 0001:00002630       ?KeybdEventThreadProc@@YAKPAX@Z 10003630 f   LayoutManager:laymgr.obj
 0001:000028e0       ?KeybdEventCallback@@YAXIIH@Z 100038e0 f   LayoutManager:laymgr.obj
 0001:00003320       ?GetKeyboardProcAddr@@YAP6AHXZPAUHINSTANCE__@@PBG@Z 10004320 f   LayoutManager:laymgr.obj
 0001:00003cc4       KeybdDriverInitializeEx    10004cc4 f   LayoutManager:laymgr.obj
 0001:00004070       LayoutMgrGetKeyboardType   10005070 f   LayoutManager:laymgr.obj
 0001:000040f4       LayoutMgrGetKeyboardLayout 100050f4 f   LayoutManager:laymgr.obj
 0001:00004138       LayoutMgrGetKeyboardLayoutName 10005138 f   LayoutManager:laymgr.obj
 0001:0000418c       LayoutMgrGetKeyboardLayoutList 1000518c f   LayoutManager:laymgr.obj
 0001:00004398       LayoutMgrLoadKeyboardLayout 10005398 f   LayoutManager:laymgr.obj
 0001:000045c0       LayoutMgrActivateKeyboardLayout 100055c0 f   LayoutManager:laymgr.obj
 0001:00004654       DllMain                    10005654 f   LayoutManager:laymgr.obj
 0001:0000466c       KeybdDriverVKeyToUnicode   1000566c f   LayoutManager:laymgr.obj
 0001:000049d8       KeybdDriverMapVirtualKey   100059d8 f   LayoutManager:laymgr.obj
 0001:00004bd0       ?DoProfilerKey@@YAHG@Z     10005bd0 f   LayoutManager:profiler.obj
 0001:00004f94       ?NumPadRemapVKey@@YAIPBU_KEYBD_EVENT@@IPAU1@I@Z 10005f94 f   NumPadRmp:numpadrmp.obj
 0001:0000507c       IL_00000411                1000607c f   InputLang_0411:il_0411.obj
 0001:000050c0       NKDbgPrintfW               100060c0 f   coredll:COREDLL.dll
 0001:000050d0       memcpy                     100060d0 f   coredll:COREDLL.dll
 0001:000050e0       EventModify                100060e0 f   coredll:COREDLL.dll
 0001:000050f0       EnterCriticalSection       100060f0 f   coredll:COREDLL.dll
 0001:00005100       LeaveCriticalSection       10006100 f   coredll:COREDLL.dll
 0001:00005110       IsBadCodePtr               10006110 f   coredll:COREDLL.dll
 0001:00005120       memset                     10006120 f   coredll:COREDLL.dll
 0001:00005130       SetLastError               10006130 f   coredll:COREDLL.dll
 0001:00005140       DeviceIoControl            10006140 f   coredll:COREDLL.dll
 0001:00005150       __C_specific_handler       10006150 f   coredll:COREDLL.dll
 0001:00005160       keybd_event                10006160 f   coredll:COREDLL.dll
 0001:00005170       WaitForSingleObject        10006170 f   coredll:COREDLL.dll
 0001:00005180       GetTickCount               10006180 f   coredll:COREDLL.dll
 0001:00005190       SetThreadPriority          10006190 f   coredll:COREDLL.dll
 0001:000051a0       WaitForMultipleObjects     100061a0 f   coredll:COREDLL.dll
 0001:000051b0       StopDeviceNotifications    100061b0 f   coredll:COREDLL.dll
 0001:000051c0       CloseHandle                100061c0 f   coredll:COREDLL.dll
 0001:000051d0       CreateFileW                100061d0 f   coredll:COREDLL.dll
 0001:000051e0       wcsstr                     100061e0 f   coredll:COREDLL.dll
 0001:000051f0       ReadMsgQueue               100061f0 f   coredll:COREDLL.dll
 0001:00005200       RequestDeviceNotifications 10006200 f   coredll:COREDLL.dll
 0001:00005210       GetLastError               10006210 f   coredll:COREDLL.dll
 0001:00005220       CreateMsgQueue             10006220 f   coredll:COREDLL.dll
 0001:00005230       RegOpenKeyExW              10006230 f   coredll:COREDLL.dll
 0001:00005240       RegCloseKey                10006240 f   coredll:COREDLL.dll
 0001:00005250       _snwprintf                 10006250 f   coredll:COREDLL.dll
 0001:00005260       RegQueryValueExW           10006260 f   coredll:COREDLL.dll
 0001:00005270       wcstoul                    10006270 f   coredll:COREDLL.dll
 0001:00005280       wcscpy                     10006280 f   coredll:COREDLL.dll
 0001:00005290       _wcsicmp                   10006290 f   coredll:COREDLL.dll
 0001:000052a0       _wcslwr                    100062a0 f   coredll:COREDLL.dll
 0001:000052b0       wcsrchr                    100062b0 f   coredll:COREDLL.dll
 0001:000052c0       StringCchCopyW             100062c0 f   coredll:COREDLL.dll
 0001:000052d0       GetProcAddressW            100062d0 f   coredll:COREDLL.dll
 0001:000052e0       FreeLibrary                100062e0 f   coredll:COREDLL.dll
 0001:000052f0       wcsncat                    100062f0 f   coredll:COREDLL.dll
 0001:00005300       LoadLibraryW               10006300 f   coredll:COREDLL.dll
 0001:00005310       wcsncpy                    10006310 f   coredll:COREDLL.dll
 0001:00005320       RegEnumValueW              10006320 f   coredll:COREDLL.dll
 0001:00005330       wcsncmp                    10006330 f   coredll:COREDLL.dll
 0001:00005340       LocalFree                  10006340 f   coredll:COREDLL.dll
 0001:00005350       LocalAlloc                 10006350 f   coredll:COREDLL.dll
 0001:00005360       DeleteCriticalSection      10006360 f   coredll:COREDLL.dll
 0001:00005370       CreateThread               10006370 f   coredll:COREDLL.dll
 0001:00005380       CreateEventW               10006380 f   coredll:COREDLL.dll
 0001:00005390       InitializeCriticalSection  10006390 f   coredll:COREDLL.dll
 0001:000053a0       RegDeleteKeyW              100063a0 f   coredll:COREDLL.dll
 0001:000053b0       RegSetValueExW             100063b0 f   coredll:COREDLL.dll
 0001:000053c0       RegCreateKeyExW            100063c0 f   coredll:COREDLL.dll
 0001:000053d0       StringCchLengthW           100063d0 f   coredll:COREDLL.dll
 0001:000053e0       DisableThreadLibraryCalls  100063e0 f   coredll:COREDLL.dll
 0001:000053f0       towlower                   100063f0 f   coredll:COREDLL.dll
 0001:00005400       ProfileStart               10006400 f   coredll:COREDLL.dll
 0001:00005410       ProfileStop                10006410 f   coredll:COREDLL.dll
 0001:00005420       GetAsyncKeyState           10006420 f   coredll:COREDLL.dll
 0001:00005430       IsAPIReady                 10006430 f   coredll:COREDLL.dll
 0001:00005440       ?PS2_NOP_Entry@@YAHIP6AXIIH@ZPAPAUtagKEYBD_PDD@@@Z 10006440 f   Nop_KbdCommon:nopkbd.obj
 0001:00005454       ?ReadRegDWORD@@YAXPBG0PAK@Z 10006454 f   SMT926KBD:kbd.obj
 0001:00005524       ?Matrix_Entry@@YAHIP6AXIIH@ZPAPAUtagKEYBD_PDD@@@Z 10006524 f   SMT926KBD:kbd.obj
 0001:000055e0       ?putcToKBCTL@@YAHE@Z       100065e0 f   SMT926KBD:smt926kbd.obj
 0001:00005638       ?getsFromKBCTL@@YAXPAEH@Z  10006638 f   SMT926KBD:smt926kbd.obj
 0001:000056dc       ?putsToKBCTL@@YAXPAEH@Z    100066dc f   SMT926KBD:smt926kbd.obj
 0001:00005778       ?KeybdDriverInitializeAddresses@@YAHXZ 10006778 f   SMT926KBD:smt926kbd.obj
 0001:00005900       ?KeybdPdd_ToggleKeyNotification@@YAXI@Z 10006900 f   SMT926KBD:smt926kbd.obj
 0001:00005904       ?IsrThreadProc@Ps2Keybd@@QAAHXZ 10006904 f   SMT926KBD:smt926kbd.obj
 0001:00005a40       ?Ps2KeybdIsrThread@@YAKPAVPs2Keybd@@@Z 10006a40 f   SMT926KBD:smt926kbd.obj
 0001:00005a54       ?IsrThreadStart@Ps2Keybd@@QAAHXZ 10006a54 f   SMT926KBD:smt926kbd.obj
 0001:00005a94       ?Initialize@Ps2Keybd@@QAAHXZ 10006a94 f   SMT926KBD:smt926kbd.obj
 0001:00005a9c       ?KeybdPowerOn@Ps2Keybd@@QAAHXZ 10006a9c f   SMT926KBD:smt926kbd.obj
 0001:00005c24       ?KeybdPdd_PowerHandler@@YAXH@Z 10006c24 f   SMT926KBD:smt926kbd.obj
 0001:00005c44       ?KeybdIstLoop@@YAHPAUtagKEYBD_IST@@@Z 10006c44 f   KeybdIst:keybdist.obj
 0001:00005ccc       ??3@YAXPAX@Z               10006ccc f   coredll:COREDLL.dll
 0001:00005cdc       ??2@YAPAXI@Z               10006cdc f   coredll:COREDLL.dll
 0001:00005cec       VirtualFree                10006cec f   coredll:COREDLL.dll
 0001:00005cfc       VirtualCopy                10006cfc f   coredll:COREDLL.dll
 0001:00005d0c       VirtualAlloc               10006d0c f   coredll:COREDLL.dll
 0001:00005d1c       CeSetThreadPriority        10006d1c f   coredll:COREDLL.dll
 0001:00005d2c       InterruptInitialize        10006d2c f   coredll:COREDLL.dll
 0001:00005d3c       KernelIoControl            10006d3c f   coredll:COREDLL.dll
 0001:00005d4c       InterruptDone              10006d4c f   coredll:COREDLL.dll
 0001:00005dac       __IMPORT_DESCRIPTOR_COREDLL 10006dac     coredll:COREDLL.dll
 0001:00005dc0       __NULL_IMPORT_DESCRIPTOR   10006dc0     coredll:COREDLL.dll
 0002:00000000       __imp_NKDbgPrintfW         10008000     coredll:COREDLL.dll
 0002:00000004       __imp_memcpy               10008004     coredll:COREDLL.dll
 0002:00000008       __imp_EventModify          10008008     coredll:COREDLL.dll
 0002:0000000c       __imp_EnterCriticalSection 1000800c     coredll:COREDLL.dll
 0002:00000010       __imp_LeaveCriticalSection 10008010     coredll:COREDLL.dll
 0002:00000014       __imp_IsBadCodePtr         10008014     coredll:COREDLL.dll
 0002:00000018       __imp_memset               10008018     coredll:COREDLL.dll
 0002:0000001c       __imp_SetLastError         1000801c     coredll:COREDLL.dll
 0002:00000020       __imp_DeviceIoControl      10008020     coredll:COREDLL.dll
 0002:00000024       __imp___C_specific_handler 10008024     coredll:COREDLL.dll
 0002:00000028       __imp_keybd_event          10008028     coredll:COREDLL.dll
 0002:0000002c       __imp_WaitForSingleObject  1000802c     coredll:COREDLL.dll
 0002:00000030       __imp_GetTickCount         10008030     coredll:COREDLL.dll
 0002:00000034       __imp_SetThreadPriority    10008034     coredll:COREDLL.dll
 0002:00000038       __imp___rt_udiv            10008038     coredll:COREDLL.dll
 0002:0000003c       __imp_WaitForMultipleObjects 1000803c     coredll:COREDLL.dll
 0002:00000040       __imp_StopDeviceNotifications 10008040     coredll:COREDLL.dll
 0002:00000044       __imp_CloseHandle          10008044     coredll:COREDLL.dll
 0002:00000048       __imp_CreateFileW          10008048     coredll:COREDLL.dll
 0002:0000004c       __imp_wcsstr               1000804c     coredll:COREDLL.dll
 0002:00000050       __imp_ReadMsgQueue         10008050     coredll:COREDLL.dll
 0002:00000054       __imp_RequestDeviceNotifications 10008054     coredll:COREDLL.dll
 0002:00000058       __imp_GetLastError         10008058     coredll:COREDLL.dll
 0002:0000005c       __imp_CreateMsgQueue       1000805c     coredll:COREDLL.dll
 0002:00000060       __imp_RegOpenKeyExW        10008060     coredll:COREDLL.dll
 0002:00000064       __imp_RegCloseKey          10008064     coredll:COREDLL.dll
 0002:00000068       __imp__snwprintf           10008068     coredll:COREDLL.dll
 0002:0000006c       __imp_RegQueryValueExW     1000806c     coredll:COREDLL.dll
 0002:00000070       __imp_wcstoul              10008070     coredll:COREDLL.dll
 0002:00000074       __imp_wcscpy               10008074     coredll:COREDLL.dll
 0002:00000078       __imp__wcsicmp             10008078     coredll:COREDLL.dll
 0002:0000007c       __imp__wcslwr              1000807c     coredll:COREDLL.dll
 0002:00000080       __imp_wcsrchr              10008080     coredll:COREDLL.dll
 0002:00000084       __imp_StringCchCopyW       10008084     coredll:COREDLL.dll
 0002:00000088       __imp_GetProcAddressW      10008088     coredll:COREDLL.dll
 0002:0000008c       __imp_FreeLibrary          1000808c     coredll:COREDLL.dll
 0002:00000090       __imp_wcsncat              10008090     coredll:COREDLL.dll
 0002:00000094       __imp_LoadLibraryW         10008094     coredll:COREDLL.dll
 0002:00000098       __imp_wcsncpy              10008098     coredll:COREDLL.dll
 0002:0000009c       __imp_RegEnumValueW        1000809c     coredll:COREDLL.dll
 0002:000000a0       __imp_wcsncmp              100080a0     coredll:COREDLL.dll
 0002:000000a4       __imp_LocalFree            100080a4     coredll:COREDLL.dll
 0002:000000a8       __imp_LocalAlloc           100080a8     coredll:COREDLL.dll
 0002:000000ac       __imp_DeleteCriticalSection 100080ac     coredll:COREDLL.dll
 0002:000000b0       __imp_CreateThread         100080b0     coredll:COREDLL.dll
 0002:000000b4       __imp_CreateEventW         100080b4     coredll:COREDLL.dll
 0002:000000b8       __imp_InitializeCriticalSection 100080b8     coredll:COREDLL.dll
 0002:000000bc       __imp_RegDeleteKeyW        100080bc     coredll:COREDLL.dll
 0002:000000c0       __imp_RegSetValueExW       100080c0     coredll:COREDLL.dll
 0002:000000c4       __imp_RegCreateKeyExW      100080c4     coredll:COREDLL.dll
 0002:000000c8       __imp_StringCchLengthW     100080c8     coredll:COREDLL.dll
 0002:000000cc       __imp_DisableThreadLibraryCalls 100080cc     coredll:COREDLL.dll
 0002:000000d0       __imp_towlower             100080d0     coredll:COREDLL.dll
 0002:000000d4       __imp_ProfileStart         100080d4     coredll:COREDLL.dll
 0002:000000d8       __imp_ProfileStop          100080d8     coredll:COREDLL.dll
 0002:000000dc       __imp_GetAsyncKeyState     100080dc     coredll:COREDLL.dll
 0002:000000e0       __imp_IsAPIReady           100080e0     coredll:COREDLL.dll
 0002:000000e4       __imp_??3@YAXPAX@Z         100080e4     coredll:COREDLL.dll
 0002:000000e8       __imp_??2@YAPAXI@Z         100080e8     coredll:COREDLL.dll
 0002:000000ec       __imp_VirtualFree          100080ec     coredll:COREDLL.dll
 0002:000000f0       __imp_VirtualCopy          100080f0     coredll:COREDLL.dll
 0002:000000f4       __imp_VirtualAlloc         100080f4     coredll:COREDLL.dll
 0002:000000f8       __imp_CeSetThreadPriority  100080f8     coredll:COREDLL.dll
 0002:000000fc       __imp_InterruptInitialize  100080fc     coredll:COREDLL.dll
 0002:00000100       __imp_KernelIoControl      10008100     coredll:COREDLL.dll
 0002:00000104       __imp_InterruptDone        10008104     coredll:COREDLL.dll
 0002:00000108       \177COREDLL_NULL_THUNK_DATA 10008108     coredll:COREDLL.dll
 0002:00000138       ?ScanCodeToVKeyTable@@3PAEA 10008138     SMT926_Layout:smt926.obj
 0002:000006ec       ?g_rgpfnPddEntries@@3PAP6AHIP6AXIIH@ZPAPAUtagKEYBD_PDD@@@ZA 100086ec     PddList:pddlist.obj
 0002:00000718       ?g_dwSysIntr_Keybd@@3KA    10008718     SMT926KBD:smt926kbd.obj
 0002:00000764       ?g_csEventCallback@@3UCRITICAL_SECTION@@A 10008764     LayoutManager:laymgr.obj
 0002:00000ae8       ?v_pfnKeybdEvent@@3P6AXIIH@ZA 10008ae8     SMT926KBD:kbd.obj
 0002:00000aec       ?v_uiPddId@@3IA            10008aec     SMT926KBD:kbd.obj
 0002:00000af4       ?v_pSPIregs@@3PCUSMT926A_SPI_REG@@C 10008af4     SMT926KBD:smt926kbd.obj
 0002:00000af8       ?v_pIOPregs@@3PCUSMT926A_IOPORT_REG@@C 10008af8     SMT926KBD:smt926kbd.obj
 0002:00000afc       ?v_pp2k@@3PAVPs2Keybd@@A   10008afc     SMT926KBD:smt926kbd.obj

 entry point at        0001:00004654

 Static symbols

 0001:00001634       ?MatrixUsRemapVKey@@YAIPBU_KEYBD_EVENT@@IPAU1@I@Z 10002634 f   SMT926_Layout:smt926.obj
 0001:00001838       ?ATJpn1RemapVKey@@YAIPBU_KEYBD_EVENT@@IPAU1@I@Z 10002838 f   kbdjpn1_lib:kbdjpn1.obj
 0001:00001930       ?ValidateInputLanguage@@YAHPBU_INPUT_LANGUAGE@@@Z 10002930 f   LayoutManager:laymgr.obj
 0001:000019fc       ?ScanCodeToVKey@@YAHIPAPAUScanCodeToVKeyData@@IPAI@Z 100029fc f   LayoutManager:laymgr.obj
 0001:00001a88       ?WriteToCharBuffer@@YAXGIPAI0@Z 10002a88 f   LayoutManager:laymgr.obj
 0001:00001ae8       ?ProcessDeadKeys@@YAIPAGPBU_DEADKEY@@GPAIII@Z 10002ae8 f   LayoutManager:laymgr.obj
 0001:00001b9c       ?ProcessLigature@@YAIPAUtagINPUT_LANGUAGE_INFO@@IIGPAII@Z 10002b9c f   LayoutManager:laymgr.obj
 0001:00001d08       ?GetCharacters@@YAIPAUtagINPUT_LANGUAGE_INFO@@PBU_VK_TO_WCHAR_TABLE@@PBU_VK_TO_WCHARS1@@GIPAII@Z 10002d08 f   LayoutManager:laymgr.obj
 0001:00001e64       ?VKeyToUnicode@@YAIPAUtagINPUT_LANGUAGE_INFO@@IIPAII@Z 10002e64 f   LayoutManager:laymgr.obj
 0001:00002004       ?AltNumKeyEvent@@YAHIIPAI0@Z 10003004 f   LayoutManager:laymgr.obj
 0001:000022cc       ?BroadcastToKeyboards@@YAXKPAXK@Z 100032cc f   LayoutManager:laymgr.obj
 0001:00002478       ?CallDLRemapFn@@YAIP6AIPBU_KEYBD_EVENT@@IPAU1@I@Z0I1I@Z 10003478 f   LayoutManager:laymgr.obj
 0001:000024d8       ?SendRemappedEvent@@YAXIIIHPAUtagDEVICE_LAYOUT_INFO@@@Z 100034d8 f   LayoutManager:laymgr.obj
 0001:00002954       ?KbdNotificationThread@@YAKPAX@Z 10003954 f   LayoutManager:laymgr.obj
 0001:00002cfc       ?GetPreloadInputMethodKey@@YAHIPAPAUHKEY__@@@Z 10003cfc f   LayoutManager:laymgr.obj
 0001:00002db0       ?GetPreloadInputMethodName@@YAHIPAG@Z 10003db0 f   LayoutManager:laymgr.obj
 0001:00002e44       ?GetInputMethodInfo@@YAHPBGPAUtagINPUT_LANGUAGE_INFO@@@Z 10003e44 f   LayoutManager:laymgr.obj
 0001:00002f94       ?GetDefaultInputMethodName@@YAHPAG@Z 10003f94 f   LayoutManager:laymgr.obj
 0001:00003128       ?GenerateModifierToShiftTable@@YAHPAUtagINPUT_LANGUAGE_INFO@@@Z 10004128 f   LayoutManager:laymgr.obj
 0001:000031f8       ?GetImeKeyboardLayout@@YAPAUHKL__@@PAU1@@Z 100041f8 f   LayoutManager:laymgr.obj
 0001:0000338c       ?SetInputLanguage@@YAHPAUHKL__@@PAPAU1@@Z 1000438c f   LayoutManager:laymgr.obj
 0001:00003650       ?DeviceLayoutMatchesPDD@@YAHPBG00GPAGK@Z 10004650 f   LayoutManager:laymgr.obj
 0001:000037e4       ?SelectDeviceLayout@@YAHPAGPAUtagKEYBD_PDD@@0K0K@Z 100047e4 f   LayoutManager:laymgr.obj
 0001:000039e8       ?SetDeviceLayout@@YAHPAUHKL__@@I@Z 100049e8 f   LayoutManager:laymgr.obj
 0001:00004278       ?IsLayoutLoaded@@YAHPBG@Z  10005278 f   LayoutManager:laymgr.obj
 0001:00004ca4       ?NumPadRemapVKeyDown@@YAIIIIPAU_KEYBD_EVENT@@@Z 10005ca4 f   NumPadRmp:numpadrmp.obj
 0001:00004e10       ?NumPadRemapVKeyUp@@YAIIIIPAU_KEYBD_EVENT@@@Z 10005e10 f   NumPadRmp:numpadrmp.obj
 0001:000054d8       ?Matrix_PowerHandler@@YAXIH@Z 100064d8 f   SMT926KBD:kbd.obj
 0001:000054ec       ?Matrix_ToggleLights@@YAXII@Z 100064ec f   SMT926KBD:kbd.obj
 0001:00005898       ?KeybdPdd_GetEventEx2@@YAIIQAIQAH@Z 10006898 f   SMT926KBD:smt926kbd.obj
