 KbdSMT926Us

 Timestamp is 452b5fd2 (Tue Oct 10 17:54:42 2006)

 Preferred load address is 10000000

 Start         Length     Name                   Class
 0001:00000000 000015c0H .rdata                  CODE
 0001:000015c0 0000006fH .rdata$debug            CODE
 0001:00001630 00004728H .text                   CODE
 0001:00005d58 00000050H .xdata                  CODE
 0001:00005da8 00000014H .idata$2                CODE
 0001:00005dbc 00000014H .idata$3                CODE
 0001:00005dd0 0000010cH .idata$4                CODE
 0001:00005edc 0000000cH .idata$6                CODE
 0001:00005ef0 00000249H .edata                  CODE
 0002:00000000 0000010cH .idata$5                DATA
 0002:00000110 00000480H .data                   DATA
 0002:00000590 000003e4H .bss                    DATA
 0003:00000000 00000238H .pdata                  DATA

  Address         Publics by Value              Rva+Base     Lib:Object

 0000:00000000       ___safe_se_handler_count   00000000     <absolute>
 0000:00000000       ___safe_se_handler_table   00000000     <absolute>
 0001:00000140       ??_C@_1EO@LEIGAKKL@?$AAM?$AAa?$AAt?$AAr?$AAi?$AAx?$AA?3?$AA?5?$AAd?$AAa?$AAt?$AAa?$AA?5?$AAs?$AAt?$AAr?$AAu?$AAc?$AAt?$AAu@ 10001140     SMT926_Layout:smt926.obj
 0001:00000190       ??_C@_1GA@EMDEEELP@?$AAP?$AAS?$AA2?$AA_?$AAA?$AAT?$AA_?$AA0?$AA0?$AA0?$AA0?$AA0?$AA4?$AA0?$AA9?$AA?3?$AA?5?$AAd?$AAa?$AAt@ 10001190     kbdus_lib:kbdus.obj
 0001:00000320       ??_C@_1JO@FNJKHKFF@?$AAc?$AA?3?$AA?2?$AAu?$AAt?$AAi?$AAl?$AAi?$AAt?$AAy?$AA?2?$AAw?$AAi?$AAn?$AAc?$AAe?$AA5?$AA?4?$AA0?$AA?2@ 10001320     LayoutManager:laymgr.obj
 0001:000003c0       ??_C@_1CI@OHCJFJPM@?$AAE?$AAR?$AAR?$AAO?$AAR?$AA?3?$AA?5?$AA?$CF?$AAs?$AA?5?$AAl?$AAi?$AAn?$AAe?$AA?5?$AA?$CF?$AAd?$AA?3?$AA?5?$AA?$AA@ 100013c0     LayoutManager:laymgr.obj
 0001:000003e8       ??_C@_1GA@OJOBFCAJ@?$AAV?$AAa?$AAl?$AAi?$AAd?$AAa?$AAt?$AAe?$AAI?$AAn?$AAp?$AAu?$AAt?$AAL?$AAa?$AAn?$AAg?$AAu?$AAa?$AAg@ 100013e8     LayoutManager:laymgr.obj
 0001:00000448       ??_C@_1KA@IKFNAPIN@?$AAW?$AAr?$AAi?$AAt?$AAe?$AAT?$AAo?$AAC?$AAh?$AAa?$AAr?$AAB?$AAu?$AAf?$AAf?$AAe?$AAr?$AA?3?$AA?5?$AAC@ 10001448     LayoutManager:laymgr.obj
 0001:000004e8       ??_C@_1GE@GJAGNIFN@?$AAP?$AAr?$AAo?$AAc?$AAe?$AAs?$AAs?$AAL?$AAi?$AAg?$AAa?$AAt?$AAu?$AAr?$AAe?$AA?3?$AA?5?$AAT?$AAo?$AAo@ 100014e8     LayoutManager:laymgr.obj
 0001:00000550       ??_C@_1GE@EEKLGEPK@?$AAP?$AAr?$AAo?$AAc?$AAe?$AAs?$AAs?$AAL?$AAi?$AAg?$AAa?$AAt?$AAu?$AAr?$AAe?$AA?3?$AA?5?$AAW?$AAC?$AAH@ 10001550     LayoutManager:laymgr.obj
 0001:000005b8       ??_C@_1HE@LCAGGIGJ@?$AAK?$AAe?$AAy?$AAb?$AAo?$AAa?$AAr?$AAd?$AA?3?$AA?5?$AAE?$AAx?$AAc?$AAe?$AAp?$AAt?$AAi?$AAo?$AAn?$AA?5@ 100015b8     LayoutManager:laymgr.obj
 0001:00000630       ??_C@_1HA@NLAOBOAF@?$AAK?$AAe?$AAy?$AAb?$AAo?$AAa?$AAr?$AAd?$AA?3?$AA?5?$AAR?$AAe?$AAm?$AAa?$AAp?$AAp?$AAi?$AAn?$AAg?$AA?5@ 10001630     LayoutManager:laymgr.obj
 0001:000006a0       ??_C@_1HI@HIFNONDF@?$AAK?$AAe?$AAy?$AAb?$AAo?$AAa?$AAr?$AAd?$AA?3?$AA?5?$AAK?$AAe?$AAy?$AAp?$AAr?$AAe?$AAs?$AAs?$AA?5?$AAi@ 100016a0     LayoutManager:laymgr.obj
 0001:00000718       ??_C@_1GO@DOKJIHPH@?$AAK?$AAb?$AAd?$AAN?$AAo?$AAt?$AAi?$AAf?$AAi?$AAc?$AAa?$AAt?$AAi?$AAo?$AAn?$AAT?$AAh?$AAr?$AAe?$AAa@ 10001718     LayoutManager:laymgr.obj
 0001:00000788       ??_C@_1IM@EMDBBKLD@?$AAK?$AAb?$AAd?$AAN?$AAo?$AAt?$AAi?$AAf?$AAi?$AAc?$AAa?$AAt?$AAi?$AAo?$AAn?$AAT?$AAh?$AAr?$AAe?$AAa@ 10001788     LayoutManager:laymgr.obj
 0001:00000814       ??_C@_17LIMMJKCA@?$AAK?$AAB?$AAD?$AA?$AA@ 10001814     LayoutManager:laymgr.obj
 0001:00000820       ??_C@_1JA@GIEDPKKC@?$AAK?$AAb?$AAd?$AAN?$AAo?$AAt?$AAi?$AAf?$AAi?$AAc?$AAa?$AAt?$AAi?$AAo?$AAn?$AAT?$AAh?$AAr?$AAe?$AAa@ 10001820     LayoutManager:laymgr.obj
 0001:000008b0       ??_C@_1IE@GGGHHACJ@?$AAK?$AAb?$AAd?$AAN?$AAo?$AAt?$AAi?$AAf?$AAi?$AAc?$AAa?$AAt?$AAi?$AAo?$AAn?$AAT?$AAh?$AAr?$AAe?$AAa@ 100018b0     LayoutManager:laymgr.obj
 0001:00000934       ??_C@_1DA@FKJDDCGN@?$AAK?$AAe?$AAy?$AAb?$AAo?$AAa?$AAr?$AAd?$AA?5?$AAL?$AAa?$AAy?$AAo?$AAu?$AAt?$AA?2?$AAP?$AAr?$AAe?$AAl@ 10001934     LayoutManager:laymgr.obj
 0001:00000964       ??_C@_15EFLNJKHH@?$AA?$CF?$AAu?$AA?$AA@ 10001964     LayoutManager:laymgr.obj
 0001:0000096c       ??_C@_19NGFMKOON@?$AA?$CF?$AA0?$AA8?$AAX?$AA?$AA@ 1000196c     LayoutManager:laymgr.obj
 0001:00000978       ??_C@_1KG@CKCOLAOB@?$AAG?$AAe?$AAt?$AAD?$AAe?$AAf?$AAa?$AAu?$AAl?$AAt?$AAI?$AAn?$AAp?$AAu?$AAt?$AAM?$AAe?$AAt?$AAh?$AAo@ 10001978     LayoutManager:laymgr.obj
 0001:00000a20       ??_C@_1HE@IHAGDHOA@?$AAG?$AAe?$AAt?$AAD?$AAe?$AAf?$AAa?$AAu?$AAl?$AAt?$AAI?$AAn?$AAp?$AAu?$AAt?$AAM?$AAe?$AAt?$AAh?$AAo@ 10001a20     LayoutManager:laymgr.obj
 0001:00000a94       ??_C@_1CA@GLIJBCFK@?$AAK?$AAe?$AAy?$AAb?$AAo?$AAa?$AAr?$AAd?$AA?5?$AAL?$AAa?$AAy?$AAo?$AAu?$AAt?$AA?$AA@ 10001a94     LayoutManager:laymgr.obj
 0001:00000ab8       ??_C@_1FI@IHOACNGN@?$AAI?$AAn?$AAv?$AAa?$AAl?$AAi?$AAd?$AA?5?$AAi?$AAn?$AAp?$AAu?$AAt?$AA?5?$AAl?$AAa?$AAn?$AAg?$AAu?$AAa@ 10001ab8     LayoutManager:laymgr.obj
 0001:00000b10       ??_C@_1M@LLCLNBHO@?$AA?$CF?$AAs?$AA_?$AA?$CF?$AAs?$AA?$AA@ 10001b10     LayoutManager:laymgr.obj
 0001:00000b1c       ??_C@_1CA@PAEAFIKJ@?$AAO?$AAu?$AAt?$AA?5?$AAo?$AAf?$AA?5?$AAm?$AAe?$AAm?$AAo?$AAr?$AAy?$AA?$AN?$AA?6?$AA?$AA@ 10001b1c     LayoutManager:laymgr.obj
 0001:00000b40       ??_C@_1FG@IKEAAOND@?$AAI?$AAn?$AAv?$AAa?$AAl?$AAi?$AAd?$AA?5?$AAd?$AAe?$AAv?$AAi?$AAc?$AAe?$AA?5?$AAl?$AAa?$AAy?$AAo?$AAu@ 10001b40     LayoutManager:laymgr.obj
 0001:00000b98       ??_C@_1FG@KKEHCAMF@?$AAU?$AAn?$AAa?$AAb?$AAl?$AAe?$AA?5?$AAt?$AAo?$AA?5?$AAs?$AAe?$AAt?$AA?5?$AAu?$AAp?$AA?5?$AAk?$AAe?$AAy@ 10001b98     LayoutManager:laymgr.obj
 0001:00000bf0       ??_C@_1GK@PNFGDIJE@?$AA?$CF?$AAs?$AA?3?$AA?5?$AAL?$AAa?$AAy?$AAo?$AAu?$AAt?$AA?5?$AAM?$AAa?$AAn?$AAa?$AAg?$AAe?$AAr?$AA?5?$AAs@ 10001bf0     LayoutManager:laymgr.obj
 0001:00000c60       ??_C@_1GK@EADJFIFB@?$AAK?$AAe?$AAy?$AAb?$AAo?$AAa?$AAr?$AAd?$AA?3?$AA?5?$AAE?$AAr?$AAr?$AAo?$AAr?$AA?5?$AAs?$AAe?$AAl?$AAe@ 10001c60     LayoutManager:laymgr.obj
 0001:00000cd0       ??_C@_1ME@GIAPPCNP@?$AAK?$AAe?$AAy?$AAb?$AAo?$AAa?$AAr?$AAd?$AA?3?$AA?5?$AAC?$AAo?$AAu?$AAl?$AAd?$AA?5?$AAn?$AAo?$AAt?$AA?5@ 10001cd0     LayoutManager:laymgr.obj
 0001:00000d98       ??_C@_1LE@PONPAOJG@?$AAK?$AAe?$AAy?$AAb?$AAo?$AAa?$AAr?$AAd?$AA?3?$AA?5?$AAD?$AAe?$AAf?$AAa?$AAu?$AAl?$AAt?$AA?5?$AAi?$AAn@ 10001d98     LayoutManager:laymgr.obj
 0001:00000e50       ??_C@_1FC@BFKJMBD@?$AAK?$AAe?$AAy?$AAb?$AAo?$AAa?$AAr?$AAd?$AA?3?$AA?5?$AAP?$AAD?$AAD?$AA?5?$AA?$CF?$AAu?$AA?5?$AAi?$AAn?$AAi@ 10001e50     LayoutManager:laymgr.obj
 0001:00000ea4       ??_C@_1DO@NIMCJCOO@?$AA?$CF?$AAs?$AA?3?$AA?5?$AAC?$AAa?$AAl?$AAl?$AAe?$AAd?$AA?5?$AAw?$AAi?$AAt?$AAh?$AA?5?$AAh?$AAk?$AAl?$AA?5@ 10001ea4     LayoutManager:laymgr.obj
 0001:00000ee8       ??_C@_1HA@EHIGJNFN@?$AAK?$AAe?$AAy?$AAb?$AAd?$AAD?$AAr?$AAi?$AAv?$AAe?$AAr?$AAV?$AAK?$AAe?$AAy?$AAT?$AAo?$AAU?$AAn?$AAi@ 10001ee8     LayoutManager:laymgr.obj
 0001:00000f58       ??_C@_1FI@LMKMPEMM@?$AAM?$AAa?$AAp?$AAV?$AAi?$AAr?$AAt?$AAu?$AAa?$AAl?$AAK?$AAe?$AAy?$AA?3?$AA?5?$AAN?$AAo?$AA?5?$AAd?$AAe@ 10001f58     LayoutManager:laymgr.obj
 0001:00000fb0       ??_C@_1FK@KLIIDPFG@?$AAM?$AAa?$AAp?$AAV?$AAi?$AAr?$AAt?$AAu?$AAa?$AAl?$AAK?$AAe?$AAy?$AA?3?$AA?5?$AAN?$AAo?$AA?5?$AAi?$AAn@ 10001fb0     LayoutManager:laymgr.obj
 0001:00001010       ??_C@_1EC@PDDNOLEO@?$AAK?$AAe?$AAr?$AAn?$AAe?$AAl?$AA?5?$AAP?$AAr?$AAo?$AAf?$AAi?$AAl?$AAe?$AAr?$AA?5?$AAm?$AAo?$AAd?$AAe@ 10002010     LayoutManager:profiler.obj
 0001:00001054       ??_C@_1DM@LDFFLEGF@?$AAK?$AAe?$AAr?$AAn?$AAe?$AAl?$AA?5?$AAP?$AAr?$AAo?$AAf?$AAi?$AAl?$AAe?$AAr?$AA?5?$AAm?$AAo?$AAd?$AAe@ 10002054     LayoutManager:profiler.obj
 0001:00001090       ??_C@_1EG@OLMAKGJN@?$AAK?$AAe?$AAr?$AAn?$AAe?$AAl?$AA?5?$AAP?$AAr?$AAo?$AAf?$AAi?$AAl?$AAe?$AAr?$AA?5?$AAm?$AAo?$AAd?$AAe@ 10002090     LayoutManager:profiler.obj
 0001:000010e8       ??_C@_1GE@FBCIKAJP@?$AAK?$AAe?$AAy?$AAb?$AAo?$AAa?$AAr?$AAd?$AA?3?$AA?5?$AAB?$AAu?$AAf?$AAf?$AAe?$AAr?$AA?5?$AAn?$AAo?$AAt@ 100020e8     NumPadRmp:numpadrmp.obj
 0001:00001350       ??_C@_1FI@KFGEKJHJ@?$AAI?$AAL?$AA_?$AA0?$AA0?$AA0?$AA0?$AA0?$AA4?$AA0?$AA9?$AA?3?$AA?5?$AAd?$AAa?$AAt?$AAa?$AA?5?$AAs?$AAt@ 10002350     InputLang_0409:il_0409.obj
 0001:000013a8       ??_C@_1BC@MIPAGAPN@?$AAP?$AAS?$AA?1?$AA2?$AA?5?$AAN?$AAO?$AAP?$AA?$AA@ 100023a8     Nop_KbdCommon:nopkbd.obj
 0001:000013bc       ??_C@_1O@PLFHEEBL@?$AAM?$AAa?$AAt?$AAr?$AAi?$AAx?$AA?$AA@ 100023bc     SMT926KBD:kbd.obj
 0001:000013d0       ??_C@_1KM@IKCBFCPM@?$AAc?$AA?3?$AA?2?$AAu?$AAt?$AAi?$AAl?$AAi?$AAt?$AAy?$AA?2?$AAw?$AAi?$AAn?$AAc?$AAe?$AA5?$AA?4?$AA0?$AA?2@ 100023d0     SMT926KBD:kbd.obj
 0001:00001480       ??_C@_1EK@MOBBCAKI@?$AAC?$AAo?$AAu?$AAl?$AAd?$AA?5?$AAn?$AAo?$AAt?$AA?5?$AAi?$AAn?$AAi?$AAt?$AAi?$AAa?$AAl?$AAi?$AAz?$AAe@ 10002480     SMT926KBD:kbd.obj
 0001:000014cc       ??_C@_1BA@JCIEHDJA@?$AAS?$AAS?$AAP?$AAB?$AAa?$AAs?$AAe?$AA?$AA@ 100024cc     SMT926KBD:smt926kbd.obj
 0001:000014dc       ??_C@_1O@IEBMKJOO@?$AAI?$AAO?$AAB?$AAa?$AAs?$AAe?$AA?$AA@ 100024dc     SMT926KBD:smt926kbd.obj
 0001:000014ec       ??_C@_1DC@EACIGNLE@?$AAH?$AAA?$AAR?$AAD?$AAW?$AAA?$AAR?$AAE?$AA?2?$AAD?$AAE?$AAV?$AAI?$AAC?$AAE?$AAM?$AAA?$AAP?$AA?2?$AAK@ 100024ec     SMT926KBD:smt926kbd.obj
 0001:00001520       ??_C@_1IA@JKNIKOOG@?$AAE?$AAR?$AAR?$AAO?$AAR?$AA?3?$AA?5?$AAF?$AAa?$AAi?$AAl?$AAe?$AAd?$AA?5?$AAt?$AAo?$AA?5?$AAo?$AAb?$AAt@ 10002520     SMT926KBD:smt926kbd.obj
 0001:000015a0       ??_C@_17DJGGJCGD@?$AAI?$AAr?$AAq?$AA?$AA@ 100025a0     SMT926KBD:smt926kbd.obj
 0001:000015a8       ??_C@_1BI@BHLBGEOK@?$AAP?$AAr?$AAi?$AAo?$AAr?$AAi?$AAt?$AAy?$AA2?$AA5?$AA6?$AA?$AA@ 100025a8     SMT926KBD:smt926kbd.obj
 0001:000017f0       Matrix                     100027f0 f   SMT926_Layout:smt926.obj
 0001:000018e8       PS2_AT_00000409            100028e8 f   kbdus_lib:kbdus.obj
 0001:000021f0       KeybdDriverInitStates      100031f0 f   LayoutManager:laymgr.obj
 0001:00002210       KeybdDriverGetInfo         10003210 f   LayoutManager:laymgr.obj
 0001:0000232c       KeybdDriverSetMode         1000332c f   LayoutManager:laymgr.obj
 0001:000023f0       KeybdDriverPowerHandler    100033f0 f   LayoutManager:laymgr.obj
 0001:0000262c       ?KeybdEventThreadProc@@YAKPAX@Z 1000362c f   LayoutManager:laymgr.obj
 0001:000028dc       ?KeybdEventCallback@@YAXIIH@Z 100038dc f   LayoutManager:laymgr.obj
 0001:0000331c       ?GetKeyboardProcAddr@@YAP6AHXZPAUHINSTANCE__@@PBG@Z 1000431c f   LayoutManager:laymgr.obj
 0001:00003cc0       KeybdDriverInitializeEx    10004cc0 f   LayoutManager:laymgr.obj
 0001:0000406c       LayoutMgrGetKeyboardType   1000506c f   LayoutManager:laymgr.obj
 0001:000040f0       LayoutMgrGetKeyboardLayout 100050f0 f   LayoutManager:laymgr.obj
 0001:00004134       LayoutMgrGetKeyboardLayoutName 10005134 f   LayoutManager:laymgr.obj
 0001:00004188       LayoutMgrGetKeyboardLayoutList 10005188 f   LayoutManager:laymgr.obj
 0001:00004394       LayoutMgrLoadKeyboardLayout 10005394 f   LayoutManager:laymgr.obj
 0001:000045bc       LayoutMgrActivateKeyboardLayout 100055bc f   LayoutManager:laymgr.obj
 0001:00004650       DllMain                    10005650 f   LayoutManager:laymgr.obj
 0001:00004668       KeybdDriverVKeyToUnicode   10005668 f   LayoutManager:laymgr.obj
 0001:000049d4       KeybdDriverMapVirtualKey   100059d4 f   LayoutManager:laymgr.obj
 0001:00004bcc       ?DoProfilerKey@@YAHG@Z     10005bcc f   LayoutManager:profiler.obj
 0001:00004f90       ?NumPadRemapVKey@@YAIPBU_KEYBD_EVENT@@IPAU1@I@Z 10005f90 f   NumPadRmp:numpadrmp.obj
 0001:00005078       IL_00000409                10006078 f   InputLang_0409:il_0409.obj
 0001:000050bc       NKDbgPrintfW               100060bc f   coredll:COREDLL.dll
 0001:000050cc       memcpy                     100060cc f   coredll:COREDLL.dll
 0001:000050dc       EventModify                100060dc f   coredll:COREDLL.dll
 0001:000050ec       EnterCriticalSection       100060ec f   coredll:COREDLL.dll
 0001:000050fc       LeaveCriticalSection       100060fc f   coredll:COREDLL.dll
 0001:0000510c       IsBadCodePtr               1000610c f   coredll:COREDLL.dll
 0001:0000511c       memset                     1000611c f   coredll:COREDLL.dll
 0001:0000512c       SetLastError               1000612c f   coredll:COREDLL.dll
 0001:0000513c       DeviceIoControl            1000613c f   coredll:COREDLL.dll
 0001:0000514c       __C_specific_handler       1000614c f   coredll:COREDLL.dll
 0001:0000515c       keybd_event                1000615c f   coredll:COREDLL.dll
 0001:0000516c       WaitForSingleObject        1000616c f   coredll:COREDLL.dll
 0001:0000517c       GetTickCount               1000617c f   coredll:COREDLL.dll
 0001:0000518c       SetThreadPriority          1000618c f   coredll:COREDLL.dll
 0001:0000519c       WaitForMultipleObjects     1000619c f   coredll:COREDLL.dll
 0001:000051ac       StopDeviceNotifications    100061ac f   coredll:COREDLL.dll
 0001:000051bc       CloseHandle                100061bc f   coredll:COREDLL.dll
 0001:000051cc       CreateFileW                100061cc f   coredll:COREDLL.dll
 0001:000051dc       wcsstr                     100061dc f   coredll:COREDLL.dll
 0001:000051ec       ReadMsgQueue               100061ec f   coredll:COREDLL.dll
 0001:000051fc       RequestDeviceNotifications 100061fc f   coredll:COREDLL.dll
 0001:0000520c       GetLastError               1000620c f   coredll:COREDLL.dll
 0001:0000521c       CreateMsgQueue             1000621c f   coredll:COREDLL.dll
 0001:0000522c       RegOpenKeyExW              1000622c f   coredll:COREDLL.dll
 0001:0000523c       RegCloseKey                1000623c f   coredll:COREDLL.dll
 0001:0000524c       _snwprintf                 1000624c f   coredll:COREDLL.dll
 0001:0000525c       RegQueryValueExW           1000625c f   coredll:COREDLL.dll
 0001:0000526c       wcstoul                    1000626c f   coredll:COREDLL.dll
 0001:0000527c       wcscpy                     1000627c f   coredll:COREDLL.dll
 0001:0000528c       _wcsicmp                   1000628c f   coredll:COREDLL.dll
 0001:0000529c       _wcslwr                    1000629c f   coredll:COREDLL.dll
 0001:000052ac       wcsrchr                    100062ac f   coredll:COREDLL.dll
 0001:000052bc       StringCchCopyW             100062bc f   coredll:COREDLL.dll
 0001:000052cc       GetProcAddressW            100062cc f   coredll:COREDLL.dll
 0001:000052dc       FreeLibrary                100062dc f   coredll:COREDLL.dll
 0001:000052ec       wcsncat                    100062ec f   coredll:COREDLL.dll
 0001:000052fc       LoadLibraryW               100062fc f   coredll:COREDLL.dll
 0001:0000530c       wcsncpy                    1000630c f   coredll:COREDLL.dll
 0001:0000531c       RegEnumValueW              1000631c f   coredll:COREDLL.dll
 0001:0000532c       wcsncmp                    1000632c f   coredll:COREDLL.dll
 0001:0000533c       LocalFree                  1000633c f   coredll:COREDLL.dll
 0001:0000534c       LocalAlloc                 1000634c f   coredll:COREDLL.dll
 0001:0000535c       DeleteCriticalSection      1000635c f   coredll:COREDLL.dll
 0001:0000536c       CreateThread               1000636c f   coredll:COREDLL.dll
 0001:0000537c       CreateEventW               1000637c f   coredll:COREDLL.dll
 0001:0000538c       InitializeCriticalSection  1000638c f   coredll:COREDLL.dll
 0001:0000539c       RegDeleteKeyW              1000639c f   coredll:COREDLL.dll
 0001:000053ac       RegSetValueExW             100063ac f   coredll:COREDLL.dll
 0001:000053bc       RegCreateKeyExW            100063bc f   coredll:COREDLL.dll
 0001:000053cc       StringCchLengthW           100063cc f   coredll:COREDLL.dll
 0001:000053dc       DisableThreadLibraryCalls  100063dc f   coredll:COREDLL.dll
 0001:000053ec       towlower                   100063ec f   coredll:COREDLL.dll
 0001:000053fc       ProfileStart               100063fc f   coredll:COREDLL.dll
 0001:0000540c       ProfileStop                1000640c f   coredll:COREDLL.dll
 0001:0000541c       GetAsyncKeyState           1000641c f   coredll:COREDLL.dll
 0001:0000542c       IsAPIReady                 1000642c f   coredll:COREDLL.dll
 0001:0000543c       ?PS2_NOP_Entry@@YAHIP6AXIIH@ZPAPAUtagKEYBD_PDD@@@Z 1000643c f   Nop_KbdCommon:nopkbd.obj
 0001:00005450       ?ReadRegDWORD@@YAXPBG0PAK@Z 10006450 f   SMT926KBD:kbd.obj
 0001:00005520       ?Matrix_Entry@@YAHIP6AXIIH@ZPAPAUtagKEYBD_PDD@@@Z 10006520 f   SMT926KBD:kbd.obj
 0001:000055dc       ?putcToKBCTL@@YAHE@Z       100065dc f   SMT926KBD:smt926kbd.obj
 0001:00005634       ?getsFromKBCTL@@YAXPAEH@Z  10006634 f   SMT926KBD:smt926kbd.obj
 0001:000056d8       ?putsToKBCTL@@YAXPAEH@Z    100066d8 f   SMT926KBD:smt926kbd.obj
 0001:00005774       ?KeybdDriverInitializeAddresses@@YAHXZ 10006774 f   SMT926KBD:smt926kbd.obj
 0001:000058fc       ?KeybdPdd_ToggleKeyNotification@@YAXI@Z 100068fc f   SMT926KBD:smt926kbd.obj
 0001:00005900       ?IsrThreadProc@Ps2Keybd@@QAAHXZ 10006900 f   SMT926KBD:smt926kbd.obj
 0001:00005a3c       ?Ps2KeybdIsrThread@@YAKPAVPs2Keybd@@@Z 10006a3c f   SMT926KBD:smt926kbd.obj
 0001:00005a50       ?IsrThreadStart@Ps2Keybd@@QAAHXZ 10006a50 f   SMT926KBD:smt926kbd.obj
 0001:00005a90       ?Initialize@Ps2Keybd@@QAAHXZ 10006a90 f   SMT926KBD:smt926kbd.obj
 0001:00005a98       ?KeybdPowerOn@Ps2Keybd@@QAAHXZ 10006a98 f   SMT926KBD:smt926kbd.obj
 0001:00005c20       ?KeybdPdd_PowerHandler@@YAXH@Z 10006c20 f   SMT926KBD:smt926kbd.obj
 0001:00005c40       ?KeybdIstLoop@@YAHPAUtagKEYBD_IST@@@Z 10006c40 f   KeybdIst:keybdist.obj
 0001:00005cc8       ??3@YAXPAX@Z               10006cc8 f   coredll:COREDLL.dll
 0001:00005cd8       ??2@YAPAXI@Z               10006cd8 f   coredll:COREDLL.dll
 0001:00005ce8       VirtualFree                10006ce8 f   coredll:COREDLL.dll
 0001:00005cf8       VirtualCopy                10006cf8 f   coredll:COREDLL.dll
 0001:00005d08       VirtualAlloc               10006d08 f   coredll:COREDLL.dll
 0001:00005d18       CeSetThreadPriority        10006d18 f   coredll:COREDLL.dll
 0001:00005d28       InterruptInitialize        10006d28 f   coredll:COREDLL.dll
 0001:00005d38       KernelIoControl            10006d38 f   coredll:COREDLL.dll
 0001:00005d48       InterruptDone              10006d48 f   coredll:COREDLL.dll
 0001:00005da8       __IMPORT_DESCRIPTOR_COREDLL 10006da8     coredll:COREDLL.dll
 0001:00005dbc       __NULL_IMPORT_DESCRIPTOR   10006dbc     coredll:COREDLL.dll
 0002:00000000       __imp_NKDbgPrintfW         10008000     coredll:COREDLL.dll
 0002:00000004       __imp_memcpy               10008004     coredll:COREDLL.dll
 0002:00000008       __imp_EventModify          10008008     coredll:COREDLL.dll
 0002:0000000c       __imp_EnterCriticalSection 1000800c     coredll:COREDLL.dll
 0002:00000010       __imp_LeaveCriticalSection 10008010     coredll:COREDLL.dll
 0002:00000014       __imp_IsBadCodePtr         10008014     coredll:COREDLL.dll
 0002:00000018       __imp_memset               10008018     coredll:COREDLL.dll
 0002:0000001c       __imp_SetLastError         1000801c     coredll:COREDLL.dll
 0002:00000020       __imp_DeviceIoControl      10008020     coredll:COREDLL.dll
 0002:00000024       __imp___C_specific_handler 10008024     coredll:COREDLL.dll
 0002:00000028       __imp_keybd_event          10008028     coredll:COREDLL.dll
 0002:0000002c       __imp_WaitForSingleObject  1000802c     coredll:COREDLL.dll
 0002:00000030       __imp_GetTickCount         10008030     coredll:COREDLL.dll
 0002:00000034       __imp_SetThreadPriority    10008034     coredll:COREDLL.dll
 0002:00000038       __imp___rt_udiv            10008038     coredll:COREDLL.dll
 0002:0000003c       __imp_WaitForMultipleObjects 1000803c     coredll:COREDLL.dll
 0002:00000040       __imp_StopDeviceNotifications 10008040     coredll:COREDLL.dll
 0002:00000044       __imp_CloseHandle          10008044     coredll:COREDLL.dll
 0002:00000048       __imp_CreateFileW          10008048     coredll:COREDLL.dll
 0002:0000004c       __imp_wcsstr               1000804c     coredll:COREDLL.dll
 0002:00000050       __imp_ReadMsgQueue         10008050     coredll:COREDLL.dll
 0002:00000054       __imp_RequestDeviceNotifications 10008054     coredll:COREDLL.dll
 0002:00000058       __imp_GetLastError         10008058     coredll:COREDLL.dll
 0002:0000005c       __imp_CreateMsgQueue       1000805c     coredll:COREDLL.dll
 0002:00000060       __imp_RegOpenKeyExW        10008060     coredll:COREDLL.dll
 0002:00000064       __imp_RegCloseKey          10008064     coredll:COREDLL.dll
 0002:00000068       __imp__snwprintf           10008068     coredll:COREDLL.dll
 0002:0000006c       __imp_RegQueryValueExW     1000806c     coredll:COREDLL.dll
 0002:00000070       __imp_wcstoul              10008070     coredll:COREDLL.dll
 0002:00000074       __imp_wcscpy               10008074     coredll:COREDLL.dll
 0002:00000078       __imp__wcsicmp             10008078     coredll:COREDLL.dll
 0002:0000007c       __imp__wcslwr              1000807c     coredll:COREDLL.dll
 0002:00000080       __imp_wcsrchr              10008080     coredll:COREDLL.dll
 0002:00000084       __imp_StringCchCopyW       10008084     coredll:COREDLL.dll
 0002:00000088       __imp_GetProcAddressW      10008088     coredll:COREDLL.dll
 0002:0000008c       __imp_FreeLibrary          1000808c     coredll:COREDLL.dll
 0002:00000090       __imp_wcsncat              10008090     coredll:COREDLL.dll
 0002:00000094       __imp_LoadLibraryW         10008094     coredll:COREDLL.dll
 0002:00000098       __imp_wcsncpy              10008098     coredll:COREDLL.dll
 0002:0000009c       __imp_RegEnumValueW        1000809c     coredll:COREDLL.dll
 0002:000000a0       __imp_wcsncmp              100080a0     coredll:COREDLL.dll
 0002:000000a4       __imp_LocalFree            100080a4     coredll:COREDLL.dll
 0002:000000a8       __imp_LocalAlloc           100080a8     coredll:COREDLL.dll
 0002:000000ac       __imp_DeleteCriticalSection 100080ac     coredll:COREDLL.dll
 0002:000000b0       __imp_CreateThread         100080b0     coredll:COREDLL.dll
 0002:000000b4       __imp_CreateEventW         100080b4     coredll:COREDLL.dll
 0002:000000b8       __imp_InitializeCriticalSection 100080b8     coredll:COREDLL.dll
 0002:000000bc       __imp_RegDeleteKeyW        100080bc     coredll:COREDLL.dll
 0002:000000c0       __imp_RegSetValueExW       100080c0     coredll:COREDLL.dll
 0002:000000c4       __imp_RegCreateKeyExW      100080c4     coredll:COREDLL.dll
 0002:000000c8       __imp_StringCchLengthW     100080c8     coredll:COREDLL.dll
 0002:000000cc       __imp_DisableThreadLibraryCalls 100080cc     coredll:COREDLL.dll
 0002:000000d0       __imp_towlower             100080d0     coredll:COREDLL.dll
 0002:000000d4       __imp_ProfileStart         100080d4     coredll:COREDLL.dll
 0002:000000d8       __imp_ProfileStop          100080d8     coredll:COREDLL.dll
 0002:000000dc       __imp_GetAsyncKeyState     100080dc     coredll:COREDLL.dll
 0002:000000e0       __imp_IsAPIReady           100080e0     coredll:COREDLL.dll
 0002:000000e4       __imp_??3@YAXPAX@Z         100080e4     coredll:COREDLL.dll
 0002:000000e8       __imp_??2@YAPAXI@Z         100080e8     coredll:COREDLL.dll
 0002:000000ec       __imp_VirtualFree          100080ec     coredll:COREDLL.dll
 0002:000000f0       __imp_VirtualCopy          100080f0     coredll:COREDLL.dll
 0002:000000f4       __imp_VirtualAlloc         100080f4     coredll:COREDLL.dll
 0002:000000f8       __imp_CeSetThreadPriority  100080f8     coredll:COREDLL.dll
 0002:000000fc       __imp_InterruptInitialize  100080fc     coredll:COREDLL.dll
 0002:00000100       __imp_KernelIoControl      10008100     coredll:COREDLL.dll
 0002:00000104       __imp_InterruptDone        10008104     coredll:COREDLL.dll
 0002:00000108       \177COREDLL_NULL_THUNK_DATA 10008108     coredll:COREDLL.dll
 0002:00000138       ?ScanCodeToVKeyTable@@3PAEA 10008138     SMT926_Layout:smt926.obj
 0002:00000560       ?g_rgpfnPddEntries@@3PAP6AHIP6AXIIH@ZPAPAUtagKEYBD_PDD@@@ZA 10008560     PddList:pddlist.obj
 0002:0000058c       ?g_dwSysIntr_Keybd@@3KA    1000858c     SMT926KBD:smt926kbd.obj
 0002:000005d4       ?g_csEventCallback@@3UCRITICAL_SECTION@@A 100085d4     LayoutManager:laymgr.obj
 0002:00000958       ?v_pfnKeybdEvent@@3P6AXIIH@ZA 10008958     SMT926KBD:kbd.obj
 0002:0000095c       ?v_uiPddId@@3IA            1000895c     SMT926KBD:kbd.obj
 0002:00000964       ?v_pSPIregs@@3PCUSMT926A_SPI_REG@@C 10008964     SMT926KBD:smt926kbd.obj
 0002:00000968       ?v_pIOPregs@@3PCUSMT926A_IOPORT_REG@@C 10008968     SMT926KBD:smt926kbd.obj
 0002:0000096c       ?v_pp2k@@3PAVPs2Keybd@@A   1000896c     SMT926KBD:smt926kbd.obj

 entry point at        0001:00004650

 Static symbols

 0001:00001630       ?MatrixUsRemapVKey@@YAIPBU_KEYBD_EVENT@@IPAU1@I@Z 10002630 f   SMT926_Layout:smt926.obj
 0001:00001834       ?ATEngUsRemapVKey@@YAIPBU_KEYBD_EVENT@@IPAU1@I@Z 10002834 f   kbdus_lib:kbdus.obj
 0001:0000192c       ?ValidateInputLanguage@@YAHPBU_INPUT_LANGUAGE@@@Z 1000292c f   LayoutManager:laymgr.obj
 0001:000019f8       ?ScanCodeToVKey@@YAHIPAPAUScanCodeToVKeyData@@IPAI@Z 100029f8 f   LayoutManager:laymgr.obj
 0001:00001a84       ?WriteToCharBuffer@@YAXGIPAI0@Z 10002a84 f   LayoutManager:laymgr.obj
 0001:00001ae4       ?ProcessDeadKeys@@YAIPAGPBU_DEADKEY@@GPAIII@Z 10002ae4 f   LayoutManager:laymgr.obj
 0001:00001b98       ?ProcessLigature@@YAIPAUtagINPUT_LANGUAGE_INFO@@IIGPAII@Z 10002b98 f   LayoutManager:laymgr.obj
 0001:00001d04       ?GetCharacters@@YAIPAUtagINPUT_LANGUAGE_INFO@@PBU_VK_TO_WCHAR_TABLE@@PBU_VK_TO_WCHARS1@@GIPAII@Z 10002d04 f   LayoutManager:laymgr.obj
 0001:00001e60       ?VKeyToUnicode@@YAIPAUtagINPUT_LANGUAGE_INFO@@IIPAII@Z 10002e60 f   LayoutManager:laymgr.obj
 0001:00002000       ?AltNumKeyEvent@@YAHIIPAI0@Z 10003000 f   LayoutManager:laymgr.obj
 0001:000022c8       ?BroadcastToKeyboards@@YAXKPAXK@Z 100032c8 f   LayoutManager:laymgr.obj
 0001:00002474       ?CallDLRemapFn@@YAIP6AIPBU_KEYBD_EVENT@@IPAU1@I@Z0I1I@Z 10003474 f   LayoutManager:laymgr.obj
 0001:000024d4       ?SendRemappedEvent@@YAXIIIHPAUtagDEVICE_LAYOUT_INFO@@@Z 100034d4 f   LayoutManager:laymgr.obj
 0001:00002950       ?KbdNotificationThread@@YAKPAX@Z 10003950 f   LayoutManager:laymgr.obj
 0001:00002cf8       ?GetPreloadInputMethodKey@@YAHIPAPAUHKEY__@@@Z 10003cf8 f   LayoutManager:laymgr.obj
 0001:00002dac       ?GetPreloadInputMethodName@@YAHIPAG@Z 10003dac f   LayoutManager:laymgr.obj
 0001:00002e40       ?GetInputMethodInfo@@YAHPBGPAUtagINPUT_LANGUAGE_INFO@@@Z 10003e40 f   LayoutManager:laymgr.obj
 0001:00002f90       ?GetDefaultInputMethodName@@YAHPAG@Z 10003f90 f   LayoutManager:laymgr.obj
 0001:00003124       ?GenerateModifierToShiftTable@@YAHPAUtagINPUT_LANGUAGE_INFO@@@Z 10004124 f   LayoutManager:laymgr.obj
 0001:000031f4       ?GetImeKeyboardLayout@@YAPAUHKL__@@PAU1@@Z 100041f4 f   LayoutManager:laymgr.obj
 0001:00003388       ?SetInputLanguage@@YAHPAUHKL__@@PAPAU1@@Z 10004388 f   LayoutManager:laymgr.obj
 0001:0000364c       ?DeviceLayoutMatchesPDD@@YAHPBG00GPAGK@Z 1000464c f   LayoutManager:laymgr.obj
 0001:000037e0       ?SelectDeviceLayout@@YAHPAGPAUtagKEYBD_PDD@@0K0K@Z 100047e0 f   LayoutManager:laymgr.obj
 0001:000039e4       ?SetDeviceLayout@@YAHPAUHKL__@@I@Z 100049e4 f   LayoutManager:laymgr.obj
 0001:00004274       ?IsLayoutLoaded@@YAHPBG@Z  10005274 f   LayoutManager:laymgr.obj
 0001:00004ca0       ?NumPadRemapVKeyDown@@YAIIIIPAU_KEYBD_EVENT@@@Z 10005ca0 f   NumPadRmp:numpadrmp.obj
 0001:00004e0c       ?NumPadRemapVKeyUp@@YAIIIIPAU_KEYBD_EVENT@@@Z 10005e0c f   NumPadRmp:numpadrmp.obj
 0001:000054d4       ?Matrix_PowerHandler@@YAXIH@Z 100064d4 f   SMT926KBD:kbd.obj
 0001:000054e8       ?Matrix_ToggleLights@@YAXII@Z 100064e8 f   SMT926KBD:kbd.obj
 0001:00005894       ?KeybdPdd_GetEventEx2@@YAIIQAIQAH@Z 10006894 f   SMT926KBD:smt926kbd.obj
