 kernkitlprof

 Timestamp is 452b5fd8 (Tue Oct 10 17:54:48 2006)

 Preferred load address is 00010000

 Start         Length     Name                   Class
 0001:00000000 0002d25eH .rdata                  CODE
 0001:0002d260 00000070H .rdata$debug            CODE
 0001:0002d2d0 0003fe00H .text                   CODE
 0001:0006d0d0 0000069cH .xdata                  CODE
 0001:0006d76c 00000000H .edata                  CODE
 0002:00000000 00006000H .KDATA                  DATA
 0003:00000000 00000584H .data                   DATA
 0003:000005a0 00088874H .bss                    DATA
 0004:00000000 00002298H .pdata                  DATA

  Address         Publics by Value              Rva+Base     Lib:Object

 0000:00000000       ___safe_se_handler_table   00000000     <absolute>
 0000:00000000       ___safe_se_handler_count   00000000     <absolute>
 0001:0000001c       cinfAPISet                 0001101c     nkprof:objdisp.obj
 0001:00000030       APISetMethods              00011030     nkprof:objdisp.obj
 0001:00000048       cbMDStkAlign               00011048     nkprof:mdarm.obj
 0001:0000004c       NKCpuType                  0001104c     nkprof:mdarm.obj
 0001:00000054       IdStrings                  00011054     nkprof:mdarm.obj
 0001:00000080       NKSignon                   00011080     nkprof:mdarm.obj
 0001:0000011c       ??_C@_0L@KBGOLKNH@?$FLHW?5Break?$FN?$AA@ 0001111c     nkprof:mdarm.obj
 0001:00000128       ??_C@_0O@GOFAHNGJ@?$FLStack?5fault?$FN?$AA@ 00011128     nkprof:mdarm.obj
 0001:00000138       ??_C@_09IBANJBEA@?$DMInvalid?$DO?$AA@ 00011138     nkprof:mdarm.obj
 0001:00000144       ??_C@_03PEDPKBJP@IRQ?$AA@  00011144     nkprof:mdarm.obj
 0001:00000148       ??_C@_0L@OKOKFKCN@Data?5Abort?$AA@ 00011148     nkprof:mdarm.obj
 0001:00000154       ??_C@_0P@FGOOPFHB@Prefetch?5Abort?$AA@ 00011154     nkprof:mdarm.obj
 0001:00000164       ??_C@_03EPELEMNG@SWI?$AA@  00011164     nkprof:mdarm.obj
 0001:00000168       ??_C@_0BG@HNOLGILN@Undefined?5Instruction?$AA@ 00011168     nkprof:mdarm.obj
 0001:00000180       ??_C@_0L@JNFKANGE@Reschedule?$AA@ 00011180     nkprof:mdarm.obj
 0001:0000018c       ??_C@_0P@KJHJCOGM@RaiseException?$AA@ 0001118c     nkprof:mdarm.obj
 0001:000001a0       ??_C@_1JO@LECFKHDN@?$AAM?$AAD?$AAV?$AAa?$AAl?$AAi?$AAd?$AAa?$AAt?$AAe?$AAR?$AAo?$AAm?$AAC?$AAh?$AAa?$AAi?$AAn?$AA?3?$AA?5@ 000111a0     nkprof:mdarm.obj
 0001:00000240       ??_C@_1KC@BMFAGHKA@?$AAM?$AAD?$AAV?$AAa?$AAl?$AAi?$AAd?$AAa?$AAt?$AAe?$AAR?$AAo?$AAm?$AAC?$AAh?$AAa?$AAi?$AAn?$AA?3?$AA?5@ 00011240     nkprof:mdarm.obj
 0001:000002e4       ??_C@_15JNBOKNOG@?$AA?$AN?$AA?6?$AA?$AA@ 000112e4     nkprof:mdarm.obj
 0001:000002f0       ??_C@_1HO@EDJEJJOH@?$AAE?$AAx?$AAc?$AAe?$AAp?$AAt?$AAi?$AAo?$AAn?$AA?5?$AA?8?$AA?$CF?$AAa?$AA?8?$AA?5?$AAT?$AAh?$AAr?$AAe?$AAa@ 000112f0     nkprof:mdarm.obj
 0001:00000370       ??_C@_1FM@NAHAPGGI@?$AA?5?$AAR?$AA0?$AA?$DN?$AA?$CF?$AA8?$AA?4?$AA8?$AAl?$AAx?$AA?5?$AA?5?$AAR?$AA1?$AA?$DN?$AA?$CF?$AA8?$AA?4?$AA8?$AAl@ 00011370     nkprof:mdarm.obj
 0001:000003d0       ??_C@_1FM@FMMCBAPI@?$AA?5?$AAR?$AA4?$AA?$DN?$AA?$CF?$AA8?$AA?4?$AA8?$AAl?$AAx?$AA?5?$AA?5?$AAR?$AA5?$AA?$DN?$AA?$CF?$AA8?$AA?4?$AA8?$AAl@ 000113d0     nkprof:mdarm.obj
 0001:00000430       ??_C@_1FM@NPIFPEMG@?$AA?5?$AAR?$AA8?$AA?$DN?$AA?$CF?$AA8?$AA?4?$AA8?$AAl?$AAx?$AA?5?$AA?5?$AAR?$AA9?$AA?$DN?$AA?$CF?$AA8?$AA?4?$AA8?$AAl@ 00011430     nkprof:mdarm.obj
 0001:00000490       ??_C@_1FM@HMOEIDKM@?$AAR?$AA1?$AA2?$AA?$DN?$AA?$CF?$AA8?$AA?4?$AA8?$AAl?$AAx?$AA?5?$AA?5?$AAS?$AAP?$AA?$DN?$AA?$CF?$AA8?$AA?4?$AA8?$AAl@ 00011490     nkprof:mdarm.obj
 0001:000004f0       ??_C@_1EG@FBOGDALE@?$AAP?$AAr?$AAo?$AAc?$AAe?$AAs?$AAs?$AAo?$AAr?$AAT?$AAy?$AAp?$AAe?$AA?$DN?$AA?$CF?$AA4?$AA?4?$AA4?$AAx?$AA?5@ 000114f0     nkprof:mdarm.obj
 0001:00000538       ??_C@_1II@LJBICADI@?$AAs?$AAp?$AA_?$AAa?$AAb?$AAt?$AA?$DN?$AA?$CF?$AA8?$AA?4?$AA8?$AAx?$AA?5?$AAs?$AAp?$AA_?$AAi?$AAr?$AAq?$AA?$DN@ 00011538     nkprof:mdarm.obj
 0001:000005c0       ??_C@_1BG@JBMALFHO@?$AAS?$AAp?$AA?$DN?$AA?$CF?$AA8?$AA?4?$AA8?$AAx?$AA?$AN?$AA?6?$AA?$AA@ 000115c0     nkprof:mdarm.obj
 0001:000005d8       ??_C@_1HM@IJKOCGJG@?$AAF?$AAa?$AAt?$AAa?$AAl?$AA?5?$AAS?$AAt?$AAa?$AAc?$AAk?$AA?5?$AAE?$AAr?$AAr?$AAo?$AAr?$AA?0?$AA?5?$AAT@ 000115d8     nkprof:mdarm.obj
 0001:00000658       ??_C@_1GI@PNMDMDLP@?$AAT?$AAL?$AAS?$AAK?$AAE?$AAR?$AAN?$AA_?$AAN?$AAO?$AAF?$AAA?$AAU?$AAL?$AAT?$AA?5?$AAs?$AAe?$AAt?$AA?4@ 00011658     nkprof:mdarm.obj
 0001:000006c0       ??_C@_1EK@HOHGFFMN@?$AA?$CF?$AAa?$AA?3?$AA?5?$AAT?$AAh?$AAr?$AAe?$AAa?$AAd?$AA?$DN?$AA?$CF?$AA8?$AA?4?$AA8?$AAl?$AAx?$AA?5?$AAP?$AAr@ 000116c0     nkprof:mdarm.obj
 0001:00000710       ??_C@_1KC@IKDKECIO@?$AAA?$AAK?$AAY?$AA?$DN?$AA?$CF?$AA8?$AA?4?$AA8?$AAl?$AAx?$AA?5?$AAP?$AAC?$AA?$DN?$AA?$CF?$AA8?$AA?4?$AA8?$AAl?$AAx@ 00011710     nkprof:mdarm.obj
 0001:000007b4       ??_C@_11LOCGONAA@?$AA?$AA@ 000117b4     nkprof:mdarm.obj
 0001:000007b8       CinfWnetEnum               000117b8     nkprof:kwin32.obj
 0001:000007cc       CinfSocket                 000117cc     nkprof:kwin32.obj
 0001:000007e0       CinfDBFind                 000117e0     nkprof:kwin32.obj
 0001:000007f4       CinfDBFile                 000117f4     nkprof:kwin32.obj
 0001:00000808       CinfFind                   00011808     nkprof:kwin32.obj
 0001:0000081c       CinfFile                   0001181c     nkprof:kwin32.obj
 0001:00000830       cinfWin32                  00011830     nkprof:kwin32.obj
 0001:00000848       Win32Methods               00011848     nkprof:kwin32.obj
 0001:00000b5c       ??_C@_1CC@FONLHMJH@?$AAH?$AAa?$AAl?$AAt?$AAi?$AAn?$AAg?$AA?5?$AAs?$AAy?$AAs?$AAt?$AAe?$AAm?$AA?$AN?$AA?6?$AA?$AA@ 00011b5c     nkprof:kwin32.obj
 0001:00000b80       ??_C@_1BG@EDCOJLNO@?$AAk?$AAc?$AAo?$AAv?$AAe?$AAr?$AA?4?$AAd?$AAl?$AAl?$AA?$AA@ 00011b80     nkprof:kwin32.obj
 0001:00000b98       ??_C@_1BE@GNGGKBML@?$AAC?$AAe?$AAL?$AAo?$AAg?$AA?4?$AAd?$AAl?$AAl?$AA?$AA@ 00011b98     nkprof:kwin32.obj
 0001:00000bac       ??_C@_1O@MNAGHPDD@?$AAk?$AAd?$AA?4?$AAd?$AAl?$AAl?$AA?$AA@ 00011bac     nkprof:kwin32.obj
 0001:00000bbc       ??_C@_1BI@KADHMGKF@?$AAo?$AAs?$AAa?$AAx?$AAs?$AAt?$AA1?$AA?4?$AAd?$AAl?$AAl?$AA?$AA@ 00011bbc     nkprof:kwin32.obj
 0001:00000bd4       ??_C@_1BI@DLJCIKMK@?$AAo?$AAs?$AAa?$AAx?$AAs?$AAt?$AA0?$AA?4?$AAd?$AAl?$AAl?$AA?$AA@ 00011bd4     nkprof:kwin32.obj
 0001:00000bec       ??_C@_1O@LBGHFKOI@?$AAh?$AAd?$AA?4?$AAd?$AAl?$AAl?$AA?$AA@ 00011bec     nkprof:kwin32.obj
 0001:00000c00       ??_C@_1EO@JMKKIEI@?$AA?5?$AA?5?$AAC?$AAa?$AAl?$AAl?$AAi?$AAn?$AAg?$AA?5?$AAd?$AAe?$AAv?$AAi?$AAc?$AAe?$AA?5?$AAm?$AAa?$AAn@ 00011c00     nkprof:kwin32.obj
 0001:00000c50       ??_C@_1DK@GHPHMPDJ@?$AA?5?$AA?5?$AAC?$AAa?$AAl?$AAl?$AAi?$AAn?$AAg?$AA?5?$AAG?$AAW?$AAE?$AAS?$AA?5?$AAp?$AAo?$AAw?$AAe?$AAr@ 00011c50     nkprof:kwin32.obj
 0001:00000c8c       PageOutFunc                00011c8c     nkprof:schedule.obj
 0001:00000c98       SemMthds                   00011c98     nkprof:schedule.obj
 0001:00000ca4       MutxMthds                  00011ca4     nkprof:schedule.obj
 0001:00000cb0       Hexmap                     00011cb0     nkprof:schedule.obj
 0001:00000cc4       cinfSem                    00011cc4     nkprof:schedule.obj
 0001:00000cd8       cinfMutex                  00011cd8     nkprof:schedule.obj
 0001:00000cec       cinfEvent                  00011cec     nkprof:schedule.obj
 0001:00000d00       cinfProc                   00011d00     nkprof:schedule.obj
 0001:00000d14       cinfThread                 00011d14     nkprof:schedule.obj
 0001:00000d28       EvntMthds                  00011d28     nkprof:schedule.obj
 0001:00000d40       ProcMthds                  00011d40     nkprof:schedule.obj
 0001:00000d6c       ThrdMthds                  00011d6c     nkprof:schedule.obj
 0001:00000da4       ??_C@_1BA@KKHIDIHM@?$AAS?$AAY?$AAS?$AAT?$AAE?$AAM?$AA?1?$AA?$AA@ 00011da4     nkprof:schedule.obj
 0001:00000db8       ??_C@_1HM@IHIGEIFI@?$AAE?$AAR?$AAR?$AAO?$AAR?$AA?3?$AA?5?$AAP?$AAo?$AAw?$AAe?$AAr?$AA?5?$AAH?$AAa?$AAn?$AAd?$AAl?$AAe?$AAr@ 00011db8     nkprof:schedule.obj
 0001:00000e34       ??_C@_1O@JJGJOKMI@?$AAN?$AAK?$AA?4?$AAE?$AAX?$AAE?$AA?$AA@ 00011e34     nkprof:schedule.obj
 0001:00000e44       ??_C@_1BI@MIGMHPFE@?$AAs?$AAh?$AAi?$AAm?$AAe?$AAn?$AAg?$AA?4?$AAd?$AAl?$AAl?$AA?$AA@ 00011e44     nkprof:schedule.obj
 0001:00000e5c       ??_C@_1BI@CJKPFBEK@?$AAc?$AAo?$AAr?$AAe?$AAd?$AAl?$AAl?$AA?4?$AAd?$AAl?$AAl?$AA?$AA@ 00011e5c     nkprof:schedule.obj
 0001:00000e74       ??_C@_1O@BCNEIBLG@?$AAn?$AAk?$AA?4?$AAe?$AAx?$AAe?$AA?$AA@ 00011e74     nkprof:schedule.obj
 0001:00000e84       ??_C@_1CC@KMLHKLIG@?$AAC?$AAe?$AAL?$AAo?$AAg?$AAZ?$AAo?$AAn?$AAe?$AAP?$AAr?$AAo?$AAc?$AAe?$AAs?$AAs?$AA?$AA@ 00011e84     nkprof:kmisc.obj
 0001:00000ea8       ??_C@_1BM@HJCOGHEO@?$AAC?$AAe?$AAL?$AAo?$AAg?$AAZ?$AAo?$AAn?$AAe?$AAU?$AAs?$AAe?$AAr?$AA?$AA@ 00011ea8     nkprof:kmisc.obj
 0001:00000ec4       ??_C@_1BI@MFLPAMBP@?$AAC?$AAe?$AAL?$AAo?$AAg?$AAZ?$AAo?$AAn?$AAe?$AAC?$AAE?$AA?$AA@ 00011ec4     nkprof:kmisc.obj
 0001:00000edc       ??_C@_1O@HAMLNBEA@?$AAD?$AAe?$AAv?$AAi?$AAc?$AAe?$AA?$AA@ 00011edc     nkprof:kmisc.obj
 0001:00000eec       ??_C@_1BG@KCMNKDOG@?$AAR?$AAe?$AAl?$AAe?$AAa?$AAs?$AAe?$AAF?$AAS?$AAD?$AA?$AA@ 00011eec     nkprof:kmisc.obj
 0001:00000f04       ??_C@_1O@IKEKDPJI@?$AAF?$AAS?$AAD?$AAM?$AAG?$AAR?$AA?$AA@ 00011f04     nkprof:kmisc.obj
 0001:00000f14       ??_C@_1BA@NILIBCDO@?$AAF?$AAi?$AAl?$AAe?$AAS?$AAy?$AAs?$AA?$AA@ 00011f14     nkprof:kmisc.obj
 0001:00000f24       ??_C@_15JHEIEFEC@?$AAN?$AAk?$AA?$AA@ 00011f24     nkprof:kmisc.obj
 0001:00000f2c       ??_C@_1CG@BBMODNGK@?$AA?2?$AAw?$AAi?$AAn?$AAd?$AAo?$AAw?$AAs?$AA?2?$AAw?$AAi?$AAn?$AAc?$AAe?$AA?4?$AAn?$AAl?$AAs?$AA?$AA@ 00011f2c     nkprof:kmisc.obj
 0001:00000f54       ??_C@_1BA@EMDHJGOC@?$AAN?$AAL?$AAS?$AAF?$AAI?$AAL?$AAE?$AA?$AA@ 00011f54     nkprof:kmisc.obj
 0001:00000f64       ??_C@_1CG@LBDFOIBK@?$AAS?$AAY?$AAS?$AAT?$AAE?$AAM?$AA?2?$AAO?$AAb?$AAj?$AAe?$AAc?$AAt?$AAS?$AAt?$AAo?$AAr?$AAe?$AA?$AA@ 00011f64     nkprof:kmisc.obj
 0001:00000f8c       ??_C@_1CE@LDNCIPLK@?$AAA?$AAl?$AAl?$AAo?$AAw?$AAS?$AAy?$AAs?$AAt?$AAe?$AAm?$AAA?$AAc?$AAc?$AAe?$AAs?$AAs?$AA?$AA@ 00011f8c     nkprof:kmisc.obj
 0001:00000fb0       ??_C@_1BM@HILDFKNF@?$AAS?$AAY?$AAS?$AAT?$AAE?$AAM?$AA?2?$AAK?$AAE?$AAR?$AAN?$AAE?$AAL?$AA?$AA@ 00011fb0     nkprof:kmisc.obj
 0001:00000fcc       ??_C@_1BE@KCOFFPDJ@?$AAI?$AAn?$AAj?$AAe?$AAc?$AAt?$AAD?$AAL?$AAL?$AA?$AA@ 00011fcc     nkprof:kmisc.obj
 0001:00000fe0       ??_C@_1M@FMNHPAPI@?$AAc?$AAp?$AAL?$AAo?$AAw?$AA?$AA@ 00011fe0     nkprof:kmisc.obj
 0001:00000fec       ??_C@_1BG@ONGGLILL@?$AAS?$AAY?$AAS?$AAT?$AAE?$AAM?$AA?2?$AAO?$AAO?$AAM?$AA?$AA@ 00011fec     nkprof:kmisc.obj
 0001:00001004       ??_C@_1M@HPIMKBCN@?$AAc?$AAb?$AAL?$AAo?$AAw?$AA?$AA@ 00012004     nkprof:kmisc.obj
 0001:00001010       ??_C@_1O@OMEFCEGM@?$AAL?$AAo?$AAa?$AAd?$AAe?$AAr?$AA?$AA@ 00012010     nkprof:kmisc.obj
 0001:00001020       ??_C@_1BG@GHCHLAFF@?$AAS?$AAy?$AAs?$AAt?$AAe?$AAm?$AAP?$AAa?$AAt?$AAh?$AA?$AA@ 00012020     nkprof:kmisc.obj
 0001:00001038       ??_C@_1M@OPFBIOCF@?$AAD?$AAe?$AAb?$AAu?$AAg?$AA?$AA@ 00012038     nkprof:kmisc.obj
 0001:00001044       ??_C@_1BI@NNFPLEHE@?$AAJ?$AAI?$AAT?$AAD?$AAe?$AAb?$AAu?$AAg?$AAg?$AAe?$AAr?$AA?$AA@ 00012044     nkprof:kmisc.obj
 0001:0000105c       ??_C@_1BI@OEOFPJAO@?$AAf?$AAi?$AAl?$AAe?$AAs?$AAy?$AAs?$AA?4?$AAe?$AAx?$AAe?$AA?$AA@ 0001205c     nkprof:kmisc.obj
 0001:00001074       ??_C@_1BO@PEGMHBGM@?$AAS?$AAY?$AAS?$AAT?$AAE?$AAM?$AA?1?$AAF?$AAS?$AAR?$AAe?$AAa?$AAd?$AAy?$AA?$AA@ 00012074     nkprof:kmisc.obj
 0001:00001094       ??_C@_1BG@HJPFPIGN@?$AAD?$AAe?$AAb?$AAu?$AAg?$AAZ?$AAo?$AAn?$AAe?$AAs?$AA?$AA@ 00012094     nkprof:kmisc.obj
 0001:000010ac       ??_C@_05GJLNDGJP@Zones?$AA@ 000120ac     nkprof:kmisc.obj
 0001:000010b4       ??_C@_07IIHEFOPB@Pegasus?$AA@ 000120b4     nkprof:kmisc.obj
 0001:000010c0       PageInFuncs                000120c0     nkprof:virtmem.obj
 0001:000010c8       AllocationType             000120c8     nkprof:virtmem.obj
 0001:00001108       ??_C@_1HE@CDIHJDJJ@?$AAK?$AAP?$AAR?$AAO?$AAC?$AAS?$AAT?$AAK?$AAS?$AAI?$AAZ?$AAE?$AA?5?$AA?$DN?$AA?5?$AA?$CF?$AA8?$AA?4?$AA8?$AAl@ 00012108     nkprof:virtmem.obj
 0001:00001180       ??_C@_1HO@LIHAPDGC@?$AAd?$AAw?$AAA?$AAd?$AAd?$AAr?$AA?5?$AA?$DN?$AA?5?$AA0?$AAx?$AA?$CF?$AAx?$AA?0?$AA?5?$AAd?$AAw?$AAL?$AAe?$AAn@ 00012180     nkprof:virtmem.obj
 0001:00001200       ??_C@_1BE@IBBOHCDA@?$AA?2?$AAW?$AAi?$AAn?$AAd?$AAo?$AAw?$AAs?$AA?2?$AA?$AA@ 00012200     nkprof:logger.obj
 0001:00001214       dwProfileBufferMax         00012214     nkprof:profiler.obj
 0001:00001218       ??_C@_1CC@GJKDNKBL@?$AAC?$AAe?$AAL?$AAo?$AAg?$AAF?$AAl?$AAu?$AAs?$AAh?$AAB?$AAu?$AAf?$AAf?$AAe?$AAr?$AA?$AA@ 00012218     nkprof:profiler.obj
 0001:0000123c       ??_C@_1BI@JEKDDBKO@?$AAC?$AAe?$AAL?$AAo?$AAg?$AAR?$AAe?$AAS?$AAy?$AAn?$AAc?$AA?$AA@ 0001223c     nkprof:profiler.obj
 0001:00001254       ??_C@_1DA@EFNNIJEN@?$AAx?$AA8?$AA6?$AA?3?$AAS?$AAe?$AAt?$AAC?$AAP?$AAU?$AAH?$AAa?$AAr?$AAd?$AAw?$AAa?$AAr?$AAe?$AAW?$AAa@ 00012254     nkprof:profiler.obj
 0001:00001284       ??_C@_1DC@GHDJNJAH@?$AAx?$AA8?$AA6?$AA?3?$AAI?$AAn?$AAv?$AAa?$AAl?$AAi?$AAd?$AAa?$AAt?$AAe?$AAP?$AAa?$AAg?$AAe?$AAT?$AAa@ 00012284     nkprof:profiler.obj
 0001:000012b8       ??_C@_1CK@HJFDMEIL@?$AAx?$AA8?$AA6?$AA?3?$AAI?$AAn?$AAi?$AAt?$AAN?$AAP?$AAX?$AAH?$AAP?$AAH?$AAa?$AAn?$AAd?$AAl?$AAe?$AAr@ 000122b8     nkprof:profiler.obj
 0001:000012e4       ??_C@_1CI@EPOILNLL@?$AAx?$AA8?$AA6?$AA?3?$AAI?$AAn?$AAi?$AAt?$AAi?$AAa?$AAl?$AAi?$AAz?$AAe?$AAE?$AAm?$AAx?$AA8?$AA7?$AA?$AA@ 000122e4     nkprof:profiler.obj
 0001:0000130c       ??_C@_1CE@PJMPNDLP@?$AAx?$AA8?$AA6?$AA?3?$AAI?$AAn?$AAi?$AAt?$AAi?$AAa?$AAl?$AAi?$AAz?$AAe?$AAF?$AAP?$AAU?$AA?$AA@ 0001230c     nkprof:profiler.obj
 0001:00001330       ??_C@_1CG@HHJLGFLK@?$AAS?$AAH?$AAx?$AA?3?$AAS?$AAw?$AAi?$AAt?$AAc?$AAh?$AAD?$AAS?$AAP?$AAO?$AAw?$AAn?$AAe?$AAr?$AA?$AA@ 00012330     nkprof:profiler.obj
 0001:00001358       ??_C@_1CC@HMAIIGOA@?$AAD?$AAo?$AAL?$AAe?$AAa?$AAv?$AAe?$AAS?$AAo?$AAm?$AAe?$AAt?$AAh?$AAi?$AAn?$AAg?$AA?$AA@ 00012358     nkprof:profiler.obj
 0001:0000137c       ??_C@_1BO@HGPDICKG@?$AAA?$AAd?$AAj?$AAu?$AAs?$AAt?$AAP?$AAr?$AAi?$AAo?$AAD?$AAo?$AAw?$AAn?$AA?$AA@ 0001237c     nkprof:profiler.obj
 0001:0000139c       ??_C@_1CE@NNEKFLDP@?$AAZ?$AAe?$AAr?$AAo?$AAA?$AAl?$AAl?$AAT?$AAh?$AAr?$AAe?$AAa?$AAd?$AAs?$AAT?$AAL?$AAS?$AA?$AA@ 0001239c     nkprof:profiler.obj
 0001:000013c0       ??_C@_1BI@NAGCLOGF@?$AAS?$AAu?$AAs?$AAp?$AAe?$AAn?$AAd?$AAS?$AAe?$AAl?$AAf?$AA?$AA@ 000123c0     nkprof:profiler.obj
 0001:000013d8       ??_C@_1DE@EMODMHHM@?$AAA?$AAR?$AAM?$AA?3?$AAI?$AAn?$AAv?$AAa?$AAl?$AAi?$AAd?$AAa?$AAt?$AAe?$AAS?$AAo?$AAf?$AAt?$AAw?$AAa@ 000123d8     nkprof:profiler.obj
 0001:0000140c       ??_C@_1BO@HAPPLPGE@?$AAx?$AA8?$AA6?$AA?3?$AAS?$AAe?$AAt?$AAC?$AAP?$AAU?$AAA?$AAS?$AAI?$AAD?$AA?$AA@ 0001240c     nkprof:profiler.obj
 0001:0000142c       ??_C@_1DA@KLEIIGAD@?$AAM?$AAI?$AAP?$AAS?$AA?1?$AAS?$AAH?$AAx?$AA?3?$AAS?$AAw?$AAi?$AAt?$AAc?$AAh?$AAF?$AAP?$AAU?$AAO?$AAw@ 0001242c     nkprof:profiler.obj
 0001:0000145c       ??_C@_1BO@LPFLJNL@?$AAP?$AAo?$AAs?$AAt?$AAB?$AAo?$AAo?$AAs?$AAt?$AAC?$AAr?$AAi?$AAt?$AA2?$AA?$AA@ 0001245c     nkprof:profiler.obj
 0001:0000147c       ??_C@_1BO@OLEHFEEB@?$AAC?$AAr?$AAi?$AAt?$AAF?$AAi?$AAn?$AAa?$AAl?$AAB?$AAo?$AAo?$AAs?$AAt?$AA?$AA@ 0001247c     nkprof:profiler.obj
 0001:0000149c       ??_C@_1BI@HFJNBCMA@?$AAC?$AAS?$AAW?$AAa?$AAi?$AAt?$AAP?$AAa?$AAr?$AAt?$AA2?$AA?$AA@ 0001249c     nkprof:profiler.obj
 0001:000014b4       ??_C@_1BO@BJEABGDF@?$AAP?$AAo?$AAs?$AAt?$AAB?$AAo?$AAo?$AAs?$AAt?$AAC?$AAr?$AAi?$AAt?$AA1?$AA?$AA@ 000124b4     nkprof:profiler.obj
 0001:000014d4       ??_C@_1BK@CFBCFEBG@?$AAP?$AAo?$AAs?$AAt?$AAB?$AAo?$AAo?$AAs?$AAt?$AAM?$AAu?$AAt?$AA?$AA@ 000124d4     nkprof:profiler.obj
 0001:000014f0       ??_C@_1CE@PCOECBHM@?$AAL?$AAa?$AAt?$AAe?$AAr?$AAL?$AAi?$AAn?$AAk?$AAM?$AAu?$AAt?$AAO?$AAw?$AAn?$AAe?$AAr?$AA?$AA@ 000124f0     nkprof:profiler.obj
 0001:00001514       ??_C@_1CC@FPGFPFCJ@?$AAD?$AAe?$AAq?$AAu?$AAe?$AAu?$AAe?$AAF?$AAl?$AAa?$AAt?$AAP?$AAr?$AAo?$AAx?$AAy?$AA?$AA@ 00012514     nkprof:profiler.obj
 0001:00001538       ??_C@_1BK@MJENAEAP@?$AAP?$AAr?$AAe?$AAL?$AAe?$AAa?$AAv?$AAe?$AAC?$AAr?$AAi?$AAt?$AA?$AA@ 00012538     nkprof:profiler.obj
 0001:00001554       ??_C@_1CE@MBHFCOKE@?$AAP?$AAo?$AAs?$AAt?$AAU?$AAn?$AAl?$AAi?$AAn?$AAk?$AAC?$AAr?$AAi?$AAt?$AAM?$AAu?$AAt?$AA?$AA@ 00012554     nkprof:profiler.obj
 0001:00001578       ??_C@_1CC@OLHENPMD@?$AAP?$AAr?$AAe?$AAU?$AAn?$AAl?$AAi?$AAn?$AAk?$AAC?$AAr?$AAi?$AAt?$AAM?$AAu?$AAt?$AA?$AA@ 00012578     nkprof:profiler.obj
 0001:0000159c       ??_C@_1CC@DNLLNIAF@?$AAL?$AAa?$AAt?$AAe?$AAr?$AAL?$AAi?$AAn?$AAk?$AAC?$AAr?$AAi?$AAt?$AAM?$AAu?$AAt?$AA?$AA@ 0001259c     nkprof:profiler.obj
 0001:000015c0       ??_C@_1BK@JKPPEMEM@?$AAC?$AAh?$AAe?$AAc?$AAk?$AAL?$AAa?$AAs?$AAt?$AAR?$AAe?$AAf?$AA?$AA@ 000125c0     nkprof:profiler.obj
 0001:000015dc       ??_C@_1CE@BENBBALA@?$AAG?$AAe?$AAt?$AAC?$AAu?$AAr?$AAT?$AAh?$AAr?$AAe?$AAa?$AAd?$AAK?$AAT?$AAi?$AAm?$AAe?$AA?$AA@ 000125dc     nkprof:profiler.obj
 0001:00001600       ??_C@_1BK@NNBNALN@?$AAT?$AAh?$AAr?$AAe?$AAa?$AAd?$AAR?$AAe?$AAs?$AAu?$AAm?$AAe?$AA?$AA@ 00012600     nkprof:profiler.obj
 0001:0000161c       ??_C@_1BG@LAKKHDKA@?$AAL?$AAo?$AAa?$AAd?$AAS?$AAw?$AAi?$AAt?$AAc?$AAh?$AA?$AA@ 0001261c     nkprof:profiler.obj
 0001:00001634       ??_C@_1BG@JGEEJNDA@?$AAD?$AAo?$AAF?$AAr?$AAe?$AAe?$AAC?$AAr?$AAi?$AAt?$AA?$AA@ 00012634     nkprof:profiler.obj
 0001:0000164c       ??_C@_1BK@JAMLBGAJ@?$AAK?$AAC?$AAN?$AAe?$AAx?$AAt?$AAT?$AAh?$AAr?$AAe?$AAa?$AAd?$AA?$AA@ 0001264c     nkprof:profiler.obj
 0001:00001668       ??_C@_1BK@HBNGEIEL@?$AAR?$AAe?$AAm?$AAo?$AAv?$AAe?$AAT?$AAh?$AAr?$AAe?$AAa?$AAd?$AA?$AA@ 00012668     nkprof:profiler.obj
 0001:00001684       ??_C@_1BK@JDBKOANN@?$AAE?$AAv?$AAe?$AAn?$AAt?$AAM?$AAo?$AAd?$AAI?$AAn?$AAt?$AAr?$AA?$AA@ 00012684     nkprof:profiler.obj
 0001:000016a0       ??_C@_1CE@MNLHNBEG@?$AAW?$AAa?$AAk?$AAe?$AAO?$AAn?$AAe?$AAT?$AAh?$AAr?$AAe?$AAa?$AAd?$AAF?$AAl?$AAa?$AAt?$AA?$AA@ 000126a0     nkprof:profiler.obj
 0001:000016c4       ??_C@_1BK@BFNHBGFA@?$AAT?$AAa?$AAk?$AAe?$AAT?$AAw?$AAo?$AAP?$AAa?$AAg?$AAe?$AAs?$AA?$AA@ 000126c4     nkprof:profiler.obj
 0001:000016e0       ??_C@_1CA@GMNKOPKE@?$AAM?$AAa?$AAk?$AAe?$AAR?$AAu?$AAn?$AAI?$AAf?$AAN?$AAe?$AAe?$AAd?$AAe?$AAd?$AA?$AA@ 000126e0     nkprof:profiler.obj
 0001:00001700       ??_C@_1BO@FHKOMOCH@?$AAU?$AAn?$AAl?$AAi?$AAn?$AAk?$AAP?$AAh?$AAy?$AAs?$AAP?$AAa?$AAg?$AAe?$AA?$AA@ 00012700     nkprof:profiler.obj
 0001:00001720       ??_C@_1O@CGHNBCHD@?$AAS?$AAe?$AAm?$AAP?$AAo?$AAp?$AA?$AA@ 00012720     nkprof:profiler.obj
 0001:00001730       ??_C@_1CE@MLNNAHHJ@?$AAK?$AAi?$AAl?$AAl?$AAS?$AAp?$AAe?$AAc?$AAi?$AAa?$AAl?$AAT?$AAh?$AAr?$AAe?$AAa?$AAd?$AA?$AA@ 00012730     nkprof:profiler.obj
 0001:00001754       ??_C@_1BI@EMCBGPKG@?$AAT?$AAh?$AAr?$AAe?$AAa?$AAd?$AAY?$AAi?$AAe?$AAl?$AAd?$AA?$AA@ 00012754     nkprof:profiler.obj
 0001:0000176c       ??_C@_1BI@NLKKPKJO@?$AAD?$AAo?$AAF?$AAr?$AAe?$AAe?$AAM?$AAu?$AAt?$AAe?$AAx?$AA?$AA@ 0001276c     nkprof:profiler.obj
 0001:00001784       ??_C@_1CE@LNNDFFBE@?$AAG?$AAr?$AAa?$AAb?$AAF?$AAi?$AAr?$AAs?$AAt?$AAP?$AAh?$AAy?$AAs?$AAP?$AAa?$AAg?$AAe?$AA?$AA@ 00012784     nkprof:profiler.obj
 0001:000017a8       ??_C@_1BK@IBIOFJDE@?$AAL?$AAi?$AAn?$AAk?$AAP?$AAh?$AAy?$AAs?$AAP?$AAa?$AAg?$AAe?$AA?$AA@ 000127a8     nkprof:profiler.obj
 0001:000017c4       ??_C@_1CC@FGJHBFIG@?$AAD?$AAe?$AAq?$AAu?$AAe?$AAu?$AAe?$AAP?$AAr?$AAi?$AAo?$AAP?$AAr?$AAo?$AAx?$AAy?$AA?$AA@ 000127c4     nkprof:profiler.obj
 0001:000017e8       ??_C@_1BC@BNCJGDGF@?$AAD?$AAo?$AAD?$AAe?$AAc?$AAR?$AAe?$AAf?$AA?$AA@ 000127e8     nkprof:profiler.obj
 0001:000017fc       ??_C@_1BM@GBPNICO@?$AAD?$AAo?$AAR?$AAe?$AAp?$AAr?$AAi?$AAo?$AAM?$AAu?$AAt?$AAe?$AAx?$AA?$AA@ 000127fc     nkprof:profiler.obj
 0001:00001818       ??_C@_1CE@EBILBMCL@?$AAS?$AAe?$AAt?$AAT?$AAh?$AAr?$AAe?$AAa?$AAd?$AAB?$AAa?$AAs?$AAe?$AAP?$AAr?$AAi?$AAo?$AA?$AA@ 00012818     nkprof:profiler.obj
 0001:0000183c       ??_C@_1BC@JEEIHBNK@?$AAS?$AAt?$AAo?$AAp?$AAP?$AAr?$AAo?$AAc?$AA?$AA@ 0001283c     nkprof:profiler.obj
 0001:00001850       ??_C@_1CA@OPCFDFJC@?$AAG?$AAe?$AAt?$AAK?$AAC?$AAa?$AAl?$AAl?$AAP?$AAr?$AAo?$AAf?$AAi?$AAl?$AAe?$AA?$AA@ 00012850     nkprof:profiler.obj
 0001:00001870       ??_C@_1BE@GPHMIFN@?$AAS?$AAt?$AAo?$AAp?$AAP?$AAr?$AAo?$AAc?$AA2?$AA?$AA@ 00012870     nkprof:profiler.obj
 0001:00001884       ??_C@_1CE@OKAHBLNF@?$AAA?$AAd?$AAd?$AAT?$AAo?$AAP?$AAr?$AAo?$AAc?$AAR?$AAu?$AAn?$AAn?$AAa?$AAb?$AAl?$AAe?$AA?$AA@ 00012884     nkprof:profiler.obj
 0001:000018a8       ??_C@_1DA@BNHELPN@?$AAP?$AAr?$AAo?$AAf?$AAi?$AAl?$AAe?$AAT?$AAh?$AAr?$AAe?$AAa?$AAd?$AAS?$AAe?$AAt?$AAC?$AAo?$AAn?$AAt@ 000128a8     nkprof:profiler.obj
 0001:000018d8       ??_C@_1DA@PEIBJCLM@?$AAP?$AAr?$AAo?$AAf?$AAi?$AAl?$AAe?$AAT?$AAh?$AAr?$AAe?$AAa?$AAd?$AAG?$AAe?$AAt?$AAC?$AAo?$AAn?$AAt@ 000128d8     nkprof:profiler.obj
 0001:00001908       ??_C@_1BG@JAOAMMOA@?$AAL?$AAe?$AAa?$AAv?$AAe?$AAM?$AAu?$AAt?$AAe?$AAx?$AA?$AA@ 00012908     nkprof:profiler.obj
 0001:00001920       ??_C@_1BE@HAPOOMNC@?$AAL?$AAe?$AAa?$AAv?$AAe?$AAC?$AAr?$AAi?$AAt?$AA?$AA@ 00012920     nkprof:profiler.obj
 0001:00001934       ??_C@_1BI@GHCILNCO@?$AAC?$AAS?$AAW?$AAa?$AAi?$AAt?$AAP?$AAa?$AAr?$AAt?$AA1?$AA?$AA@ 00012934     nkprof:profiler.obj
 0001:0000194c       ??_C@_1BI@LKOMJMO@?$AAW?$AAa?$AAi?$AAt?$AAO?$AAn?$AAe?$AAM?$AAo?$AAr?$AAe?$AA?$AA@ 0001294c     nkprof:profiler.obj
 0001:00001964       ??_C@_1BO@BKBPGGGK@?$AAS?$AAe?$AAt?$AAT?$AAh?$AAr?$AAe?$AAa?$AAd?$AAT?$AAo?$AAD?$AAi?$AAe?$AA?$AA@ 00012964     nkprof:profiler.obj
 0001:00001984       ??_C@_1BK@DGPACBG@?$AAE?$AAv?$AAe?$AAn?$AAt?$AAM?$AAo?$AAd?$AAA?$AAu?$AAt?$AAo?$AA?$AA@ 00012984     nkprof:profiler.obj
 0001:000019a0       ??_C@_1BI@CEGJMLLI@?$AAE?$AAv?$AAe?$AAn?$AAt?$AAM?$AAo?$AAd?$AAM?$AAa?$AAn?$AA?$AA@ 000129a0     nkprof:profiler.obj
 0001:000019b8       ??_C@_1CA@BMCKOCGN@?$AAW?$AAa?$AAk?$AAe?$AAI?$AAf?$AAD?$AAe?$AAb?$AAu?$AAg?$AAW?$AAa?$AAi?$AAt?$AA?$AA@ 000129b8     nkprof:profiler.obj
 0001:000019d8       ??_C@_1CA@OBNMBHJG@?$AAS?$AAc?$AAa?$AAv?$AAe?$AAn?$AAg?$AAe?$AAO?$AAn?$AAe?$AAP?$AAa?$AAg?$AAe?$AA?$AA@ 000129d8     nkprof:profiler.obj
 0001:000019f8       ??_C@_1BC@KOAFGELC@?$AAC?$AAo?$AAp?$AAy?$AAR?$AAe?$AAf?$AAs?$AA?$AA@ 000129f8     nkprof:profiler.obj
 0001:00001a0c       ??_C@_1BC@NLEBLHDA@?$AAD?$AAo?$AAI?$AAn?$AAc?$AAR?$AAe?$AAf?$AA?$AA@ 00012a0c     nkprof:profiler.obj
 0001:00001a20       ??_C@_1BG@IKGIONCB@?$AAN?$AAe?$AAx?$AAt?$AAT?$AAh?$AAr?$AAe?$AAa?$AAd?$AA?$AA@ 00012a20     nkprof:profiler.obj
 0001:00001a38       ??_C@_1BE@IMKIJJOF@?$AAZ?$AAa?$AAp?$AAH?$AAa?$AAn?$AAd?$AAl?$AAe?$AA?$AA@ 00012a38     nkprof:profiler.obj
 0001:00001a4c       ??_C@_1BI@OECDCFO@?$AAS?$AAe?$AAt?$AAu?$AAp?$AAH?$AAa?$AAn?$AAd?$AAl?$AAe?$AA?$AA@ 00012a4c     nkprof:profiler.obj
 0001:00001a64       ??_C@_1CA@EIACEBDI@?$AAN?$AAe?$AAx?$AAt?$AAC?$AAl?$AAo?$AAs?$AAe?$AAH?$AAa?$AAn?$AAd?$AAl?$AAe?$AA?$AA@ 00012a64     nkprof:profiler.obj
 0001:00001a84       ??_C@_1CG@DCDJMMI@?$AAD?$AAi?$AAs?$AAa?$AAb?$AAl?$AAe?$AAT?$AAh?$AAr?$AAe?$AAa?$AAd?$AAC?$AAa?$AAl?$AAl?$AAs?$AA?$AA@ 00012a84     nkprof:profiler.obj
 0001:00001aac       ??_C@_1BM@PECNOCGL@?$AAT?$AAh?$AAr?$AAe?$AAa?$AAd?$AAS?$AAu?$AAs?$AAp?$AAe?$AAn?$AAd?$AA?$AA@ 00012aac     nkprof:profiler.obj
 0001:00001ac8       ??_C@_1BK@HFJIPNAH@?$AAD?$AAo?$AAR?$AAe?$AAp?$AAr?$AAi?$AAo?$AAC?$AAr?$AAi?$AAt?$AA?$AA@ 00012ac8     nkprof:profiler.obj
 0001:00001ae4       ??_C@_1O@CDNABDMN@?$AAS?$AAe?$AAm?$AAA?$AAd?$AAd?$AA?$AA@ 00012ae4     nkprof:profiler.obj
 0001:00001af4       ??_C@_1CC@PFIJDLOA@?$AAP?$AAu?$AAt?$AAT?$AAh?$AAr?$AAe?$AAa?$AAd?$AAT?$AAo?$AAS?$AAl?$AAe?$AAe?$AAp?$AA?$AA@ 00012af4     nkprof:profiler.obj
 0001:00001b18       ??_C@_1BG@DIPENACF@?$AAW?$AAa?$AAi?$AAt?$AAC?$AAo?$AAn?$AAf?$AAi?$AAg?$AA?$AA@ 00012b18     nkprof:profiler.obj
 0001:00001b30       ??_C@_1CA@DEHFLEC@?$AAH?$AAa?$AAn?$AAd?$AAl?$AAe?$AAE?$AAx?$AAc?$AAe?$AAp?$AAt?$AAi?$AAo?$AAn?$AA?$AA@ 00012b30     nkprof:profiler.obj
 0001:00001b50       ??_C@_1IA@EHAGJG@?$AAP?$AAr?$AAo?$AAf?$AAi?$AAl?$AAe?$AAS?$AAt?$AAa?$AAr?$AAt?$AA?$CI?$AA?$CJ?$AA?5?$AA?3?$AA?5?$AAA?$AAl?$AAl@ 00012b50     nkprof:profiler.obj
 0001:00001bd0       ??_C@_1KE@COAMCJID@?$AAP?$AAr?$AAo?$AAf?$AAi?$AAl?$AAe?$AAS?$AAt?$AAa?$AAr?$AAt?$AA?$CI?$AA?$CJ?$AA?5?$AA?3?$AA?5?$AAE?$AAr?$AAr@ 00012bd0     nkprof:profiler.obj
 0001:00001c78       ??_C@_1IE@NDOOOAJF@?$AA?5?$AA?5?$AA?$CK?$AA?5?$AAP?$AAe?$AAr?$AAc?$AAe?$AAn?$AAt?$AAa?$AAg?$AAe?$AA?5?$AAo?$AAf?$AA?5?$AAs?$AAa@ 00012c78     nkprof:profiler.obj
 0001:00001d00       ??_C@_1HM@FMFEHNLB@?$AA?5?$AA?5?$AA?$CK?$AA?5?$AAP?$AAr?$AAo?$AAf?$AAi?$AAl?$AAe?$AAr?$AA?5?$AAs?$AAa?$AAm?$AAp?$AAl?$AAe?$AAs@ 00012d00     nkprof:profiler.obj
 0001:00001d80       ??_C@_1IE@NHCDJCEG@?$AA?5?$AA?5?$AA?$CK?$AA?5?$AAT?$AAL?$AAB?$AA?5?$AAm?$AAi?$AAs?$AAs?$AAe?$AAs?$AA?5?$AAp?$AAe?$AAr?$AA?5?$AAt@ 00012d80     nkprof:profiler.obj
 0001:00001e04       ??_C@_1BM@IFHGIPII@?$AAT?$AAL?$AAB?$AA?5?$AAM?$AAI?$AAS?$AAS?$AAE?$AAS?$AA?3?$AA?$AN?$AA?6?$AA?$AA@ 00012e04     nkprof:profiler.obj
 0001:00001e20       ??_C@_1HM@PLJHELCD@?$AA?5?$AA?5?$AA?$CK?$AA?5?$AAT?$AAo?$AAt?$AAa?$AAl?$AA?5?$AAT?$AAL?$AAB?$AA?5?$AAm?$AAi?$AAs?$AAs?$AAe?$AAs@ 00012e20     nkprof:profiler.obj
 0001:00001ea0       ??_C@_1IE@DBELJNHH@?$AA?5?$AA?5?$AA?$CK?$AA?5?$AAN?$AAo?$AAn?$AA?9?$AAp?$AAr?$AAo?$AAf?$AAi?$AAl?$AAe?$AAr?$AA?5?$AAi?$AAn?$AAt@ 00012ea0     nkprof:profiler.obj
 0001:00001f24       ??_C@_1BM@LAMAIGMB@?$AAI?$AAN?$AAT?$AAE?$AAR?$AAR?$AAU?$AAP?$AAT?$AAS?$AA?3?$AA?$AN?$AA?6?$AA?$AA@ 00012f24     nkprof:profiler.obj
 0001:00001f40       ??_C@_1HM@DDPHKGOJ@?$AA?5?$AA?5?$AA?$CK?$AA?5?$AAT?$AAo?$AAt?$AAa?$AAl?$AA?5?$AAi?$AAn?$AAt?$AAe?$AAr?$AAr?$AAu?$AAp?$AAt?$AAs@ 00012f40     nkprof:profiler.obj
 0001:00001fc0       ??_C@_1HM@PKNGBDKA@?$AA?5?$AA?5?$AA?$CK?$AA?5?$AAN?$AAo?$AAn?$AA?9?$AAp?$AAr?$AAo?$AAf?$AAi?$AAl?$AAe?$AAr?$AA?5?$AAi?$AAn?$AAt@ 00012fc0     nkprof:profiler.obj
 0001:00002040       ??_C@_1IE@ILPCCAID@?$AA?5?$AA?5?$AA?$CK?$AA?5?$AAP?$AAe?$AAr?$AAc?$AAe?$AAn?$AAt?$AAa?$AAg?$AAe?$AA?5?$AAo?$AAf?$AA?5?$AAs?$AAa@ 00013040     nkprof:profiler.obj
 0001:000020c4       ??_C@_1BK@OHEJNNHG@?$AAI?$AAD?$AAL?$AAE?$AA?5?$AAT?$AAI?$AAM?$AAE?$AA?3?$AA?$AN?$AA?6?$AA?$AA@ 000130c4     nkprof:profiler.obj
 0001:000020e0       ??_C@_1HM@GBNNJAJC@?$AA?5?$AA?5?$AA?$CK?$AA?5?$AAT?$AAo?$AAt?$AAa?$AAl?$AA?5?$AAn?$AAo?$AAn?$AA?9?$AAi?$AAd?$AAl?$AAe?$AA?5?$AAs@ 000130e0     nkprof:profiler.obj
 0001:00002160       ??_C@_1HM@PJLCDPFE@?$AA?5?$AA?5?$AA?$CK?$AA?5?$AAT?$AAo?$AAt?$AAa?$AAl?$AA?5?$AAi?$AAd?$AAl?$AAe?$AA?5?$AAs?$AAa?$AAm?$AAp?$AAl@ 00013160     nkprof:profiler.obj
 0001:000021e0       ??_C@_1EA@NGGGKDCG@?$AAT?$AAo?$AAt?$AAa?$AAl?$AA?5?$AAs?$AAa?$AAm?$AAp?$AAl?$AAe?$AAs?$AA?5?$AAr?$AAe?$AAc?$AAo?$AAr?$AAd@ 000131e0     nkprof:profiler.obj
 0001:00002220       ??_C@_1EA@LIEELEKP@?$AAT?$AAo?$AAt?$AAa?$AAl?$AA?5?$AAs?$AAa?$AAm?$AAp?$AAl?$AAe?$AAs?$AA?5?$AAd?$AAr?$AAo?$AAp?$AAp?$AAe@ 00013220     nkprof:profiler.obj
 0001:00002260       ??_C@_1EA@PEPNHDHH@?$AAT?$AAi?$AAc?$AAk?$AAs?$AA?5?$AAe?$AAl?$AAa?$AAp?$AAs?$AAe?$AAd?$AA?5?$AA?5?$AA?5?$AA?5?$AA?5?$AA?5?$AA?5@ 00013260     nkprof:profiler.obj
 0001:000022a0       ??_C@_1IC@EANHOBAB@?$AA?$DN?$AA?$DN?$AA?$DN?$AA?$DN?$AA?$DN?$AA?$DN?$AA?$DN?$AA?$DN?$AA?$DN?$AA?$DN?$AA?$DN?$AA?$DN?$AA?$DN?$AA?$DN?$AA?$DN?$AA?$DN?$AA?$DN?$AA?$DN?$AA?$DN?$AA?5@ 000132a0     nkprof:profiler.obj
 0001:00002328       ??_C@_1IC@OEELCHFP@?$AA?$DN?$AA?$DN?$AA?$DN?$AA?$DN?$AA?$DN?$AA?$DN?$AA?$DN?$AA?$DN?$AA?$DN?$AA?$DN?$AA?$DN?$AA?$DN?$AA?$DN?$AA?$DN?$AA?$DN?$AA?$DN?$AA?$DN?$AA?$DN?$AA?$DN?$AA?5@ 00013328     nkprof:profiler.obj
 0001:000023b0       ??_C@_1GO@IOBMBPCP@?$AA?$CF?$AA1?$AA0?$AAd?$AA?5?$AA?$CF?$AA5?$AAd?$AA?4?$AA?$CF?$AA1?$AAd?$AA?5?$AA?5?$AA?5?$AA?5?$AA?5?$AA?5?$AA?5?$AA?5@ 000133b0     nkprof:profiler.obj
 0001:00002420       ??_C@_1FE@BJHHICCM@?$AA?$CF?$AA1?$AA0?$AAd?$AA?5?$AA?$CF?$AA5?$AAd?$AA?4?$AA?$CF?$AA1?$AAd?$AA?5?$AA?9?$AA?9?$AA?9?$AA?9?$AA?9?$AA?9?$AA?9@ 00013420     nkprof:profiler.obj
 0001:00002474       ??_C@_1DO@PBIMCGJI@?$AA?$CF?$AA1?$AA0?$AAd?$AA?5?$AA?$CF?$AA5?$AAd?$AA?4?$AA?$CF?$AA1?$AAd?$AA?5?$AA?$CF?$AA8?$AA?4?$AA8?$AAl?$AAx?$AA?5@ 00013474     nkprof:profiler.obj
 0001:000024b8       ??_C@_1GI@KDMBDBLP@?$AA?$AN?$AA?6?$AAS?$AAY?$AAM?$AAB?$AAO?$AAL?$AAS?$AA?3?$AA?5?$AA?5?$AA?$CI?$AAD?$AAo?$AAe?$AAs?$AA?5?$AAn?$AAo@ 000134b8     nkprof:profiler.obj
 0001:00002520       ??_C@_1GG@BCIBICNK@?$AAH?$AAi?$AAt?$AAs?$AA?5?$AA?5?$AA?5?$AA?5?$AA?5?$AA?5?$AA?5?$AAP?$AAe?$AAr?$AAc?$AAe?$AAn?$AAt?$AA?5?$AAA@ 00013520     nkprof:profiler.obj
 0001:00002588       ??_C@_1IC@JCMHCHDP@?$AA?9?$AA?9?$AA?9?$AA?9?$AA?9?$AA?9?$AA?9?$AA?9?$AA?9?$AA?9?$AA?5?$AA?9?$AA?9?$AA?9?$AA?9?$AA?9?$AA?9?$AA?9?$AA?5?$AA?9@ 00013588     nkprof:profiler.obj
 0001:00002610       ??_C@_1GM@JPNJHDDN@?$AAP?$AAr?$AAo?$AAf?$AAi?$AAl?$AAe?$AAS?$AAt?$AAo?$AAp?$AA?3?$AA?5?$AAS?$AAo?$AAr?$AAt?$AA?5?$AAm?$AAe@ 00013610     nkprof:profiler.obj
 0001:0000267c       ??_C@_1CI@BFCEFODC@?$AAN?$AAo?$AA?5?$AAs?$AAy?$AAm?$AAb?$AAo?$AAl?$AAs?$AA?5?$AAf?$AAo?$AAu?$AAn?$AAd?$AA?4?$AA?$AN?$AA?6?$AA?$AA@ 0001367c     nkprof:profiler.obj
 0001:000026a4       ??_C@_07NFANNNEC@UNKNOWN?$AA@ 000136a4     nkprof:profiler.obj
 0001:000026b0       ??_C@_1EA@MBHPKJHE@?$AAI?$AAD?$AAL?$AAE?$AA?5?$AA?5?$AA?5?$AA?5?$AA?5?$AA?5?$AA?5?$AA?5?$AA?5?$AA?5?$AA?$CF?$AA1?$AA0?$AAl?$AAu?$AA?5@ 000136b0     nkprof:profiler.obj
 0001:000026f0       ??_C@_1DC@PGFIOOGB@?$AA?$CF?$AA?9?$AA1?$AA2?$AAa?$AA?5?$AA?5?$AA?$CF?$AA1?$AA0?$AAl?$AAu?$AA?5?$AA?5?$AA?$CF?$AA5?$AAl?$AAu?$AA?4?$AA?$CF@ 000136f0     nkprof:profiler.obj
 0001:00002728       ??_C@_1GI@PBECJDGN@?$AA?$AN?$AA?6?$AAM?$AAO?$AAD?$AAU?$AAL?$AAE?$AAS?$AA?3?$AA?5?$AA?5?$AA?$CI?$AAD?$AAo?$AAe?$AAs?$AA?5?$AAn?$AAo@ 00013728     nkprof:profiler.obj
 0001:00002790       ??_C@_1EI@CDEPOCHO@?$AAM?$AAo?$AAd?$AAu?$AAl?$AAe?$AA?5?$AA?5?$AA?5?$AA?5?$AA?5?$AA?5?$AA?5?$AA?5?$AAH?$AAi?$AAt?$AAs?$AA?5?$AA?5@ 00013790     nkprof:profiler.obj
 0001:000027d8       ??_C@_1EI@PENLCIE@?$AA?9?$AA?9?$AA?9?$AA?9?$AA?9?$AA?9?$AA?9?$AA?9?$AA?9?$AA?9?$AA?9?$AA?9?$AA?5?$AA?5?$AA?9?$AA?9?$AA?9?$AA?9?$AA?9?$AA?9@ 000137d8     nkprof:profiler.obj
 0001:00002820       ??_C@_13JOFGPIOO@?$AA?4?$AA?$AA@ 00013820     nkprof:profiler.obj
 0001:00002828       ??_C@_1GG@JFGCBFGC@?$AAK?$AAe?$AAr?$AAn?$AAe?$AAl?$AA?5?$AAP?$AAr?$AAo?$AAf?$AAi?$AAl?$AAe?$AAr?$AA?3?$AA?5?$AAL?$AAo?$AAo@ 00013828     nkprof:profiler.obj
 0001:00002890       ??_C@_1HE@DJNEAKEN@?$AAK?$AAe?$AAr?$AAn?$AAe?$AAl?$AA?5?$AAP?$AAr?$AAo?$AAf?$AAi?$AAl?$AAe?$AAr?$AA?3?$AA?5?$AAN?$AAo?$AA?5@ 00013890     nkprof:profiler.obj
 0001:00002908       ??_C@_1HG@HLCEMFG@?$AAi?$AAs?$AA?5?$AAi?$AAm?$AAp?$AAl?$AAe?$AAm?$AAe?$AAn?$AAt?$AAe?$AAd?$AA?5?$AAi?$AAn?$AA?5?$AAt?$AAh@ 00013908     nkprof:profiler.obj
 0001:00002980       ??_C@_1EI@DKADJJMI@?$AAO?$AAt?$AAh?$AAe?$AAr?$AA?5?$AAK?$AAe?$AAr?$AAn?$AAe?$AAl?$AA?5?$AAc?$AAa?$AAl?$AAl?$AAs?$AA?3?$AA?5@ 00013980     nkprof:profiler.obj
 0001:000029c8       ??_C@_1FI@EGMMINOA@?$AAN?$AAe?$AAx?$AAt?$AAT?$AAh?$AAr?$AAe?$AAa?$AAd?$AA?3?$AA?5?$AAC?$AAa?$AAl?$AAl?$AAs?$AA?$DN?$AA?$CF?$AAu@ 000139c8     nkprof:profiler.obj
 0001:00002a20       ??_C@_1EK@KEMNODJB@?$AAR?$AAe?$AAs?$AAo?$AAl?$AAu?$AAt?$AAi?$AAo?$AAn?$AA?3?$AA?5?$AA?$CF?$AAd?$AA?4?$AA?$CF?$AA3?$AA?4?$AA3?$AAd@ 00013a20     nkprof:profiler.obj
 0001:00002a6c       ??_C@_1DO@ICGIECJG@?$AA?$AN?$AA?6?$AAM?$AAO?$AAD?$AAU?$AAL?$AAE?$AAS?$AA?3?$AA?5?$AA?5?$AAW?$AAr?$AAi?$AAt?$AAt?$AAe?$AAn?$AA?5@ 00013a6c     nkprof:profiler.obj
 0001:00002aac       ??_C@_1DO@FIKAMFEN@?$AA?$AN?$AA?6?$AAS?$AAY?$AAM?$AAB?$AAO?$AAL?$AAS?$AA?3?$AA?5?$AA?5?$AAW?$AAr?$AAi?$AAt?$AAt?$AAe?$AAn?$AA?5@ 00013aac     nkprof:profiler.obj
 0001:00002af0       ??_C@_1EE@GHELJFHG@?$AAP?$AAr?$AAo?$AAf?$AAi?$AAl?$AAe?$AAr?$AA?5?$AAd?$AAa?$AAt?$AAa?$AA?5?$AAw?$AAr?$AAi?$AAt?$AAt?$AAe@ 00013af0     nkprof:profiler.obj
 0001:00002b38       ??_C@_1FM@HCAHOAMD@?$AAK?$AAe?$AAr?$AAn?$AAe?$AAl?$AA?5?$AAP?$AAr?$AAo?$AAf?$AAi?$AAl?$AAe?$AAr?$AA?3?$AA?5?$AAO?$AAE?$AAM@ 00013b38     nkprof:profiler.obj
 0001:00002b98       ??_C@_1GA@CGPMPNCK@?$AAK?$AAe?$AAr?$AAn?$AAe?$AAl?$AA?5?$AAP?$AAr?$AAo?$AAf?$AAi?$AAl?$AAe?$AAr?$AA?3?$AA?5?$AAG?$AAa?$AAt@ 00013b98     nkprof:profiler.obj
 0001:00002bf8       ??_C@_1BG@EKNIEMPA@?$AAM?$AAo?$AAn?$AAt?$AAe?$AAC?$AAa?$AAr?$AAl?$AAo?$AA?$AA@ 00013bf8     nkprof:profiler.obj
 0001:00002c10       ??_C@_1BG@KCGECFCC@?$AAO?$AAb?$AAj?$AAe?$AAc?$AAt?$AAC?$AAa?$AAl?$AAl?$AA?$AA@ 00013c10     nkprof:profiler.obj
 0001:00002c28       ??_C@_1BI@EMEDAJL@?$AAO?$AAE?$AAM?$AA?9?$AAD?$AAe?$AAf?$AAi?$AAn?$AAe?$AAd?$AA?$AA@ 00013c28     nkprof:profiler.obj
 0001:00002c40       ??_C@_1BG@BDJOCP@?$AAu?$AAn?$AAb?$AAu?$AAf?$AAf?$AAe?$AAr?$AAe?$AAd?$AA?$AA@ 00013c40     nkprof:profiler.obj
 0001:00002c58       ??_C@_1BC@FJHCFHHN@?$AAb?$AAu?$AAf?$AAf?$AAe?$AAr?$AAe?$AAd?$AA?$AA@ 00013c58     nkprof:profiler.obj
 0001:00002c6c       ??_C@_1M@NFHIDGDD@?$AAC?$AAe?$AAL?$AAo?$AAg?$AA?$AA@ 00013c6c     nkprof:profiler.obj
 0001:00002c78       ??_C@_1FA@CNHLAON@?$AAK?$AAe?$AAr?$AAn?$AAe?$AAl?$AA?5?$AAP?$AAr?$AAo?$AAf?$AAi?$AAl?$AAe?$AAr?$AA?3?$AA?5?$AAG?$AAa?$AAt@ 00013c78     nkprof:profiler.obj
 0001:00002cc8       ??_C@_1HC@HOFEMPJH@?$AAK?$AAe?$AAr?$AAn?$AAe?$AAl?$AA?5?$AAP?$AAr?$AAo?$AAf?$AAi?$AAl?$AAe?$AAr?$AA?3?$AA?5?$AAU?$AAn?$AAa@ 00013cc8     nkprof:profiler.obj
 0001:00002d40       ??_C@_1HO@ICLCLMLJ@?$AAK?$AAe?$AAr?$AAn?$AAe?$AAl?$AA?5?$AAP?$AAr?$AAo?$AAf?$AAi?$AAl?$AAe?$AAr?$AA?3?$AA?5?$AAU?$AAn?$AAa@ 00013d40     nkprof:profiler.obj
 0001:00002dc0       ??_C@_1GK@KNOBIGEB@?$AAK?$AAe?$AAr?$AAn?$AAe?$AAl?$AA?5?$AAP?$AAr?$AAo?$AAf?$AAi?$AAl?$AAe?$AAr?$AA?3?$AA?5?$AAI?$AAg?$AAn@ 00013dc0     nkprof:profiler.obj
 0001:00002e2c       pTOC                       00013e2c     nkprof:loader.obj
 0001:00002e30       RomExt                     00013e30     nkprof:loader.obj
 0001:00002e5c       ??_C@_1BI@BGOHAHKC@?$AAm?$AAs?$AAc?$AAo?$AAr?$AAe?$AAe?$AA?4?$AAd?$AAl?$AAl?$AA?$AA@ 00013e5c     nkprof:loader.obj
 0001:00002e74       ??_C@_19GJFHEGMI@?$AA?4?$AAc?$AAp?$AAl?$AA?$AA@ 00013e74     nkprof:loader.obj
 0001:00002e80       ??_C@_19BHIGINDB@?$AA?4?$AAd?$AAl?$AAl?$AA?$AA@ 00013e80     nkprof:loader.obj
 0001:00002e90       ??_C@_1JA@LAAMKFDL@?$AAE?$AAR?$AAR?$AAO?$AAR?$AA?$CB?$AA?5?$AAX?$AAI?$AAP?$AA?5?$AAr?$AAe?$AAg?$AAi?$AAo?$AAn?$AA?5?$AAs?$AAp@ 00013e90     nkprof:loader.obj
 0001:00002f20       ??_C@_1GM@HONCPGNM@?$AAE?$AAR?$AAR?$AAO?$AAR?$AA?3?$AA?5?$AAf?$AAu?$AAn?$AAc?$AAt?$AAi?$AAo?$AAn?$AA?5?$AA?$EA?$AA?5?$AAO?$AAr@ 00013f20     nkprof:loader.obj
 0001:00002f90       ??_C@_1FI@ONEBACH@?$AA?$CB?$AA?$CB?$AA?$CB?$AA?5?$AAP?$AAl?$AAe?$AAa?$AAs?$AAe?$AA?5?$AAC?$AAh?$AAe?$AAc?$AAk?$AA?5?$AAy?$AAo?$AAu@ 00013f90     nkprof:loader.obj
 0001:00002fe8       ??_C@_1KG@OLDPDPIK@?$AAP?$AAa?$AAg?$AAi?$AAn?$AAg?$AA?5?$AAi?$AAn?$AA?5?$AAf?$AAr?$AAo?$AAm?$AA?5?$AAu?$AAn?$AAc?$AAo?$AAm@ 00013fe8     nkprof:loader.obj
 0001:00003090       ??_C@_1MC@PEAOBDGA@?$AAL?$AAo?$AAa?$AAd?$AAO?$AA3?$AA2?$AA?5?$AAF?$AAA?$AAI?$AAL?$AAE?$AAD?$AA?3?$AA?5?$AAX?$AAI?$AAP?$AA?5@ 00014090     nkprof:loader.obj
 0001:00003154       ??_C@_13FPGAJAPJ@?$AA?2?$AA?$AA@ 00014154     nkprof:loader.obj
 0001:00003158       ??_C@_1BE@PHABJHBC@?$AA?2?$AAR?$AAe?$AAl?$AAe?$AAa?$AAs?$AAe?$AA?2?$AA?$AA@ 00014158     nkprof:loader.obj
 0001:0000316c       ??_C@_0M@MBOPBNBK@mscoree?4dll?$AA@ 0001416c     nkprof:loader.obj
 0001:00003178       ??_C@_19DOGDICKI@?$AA?4?$AAe?$AAx?$AAe?$AA?$AA@ 00014178     nkprof:loader.obj
 0001:00003184       ??_C@_0M@HKKAKIBC@_CorDllMain?$AA@ 00014184     nkprof:loader.obj
 0001:00003190       ??_C@_0M@CJEEBJJ@_CorExeMain?$AA@ 00014190     nkprof:loader.obj
 0001:0000319c       ??_C@_1BE@PEIFHNGC@?$AAI?$AAO?$AAC?$AAo?$AAn?$AAt?$AAr?$AAo?$AAl?$AA?$AA@ 0001419c     nkprof:loader.obj
 0001:000031b0       ??_C@_1BO@BPBMILND@?$AAC?$AAr?$AAe?$AAa?$AAt?$AAe?$AAI?$AAn?$AAs?$AAt?$AAa?$AAn?$AAc?$AAe?$AA?$AA@ 000141b0     nkprof:loader.obj
 0001:000031d0       ??_C@_1CA@BLNEPCFJ@?$AAD?$AAe?$AAs?$AAt?$AAr?$AAo?$AAy?$AAI?$AAn?$AAs?$AAt?$AAa?$AAn?$AAc?$AAe?$AA?$AA@ 000141d0     nkprof:loader.obj
 0001:000031f0       ??_C@_07KIMKLDJN@HlprStk?$AA@ 000141f0     nkprof:heap.obj
 0001:000031f8       ??_C@_04FABLJDN@Name?$AA@  000141f8     nkprof:heap.obj
 0001:00003200       ??_C@_08PFMOJNJA@MemBlock?$AA@ 00014200     nkprof:heap.obj
 0001:0000320c       ??_C@_0BF@BEBDONGI@FullRef?1FSMap?1ThrdTm?$AA@ 0001420c     nkprof:heap.obj
 0001:00003224       ??_C@_0BJ@ENDCOEEN@Crit?1Evt?1Sem?1Mut?1ThrdDbg?$AA@ 00014224     nkprof:heap.obj
 0001:00003240       ??_C@_0CH@FAGGJECH@API?1CStk?1ClnEvt?1StbEvt?1Prxy?1HDat@ 00014240     nkprof:heap.obj
 0001:00003268       ??_C@_03PFNPICLN@Mod?$AA@  00014268     nkprof:heap.obj
 0001:0000326c       ??_C@_04FMDIKMJI@Thrd?$AA@ 0001426c     nkprof:heap.obj
 0001:00003274       MapMthds                   00014274     nkprof:mapfile.obj
 0001:00003280       cinfMap                    00014280     nkprof:mapfile.obj
 0001:00003294       upperval                   00014294     nkprof:printf.obj
 0001:000032b8       lowerval                   000142b8     nkprof:printf.obj
 0001:000032dc       ??_C@_1O@INIEDEDF@?$AA?$CI?$AAN?$AAU?$AAL?$AAL?$AA?$CJ?$AA?$AA@ 000142dc     nkprof:printf.obj
 0001:000032ec       ??_C@_06LHGEHABH@?$CINULL?$CJ?$AA@ 000142ec     nkprof:printf.obj
 0001:000032f4       ??_C@_17JLFEDMMI@?$AA?$DP?$AA?$DP?$AA?$DP?$AA?$AA@ 000142f4     nkprof:exdsptch.obj
 0001:000032fc       cinfToken                  000142fc     nkprof:kacl.obj
 0001:00003310       TokenMthds                 00014310     nkprof:kacl.obj
 0001:00003324       ??_C@_17JCBKHJFJ@?$AAM?$AAU?$AAI?$AA?$AA@ 00014324     nkprof:resource.obj
 0001:0000332c       ??_C@_1BE@GKNEGONL@?$AA?4?$AA?$CF?$AA0?$AA4?$AAX?$AA?4?$AAM?$AAU?$AAI?$AA?$AA@ 0001432c     nkprof:resource.obj
 0001:00003340       ??_C@_1BA@LOIHNCHK@?$AAC?$AAu?$AAr?$AAL?$AAa?$AAn?$AAg?$AA?$AA@ 00014340     nkprof:resource.obj
 0001:00003350       ??_C@_1BA@OJPADBKG@?$AAS?$AAy?$AAs?$AAL?$AAa?$AAn?$AAg?$AA?$AA@ 00014350     nkprof:resource.obj
 0001:00003360       ??_C@_1O@PFBIKACK@?$AAE?$AAn?$AAa?$AAb?$AAl?$AAe?$AA?$AA@ 00014360     nkprof:resource.obj
 0001:00003370       ??_C@_0L@LJBCBOFE@LocalAlloc?$AA@ 00014370     nkprof:stubs.obj
 0001:0000337c       ??_C@_09FHKJECCN@LocalFree?$AA@ 0001437c     nkprof:stubs.obj
 0001:00003388       ??_C@_1BM@MFGJPNFB@?$AA?2?$AAR?$AAe?$AAl?$AAe?$AAa?$AAs?$AAe?$AA?2?$AAr?$AAe?$AAg?$AA?3?$AA?$AA@ 00014388     nkprof:ppfs.obj
 0001:000033a4       ??_C@_1BK@OFGKOFCH@?$AAW?$AAA?$AAI?$AAT?$AA_?$AAR?$AAE?$AAL?$AAF?$AAS?$AAD?$AA2?$AA?$AA@ 000143a4     nkprof:ppfs.obj
 0001:000033c0       dec_extra_bits_count       000143c0     nkprof:decapi.obj
 0001:000033c4       dec_extra_bits             000143c4     nkprof:decapi.obj
 0001:000033f8       MP_POS_minus2              000143f8     nkprof:decapi.obj
 0001:000034e8       ??_C@_1CM@BMDDLKDO@?$AA?9?$AAO?$AAE?$AAM?$AAC?$AAa?$AAc?$AAh?$AAe?$AAR?$AAa?$AAn?$AAg?$AAe?$AAF?$AAl?$AAu?$AAs?$AAh?$AA?$AN@ 000144e8     oal_cache_smt926a:flush.obj
 0001:00003518       ??_C@_1FE@FFFKHHBK@?$AA?$CL?$AAO?$AAE?$AAM?$AAC?$AAa?$AAc?$AAh?$AAe?$AAR?$AAa?$AAn?$AAg?$AAe?$AAF?$AAl?$AAu?$AAs?$AAh?$AA?$CI@ 00014518     oal_cache_smt926a:flush.obj
 0001:00003600       ??_C@_1DK@JEFKKIKI@?$AA?9?$AAO?$AAA?$AAL?$AAI?$AAn?$AAt?$AAe?$AAr?$AAr?$AAu?$AAp?$AAt?$AAI?$AAn?$AAi?$AAt?$AA?$CI?$AAr?$AAc@ 00014600     oal_intr_smt926a:intr.obj
 0001:0000363c       ??_C@_1CI@LJHDCJDG@?$AA?$CL?$AAO?$AAA?$AAL?$AAI?$AAn?$AAt?$AAe?$AAr?$AAr?$AAu?$AAp?$AAt?$AAI?$AAn?$AAi?$AAt?$AA?$AN?$AA?6?$AA?$AA@ 0001463c     oal_intr_smt926a:intr.obj
 0001:00003664       ??_C@_1DO@NDIEKHNP@?$AA?9?$AAO?$AAA?$AAL?$AAI?$AAn?$AAt?$AAr?$AAR?$AAe?$AAq?$AAu?$AAe?$AAs?$AAt?$AAI?$AAr?$AAq?$AAs?$AA?$CI@ 00014664     oal_intr_smt926a:intr.obj
 0001:000036a8       ??_C@_1HO@EBPJKEJJ@?$AA?$CL?$AAO?$AAA?$AAL?$AAI?$AAn?$AAt?$AAr?$AAR?$AAe?$AAq?$AAu?$AAe?$AAs?$AAt?$AAI?$AAr?$AAq?$AAs?$AA?$CI@ 000146a8     oal_intr_smt926a:intr.obj
 0001:00003728       ??_C@_1DM@INNHDHDJ@?$AA?9?$AAO?$AAA?$AAL?$AAI?$AAn?$AAt?$AAr?$AAE?$AAn?$AAa?$AAb?$AAl?$AAe?$AAI?$AAr?$AAq?$AAs?$AA?$CI?$AAr@ 00014728     oal_intr_smt926a:intr.obj
 0001:00003768       ??_C@_1EC@MDFPIGAB@?$AA?$CL?$AAO?$AAA?$AAL?$AAI?$AAn?$AAt?$AAr?$AAE?$AAn?$AAa?$AAb?$AAl?$AAe?$AAI?$AAr?$AAq?$AAs?$AA?$CI?$AA?$CF@ 00014768     oal_intr_smt926a:intr.obj
 0001:000037ac       ??_C@_1CM@GPENGBBP@?$AA?9?$AAO?$AAA?$AAL?$AAI?$AAn?$AAt?$AAr?$AAD?$AAi?$AAs?$AAa?$AAb?$AAl?$AAe?$AAI?$AAr?$AAq?$AAs?$AA?$AN@ 000147ac     oal_intr_smt926a:intr.obj
 0001:000037d8       ??_C@_1EE@NIPMEMC@?$AA?$CL?$AAO?$AAA?$AAL?$AAI?$AAn?$AAt?$AAr?$AAD?$AAi?$AAs?$AAa?$AAb?$AAl?$AAe?$AAI?$AAr?$AAq?$AAs?$AA?$CI@ 000147d8     oal_intr_smt926a:intr.obj
 0001:0000381c       ??_C@_1CG@LBOJEJPE@?$AA?9?$AAO?$AAA?$AAL?$AAI?$AAn?$AAt?$AAr?$AAD?$AAo?$AAn?$AAe?$AAI?$AAr?$AAq?$AAs?$AA?$AN?$AA?6?$AA?$AA@ 0001481c     oal_intr_smt926a:intr.obj
 0001:00003844       ??_C@_1DO@FCJPHKGC@?$AA?$CL?$AAO?$AAA?$AAL?$AAI?$AAn?$AAt?$AAr?$AAD?$AAo?$AAn?$AAe?$AAI?$AAr?$AAq?$AAs?$AA?$CI?$AA?$CF?$AAd?$AA?0@ 00014844     oal_intr_smt926a:intr.obj
 0001:00003918       ??_C@_1DM@KHBFOEPK@?$AA?9?$AAO?$AAE?$AAM?$AAI?$AAn?$AAt?$AAe?$AAr?$AAr?$AAu?$AAp?$AAt?$AAE?$AAn?$AAa?$AAb?$AAl?$AAe?$AA?$CI@ 00014918     oal_intr_smt926a:oem.obj
 0001:00003958       ??_C@_1HO@IIIKCIAC@?$AAE?$AAR?$AAR?$AAO?$AAR?$AA?3?$AA?5?$AAO?$AAE?$AAM?$AAI?$AAn?$AAt?$AAe?$AAr?$AAr?$AAu?$AAp?$AAt?$AAE@ 00014958     oal_intr_smt926a:oem.obj
 0001:000039d8       ??_C@_1EI@HHGIJMMI@?$AA?$CL?$AAO?$AAE?$AAM?$AAI?$AAn?$AAt?$AAe?$AAr?$AAr?$AAu?$AAp?$AAt?$AAE?$AAn?$AAa?$AAb?$AAl?$AAe?$AA?$CI@ 000149d8     oal_intr_smt926a:oem.obj
 0001:00003a20       ??_C@_1CO@FKOPLHGO@?$AA?9?$AAO?$AAE?$AAM?$AAI?$AAn?$AAt?$AAe?$AAr?$AAr?$AAu?$AAp?$AAt?$AAD?$AAi?$AAs?$AAa?$AAb?$AAl?$AAe@ 00014a20     oal_intr_smt926a:oem.obj
 0001:00003a50       ??_C@_1DG@HOKLDENP@?$AA?$CL?$AAO?$AAE?$AAM?$AAI?$AAn?$AAt?$AAe?$AAr?$AAr?$AAu?$AAp?$AAt?$AAD?$AAi?$AAs?$AAa?$AAb?$AAl?$AAe@ 00014a50     oal_intr_smt926a:oem.obj
 0001:00003a88       ??_C@_1CI@IOEKFHHP@?$AA?9?$AAO?$AAE?$AAM?$AAI?$AAn?$AAt?$AAe?$AAr?$AAr?$AAu?$AAp?$AAt?$AAD?$AAo?$AAn?$AAe?$AA?$AN?$AA?6?$AA?$AA@ 00014a88     oal_intr_smt926a:oem.obj
 0001:00003ab0       ??_C@_1DA@HAMHGFMF@?$AA?$CL?$AAO?$AAE?$AAM?$AAI?$AAn?$AAt?$AAe?$AAr?$AAr?$AAu?$AAp?$AAt?$AAD?$AAo?$AAn?$AAe?$AA?$CI?$AA?$CF?$AAd@ 00014ab0     oal_intr_smt926a:oem.obj
 0001:00003ae0       ??_C@_1CE@HFBIALPK@?$AA?9?$AAO?$AAA?$AAL?$AAI?$AAn?$AAt?$AAr?$AAM?$AAa?$AAp?$AAI?$AAn?$AAi?$AAt?$AA?$AN?$AA?6?$AA?$AA@ 00014ae0     oal_intr_smt926a:map.obj
 0001:00003b04       ??_C@_1CE@LMNIPMAG@?$AA?$CL?$AAO?$AAA?$AAL?$AAI?$AAn?$AAt?$AAr?$AAM?$AAa?$AAp?$AAI?$AAn?$AAi?$AAt?$AA?$AN?$AA?6?$AA?$AA@ 00014b04     oal_intr_smt926a:map.obj
 0001:00003b28       ??_C@_1DE@CBLJKBBB@?$AA?9?$AAO?$AAA?$AAL?$AAI?$AAn?$AAt?$AAr?$AAS?$AAt?$AAa?$AAt?$AAi?$AAc?$AAT?$AAr?$AAa?$AAn?$AAs?$AAl@ 00014b28     oal_intr_smt926a:map.obj
 0001:00003b60       ??_C@_1EE@DPKCCBO@?$AA?$CL?$AAO?$AAA?$AAL?$AAI?$AAn?$AAt?$AAr?$AAS?$AAt?$AAa?$AAt?$AAi?$AAc?$AAT?$AAr?$AAa?$AAn?$AAs?$AAl@ 00014b60     oal_intr_smt926a:map.obj
 0001:00003ba8       ??_C@_1EA@JDMBMDEN@?$AA?9?$AAO?$AAA?$AAL?$AAT?$AAr?$AAa?$AAn?$AAs?$AAl?$AAa?$AAt?$AAe?$AAS?$AAy?$AAs?$AAI?$AAn?$AAt?$AAr@ 00014ba8     oal_intr_smt926a:map.obj
 0001:00003be8       ??_C@_1DG@HAMHNOBJ@?$AA?$CL?$AAO?$AAA?$AAL?$AAT?$AAr?$AAa?$AAn?$AAs?$AAl?$AAa?$AAt?$AAe?$AAS?$AAy?$AAs?$AAI?$AAn?$AAt?$AAr@ 00014be8     oal_intr_smt926a:map.obj
 0001:00003c20       ??_C@_1EC@IJIHODGP@?$AA?9?$AAO?$AAE?$AAM?$AAT?$AAr?$AAa?$AAn?$AAs?$AAl?$AAa?$AAt?$AAe?$AAI?$AAr?$AAq?$AA?$CI?$AAs?$AAy?$AAs@ 00014c20     oal_intr_smt926a:map.obj
 0001:00003c64       ??_C@_1DG@IAFKCJEB@?$AA?$CL?$AAO?$AAA?$AAL?$AAI?$AAn?$AAt?$AAr?$AAT?$AAr?$AAa?$AAn?$AAs?$AAl?$AAa?$AAt?$AAe?$AAI?$AAr?$AAq@ 00014c64     oal_intr_smt926a:map.obj
 0001:00003ca0       ??_C@_1EO@CCPDBEFN@?$AA?9?$AAO?$AAA?$AAL?$AAI?$AAn?$AAt?$AAr?$AAR?$AAe?$AAq?$AAu?$AAe?$AAs?$AAt?$AAS?$AAy?$AAs?$AAI?$AAn@ 00014ca0     oal_intr_smt926a:map.obj
 0001:00003cf0       ??_C@_1HE@LGNFBECO@?$AAE?$AAR?$AAR?$AAO?$AAR?$AA?3?$AA?5?$AAO?$AAA?$AAL?$AAI?$AAn?$AAt?$AAr?$AAR?$AAe?$AAq?$AAu?$AAe?$AAs@ 00014cf0     oal_intr_smt926a:map.obj
 0001:00003d68       ??_C@_1JG@CKDDKDGB@?$AAE?$AAR?$AAR?$AAO?$AAR?$AA?3?$AA?5?$AAO?$AAA?$AAL?$AAI?$AAn?$AAt?$AAr?$AAR?$AAe?$AAq?$AAu?$AAe?$AAs@ 00014d68     oal_intr_smt926a:map.obj
 0001:00003e00       ??_C@_1FK@JNHCPMAP@?$AA?$CL?$AAO?$AAA?$AAL?$AAI?$AAn?$AAt?$AAr?$AAR?$AAe?$AAq?$AAu?$AAe?$AAs?$AAt?$AAS?$AAy?$AAs?$AAI?$AAn@ 00014e00     oal_intr_smt926a:map.obj
 0001:00003e60       ??_C@_1EE@GBADJBKJ@?$AA?9?$AAO?$AAA?$AAL?$AAI?$AAn?$AAt?$AAr?$AAR?$AAe?$AAl?$AAe?$AAa?$AAs?$AAe?$AAS?$AAy?$AAs?$AAI?$AAn@ 00014e60     oal_intr_smt926a:map.obj
 0001:00003ea4       ??_C@_1DK@GDEEGDPM@?$AA?$CL?$AAO?$AAA?$AAL?$AAI?$AAn?$AAt?$AAr?$AAR?$AAe?$AAl?$AAe?$AAa?$AAs?$AAe?$AAS?$AAy?$AAs?$AAI?$AAn@ 00014ea4     oal_intr_smt926a:map.obj
 0001:00004090       ??_C@_1DC@BNLGCJKD@?$AA?9?$AAO?$AAA?$AAL?$AAT?$AAi?$AAm?$AAe?$AAr?$AAI?$AAn?$AAi?$AAt?$AA?$CI?$AAr?$AAc?$AA?5?$AA?$DN?$AA?5?$AA?$CF@ 00015090     oal_timer_smt926a:timer.obj
 0001:000040c8       ??_C@_1HA@CPDFBGLD@?$AAE?$AAR?$AAR?$AAO?$AAR?$AA?3?$AA?5?$AAO?$AAA?$AAL?$AAT?$AAi?$AAm?$AAe?$AAr?$AAI?$AAn?$AAi?$AAt?$AA?3@ 000150c8     oal_timer_smt926a:timer.obj
 0001:00004138       ??_C@_1HM@CJGLDOPJ@?$AAE?$AAR?$AAR?$AAO?$AAR?$AA?3?$AA?5?$AAO?$AAA?$AAL?$AAT?$AAi?$AAm?$AAe?$AAr?$AAI?$AAn?$AAi?$AAt?$AA?3@ 00015138     oal_timer_smt926a:timer.obj
 0001:000041b4       ??_C@_1DM@HOCGOKJC@?$AA?$CL?$AAO?$AAA?$AAL?$AAT?$AAi?$AAm?$AAe?$AAr?$AAI?$AAn?$AAi?$AAt?$AA?$CI?$AA?5?$AA?$CF?$AAd?$AA?0?$AA?5?$AA?$CF@ 000151b4     oal_timer_smt926a:timer.obj
 0001:000043a0       ??_C@_1DG@HLFPOJPE@?$AA?9?$AAO?$AAE?$AAM?$AAG?$AAe?$AAt?$AAR?$AAe?$AAa?$AAl?$AAT?$AAi?$AAm?$AAe?$AA?$CI?$AAr?$AAc?$AA?5?$AA?$DN@ 000153a0     oal_rtc_smt926a:rtc.obj
 0001:000043d8       ??_C@_1EA@JJILIKOH@?$AA?$CL?$AAO?$AAE?$AAM?$AAG?$AAe?$AAt?$AAR?$AAe?$AAa?$AAl?$AAT?$AAi?$AAm?$AAe?$AA?$CI?$AAp?$AAT?$AAi?$AAm@ 000153d8     oal_rtc_smt926a:rtc.obj
 0001:00004418       ??_C@_1DG@MOFFCBMN@?$AA?9?$AAO?$AAE?$AAM?$AAS?$AAe?$AAt?$AAR?$AAe?$AAa?$AAl?$AAT?$AAi?$AAm?$AAe?$AA?$CI?$AAr?$AAc?$AA?5?$AA?$DN@ 00015418     oal_rtc_smt926a:rtc.obj
 0001:00004450       ??_C@_1LM@OMFKANDO@?$AAE?$AAR?$AAR?$AAO?$AAR?$AA?3?$AA?5?$AAO?$AAE?$AAM?$AAS?$AAe?$AAt?$AAR?$AAe?$AAa?$AAl?$AAT?$AAi?$AAm@ 00015450     oal_rtc_smt926a:rtc.obj
 0001:00004510       ??_C@_1FE@NLGIDKMA@?$AA?$CL?$AAO?$AAE?$AAM?$AAS?$AAe?$AAt?$AAR?$AAe?$AAa?$AAl?$AAT?$AAi?$AAm?$AAe?$AA?$CI?$AA?$CF?$AAd?$AA?1?$AA?$CF@ 00015510     oal_rtc_smt926a:rtc.obj
 0001:00004564       ??_C@_1DI@MKCLCMDC@?$AA?9?$AAO?$AAE?$AAM?$AAS?$AAe?$AAt?$AAA?$AAl?$AAa?$AAr?$AAm?$AAT?$AAi?$AAm?$AAe?$AA?$CI?$AAr?$AAc?$AA?5@ 00015564     oal_rtc_smt926a:rtc.obj
 0001:000045a0       ??_C@_1FG@LDBAHALN@?$AA?$CL?$AAO?$AAE?$AAM?$AAS?$AAe?$AAt?$AAA?$AAl?$AAa?$AAr?$AAm?$AAT?$AAi?$AAm?$AAe?$AA?$CI?$AA?$CF?$AAd?$AA?1@ 000155a0     oal_rtc_smt926a:rtc.obj
 0001:000045f8       ??_C@_1DO@FGGICPPB@?$AA?9?$AAO?$AAA?$AAL?$AAI?$AAo?$AAC?$AAt?$AAl?$AAH?$AAa?$AAl?$AAI?$AAn?$AAi?$AAt?$AAR?$AAT?$AAC?$AA?$CI@ 000155f8     oal_rtc_smt926a:rtc.obj
 0001:00004638       ??_C@_1FO@ODJLIDFO@?$AAE?$AAR?$AAR?$AAO?$AAR?$AA?3?$AA?5?$AAO?$AAA?$AAL?$AAI?$AAo?$AAC?$AAt?$AAl?$AAH?$AAa?$AAl?$AAI?$AAn@ 00015638     oal_rtc_smt926a:rtc.obj
 0001:00004698       ??_C@_1DG@PECFOPGF@?$AA?$CL?$AAO?$AAA?$AAL?$AAI?$AAo?$AAC?$AAt?$AAl?$AAH?$AAa?$AAl?$AAI?$AAn?$AAi?$AAt?$AAR?$AAT?$AAC?$AA?$CI@ 00015698     oal_rtc_smt926a:rtc.obj
 0001:00004760       ??_C@_1DC@EGGJEANK@?$AA?9?$AAO?$AAE?$AAM?$AAI?$AAo?$AAC?$AAo?$AAn?$AAt?$AAr?$AAo?$AAl?$AA?$CI?$AAr?$AAc?$AA?5?$AA?$DN?$AA?5?$AA?$CF@ 00015760     oal_ioctl_smt926a:ioctl.obj
 0001:00004798       ??_C@_1HM@LHHDIECD@?$AAO?$AAE?$AAM?$AAI?$AAo?$AAC?$AAo?$AAn?$AAt?$AAr?$AAo?$AAl?$AA?3?$AA?5?$AAU?$AAn?$AAs?$AAu?$AAp?$AAp@ 00015798     oal_ioctl_smt926a:ioctl.obj
 0001:00004818       ??_C@_1GA@KJDOLNLD@?$AA?$CL?$AAO?$AAE?$AAM?$AAI?$AAo?$AAC?$AAo?$AAn?$AAt?$AAr?$AAo?$AAl?$AA?$CI?$AA0?$AAx?$AA?$CF?$AAx?$AA?0?$AA?5@ 00015818     oal_ioctl_smt926a:ioctl.obj
 0001:00004908       ??_C@_1DE@DGCDHBJ@?$AA?9?$AAO?$AAE?$AAM?$AAP?$AAr?$AAo?$AAf?$AAi?$AAl?$AAe?$AAT?$AAi?$AAm?$AAe?$AAr?$AAD?$AAi?$AAs?$AAa@ 00015908     oal_profiler_smt926a:profiler.obj
 0001:0000493c       ??_C@_1DI@ICCHIFPG@?$AA?$CL?$AAO?$AAE?$AAM?$AAP?$AAr?$AAo?$AAf?$AAi?$AAl?$AAe?$AAT?$AAi?$AAm?$AAe?$AAr?$AAD?$AAi?$AAs?$AAa@ 0001593c     oal_profiler_smt926a:profiler.obj
 0001:00004974       ??_C@_1DC@ONFHCFK@?$AA?9?$AAO?$AAE?$AAM?$AAP?$AAr?$AAo?$AAf?$AAi?$AAl?$AAe?$AAT?$AAi?$AAm?$AAe?$AAr?$AAE?$AAn?$AAa?$AAb@ 00015974     oal_profiler_smt926a:profiler.obj
 0001:000049a8       ??_C@_1DK@OJEFEGCL@?$AA?$CL?$AAO?$AAE?$AAM?$AAP?$AAr?$AAo?$AAf?$AAi?$AAl?$AAe?$AAT?$AAi?$AAm?$AAe?$AAr?$AAE?$AAn?$AAa?$AAb@ 000159a8     oal_profiler_smt926a:profiler.obj
 0001:00004b08       ??_C@_1CG@GMMNBNLN@?$AA?9?$AAO?$AAA?$AAL?$AAK?$AAi?$AAt?$AAl?$AAP?$AAo?$AAw?$AAe?$AAr?$AAO?$AAf?$AAf?$AA?$AN?$AA?6?$AA?$AA@ 00015b08     oal_kitl:kitl.obj
 0001:00004b30       ??_C@_1CG@PHBNBNHD@?$AA?$CL?$AAO?$AAA?$AAL?$AAK?$AAi?$AAt?$AAl?$AAP?$AAo?$AAw?$AAe?$AAr?$AAO?$AAf?$AAf?$AA?$AN?$AA?6?$AA?$AA@ 00015b30     oal_kitl:kitl.obj
 0001:00004b58       ??_C@_1CE@DPANOMKP@?$AA?9?$AAO?$AAA?$AAL?$AAK?$AAi?$AAt?$AAl?$AAP?$AAo?$AAw?$AAe?$AAr?$AAO?$AAn?$AA?$AN?$AA?6?$AA?$AA@ 00015b58     oal_kitl:kitl.obj
 0001:00004b7c       ??_C@_1CE@PGMNBLFD@?$AA?$CL?$AAO?$AAA?$AAL?$AAK?$AAi?$AAt?$AAl?$AAP?$AAo?$AAw?$AAe?$AAr?$AAO?$AAn?$AA?$AN?$AA?6?$AA?$AA@ 00015b7c     oal_kitl:kitl.obj
 0001:00004cc8       ??_C@_1DI@JJJLGMBA@?$AA?9?$AAO?$AAA?$AAL?$AAI?$AAc?$AAC?$AAt?$AAl?$AAV?$AAB?$AAr?$AAi?$AAd?$AAg?$AAe?$AA?$CI?$AAr?$AAc?$AA?5@ 00015cc8     oal_kitl:kitleth.obj
 0001:00004d00       ??_C@_1DO@ICMHEBEF@?$AA?$CL?$AAO?$AAA?$AAL?$AAI?$AAc?$AAC?$AAt?$AAl?$AAV?$AAB?$AAr?$AAi?$AAd?$AAg?$AAe?$AA?$CI?$AA0?$AAx?$AA?$CF@ 00015d00     oal_kitl:kitleth.obj
 0001:00004ef0       ??_C@_0EH@OHHLEIM@VBridge?3?5Error?$CB?5ProduceBufferDon@ 00015ef0     vbridge:vbridge.obj
 0001:00004f38       ??_C@_0ED@LALCLDGC@VBridge?3?5Error?$CB?5ConsumeBuffer?$CI?$CJ?5@ 00015f38     vbridge:vbridge.obj
 0001:00004f80       ??_C@_0EH@PDMAJMNN@VBridge?3?5Error?$CB?5ConsumeBufferDon@ 00015f80     vbridge:vbridge.obj
 0001:00004fc8       ??_C@_0GA@BIIJJCHI@VBridge?3?5Error?$CB?5ConsumeBufferDon@ 00015fc8     vbridge:vbridge.obj
 0001:00005028       ??_C@_0DA@BNPLKEKM@VBridgeUGetOneTxPacket?$CI?$CJ?5Err?$CB?$CB?5?$FL@ 00016028     vbridge:vbridge.obj
 0001:00005058       ??_C@_0DI@MDDGKNHB@VBridgeUGetOneTxPacketComplete?$CI?$CJ@ 00016058     vbridge:vbridge.obj
 0001:00005090       ??_C@_0DA@MGPGECBI@VBridgeUGetOneRxPacket?$CI?$CJ?5Err?$CB?$CB?5?$FL@ 00016090     vbridge:vbridge.obj
 0001:000050c0       ??_C@_0DA@KIINIKAM@VBridgeUGetOneRxPacketComplete?$CI?$CJ@ 000160c0     vbridge:vbridge.obj
 0001:000050f0       ??_C@_0CD@KPODIJAL@VBridge?3?3?5RESET_BUFFER?5received?4@ 000160f0     vbridge:vbridge.obj
 0001:00005114       ??_C@_0CI@BDPMFOMO@VBridge?3?3?5VB_INITIALIZED?5returns@ 00016114     vbridge:vbridge.obj
 0001:0000513c       ??_C@_0DB@IMBKLANK@VBridgeUGetEDBGMac?$CI?$CJ?0?5ERR?$CB?5NULL?5@ 0001613c     vbridge:vbridge.obj
 0001:00005200       ScreenBitmap               00016200     oal:init.obj
 0001:0002aa00       ??_C@_1BG@OFOAIMMC@?$AA?9?$AAO?$AAE?$AAM?$AAI?$AAn?$AAi?$AAt?$AA?$AN?$AA?6?$AA?$AA@ 0003ba00     oal:init.obj
 0001:0002aa18       ??_C@_1GE@OIDINFAG@?$AAE?$AAR?$AAR?$AAO?$AAR?$AA?3?$AA?5?$AAO?$AAE?$AAM?$AAI?$AAn?$AAi?$AAt?$AA?3?$AA?5?$AAf?$AAa?$AAi?$AAl@ 0003ba18     oal:init.obj
 0001:0002aa80       ??_C@_1GE@CAKBAMHM@?$AAD?$AAC?$AAa?$AAc?$AAh?$AAe?$AA?3?$AA?5?$AA?$CF?$AAd?$AA?5?$AAs?$AAe?$AAt?$AAs?$AA?0?$AA?5?$AA?$CF?$AAd?$AA?5@ 0003ba80     oal:init.obj
 0001:0002aae8       ??_C@_1GE@ECCMOOLO@?$AAI?$AAC?$AAa?$AAc?$AAh?$AAe?$AA?3?$AA?5?$AA?$CF?$AAd?$AA?5?$AAs?$AAe?$AAt?$AAs?$AA?0?$AA?5?$AA?$CF?$AAd?$AA?5@ 0003bae8     oal:init.obj
 0001:0002ab4c       ??_C@_1BG@JHBBNGEC@?$AA?$CL?$AAO?$AAE?$AAM?$AAI?$AAn?$AAi?$AAt?$AA?$AN?$AA?6?$AA?$AA@ 0003bb4c     oal:init.obj
 0001:0002ac88       ??_C@_1CO@MMIOJNEP@?$AA?9?$AAB?$AAS?$AAP?$AAI?$AAn?$AAt?$AAr?$AAI?$AAn?$AAi?$AAt?$AA?$CI?$AAr?$AAc?$AA?5?$AA?$DN?$AA?5?$AA1?$AA?$CJ@ 0003bc88     oal:intr.obj
 0001:0002acb8       ??_C@_1BO@PJBAJAIC@?$AA?$CL?$AAB?$AAS?$AAP?$AAI?$AAn?$AAt?$AAr?$AAI?$AAn?$AAi?$AAt?$AA?$AN?$AA?6?$AA?$AA@ 0003bcb8     oal:intr.obj
 0001:0002acd8       ??_C@_1DM@POOLLMMJ@?$AA?9?$AAB?$AAS?$AAP?$AAI?$AAn?$AAt?$AAr?$AAR?$AAe?$AAq?$AAu?$AAe?$AAs?$AAt?$AAI?$AAr?$AAq?$AA?$CI?$AAr@ 0003bcd8     oal:intr.obj
 0001:0002ad18       ??_C@_1HM@BJHIHKHI@?$AA?$CL?$AAB?$AAS?$AAP?$AAI?$AAn?$AAt?$AAr?$AAR?$AAe?$AAq?$AAu?$AAe?$AAs?$AAt?$AAI?$AAr?$AAq?$AA?$CI?$AA0@ 0003bd18     oal:intr.obj
 0001:0002ad94       ??_C@_1DM@GADKKEEP@?$AA?9?$AAB?$AAS?$AAP?$AAI?$AAn?$AAt?$AAr?$AAE?$AAn?$AAa?$AAb?$AAl?$AAe?$AAI?$AAr?$AAq?$AA?$CI?$AAi?$AAr@ 0003bd94     oal:intr.obj
 0001:0002add0       ??_C@_1DA@PAHKCAOI@?$AA?$CL?$AAB?$AAS?$AAP?$AAI?$AAn?$AAt?$AAr?$AAE?$AAn?$AAa?$AAb?$AAl?$AAe?$AAI?$AAr?$AAq?$AA?$CI?$AA?$CF?$AAd@ 0003bdd0     oal:intr.obj
 0001:0002ae00       ??_C@_1DM@GBABPOAA@?$AA?9?$AAB?$AAS?$AAP?$AAI?$AAn?$AAt?$AAr?$AAD?$AAi?$AAs?$AAa?$AAb?$AAl?$AAe?$AAI?$AAr?$AAq?$AA?$CI?$AAi@ 0003be00     oal:intr.obj
 0001:0002ae3c       ??_C@_1DC@CAJPFJLN@?$AA?$CL?$AAB?$AAS?$AAP?$AAI?$AAn?$AAt?$AAr?$AAD?$AAi?$AAs?$AAa?$AAb?$AAl?$AAe?$AAI?$AAr?$AAq?$AA?$CI?$AA?$CF@ 0003be3c     oal:intr.obj
 0001:0002ae70       ??_C@_1DI@MKBFOAP@?$AA?9?$AAB?$AAS?$AAP?$AAI?$AAn?$AAt?$AAr?$AAD?$AAo?$AAn?$AAe?$AAI?$AAr?$AAq?$AA?$CI?$AAi?$AAr?$AAq?$AA?5@ 0003be70     oal:intr.obj
 0001:0002aea8       ??_C@_1CM@KNGKPFDP@?$AA?$CL?$AAB?$AAS?$AAP?$AAI?$AAn?$AAt?$AAr?$AAD?$AAo?$AAn?$AAe?$AAI?$AAr?$AAq?$AA?$CI?$AA?$CF?$AAd?$AA?$CJ?$AA?$AN@ 0003bea8     oal:intr.obj
 0001:0002af68       ??_C@_1BI@CKPLFKIB@?$AAI?$AAn?$AAi?$AAt?$AAC?$AAl?$AAo?$AAc?$AAk?$AA?$AN?$AA?6?$AA?$AA@ 0003bf68     oal:power.obj
 0001:0002b010       g_oalIoCtlTable            0003c010     oal:ioctl.obj
 0001:0002b16c       ??_C@_1O@EPIGJBLB@?$AAA?$AAR?$AAM?$AA9?$AA2?$AA6?$AA?$AA@ 0003c16c     oal:ioctl.obj
 0001:0002b17c       ??_C@_1BE@PPCFBIJO@?$AAS?$AAK?$AAY?$AAW?$AAA?$AAL?$AAK?$AAE?$AAR?$AA?$AA@ 0003c17c     oal:ioctl.obj
 0001:0002b190       ??_C@_17LGNNFFPE@?$AAS?$AAM?$AAT?$AA?$AA@ 0003c190     oal:ioctl.obj
 0001:0002b198       ??_C@_1BK@BHHMHABP@?$AAP?$AAL?$AAA?$AAT?$AAF?$AAO?$AAR?$AAM?$AA_?$AAO?$AAE?$AAM?$AA?$AA@ 0003c198     oal:ioctl.obj
 0001:0002b1b4       ??_C@_1BM@HKIHIPOP@?$AAP?$AAL?$AAA?$AAT?$AAF?$AAO?$AAR?$AAM?$AA_?$AAT?$AAY?$AAP?$AAE?$AA?$AA@ 0003c1b4     oal:ioctl.obj
 0001:0002b260       ??_C@_0BA@NJPFPKKK@OALKitlStart?5?3?5?$AA@ 0003c260     oal:kitl.obj
 0001:0002b270       ??_C@_05FGLJHCHH@NONE?6?$AA@ 0003c270     oal:kitl.obj
 0001:0002b308       ??_C@_0BF@EJGLEDDH@?$CLSMT926UART_PowerOn?6?$AA@ 0003c308     oal:kitlser.obj
 0001:0002b3b0       ??_C@_1EA@DJGHLELP@?$AA?9?$AAO?$AAA?$AAL?$AAA?$AAr?$AAg?$AAs?$AAQ?$AAu?$AAe?$AAr?$AAy?$AA?$CI?$AAp?$AAD?$AAa?$AAt?$AAa?$AA?5@ 0003c3b0     oal:args.obj
 0001:0002b3f0       ??_C@_1CI@CLMEBIJE@?$AA?$CL?$AAO?$AAA?$AAL?$AAA?$AAr?$AAg?$AAs?$AAQ?$AAu?$AAe?$AAr?$AAy?$AA?$CI?$AA?$CF?$AAd?$AA?$CJ?$AA?$AN?$AA?6?$AA?$AA@ 0003c3f0     oal:args.obj
 0001:0002b4a8       ??_C@_1EC@PPNBMFKN@?$AA?9?$AAO?$AAA?$AAL?$AAI?$AAo?$AAc?$AAt?$AAl?$AAG?$AAe?$AAt?$AAC?$AAa?$AAc?$AAh?$AAe?$AAI?$AAn?$AAf@ 0003c4a8     oal_cache_smt926a:ioctl.obj
 0001:0002b4f0       ??_C@_1GK@IJBADCEH@?$AAW?$AAA?$AAR?$AAN?$AA?3?$AA?5?$AAO?$AAA?$AAL?$AAI?$AAo?$AAc?$AAt?$AAl?$AAG?$AAe?$AAt?$AAD?$AAe?$AAv@ 0003c4f0     oal_cache_smt926a:ioctl.obj
 0001:0002b55c       ??_C@_1DK@GOPEJKKH@?$AA?$CL?$AAO?$AAA?$AAL?$AAI?$AAo?$AAc?$AAt?$AAl?$AAG?$AAe?$AAt?$AAC?$AAa?$AAc?$AAh?$AAe?$AAI?$AAn?$AAf@ 0003c55c     oal_cache_smt926a:ioctl.obj
 0001:0002b598       ??_C@_1DE@DAHNLBLJ@?$AA?9?$AAO?$AAA?$AAL?$AAP?$AAA?$AAt?$AAo?$AAV?$AAA?$AA?$CI?$AAv?$AAa?$AA?5?$AA?$DN?$AA?5?$AA0?$AAx?$AA?$CF?$AA0@ 0003c598     oal_memory_smt926a:memory.obj
 0001:0002b5cc       ??_C@_1CO@JEIJEAKF@?$AA?$CL?$AAO?$AAA?$AAL?$AAP?$AAA?$AAt?$AAo?$AAV?$AAA?$AA?$CI?$AA0?$AAx?$AA?$CF?$AAx?$AA?0?$AA?5?$AA?$CF?$AAd?$AA?$CJ@ 0003c5cc     oal_memory_smt926a:memory.obj
 0001:0002b690       ??_C@_1KE@FCFGNLKM@?$AA?9?$AAO?$AAA?$AAL?$AAT?$AAr?$AAa?$AAn?$AAs?$AAl?$AAa?$AAt?$AAe?$AAB?$AAu?$AAs?$AAA?$AAd?$AAd?$AAr@ 0003c690     oal_io_smt926a:trans.obj
 0001:0002b738       ??_C@_1GI@BPOGFGAB@?$AA?$CL?$AAO?$AAA?$AAL?$AAI?$AAo?$AAT?$AAr?$AAa?$AAn?$AAs?$AAl?$AAa?$AAt?$AAe?$AAB?$AAu?$AAs?$AAA?$AAd@ 0003c738     oal_io_smt926a:trans.obj
 0001:0002b7a0       ??_C@_1HM@IKCJOCJL@?$AA?9?$AAO?$AAA?$AAL?$AAT?$AAr?$AAa?$AAn?$AAs?$AAl?$AAa?$AAt?$AAe?$AAS?$AAy?$AAs?$AAt?$AAe?$AAm?$AAA@ 0003c7a0     oal_io_smt926a:trans.obj
 0001:0002b820       ??_C@_1GC@GKDDBMML@?$AA?$CL?$AAO?$AAA?$AAL?$AAT?$AAr?$AAa?$AAn?$AAs?$AAl?$AAa?$AAt?$AAe?$AAS?$AAy?$AAs?$AAt?$AAe?$AAm?$AAA@ 0003c820     oal_io_smt926a:trans.obj
 0001:0002b918       ??_C@_1DO@JHJONFOE@?$AA?9?$AAO?$AAA?$AAL?$AAI?$AAo?$AAC?$AAt?$AAl?$AAH?$AAa?$AAl?$AAD?$AAd?$AAk?$AAC?$AAa?$AAl?$AAl?$AA?$CI@ 0003c918     oal_io_smt926a:ioctl.obj
 0001:0002b958       ??_C@_1FM@IFHLCDE@?$AAE?$AAR?$AAR?$AAO?$AAR?$AA?3?$AAO?$AAA?$AAL?$AAI?$AAo?$AAc?$AAt?$AAl?$AAH?$AAa?$AAl?$AAD?$AAd?$AAk@ 0003c958     oal_io_smt926a:ioctl.obj
 0001:0002b9b8       ??_C@_1HM@DONGDDHM@?$AAE?$AAR?$AAR?$AAO?$AAR?$AA?3?$AA?5?$AAO?$AAA?$AAL?$AAI?$AAo?$AAc?$AAt?$AAl?$AAH?$AAa?$AAl?$AAD?$AAd@ 0003c9b8     oal_io_smt926a:ioctl.obj
 0001:0002ba38       ??_C@_1GE@BFODAIDF@?$AAE?$AAR?$AAR?$AAO?$AAR?$AA?3?$AA?5?$AAO?$AAA?$AAL?$AAI?$AAo?$AAc?$AAt?$AAl?$AAH?$AAa?$AAl?$AAD?$AAd@ 0003ca38     oal_io_smt926a:ioctl.obj
 0001:0002ba9c       ??_C@_1DG@HOFDDFMH@?$AA?$CL?$AAO?$AAA?$AAL?$AAI?$AAo?$AAC?$AAt?$AAl?$AAH?$AAa?$AAl?$AAD?$AAd?$AAk?$AAC?$AAa?$AAl?$AAl?$AA?$CI@ 0003ca9c     oal_io_smt926a:ioctl.obj
 0001:0002bb68       ??_C@_1DK@DKAHFGMP@?$AA?9?$AAO?$AAA?$AAL?$AAI?$AAo?$AAB?$AAu?$AAs?$AAP?$AAo?$AAw?$AAe?$AAr?$AAO?$AAf?$AAf?$AA?$CI?$AAr?$AAc@ 0003cb68     oal_io_smt926a:power.obj
 0001:0002bba4       ??_C@_1DI@PEAMECNB@?$AA?$CL?$AAO?$AAA?$AAL?$AAI?$AAo?$AAB?$AAu?$AAs?$AAP?$AAo?$AAw?$AAe?$AAr?$AAO?$AAf?$AAf?$AA?$CI?$AA?$CF?$AAd@ 0003cba4     oal_io_smt926a:power.obj
 0001:0002bbdc       ??_C@_1DI@BEKMCAGI@?$AA?9?$AAO?$AAA?$AAL?$AAI?$AAo?$AAB?$AAu?$AAs?$AAP?$AAo?$AAw?$AAe?$AAr?$AAO?$AAn?$AA?$CI?$AAr?$AAc?$AA?5@ 0003cbdc     oal_io_smt926a:power.obj
 0001:0002bc14       ??_C@_1DG@BNAKMMEE@?$AA?$CL?$AAO?$AAA?$AAL?$AAI?$AAo?$AAB?$AAu?$AAs?$AAP?$AAo?$AAw?$AAe?$AAr?$AAO?$AAn?$AA?$CI?$AA?$CF?$AAd?$AA?0@ 0003cc14     oal_io_smt926a:power.obj
 0001:0002bce0       ??_C@_1EM@KGGHBFBJ@?$AA?$CL?$AAO?$AAA?$AAL?$AAI?$AAo?$AAC?$AAt?$AAl?$AAH?$AAa?$AAl?$AAR?$AAe?$AAq?$AAu?$AAe?$AAs?$AAt?$AAS@ 0003cce0     oal_intr_smt926a:ioctl.obj
 0001:0002bd30       ??_C@_1GK@HKEIPOOO@?$AAW?$AAA?$AAR?$AAN?$AA?3?$AA?5?$AAI?$AAO?$AAC?$AAT?$AAL?$AA_?$AAH?$AAA?$AAL?$AA_?$AAR?$AAE?$AAQ?$AAU@ 0003cd30     oal_intr_smt926a:ioctl.obj
 0001:0002bd9c       ??_C@_1DK@BMKLIPKJ@?$AA?$CL?$AAO?$AAA?$AAL?$AAI?$AAo?$AAC?$AAt?$AAl?$AAH?$AAa?$AAl?$AAR?$AAe?$AAq?$AAu?$AAe?$AAs?$AAt?$AAS@ 0003cd9c     oal_intr_smt926a:ioctl.obj
 0001:0002bdd8       ??_C@_1GK@LIJAJEGD@?$AAW?$AAA?$AAR?$AAN?$AA?3?$AA?5?$AAI?$AAO?$AAC?$AAT?$AAL?$AA_?$AAH?$AAA?$AAL?$AA_?$AAR?$AAE?$AAL?$AAE@ 0003cdd8     oal_intr_smt926a:ioctl.obj
 0001:0002be48       ??_C@_1EM@DFAKLPBP@?$AA?9?$AAO?$AAA?$AAL?$AAI?$AAo?$AAC?$AAt?$AAl?$AAH?$AAa?$AAl?$AAR?$AAe?$AAq?$AAu?$AAe?$AAs?$AAt?$AAS@ 0003ce48     oal_intr_smt926a:ioctl.obj
 0001:0002be98       ??_C@_1GC@BACPHDPH@?$AAW?$AAA?$AAR?$AAN?$AA?3?$AA?5?$AAI?$AAO?$AAC?$AAT?$AAL?$AA_?$AAH?$AAA?$AAL?$AA_?$AAR?$AAE?$AAQ?$AAU@ 0003ce98     oal_intr_smt926a:ioctl.obj
 0001:0002befc       ??_C@_1DC@DIKJBBIL@?$AA?$CL?$AAO?$AAA?$AAL?$AAI?$AAo?$AAC?$AAt?$AAl?$AAH?$AAa?$AAl?$AAR?$AAe?$AAq?$AAu?$AAe?$AAs?$AAt?$AAI@ 0003cefc     oal_intr_smt926a:ioctl.obj
 0001:0002bfc0       ??_C@_1EE@EOJLKFMG@?$AA?$CL?$AAO?$AAA?$AAL?$AAI?$AAo?$AAC?$AAt?$AAl?$AAH?$AAa?$AAl?$AAE?$AAn?$AAa?$AAb?$AAl?$AAe?$AAW?$AAa@ 0003cfc0     oal_power_smt926a:ioctl.obj
 0001:0002c004       ??_C@_1DG@KKNHDHOB@?$AAI?$AAn?$AAv?$AAa?$AAl?$AAi?$AAd?$AA?5?$AAS?$AAY?$AAS?$AAI?$AAN?$AAT?$AAR?$AA?5?$AAv?$AAa?$AAl?$AAu@ 0003d004     oal_power_smt926a:ioctl.obj
 0001:0002c03c       ??_C@_1DO@BLFFHCCO@?$AAE?$AAR?$AAR?$AAO?$AAR?$AA?3?$AA?5?$AAO?$AAA?$AAL?$AAI?$AAo?$AAC?$AAt?$AAl?$AAH?$AAa?$AAl?$AAE?$AAn@ 0003d03c     oal_power_smt926a:ioctl.obj
 0001:0002c080       ??_C@_1EO@OMKOKHHJ@?$AA?$CL?$AAO?$AAA?$AAL?$AAI?$AAo?$AAC?$AAt?$AAl?$AAH?$AAa?$AAl?$AAE?$AAn?$AAa?$AAb?$AAl?$AAe?$AAW?$AAa@ 0003d080     oal_power_smt926a:ioctl.obj
 0001:0002c0d0       ??_C@_1EG@KJIPIGDP@?$AA?$CL?$AAO?$AAA?$AAL?$AAI?$AAo?$AAC?$AAt?$AAl?$AAH?$AAa?$AAl?$AAD?$AAi?$AAs?$AAa?$AAb?$AAl?$AAe?$AAW@ 0003d0d0     oal_power_smt926a:ioctl.obj
 0001:0002c118       ??_C@_1EA@ENICBBFD@?$AAE?$AAR?$AAR?$AAO?$AAR?$AA?3?$AA?5?$AAO?$AAA?$AAL?$AAI?$AAo?$AAC?$AAt?$AAl?$AAH?$AAa?$AAl?$AAD?$AAi@ 0003d118     oal_power_smt926a:ioctl.obj
 0001:0002c158       ??_C@_1FA@IFHNBJAE@?$AA?$CL?$AAO?$AAA?$AAL?$AAI?$AAo?$AAC?$AAt?$AAl?$AAH?$AAa?$AAl?$AAD?$AAi?$AAs?$AAa?$AAb?$AAl?$AAe?$AAW@ 0003d158     oal_power_smt926a:ioctl.obj
 0001:0002c1a8       ??_C@_1GG@MBGEPMGD@?$AA?$CL?$AAO?$AAA?$AAL?$AAI?$AAo?$AAC?$AAt?$AAl?$AAH?$AAa?$AAl?$AAG?$AAe?$AAt?$AAW?$AAa?$AAk?$AAe?$AAS@ 0003d1a8     oal_power_smt926a:ioctl.obj
 0001:0002c210       ??_C@_1DI@DFOIFPDM@?$AA?$CL?$AAO?$AAA?$AAL?$AAI?$AAo?$AAC?$AAt?$AAl?$AAH?$AAa?$AAl?$AAG?$AAe?$AAt?$AAW?$AAa?$AAk?$AAe?$AAS@ 0003d210     oal_power_smt926a:ioctl.obj
 0001:0002c2d8       ??_C@_1CK@LAAGFJIK@?$AA?$CL?$AAO?$AAA?$AAL?$AAI?$AAo?$AAC?$AAt?$AAl?$AAH?$AAa?$AAl?$AAR?$AAe?$AAb?$AAo?$AAo?$AAt?$AA?$AN?$AA?6@ 0003d2d8     oal_ioctl_smt926a:reboot.obj
 0001:0002c428       ??_C@_1EE@LLJFHFAM@?$AA?9?$AAO?$AAA?$AAL?$AAI?$AAo?$AAC?$AAt?$AAl?$AAP?$AAr?$AAo?$AAc?$AAe?$AAs?$AAs?$AAo?$AAr?$AAI?$AAn@ 0003d428     oal_ioctl_smt926a:procinfo.obj
 0001:0002c470       ??_C@_1GA@EACFLEMI@?$AAW?$AAA?$AAR?$AAN?$AA?3?$AA?5?$AAO?$AAA?$AAL?$AAI?$AAo?$AAC?$AAt?$AAl?$AAP?$AAr?$AAo?$AAc?$AAe?$AAs@ 0003d470     oal_ioctl_smt926a:procinfo.obj
 0001:0002c4d0       ??_C@_1GI@EFCEJCLG@?$AAE?$AAR?$AAR?$AAO?$AAR?$AA?3?$AAO?$AAA?$AAL?$AAI?$AAo?$AAC?$AAt?$AAl?$AAP?$AAr?$AAo?$AAc?$AAe?$AAs@ 0003d4d0     oal_ioctl_smt926a:procinfo.obj
 0001:0002c538       ??_C@_1GE@JPAPEENG@?$AAE?$AAR?$AAR?$AAO?$AAR?$AA?3?$AAO?$AAA?$AAL?$AAI?$AAo?$AAC?$AAt?$AAl?$AAP?$AAr?$AAo?$AAc?$AAe?$AAs@ 0003d538     oal_ioctl_smt926a:procinfo.obj
 0001:0002c5a0       ??_C@_1GE@OFFJPJMM@?$AAE?$AAR?$AAR?$AAO?$AAR?$AA?3?$AAO?$AAA?$AAL?$AAI?$AAo?$AAC?$AAt?$AAl?$AAP?$AAr?$AAo?$AAc?$AAe?$AAs@ 0003d5a0     oal_ioctl_smt926a:procinfo.obj
 0001:0002c604       ??_C@_1DM@NEACNOML@?$AA?$CL?$AAO?$AAA?$AAL?$AAI?$AAo?$AAC?$AAt?$AAl?$AAP?$AAr?$AAo?$AAc?$AAe?$AAs?$AAs?$AAo?$AAr?$AAI?$AAn@ 0003d604     oal_ioctl_smt926a:procinfo.obj
 0001:0002c6d0       ??_C@_1EK@LFNJIHHI@?$AA?9?$AAO?$AAA?$AAL?$AAI?$AAo?$AAC?$AAt?$AAl?$AAH?$AAa?$AAl?$AAG?$AAe?$AAt?$AAD?$AAe?$AAv?$AAi?$AAc@ 0003d6d0     oal_ioctl_smt926a:deviceinfo.obj
 0001:0002c720       ??_C@_1GK@FDHCLEBC@?$AAE?$AAR?$AAR?$AAO?$AAR?$AA?3?$AA?5?$AAO?$AAA?$AAL?$AAI?$AAo?$AAC?$AAt?$AAl?$AAH?$AAa?$AAl?$AAG?$AAe@ 0003d720     oal_ioctl_smt926a:deviceinfo.obj
 0001:0002c790       ??_C@_1GM@OBMPOOEM@?$AAW?$AAA?$AAR?$AAN?$AA?3?$AA?5?$AAO?$AAA?$AAL?$AAI?$AAo?$AAC?$AAt?$AAl?$AAH?$AAa?$AAl?$AAG?$AAe?$AAt@ 0003d790     oal_ioctl_smt926a:deviceinfo.obj
 0001:0002c800       ??_C@_1GG@BAANNGGI@?$AAE?$AAR?$AAR?$AAO?$AAR?$AA?3?$AA?5?$AAO?$AAA?$AAL?$AAI?$AAo?$AAC?$AAt?$AAl?$AAH?$AAa?$AAl?$AAG?$AAe@ 0003d800     oal_ioctl_smt926a:deviceinfo.obj
 0001:0002c868       ??_C@_1EC@NLAFOPGI@?$AA?$CL?$AAO?$AAA?$AAL?$AAI?$AAo?$AAC?$AAt?$AAl?$AAH?$AAa?$AAl?$AAG?$AAe?$AAt?$AAD?$AAe?$AAv?$AAi?$AAc@ 0003d868     oal_ioctl_smt926a:deviceinfo.obj
 0001:0002c940       ??_C@_1FK@JJDHOCFD@?$AAW?$AAA?$AAR?$AAN?$AA?3?$AA?5?$AAO?$AAA?$AAL?$AAI?$AAo?$AAC?$AAt?$AAl?$AAH?$AAa?$AAl?$AAG?$AAe?$AAt@ 0003d940     oal_ioctl_smt926a:uuid.obj
 0001:0002c9a0       ??_C@_1HC@GCDGDEMK@?$AAE?$AAR?$AAR?$AAO?$AAR?$AA?3?$AA?5?$AAO?$AAA?$AAL?$AAI?$AAo?$AAC?$AAt?$AAl?$AAH?$AAa?$AAl?$AAG?$AAe@ 0003d9a0     oal_ioctl_smt926a:uuid.obj
 0001:0002caa8       ??_C@_1EG@HKOJPLNE@?$AA?9?$AAO?$AAA?$AAL?$AAI?$AAo?$AAC?$AAt?$AAl?$AAH?$AAa?$AAl?$AAG?$AAe?$AAt?$AAD?$AAe?$AAv?$AAi?$AAc@ 0003daa8     oal_ioctl_smt926a:deviceid.obj
 0001:0002caf0       ??_C@_1GE@GPJLHAFO@?$AAW?$AAA?$AAR?$AAN?$AA?3?$AA?5?$AAO?$AAA?$AAL?$AAI?$AAo?$AAC?$AAt?$AAl?$AAH?$AAa?$AAl?$AAG?$AAe?$AAt@ 0003daf0     oal_ioctl_smt926a:deviceid.obj
 0001:0002cb54       ??_C@_00CNPNBAHC@?$AA@     0003db54     oal_ioctl_smt926a:deviceid.obj
 0001:0002cb58       ??_C@_1DO@MLDPBFAO@?$AA?$CL?$AAO?$AAA?$AAL?$AAI?$AAo?$AAc?$AAt?$AAl?$AAH?$AAa?$AAl?$AAG?$AAe?$AAt?$AAD?$AAe?$AAv?$AAi?$AAc@ 0003db58     oal_ioctl_smt926a:deviceid.obj
 0001:0002cc28       ??_C@_1CO@CLCLAPIB@?$AA?9?$AAO?$AAA?$AAL?$AAK?$AAi?$AAt?$AAl?$AAI?$AAn?$AAi?$AAt?$AAR?$AAe?$AAg?$AAi?$AAs?$AAt?$AAr?$AAy@ 0003dc28     oal_kitl:registry.obj
 0001:0002cc58       ??_C@_1CO@PAOPFAKK@?$AA?$CL?$AAO?$AAA?$AAL?$AAK?$AAi?$AAt?$AAl?$AAI?$AAn?$AAi?$AAt?$AAR?$AAe?$AAg?$AAi?$AAs?$AAt?$AAr?$AAy@ 0003dc58     oal_kitl:registry.obj
 0001:0002cd18       ??_C@_17KPMHKKFB@?$AA?$CJ?$AA?$AN?$AA?6?$AA?$AA@ 0003dd18     oal_ethdrv_lan91c:lan91c.obj
 0001:0002cd20       ??_C@_1O@LOBBLJNF@?$AA1?$AA6?$AAC?$AAO?$AAL?$AA?5?$AA?$AA@ 0003dd20     oal_ethdrv_lan91c:lan91c.obj
 0001:0002cd30       ??_C@_1BA@CEELOPKH@?$AAL?$AAA?$AAT?$AAC?$AAO?$AAL?$AA?5?$AA?$AA@ 0003dd30     oal_ethdrv_lan91c:lan91c.obj
 0001:0002cd40       ??_C@_1BE@EFNCOOHA@?$AAL?$AAO?$AAS?$AAT?$AAC?$AAA?$AAR?$AAR?$AA?5?$AA?$AA@ 0003dd40     oal_ethdrv_lan91c:lan91c.obj
 0001:0002cd54       ??_C@_1M@MPEJHFEM@?$AAS?$AAQ?$AAE?$AAT?$AA?5?$AA?$AA@ 0003dd54     oal_ethdrv_lan91c:lan91c.obj
 0001:0002cd60       ??_C@_1BA@LNLGMPHE@?$AAT?$AAX?$AAU?$AAN?$AAR?$AAN?$AA?5?$AA?$AA@ 0003dd60     oal_ethdrv_lan91c:lan91c.obj
 0001:0002cd70       ??_C@_1EI@PLHGEHHE@?$AAE?$AAR?$AAR?$AAO?$AAR?$AA?3?$AA?5?$AAL?$AAA?$AAN?$AA9?$AA1?$AAC?$AAS?$AAe?$AAn?$AAd?$AAF?$AAr?$AAa@ 0003dd70     oal_ethdrv_lan91c:lan91c.obj
 0001:0002cdb8       ??_C@_1JE@LLHOKEHL@?$AAE?$AAR?$AAR?$AAO?$AAR?$AA?3?$AA?5?$AAL?$AAA?$AAN?$AA9?$AA1?$AAC?$AAS?$AAe?$AAn?$AAd?$AAF?$AAr?$AAa@ 0003ddb8     oal_ethdrv_lan91c:lan91c.obj
 0001:0002ce50       ??_C@_1GI@PPLHHMGG@?$AAE?$AAR?$AAR?$AAO?$AAR?$AA?3?$AA?5?$AAL?$AAA?$AAN?$AA9?$AA1?$AAC?$AAS?$AAe?$AAn?$AAd?$AAF?$AAr?$AAa@ 0003de50     oal_ethdrv_lan91c:lan91c.obj
 0001:0002ceb8       ??_C@_1GM@FLGHILHG@?$AAE?$AAR?$AAR?$AAO?$AAR?$AA?3?$AA?5?$AAL?$AAA?$AAN?$AA9?$AA1?$AAC?$AAS?$AAe?$AAn?$AAd?$AAF?$AAr?$AAa@ 0003deb8     oal_ethdrv_lan91c:lan91c.obj
 0001:0002cf24       ??_C@_1CI@OMABAGF@?$AA?9?$AAL?$AAA?$AAN?$AA9?$AA1?$AAC?$AAE?$AAn?$AAa?$AAb?$AAl?$AAe?$AAI?$AAn?$AAt?$AAs?$AA?$AN?$AA?6?$AA?$AA@ 0003df24     oal_ethdrv_lan91c:lan91c.obj
 0001:0002cf4c       ??_C@_1CI@FLLJHBHF@?$AA?$CL?$AAL?$AAA?$AAN?$AA9?$AA1?$AAC?$AAE?$AAn?$AAa?$AAb?$AAl?$AAe?$AAI?$AAn?$AAt?$AAs?$AA?$AN?$AA?6?$AA?$AA@ 0003df4c     oal_ethdrv_lan91c:lan91c.obj
 0001:0002cf74       ??_C@_1CK@HFLNHNLC@?$AA?9?$AAL?$AAA?$AAN?$AA9?$AA1?$AAC?$AAD?$AAi?$AAs?$AAa?$AAb?$AAl?$AAe?$AAI?$AAn?$AAt?$AAs?$AA?$AN?$AA?6@ 0003df74     oal_ethdrv_lan91c:lan91c.obj
 0001:0002cfa0       ??_C@_1CK@FMKGLFE@?$AA?$CL?$AAL?$AAA?$AAN?$AA9?$AA1?$AAC?$AAD?$AAi?$AAs?$AAa?$AAb?$AAl?$AAe?$AAI?$AAn?$AAt?$AAs?$AA?$AN?$AA?6@ 0003dfa0     oal_ethdrv_lan91c:lan91c.obj
 0001:0002cfcc       ??_C@_1DK@DHIOCIKP@?$AA?9?$AAL?$AAA?$AAN?$AA9?$AA1?$AAC?$AAC?$AAu?$AAr?$AAr?$AAe?$AAn?$AAt?$AAP?$AAa?$AAc?$AAk?$AAe?$AAt@ 0003dfcc     oal_ethdrv_lan91c:lan91c.obj
 0001:0002d008       ??_C@_1EK@DKKEPGHP@?$AA?$CL?$AAL?$AAA?$AAN?$AA9?$AA1?$AAC?$AAC?$AAu?$AAr?$AAr?$AAe?$AAn?$AAt?$AAP?$AAa?$AAc?$AAk?$AAe?$AAt@ 0003e008     oal_ethdrv_lan91c:lan91c.obj
 0001:0002d058       ??_C@_1HI@OALEOGIF@?$AA?9?$AAL?$AAA?$AAN?$AA9?$AA1?$AAC?$AAI?$AAn?$AAi?$AAt?$AA?$CI?$AAm?$AAa?$AAc?$AA?5?$AA?$DN?$AA?5?$AA?$CF?$AA0@ 0003e058     oal_ethdrv_lan91c:lan91c.obj
 0001:0002d0d0       ??_C@_1EI@LHBCNPPI@?$AAL?$AAA?$AAN?$AA9?$AA1?$AAC?$AAx?$AAx?$AAx?$AA?3?$AA?5?$AAC?$AAh?$AAi?$AAp?$AA?5?$AAI?$AAd?$AA?5?$AA?$CF@ 0003e0d0     oal_ethdrv_lan91c:lan91c.obj
 0001:0002d118       ??_C@_1GM@GHEPFGKN@?$AAE?$AAR?$AAR?$AAO?$AAR?$AA?3?$AA?5?$AAL?$AAA?$AAN?$AA9?$AA1?$AAC?$AAI?$AAn?$AAi?$AAt?$AA?3?$AA?5?$AAN@ 0003e118     oal_ethdrv_lan91c:lan91c.obj
 0001:0002d188       ??_C@_1EM@LKNBEDJA@?$AA?$CL?$AAL?$AAA?$AAN?$AA9?$AA1?$AAC?$AAI?$AAn?$AAi?$AAt?$AA?$CI?$AA0?$AAx?$AA?$CF?$AA0?$AA8?$AAx?$AA?0?$AA?5@ 0003e188     oal_ethdrv_lan91c:lan91c.obj
 0001:0002d1d4       ??_C@_1DO@CJJDCGJJ@?$AA?9?$AAL?$AAA?$AAN?$AA9?$AA1?$AAC?$AAM?$AAu?$AAl?$AAt?$AAi?$AAc?$AAa?$AAs?$AAt?$AAL?$AAi?$AAs?$AAt@ 0003e1d4     oal_ethdrv_lan91c:lan91c.obj
 0001:0002d218       ??_C@_1EG@GJCLLOK@?$AA?$CL?$AAL?$AAA?$AAN?$AA9?$AA1?$AAC?$AAM?$AAu?$AAl?$AAt?$AAi?$AAc?$AAa?$AAs?$AAt?$AAL?$AAi?$AAs?$AAt@ 0003e218     oal_ethdrv_lan91c:lan91c.obj
 0001:0002d2d0       g_oalAddressTable          0003e2d0     oal:startup.obj
 0001:0002d420       StartUp                    0003e420     oal:startup.obj
 0001:0002d4b8       OALCPUPowerOff             0003e4b8     oal:startup.obj
 0001:0002d718       PaFromVa                   0003e718     nkprof:armtrap.obj
 0001:0002d768       VaFromPa                   0003e768     nkprof:armtrap.obj
 0001:0002d7b4       KernelStart                0003e7b4     nkprof:armtrap.obj
 0001:0002da34       UndefException             0003ea34     nkprof:armtrap.obj
 0001:0002da54       SWIHandler                 0003ea54     nkprof:armtrap.obj
 0001:0002da58       FIQHandler                 0003ea58     nkprof:armtrap.obj
 0001:0002da74       PrefetchAbortEH            0003ea74     nkprof:armtrap.obj
 0001:0002da7c       PrefetchAbort              0003ea7c     nkprof:armtrap.obj
 0001:0002dcf8       MD_CBRtn                   0003ecf8     nkprof:armtrap.obj
 0001:0002ddb4       CommonHandler              0003edb4     nkprof:armtrap.obj
 0001:0002ddc0       SaveAndReschedule          0003edc0     nkprof:armtrap.obj
 0001:0002dea0       DataAbortHandler           0003eea0     nkprof:armtrap.obj
 0001:0002df0c       IRQHandler                 0003ef0c     nkprof:armtrap.obj
 0001:0002e03c       CheckInterlockedRestart    0003f03c     nkprof:armtrap.obj
 0001:0002e078       ZeroPage                   0003f078     nkprof:armtrap.obj
 0001:0002e0a4       GetHighPos                 0003f0a4     nkprof:armtrap.obj
 0001:0002e210       INTERRUPTS_ON              0003f210     nkprof:armtrap.obj
 0001:0002e220       INTERRUPTS_OFF             0003f220     nkprof:armtrap.obj
 0001:0002e230       INTERRUPTS_ENABLE          0003f230     nkprof:armtrap.obj
 0001:0002e254       _SetCPUASID                0003f254     nkprof:armtrap.obj
 0001:0002e2ec       KCall                      0003f2ec     nkprof:armtrap.obj
 0001:0002e358       TestVFP                    0003f358     nkprof:armtrap.obj
 0001:0002e360       ReadAndSetFpexc            0003f360     nkprof:armtrap.obj
 0001:0002e370       SaveFloatContext           0003f370     nkprof:armtrap.obj
 0001:0002e38c       RestoreFloatContext        0003f38c     nkprof:armtrap.obj
 0001:0002e3a8       InSysCall                  0003f3a8     nkprof:armtrap.obj
 0001:0002e3b8       xxCaptureContext           0003f3b8     nkprof:armtrap.obj
 0001:0002e3d8       CaptureContext             0003f3d8     nkprof:armtrap.obj
 0001:0002e46c       RtlCaptureContext          0003f46c     nkprof:armtrap.obj
 0001:0002e48c       RtlpExecuteHandlerForException 0003f48c     nkprof:armtrap.obj
 0001:0002e4f0       RtlpExceptionHandler       0003f4f0     nkprof:armtrap.obj
 0001:0002e51c       RtlpExecuteHandlerForUnwind 0003f51c     nkprof:armtrap.obj
 0001:0002e57c       RtlpUnwindHandler          0003f57c     nkprof:armtrap.obj
 0001:0002e5a0       NKIsSysIntrValid           0003f5a0     nkprof:armtrap.obj
 0001:0002e5c4       InterlockedAPIs            0003f5c4     nkprof:armtrap.obj
 0001:0002e628       InterlockedEnd             0003f628     nkprof:armtrap.obj
 0001:0002e628       NullSection                0003f628     nkprof:armtrap.obj
 0001:0002ee34       KCALLPROFON                0003fe34 f i nkprof:objdisp.obj
 0001:0002eee0       KCALLPROFOFF               0003fee0 f i nkprof:objdisp.obj
 0001:0002efdc       IndexFromLock              0003ffdc f   nkprof:objdisp.obj
 0001:0002f00c       HandleToPointer            0004000c f   nkprof:objdisp.obj
 0001:0002f07c       NextCloseHandle            0004007c f   nkprof:objdisp.obj
 0001:0002f16c       SetupHandle                0004016c f   nkprof:objdisp.obj
 0001:0002f1ec       ZapHandle                  000401ec f   nkprof:objdisp.obj
 0001:0002f2d4       AllocHandle                000402d4 f   nkprof:objdisp.obj
 0001:0002f348       FreeHandle                 00040348 f   nkprof:objdisp.obj
 0001:0002f398       CopyRefs                   00040398 f   nkprof:objdisp.obj
 0001:0002f454       DoIncRef                   00040454 f   nkprof:objdisp.obj
 0001:0002f558       IncRef                     00040558 f   nkprof:objdisp.obj
 0001:0002f5e0       DoDecRef                   000405e0 f   nkprof:objdisp.obj
 0001:0002f718       TryDecRef                  00040718 f   nkprof:objdisp.obj
 0001:0002f7c0       DecRef                     000407c0 f   nkprof:objdisp.obj
 0001:0002f7e4       DecThreadRef               000407e4 f   nkprof:objdisp.obj
 0001:0002f944       GetUserInfo                00040944 f   nkprof:objdisp.obj
 0001:0002f9c0       SetUserInfo                000409c0 f   nkprof:objdisp.obj
 0001:0002fa44       GetObjectPtr               00040a44 f   nkprof:objdisp.obj
 0001:0002fac0       GetObjectPtrByType         00040ac0 f   nkprof:objdisp.obj
 0001:0002fb5c       GetObjectPtrByTypePermissioned 00040b5c f   nkprof:objdisp.obj
 0001:0002fc14       SetObjectPtr               00040c14 f   nkprof:objdisp.obj
 0001:0002fc98       GetHandleType              00040c98 f   nkprof:objdisp.obj
 0001:0002fd1c       SC_SetHandleOwner          00040d1c f   nkprof:objdisp.obj
 0001:0002fd88       SC_CreateAPISet            00040d88 f   nkprof:objdisp.obj
 0001:0002fe7c       SC_CloseAPISet             00040e7c f   nkprof:objdisp.obj
 0001:0002ff1c       SC_RegisterAPISet          00040f1c f   nkprof:objdisp.obj
 0001:00030078       CalcHandleOwner            00041078 f   nkprof:objdisp.obj
 0001:000300d8       SC_CreateAPIHandle         000410d8 f   nkprof:objdisp.obj
 0001:00030140       SC_VerifyAPIHandle         00041140 f   nkprof:objdisp.obj
 0001:000301c4       SC_QueryAPISetID           000411c4 f   nkprof:objdisp.obj
 0001:00030244       SetBadHandleError          00041244 f   nkprof:objdisp.obj
 0001:00030324       ErrorReturn                00041324 f   nkprof:objdisp.obj
 0001:00030344       UpdateCallerInfo           00041344 f   nkprof:objdisp.obj
 0001:000303e4       DoCloseAPIHandle           000413e4 f   nkprof:objdisp.obj
 0001:000304dc       GetPSLPfnAndValidateArgs   000414dc f   nkprof:objdisp.obj
 0001:000306c8       ObjectCall                 000416c8 f   nkprof:objdisp.obj
 0001:00030a90       SC_CeMapArgumentArray      00041a90 f   nkprof:objdisp.obj
 0001:00030b30       SuspendSelf                00041b30 f   nkprof:objdisp.obj
 0001:00030bc8       SC_KillThreadIfNeeded      00041bc8 f   nkprof:objdisp.obj
 0001:00030ce4       ServerCallReturn           00041ce4 f   nkprof:objdisp.obj
 0001:00030eec       PerformCallBackExt         00041eec f   nkprof:objdisp.obj
 0001:000310fc       CallbackReturn             000420fc f   nkprof:objdisp.obj
 0001:000311ac       DBG_CallCheck              000421ac f   nkprof:objdisp.obj
 0001:0003136c       SC_CloseAllHandles         0004236c f   nkprof:objdisp.obj
 0001:00031434       MDValidateRomChain         00042434 f   nkprof:mdarm.obj
 0001:000314fc       MDAllocMemBlock            000424fc f   nkprof:mdarm.obj
 0001:000315ec       FreeHardwarePT             000425ec f   nkprof:mdarm.obj
 0001:000316a0       MDFreeMemBlock             000426a0 f   nkprof:mdarm.obj
 0001:000316cc       ClearSlots                 000426cc f   nkprof:mdarm.obj
 0001:00031814       SetCPUASID                 00042814 f   nkprof:mdarm.obj
 0001:00031830       DetectVFP                  00042830 f   nkprof:mdarm.obj
 0001:00031870       IsVFPInstruction           00042870 f   nkprof:mdarm.obj
 0001:000318ac       SwitchFPUOwner             000428ac f   nkprof:mdarm.obj
 0001:000319bc       FPUFlushContext            000429bc f   nkprof:mdarm.obj
 0001:00031a70       DumpFrame                  00042a70 f   nkprof:mdarm.obj
 0001:00031b4c       ARMInit                    00042b4c f   nkprof:mdarm.obj
 0001:00031c5c       HandleException            00042c5c f   nkprof:mdarm.obj
 0001:00031f98       LoadPageTable              00042f98 f   nkprof:mdarm.obj
 0001:00032138       InvalidateRange            00043138 f   nkprof:mdarm.obj
 0001:00032164       ExceptionDispatch          00043164 f   nkprof:mdarm.obj
 0001:00032a20       Phys2Virt                  00043a20 f   nkprof:mdarm.obj
 0001:00032ab4       MDValidateKVA              00043ab4 f   nkprof:mdarm.obj
 0001:00032b70       MDInitSecureStack          00043b70 f   nkprof:mdarm.obj
 0001:00032b74       MDCreateThread             00043b74 f   nkprof:mdarm.obj
 0001:00032c4c       MDSetupMainThread          00043c4c f   nkprof:mdarm.obj
 0001:00032d4c       DoThreadGetContext         00043d4c f   nkprof:mdarm.obj
 0001:00033038       DoThreadSetContext         00044038 f   nkprof:mdarm.obj
 0001:00033360       __C_specific_handler       00044360 f   nkprof:mdarm.obj
 0001:000334ac       MDRestoreCalleeSavedRegisters 000444ac f   nkprof:mdarm.obj
 0001:000334f4       NKCreateStaticMapping      000444f4 f   nkprof:mdarm.obj
 0001:00033558       SC_CreateStaticMapping     00044558 f   nkprof:mdarm.obj
 0001:0003359c       VectorTable                0004459c     nkprof:ExVector.obj
 0001:000335bc       SC_CallForward             000445bc f   nkprof:kwin32.obj
 0001:000339b0       NKDeleteStaticMapping      000449b0 f   nkprof:kwin32.obj
 0001:000339d4       KDCleanup                  000449d4 f   nkprof:kwin32.obj
 0001:00033a20       HwTrap                     00044a20 f   nkprof:kwin32.obj
 0001:00033a3c       FakeNKHaltSystem           00044a3c f   nkprof:kwin32.obj
 0001:00033b8c       kdpInvalidateRange         00044b8c f   nkprof:kwin32.obj
 0001:00033b9c       kdpIsROM                   00044b9c f   nkprof:kwin32.obj
 0001:00033bdc       SC_ConnectDebugger         00044bdc f   nkprof:kwin32.obj
 0001:00033f5c       FakeHDException            00044f5c f   nkprof:kwin32.obj
 0001:00033f70       HDCleanup                  00044f70 f   nkprof:kwin32.obj
 0001:00033fe4       SC_ConnectHdstub           00044fe4 f   nkprof:kwin32.obj
 0001:000343bc       SC_ConnectOsAxsT0          000453bc f   nkprof:kwin32.obj
 0001:0003443c       SC_ConnectOsAxsT1          0004543c f   nkprof:kwin32.obj
 0001:000344ec       KernelInit                 000454ec f   nkprof:kwin32.obj
 0001:000345b8       KernelInit2                000455b8 f   nkprof:kwin32.obj
 0001:00034798       SC_SetExceptionHandler     00045798 f   nkprof:kwin32.obj
[...]
 0003:000452a8       GwesCriticalThreshold      000ca2a8     <common>
 0003:000452ac       pDirtyList                 000ca2ac     <common>
 0003:000452c0       rbSubRes                   000ca2c0     <common>
 0003:00045334       hMapList                   000ca334     <common>
 0003:00045338       rbRes                      000ca338     <common>
 0003:0004533c       pCFMCleanup                000ca33c     <common>
 0003:00045340       pHugeCleanList             000ca340     <common>
 0003:00045344       dwIndex                    000ca344     <common>
 0003:00045348       pFree                      000ca348     <common>
 0003:0004534c       SmallestSize               000ca34c     <common>
 0003:00045350       dwLen                      000ca350     <common>
 0003:00045354       pNotifyForceCleanboot      000ca354     <common>
 0003:00045358       fNoDebugger                000ca358     <common>
 0003:0004535c       fDebuggerLoaded            000ca35c     <common>
 0003:00045360       MemoryInfo                 000ca360     <common>
 0003:00045370       dwOEMCleanPages            000ca370     <common>
 0003:00045374       pOEMLoadInit               000ca374     <common>
 0003:00045378       OEMRomChain                000ca378     <common>
 0003:0004537c       pOEMCalcFSPages            000ca37c     <common>
 0003:00045380       pfnOEMIsKernelSpaceDll     000ca380     <common>
 0003:00045384       ROMDllLoadBase             000ca384     <common>
 0003:00045388       pOEMLoadModule             000ca388     <common>
 0003:0004538c       g_pROMInfo                 000ca38c     <common>
 0003:00045390       PagedInCount               000ca390     <common>
 0003:000453a0       FreeInfo                   000ca3a0     <common>
 0003:000454a0       pNKEnumExtensionDRAM       000ca4a0     <common>
 0003:000454a4       LogPtr                     000ca4a4     <common>
 0003:000454a8       SharedDllBase              000ca4a8     <common>
 0003:000454ac       MainMemoryEndAddress       000ca4ac     <common>
 0003:000454b0       ROMChain                   000ca4b0     <common>
 0003:000454b4       fForceCleanBoot            000ca4b4     <common>
 0003:000454b8       PtrKData                   000ca4b8     <common>
 0003:000454bc       pDbgList                   000ca4bc     <common>
 0003:000454c0       FirstROM                   000ca4c0     <common>
 0003:000454c8       g_dwProfileBufNumPages     000ca4c8     <common>
 0003:000454cc       g_pdwProfileBufStart       000ca4cc     <common>
 0003:000454d0       g_hProfileBuf              000ca4d0     <common>
 0003:000454e0       KPRFInfo                   000ca4e0     <common>
 0003:00045ae0       g_pPBE                     000caae0     <common>
 0003:00085ae0       g_ProfilerState_dwProfilerIntsInTLB 0010aae0     <common>
 0003:00085ae4       g_ProfilerState_dwInterrupts 0010aae4     <common>
 0003:00085ae8       g_dwNumROMModules          0010aae8     <common>
 0003:00085aec       g_dwProfileBufNumEntries   0010aaec     <common>
 0003:00085af0       g_dwFirstROMDLL            0010aaf0     <common>
 0003:00085af4       g_dwNKIndex                0010aaf4     <common>
 0003:00085af8       g_dwProfilerFlags          0010aaf8     <common>
 0003:00085afc       g_pfnShimGetProcModList    0010aafc     <common>
 0003:00085b00       g_pfnShimWhichMod          0010ab00     <common>
 0003:00085b04       g_pfnShimUndoDepends       0010ab04     <common>
 0003:00085b08       dwCeLogLargeBuf            0010ab08     <common>
 0003:00085b0c       dwCeLogTLBMiss             0010ab0c     <common>
 0003:00085b10       g_pfnShimInitModule        0010ab10     <common>
 0003:00085b14       g_pfnShimIoControl         0010ab14     <common>
 0003:00085b18       dwCeLogSmallBuf            0010ab18     <common>
 0003:00085b1c       g_pfnShimCloseProcess      0010ab1c     <common>
 0003:00085b20       g_pfnCeLogData             0010ab20     <common>
 0003:00085b40       g_CeLogSyncBuffer          0010ab40     <common>
 0003:00085d5c       g_pfnShimCloseModule       0010ad5c     <common>
 0003:00085d60       dwOldEntry                 0010ad60     <common>
 0003:00085d64       g_ObjStoreSlotBits         0010ad64     <common>
 0003:00085d68       PmbDecommitting            0010ad68     <common>
 0003:00085d6c       pProfBase                  0010ad6c     <common>
 0003:00085d80       NKSection                  0010ad80     <common>
 0003:00086580       dwProfState                0010b580     <common>
 0003:00086584       pfnOEMSetMemoryAttributes  0010b584     <common>
 0003:00086588       curridlehigh               0010b588     <common>
 0003:0008658c       NormalBias                 0010b58c     <common>
 0003:00086590       pOEMIsProcessorFeaturePresent 0010b590     <common>
 0003:00086594       pDebugger                  0010b594     <common>
 0003:00086598       randdw1                    0010b598     <common>
 0003:0008659c       g_fSysFileReadable         0010b59c     <common>
 0003:000865a0       pPath                      0010b5a0     <common>
 0003:000865a4       idleconv                   0010b5a4     <common>
 0003:000865a8       pQueryPerformanceCounter   0010b5a8     <common>
 0003:000865ac       DaylightBias               0010b5ac     <common>
 0003:000865b0       curridlelow                0010b5b0     <common>
 0003:000865b4       pQueryPerformanceFrequency 0010b5b4     <common>
 0003:000865b8       pReadRegistryFromOEM       0010b5b8     <common>
 0003:000865bc       pWriteRegistryToOEM        0010b5bc     <common>
 0003:000865c0       InDaylight                 0010b5c0     <common>
 0003:000865c4       randdw2                    0010b5c4     <common>
 0003:000865c8       pInjectDLLs                0010b5c8     <common>
 0003:000865cc       hSemList                   0010b5cc     <common>
 0003:000865d0       pPSLNotify                 0010b5d0     <common>
 0003:000865d4       pExitThread                0010b5d4     <common>
 0003:000865d8       dwPrevReschedTime          0010b5d8     <common>
 0003:000865e0       PhysCS                     0010b5e0     <common>
 0003:000865f4       CurrTime                   0010b5f4     <common>
 0003:00086600       NameCS                     0010b600     <common>
 0003:00086620       MapNameCS                  0010b620     <common>
 0003:00086634       TTList                     0010b634     <common>
 0003:00086638       MTBFf                      0010b638     <common>
 0003:00086640       csDbg                      0010b640     <common>
 0003:00086660       ModListcs                  0010b660     <common>
 0003:00086680       RFBcs                      0010b680     <common>
 0003:00086694       pGetHeapSnapshot           0010b694     <common>
 0003:00086698       dwReschedTime              0010b698     <common>
 0003:0008669c       hAlarmThreadWakeup         0010b69c     <common>
 0003:000866a0       MapCS                      0010b6a0     <common>
 0003:000866c0       ODScs                      0010b6c0     <common>
 0003:000866d4       pfnOEMReschedule           0010b6d4     <common>
 0003:000866d8       fNKSaveCoProcReg           0010b6d8     <common>
 0003:000866e0       MutexCS                    0010b6e0     <common>
 0003:00086700       WriterCS                   0010b700     <common>
 0003:00086714       SleepList                  0010b714     <common>
 0003:00086718       pIsExiting                 0010b718     <common>
 0003:0008671c       lpCritList                 0010b71c     <common>
 0003:00086720       hCoreDll                   0010b720     <common>
 0003:00086724       nCstks                     0010b724     <common>
 0003:00086740       PagerCS                    0010b740     <common>
 0003:00086754       hEvtPwrHndlr               0010b754     <common>
 0003:00086760       EventCS                    0010b760     <common>
 0003:00086774       pCleanupThread             0010b774     <common>
 0003:00086778       KSystemTimeToFileTime      0010b778     <common>
 0003:0008677c       hMutexList                 0010b77c     <common>
 0003:00086780       TBFf                       0010b780     <common>
 0003:00086784       dwDefaultThreadQuantum     0010b784     <common>
 0003:000867a0       rtccs                      0010b7a0     <common>
 0003:000867b4       pCaptureDumpFileOnDevice   0010b7b4     <common>
 0003:000867c0       KITLcs                     0010b7c0     <common>
 0003:000867e0       WDcs                       0010b7e0     <common>
 0003:000867f4       hAlarmEvent                0010b7f4     <common>
 0003:00086800       CompCS                     0010b800     <common>
 0003:00086814       pOEMInitCoProcRegisterSavedArea 0010b814     <common>
 0003:00086820       DbgApiCS                   0010b820     <common>
 0003:00086834       pOOMThread                 0010b834     <common>
 0003:00086838       KFileTimeToSystemTime      0010b838     <common>
 0003:0008683c       cbNKCoProcRegSize          0010b83c     <common>
 0003:00086840       CTBFf                      0010b840     <common>
 0003:00086844       pOEMSaveCoProcRegister     0010b844     <common>
 0003:00086860       LLcs                       0010b860     <common>
 0003:00086874       hEventList                 0010b874     <common>
 0003:00086880       VAcs                       0010b880     <common>
 0003:000868a0       PageOutCS                  0010b8a0     <common>
 0003:000868c0       ProcArray                  0010b8c0     <common>
 0003:000886c0       pOEMRestoreCoProcRegister  0010d6c0     <common>
 0003:000886d0       CurAlarmTime               0010d6d0     <common>
 0003:000886e0       fKITLcsInitialized         0010d6e0     <common>
 0003:000886e4       pExcpExitThread            0010d6e4     <common>
 0003:000886e8       KLocalFileTimeToFileTime   0010d6e8     <common>
 0003:000886ec       PageOutForced              0010d6ec     <common>
 0003:000886f0       g_CntSecureStk             0010d6f0     <common>
 0003:000886f4       pOEMUpdateRescheduleTime   0010d6f4     <common>
 0003:00088700       SemCS                      0010d700     <common>
 0003:00088714       KCompareFileTime           0010d714     <common>
 0003:00088720       cstks                      0010d720     <common>
 0003:00088770       pfnOEMMapW32Priority       0010d770     <common>
 0003:00088780       RunList                    0010d780     <common>
 0003:00088820       DirtyPageCS                0010d820     <common>
 0003:00088834       pSignalStarted             0010d834     <common>
 0003:00088838       bLastIdle                  0010d838     <common>
 0003:0008883c       PowerProc                  0010d83c     <common>
 0003:00088840       pfnIsDesktopDbgrExist      0010d840     <common>
 0003:00088844       PowerFunc                  0010d844     <common>
 0003:00088848       ReadyForStrings            0010d848     <common>
 0003:0008884c       fSysStarted                0010d84c     <common>
 0003:00088850       pWriteDebugLED             0010d850     <common>
 0003:00088854       g_pOsAxsT0Init             0010d854     <common>
 0003:00088858       g_pOsAxsT1Init             0010d858     <common>
 0003:0008885c       GwesPowerKey               0010d85c     <common>
 0003:00088860       GwesPowerFunc              0010d860     <common>
 0003:00088864       pKITLIoCtl                 0010d864     <common>
 0003:00088868       pEdbgInitializeInterrupt   0010d868     <common>
 0003:0008886c       PowerKey                   0010d86c     <common>
 0003:00088870       GwesPowerProc              0010d870     <common>
 0003:00088874       gfObjStoreTouched          0010d874     <common>
 0003:00088878       dwNKARMFirstLevelSetBits   0010d878     <common>
 0003:00088880       gHwPTBL2G                  0010d880     <common>
 0003:00088c80       g_pOEMAddressTable         0010dc80     <common>
 0003:00088c84       gdwSlotTouched             0010dc84     <common>
 0003:00088c88       ProcessorRevision          0010dc88     <common>
 0003:00088c8c       CEProcessorType            0010dc8c     <common>
 0003:00088c90       g_fVFPTouched              0010dc90     <common>
 0003:00088c94       CurMSec                    0010dc94     <common>
 0003:00088ca0       SystemAPISets              0010dca0     <common>
 0003:00088d20       PhdPrevReturn              0010dd20     <common>
 0003:00088d24       PhdNext                    0010dd24     <common>
 0003:00088d40       g_oalCacheInfo             0010dd40     <common>
 0003:00088da0       g_oalTimer                 0010dda0     <common>
 0003:00088dc8       g_oalLastSysIntr           0010ddc8     <common>
 0003:00088dcc       pucRxMax                   0010ddcc     <common>
 0003:00088dd0       pucTxConsumer              0010ddd0     <common>
 0003:00088dd4       pucTxMin                   0010ddd4     <common>
 0003:00088dd8       pucRxProducer              0010ddd8     <common>
 0003:00088de0       EDBGMacAddress             0010dde0     <common>
 0003:00088de8       pucTxMax                   0010dde8     <common>
 0003:00088dec       pucRxMin                   0010ddec     <common>
 0003:00088df0       pucTxProducer              0010ddf0     <common>
 0003:00088df4       pucRxConsumer              0010ddf4     <common>
 0003:00088df8       KITLGlobalState            0010ddf8     <common>
 0003:00088e00       KITLODScs                  0010de00     <common>

 entry point at        0001:0002d420

 Static symbols

 0001:00031424       FakedSaveVFPExtra          00042424 f   nkprof:mdarm.obj
 0001:00031428       FakedRestoreVFPExtra       00042428 f   nkprof:mdarm.obj
 0001:0003142c       FakedHandleVFPException    0004242c f   nkprof:mdarm.obj
 0001:0003360c       CheckAccessToVM            0004460c f   nkprof:kwin32.obj
 0001:00033734       EXT_VirtualAlloc           00044734 f   nkprof:kwin32.obj
 0001:00033784       EXT_VirtualFree            00044784 f   nkprof:kwin32.obj
 0001:00033810       EXT_VirtualProtect         00044810 f   nkprof:kwin32.obj
 0001:000338d4       EXT_VirtualQuery           000448d4 f   nkprof:kwin32.obj
 0001:00033950       SC_GetRealTime             00044950 f   nkprof:kwin32.obj
 0001:0003398c       SC_SetRealTime             0004498c f   nkprof:kwin32.obj
 0001:000339b8       FakeKDSanitize             000449b8 f   nkprof:kwin32.obj
 0001:000339d0       FakeKDReboot               000449d0 f   nkprof:kwin32.obj
 0001:00033a50       RestorePrio                00044a50 f   nkprof:kwin32.obj
 0001:00033aa0       KDEnableInt                00044aa0 f   nkprof:kwin32.obj
 0001:00033f64       FakeHDPageIn               00044f64 f   nkprof:kwin32.obj
 0001:00033f68       FakeHDModLoad              00044f68 f   nkprof:kwin32.obj
 0001:00033f6c       FakeHDModUnload            00044f6c f   nkprof:kwin32.obj
 0001:00034190       ConnectOsAxs               00045190 f   nkprof:kwin32.obj
 0001:00034df0       UnloadDepends              00045df0 f   nkprof:kwin32.obj
 0001:00034e98       SC_PageOutModule           00045e98 f   nkprof:kwin32.obj
 0001:00036334       FakedOEMIntrOccurs         00047334 f   nkprof:schedule.obj
 0001:00037ba4       InitMutex                  00048ba4 f   nkprof:schedule.obj
 0001:00037c10       InitEvent                  00048c10 f   nkprof:schedule.obj
 0001:00037c88       InitSemaphore              00048c88 f   nkprof:schedule.obj
 0001:00037cfc       DeInitMutex                00048cfc f   nkprof:schedule.obj
 0001:00037d7c       DeInitEvent                00048d7c f   nkprof:schedule.obj
 0001:00037e14       DeInitSemaphore            00048e14 f   nkprof:schedule.obj
 0001:00037e70       MutexGetName               00048e70 f   nkprof:schedule.obj
 0001:00037e78       EventGetName               00048e78 f   nkprof:schedule.obj
 0001:00037e80       SemGetName                 00048e80 f   nkprof:schedule.obj
 0001:00037e88       OpenOrCreateSyncObject     00048e88 f   nkprof:schedule.obj
 0001:00038224       CloseSyncObjectHandle      00049224 f   nkprof:schedule.obj
 0001:00039c8c       CreateSecureStack          0004ac8c f   nkprof:schedule.obj
 0001:00045088       FakedOEMIsROM              00056088 f   nkprof:virtmem.obj
 0001:000451c8       IsROMNoCS                  000561c8 f   nkprof:virtmem.obj
 0001:00045880       DecommitOnePage            00056880 f   nkprof:virtmem.obj
 0001:000489b0       AddCeLogDLL                000599b0 f   nkprof:logger.obj
 0001:00048b1c       RemoveCeLogDLL             00059b1c f   nkprof:logger.obj
 0001:00048c9c       BroadcastCeLogData         00059c9c f   nkprof:logger.obj
 0001:00048d1c       BroadcastCeLogInterrupt    00059d1c f   nkprof:logger.obj
 0001:000490e8       CELOG_SyncProcess          0005a0e8 f   nkprof:logger.obj
 0001:00049218       CELOG_SyncThread           0005a218 f   nkprof:logger.obj
 0001:00049394       CELOG_SyncModule           0005a394 f   nkprof:logger.obj
 0001:00049fc4       DoFreeBuffer               0005afc4 f   nkprof:profiler.obj
 0001:0004b2b0       GetModulePointer           0005c2b0 f   nkprof:profiler.obj
 0001:0004c934       OpenFileFromROM            0005d934 f   nkprof:loader.obj
 0001:0004e0f4       CallKDllMain               0005f0f4 f   nkprof:loader.obj
 0001:000518e8       TryDir                     000628e8 f   nkprof:loader.obj
 0001:0005195c       TrySameDir                 0006295c f   nkprof:loader.obj
 0001:000531a8       DoFreeKernelLibrary        000641a8 f   nkprof:loader.obj
 0001:00053ee0       DoLoadKernelLibrary        00064ee0 f   nkprof:loader.obj
 0001:00057fa4       NKvDbgPrintfWOnStack       00068fa4 f   nkprof:printf.obj
 0001:0005995c       GetStackLimitsFromTLS      0006a95c f   nkprof:exdsptch.obj
 0001:0005c284       DoInterruptEnable          0006d284 f   nkprof:intrapi.obj
 0001:0005d554       DoLoadResource             0006e554 f   nkprof:resource.obj
 0001:0005da78       FindResourceSection        0006ea78 f   nkprof:resource.obj
 0001:0005f4c4       WDenqueue                  000704c4 f   nkprof:watchdog.obj
 0001:0005f58c       WatchDogTimerThrd          0007058c f   nkprof:watchdog.obj
 0001:0005f740       WDOpenOrCreate             00070740 f   nkprof:watchdog.obj
 0001:0005fd9c       TryInvalidateAddr          00070d9c f   nkprof:pgpool.obj
 0001:0005fff8       PageOutPage                00070ff8 f   nkprof:pgpool.obj
 0001:00062aa8       LZHashAdd                  00073aa8 f   nkprof:compress.obj
 0001:00062b38       LZHashMatch                00073b38 f   nkprof:compress.obj
 0001:00062cdc       Out                        00073cdc f   nkprof:compress.obj
 0001:00062ec8       CompressBlock              00073ec8 f   nkprof:compress.obj
 0001:00063084       UncompressBlock            00074084 f   nkprof:compress.obj
 0001:00063228       CheckZeros                 00074228 f   nkprof:compress.obj
 0001:00063840       Decompress                 00074840 f   nkprof:decompr.obj
 0001:00064ad4       special_decode_verbatim_block 00075ad4 f   nkprof:decverb.obj
 0001:0006509c       special_decode_aligned_block 0007609c f   nkprof:decalign.obj
 0001:00065838       ReadRepTree                00076838 f   nkprof:dectree.obj
 0001:0006849c       pOutputNumHex              0007949c f   vbridge:vbridge.obj
 0001:000684e4       pOutputNumDecimal          000794e4 f   vbridge:vbridge.obj
 0001:00068bd0       pOutputByte                00079bd0 f   kitl:debug.obj
 0001:00068c00       pOutputNumHex              00079c00 f   kitl:debug.obj
 0001:00068c48       pOutputNumDecimal          00079c48 f   kitl:debug.obj
 0001:00068c84       vOutputFormatString        00079c84 f   kitl:debug.obj
 0001:0006cac4       PhyWrite                   0007dac4 f   oal_ethdrv_lan91c:lan91c.obj
