 nleddrvr

 Timestamp is 452b4156 (Tue Oct 10 15:44:38 2006)

 Preferred load address is 10000000

 Start         Length     Name                   Class
 0001:00000000 000001a6H .rdata                  CODE
 0001:000001a8 0000006cH .rdata$debug            CODE
 0001:00000214 00000780H .text                   CODE
 0001:00000994 00000048H .xdata                  CODE
 0001:000009dc 00000014H .idata$2                CODE
 0001:000009f0 00000014H .idata$3                CODE
 0001:00000a04 0000004cH .idata$4                CODE
 0001:00000a50 0000000cH .idata$6                CODE
 0001:00000a60 000000aeH .edata                  CODE
 0002:00000000 0000004cH .idata$5                DATA
 0002:0000004c 0000002cH .bss                    DATA
 0003:00000000 00000098H .pdata                  DATA

  Address         Publics by Value              Rva+Base     Lib:Object

 0000:00000000       ___safe_se_handler_table   00000000     <absolute>
 0000:00000000       ___safe_se_handler_count   00000000     <absolute>
 0001:00000020       ??_C@_1EG@KHGNHHIH@?$AAF?$AAo?$AAr?$AA?5?$AAI?$AAO?$AAP?$AAr?$AAe?$AAg?$AAs?$AA?3?$AA?5?$AAV?$AAi?$AAr?$AAt?$AAu?$AAa?$AAl@ 10001020     nled.obj
 0001:00000068       ??_C@_1KA@NKBHFHCO@?$AAc?$AA?3?$AA?2?$AAu?$AAt?$AAi?$AAl?$AAi?$AAt?$AAy?$AA?2?$AAw?$AAi?$AAn?$AAc?$AAe?$AA5?$AA?4?$AA0?$AA?2@ 10001068     nled.obj
 0001:00000108       ??_C@_1CI@OHCJFJPM@?$AAE?$AAR?$AAR?$AAO?$AAR?$AA?3?$AA?5?$AA?$CF?$AAs?$AA?5?$AAl?$AAi?$AAn?$AAe?$AA?5?$AA?$CF?$AAd?$AA?3?$AA?5?$AA?$AA@ 10001108     nled.obj
 0001:00000130       ??_C@_1EK@MLAHHJEP@?$AAF?$AAo?$AAr?$AA?5?$AAI?$AAO?$AAP?$AAr?$AAe?$AAg?$AAs?$AA?5?$AA?3?$AA?5?$AAV?$AAi?$AAr?$AAt?$AAu?$AAa@ 10001130     nled.obj
 0001:0000017c       ??_C@_1CK@OEJFFEKI@?$AAS?$AAY?$AAS?$AAT?$AAE?$AAM?$AA?1?$AAN?$AAL?$AAe?$AAd?$AAA?$AAP?$AAI?$AAs?$AAR?$AAe?$AAa?$AAd?$AAy@ 1000117c     nleddrvr_lib:nleddrvr.obj
 0001:00000214       ?InitializeAddresses@@YAHXZ 10001214 f   nled.obj
 0001:000002cc       ?NLED_Thread@@YAXXZ        100012cc f   nled.obj
 0001:00000348       NLedDriverInitialize       10001348 f   nled.obj
 0001:000003e0       NLedDriverDeInitialize     100013e0 f   nled.obj
 0001:00000450       NLedDriverGetDeviceInfo    10001450 f   nled.obj
 0001:000004a8       NLedDriverSetDevice        100014a8 f   nled.obj
 0001:00000544       NLedDriverPowerDown        10001544 f   nled.obj
 0001:00000548       Init                       10001548 f   nleddrvr_lib:nleddrvr.obj
 0001:000005dc       Deinit                     100015dc f   nleddrvr_lib:nleddrvr.obj
 0001:00000620       IOControl                  10001620 f   nleddrvr_lib:nleddrvr.obj
 0001:00000804       PowerDown                  10001804 f   nleddrvr_lib:nleddrvr.obj
 0001:00000818       PowerUp                    10001818 f   nleddrvr_lib:nleddrvr.obj
 0001:0000082c       Open                       1000182c f   nleddrvr_lib:nleddrvr.obj
 0001:00000830       Close                      10001830 f   nleddrvr_lib:nleddrvr.obj
 0001:00000838       DllMain                    10001838 f   nleddrvr_lib:nleddrvr.obj
 0001:00000874       EventModify                10001874 f   coredll:COREDLL.dll
 0001:00000884       VirtualFree                10001884 f   coredll:COREDLL.dll
 0001:00000894       VirtualCopy                10001894 f   coredll:COREDLL.dll
 0001:000008a4       NKDbgPrintfW               100018a4 f   coredll:COREDLL.dll
 0001:000008b4       VirtualAlloc               100018b4 f   coredll:COREDLL.dll
 0001:000008c4       WaitForSingleObject        100018c4 f   coredll:COREDLL.dll
 0001:000008d4       SetProcPermissions         100018d4 f   coredll:COREDLL.dll
 0001:000008e4       CreateEventW               100018e4 f   coredll:COREDLL.dll
 0001:000008f4       CreateThread               100018f4 f   coredll:COREDLL.dll
 0001:00000904       CloseHandle                10001904 f   coredll:COREDLL.dll
 0001:00000914       SetLastError               10001914 f   coredll:COREDLL.dll
 0001:00000924       __C_specific_handler       10001924 f   coredll:COREDLL.dll
 0001:00000934       OpenEventW                 10001934 f   coredll:COREDLL.dll
 0001:00000944       LeaveCriticalSection       10001944 f   coredll:COREDLL.dll
 0001:00000954       EnterCriticalSection       10001954 f   coredll:COREDLL.dll
 0001:00000964       DeleteCriticalSection      10001964 f   coredll:COREDLL.dll
 0001:00000974       InitializeCriticalSection  10001974 f   coredll:COREDLL.dll
 0001:00000984       DisableThreadLibraryCalls  10001984 f   coredll:COREDLL.dll
 0001:000009dc       __IMPORT_DESCRIPTOR_COREDLL 100019dc     coredll:COREDLL.dll
 0001:000009f0       __NULL_IMPORT_DESCRIPTOR   100019f0     coredll:COREDLL.dll
 0002:00000000       __imp_EventModify          10002000     coredll:COREDLL.dll
 0002:00000004       __imp_VirtualFree          10002004     coredll:COREDLL.dll
 0002:00000008       __imp_VirtualCopy          10002008     coredll:COREDLL.dll
 0002:0000000c       __imp_NKDbgPrintfW         1000200c     coredll:COREDLL.dll
 0002:00000010       __imp_VirtualAlloc         10002010     coredll:COREDLL.dll
 0002:00000014       __imp_WaitForSingleObject  10002014     coredll:COREDLL.dll
 0002:00000018       __imp_SetProcPermissions   10002018     coredll:COREDLL.dll
 0002:0000001c       __imp_CreateEventW         1000201c     coredll:COREDLL.dll
 0002:00000020       __imp_CreateThread         10002020     coredll:COREDLL.dll
 0002:00000024       __imp_CloseHandle          10002024     coredll:COREDLL.dll
 0002:00000028       __imp_SetLastError         10002028     coredll:COREDLL.dll
 0002:0000002c       __imp___C_specific_handler 1000202c     coredll:COREDLL.dll
 0002:00000030       __imp_OpenEventW           10002030     coredll:COREDLL.dll
 0002:00000034       __imp_LeaveCriticalSection 10002034     coredll:COREDLL.dll
 0002:00000038       __imp_EnterCriticalSection 10002038     coredll:COREDLL.dll
 0002:0000003c       __imp_DeleteCriticalSection 1000203c     coredll:COREDLL.dll
 0002:00000040       __imp_InitializeCriticalSection 10002040     coredll:COREDLL.dll
 0002:00000044       __imp_DisableThreadLibraryCalls 10002044     coredll:COREDLL.dll
 0002:00000048       \177COREDLL_NULL_THUNK_DATA 10002048     coredll:COREDLL.dll
 0002:0000004c       ?gLEDEvent@@3PAXA          1000204c     nled.obj
 0002:00000050       ?v_pIOPregs@@3PCUSMT926A_IOPORT_REG@@C 10002050     nled.obj
 0002:00000054       ?gLEDThread@@3PAXA         10002054     nled.obj
 0002:00000058       ?gLEDTimeout@@3KA          10002058     nled.obj
 0002:0000005c       ?gpfnNLedPddIOControl@@3P6AKKKPAEK0KPAK@ZA 1000205c     nleddrvr_lib:nleddrvr.obj
 0002:00000060       ?gfDriverLoaded@@3HA       10002060     nleddrvr_lib:nleddrvr.obj
 0002:00000064       ?gcsNLed@@3UCRITICAL_SECTION@@A 10002064     nleddrvr_lib:nleddrvr.obj

 entry point at        0001:00000838

 Static symbols

