 AREA REPORT FOR DESIGN : /home/nbray/sfwork/snowdon/kmi_pl050/synopsys_ref/Kmi.db:Kmi
    
 
****************************************
Report : area
Design : Kmi
Version: 1998.02
Date   : Thu Apr 29 18:09:39 1999
****************************************

Library(s) Used:

    cb25os163_max (File: /home/nbray/sfwork/snowdon/kmi_pl050/synopsys_ref/cell_lib/cb25os163_max.db)

Number of ports:               36
Number of nets:               160
Number of cells:               14
Number of references:          13

Combinational area:        944.250000
Noncombinational area:     995.250000
Net Interconnect area:     673.880859  

Total cell area:          1939.500000
Total area:               2613.380859
    
Information: Updating design information... (UID-85)
 
****************************************
Report : area
Design : KmiApbif
Version: 1998.02
Date   : Thu Apr 29 18:09:40 1999
****************************************

Library(s) Used:

    cb25os163_max (File: /home/nbray/sfwork/snowdon/kmi_pl050/synopsys_ref/cell_lib/cb25os163_max.db)

Number of ports:              108
Number of nets:               323
Number of cells:              240
Number of references:          18

Combinational area:        222.000000
Noncombinational area:      49.500000
Net Interconnect area:     106.729500  

Total cell area:           271.500000
Total area:                378.229492
    
Information: Updating design information... (UID-85)
 
****************************************
Report : area
Design : KmiRegBlk
Version: 1998.02
Date   : Thu Apr 29 18:09:40 1999
****************************************

Library(s) Used:

    cb25os163_max (File: /home/nbray/sfwork/snowdon/kmi_pl050/synopsys_ref/cell_lib/cb25os163_max.db)

Number of ports:               42
Number of nets:                90
Number of cells:               73
Number of references:          12

Combinational area:         68.000000
Noncombinational area:     195.500000
Net Interconnect area:      75.964493  

Total cell area:           263.500000
Total area:                339.464478
    
Information: Updating design information... (UID-85)
 
****************************************
Report : area
Design : KmiCntrl
Version: 1998.02
Date   : Thu Apr 29 18:09:41 1999
****************************************

Library(s) Used:

    cb25os163_max (File: /home/nbray/sfwork/snowdon/kmi_pl050/synopsys_ref/cell_lib/cb25os163_max.db)

Number of ports:               31
Number of nets:               194
Number of cells:              175
Number of references:          27

Combinational area:        178.500000
Noncombinational area:      91.000000
Net Interconnect area:     100.873001  

Total cell area:           269.500000
Total area:                370.372986
    
Information: Updating design information... (UID-85)
 
****************************************
Report : area
Design : KmiClkInSync
Version: 1998.02
Date   : Thu Apr 29 18:09:42 1999
****************************************

Library(s) Used:

    cb25os163_max (File: /home/nbray/sfwork/snowdon/kmi_pl050/synopsys_ref/cell_lib/cb25os163_max.db)

Number of ports:                7
Number of nets:                18
Number of cells:               13
Number of references:           7

Combinational area:         15.000000
Noncombinational area:      23.250000
Net Interconnect area:       9.044000  

Total cell area:            38.250000
Total area:                 47.293999
    
Information: Updating design information... (UID-85)
 
****************************************
Report : area
Design : KmiTimer
Version: 1998.02
Date   : Thu Apr 29 18:09:43 1999
****************************************

Library(s) Used:

    cb25os163_max (File: /home/nbray/sfwork/snowdon/kmi_pl050/synopsys_ref/cell_lib/cb25os163_max.db)

Number of ports:               29
Number of nets:               205
Number of cells:              178
Number of references:          21

Combinational area:        211.000000
Noncombinational area:     150.000000
Net Interconnect area:     113.811996  

Total cell area:           361.000000
Total area:                474.812012
    
Information: Updating design information... (UID-85)
 
****************************************
Report : area
Design : KmiTimer_DW01_inc_8_0
Version: 1998.02
Date   : Thu Apr 29 18:09:43 1999
****************************************

Library(s) Used:

    cb25os163_max (File: /home/nbray/sfwork/snowdon/kmi_pl050/synopsys_ref/cell_lib/cb25os163_max.db)

Number of ports:               16
Number of nets:                22
Number of cells:                8
Number of references:           3

Combinational area:         21.000000
Noncombinational area:       0.000000
Net Interconnect area:       4.736000  

Total cell area:            21.000000
Total area:                 25.736000
    
Information: Updating design information... (UID-85)
 
****************************************
Report : area
Design : KmiTimer_DW01_inc_6_0
Version: 1998.02
Date   : Thu Apr 29 18:09:44 1999
****************************************

Library(s) Used:

    cb25os163_max (File: /home/nbray/sfwork/snowdon/kmi_pl050/synopsys_ref/cell_lib/cb25os163_max.db)

Number of ports:               12
Number of nets:                16
Number of cells:                6
Number of references:           3

Combinational area:         15.000000
Noncombinational area:       0.000000
Net Interconnect area:       3.500000  

Total cell area:            15.000000
Total area:                 18.500000
    
Information: Updating design information... (UID-85)
 
****************************************
Report : area
Design : KmiSynctoPCLK
Version: 1998.02
Date   : Thu Apr 29 18:09:44 1999
****************************************

Library(s) Used:

    cb25os163_max (File: /home/nbray/sfwork/snowdon/kmi_pl050/synopsys_ref/cell_lib/cb25os163_max.db)

Number of ports:               17
Number of nets:                28
Number of cells:               18
Number of references:           3

Combinational area:          9.000000
Noncombinational area:     105.000000
Net Interconnect area:      20.938000  

Total cell area:           114.000000
Total area:                134.938004
    
Information: Updating design information... (UID-85)
 
****************************************
Report : area
Design : KmiSynctoREFCLK
Version: 1998.02
Date   : Thu Apr 29 18:09:45 1999
****************************************

Library(s) Used:

    cb25os163_max (File: /home/nbray/sfwork/snowdon/kmi_pl050/synopsys_ref/cell_lib/cb25os163_max.db)

Number of ports:               21
Number of nets:                34
Number of cells:               22
Number of references:           4

Combinational area:          5.250000
Noncombinational area:     135.500000
Net Interconnect area:      28.983999  

Total cell area:           140.750000
Total area:                169.733994
    
Information: Updating design information... (UID-85)
 
****************************************
Report : area
Design : KmiTxRx
Version: 1998.02
Date   : Thu Apr 29 18:09:46 1999
****************************************

Library(s) Used:

    cb25os163_max (File: /home/nbray/sfwork/snowdon/kmi_pl050/synopsys_ref/cell_lib/cb25os163_max.db)

Number of ports:               41
Number of nets:                41
Number of cells:                3
Number of references:           3

Combinational area:        147.500000
Noncombinational area:     120.250000
Net Interconnect area:      82.835999  

Total cell area:           267.750000
Total area:                350.585999
    
Information: Updating design information... (UID-85)
 
****************************************
Report : area
Design : KmiTest
Version: 1998.02
Date   : Thu Apr 29 18:09:46 1999
****************************************

Library(s) Used:

    cb25os163_max (File: /home/nbray/sfwork/snowdon/kmi_pl050/synopsys_ref/cell_lib/cb25os163_max.db)

Number of ports:               33
Number of nets:                62
Number of cells:               45
Number of references:           7

Combinational area:         44.750000
Noncombinational area:      57.750000
Net Interconnect area:      31.018499  

Total cell area:           102.500000
Total area:                133.518494
    
Information: Updating design information... (UID-85)
 
****************************************
Report : area
Design : KmiREFCLKDiv
Version: 1998.02
Date   : Thu Apr 29 18:09:47 1999
****************************************

Library(s) Used:

    cb25os163_max (File: /home/nbray/sfwork/snowdon/kmi_pl050/synopsys_ref/cell_lib/cb25os163_max.db)

Number of ports:                9
Number of nets:                41
Number of cells:               33
Number of references:          10

Combinational area:         35.250000
Noncombinational area:      67.500000
Net Interconnect area:      22.406000  

Total cell area:           102.750000
Total area:                125.155998
    
Information: Updating design information... (UID-85)
 
****************************************
Report : area
Design : KmiBitCounter
Version: 1998.02
Date   : Thu Apr 29 18:09:47 1999
****************************************

Library(s) Used:

    cb25os163_max (File: /home/nbray/sfwork/snowdon/kmi_pl050/synopsys_ref/cell_lib/cb25os163_max.db)

Number of ports:               12
Number of nets:                34
Number of cells:               24
Number of references:           9

Combinational area:         25.500000
Noncombinational area:      30.000000
Net Interconnect area:      14.540000  

Total cell area:            55.500000
Total area:                 70.040001
    
Information: Updating design information... (UID-85)
 
****************************************
Report : area
Design : KmiTx
Version: 1998.02
Date   : Thu Apr 29 18:09:48 1999
****************************************

Library(s) Used:

    cb25os163_max (File: /home/nbray/sfwork/snowdon/kmi_pl050/synopsys_ref/cell_lib/cb25os163_max.db)

Number of ports:               24
Number of nets:                59
Number of cells:               36
Number of references:          16

Combinational area:         55.750000
Noncombinational area:       7.750000
Net Interconnect area:      18.309000  

Total cell area:            63.500000
Total area:                 81.808998
    
Information: Updating design information... (UID-85)
 
****************************************
Report : area
Design : KmiRx
Version: 1998.02
Date   : Thu Apr 29 18:09:49 1999
****************************************

Library(s) Used:

    cb25os163_max (File: /home/nbray/sfwork/snowdon/kmi_pl050/synopsys_ref/cell_lib/cb25os163_max.db)

Number of ports:               24
Number of nets:                79
Number of cells:               66
Number of references:          14

Combinational area:         66.250000
Noncombinational area:      82.500000
Net Interconnect area:      43.689499  

Total cell area:           148.750000
Total area:                192.439499
