 AREA REPORT FOR DESIGN : /home/nbray/sfwork/snowdon/kmi_pl050/synopsys_ref/Kmi.db:Kmi
    
 
****************************************
Report : area
Design : Kmi
Version: 1998.02
Date   : Thu Apr 29 18:15:07 1999
****************************************

Library(s) Used:

    cb25os163_max (File: /home/nbray/sfwork/snowdon/kmi_pl050/synopsys_ref/cell_lib/cb25os163_max.db)

Number of ports:               36
Number of nets:               160
Number of cells:               14
Number of references:          13

Combinational area:        966.250000
Noncombinational area:     995.250000
Net Interconnect area:     683.429871  

Total cell area:          1961.500000
Total area:               2644.929932
    
Information: Updating design information... (UID-85)
 
****************************************
Report : area
Design : KmiApbif
Version: 1998.02
Date   : Thu Apr 29 18:15:08 1999
****************************************

Library(s) Used:

    cb25os163_max (File: /home/nbray/sfwork/snowdon/kmi_pl050/synopsys_ref/cell_lib/cb25os163_max.db)

Number of ports:              108
Number of nets:               324
Number of cells:              241
Number of references:          18

Combinational area:        222.000000
Noncombinational area:      49.500000
Net Interconnect area:     106.595001  

Total cell area:           271.500000
Total area:                378.095001
    
Information: Updating design information... (UID-85)
 
****************************************
Report : area
Design : KmiRegBlk
Version: 1998.02
Date   : Thu Apr 29 18:15:09 1999
****************************************

Library(s) Used:

    cb25os163_max (File: /home/nbray/sfwork/snowdon/kmi_pl050/synopsys_ref/cell_lib/cb25os163_max.db)

Number of ports:               42
Number of nets:                90
Number of cells:               73
Number of references:          12

Combinational area:         68.000000
Noncombinational area:     195.500000
Net Interconnect area:      75.964493  

Total cell area:           263.500000
Total area:                339.464478
    
Information: Updating design information... (UID-85)
 
****************************************
Report : area
Design : KmiCntrl
Version: 1998.02
Date   : Thu Apr 29 18:15:10 1999
****************************************

Library(s) Used:

    cb25os163_max (File: /home/nbray/sfwork/snowdon/kmi_pl050/synopsys_ref/cell_lib/cb25os163_max.db)

Number of ports:               31
Number of nets:               201
Number of cells:              182
Number of references:          29

Combinational area:        186.750000
Noncombinational area:      91.000000
Net Interconnect area:     106.826996  

Total cell area:           277.750000
Total area:                384.576996
    
Information: Updating design information... (UID-85)
 
****************************************
Report : area
Design : KmiClkInSync
Version: 1998.02
Date   : Thu Apr 29 18:15:10 1999
****************************************

Library(s) Used:

    cb25os163_max (File: /home/nbray/sfwork/snowdon/kmi_pl050/synopsys_ref/cell_lib/cb25os163_max.db)

Number of ports:                7
Number of nets:                19
Number of cells:               14
Number of references:           7

Combinational area:         15.000000
Noncombinational area:      23.250000
Net Interconnect area:       9.250000  

Total cell area:            38.250000
Total area:                 47.500000
    
Information: Updating design information... (UID-85)
 
****************************************
Report : area
Design : KmiTimer
Version: 1998.02
Date   : Thu Apr 29 18:15:11 1999
****************************************

Library(s) Used:

    cb25os163_max (File: /home/nbray/sfwork/snowdon/kmi_pl050/synopsys_ref/cell_lib/cb25os163_max.db)

Number of ports:               29
Number of nets:               208
Number of cells:              181
Number of references:          23

Combinational area:        220.250000
Noncombinational area:     150.000000
Net Interconnect area:     112.158997  

Total cell area:           370.250000
Total area:                482.408997
    
Information: Updating design information... (UID-85)
 
****************************************
Report : area
Design : KmiTimer_DW01_inc_6_0
Version: 1998.02
Date   : Thu Apr 29 18:15:12 1999
****************************************

Library(s) Used:

    cb25os163_max (File: /home/nbray/sfwork/snowdon/kmi_pl050/synopsys_ref/cell_lib/cb25os163_max.db)

Number of ports:               12
Number of nets:                16
Number of cells:                6
Number of references:           3

Combinational area:         15.000000
Noncombinational area:       0.000000
Net Interconnect area:       3.500000  

Total cell area:            15.000000
Total area:                 18.500000
    
Information: Updating design information... (UID-85)
 
****************************************
Report : area
Design : KmiTimer_DW01_inc_8_0
Version: 1998.02
Date   : Thu Apr 29 18:15:13 1999
****************************************

Library(s) Used:

    cb25os163_max (File: /home/nbray/sfwork/snowdon/kmi_pl050/synopsys_ref/cell_lib/cb25os163_max.db)

Number of ports:               16
Number of nets:                22
Number of cells:                8
Number of references:           3

Combinational area:         21.000000
Noncombinational area:       0.000000
Net Interconnect area:       4.736000  

Total cell area:            21.000000
Total area:                 25.736000
    
Information: Updating design information... (UID-85)
 
****************************************
Report : area
Design : KmiSynctoPCLK
Version: 1998.02
Date   : Thu Apr 29 18:15:13 1999
****************************************

Library(s) Used:

    cb25os163_max (File: /home/nbray/sfwork/snowdon/kmi_pl050/synopsys_ref/cell_lib/cb25os163_max.db)

Number of ports:               17
Number of nets:                28
Number of cells:               18
Number of references:           3

Combinational area:          9.000000
Noncombinational area:     105.000000
Net Interconnect area:      20.938000  

Total cell area:           114.000000
Total area:                134.938004
    
Information: Updating design information... (UID-85)
 
****************************************
Report : area
Design : KmiSynctoREFCLK
Version: 1998.02
Date   : Thu Apr 29 18:15:14 1999
****************************************

Library(s) Used:

    cb25os163_max (File: /home/nbray/sfwork/snowdon/kmi_pl050/synopsys_ref/cell_lib/cb25os163_max.db)

Number of ports:               21
Number of nets:                34
Number of cells:               22
Number of references:           4

Combinational area:          5.250000
Noncombinational area:     135.500000
Net Interconnect area:      28.983999  

Total cell area:           140.750000
Total area:                169.733994
    
Information: Updating design information... (UID-85)
 
****************************************
Report : area
Design : KmiTxRx
Version: 1998.02
Date   : Thu Apr 29 18:15:15 1999
****************************************

Library(s) Used:

    cb25os163_max (File: /home/nbray/sfwork/snowdon/kmi_pl050/synopsys_ref/cell_lib/cb25os163_max.db)

Number of ports:               41
Number of nets:                41
Number of cells:                3
Number of references:           3

Combinational area:        152.750000
Noncombinational area:     120.250000
Net Interconnect area:      88.588997  

Total cell area:           273.000000
Total area:                361.588989
    
Information: Updating design information... (UID-85)
 
****************************************
Report : area
Design : KmiTest
Version: 1998.02
Date   : Thu Apr 29 18:15:16 1999
****************************************

Library(s) Used:

    cb25os163_max (File: /home/nbray/sfwork/snowdon/kmi_pl050/synopsys_ref/cell_lib/cb25os163_max.db)

Number of ports:               33
Number of nets:                62
Number of cells:               45
Number of references:           7

Combinational area:         44.750000
Noncombinational area:      57.750000
Net Interconnect area:      31.018499  

Total cell area:           102.500000
Total area:                133.518494
    
Information: Updating design information... (UID-85)
 
****************************************
Report : area
Design : KmiREFCLKDiv
Version: 1998.02
Date   : Thu Apr 29 18:15:17 1999
****************************************

Library(s) Used:

    cb25os163_max (File: /home/nbray/sfwork/snowdon/kmi_pl050/synopsys_ref/cell_lib/cb25os163_max.db)

Number of ports:                9
Number of nets:                40
Number of cells:               32
Number of references:          10

Combinational area:         34.500000
Noncombinational area:      67.500000
Net Interconnect area:      22.199999  

Total cell area:           102.000000
Total area:                124.199997
    
Information: Updating design information... (UID-85)
 
****************************************
Report : area
Design : KmiBitCounter
Version: 1998.02
Date   : Thu Apr 29 18:15:17 1999
****************************************

Library(s) Used:

    cb25os163_max (File: /home/nbray/sfwork/snowdon/kmi_pl050/synopsys_ref/cell_lib/cb25os163_max.db)

Number of ports:               12
Number of nets:                34
Number of cells:               24
Number of references:          10

Combinational area:         25.500000
Noncombinational area:      30.000000
Net Interconnect area:      14.540000  

Total cell area:            55.500000
Total area:                 70.040001
    
Information: Updating design information... (UID-85)
 
****************************************
Report : area
Design : KmiTx
Version: 1998.02
Date   : Thu Apr 29 18:15:18 1999
****************************************

Library(s) Used:

    cb25os163_max (File: /home/nbray/sfwork/snowdon/kmi_pl050/synopsys_ref/cell_lib/cb25os163_max.db)

Number of ports:               24
Number of nets:                58
Number of cells:               35
Number of references:          15

Combinational area:         54.750000
Noncombinational area:       7.750000
Net Interconnect area:      18.103001  

Total cell area:            62.500000
Total area:                 80.602997
    
Information: Updating design information... (UID-85)
 
****************************************
Report : area
Design : KmiRx
Version: 1998.02
Date   : Thu Apr 29 18:15:19 1999
****************************************

Library(s) Used:

    cb25os163_max (File: /home/nbray/sfwork/snowdon/kmi_pl050/synopsys_ref/cell_lib/cb25os163_max.db)

Number of ports:               24
Number of nets:                88
Number of cells:               75
Number of references:          17

Combinational area:         72.500000
Noncombinational area:      82.500000
Net Interconnect area:      47.813999  

Total cell area:           155.000000
Total area:                202.813995
