Warning: In design 'Kmi', the same net is connected to more than one pin on submodule 'uKmiApbif'. (LINT-33)
   Net 'KMITYPE' is connected to pins 'KMITYPE', 'test_si1'. 

Warning: The following end-points are not constrained for maximum delay.

End point
---------------
test_so1
test_so2
 
****************************************
Report : cell
Design : Kmi
Version: 1998.02
Date   : Thu Apr 29 18:42:07 1999
****************************************

Attributes:
    b - black box (unknown)
    h - hierarchical
    n - noncombinational
    r - removable
    u - contains unmapped logic

Cell                      Reference       Library             Area  Attributes
--------------------------------------------------------------------------------
U4                        inv0d1          cb25os163_max       0.75  
U5                        clk2d2          cb25os163_max       5.25  
U6                        buffd1          cb25os163_max       1.00  
U7                        buffd1          cb25os163_max       1.00  
uKmiApbif                 KmiApbif_test_1                   307.00  h, n
uKmiClkInSync             KmiClkInSync_test_1                56.00  h, n
uKmiCntrl                 KmiCntrl_test_1                   319.75  h, n
uKmiREFCLKDiv             KmiREFCLKDiv_test_1               132.50  h, n
uKmiRegBlk                KmiRegBlk_test_1                  335.75  h, n
uKmiSynctoPCLK            KmiSynctoPCLK_test_1              166.00  h, n
uKmiSynctoREFCLK          KmiSynctoREFCLK_test_1            199.75  h, n
uKmiTest                  KmiTest_test_1                    144.75  h, n
uKmiTimer                 KmiTimer_test_1                   424.00  h, n
uKmiTxRx                  KmiTxRx_test_1                    325.25  h, n
--------------------------------------------------------------------------------
Total 14 cells                                             2418.75
 
****************************************
Report : reference
Design : Kmi
Version: 1998.02
Date   : Thu Apr 29 18:42:08 1999
****************************************

Attributes:
    b - black box (unknown)
   bo - allows boundary optimization
    d - dont_touch
   mo - map_only
    h - hierarchical
    n - noncombinational
    r - removable
    s - synthetic operator
    u - contains unmapped logic

Reference          Library       Unit Area   Count    Total Area   Attributes
-----------------------------------------------------------------------------
KmiApbif_test_1                 307.000000       1    307.000000  h, n
KmiClkInSync_test_1              56.000000       1     56.000000  h, n
KmiCntrl_test_1                 319.750000       1    319.750000  h, n
KmiREFCLKDiv_test_1             132.500000       1    132.500000  h, n
KmiRegBlk_test_1                335.750000       1    335.750000  h, n
KmiSynctoPCLK_test_1            166.000000       1    166.000000  h, n
KmiSynctoREFCLK_test_1          199.750000       1    199.750000  h, n
KmiTest_test_1                  144.750000       1    144.750000  h, n
KmiTimer_test_1                 424.000000       1    424.000000  h, n
KmiTxRx_test_1                  325.250000       1    325.250000  h, n
buffd1             cb25os163_max
                                  1.000000       2      2.000000  
clk2d2             cb25os163_max
                                  5.250000       1      5.250000  
inv0d1             cb25os163_max
                                  0.750000       1      0.750000  
-----------------------------------------------------------------------------
Total 13 references                                  2418.750000
 
****************************************
Report : design
Design : Kmi
Version: 1998.02
Date   : Thu Apr 29 18:42:08 1999
****************************************

Library(s) Used:

    cb25os163_max (File: /home/nbray/sfwork/snowdon/kmi_pl050/synopsys_ref/cell_lib/cb25os163_max.db)

Local Link Library:

    {cb25os163_max.db}

Flip-Flop Types:

    No flip-flop types specified.

Latch Types:

    No latch types specified.

Operating Conditions:

    Name       Library       Process     Temp    Volt    Interconnect Model
    ----------------------------------------------------------------------------
    WCCOM      cb25os163_max    1.20   125.00    2.30    worst_case_tree

Min Operating Conditions:

    Name       Library       Process     Temp    Volt    Interconnect Model
    ----------------------------------------------------------------------------
    BCCOM      cb25os163_min    0.80   -55.00    2.70    best_case_tree

Wire Loading Model:

    Selected manually by the user.

Name           :   8000
Location       :   cb25os163_max
Resistance     :   0.00019
Capacitance    :   0.000154
Area           :   0.01
Slope          :   135
Fanout   Length   Points Average Cap Std Deviation
--------------------------------------------------------------
     1    20.60
     2    41.00
     3    65.40
     4   117.00
     5   144.25
     6   178.10
     7   192.50
     8   308.00
     9   317.00
    10   395.00
    11   503.00
    12   564.00
    13   572.00
    14   597.00
    15   630.00
    16   656.00
    17   708.00
    18   813.00
    19   927.00
    20  1062.00



Wire Loading Model Mode: enclosed.

Timing Ranges:

    No timing ranges specified.

Pin Input Delays:

    None specified.

Pin Output Delays:

    None specified.

Disabled Timing Arcs:

    No arcs disabled.

Required Licenses:

    None Required

Design Parameters:

    None specified.
 
****************************************
Report : hierarchy
Design : Kmi
Version: 1998.02
Date   : Thu Apr 29 18:42:08 1999
****************************************

Kmi
    KmiApbif_test_1
        an02d1                       cb25os163_max
        an12d1                       cb25os163_max
        bufbd1                       cb25os163_max
        buffd1                       cb25os163_max
        inv0d0                       cb25os163_max
        inv0d1                       cb25os163_max
        mx02d0                       cb25os163_max
        nd02d1                       cb25os163_max
        nd02d2                       cb25os163_max
        nd03d1                       cb25os163_max
        nd04d1                       cb25os163_max
        nd12d1                       cb25os163_max
        nr02d1                       cb25os163_max
        nr03d1                       cb25os163_max
        nr04d1                       cb25os163_max
        oaim21d1                     cb25os163_max
        or02d1                       cb25os163_max
        sdcrn1                       cb25os163_max
        sdcrq1                       cb25os163_max
    KmiClkInSync_test_1
        an04d1                       cb25os163_max
        an12d1                       cb25os163_max
        bufbd1                       cb25os163_max
        inv0d0                       cb25os163_max
        inv0d1                       cb25os163_max
        mx02d1                       cb25os163_max
        nd03d1                       cb25os163_max
        nr02d1                       cb25os163_max
        seprq1                       cb25os163_max
    KmiCntrl_test_1
        an02d1                       cb25os163_max
        an12d1                       cb25os163_max
        aoi21d1                      cb25os163_max
        aoi31d1                      cb25os163_max
        aoim3m11d1                   cb25os163_max
        aoim22d1                     cb25os163_max
        aon211d1                     cb25os163_max
        aor211d1                     cb25os163_max
        bufbd1                       cb25os163_max
        inv0d1                       cb25os163_max
        mi02d1                       cb25os163_max
        mx02d0                       cb25os163_max
        mx02d1                       cb25os163_max
        nd02d1                       cb25os163_max
        nd03d1                       cb25os163_max
        nd04d1                       cb25os163_max
        nd12d1                       cb25os163_max
        nr02d1                       cb25os163_max
        nr03d1                       cb25os163_max
        nr04d1                       cb25os163_max
        nr23d1                       cb25os163_max
        oai21d1                      cb25os163_max
        oai31d1                      cb25os163_max
        oai211d1                     cb25os163_max
        or02d0                       cb25os163_max
        or02d1                       cb25os163_max
        or12d1                       cb25os163_max
        or23d1                       cb25os163_max
        ora21d1                      cb25os163_max
        sdcrq1                       cb25os163_max
        seprq1                       cb25os163_max
    KmiREFCLKDiv_test_1
        aor22d1                      cb25os163_max
        bufbd1                       cb25os163_max
        inv0d0                       cb25os163_max
        inv0d1                       cb25os163_max
        inv0d2                       cb25os163_max
        inv0da                       cb25os163_max
        mx02d0                       cb25os163_max
        mx02d1                       cb25os163_max
        nd02d1                       cb25os163_max
        nr02d1                       cb25os163_max
        or02d1                       cb25os163_max
        sdcrq1                       cb25os163_max
        xr02d1                       cb25os163_max
    KmiRegBlk_test_1
        an02d1                       cb25os163_max
        bufbd1                       cb25os163_max
        inv0d0                       cb25os163_max
        inv0d1                       cb25os163_max
        inv0d4                       cb25os163_max
        inv0d7                       cb25os163_max
        mx02d0                       cb25os163_max
        mx02d1                       cb25os163_max
        nd02d1                       cb25os163_max
        nd12d1                       cb25os163_max
        nr02d1                       cb25os163_max
        nr03d1                       cb25os163_max
        or02d1                       cb25os163_max
        sdcrq1                       cb25os163_max
        seprq1                       cb25os163_max
        xr02d1                       cb25os163_max
    KmiSynctoPCLK_test_1
        bufbd1                       cb25os163_max
        inv0d4                       cb25os163_max
        inv0da                       cb25os163_max
        mx02d0                       cb25os163_max
        sdcrq1                       cb25os163_max
    KmiSynctoREFCLK_test_1
        bufbd1                       cb25os163_max
        inv0d1                       cb25os163_max
        inv0d4                       cb25os163_max
        inv0d7                       cb25os163_max
        mx02d0                       cb25os163_max
        sdcrq1                       cb25os163_max
        seprq1                       cb25os163_max
    KmiTest_test_1
        bufbd1                       cb25os163_max
        buffd3                       cb25os163_max
        inv0d1                       cb25os163_max
        mx02d1                       cb25os163_max
        nd02d1                       cb25os163_max
        nr02d1                       cb25os163_max
        oai211d1                     cb25os163_max
        sdcrn1                       cb25os163_max
    KmiTimer_test_1
        ah01d0                       cb25os163_max
        an02d1                       cb25os163_max
        an04d1                       cb25os163_max
        an12d1                       cb25os163_max
        an23d1                       cb25os163_max
        inv0d0                       cb25os163_max
        inv0d1                       cb25os163_max
        inv0d2                       cb25os163_max
        inv0da                       cb25os163_max
        invbd4                       cb25os163_max
        mx02d0                       cb25os163_max
        mx02d1                       cb25os163_max
        nd02d1                       cb25os163_max
        nd03d1                       cb25os163_max
        nd12d1                       cb25os163_max
        nr02d1                       cb25os163_max
        oai21d1                      cb25os163_max
        oaim21d1                     cb25os163_max
        or02d0                       cb25os163_max
        or02d1                       cb25os163_max
        or03d2                       cb25os163_max
        or23d1                       cb25os163_max
        sdcrq1                       cb25os163_max
        xn02d1                       cb25os163_max
        xr02d1                       cb25os163_max
    KmiTxRx_test_1
        KmiBitCounter_test_1
            ah01d0                   cb25os163_max
            ah01d1                   cb25os163_max
            inv0d0                   cb25os163_max
            inv0d1                   cb25os163_max
            inv0da                   cb25os163_max
            mx02d0                   cb25os163_max
            nd02d0                   cb25os163_max
            nd02d1                   cb25os163_max
            nd04d1                   cb25os163_max
            nd12d1                   cb25os163_max
            nr02d1                   cb25os163_max
            sdcrq1                   cb25os163_max
            xr02d1                   cb25os163_max
        KmiRx_test_1
            an02d1                   cb25os163_max
            an03d1                   cb25os163_max
            aon211d1                 cb25os163_max
            bufbd1                   cb25os163_max
            inv0d0                   cb25os163_max
            inv0d1                   cb25os163_max
            inv0d4                   cb25os163_max
            mx02d0                   cb25os163_max
            mx02d1                   cb25os163_max
            nd02d0                   cb25os163_max
            nd02d1                   cb25os163_max
            nd03d1                   cb25os163_max
            nd12d1                   cb25os163_max
            nr02d0                   cb25os163_max
            nr02d1                   cb25os163_max
            nr13d1                   cb25os163_max
            oaim22d1                 cb25os163_max
            or02d1                   cb25os163_max
            sdcrq1                   cb25os163_max
        KmiTx_test_1
            an02d1                   cb25os163_max
            an12d1                   cb25os163_max
            aoi22d1                  cb25os163_max
            aoim22d1                 cb25os163_max
            bufbd1                   cb25os163_max
            inv0d1                   cb25os163_max
            mi02d1                   cb25os163_max
            mx02d1                   cb25os163_max
            nd02d1                   cb25os163_max
            nd03d1                   cb25os163_max
            nr02d1                   cb25os163_max
            or02d1                   cb25os163_max
            seprq1                   cb25os163_max
            xn02d1                   cb25os163_max
            xr02d1                   cb25os163_max
            xr03d1                   cb25os163_max
    buffd1                           cb25os163_max
    clk2d2                           cb25os163_max
    inv0d1                           cb25os163_max
 
****************************************
Report : area
Design : Kmi
Version: 1998.02
Date   : Thu Apr 29 18:42:08 1999
****************************************

Library(s) Used:

    cb25os163_max (File: /home/nbray/sfwork/snowdon/kmi_pl050/synopsys_ref/cell_lib/cb25os163_max.db)

Number of ports:               41
Number of nets:               169
Number of cells:               14
Number of references:          13

Combinational area:       1266.750000
Noncombinational area:    1152.000000
Net Interconnect area:     876.730835  

Total cell area:          2418.750000
Total area:               3295.480957
 
****************************************
Report : clocks
Design : Kmi
Version: 1998.02
Date   : Thu Apr 29 18:42:08 1999
****************************************

Attributes:
    d - dont_touch_network
    f - fix_hold
    p - propagated_clock

Clock          Period   Waveform            Attrs     Sources
--------------------------------------------------------------------------------
KMIREFCLK       20.00   {0 10}              d, f      {KMIREFCLK}
PCLK            20.00   {0 10}              d, f      {PCLK}
--------------------------------------------------------------------------------
