Information: Using TC-DFT license only. Generated vectors will not be saved. (UIT-190)
  Loading design 'Kmi'
  Using test design rule information from previous check_test run
  Building test generation network

  Combinational Test Pattern Generation starts:

    Start random pattern generation...

       50.19% faults processed ; cumulative fault coverage =  50.19%
       59.18% faults processed ; cumulative fault coverage =  59.18%
       62.00% faults processed ; cumulative fault coverage =  62.00%
       62.39% faults processed ; cumulative fault coverage =  62.39%
       63.41% faults processed ; cumulative fault coverage =  63.41%
       63.54% faults processed ; cumulative fault coverage =  63.54%
       63.93% faults processed ; cumulative fault coverage =  63.93%
       64.18% faults processed ; cumulative fault coverage =  64.18%
       66.24% faults processed ; cumulative fault coverage =  66.24%
       67.27% faults processed ; cumulative fault coverage =  67.27%
       69.06% faults processed ; cumulative fault coverage =  69.06%
       69.58% faults processed ; cumulative fault coverage =  69.58%
       70.22% faults processed ; cumulative fault coverage =  70.22%

    ...End random pattern generation

    Start deterministic pattern generation...

       71.50% faults processed ; cumulative fault coverage =  71.37%
       86.14% faults processed ; cumulative fault coverage =  85.75%
       94.87% faults processed ; cumulative fault coverage =  94.48%
       99.61% faults processed ; cumulative fault coverage =  99.23%
      100.00% faults processed ; cumulative fault coverage =  99.61%

    ...End deterministic pattern generation


                                Non-collapsed     Collapsed
    No. of detected faults      852               776
    No. of abandoned faults     0                 0
    No. of tied faults          0                 0
    No. of redundant faults     0                 0
    No. of untested faults      3                 3
    Total no. of faults         855               779
    Fault coverage              99.65             99.61

    No. of test patterns         146

    Test Generation Time (CPU)  1.00 sec
...Writing test program /home/nbray/sfwork/snowdon/kmi_pl050/synopsys_ref/report/Kmi_scan_verilog_patterns (without vectors) to file /home/nbray/sfwork/snowdon/kmi_pl050/synopsys_ref/report/Kmi_scan_verilog_patterns.vdb
