 AREA REPORT FOR DESIGN : /home/nbray/sfwork/snowdon/kmi_pl050/synopsys_ref/db/Kmi_vhdl.db:Kmi
    
Information: Updating design information... (UID-85)
 
****************************************
Report : area
Design : Kmi
Version: 1998.02
Date   : Thu Apr 29 18:35:14 1999
****************************************

Library(s) Used:

    cb25os163_max (File: /home/nbray/sfwork/snowdon/kmi_pl050/synopsys_ref/cell_lib/cb25os163_max.db)

Number of ports:               41
Number of nets:               169
Number of cells:               14
Number of references:          13

Combinational area:       1244.250000
Noncombinational area:    1152.250000
Net Interconnect area:     867.150818  

Total cell area:          2396.500000
Total area:               3263.650879
    
Information: Updating design information... (UID-85)
 
****************************************
Report : area
Design : KmiREFCLKDiv
Version: 1998.02
Date   : Thu Apr 29 18:35:15 1999
****************************************

Library(s) Used:

    cb25os163_max (File: /home/nbray/sfwork/snowdon/kmi_pl050/synopsys_ref/cell_lib/cb25os163_max.db)

Number of ports:                9
Number of nets:                41
Number of cells:               33
Number of references:          10

Combinational area:         35.250000
Noncombinational area:      67.500000
Net Interconnect area:      22.406000  

Total cell area:           102.750000
Total area:                125.155998
    
Information: Updating design information... (UID-85)
 
****************************************
Report : area
Design : KmiTest
Version: 1998.02
Date   : Thu Apr 29 18:35:16 1999
****************************************

Library(s) Used:

    cb25os163_max (File: /home/nbray/sfwork/snowdon/kmi_pl050/synopsys_ref/cell_lib/cb25os163_max.db)

Number of ports:               33
Number of nets:                62
Number of cells:               45
Number of references:           7

Combinational area:         44.750000
Noncombinational area:      57.750000
Net Interconnect area:      31.018499  

Total cell area:           102.500000
Total area:                133.518494
    
Information: Updating design information... (UID-85)
 
****************************************
Report : area
Design : KmiTxRx
Version: 1998.02
Date   : Thu Apr 29 18:35:18 1999
****************************************

Library(s) Used:

    cb25os163_max (File: /home/nbray/sfwork/snowdon/kmi_pl050/synopsys_ref/cell_lib/cb25os163_max.db)

Number of ports:               41
Number of nets:                41
Number of cells:                3
Number of references:           3

Combinational area:        147.500000
Noncombinational area:     120.250000
Net Interconnect area:      82.835999  

Total cell area:           267.750000
Total area:                350.585999
    
Information: Updating design information... (UID-85)
 
****************************************
Report : area
Design : KmiRx
Version: 1998.02
Date   : Thu Apr 29 18:35:19 1999
****************************************

Library(s) Used:

    cb25os163_max (File: /home/nbray/sfwork/snowdon/kmi_pl050/synopsys_ref/cell_lib/cb25os163_max.db)

Number of ports:               24
Number of nets:                79
Number of cells:               66
Number of references:          14

Combinational area:         66.250000
Noncombinational area:      82.500000
Net Interconnect area:      43.689499  

Total cell area:           148.750000
Total area:                192.439499
    
Information: Updating design information... (UID-85)
 
****************************************
Report : area
Design : KmiTx
Version: 1998.02
Date   : Thu Apr 29 18:35:20 1999
****************************************

Library(s) Used:

    cb25os163_max (File: /home/nbray/sfwork/snowdon/kmi_pl050/synopsys_ref/cell_lib/cb25os163_max.db)

Number of ports:               24
Number of nets:                59
Number of cells:               36
Number of references:          16

Combinational area:         55.750000
Noncombinational area:       7.750000
Net Interconnect area:      18.309000  

Total cell area:            63.500000
Total area:                 81.808998
    
Information: Updating design information... (UID-85)
 
****************************************
Report : area
Design : KmiBitCounter
Version: 1998.02
Date   : Thu Apr 29 18:35:21 1999
****************************************

Library(s) Used:

    cb25os163_max (File: /home/nbray/sfwork/snowdon/kmi_pl050/synopsys_ref/cell_lib/cb25os163_max.db)

Number of ports:               12
Number of nets:                34
Number of cells:               24
Number of references:           9

Combinational area:         25.500000
Noncombinational area:      30.000000
Net Interconnect area:      14.540000  

Total cell area:            55.500000
Total area:                 70.040001
    
Information: Updating design information... (UID-85)
 
****************************************
Report : area
Design : KmiSynctoREFCLK
Version: 1998.02
Date   : Thu Apr 29 18:35:22 1999
****************************************

Library(s) Used:

    cb25os163_max (File: /home/nbray/sfwork/snowdon/kmi_pl050/synopsys_ref/cell_lib/cb25os163_max.db)

Number of ports:               21
Number of nets:                34
Number of cells:               22
Number of references:           4

Combinational area:          5.250000
Noncombinational area:     135.500000
Net Interconnect area:      28.983999  

Total cell area:           140.750000
Total area:                169.733994
    
Information: Updating design information... (UID-85)
 
****************************************
Report : area
Design : KmiSynctoPCLK
Version: 1998.02
Date   : Thu Apr 29 18:35:23 1999
****************************************

Library(s) Used:

    cb25os163_max (File: /home/nbray/sfwork/snowdon/kmi_pl050/synopsys_ref/cell_lib/cb25os163_max.db)

Number of ports:               17
Number of nets:                28
Number of cells:               18
Number of references:           3

Combinational area:          9.000000
Noncombinational area:     105.000000
Net Interconnect area:      20.938000  

Total cell area:           114.000000
Total area:                134.938004
    
Information: Updating design information... (UID-85)
 
****************************************
Report : area
Design : KmiTimer
Version: 1998.02
Date   : Thu Apr 29 18:35:24 1999
****************************************

Library(s) Used:

    cb25os163_max (File: /home/nbray/sfwork/snowdon/kmi_pl050/synopsys_ref/cell_lib/cb25os163_max.db)

Number of ports:               29
Number of nets:               205
Number of cells:              178
Number of references:          21

Combinational area:        211.000000
Noncombinational area:     150.000000
Net Interconnect area:     113.811996  

Total cell area:           361.000000
Total area:                474.812012
    
Information: Updating design information... (UID-85)
 
****************************************
Report : area
Design : KmiClkInSync
Version: 1998.02
Date   : Thu Apr 29 18:35:26 1999
****************************************

Library(s) Used:

    cb25os163_max (File: /home/nbray/sfwork/snowdon/kmi_pl050/synopsys_ref/cell_lib/cb25os163_max.db)

Number of ports:                7
Number of nets:                18
Number of cells:               13
Number of references:           7

Combinational area:         15.000000
Noncombinational area:      23.250000
Net Interconnect area:       9.044000  

Total cell area:            38.250000
Total area:                 47.293999
    
Information: Updating design information... (UID-85)
 
****************************************
Report : area
Design : KmiCntrl
Version: 1998.02
Date   : Thu Apr 29 18:35:27 1999
****************************************

Library(s) Used:

    cb25os163_max (File: /home/nbray/sfwork/snowdon/kmi_pl050/synopsys_ref/cell_lib/cb25os163_max.db)

Number of ports:               31
Number of nets:               194
Number of cells:              175
Number of references:          27

Combinational area:        178.500000
Noncombinational area:      91.000000
Net Interconnect area:     100.873001  

Total cell area:           269.500000
Total area:                370.372986
    
Information: Updating design information... (UID-85)
 
****************************************
Report : area
Design : KmiRegBlk
Version: 1998.02
Date   : Thu Apr 29 18:35:28 1999
****************************************

Library(s) Used:

    cb25os163_max (File: /home/nbray/sfwork/snowdon/kmi_pl050/synopsys_ref/cell_lib/cb25os163_max.db)

Number of ports:               42
Number of nets:                90
Number of cells:               73
Number of references:          12

Combinational area:         68.000000
Noncombinational area:     195.500000
Net Interconnect area:      75.964493  

Total cell area:           263.500000
Total area:                339.464478
    
Information: Updating design information... (UID-85)
 
****************************************
Report : area
Design : KmiApbif
Version: 1998.02
Date   : Thu Apr 29 18:35:30 1999
****************************************

Library(s) Used:

    cb25os163_max (File: /home/nbray/sfwork/snowdon/kmi_pl050/synopsys_ref/cell_lib/cb25os163_max.db)

Number of ports:              108
Number of nets:               323
Number of cells:              240
Number of references:          18

Combinational area:        222.000000
Noncombinational area:      49.500000
Net Interconnect area:     106.729500  

Total cell area:           271.500000
Total area:                378.229492
    
Information: Updating design information... (UID-85)
 
****************************************
Report : area
Design : KmiApbif_test_1
Version: 1998.02
Date   : Thu Apr 29 18:35:31 1999
****************************************

Library(s) Used:

    cb25os163_max (File: /home/nbray/sfwork/snowdon/kmi_pl050/synopsys_ref/cell_lib/cb25os163_max.db)

Number of ports:              111
Number of nets:               338
Number of cells:              253
Number of references:          19

Combinational area:        235.000000
Noncombinational area:      72.000000
Net Interconnect area:     114.863495  

Total cell area:           307.000000
Total area:                421.863495
    
Information: Updating design information... (UID-85)
 
****************************************
Report : area
Design : KmiClkInSync_test_1
Version: 1998.02
Date   : Thu Apr 29 18:35:32 1999
****************************************

Library(s) Used:

    cb25os163_max (File: /home/nbray/sfwork/snowdon/kmi_pl050/synopsys_ref/cell_lib/cb25os163_max.db)

Number of ports:               10
Number of nets:                26
Number of cells:               19
Number of references:           9

Combinational area:         20.000000
Noncombinational area:      36.000000
Net Interconnect area:      12.201000  

Total cell area:            56.000000
Total area:                 68.201004
    
Information: Updating design information... (UID-85)
 
****************************************
Report : area
Design : KmiCntrl_test_1
Version: 1998.02
Date   : Thu Apr 29 18:35:34 1999
****************************************

Library(s) Used:

    cb25os163_max (File: /home/nbray/sfwork/snowdon/kmi_pl050/synopsys_ref/cell_lib/cb25os163_max.db)

Number of ports:               33
Number of nets:               208
Number of cells:              187
Number of references:          29

Combinational area:        199.000000
Noncombinational area:     112.250000
Net Interconnect area:     115.715500  

Total cell area:           311.250000
Total area:                426.965515
    
Information: Updating design information... (UID-85)
 
****************************************
Report : area
Design : KmiREFCLKDiv_test_1
Version: 1998.02
Date   : Thu Apr 29 18:35:35 1999
****************************************

Library(s) Used:

    cb25os163_max (File: /home/nbray/sfwork/snowdon/kmi_pl050/synopsys_ref/cell_lib/cb25os163_max.db)

Number of ports:               12
Number of nets:                61
Number of cells:               51
Number of references:          13

Combinational area:         61.250000
Noncombinational area:      72.000000
Net Interconnect area:      35.666000  

Total cell area:           133.250000
Total area:                168.916000
    
Information: Updating design information... (UID-85)
 
****************************************
Report : area
Design : KmiRegBlk_test_1
Version: 1998.02
Date   : Thu Apr 29 18:35:37 1999
****************************************

Library(s) Used:

    cb25os163_max (File: /home/nbray/sfwork/snowdon/kmi_pl050/synopsys_ref/cell_lib/cb25os163_max.db)

Number of ports:               44
Number of nets:               119
Number of cells:              100
Number of references:          16

Combinational area:        119.750000
Noncombinational area:     216.000000
Net Interconnect area:     118.042984  

Total cell area:           335.750000
Total area:                453.792969
    
Information: Updating design information... (UID-85)
 
****************************************
Report : area
Design : KmiSynctoPCLK_test_1
Version: 1998.02
Date   : Thu Apr 29 18:35:38 1999
****************************************

Library(s) Used:

    cb25os163_max (File: /home/nbray/sfwork/snowdon/kmi_pl050/synopsys_ref/cell_lib/cb25os163_max.db)

Number of ports:               20
Number of nets:                61
Number of cells:               49
Number of references:           5

Combinational area:         54.000000
Noncombinational area:     112.000000
Net Interconnect area:      39.771999  

Total cell area:           166.000000
Total area:                205.772003
    
Information: Updating design information... (UID-85)
 
****************************************
Report : area
Design : KmiSynctoREFCLK_test_1
Version: 1998.02
Date   : Thu Apr 29 18:35:39 1999
****************************************

Library(s) Used:

    cb25os163_max (File: /home/nbray/sfwork/snowdon/kmi_pl050/synopsys_ref/cell_lib/cb25os163_max.db)

Number of ports:               24
Number of nets:                62
Number of cells:               48
Number of references:           7

Combinational area:         47.750000
Noncombinational area:     152.000000
Net Interconnect area:      50.251999  

Total cell area:           199.750000
Total area:                250.001999
    
Information: Updating design information... (UID-85)
 
****************************************
Report : area
Design : KmiTest_test_1
Version: 1998.02
Date   : Thu Apr 29 18:35:40 1999
****************************************

Library(s) Used:

    cb25os163_max (File: /home/nbray/sfwork/snowdon/kmi_pl050/synopsys_ref/cell_lib/cb25os163_max.db)

Number of ports:               35
Number of nets:                76
Number of cells:               57
Number of references:           8

Combinational area:         56.750000
Noncombinational area:      88.000000
Net Interconnect area:      40.846500  

Total cell area:           144.750000
Total area:                185.596497
    
Information: Updating design information... (UID-85)
 
****************************************
Report : area
Design : KmiTimer_test_1
Version: 1998.02
Date   : Thu Apr 29 18:35:42 1999
****************************************

Library(s) Used:

    cb25os163_max (File: /home/nbray/sfwork/snowdon/kmi_pl050/synopsys_ref/cell_lib/cb25os163_max.db)

Number of ports:               32
Number of nets:               231
Number of cells:              202
Number of references:          23

Combinational area:        254.750000
Noncombinational area:     160.000000
Net Interconnect area:     143.252502  

Total cell area:           414.750000
Total area:                558.002502
    
Information: Updating design information... (UID-85)
 
****************************************
Report : area
Design : KmiBitCounter_test_1
Version: 1998.02
Date   : Thu Apr 29 18:35:43 1999
****************************************

Library(s) Used:

    cb25os163_max (File: /home/nbray/sfwork/snowdon/kmi_pl050/synopsys_ref/cell_lib/cb25os163_max.db)

Number of ports:               14
Number of nets:                42
Number of cells:               30
Number of references:          12

Combinational area:         36.750000
Noncombinational area:      32.000000
Net Interconnect area:      19.855999  

Total cell area:            68.750000
Total area:                 88.606003
    
Information: Updating design information... (UID-85)
 
****************************************
Report : area
Design : KmiRx_test_1
Version: 1998.02
Date   : Thu Apr 29 18:35:45 1999
****************************************

Library(s) Used:

    cb25os163_max (File: /home/nbray/sfwork/snowdon/kmi_pl050/synopsys_ref/cell_lib/cb25os163_max.db)

Number of ports:               26
Number of nets:                95
Number of cells:               80
Number of references:          16

Combinational area:         91.500000
Noncombinational area:      88.000000
Net Interconnect area:      59.341499  

Total cell area:           179.500000
Total area:                238.841492
    
Information: Updating design information... (UID-85)
 
****************************************
Report : area
Design : KmiTx_test_1
Version: 1998.02
Date   : Thu Apr 29 18:35:46 1999
****************************************

Library(s) Used:

    cb25os163_max (File: /home/nbray/sfwork/snowdon/kmi_pl050/synopsys_ref/cell_lib/cb25os163_max.db)

Number of ports:               26
Number of nets:                65
Number of cells:               40
Number of references:          16

Combinational area:         59.750000
Noncombinational area:      12.000000
Net Interconnect area:      19.545000  

Total cell area:            71.750000
Total area:                 91.294998
    
Information: Updating design information... (UID-85)
 
****************************************
Report : area
Design : KmiTxRx_test_1
Version: 1998.02
Date   : Thu Apr 29 18:35:47 1999
****************************************

Library(s) Used:

    cb25os163_max (File: /home/nbray/sfwork/snowdon/kmi_pl050/synopsys_ref/cell_lib/cb25os163_max.db)

Number of ports:               43
Number of nets:                43
Number of cells:                3
Number of references:           3

Combinational area:        188.000000
Noncombinational area:     132.000000
Net Interconnect area:     107.049995  

Total cell area:           320.000000
Total area:                427.049988
