 AREA REPORT FOR DESIGN : /home/nbray/sfwork/snowdon/kmi_pl050/synopsys_ref/db/Kmi_verilog.db:Kmi
    
Information: Updating design information... (UID-85)
 
****************************************
Report : area
Design : Kmi
Version: 1998.02
Date   : Thu Apr 29 18:41:15 1999
****************************************

Library(s) Used:

    cb25os163_max (File: /home/nbray/sfwork/snowdon/kmi_pl050/synopsys_ref/cell_lib/cb25os163_max.db)

Number of ports:               41
Number of nets:               169
Number of cells:               14
Number of references:          13

Combinational area:       1266.750000
Noncombinational area:    1152.000000
Net Interconnect area:     876.730835  

Total cell area:          2418.750000
Total area:               3295.480957
    
Information: Updating design information... (UID-85)
 
****************************************
Report : area
Design : KmiREFCLKDiv
Version: 1998.02
Date   : Thu Apr 29 18:41:16 1999
****************************************

Library(s) Used:

    cb25os163_max (File: /home/nbray/sfwork/snowdon/kmi_pl050/synopsys_ref/cell_lib/cb25os163_max.db)

Number of ports:                9
Number of nets:                40
Number of cells:               32
Number of references:          10

Combinational area:         34.500000
Noncombinational area:      67.500000
Net Interconnect area:      22.199999  

Total cell area:           102.000000
Total area:                124.199997
    
Information: Updating design information... (UID-85)
 
****************************************
Report : area
Design : KmiTest
Version: 1998.02
Date   : Thu Apr 29 18:41:16 1999
****************************************

Library(s) Used:

    cb25os163_max (File: /home/nbray/sfwork/snowdon/kmi_pl050/synopsys_ref/cell_lib/cb25os163_max.db)

Number of ports:               33
Number of nets:                62
Number of cells:               45
Number of references:           7

Combinational area:         44.750000
Noncombinational area:      57.750000
Net Interconnect area:      31.018499  

Total cell area:           102.500000
Total area:                133.518494
    
Information: Updating design information... (UID-85)
 
****************************************
Report : area
Design : KmiTxRx
Version: 1998.02
Date   : Thu Apr 29 18:41:17 1999
****************************************

Library(s) Used:

    cb25os163_max (File: /home/nbray/sfwork/snowdon/kmi_pl050/synopsys_ref/cell_lib/cb25os163_max.db)

Number of ports:               41
Number of nets:                41
Number of cells:                3
Number of references:           3

Combinational area:        152.750000
Noncombinational area:     120.250000
Net Interconnect area:      88.588997  

Total cell area:           273.000000
Total area:                361.588989
    
Information: Updating design information... (UID-85)
 
****************************************
Report : area
Design : KmiRx
Version: 1998.02
Date   : Thu Apr 29 18:41:18 1999
****************************************

Library(s) Used:

    cb25os163_max (File: /home/nbray/sfwork/snowdon/kmi_pl050/synopsys_ref/cell_lib/cb25os163_max.db)

Number of ports:               24
Number of nets:                88
Number of cells:               75
Number of references:          17

Combinational area:         72.500000
Noncombinational area:      82.500000
Net Interconnect area:      47.813999  

Total cell area:           155.000000
Total area:                202.813995
    
Information: Updating design information... (UID-85)
 
****************************************
Report : area
Design : KmiTx
Version: 1998.02
Date   : Thu Apr 29 18:41:19 1999
****************************************

Library(s) Used:

    cb25os163_max (File: /home/nbray/sfwork/snowdon/kmi_pl050/synopsys_ref/cell_lib/cb25os163_max.db)

Number of ports:               24
Number of nets:                58
Number of cells:               35
Number of references:          15

Combinational area:         54.750000
Noncombinational area:       7.750000
Net Interconnect area:      18.103001  

Total cell area:            62.500000
Total area:                 80.602997
    
Information: Updating design information... (UID-85)
 
****************************************
Report : area
Design : KmiBitCounter
Version: 1998.02
Date   : Thu Apr 29 18:41:20 1999
****************************************

Library(s) Used:

    cb25os163_max (File: /home/nbray/sfwork/snowdon/kmi_pl050/synopsys_ref/cell_lib/cb25os163_max.db)

Number of ports:               12
Number of nets:                34
Number of cells:               24
Number of references:          10

Combinational area:         25.500000
Noncombinational area:      30.000000
Net Interconnect area:      14.540000  

Total cell area:            55.500000
Total area:                 70.040001
    
Information: Updating design information... (UID-85)
 
****************************************
Report : area
Design : KmiSynctoREFCLK
Version: 1998.02
Date   : Thu Apr 29 18:41:20 1999
****************************************

Library(s) Used:

    cb25os163_max (File: /home/nbray/sfwork/snowdon/kmi_pl050/synopsys_ref/cell_lib/cb25os163_max.db)

Number of ports:               21
Number of nets:                34
Number of cells:               22
Number of references:           4

Combinational area:          5.250000
Noncombinational area:     135.500000
Net Interconnect area:      28.983999  

Total cell area:           140.750000
Total area:                169.733994
    
Information: Updating design information... (UID-85)
 
****************************************
Report : area
Design : KmiSynctoPCLK
Version: 1998.02
Date   : Thu Apr 29 18:41:21 1999
****************************************

Library(s) Used:

    cb25os163_max (File: /home/nbray/sfwork/snowdon/kmi_pl050/synopsys_ref/cell_lib/cb25os163_max.db)

Number of ports:               17
Number of nets:                28
Number of cells:               18
Number of references:           3

Combinational area:          9.000000
Noncombinational area:     105.000000
Net Interconnect area:      20.938000  

Total cell area:           114.000000
Total area:                134.938004
    
Information: Updating design information... (UID-85)
 
****************************************
Report : area
Design : KmiTimer
Version: 1998.02
Date   : Thu Apr 29 18:41:22 1999
****************************************

Library(s) Used:

    cb25os163_max (File: /home/nbray/sfwork/snowdon/kmi_pl050/synopsys_ref/cell_lib/cb25os163_max.db)

Number of ports:               29
Number of nets:               208
Number of cells:              181
Number of references:          23

Combinational area:        220.250000
Noncombinational area:     150.000000
Net Interconnect area:     112.158997  

Total cell area:           370.250000
Total area:                482.408997
    
Information: Updating design information... (UID-85)
 
****************************************
Report : area
Design : KmiClkInSync
Version: 1998.02
Date   : Thu Apr 29 18:41:23 1999
****************************************

Library(s) Used:

    cb25os163_max (File: /home/nbray/sfwork/snowdon/kmi_pl050/synopsys_ref/cell_lib/cb25os163_max.db)

Number of ports:                7
Number of nets:                19
Number of cells:               14
Number of references:           7

Combinational area:         15.000000
Noncombinational area:      23.250000
Net Interconnect area:       9.250000  

Total cell area:            38.250000
Total area:                 47.500000
    
Information: Updating design information... (UID-85)
 
****************************************
Report : area
Design : KmiCntrl
Version: 1998.02
Date   : Thu Apr 29 18:41:24 1999
****************************************

Library(s) Used:

    cb25os163_max (File: /home/nbray/sfwork/snowdon/kmi_pl050/synopsys_ref/cell_lib/cb25os163_max.db)

Number of ports:               31
Number of nets:               201
Number of cells:              182
Number of references:          29

Combinational area:        186.750000
Noncombinational area:      91.000000
Net Interconnect area:     106.826996  

Total cell area:           277.750000
Total area:                384.576996
    
Information: Updating design information... (UID-85)
 
****************************************
Report : area
Design : KmiRegBlk
Version: 1998.02
Date   : Thu Apr 29 18:41:25 1999
****************************************

Library(s) Used:

    cb25os163_max (File: /home/nbray/sfwork/snowdon/kmi_pl050/synopsys_ref/cell_lib/cb25os163_max.db)

Number of ports:               42
Number of nets:                90
Number of cells:               73
Number of references:          12

Combinational area:         68.000000
Noncombinational area:     195.500000
Net Interconnect area:      75.964493  

Total cell area:           263.500000
Total area:                339.464478
    
Information: Updating design information... (UID-85)
 
****************************************
Report : area
Design : KmiApbif
Version: 1998.02
Date   : Thu Apr 29 18:41:26 1999
****************************************

Library(s) Used:

    cb25os163_max (File: /home/nbray/sfwork/snowdon/kmi_pl050/synopsys_ref/cell_lib/cb25os163_max.db)

Number of ports:              108
Number of nets:               324
Number of cells:              241
Number of references:          18

Combinational area:        222.000000
Noncombinational area:      49.500000
Net Interconnect area:     106.595001  

Total cell area:           271.500000
Total area:                378.095001
    
Information: Updating design information... (UID-85)
 
****************************************
Report : area
Design : KmiApbif_test_1
Version: 1998.02
Date   : Thu Apr 29 18:41:27 1999
****************************************

Library(s) Used:

    cb25os163_max (File: /home/nbray/sfwork/snowdon/kmi_pl050/synopsys_ref/cell_lib/cb25os163_max.db)

Number of ports:              111
Number of nets:               339
Number of cells:              254
Number of references:          19

Combinational area:        235.000000
Noncombinational area:      72.000000
Net Interconnect area:     114.728996  

Total cell area:           307.000000
Total area:                421.729004
    
Information: Updating design information... (UID-85)
 
****************************************
Report : area
Design : KmiClkInSync_test_1
Version: 1998.02
Date   : Thu Apr 29 18:41:28 1999
****************************************

Library(s) Used:

    cb25os163_max (File: /home/nbray/sfwork/snowdon/kmi_pl050/synopsys_ref/cell_lib/cb25os163_max.db)

Number of ports:               10
Number of nets:                27
Number of cells:               20
Number of references:           9

Combinational area:         20.000000
Noncombinational area:      36.000000
Net Interconnect area:      12.407000  

Total cell area:            56.000000
Total area:                 68.406998
    
Information: Updating design information... (UID-85)
 
****************************************
Report : area
Design : KmiCntrl_test_1
Version: 1998.02
Date   : Thu Apr 29 18:41:29 1999
****************************************

Library(s) Used:

    cb25os163_max (File: /home/nbray/sfwork/snowdon/kmi_pl050/synopsys_ref/cell_lib/cb25os163_max.db)

Number of ports:               33
Number of nets:               216
Number of cells:              195
Number of references:          31

Combinational area:        207.750000
Noncombinational area:     112.000000
Net Interconnect area:     122.042999  

Total cell area:           319.750000
Total area:                441.792999
    
Information: Updating design information... (UID-85)
 
****************************************
Report : area
Design : KmiREFCLKDiv_test_1
Version: 1998.02
Date   : Thu Apr 29 18:41:29 1999
****************************************

Library(s) Used:

    cb25os163_max (File: /home/nbray/sfwork/snowdon/kmi_pl050/synopsys_ref/cell_lib/cb25os163_max.db)

Number of ports:               12
Number of nets:                60
Number of cells:               50
Number of references:          13

Combinational area:         60.500000
Noncombinational area:      72.000000
Net Interconnect area:      35.771999  

Total cell area:           132.500000
Total area:                168.272003
    
Information: Updating design information... (UID-85)
 
****************************************
Report : area
Design : KmiRegBlk_test_1
Version: 1998.02
Date   : Thu Apr 29 18:41:30 1999
****************************************

Library(s) Used:

    cb25os163_max (File: /home/nbray/sfwork/snowdon/kmi_pl050/synopsys_ref/cell_lib/cb25os163_max.db)

Number of ports:               44
Number of nets:               119
Number of cells:              100
Number of references:          16

Combinational area:        119.750000
Noncombinational area:     216.000000
Net Interconnect area:     118.042984  

Total cell area:           335.750000
Total area:                453.792969
    
Information: Updating design information... (UID-85)
 
****************************************
Report : area
Design : KmiSynctoPCLK_test_1
Version: 1998.02
Date   : Thu Apr 29 18:41:31 1999
****************************************

Library(s) Used:

    cb25os163_max (File: /home/nbray/sfwork/snowdon/kmi_pl050/synopsys_ref/cell_lib/cb25os163_max.db)

Number of ports:               20
Number of nets:                61
Number of cells:               49
Number of references:           5

Combinational area:         54.000000
Noncombinational area:     112.000000
Net Interconnect area:      39.771999  

Total cell area:           166.000000
Total area:                205.772003
    
Information: Updating design information... (UID-85)
 
****************************************
Report : area
Design : KmiSynctoREFCLK_test_1
Version: 1998.02
Date   : Thu Apr 29 18:41:32 1999
****************************************

Library(s) Used:

    cb25os163_max (File: /home/nbray/sfwork/snowdon/kmi_pl050/synopsys_ref/cell_lib/cb25os163_max.db)

Number of ports:               24
Number of nets:                62
Number of cells:               48
Number of references:           7

Combinational area:         47.750000
Noncombinational area:     152.000000
Net Interconnect area:      50.251999  

Total cell area:           199.750000
Total area:                250.001999
    
Information: Updating design information... (UID-85)
 
****************************************
Report : area
Design : KmiTest_test_1
Version: 1998.02
Date   : Thu Apr 29 18:41:33 1999
****************************************

Library(s) Used:

    cb25os163_max (File: /home/nbray/sfwork/snowdon/kmi_pl050/synopsys_ref/cell_lib/cb25os163_max.db)

Number of ports:               35
Number of nets:                76
Number of cells:               57
Number of references:           8

Combinational area:         56.750000
Noncombinational area:      88.000000
Net Interconnect area:      40.846500  

Total cell area:           144.750000
Total area:                185.596497
    
Information: Updating design information... (UID-85)
 
****************************************
Report : area
Design : KmiTimer_test_1
Version: 1998.02
Date   : Thu Apr 29 18:41:34 1999
****************************************

Library(s) Used:

    cb25os163_max (File: /home/nbray/sfwork/snowdon/kmi_pl050/synopsys_ref/cell_lib/cb25os163_max.db)

Number of ports:               32
Number of nets:               234
Number of cells:              205
Number of references:          25

Combinational area:        264.000000
Noncombinational area:     160.000000
Net Interconnect area:     141.599503  

Total cell area:           424.000000
Total area:                565.599487
    
Information: Updating design information... (UID-85)
 
****************************************
Report : area
Design : KmiBitCounter_test_1
Version: 1998.02
Date   : Thu Apr 29 18:41:35 1999
****************************************

Library(s) Used:

    cb25os163_max (File: /home/nbray/sfwork/snowdon/kmi_pl050/synopsys_ref/cell_lib/cb25os163_max.db)

Number of ports:               14
Number of nets:                42
Number of cells:               30
Number of references:          13

Combinational area:         36.750000
Noncombinational area:      32.000000
Net Interconnect area:      19.855999  

Total cell area:            68.750000
Total area:                 88.606003
    
Information: Updating design information... (UID-85)
 
****************************************
Report : area
Design : KmiRx_test_1
Version: 1998.02
Date   : Thu Apr 29 18:41:35 1999
****************************************

Library(s) Used:

    cb25os163_max (File: /home/nbray/sfwork/snowdon/kmi_pl050/synopsys_ref/cell_lib/cb25os163_max.db)

Number of ports:               26
Number of nets:               104
Number of cells:               89
Number of references:          19

Combinational area:         97.750000
Noncombinational area:      88.000000
Net Interconnect area:      63.466000  

Total cell area:           185.750000
Total area:                249.216003
    
Information: Updating design information... (UID-85)
 
****************************************
Report : area
Design : KmiTx_test_1
Version: 1998.02
Date   : Thu Apr 29 18:41:36 1999
****************************************

Library(s) Used:

    cb25os163_max (File: /home/nbray/sfwork/snowdon/kmi_pl050/synopsys_ref/cell_lib/cb25os163_max.db)

Number of ports:               26
Number of nets:                64
Number of cells:               39
Number of references:          16

Combinational area:         58.750000
Noncombinational area:      12.000000
Net Interconnect area:      19.339001  

Total cell area:            70.750000
Total area:                 90.089005
    
Information: Updating design information... (UID-85)
 
****************************************
Report : area
Design : KmiTxRx_test_1
Version: 1998.02
Date   : Thu Apr 29 18:41:37 1999
****************************************

Library(s) Used:

    cb25os163_max (File: /home/nbray/sfwork/snowdon/kmi_pl050/synopsys_ref/cell_lib/cb25os163_max.db)

Number of ports:               43
Number of nets:                43
Number of cells:                3
Number of references:           3

Combinational area:        193.250000
Noncombinational area:     132.000000
Net Interconnect area:     112.432999  

Total cell area:           325.250000
Total area:                437.682983
