Information: Using TC-DFT license only. Generated vectors will not be saved. (UIT-190)
  Loading design 'Kmi'
  Using test design rule information from previous check_test run
  Building test generation network

  Combinational Test Pattern Generation starts:

    Start random pattern generation...

       49.36% faults processed ; cumulative fault coverage =  49.36%
       57.91% faults processed ; cumulative fault coverage =  57.91%
       62.12% faults processed ; cumulative fault coverage =  62.12%
       62.24% faults processed ; cumulative fault coverage =  62.24%
       62.63% faults processed ; cumulative fault coverage =  62.63%
       63.90% faults processed ; cumulative fault coverage =  63.90%
       64.41% faults processed ; cumulative fault coverage =  64.41%
       66.33% faults processed ; cumulative fault coverage =  66.33%
       67.47% faults processed ; cumulative fault coverage =  67.47%
       69.13% faults processed ; cumulative fault coverage =  69.13%
       69.90% faults processed ; cumulative fault coverage =  69.90%
       71.17% faults processed ; cumulative fault coverage =  71.17%

    ...End random pattern generation

    Start deterministic pattern generation...

       72.19% faults processed ; cumulative fault coverage =  72.19%
       86.99% faults processed ; cumulative fault coverage =  86.86%
       94.26% faults processed ; cumulative fault coverage =  94.13%
       98.72% faults processed ; cumulative fault coverage =  98.60%
      100.00% faults processed ; cumulative fault coverage =  99.87%

    ...End deterministic pattern generation


                                Non-collapsed     Collapsed
    No. of detected faults      840               783
    No. of abandoned faults     0                 0
    No. of tied faults          0                 0
    No. of redundant faults     0                 0
    No. of untested faults      1                 1
    Total no. of faults         841               784
    Fault coverage              99.88             99.87

    No. of test patterns         152

    Test Generation Time (CPU)  2.00 sec
...Writing test program /home/nbray/sfwork/snowdon/kmi_pl050/synopsys_ref/report/Kmi_scan_vhdl_patterns (without vectors) to file /home/nbray/sfwork/snowdon/kmi_pl050/synopsys_ref/report/Kmi_scan_vhdl_patterns.vdb
