BREAKDOWN OF BUNDLE AT010-BU-70303-r3p0-00rel0

This directory contains bundled deliverables from ARM. Bundled deliverables
are a way of grouping deliverables together for ease of use but which also
need to be identified separately for contractual reasons. This file shows
the breakdown of the bundled data into its constituent deliverables and
files.  It is provided mainly for information for delivery tracking, but
may be useful in the event of problems being found with particular files
and tracing the origin of the files for communication with ARM's support
group.

AT010-DA-03001-3A.00:

  ARM7TDMI/
  ARM7TDMI/doc/
  ARM7TDMI/doc/trm/
  ARM7TDMI/doc/trm/DDI0029F_ARM7TDMI_R3_trm.pdf

AT010-DC-06041-3A.00:

  ARM7TDMI/
  ARM7TDMI/doc/
  ARM7TDMI/doc/ahb_wrapper_trm/
  ARM7TDMI/doc/ahb_wrapper_trm/DDI0169D_ahb_cpu_wrappers_trm.pdf
  ARM7TDMI/doc/environment_user_guide/
  ARM7TDMI/doc/environment_user_guide/PR224-PRDC-006299-8-0.pdf

AT010-DC-11001-3A.02:

  ARM7TDMI/
  ARM7TDMI/doc/
  ARM7TDMI/doc/errata/
  ARM7TDMI/doc/errata/ARM7TDMI_Rev3a_Errata.pdf

AT010-DC-13001-3A.01.1:

  ARM7TDMI/
  ARM7TDMI/doc/
  ARM7TDMI/doc/mim/
  ARM7TDMI/doc/mim/DII0101A_arm7tdmi_r3p0_im.pdf

AT010-DC-70318-r3p0-00rel0:

  AT010_DS_RELEASE_NOTE.txt

AT010-MN-01001-3A.00:

  ARM7TDMI/
  ARM7TDMI/amba_environment/
  ARM7TDMI/amba_environment/synthesis/
  ARM7TDMI/amba_environment/synthesis/scripts/
  ARM7TDMI/amba_environment/synthesis/scripts/A7TWrap_ahb_constraints.tcl
  ARM7TDMI/amba_environment/synthesis/scripts/A7TWrap_compile.tcl
  ARM7TDMI/amba_environment/synthesis/scripts/A7TWrap_exceptions.tcl
  ARM7TDMI/amba_environment/synthesis/scripts/A7TWrap_external_IO_constraints.tcl
  ARM7TDMI/amba_environment/synthesis/scripts/A7TWrap_import.tcl
  ARM7TDMI/amba_environment/synthesis/scripts/A7TWrap_internal_IO_constraints.tcl
  ARM7TDMI/amba_environment/synthesis/scripts/A7TWrap_scan.tcl
  ARM7TDMI/amba_environment/synthesis/scripts/A7TWrap_scan_IO_constraints.tcl
  ARM7TDMI/amba_environment/synthesis/scripts/amba_parameters.tcl
  ARM7TDMI/amba_environment/synthesis/scripts/design_rules.tcl
  ARM7TDMI/amba_environment/synthesis/scripts/functions.tcl
  ARM7TDMI/amba_environment/synthesis/scripts/process.tcl
  ARM7TDMI/amba_environment/synthesis/scripts/setup.tcl
  ARM7TDMI/amba_environment/synthesis/makefile
  ARM7TDMI/amba_environment/synthesis/ref_logs/
  ARM7TDMI/amba_environment/synthesis/ref_logs/A7TWrap_noscan_run.log
  ARM7TDMI/amba_environment/synthesis/ref_logs/A7TWrap_noscan_synth.log
  ARM7TDMI/amba_environment/synthesis/ref_logs/A7TWrap_scaninsert_run.log
  ARM7TDMI/amba_environment/synthesis/ref_logs/A7TWrap_scaninsert_synth.log
  ARM7TDMI/amba_environment/synthesis/ref_reports/
  ARM7TDMI/amba_environment/synthesis/ref_reports/A7TWrap_noscan.area
  ARM7TDMI/amba_environment/synthesis/ref_reports/A7TWrap_noscan.cell
  ARM7TDMI/amba_environment/synthesis/ref_reports/A7TWrap_noscan.constr
  ARM7TDMI/amba_environment/synthesis/ref_reports/A7TWrap_noscan.hier
  ARM7TDMI/amba_environment/synthesis/ref_reports/A7TWrap_noscan.latch
  ARM7TDMI/amba_environment/synthesis/ref_reports/A7TWrap_noscan.max
  ARM7TDMI/amba_environment/synthesis/ref_reports/A7TWrap_noscan.min
  ARM7TDMI/amba_environment/synthesis/ref_reports/A7TWrap_noscan.ports
  ARM7TDMI/amba_environment/synthesis/ref_reports/A7TWrap_noscan.ref
  ARM7TDMI/amba_environment/synthesis/ref_reports/A7TWrap_noscan.transitive_fanout
  ARM7TDMI/amba_environment/synthesis/ref_reports/A7TWrap_noscan.vio
  ARM7TDMI/amba_environment/synthesis/ref_reports/A7TWrap_scaninsert.PreviewAll
  ARM7TDMI/amba_environment/synthesis/ref_reports/A7TWrap_scaninsert.PreviewScript
  ARM7TDMI/amba_environment/synthesis/ref_reports/A7TWrap_scaninsert.area
  ARM7TDMI/amba_environment/synthesis/ref_reports/A7TWrap_scaninsert.cell
  ARM7TDMI/amba_environment/synthesis/ref_reports/A7TWrap_scaninsert.constr
  ARM7TDMI/amba_environment/synthesis/ref_reports/A7TWrap_scaninsert.hier
  ARM7TDMI/amba_environment/synthesis/ref_reports/A7TWrap_scaninsert.latch
  ARM7TDMI/amba_environment/synthesis/ref_reports/A7TWrap_scaninsert.max
  ARM7TDMI/amba_environment/synthesis/ref_reports/A7TWrap_scaninsert.min
  ARM7TDMI/amba_environment/synthesis/ref_reports/A7TWrap_scaninsert.ports
  ARM7TDMI/amba_environment/synthesis/ref_reports/A7TWrap_scaninsert.ref
  ARM7TDMI/amba_environment/synthesis/ref_reports/A7TWrap_scaninsert.scan
  ARM7TDMI/amba_environment/synthesis/ref_reports/A7TWrap_scaninsert.stil
  ARM7TDMI/amba_environment/synthesis/ref_reports/A7TWrap_scaninsert.transitive_fanout
  ARM7TDMI/amba_environment/synthesis/ref_reports/A7TWrap_scaninsert.vio

AT010-MN-22001-3A.00:

  ARM7TDMI/
  ARM7TDMI/amba_environment/
  ARM7TDMI/amba_environment/verilog/
  ARM7TDMI/amba_environment/verilog/ahb_wrapper/
  ARM7TDMI/amba_environment/verilog/ahb_wrapper/A7TDMI.v
  ARM7TDMI/amba_environment/verilog/ahb_wrapper/A7TWrap.v
  ARM7TDMI/amba_environment/verilog/ahb_wrapper/A7TWrapCtrl.v
  ARM7TDMI/amba_environment/verilog/ahb_wrapper/A7TWrapTest.v
  ARM7TDMI/amba_environment/verilog/ahb_wrapper/A7WrapMaster.v
  ARM7TDMI/amba_environment/verilog/ahb_wrapper/A7WrapSM.v
  ARM7TDMI/amba_environment/verilog/ahb_wrapper/ClockInv.v
  ARM7TDMI/amba_environment/verilog/ahb_wrapper/ClockNand.v
  ARM7TDMI/amba_environment/verilog/ahb_wrapper/LATS.v

AT010-MN-22003-3A.00:

  ARM7TDMI/
  ARM7TDMI/amba_environment/
  ARM7TDMI/amba_environment/verilog/
  ARM7TDMI/amba_environment/verilog/ARM7TDMI_SOC/
  ARM7TDMI/amba_environment/verilog/ARM7TDMI_SOC/ARM7TDMI_SOC_ahb.v
  ARM7TDMI/amba_environment/verilog/tbench/
  ARM7TDMI/amba_environment/verilog/tbench/TIC.v
  ARM7TDMI/amba_environment/verilog/tbench/Ticbox.v
  ARM7TDMI/amba_environment/verilog/tbench/tbench.v
  ARM7TDMI/amba_environment/simulation/
  ARM7TDMI/amba_environment/simulation/README
  ARM7TDMI/amba_environment/simulation/files_ahb.vc
  ARM7TDMI/amba_environment/simulation/modelsim.ini
  ARM7TDMI/amba_environment/simulation/pli.tab
  ARM7TDMI/amba_environment/simulation/ref_logs_vcs/
  ARM7TDMI/amba_environment/simulation/ref_logs_vcs/arm7tdmi_aler3_p1.log
  ARM7TDMI/amba_environment/simulation/ref_logs_vcs/arm7tdmi_icer3_p0.log
  ARM7TDMI/amba_environment/simulation/run_amba_tests_modelsim.tcsh
  ARM7TDMI/amba_environment/simulation/ref_logs_ncvlog/
  ARM7TDMI/amba_environment/simulation/ref_logs_ncvlog/arm7tdmi_aler3_p1.log
  ARM7TDMI/amba_environment/simulation/ref_logs_ncvlog/arm7tdmi_icer3_p0.log
  ARM7TDMI/amba_environment/simulation/run_amba_tests_ncvlog.tcsh
  ARM7TDMI/amba_environment/simulation/run_amba_tests_vcs.tcsh
  ARM7TDMI/amba_environment/simulation/ref_logs_modelsim/
  ARM7TDMI/amba_environment/simulation/ref_logs_modelsim/arm7tdmi_aler3_p1.log
  ARM7TDMI/amba_environment/simulation/ref_logs_modelsim/arm7tdmi_icer3_p0.log
  ARM7TDMI/jtag_environment/
  ARM7TDMI/jtag_environment/simulation/
  ARM7TDMI/jtag_environment/simulation/README
  ARM7TDMI/jtag_environment/simulation/files_jtag.vc
  ARM7TDMI/jtag_environment/simulation/modelsim.ini
  ARM7TDMI/jtag_environment/simulation/run_jtag_tests_modelsim.tcsh
  ARM7TDMI/jtag_environment/simulation/pli.tab
  ARM7TDMI/jtag_environment/simulation/run_jtag_tests_ncvlog.tcsh
  ARM7TDMI/jtag_environment/simulation/run_jtag_tests_vcs.tcsh
  ARM7TDMI/jtag_environment/simulation/ref_logs_ncvlog/
  ARM7TDMI/jtag_environment/simulation/ref_logs_ncvlog/arm7tdmi_ale_serr3_p1.log
  ARM7TDMI/jtag_environment/simulation/ref_logs_ncvlog/arm7tdmi_ice_serr3_p1.log
  ARM7TDMI/jtag_environment/simulation/ref_logs_modelsim/
  ARM7TDMI/jtag_environment/simulation/ref_logs_modelsim/arm7tdmi_ale_serr3_p1.log
  ARM7TDMI/jtag_environment/simulation/ref_logs_modelsim/arm7tdmi_ice_serr3_p1.log
  ARM7TDMI/jtag_environment/simulation/ref_logs_vcs/
  ARM7TDMI/jtag_environment/simulation/ref_logs_vcs/arm7tdmi_ale_serr3_p1.log
  ARM7TDMI/jtag_environment/simulation/ref_logs_vcs/arm7tdmi_ice_serr3_p1.log
  ARM7TDMI/jtag_environment/verilog/
  ARM7TDMI/jtag_environment/verilog/ARM7TDMI_SOC/
  ARM7TDMI/jtag_environment/verilog/ARM7TDMI_SOC/ARM7TDMI_SOC_jtag.v

AT010-VE-01303-3A.00:

  ARM7TDMI/
  ARM7TDMI/vectors/
  ARM7TDMI/vectors/amba/
  ARM7TDMI/vectors/amba/sim/
  ARM7TDMI/vectors/amba/sim/arm7tdmi_aler3_p1.sim
  ARM7TDMI/vectors/amba/sim/arm7tdmi_icer3_p0.sim

AT010-VE-01309-3A.00:

  ARM7TDMI/
  ARM7TDMI/vectors/
  ARM7TDMI/vectors/jtag/
  ARM7TDMI/vectors/jtag/verilog/
  ARM7TDMI/vectors/jtag/verilog/arm7tdmi_ale_serr3_p1.vec
  ARM7TDMI/vectors/jtag/verilog/arm7tdmi_ice_serr3_p1.vec

