a global/ 0K
a global/tictalk_ahb/ 0K
a global/tictalk_ahb/verilog/ 0K
a global/tictalk_ahb/verilog/sys/ 0K
a global/tictalk_ahb/verilog/sys/MuxP2B.v 4K
a global/tictalk_ahb/verilog/sys/APBif.v 17K
a global/tictalk_ahb/verilog/sys/Arbiter.v 23K
a global/tictalk_ahb/verilog/sys/TIC.v 25K
a global/tictalk_ahb/verilog/sys/SMI.v 13K
a global/tictalk_ahb/verilog/sys/MuxS2M.v 6K
a global/tictalk_ahb/verilog/sys/DefaultSlave.v 5K
a global/tictalk_ahb/verilog/sys/MuxM2S.v 7K
a global/tictalk_ahb/verilog/sys/ResCntl.v 5K
a global/tictalk_ahb/verilog/sys/RemPause.v 8K
a global/tictalk_ahb/verilog/sys/Decoder.v 4K
a global/tictalk_ahb/verilog/ticbox/ 0K
a global/tictalk_asb/ 0K
a global/tictalk_asb/verilog/ 0K
a global/tictalk_asb/verilog/common/ 0K
a global/tictalk_asb/verilog/common/Defs.v 2K
a global/tictalk_asb/verilog/sys/ 0K
a global/tictalk_asb/verilog/sys/apbif.v 17K
a global/tictalk_asb/verilog/sys/tic.v 30K
a global/tictalk_asb/verilog/sys/buswatch.v 21K
a global/tictalk_asb/verilog/sys/res_cntl.v 5K
a global/tictalk_asb/verilog/sys/decoder.v 15K
a global/tictalk_asb/verilog/sys/rem_pause.v 8K
a global/tictalk_asb/verilog/sys/arbiter.v 9K
a global/LDV/ 0K
a global/LDV/SimMakefile.mk 3K
a global/LDV/vxl_tictalk_ahb.files 2K
a global/LDV/DirMakefile.mk 2K
a global/LDV/vxl_tictalk_asb.files 2K
a global/LDV/RtlMakefile.mk 1K
a global/LDV/vxl_bustalk_apb.files 2K
a global/LDV/DirSimMakefile.mk 3K
a global/LDV/vxl_bustalk_ahb.files 2K
a global/modelsim/ 0K
a global/modelsim/init.do 1K
a global/modelsim/libmap 2K
a global/modelsim/modelsim.ini 3K
a global/modelsim/SimMakefile.mk 6K
a global/modelsim/DirMakefile.mk 2K
a global/modelsim/modelsim_bustalk.ini 3K
a global/modelsim/modelsim_tictalk.ini 3K
a global/modelsim/DirSimMakefile.mk 3K
a global/modelsim/RtlMakefile.mk 3K
a uart_pl011/ 0K
a uart_pl011/integration/ 0K
a uart_pl011/integration/makefile 2K
a uart_pl011/integration/verilog/ 0K
a uart_pl011/integration/verilog/chip/ 0K
a uart_pl011/integration/verilog/chip/makefile 2K
a uart_pl011/integration/verilog/chip/RPS.v 9K
a uart_pl011/integration/verilog/chip/EASY.v 20K
a uart_pl011/integration/verilog/common/ 0K
a uart_pl011/integration/verilog/sys/ 0K
a uart_pl011/integration/verilog/sys/makefile 1K
a uart_pl011/integration/verilog/tbench/ 0K
a uart_pl011/integration/verilog/tbench/tbench.v 7K
a uart_pl011/integration/verilog/tbench/makefile 1K
a uart_pl011/integration/verilog/tbench/Ticbox.v 14K
a uart_pl011/integration/verilog/tbench/README 4K
a uart_pl011/integration/verilog/trickbox/ 0K
a uart_pl011/integration/verilog/trickbox/makefile 2K
a uart_pl011/integration/verilog/trickbox/UartTrIntLB.v 5K
a uart_pl011/integration/verilog/trickbox/UartTrickInteg.v 4K
a uart_pl011/integration/verilog/trickbox/UartTrClk.v 8K
a uart_pl011/integration/verilog/Uart_rtl/ 0K
a uart_pl011/integration/verilog/Uart_rtl/Uart_rtl_LDV.log 3K
a uart_pl011/integration/verilog/Uart_rtl/Uart_rtl_modelsim.log 2K
a uart_pl011/integration/verilog/Uart_noscan_verilog_net_max/ 0K
a uart_pl011/integration/verilog/Uart_noscan_verilog_net_min/ 0K
a uart_pl011/integration/verilog/Uart_noscan_verilog_net_typ/ 0K
a uart_pl011/integration/verilog/Uart_noscan_vhdl_net_min/ 0K
a uart_pl011/integration/verilog/Uart_noscan_vhdl_net_min/Uart_noscan_vhdl_net_min_modelsim.log 12K
a uart_pl011/integration/verilog/Uart_scaninsert_verilog_net_max/ 0K
a uart_pl011/integration/verilog/Uart_scaninsert_verilog_net_min/ 0K
a uart_pl011/integration/verilog/Uart_scaninsert_verilog_net_typ/ 0K
a uart_pl011/integration/verilog/Uart_scanready_verilog_net_max/ 0K
a uart_pl011/integration/verilog/Uart_scanready_verilog_net_min/ 0K
a uart_pl011/integration/verilog/Uart_scanready_verilog_net_typ/ 0K
a uart_pl011/integration/verilog/Uart_scanready_verilog_net_typ/Uart_scanready_verilog_net_typ_LDV.log 5K
a uart_pl011/integration/verilog/makefile 2K
