Assembler report for ifmc_top
Fri Mar 31 09:44:31 2006
Version 4.2 Build 157 12/07/2004 SJ Full Version


---------------------
; Table of Contents ;
---------------------
  1. Legal Notice
  2. Assembler Summary
  3. Assembler Settings
  4. Assembler Generated Files
  5. Assembler Device Options: D:/Project/SDI v5/ifmc_amba/FPGA/Altera/ifmc_top.psof
  6. Assembler Device Options: D:/Project/SDI v5/ifmc_amba/FPGA/Altera/ifmc_top.sof
  7. Assembler Device Options: D:/Project/SDI v5/ifmc_amba/FPGA/Altera/ifmc_top.pof
  8. Assembler Device Options: D:/Project/SDI v5/ifmc_amba/FPGA/Altera/ifmc_top_1.pof
  9. Assembler Device Options: D:/Project/SDI v5/ifmc_amba/FPGA/Altera/ifmc_top_2.pof
 10. Assembler Device Options: D:/Project/SDI v5/ifmc_amba/FPGA/Altera/ifmc_top_3.pof
 11. Assembler Device Options: D:/Project/SDI v5/ifmc_amba/FPGA/Altera/ifmc_top_4.pof
 12. Assembler Device Options: D:/Project/SDI v5/ifmc_amba/FPGA/Altera/ifmc_top_5.pof
 13. Assembler Messages



----------------
; Legal Notice ;
----------------
Copyright (C) 1991-2004 Altera Corporation
Any  megafunction  design,  and related netlist (encrypted  or  decrypted),
support information,  device programming or simulation file,  and any other
associated  documentation or information  provided by  Altera  or a partner
under  Altera's   Megafunction   Partnership   Program  may  be  used  only
to program  PLD  devices (but not masked  PLD  devices) from  Altera.   Any
other  use  of such  megafunction  design,  netlist,  support  information,
device programming or simulation file,  or any other  related documentation
or information  is prohibited  for  any  other purpose,  including, but not
limited to  modification,  reverse engineering,  de-compiling, or use  with
any other  silicon devices,  unless such use is  explicitly  licensed under
a separate agreement with  Altera  or a megafunction partner.  Title to the
intellectual property,  including patents,  copyrights,  trademarks,  trade
secrets,  or maskworks,  embodied in any such megafunction design, netlist,
support  information,  device programming or simulation file,  or any other
related documentation or information provided by  Altera  or a megafunction
partner, remains with Altera, the megafunction partner, or their respective
licensors. No other licenses, including any licenses needed under any third
party's intellectual property, are provided herein.



+---------------------------------------------------------------+
; Assembler Summary                                             ;
+-----------------------+---------------------------------------+
; Assembler Status      ; Successful - Fri Mar 31 09:44:31 2006 ;
; Revision Name         ; ifmc_top                              ;
; Top-level Entity Name ; fpga_fmc                              ;
; Family                ; EXCALIBUR_ARM                         ;
; Device                ; EPXA10F1020C2                         ;
+-----------------------+---------------------------------------+


+------------------------------------------------------------------------------------------------------------------+
; Assembler Settings                                                                                               ;
+---------------------------------------------------------------------------------------+----------+---------------+
; Option                                                                                ; Setting  ; Default Value ;
+---------------------------------------------------------------------------------------+----------+---------------+
; Use smart compilation                                                                 ; Normal   ; Normal        ;
; Generate Serial Vector Format File (.svf) for Target Device                           ; Off      ; Off           ;
; Generate In System Configuration File (.isc) for Target Device                        ; Off      ; Off           ;
; Generate a JEDEC STAPL Format File (.jam) for Target Device                           ; Off      ; Off           ;
; Generate an uncompressed Jam STAPL Byte Code 2.0 File (.jbc) for Target Device        ; Off      ; Off           ;
; Generate a compressed Jam STAPL Byte Code 2.0 File (.jbc) for Target Device           ; On       ; On            ;
; Generate Serial Vector Format File (.svf) For Configuration Device                    ; Off      ; Off           ;
; Generate In System Configuration File (.isc) For Configuration Device                 ; Off      ; Off           ;
; Generate a JEDEC STAPL Format File (.jam)For Configuration Device                     ; Off      ; Off           ;
; Generate an uncompressed Jam STAPL Byte Code 2.0 File (.jbc) For Configuration Device ; Off      ; Off           ;
; Generate a compressed Jam STAPL Byte Code 2.0 File (.jbc) For Configuration Device    ; On       ; On            ;
; Generate Hexadecimal (Intel-format) Output File (.hexout) For Configuration Device    ; Off      ; Off           ;
; Compression mode                                                                      ; Off      ; Off           ;
; Clock source for configuration device                                                 ; Internal ; Internal      ;
; Clock frequency of the configuration device                                           ; 10 MHz   ; 10 MHz        ;
; Divide clock frequency by                                                             ; 1        ; 1             ;
; Low-voltage mode                                                                      ; on       ; on            ;
; JTAG user code for target device                                                      ; Ffffffff ; Ffffffff      ;
; Auto user code                                                                        ; off      ; off           ;
; Use configuration device                                                              ; On       ; On            ;
; Configuration device                                                                  ; Auto     ; Auto          ;
; JTAG user code for configuration device                                               ; Ffffffff ; Ffffffff      ;
; Configuration device auto user code                                                   ; off      ; off           ;
; Auto-increment JTAG user code for multiple configuration devices                      ; On       ; On            ;
; Disable CONF_DONE and nSTATUS pull-ups on configuration device                        ; Off      ; Off           ;
; Generate Tabular Text File (.ttf) For Target Device                                   ; Off      ; Off           ;
; Generate Raw Binary File (.rbf) For Target Device                                     ; Off      ; Off           ;
; Generate Hexadecimal (Intel-Format) Output File (.hexout) for Target Device           ; Off      ; Off           ;
; Hexadecimal Output File start address                                                 ; 0        ; 0             ;
; Hexadecimal Output File count direction                                               ; Up       ; Up            ;
; Release clears before tri-states                                                      ; off      ; off           ;
; Auto-restart configuration after error                                                ; On       ; On            ;
+---------------------------------------------------------------------------------------+----------+---------------+


+--------------------------------------------------------+
; Assembler Generated Files                              ;
+--------------------------------------------------------+
; File Name                                              ;
+--------------------------------------------------------+
; D:/Project/SDI v5/ifmc_amba/FPGA/Altera/ifmc_top.psof  ;
; D:/Project/SDI v5/ifmc_amba/FPGA/Altera/ifmc_top.sof   ;
; D:/Project/SDI v5/ifmc_amba/FPGA/Altera/ifmc_top.pof   ;
; D:/Project/SDI v5/ifmc_amba/FPGA/Altera/ifmc_top_1.pof ;
; D:/Project/SDI v5/ifmc_amba/FPGA/Altera/ifmc_top_2.pof ;
; D:/Project/SDI v5/ifmc_amba/FPGA/Altera/ifmc_top_3.pof ;
; D:/Project/SDI v5/ifmc_amba/FPGA/Altera/ifmc_top_4.pof ;
; D:/Project/SDI v5/ifmc_amba/FPGA/Altera/ifmc_top_5.pof ;
+--------------------------------------------------------+


+---------------------------------------------------------------------------------+
; Assembler Device Options: D:/Project/SDI v5/ifmc_amba/FPGA/Altera/ifmc_top.psof ;
+----------------+----------------------------------------------------------------+
; Option         ; Setting                                                        ;
+----------------+----------------------------------------------------------------+
; Device         ; EPXA10F1020C2                                                  ;
; JTAG usercode  ; 0xFFFFFFFF                                                     ;
; Checksum       ; 0x0016EC43                                                     ;
+----------------+----------------------------------------------------------------+


+--------------------------------------------------------------------------------+
; Assembler Device Options: D:/Project/SDI v5/ifmc_amba/FPGA/Altera/ifmc_top.sof ;
+----------------+---------------------------------------------------------------+
; Option         ; Setting                                                       ;
+----------------+---------------------------------------------------------------+
; Device         ; EPXA10F1020C2                                                 ;
; JTAG usercode  ; 0xFFFFFFFF                                                    ;
; Checksum       ; 0x0016EC43                                                    ;
+----------------+---------------------------------------------------------------+


+--------------------------------------------------------------------------------+
; Assembler Device Options: D:/Project/SDI v5/ifmc_amba/FPGA/Altera/ifmc_top.pof ;
+----------------+---------------------------------------------------------------+
; Option         ; Setting                                                       ;
+----------------+---------------------------------------------------------------+
; Device         ; EPC2                                                          ;
; JTAG usercode  ; 0xFFFFFFFF                                                    ;
; Checksum       ; 0x00052477                                                    ;
+----------------+---------------------------------------------------------------+


+----------------------------------------------------------------------------------+
; Assembler Device Options: D:/Project/SDI v5/ifmc_amba/FPGA/Altera/ifmc_top_1.pof ;
+----------------+-----------------------------------------------------------------+
; Option         ; Setting                                                         ;
+----------------+-----------------------------------------------------------------+
; Device         ; EPC2                                                            ;
; JTAG usercode  ; 0xFFFFFFFF                                                      ;
; Checksum       ; 0x000EA31A                                                      ;
+----------------+-----------------------------------------------------------------+


+----------------------------------------------------------------------------------+
; Assembler Device Options: D:/Project/SDI v5/ifmc_amba/FPGA/Altera/ifmc_top_2.pof ;
+----------------+-----------------------------------------------------------------+
; Option         ; Setting                                                         ;
+----------------+-----------------------------------------------------------------+
; Device         ; EPC2                                                            ;
; JTAG usercode  ; 0xFFFFFFFF                                                      ;
; Checksum       ; 0x000BC97B                                                      ;
+----------------+-----------------------------------------------------------------+


+----------------------------------------------------------------------------------+
; Assembler Device Options: D:/Project/SDI v5/ifmc_amba/FPGA/Altera/ifmc_top_3.pof ;
+----------------+-----------------------------------------------------------------+
; Option         ; Setting                                                         ;
+----------------+-----------------------------------------------------------------+
; Device         ; EPC2                                                            ;
; JTAG usercode  ; 0xFFFFFFFF                                                      ;
; Checksum       ; 0x0006B70B                                                      ;
+----------------+-----------------------------------------------------------------+


+----------------------------------------------------------------------------------+
; Assembler Device Options: D:/Project/SDI v5/ifmc_amba/FPGA/Altera/ifmc_top_4.pof ;
+----------------+-----------------------------------------------------------------+
; Option         ; Setting                                                         ;
+----------------+-----------------------------------------------------------------+
; Device         ; EPC2                                                            ;
; JTAG usercode  ; 0xFFFFFFFF                                                      ;
; Checksum       ; 0x00041358                                                      ;
+----------------+-----------------------------------------------------------------+


+----------------------------------------------------------------------------------+
; Assembler Device Options: D:/Project/SDI v5/ifmc_amba/FPGA/Altera/ifmc_top_5.pof ;
+----------------+-----------------------------------------------------------------+
; Option         ; Setting                                                         ;
+----------------+-----------------------------------------------------------------+
; Device         ; EPC2                                                            ;
; JTAG usercode  ; 0xFFFFFFFF                                                      ;
; Checksum       ; 0x023ED116                                                      ;
+----------------+-----------------------------------------------------------------+


+--------------------+
; Assembler Messages ;
+--------------------+
Info: *******************************************************************
Info: Running Quartus II Assembler
    Info: Version 4.2 Build 157 12/07/2004 SJ Full Version
    Info: Processing started: Fri Mar 31 09:44:24 2006
Info: Command: quartus_asm --import_settings_files=off --export_settings_files=off ifmc -c ifmc_top
Warning: No System Build Description File is available. Programming files may still be produced, but contain no register settings and user data. No simulator initialization file will be produced.
Warning: Passive programming files do not contain initialization data
Warning: Passive programming files do not contain initialization data
Info: Quartus II Assembler was successful. 0 errors, 3 warnings
    Info: Processing ended: Fri Mar 31 09:44:31 2006
    Info: Elapsed time: 00:00:08


