
d SevenSegment;

gi Data_temp[6:0];
gp C;
ap .is_clock 1;

gi Data_temp[14:8];
gp C;
ap .is_clock 1;

gi Data_temp[22:16];
gp C;
ap .is_clock 1;

gi Data_temp[30:24];
gp C;
ap .is_clock 1;

gi CommonOut_Temp[3:0];
ai .slack_logic -0.086 ;
gp C;
ap .is_clock 1;

gi Data_reg[6:0];
gp C;
ap .is_clock 1;

gi Data_reg[14:8];
gp C;
ap .is_clock 1;

gi Data_reg[22:16];
gp C;
ap .is_clock 1;

gi Data_reg[30:24];
gp C;
ap .is_clock 1;

gi ControlOut_Temp[7:0];
ai .slack_logic -0.086 ;
gp C;
ap .is_clock 1;

d comm_block_inst.b7_Rcmi_ql;

gi b9_OvyH3_saL[5:0];
ai .slack_logic -0.452 ;
gp Q[0];
ap .slack_logic -0.452 ;
gp Q[1];
ap .slack_logic 1.282 ;
gp Q[2];
ap .slack_logic 1.282 ;
gp Q[3];
ap .slack_logic 1.282 ;
gp Q[4];
ap .slack_logic 1.282 ;
gp Q[5];
ap .slack_logic 1.282 ;
gp D[0];
ap .slack_logic 1.282 ;
gp D[1];
ap .slack_logic 1.282 ;
gp D[2];
ap .slack_logic 1.282 ;
gp D[3];
ap .slack_logic 1.282 ;
gp D[4];
ap .slack_logic 1.282 ;
gp D[5];
ap .slack_logic 1.518 ;
gp C;
ap .is_clock 1;
gp E;
ap .slack_logic 0.240 ;

gi b10_dZst39_EF3[5:0];
ai .slack_logic -0.817 ;
gp Q[0];
ap .slack_logic -0.031 ;
gp Q[1];
ap .slack_logic -0.817 ;
gp Q[2];
ap .slack_logic -0.805 ;
gp Q[3];
ap .slack_logic -0.111 ;
gp Q[4];
ap .slack_logic -0.798 ;
gp Q[5];
ap .slack_logic 2.049 ;
gp C;
ap .is_clock 1;
gp E;
ap .slack_logic 3.174 ;

d comm_block_inst.b9_ORb_xNywD;

gi b3_ORb[32:1];
ai .slack_logic 1.873 ;
gp C;
ap .is_clock 1;

d comm_block_inst;

gi b11_uRrc_9urXBb[0];
ai .slack_logic -0.031 ;
gp B[0];
ap .slack_logic -0.031 ;
av .syn_hier hard;

d iice_inst_0.b8_12m_IFLY.b5_nUTGT.b11_nUTGT_khWqH;

gi b10_nUT_M9kYfr[6:0];
ai .slack_logic 0.227 ;
gp Q[0];
ap .slack_logic 0.227 ;
gp Q[1];
ap .slack_logic 3.619 ;
gp Q[2];
ap .slack_logic 3.619 ;
gp Q[3];
ap .slack_logic 3.619 ;
gp Q[4];
ap .slack_logic 3.619 ;
gp Q[5];
ap .slack_logic 3.619 ;
gp Q[6];
ap .slack_logic 3.619 ;
gp D[0];
ap .slack_logic 3.619 ;
gp D[1];
ap .slack_logic 3.619 ;
gp D[2];
ap .slack_logic 3.619 ;
gp D[3];
ap .slack_logic 3.619 ;
gp D[4];
ap .slack_logic 3.619 ;
gp D[5];
ap .slack_logic 3.619 ;
gp D[6];
ap .slack_logic 1.302 ;
gp C;
ap .is_clock 1;
gp E;
ap .slack_logic 0.785 ;

gi b15_vABZ3qsY_ub3Rme;
ai .slack_logic 0.977 ;
gp Q[0];
ap .slack_logic 1.120 ;
gp D[0];
ap .slack_logic 1.302 ;
gp C;
ap .is_clock 1;
gp E;
ap .slack_logic 0.977 ;

gi b3_nUT[6:0];
ai .slack_logic -0.486 ;
gp C;
ap .is_clock 1;
gp E;
ap .slack_logic -0.486 ;

gi b8_vABZ3qsY;
ai .slack_logic 0.071 ;
gp Q[0];
ap .slack_logic 1.484 ;
gp D[0];
ap .slack_logic 0.071 ;
gp C;
ap .is_clock 1;

gi b10_nfs_M9kYfr[4:0];
ai .slack_logic 0.227 ;
gp Q[0];
ap .slack_logic 0.227 ;
gp Q[1];
ap .slack_logic 3.685 ;
gp Q[2];
ap .slack_logic 3.685 ;
gp Q[3];
ap .slack_logic 3.685 ;
gp Q[4];
ap .slack_logic 3.685 ;
gp D[0];
ap .slack_logic 3.685 ;
gp D[1];
ap .slack_logic 3.685 ;
gp D[2];
ap .slack_logic 3.685 ;
gp D[3];
ap .slack_logic 3.685 ;
gp D[4];
ap .slack_logic 1.368 ;
gp C;
ap .is_clock 1;
gp E;
ap .slack_logic 0.821 ;

gi b3_nfs[4:0];
ai .slack_logic -0.469 ;
gp C;
ap .is_clock 1;
gp E;
ap .slack_logic -0.469 ;

d iice_inst_0.b8_12m_IFLY.b5_nUTGT;

gi b3_nfs[4:0];
ai .slack_logic -0.560 ;
gp Q[0];
ap .slack_logic 0.477 ;
gp Q[2];
ap .slack_logic -0.524 ;
gp Q[3];
ap .slack_logic -0.524 ;
gp Q[4];
ap .slack_logic -0.560 ;
gp C;
ap .is_clock 1;

gi b3_nUT[6:0];
ai .slack_logic 1.878 ;
gp Q[0];
ap .slack_logic 2.325 ;
gp Q[1];
ap .slack_logic 2.325 ;
gp Q[2];
ap .slack_logic 2.325 ;
gp Q[3];
ap .slack_logic 2.325 ;
gp Q[4];
ap .slack_logic 1.878 ;
gp Q[5];
ap .slack_logic 2.325 ;
gp Q[6];
ap .slack_logic 1.878 ;
gp C;
ap .is_clock 1;

gi b13_nAzGfFM_sLsv3[5:0];
ai .slack_logic -0.533 ;
gp I[0];
ap .slack_logic 1.043 ;
gp C;
ap .is_clock 1;

gi b12_uRrc2XfY_rbN[16:0];
ai .slack_logic 0.227 ;
gp Q[0];
ap .slack_logic 0.227 ;
gp Q[1];
ap .slack_logic 3.703 ;
gp Q[2];
ap .slack_logic 3.703 ;
gp Q[3];
ap .slack_logic 3.703 ;
gp Q[4];
ap .slack_logic 3.703 ;
gp Q[5];
ap .slack_logic 3.703 ;
gp Q[6];
ap .slack_logic 3.703 ;
gp Q[7];
ap .slack_logic 3.703 ;
gp Q[8];
ap .slack_logic 3.703 ;
gp Q[9];
ap .slack_logic 3.703 ;
gp Q[10];
ap .slack_logic 3.703 ;
gp Q[11];
ap .slack_logic 3.703 ;
gp Q[12];
ap .slack_logic 3.703 ;
gp Q[13];
ap .slack_logic 3.703 ;
gp Q[14];
ap .slack_logic 3.703 ;
gp Q[15];
ap .slack_logic 3.703 ;
gp Q[16];
ap .slack_logic 3.703 ;
gp D[0];
ap .slack_logic 3.703 ;
gp D[1];
ap .slack_logic 3.703 ;
gp D[2];
ap .slack_logic 3.703 ;
gp D[3];
ap .slack_logic 3.703 ;
gp D[4];
ap .slack_logic 3.703 ;
gp D[5];
ap .slack_logic 3.703 ;
gp D[6];
ap .slack_logic 3.703 ;
gp D[7];
ap .slack_logic 3.703 ;
gp D[8];
ap .slack_logic 3.703 ;
gp D[9];
ap .slack_logic 3.703 ;
gp D[10];
ap .slack_logic 3.703 ;
gp D[11];
ap .slack_logic 3.703 ;
gp D[12];
ap .slack_logic 3.703 ;
gp D[13];
ap .slack_logic 3.703 ;
gp D[14];
ap .slack_logic 3.703 ;
gp D[15];
ap .slack_logic 3.703 ;
gp D[16];
ap .slack_logic 3.921 ;
gp C;
ap .is_clock 1;
gp E;
ap .slack_logic 0.791 ;

gi b7_nYhI39s[6:0];
ai .slack_logic -0.622 ;
gp Q[0];
ap .slack_logic -0.577 ;
gp Q[1];
ap .slack_logic -0.622 ;
gp Q[2];
ap .slack_logic -0.175 ;
gp Q[3];
ap .slack_logic -0.184 ;
gp Q[4];
ap .slack_logic -0.622 ;
gp Q[5];
ap .slack_logic -0.175 ;
gp Q[6];
ap .slack_logic -0.622 ;
gp D[0];
ap .slack_logic 0.104 ;
gp D[1];
ap .slack_logic 0.104 ;
gp D[2];
ap .slack_logic 0.104 ;
gp D[3];
ap .slack_logic 0.104 ;
gp D[4];
ap .slack_logic 0.574 ;
gp D[5];
ap .slack_logic 0.104 ;
gp D[6];
ap .slack_logic 0.485 ;
gp C;
ap .is_clock 1;

d iice_inst_0.b8_12m_IFLY.b4_PfFz.b7_PbTtl9G;

gi b11_2ZAHB9rO9Xh[0:118];
ai .slack_logic 2.229 ;
gp D[0];
ap .slack_logic 2.229 ;
gp D[1];
ap .slack_logic 2.229 ;
gp D[2];
ap .slack_logic 2.229 ;
gp D[3];
ap .slack_logic 2.229 ;
gp D[4];
ap .slack_logic 2.229 ;
gp D[5];
ap .slack_logic 2.229 ;
gp D[6];
ap .slack_logic 2.229 ;
gp D[7];
ap .slack_logic 2.229 ;
gp D[8];
ap .slack_logic 2.229 ;
gp D[9];
ap .slack_logic 2.229 ;
gp D[10];
ap .slack_logic 2.229 ;
gp D[11];
ap .slack_logic 2.229 ;
gp D[12];
ap .slack_logic 2.229 ;
gp D[13];
ap .slack_logic 2.229 ;
gp D[14];
ap .slack_logic 2.229 ;
gp D[15];
ap .slack_logic 2.229 ;
gp D[16];
ap .slack_logic 2.229 ;
gp D[17];
ap .slack_logic 2.229 ;
gp D[18];
ap .slack_logic 2.229 ;
gp D[19];
ap .slack_logic 2.229 ;
gp D[20];
ap .slack_logic 2.229 ;
gp D[21];
ap .slack_logic 2.229 ;
gp D[22];
ap .slack_logic 2.229 ;
gp D[23];
ap .slack_logic 2.229 ;
gp D[24];
ap .slack_logic 2.229 ;
gp D[25];
ap .slack_logic 2.229 ;
gp D[26];
ap .slack_logic 2.229 ;
gp D[27];
ap .slack_logic 2.229 ;
gp D[28];
ap .slack_logic 2.229 ;
gp D[29];
ap .slack_logic 2.229 ;
gp D[30];
ap .slack_logic 2.229 ;
gp D[31];
ap .slack_logic 2.229 ;
gp D[32];
ap .slack_logic 2.229 ;
gp D[33];
ap .slack_logic 2.229 ;
gp D[34];
ap .slack_logic 2.229 ;
gp D[35];
ap .slack_logic 2.229 ;
gp D[36];
ap .slack_logic 2.229 ;
gp D[37];
ap .slack_logic 2.229 ;
gp D[38];
ap .slack_logic 2.229 ;
gp D[39];
ap .slack_logic 2.229 ;
gp D[40];
ap .slack_logic 2.229 ;
gp D[41];
ap .slack_logic 2.229 ;
gp D[42];
ap .slack_logic 2.229 ;
gp D[43];
ap .slack_logic 2.229 ;
gp D[44];
ap .slack_logic 2.229 ;
gp D[45];
ap .slack_logic 2.229 ;
gp D[46];
ap .slack_logic 2.229 ;
gp D[47];
ap .slack_logic 2.229 ;
gp D[48];
ap .slack_logic 2.229 ;
gp D[49];
ap .slack_logic 2.229 ;
gp D[50];
ap .slack_logic 2.229 ;
gp D[51];
ap .slack_logic 2.229 ;
gp D[52];
ap .slack_logic 2.229 ;
gp D[53];
ap .slack_logic 2.229 ;
gp D[54];
ap .slack_logic 2.229 ;
gp D[55];
ap .slack_logic 2.229 ;
gp D[56];
ap .slack_logic 2.229 ;
gp D[57];
ap .slack_logic 2.229 ;
gp D[58];
ap .slack_logic 2.229 ;
gp D[59];
ap .slack_logic 2.229 ;
gp D[60];
ap .slack_logic 2.229 ;
gp D[61];
ap .slack_logic 2.229 ;
gp D[62];
ap .slack_logic 2.229 ;
gp D[63];
ap .slack_logic 2.229 ;
gp D[64];
ap .slack_logic 2.229 ;
gp D[65];
ap .slack_logic 2.229 ;
gp D[66];
ap .slack_logic 2.229 ;
gp D[67];
ap .slack_logic 2.229 ;
gp D[68];
ap .slack_logic 2.229 ;
gp D[69];
ap .slack_logic 2.229 ;
gp D[70];
ap .slack_logic 2.229 ;
gp D[71];
ap .slack_logic 2.229 ;
gp D[72];
ap .slack_logic 2.229 ;
gp D[73];
ap .slack_logic 2.229 ;
gp D[74];
ap .slack_logic 2.229 ;
gp D[75];
ap .slack_logic 2.229 ;
gp D[76];
ap .slack_logic 2.229 ;
gp D[77];
ap .slack_logic 2.229 ;
gp D[78];
ap .slack_logic 2.229 ;
gp D[79];
ap .slack_logic 2.229 ;
gp D[80];
ap .slack_logic 2.229 ;
gp D[81];
ap .slack_logic 2.229 ;
gp D[82];
ap .slack_logic 2.229 ;
gp D[83];
ap .slack_logic 2.229 ;
gp D[84];
ap .slack_logic 2.229 ;
gp D[85];
ap .slack_logic 2.229 ;
gp D[86];
ap .slack_logic 2.229 ;
gp D[87];
ap .slack_logic 2.229 ;
gp D[88];
ap .slack_logic 2.229 ;
gp D[89];
ap .slack_logic 2.229 ;
gp D[90];
ap .slack_logic 2.229 ;
gp D[91];
ap .slack_logic 2.229 ;
gp D[92];
ap .slack_logic 2.229 ;
gp D[93];
ap .slack_logic 2.229 ;
gp D[94];
ap .slack_logic 2.229 ;
gp D[95];
ap .slack_logic 2.229 ;
gp D[96];
ap .slack_logic 2.229 ;
gp D[97];
ap .slack_logic 2.229 ;
gp D[98];
ap .slack_logic 2.229 ;
gp D[99];
ap .slack_logic 2.229 ;
gp D[100];
ap .slack_logic 2.229 ;
gp D[101];
ap .slack_logic 2.229 ;
gp D[102];
ap .slack_logic 2.229 ;
gp D[103];
ap .slack_logic 2.229 ;
gp D[104];
ap .slack_logic 2.229 ;
gp D[105];
ap .slack_logic 2.229 ;
gp D[106];
ap .slack_logic 2.229 ;
gp D[107];
ap .slack_logic 2.229 ;
gp D[108];
ap .slack_logic 2.229 ;
gp D[109];
ap .slack_logic 2.229 ;
gp D[110];
ap .slack_logic 2.229 ;
gp D[111];
ap .slack_logic 2.229 ;
gp D[112];
ap .slack_logic 2.229 ;
gp D[113];
ap .slack_logic 2.229 ;
gp D[114];
ap .slack_logic 2.229 ;
gp D[115];
ap .slack_logic 2.229 ;
gp D[116];
ap .slack_logic 2.229 ;
gp D[117];
ap .slack_logic 2.229 ;
gp D[118];
ap .slack_logic 2.229 ;
gp C;
ap .is_clock 1;

gi b5_PST3Q;
ai .slack_logic 1.043 ;
gp Q[0];
ap .slack_logic 1.043 ;
gp C;
ap .is_clock 1;

gi b9_PfGywDsob[1:59];
ai .slack_logic -0.604 ;
gp Q[0];
ap .slack_logic 1.046 ;
gp Q[1];
ap .slack_logic 1.046 ;
gp Q[2];
ap .slack_logic 1.046 ;
gp Q[3];
ap .slack_logic 1.046 ;
gp Q[4];
ap .slack_logic 1.046 ;
gp Q[5];
ap .slack_logic 1.046 ;
gp Q[6];
ap .slack_logic 1.046 ;
gp Q[7];
ap .slack_logic 1.046 ;
gp Q[8];
ap .slack_logic 1.046 ;
gp Q[9];
ap .slack_logic 1.046 ;
gp Q[10];
ap .slack_logic 1.046 ;
gp Q[11];
ap .slack_logic 1.046 ;
gp Q[12];
ap .slack_logic 1.046 ;
gp Q[13];
ap .slack_logic 1.046 ;
gp Q[14];
ap .slack_logic 1.046 ;
gp Q[15];
ap .slack_logic 1.046 ;
gp Q[16];
ap .slack_logic 1.046 ;
gp Q[17];
ap .slack_logic 1.046 ;
gp Q[18];
ap .slack_logic 1.046 ;
gp Q[19];
ap .slack_logic 1.046 ;
gp Q[20];
ap .slack_logic 1.046 ;
gp Q[21];
ap .slack_logic 1.046 ;
gp Q[22];
ap .slack_logic 1.046 ;
gp Q[23];
ap .slack_logic 1.046 ;
gp Q[24];
ap .slack_logic 1.046 ;
gp Q[25];
ap .slack_logic 1.046 ;
gp Q[26];
ap .slack_logic 1.046 ;
gp Q[27];
ap .slack_logic 1.046 ;
gp Q[28];
ap .slack_logic 1.046 ;
gp Q[29];
ap .slack_logic 1.046 ;
gp Q[30];
ap .slack_logic 1.046 ;
gp Q[31];
ap .slack_logic 1.046 ;
gp Q[32];
ap .slack_logic 1.046 ;
gp Q[33];
ap .slack_logic 1.046 ;
gp Q[34];
ap .slack_logic 1.046 ;
gp Q[35];
ap .slack_logic 1.046 ;
gp Q[36];
ap .slack_logic 1.046 ;
gp Q[37];
ap .slack_logic 1.046 ;
gp Q[38];
ap .slack_logic 1.046 ;
gp Q[39];
ap .slack_logic 1.046 ;
gp Q[40];
ap .slack_logic 1.046 ;
gp Q[41];
ap .slack_logic 1.046 ;
gp Q[42];
ap .slack_logic 1.046 ;
gp Q[43];
ap .slack_logic 1.046 ;
gp Q[44];
ap .slack_logic 1.046 ;
gp Q[45];
ap .slack_logic 1.046 ;
gp Q[46];
ap .slack_logic 1.046 ;
gp Q[47];
ap .slack_logic 1.046 ;
gp Q[48];
ap .slack_logic 1.046 ;
gp Q[49];
ap .slack_logic 1.046 ;
gp Q[50];
ap .slack_logic 1.046 ;
gp Q[51];
ap .slack_logic 1.046 ;
gp Q[52];
ap .slack_logic 1.046 ;
gp Q[53];
ap .slack_logic 1.046 ;
gp Q[54];
ap .slack_logic 1.046 ;
gp Q[55];
ap .slack_logic 1.046 ;
gp Q[56];
ap .slack_logic 1.046 ;
gp Q[57];
ap .slack_logic 1.046 ;
gp Q[58];
ap .slack_logic 1.046 ;
gp D[0];
ap .slack_logic -0.604 ;
gp D[1];
ap .slack_logic -0.604 ;
gp D[2];
ap .slack_logic -0.604 ;
gp D[3];
ap .slack_logic -0.604 ;
gp D[4];
ap .slack_logic -0.604 ;
gp D[5];
ap .slack_logic -0.604 ;
gp D[6];
ap .slack_logic -0.604 ;
gp D[7];
ap .slack_logic -0.604 ;
gp D[8];
ap .slack_logic -0.604 ;
gp D[9];
ap .slack_logic -0.604 ;
gp D[10];
ap .slack_logic -0.604 ;
gp D[11];
ap .slack_logic -0.604 ;
gp D[12];
ap .slack_logic -0.604 ;
gp D[13];
ap .slack_logic -0.604 ;
gp D[14];
ap .slack_logic -0.604 ;
gp D[15];
ap .slack_logic -0.604 ;
gp D[16];
ap .slack_logic -0.604 ;
gp D[17];
ap .slack_logic -0.604 ;
gp D[18];
ap .slack_logic -0.604 ;
gp D[19];
ap .slack_logic -0.604 ;
gp D[20];
ap .slack_logic -0.604 ;
gp D[21];
ap .slack_logic -0.604 ;
gp D[22];
ap .slack_logic -0.604 ;
gp D[23];
ap .slack_logic -0.604 ;
gp D[24];
ap .slack_logic -0.604 ;
gp D[25];
ap .slack_logic -0.604 ;
gp D[26];
ap .slack_logic -0.604 ;
gp D[27];
ap .slack_logic -0.604 ;
gp D[28];
ap .slack_logic -0.604 ;
gp D[29];
ap .slack_logic -0.604 ;
gp D[30];
ap .slack_logic -0.604 ;
gp D[31];
ap .slack_logic -0.604 ;
gp D[32];
ap .slack_logic -0.604 ;
gp D[33];
ap .slack_logic -0.604 ;
gp D[34];
ap .slack_logic -0.604 ;
gp D[35];
ap .slack_logic -0.604 ;
gp D[36];
ap .slack_logic -0.604 ;
gp D[37];
ap .slack_logic -0.604 ;
gp D[38];
ap .slack_logic -0.604 ;
gp D[39];
ap .slack_logic -0.604 ;
gp D[40];
ap .slack_logic -0.604 ;
gp D[41];
ap .slack_logic -0.604 ;
gp D[42];
ap .slack_logic -0.604 ;
gp D[43];
ap .slack_logic -0.604 ;
gp D[44];
ap .slack_logic -0.604 ;
gp D[45];
ap .slack_logic -0.604 ;
gp D[46];
ap .slack_logic -0.604 ;
gp D[47];
ap .slack_logic -0.604 ;
gp D[48];
ap .slack_logic -0.604 ;
gp D[49];
ap .slack_logic -0.604 ;
gp D[50];
ap .slack_logic -0.604 ;
gp D[51];
ap .slack_logic -0.604 ;
gp D[52];
ap .slack_logic -0.604 ;
gp D[53];
ap .slack_logic -0.604 ;
gp D[54];
ap .slack_logic -0.604 ;
gp D[55];
ap .slack_logic -0.604 ;
gp D[56];
ap .slack_logic -0.604 ;
gp D[57];
ap .slack_logic -0.604 ;
gp D[58];
ap .slack_logic -0.604 ;
gp C;
ap .is_clock 1;

d iice_inst_0.b8_uKr_IFLY.b12_PLF_6lN_8tYv;

gi b3_PLF;
ai .slack_logic 0.245 ;
gp D2[1];
ap .slack_logic 0.245 ;

d iice_inst_0.b8_uKr_IFLY;
av .syn_hier hard;

d iice_inst_0.b3_SoW.b11_OFWNT9_X1eH;

gi b6_yor0PD[7:0];
ai .slack_logic -0.865 ;
gp Q[0];
ap .slack_logic 0.245 ;
gp Q[1];
ap .slack_logic 3.703 ;
gp Q[2];
ap .slack_logic 3.703 ;
gp Q[3];
ap .slack_logic 3.703 ;
gp Q[4];
ap .slack_logic 3.703 ;
gp Q[5];
ap .slack_logic 3.703 ;
gp Q[6];
ap .slack_logic 3.703 ;
gp Q[7];
ap .slack_logic 3.703 ;
gp D[0];
ap .slack_logic 3.703 ;
gp D[1];
ap .slack_logic 3.703 ;
gp D[2];
ap .slack_logic 3.703 ;
gp D[3];
ap .slack_logic 3.703 ;
gp D[4];
ap .slack_logic 3.703 ;
gp D[5];
ap .slack_logic 3.703 ;
gp D[6];
ap .slack_logic 3.703 ;
gp D[7];
ap .slack_logic -0.865 ;
gp C;
ap .is_clock 1;
gp E;
ap .slack_logic 1.642 ;

d iice_inst_0.b3_SoW;

gi b7_nYJ_BFM[124:0];
ai .slack_logic 0.024 ;
gp C;
ap .is_clock 1;

gi b8_jAA_KlCO;
ai .slack_logic -0.622 ;
gp Q[0];
ap .slack_logic 2.307 ;
gp D[0];
ap .slack_logic 0.470 ;
gp C;
ap .is_clock 1;
gp R;
ap .slack_logic -0.622 ;

gi b9_2_mzCDYXs[6:0];
ai .slack_logic -0.622 ;
gp Q[0];
ap .slack_logic 0.470 ;
gp Q[1];
ap .slack_logic 0.482 ;
gp Q[2];
ap .slack_logic 0.482 ;
gp Q[3];
ap .slack_logic 0.482 ;
gp Q[4];
ap .slack_logic 0.482 ;
gp Q[5];
ap .slack_logic 0.482 ;
gp Q[6];
ap .slack_logic 0.482 ;
gp D[0];
ap .slack_logic 1.363 ;
gp D[1];
ap .slack_logic 1.139 ;
gp D[2];
ap .slack_logic 0.692 ;
gp D[3];
ap .slack_logic 0.647 ;
gp D[4];
ap .slack_logic 0.603 ;
gp D[5];
ap .slack_logic 0.558 ;
gp D[6];
ap .slack_logic 0.514 ;
gp C;
ap .is_clock 1;
gp R;
ap .slack_logic -0.622 ;

gi b9_v_mzCDYXs[6:0];
ai .slack_logic 0.024 ;
gp Q[0];
ap .slack_logic 1.769 ;
gp Q[1];
ap .slack_logic 1.769 ;
gp Q[2];
ap .slack_logic 1.769 ;
gp Q[3];
ap .slack_logic 1.322 ;
gp Q[4];
ap .slack_logic 1.322 ;
gp Q[5];
ap .slack_logic 1.322 ;
gp Q[6];
ap .slack_logic 1.322 ;
gp D[0];
ap .slack_logic 1.992 ;
gp D[1];
ap .slack_logic 1.545 ;
gp D[2];
ap .slack_logic 1.500 ;
gp D[3];
ap .slack_logic 1.456 ;
gp D[4];
ap .slack_logic 1.411 ;
gp D[5];
ap .slack_logic 1.367 ;
gp D[6];
ap .slack_logic 1.322 ;
gp C;
ap .is_clock 1;
gp R;
ap .slack_logic 0.024 ;

gi b8_FZFFLXYE[6:0];
ai .slack_logic -0.622 ;
gp D[0];
ap .slack_logic 2.182 ;
gp D[1];
ap .slack_logic 2.194 ;
gp D[2];
ap .slack_logic 2.194 ;
gp D[3];
ap .slack_logic 2.194 ;
gp D[4];
ap .slack_logic 2.194 ;
gp D[5];
ap .slack_logic 2.194 ;
gp D[6];
ap .slack_logic 2.194 ;
gp C;
ap .is_clock 1;
gp R;
ap .slack_logic -0.622 ;
gp E;
ap .slack_logic -0.450 ;

d iice_inst_0;

gi mdic_link_reg[0:123];
ai .slack_logic 1.980 ;
gp Q[0];
ap .slack_logic 1.980 ;
gp Q[1];
ap .slack_logic 1.980 ;
gp Q[2];
ap .slack_logic 1.980 ;
gp Q[3];
ap .slack_logic 1.980 ;
gp Q[4];
ap .slack_logic 1.980 ;
gp Q[5];
ap .slack_logic 1.980 ;
gp Q[6];
ap .slack_logic 1.980 ;
gp Q[7];
ap .slack_logic 1.980 ;
gp Q[8];
ap .slack_logic 1.980 ;
gp Q[9];
ap .slack_logic 1.980 ;
gp Q[10];
ap .slack_logic 1.980 ;
gp Q[11];
ap .slack_logic 1.980 ;
gp Q[12];
ap .slack_logic 1.980 ;
gp Q[13];
ap .slack_logic 1.980 ;
gp Q[14];
ap .slack_logic 1.980 ;
gp Q[15];
ap .slack_logic 1.980 ;
gp Q[16];
ap .slack_logic 1.980 ;
gp Q[17];
ap .slack_logic 1.980 ;
gp Q[18];
ap .slack_logic 1.980 ;
gp Q[19];
ap .slack_logic 2.010 ;
gp Q[20];
ap .slack_logic 1.980 ;
gp Q[21];
ap .slack_logic 1.980 ;
gp Q[22];
ap .slack_logic 1.980 ;
gp Q[23];
ap .slack_logic 1.980 ;
gp Q[24];
ap .slack_logic 1.980 ;
gp Q[25];
ap .slack_logic 1.980 ;
gp Q[26];
ap .slack_logic 1.980 ;
gp Q[27];
ap .slack_logic 1.980 ;
gp Q[28];
ap .slack_logic 1.980 ;
gp Q[29];
ap .slack_logic 1.980 ;
gp Q[30];
ap .slack_logic 1.980 ;
gp Q[31];
ap .slack_logic 1.980 ;
gp Q[32];
ap .slack_logic 1.980 ;
gp Q[33];
ap .slack_logic 1.980 ;
gp Q[34];
ap .slack_logic 1.980 ;
gp Q[35];
ap .slack_logic 1.980 ;
gp Q[36];
ap .slack_logic 1.980 ;
gp Q[37];
ap .slack_logic 1.980 ;
gp Q[38];
ap .slack_logic 1.980 ;
gp Q[39];
ap .slack_logic 1.980 ;
gp Q[40];
ap .slack_logic 1.980 ;
gp Q[41];
ap .slack_logic 1.980 ;
gp Q[42];
ap .slack_logic 1.980 ;
gp Q[43];
ap .slack_logic 1.980 ;
gp Q[44];
ap .slack_logic 1.980 ;
gp Q[45];
ap .slack_logic 1.980 ;
gp Q[46];
ap .slack_logic 1.980 ;
gp Q[47];
ap .slack_logic 1.980 ;
gp Q[48];
ap .slack_logic 1.980 ;
gp Q[49];
ap .slack_logic 1.980 ;
gp Q[50];
ap .slack_logic 1.980 ;
gp Q[51];
ap .slack_logic 1.980 ;
gp Q[52];
ap .slack_logic 1.980 ;
gp Q[53];
ap .slack_logic 1.980 ;
gp Q[54];
ap .slack_logic 1.980 ;
gp Q[55];
ap .slack_logic 1.980 ;
gp Q[56];
ap .slack_logic 1.980 ;
gp Q[57];
ap .slack_logic 1.980 ;
gp Q[58];
ap .slack_logic 1.980 ;
gp Q[59];
ap .slack_logic 1.980 ;
gp Q[60];
ap .slack_logic 1.980 ;
gp Q[61];
ap .slack_logic 1.980 ;
gp Q[62];
ap .slack_logic 1.980 ;
gp Q[63];
ap .slack_logic 1.980 ;
gp Q[64];
ap .slack_logic 1.980 ;
gp Q[65];
ap .slack_logic 1.980 ;
gp Q[66];
ap .slack_logic 1.980 ;
gp Q[67];
ap .slack_logic 1.980 ;
gp Q[68];
ap .slack_logic 1.980 ;
gp Q[69];
ap .slack_logic 1.980 ;
gp Q[70];
ap .slack_logic 1.980 ;
gp Q[71];
ap .slack_logic 1.980 ;
gp Q[72];
ap .slack_logic 1.980 ;
gp Q[73];
ap .slack_logic 1.980 ;
gp Q[74];
ap .slack_logic 1.980 ;
gp Q[75];
ap .slack_logic 1.980 ;
gp Q[76];
ap .slack_logic 1.980 ;
gp Q[77];
ap .slack_logic 1.980 ;
gp Q[78];
ap .slack_logic 1.980 ;
gp Q[79];
ap .slack_logic 1.980 ;
gp Q[80];
ap .slack_logic 1.980 ;
gp Q[81];
ap .slack_logic 1.980 ;
gp Q[82];
ap .slack_logic 1.980 ;
gp Q[83];
ap .slack_logic 1.980 ;
gp Q[84];
ap .slack_logic 1.980 ;
gp Q[85];
ap .slack_logic 1.980 ;
gp Q[86];
ap .slack_logic 1.980 ;
gp Q[87];
ap .slack_logic 1.980 ;
gp Q[88];
ap .slack_logic 1.980 ;
gp Q[89];
ap .slack_logic 1.980 ;
gp Q[90];
ap .slack_logic 1.980 ;
gp Q[91];
ap .slack_logic 1.980 ;
gp Q[92];
ap .slack_logic 1.980 ;
gp Q[93];
ap .slack_logic 1.980 ;
gp Q[94];
ap .slack_logic 1.980 ;
gp Q[95];
ap .slack_logic 1.980 ;
gp Q[96];
ap .slack_logic 1.980 ;
gp Q[97];
ap .slack_logic 1.980 ;
gp Q[98];
ap .slack_logic 1.980 ;
gp Q[99];
ap .slack_logic 1.980 ;
gp Q[100];
ap .slack_logic 1.980 ;
gp Q[101];
ap .slack_logic 1.980 ;
gp Q[102];
ap .slack_logic 1.980 ;
gp Q[103];
ap .slack_logic 1.980 ;
gp Q[104];
ap .slack_logic 1.980 ;
gp Q[105];
ap .slack_logic 1.980 ;
gp Q[106];
ap .slack_logic 1.980 ;
gp Q[107];
ap .slack_logic 1.980 ;
gp Q[108];
ap .slack_logic 1.980 ;
gp Q[109];
ap .slack_logic 1.980 ;
gp Q[110];
ap .slack_logic 1.980 ;
gp Q[111];
ap .slack_logic 1.980 ;
gp Q[112];
ap .slack_logic 1.980 ;
gp Q[113];
ap .slack_logic 1.980 ;
gp Q[114];
ap .slack_logic 1.980 ;
gp Q[115];
ap .slack_logic 1.980 ;
gp Q[116];
ap .slack_logic 1.980 ;
gp Q[117];
ap .slack_logic 1.980 ;
gp Q[118];
ap .slack_logic 1.980 ;
gp Q[119];
ap .slack_logic 1.980 ;
gp Q[120];
ap .slack_logic 2.010 ;
gp Q[121];
ap .slack_logic 2.010 ;
gp Q[122];
ap .slack_logic 2.010 ;
gp Q[123];
ap .slack_logic 2.010 ;
gp C;
ap .is_clock 1;
av .syn_hier hard;

n work PCI_FPGA verilog;

gi cnt[25:0];
ai .slack_logic -0.365 ;
gp Q[0];
ap .slack_logic -0.307 ;
gp Q[1];
ap .slack_logic -0.365 ;
gp Q[2];
ap .slack_logic -0.321 ;
gp Q[3];
ap .slack_logic -0.321 ;
gp Q[4];
ap .slack_logic -0.321 ;
gp Q[5];
ap .slack_logic -0.276 ;
gp Q[6];
ap .slack_logic -0.276 ;
gp Q[7];
ap .slack_logic -0.276 ;
gp Q[8];
ap .slack_logic -0.276 ;
gp Q[9];
ap .slack_logic -0.232 ;
gp Q[10];
ap .slack_logic -0.232 ;
gp Q[11];
ap .slack_logic -0.232 ;
gp Q[12];
ap .slack_logic -0.232 ;
gp Q[13];
ap .slack_logic -0.175 ;
gp Q[14];
ap .slack_logic -0.131 ;
gp Q[15];
ap .slack_logic -0.131 ;
gp Q[16];
ap .slack_logic -0.131 ;
gp Q[17];
ap .slack_logic -0.086 ;
gp Q[18];
ap .slack_logic -0.086 ;
gp Q[19];
ap .slack_logic -0.086 ;
gp Q[20];
ap .slack_logic -0.086 ;
gp Q[21];
ap .slack_logic -0.024 ;
gp Q[22];
ap .slack_logic 0.003 ;
gp Q[23];
ap .slack_logic 0.047 ;
gp Q[24];
ap .slack_logic 0.092 ;
gp Q[25];
ap .slack_logic 0.539 ;
gp D[0];
ap .slack_logic -0.008 ;
gp D[1];
ap .slack_logic 0.527 ;
gp D[2];
ap .slack_logic 0.080 ;
gp D[3];
ap .slack_logic 0.035 ;
gp D[4];
ap .slack_logic -0.009 ;
gp D[5];
ap .slack_logic -0.054 ;
gp D[6];
ap .slack_logic -0.098 ;
gp D[7];
ap .slack_logic -0.143 ;
gp D[8];
ap .slack_logic -0.187 ;
gp D[9];
ap .slack_logic -0.232 ;
gp D[10];
ap .slack_logic -0.276 ;
gp D[11];
ap .slack_logic -0.321 ;
gp D[12];
ap .slack_logic -0.365 ;
gp D[13];
ap .slack_logic -0.009 ;
gp D[14];
ap .slack_logic -0.054 ;
gp D[15];
ap .slack_logic -0.098 ;
gp D[16];
ap .slack_logic -0.143 ;
gp D[17];
ap .slack_logic -0.187 ;
gp D[18];
ap .slack_logic -0.232 ;
gp D[19];
ap .slack_logic -0.276 ;
gp D[20];
ap .slack_logic -0.321 ;
gp D[21];
ap .slack_logic -0.098 ;
gp D[22];
ap .slack_logic -0.143 ;
gp D[23];
ap .slack_logic -0.187 ;
gp D[24];
ap .slack_logic -0.232 ;
gp D[25];
ap .slack_logic -0.276 ;
gp C;
ap .is_clock 1;
av syn_information_type logic;

d iice_inst_0.b8_12m_IFLY.b4_PfFz.b7_PbTtl9G.b9_1LbcgK_Uq;

gi b8_OvyH3DYg;
ai .slack_logic -0.206 ;
gp D;
ap .slack_logic 1.046 ;

d iice_inst_0.b8_12m_IFLY.b4_PfFz.b7_PbTtl9G.b9_1LbcgK_US;

gi b8_OvyH3DYg;
ai .slack_logic -0.604 ;
gp Q15;
ap .slack_logic -0.604 ;
gp D;
ap .slack_logic 1.046 ;

d iice_inst_0.b8_12m_IFLY.b4_PfFz.b7_PbTtl9G.b9_1LbcgK_Ue;

gi b8_OvyH3DYg;
ai .slack_logic -0.604 ;
gp Q15;
ap .slack_logic -0.604 ;
gp D;
ap .slack_logic 1.046 ;

d iice_inst_0.b8_12m_IFLY.b4_PfFz.b7_PbTtl9G.b9_1LbcgK_U5;

gi b8_OvyH3DYg;
ai .slack_logic -0.604 ;
gp Q15;
ap .slack_logic -0.604 ;
gp D;
ap .slack_logic 1.046 ;

d iice_inst_0.b8_12m_IFLY.b4_PfFz.b7_PbTtl9G.b9_1LbcgK_Up;

gi b8_OvyH3DYg;
ai .slack_logic -0.604 ;
gp Q15;
ap .slack_logic -0.604 ;
gp D;
ap .slack_logic 1.046 ;

d iice_inst_0.b8_12m_IFLY.b4_PfFz.b7_PbTtl9G.b9_1LbcgK_Ul;

gi b8_OvyH3DYg;
ai .slack_logic -0.604 ;
gp Q15;
ap .slack_logic -0.604 ;
gp D;
ap .slack_logic 1.046 ;

d iice_inst_0.b8_12m_IFLY.b4_PfFz.b7_PbTtl9G.b9_1LbcgK_UV;

gi b8_OvyH3DYg;
ai .slack_logic -0.604 ;
gp Q15;
ap .slack_logic -0.604 ;
gp D;
ap .slack_logic 1.046 ;

d iice_inst_0.b8_12m_IFLY.b4_PfFz.b7_PbTtl9G.b9_1LbcgK_Ud;

gi b8_OvyH3DYg;
ai .slack_logic -0.604 ;
gp Q15;
ap .slack_logic -0.604 ;
gp D;
ap .slack_logic 1.046 ;

d iice_inst_0.b8_12m_IFLY.b4_PfFz.b7_PbTtl9G.b9_1LbcgK_Un;

gi b8_OvyH3DYg;
ai .slack_logic -0.604 ;
gp Q15;
ap .slack_logic -0.604 ;
gp D;
ap .slack_logic 1.046 ;

d iice_inst_0.b8_12m_IFLY.b4_PfFz.b7_PbTtl9G.b9_1LbcgK_Um;

gi b8_OvyH3DYg;
ai .slack_logic -0.604 ;
gp Q15;
ap .slack_logic -0.604 ;
gp D;
ap .slack_logic 1.046 ;

d iice_inst_0.b8_12m_IFLY.b4_PfFz.b7_PbTtl9G.b9_1LbcgK_Qq0;

gi b8_OvyH3DYg;
ai .slack_logic -0.604 ;
gp Q15;
ap .slack_logic -0.604 ;
gp D;
ap .slack_logic 1.046 ;

d iice_inst_0.b8_12m_IFLY.b4_PfFz.b7_PbTtl9G.b9_1LbcgK_QS0;

gi b8_OvyH3DYg;
ai .slack_logic -0.604 ;
gp Q15;
ap .slack_logic -0.604 ;
gp D;
ap .slack_logic 1.046 ;

d iice_inst_0.b8_12m_IFLY.b4_PfFz.b7_PbTtl9G.b9_1LbcgK_Qe0;

gi b8_OvyH3DYg;
ai .slack_logic -0.604 ;
gp Q15;
ap .slack_logic -0.604 ;
gp D;
ap .slack_logic 1.046 ;

d iice_inst_0.b8_12m_IFLY.b4_PfFz.b7_PbTtl9G.b9_1LbcgK_Q50;

gi b8_OvyH3DYg;
ai .slack_logic -0.604 ;
gp Q15;
ap .slack_logic -0.604 ;
gp D;
ap .slack_logic 1.046 ;

d iice_inst_0.b8_12m_IFLY.b4_PfFz.b7_PbTtl9G.b9_1LbcgK_Qp0;

gi b8_OvyH3DYg;
ai .slack_logic -0.604 ;
gp Q15;
ap .slack_logic -0.604 ;
gp D;
ap .slack_logic 1.046 ;

d iice_inst_0.b8_12m_IFLY.b4_PfFz.b7_PbTtl9G.b9_1LbcgK_Ql0;

gi b8_OvyH3DYg;
ai .slack_logic -0.604 ;
gp Q15;
ap .slack_logic -0.604 ;
gp D;
ap .slack_logic 1.046 ;

d iice_inst_0.b8_12m_IFLY.b4_PfFz.b7_PbTtl9G.b9_1LbcgK_QV0;

gi b8_OvyH3DYg;
ai .slack_logic -0.604 ;
gp Q15;
ap .slack_logic -0.604 ;
gp D;
ap .slack_logic 1.046 ;

d iice_inst_0.b8_12m_IFLY.b4_PfFz.b7_PbTtl9G.b9_1LbcgK_Qd0;

gi b8_OvyH3DYg;
ai .slack_logic -0.604 ;
gp Q15;
ap .slack_logic -0.604 ;
gp D;
ap .slack_logic 1.046 ;

d iice_inst_0.b8_12m_IFLY.b4_PfFz.b7_PbTtl9G.b9_1LbcgK_Qn0;

gi b8_OvyH3DYg;
ai .slack_logic -0.604 ;
gp Q15;
ap .slack_logic -0.604 ;
gp D;
ap .slack_logic 1.046 ;

d iice_inst_0.b8_12m_IFLY.b4_PfFz.b7_PbTtl9G.b9_1LbcgK_Qm0;

gi b8_OvyH3DYg;
ai .slack_logic -0.604 ;
gp Q15;
ap .slack_logic -0.604 ;
gp D;
ap .slack_logic 1.046 ;

d iice_inst_0.b8_12m_IFLY.b4_PfFz.b7_PbTtl9G.b9_1LbcgK_qq;

gi b8_OvyH3DYg;
ai .slack_logic -0.604 ;
gp Q15;
ap .slack_logic -0.604 ;
gp D;
ap .slack_logic 1.046 ;

d iice_inst_0.b8_12m_IFLY.b4_PfFz.b7_PbTtl9G.b9_1LbcgK_qS;

gi b8_OvyH3DYg;
ai .slack_logic -0.604 ;
gp Q15;
ap .slack_logic -0.604 ;
gp D;
ap .slack_logic 1.046 ;

d iice_inst_0.b8_12m_IFLY.b4_PfFz.b7_PbTtl9G.b9_1LbcgK_qe;

gi b8_OvyH3DYg;
ai .slack_logic -0.604 ;
gp Q15;
ap .slack_logic -0.604 ;
gp D;
ap .slack_logic 1.046 ;

d iice_inst_0.b8_12m_IFLY.b4_PfFz.b7_PbTtl9G.b9_1LbcgK_q5;

gi b8_OvyH3DYg;
ai .slack_logic -0.604 ;
gp Q15;
ap .slack_logic -0.604 ;
gp D;
ap .slack_logic 1.046 ;

d iice_inst_0.b8_12m_IFLY.b4_PfFz.b7_PbTtl9G.b9_1LbcgK_qp;

gi b8_OvyH3DYg;
ai .slack_logic -0.604 ;
gp Q15;
ap .slack_logic -0.604 ;
gp D;
ap .slack_logic 1.046 ;

d iice_inst_0.b8_12m_IFLY.b4_PfFz.b7_PbTtl9G.b9_1LbcgK_ql;

gi b8_OvyH3DYg;
ai .slack_logic -0.604 ;
gp Q15;
ap .slack_logic -0.604 ;
gp D;
ap .slack_logic 1.046 ;

d iice_inst_0.b8_12m_IFLY.b4_PfFz.b7_PbTtl9G.b9_1LbcgK_qV;

gi b8_OvyH3DYg;
ai .slack_logic -0.604 ;
gp Q15;
ap .slack_logic -0.604 ;
gp D;
ap .slack_logic 1.046 ;

d iice_inst_0.b8_12m_IFLY.b4_PfFz.b7_PbTtl9G.b9_1LbcgK_qd;

gi b8_OvyH3DYg;
ai .slack_logic -0.604 ;
gp Q15;
ap .slack_logic -0.604 ;
gp D;
ap .slack_logic 1.046 ;

d iice_inst_0.b8_12m_IFLY.b4_PfFz.b7_PbTtl9G.b9_1LbcgK_qn;

gi b8_OvyH3DYg;
ai .slack_logic -0.604 ;
gp Q15;
ap .slack_logic -0.604 ;
gp D;
ap .slack_logic 1.046 ;

d iice_inst_0.b8_12m_IFLY.b4_PfFz.b7_PbTtl9G.b9_1LbcgK_qm;

gi b8_OvyH3DYg;
ai .slack_logic -0.604 ;
gp Q15;
ap .slack_logic -0.604 ;
gp D;
ap .slack_logic 1.046 ;

d iice_inst_0.b8_12m_IFLY.b4_PfFz.b7_PbTtl9G.b9_1LbcgK_Iq;

gi b8_OvyH3DYg;
ai .slack_logic -0.604 ;
gp Q15;
ap .slack_logic -0.604 ;
gp D;
ap .slack_logic 1.046 ;

d iice_inst_0.b8_12m_IFLY.b4_PfFz.b7_PbTtl9G.b9_1LbcgK_IS;

gi b8_OvyH3DYg;
ai .slack_logic -0.604 ;
gp Q15;
ap .slack_logic -0.604 ;
gp D;
ap .slack_logic 1.046 ;

d iice_inst_0.b8_12m_IFLY.b4_PfFz.b7_PbTtl9G.b9_1LbcgK_Ie;

gi b8_OvyH3DYg;
ai .slack_logic -0.604 ;
gp Q15;
ap .slack_logic -0.604 ;
gp D;
ap .slack_logic 1.046 ;

d iice_inst_0.b8_12m_IFLY.b4_PfFz.b7_PbTtl9G.b9_1LbcgK_I5;

gi b8_OvyH3DYg;
ai .slack_logic -0.604 ;
gp Q15;
ap .slack_logic -0.604 ;
gp D;
ap .slack_logic 1.046 ;

d iice_inst_0.b8_12m_IFLY.b4_PfFz.b7_PbTtl9G.b9_1LbcgK_Ip;

gi b8_OvyH3DYg;
ai .slack_logic -0.604 ;
gp Q15;
ap .slack_logic -0.604 ;
gp D;
ap .slack_logic 1.046 ;

d iice_inst_0.b8_12m_IFLY.b4_PfFz.b7_PbTtl9G.b9_1LbcgK_Il;

gi b8_OvyH3DYg;
ai .slack_logic -0.604 ;
gp Q15;
ap .slack_logic -0.604 ;
gp D;
ap .slack_logic 1.046 ;

d iice_inst_0.b8_12m_IFLY.b4_PfFz.b7_PbTtl9G.b9_1LbcgK_IV;

gi b8_OvyH3DYg;
ai .slack_logic -0.604 ;
gp Q15;
ap .slack_logic -0.604 ;
gp D;
ap .slack_logic 1.046 ;

d iice_inst_0.b8_12m_IFLY.b4_PfFz.b7_PbTtl9G.b9_1LbcgK_Id;

gi b8_OvyH3DYg;
ai .slack_logic -0.604 ;
gp Q15;
ap .slack_logic -0.604 ;
gp D;
ap .slack_logic 1.046 ;

d iice_inst_0.b8_12m_IFLY.b4_PfFz.b7_PbTtl9G.b9_1LbcgK_In;

gi b8_OvyH3DYg;
ai .slack_logic -0.604 ;
gp Q15;
ap .slack_logic -0.604 ;
gp D;
ap .slack_logic 1.046 ;

d iice_inst_0.b8_12m_IFLY.b4_PfFz.b7_PbTtl9G.b9_1LbcgK_Im;

gi b8_OvyH3DYg;
ai .slack_logic -0.604 ;
gp Q15;
ap .slack_logic -0.604 ;
gp D;
ap .slack_logic 1.046 ;

d iice_inst_0.b8_12m_IFLY.b4_PfFz.b7_PbTtl9G.b9_1LbcgK_Sq;

gi b8_OvyH3DYg;
ai .slack_logic -0.604 ;
gp Q15;
ap .slack_logic -0.604 ;
gp D;
ap .slack_logic 1.046 ;

d iice_inst_0.b8_12m_IFLY.b4_PfFz.b7_PbTtl9G.b9_1LbcgK_SS;

gi b8_OvyH3DYg;
ai .slack_logic -0.604 ;
gp Q15;
ap .slack_logic -0.604 ;
gp D;
ap .slack_logic 1.046 ;

d iice_inst_0.b8_12m_IFLY.b4_PfFz.b7_PbTtl9G.b9_1LbcgK_Se;

gi b8_OvyH3DYg;
ai .slack_logic -0.604 ;
gp Q15;
ap .slack_logic -0.604 ;
gp D;
ap .slack_logic 1.046 ;

d iice_inst_0.b8_12m_IFLY.b4_PfFz.b7_PbTtl9G.b9_1LbcgK_S5;

gi b8_OvyH3DYg;
ai .slack_logic -0.604 ;
gp Q15;
ap .slack_logic -0.604 ;
gp D;
ap .slack_logic 1.046 ;

d iice_inst_0.b8_12m_IFLY.b4_PfFz.b7_PbTtl9G.b9_1LbcgK_Sp;

gi b8_OvyH3DYg;
ai .slack_logic -0.604 ;
gp Q15;
ap .slack_logic -0.604 ;
gp D;
ap .slack_logic 1.046 ;

d iice_inst_0.b8_12m_IFLY.b4_PfFz.b7_PbTtl9G.b9_1LbcgK_Sl;

gi b8_OvyH3DYg;
ai .slack_logic -0.604 ;
gp Q15;
ap .slack_logic -0.604 ;
gp D;
ap .slack_logic 1.046 ;

d iice_inst_0.b8_12m_IFLY.b4_PfFz.b7_PbTtl9G.b9_1LbcgK_SV;

gi b8_OvyH3DYg;
ai .slack_logic -0.604 ;
gp Q15;
ap .slack_logic -0.604 ;
gp D;
ap .slack_logic 1.046 ;

d iice_inst_0.b8_12m_IFLY.b4_PfFz.b7_PbTtl9G.b9_1LbcgK_Sd;

gi b8_OvyH3DYg;
ai .slack_logic -0.604 ;
gp Q15;
ap .slack_logic -0.604 ;
gp D;
ap .slack_logic 1.046 ;

d iice_inst_0.b8_12m_IFLY.b4_PfFz.b7_PbTtl9G.b9_1LbcgK_Sn;

gi b8_OvyH3DYg;
ai .slack_logic -0.604 ;
gp Q15;
ap .slack_logic -0.604 ;
gp D;
ap .slack_logic 1.046 ;

d iice_inst_0.b8_12m_IFLY.b4_PfFz.b7_PbTtl9G.b9_1LbcgK_Sm;

gi b8_OvyH3DYg;
ai .slack_logic -0.604 ;
gp Q15;
ap .slack_logic -0.604 ;
gp D;
ap .slack_logic 1.046 ;

d iice_inst_0.b8_12m_IFLY.b4_PfFz.b7_PbTtl9G.b8_1LbcgK_V;

gi b8_OvyH3DYg;
ai .slack_logic -0.604 ;
gp Q15;
ap .slack_logic -0.604 ;
gp D;
ap .slack_logic 1.046 ;

d iice_inst_0.b8_12m_IFLY.b4_PfFz.b7_PbTtl9G.b8_1LbcgK_n;

gi b8_OvyH3DYg;
ai .slack_logic -0.604 ;
gp Q15;
ap .slack_logic -0.604 ;
gp D;
ap .slack_logic 1.046 ;

d iice_inst_0.b8_12m_IFLY.b4_PfFz.b7_PbTtl9G.b8_1LbcgK_J;

gi b8_OvyH3DYg;
ai .slack_logic -0.604 ;
gp Q15;
ap .slack_logic -0.604 ;
gp D;
ap .slack_logic 1.046 ;

d iice_inst_0.b8_12m_IFLY.b4_PfFz.b7_PbTtl9G.b8_1LbcgK_A;

gi b8_OvyH3DYg;
ai .slack_logic -0.604 ;
gp Q15;
ap .slack_logic -0.604 ;
gp D;
ap .slack_logic 1.046 ;

d iice_inst_0.b8_12m_IFLY.b4_PfFz.b7_PbTtl9G.b8_1LbcgK_U;

gi b8_OvyH3DYg;
ai .slack_logic -0.604 ;
gp Q15;
ap .slack_logic -0.604 ;
gp D;
ap .slack_logic 1.046 ;

d iice_inst_0.b8_12m_IFLY.b4_PfFz.b7_PbTtl9G.b8_1LbcgK_Q0;

gi b8_OvyH3DYg;
ai .slack_logic -0.604 ;
gp Q15;
ap .slack_logic -0.604 ;
gp D;
ap .slack_logic 1.046 ;

d iice_inst_0.b8_12m_IFLY.b4_PfFz.b7_PbTtl9G.b8_1LbcgK_q;

gi b8_OvyH3DYg;
ai .slack_logic -0.604 ;
gp Q15;
ap .slack_logic -0.604 ;
gp D;
ap .slack_logic 1.046 ;

d iice_inst_0.b8_12m_IFLY.b4_PfFz.b7_PbTtl9G.b8_1LbcgK_I;

gi b8_OvyH3DYg;
ai .slack_logic -0.604 ;
gp Q15;
ap .slack_logic -0.604 ;
gp D;
ap .slack_logic 1.046 ;

d iice_inst_0.b8_12m_IFLY.b4_PfFz.b7_PbTtl9G.b8_1LbcgK_S;

gi b8_OvyH3DYg;
ai .slack_logic -0.604 ;
gp Q15;
ap .slack_logic -0.604 ;
gp D;
ap .slack_logic 1.046 ;

d iice_inst_0.b8_12m_IFLY.b4_PfFz.b7_PbTtl9G.b8_1LbcgK_R;

gi b8_OvyH3DYg;
ai .slack_logic -0.604 ;
gp Q15;
ap .slack_logic -0.604 ;

d iice_inst_0.b3_SoW.b3_SoW.ramSliceInst0.GenericRAMInst0;

gi syn_block_ram;
ai .slack_logic -0.865 ;
gp DIA[0];
ap .slack_logic 1.980 ;
gp DIA[1];
ap .slack_logic 1.980 ;
gp DIA[2];
ap .slack_logic 1.980 ;
gp DIA[3];
ap .slack_logic 1.980 ;
gp DIA[4];
ap .slack_logic 1.980 ;
gp DIA[5];
ap .slack_logic 1.980 ;
gp DIA[6];
ap .slack_logic 1.980 ;
gp DIA[7];
ap .slack_logic 1.980 ;
gp DIA[8];
ap .slack_logic 1.980 ;
gp DIA[9];
ap .slack_logic 1.980 ;
gp DIA[10];
ap .slack_logic 1.980 ;
gp DIA[11];
ap .slack_logic 1.980 ;
gp DIA[12];
ap .slack_logic 1.980 ;
gp DIA[13];
ap .slack_logic 1.980 ;
gp DIA[14];
ap .slack_logic 1.980 ;
gp DIA[15];
ap .slack_logic 1.980 ;
gp DIA[16];
ap .slack_logic 1.980 ;
gp DIA[17];
ap .slack_logic 1.980 ;
gp DIA[18];
ap .slack_logic 1.980 ;
gp DIA[19];
ap .slack_logic 2.010 ;
gp DIA[20];
ap .slack_logic 1.980 ;
gp DIA[21];
ap .slack_logic 1.980 ;
gp DIA[22];
ap .slack_logic 1.980 ;
gp DIA[23];
ap .slack_logic 1.980 ;
gp DIA[24];
ap .slack_logic 1.980 ;
gp DIA[25];
ap .slack_logic 1.980 ;
gp DIA[26];
ap .slack_logic 1.980 ;
gp DIA[27];
ap .slack_logic 1.980 ;
gp DIA[28];
ap .slack_logic 1.980 ;
gp DIA[29];
ap .slack_logic 1.980 ;
gp DIA[30];
ap .slack_logic 1.980 ;
gp DIA[31];
ap .slack_logic 1.980 ;
gp DIPA[0];
ap .slack_logic 1.980 ;
gp DIPA[1];
ap .slack_logic 1.980 ;
gp DIPA[2];
ap .slack_logic 1.980 ;
gp DIPA[3];
ap .slack_logic 1.980 ;

d iice_inst_0.b3_SoW.b3_SoW.ramSliceInst1.GenericRAMInst0;

gi syn_block_ram;
ai .slack_logic -0.577 ;
gp DIA[0];
ap .slack_logic 1.980 ;
gp DIA[1];
ap .slack_logic 1.980 ;
gp DIA[2];
ap .slack_logic 1.980 ;
gp DIA[3];
ap .slack_logic 1.980 ;
gp DIA[4];
ap .slack_logic 1.980 ;
gp DIA[5];
ap .slack_logic 1.980 ;
gp DIA[6];
ap .slack_logic 1.980 ;
gp DIA[7];
ap .slack_logic 1.980 ;
gp DIA[8];
ap .slack_logic 1.980 ;
gp DIA[9];
ap .slack_logic 1.980 ;
gp DIA[10];
ap .slack_logic 1.980 ;
gp DIA[11];
ap .slack_logic 1.980 ;
gp DIA[12];
ap .slack_logic 1.980 ;
gp DIA[13];
ap .slack_logic 1.980 ;
gp DIA[14];
ap .slack_logic 1.980 ;
gp DIA[15];
ap .slack_logic 1.980 ;
gp DIA[16];
ap .slack_logic 1.980 ;
gp DIA[17];
ap .slack_logic 1.980 ;
gp DIA[18];
ap .slack_logic 1.980 ;
gp DIA[19];
ap .slack_logic 1.980 ;
gp DIA[20];
ap .slack_logic 1.980 ;
gp DIA[21];
ap .slack_logic 1.980 ;
gp DIA[22];
ap .slack_logic 1.980 ;
gp DIA[23];
ap .slack_logic 1.980 ;
gp DIA[24];
ap .slack_logic 1.980 ;
gp DIA[25];
ap .slack_logic 1.980 ;
gp DIA[26];
ap .slack_logic 1.980 ;
gp DIA[27];
ap .slack_logic 1.980 ;
gp DIA[28];
ap .slack_logic 1.980 ;
gp DIA[29];
ap .slack_logic 1.980 ;
gp DIA[30];
ap .slack_logic 1.980 ;
gp DIA[31];
ap .slack_logic 1.980 ;
gp DIPA[0];
ap .slack_logic 1.980 ;
gp DIPA[1];
ap .slack_logic 1.980 ;
gp DIPA[2];
ap .slack_logic 1.980 ;
gp DIPA[3];
ap .slack_logic 1.980 ;

d iice_inst_0.b3_SoW.b3_SoW.ramSliceInst2.GenericRAMInst0;

gi syn_block_ram;
ai .slack_logic -0.577 ;
gp DIA[0];
ap .slack_logic 1.980 ;
gp DIA[1];
ap .slack_logic 1.980 ;
gp DIA[2];
ap .slack_logic 1.980 ;
gp DIA[3];
ap .slack_logic 1.980 ;
gp DIA[4];
ap .slack_logic 1.980 ;
gp DIA[5];
ap .slack_logic 1.980 ;
gp DIA[6];
ap .slack_logic 1.980 ;
gp DIA[7];
ap .slack_logic 1.980 ;
gp DIA[8];
ap .slack_logic 1.980 ;
gp DIA[9];
ap .slack_logic 1.980 ;
gp DIA[10];
ap .slack_logic 1.980 ;
gp DIA[11];
ap .slack_logic 1.980 ;
gp DIA[12];
ap .slack_logic 1.980 ;
gp DIA[13];
ap .slack_logic 1.980 ;
gp DIA[14];
ap .slack_logic 1.980 ;
gp DIA[15];
ap .slack_logic 1.980 ;
gp DIA[16];
ap .slack_logic 1.980 ;
gp DIA[17];
ap .slack_logic 1.980 ;
gp DIA[18];
ap .slack_logic 1.980 ;
gp DIA[19];
ap .slack_logic 1.980 ;
gp DIA[20];
ap .slack_logic 1.980 ;
gp DIA[21];
ap .slack_logic 1.980 ;
gp DIA[22];
ap .slack_logic 1.980 ;
gp DIA[23];
ap .slack_logic 1.980 ;
gp DIA[24];
ap .slack_logic 1.980 ;
gp DIA[25];
ap .slack_logic 1.980 ;
gp DIA[26];
ap .slack_logic 1.980 ;
gp DIA[27];
ap .slack_logic 1.980 ;
gp DIA[28];
ap .slack_logic 1.980 ;
gp DIA[29];
ap .slack_logic 1.980 ;
gp DIA[30];
ap .slack_logic 1.980 ;
gp DIA[31];
ap .slack_logic 1.980 ;
gp DIPA[0];
ap .slack_logic 1.980 ;
gp DIPA[1];
ap .slack_logic 1.980 ;
gp DIPA[2];
ap .slack_logic 1.980 ;
gp DIPA[3];
ap .slack_logic 1.980 ;

d iice_inst_0.b3_SoW.b3_SoW.ramSliceInst3.GenericRAMInst0;

gi syn_block_ram;
ai .slack_logic -0.577 ;
gp DIA[0];
ap .slack_logic 1.980 ;
gp DIA[1];
ap .slack_logic 1.980 ;
gp DIA[2];
ap .slack_logic 1.980 ;
gp DIA[3];
ap .slack_logic 1.980 ;
gp DIA[4];
ap .slack_logic 1.980 ;
gp DIA[5];
ap .slack_logic 1.980 ;
gp DIA[6];
ap .slack_logic 1.980 ;
gp DIA[7];
ap .slack_logic 1.980 ;
gp DIA[8];
ap .slack_logic 1.980 ;
gp DIA[9];
ap .slack_logic 1.980 ;
gp DIA[10];
ap .slack_logic 1.980 ;
gp DIA[11];
ap .slack_logic 1.980 ;
gp DIA[12];
ap .slack_logic 2.010 ;
gp DIA[13];
ap .slack_logic 2.010 ;
gp DIA[14];
ap .slack_logic 2.010 ;
gp DIA[15];
ap .slack_logic 2.010 ;
