a avanti/ 0K
a avanti/1999.1/ 0K
a avanti/1999.1/cb25/ 0K
a avanti/1999.1/cb25/v2.1/ 0K
a avanti/1999.1/cb25/v2.1/vital/ 0K
a avanti/1999.1/cb25/v2.1/vital/cb25os163/ 0K
a avanti/1999.1/cb25/v2.1/vital/cb25os163/zero/ 0K
a avanti/1999.1/cb25/v2.1/vital/cb25os163/zero/makefile 2K
a avanti/1999.1/cb25/v2.1/vital/cb25os163/zero/cb25os163.vhd 1588K
a avanti/1999.1/cb25/v2.1/vital/modeltech/ 0K
a avanti/1999.1/cb25/v2.1/vital/modeltech/StdMakefile.mk 3K
a avanti/1999.1/cb25/v2.1/vital/modeltech/modelsim.ini 2K
a avanti/1999.1/cb25/v2.1/verilog/ 0K
a avanti/1999.1/cb25/v2.1/verilog/cb25os163/ 0K
a avanti/1999.1/cb25/v2.1/verilog/cb25os163/zero/ 0K
a avanti/1999.1/cb25/v2.1/verilog/cb25os163/zero/makefile 6K
a avanti/1999.1/cb25/v2.1/verilog/cb25os163/zero/ad01d0.v 2K
a avanti/1999.1/cb25/v2.1/verilog/cb25os163/zero/ad01d1.v 2K
a avanti/1999.1/cb25/v2.1/verilog/cb25os163/zero/ad01d2.v 2K
a avanti/1999.1/cb25/v2.1/verilog/cb25os163/zero/ad02d0.v 6K
a avanti/1999.1/cb25/v2.1/verilog/cb25os163/zero/ad02d1.v 6K
a avanti/1999.1/cb25/v2.1/verilog/cb25os163/zero/ad02d2.v 6K
a avanti/1999.1/cb25/v2.1/verilog/cb25os163/zero/adiode.v 1K
a avanti/1999.1/cb25/v2.1/verilog/cb25os163/zero/adp1d1.v 2K
a avanti/1999.1/cb25/v2.1/verilog/cb25os163/zero/ah01d0.v 2K
a avanti/1999.1/cb25/v2.1/verilog/cb25os163/zero/ah01d1.v 2K
a avanti/1999.1/cb25/v2.1/verilog/cb25os163/zero/ah01d2.v 2K
a avanti/1999.1/cb25/v2.1/verilog/cb25os163/zero/an02d0.v 2K
a avanti/1999.1/cb25/v2.1/verilog/cb25os163/zero/an02d1.v 2K
a avanti/1999.1/cb25/v2.1/verilog/cb25os163/zero/an02d2.v 2K
a avanti/1999.1/cb25/v2.1/verilog/cb25os163/zero/an02d4.v 2K
a avanti/1999.1/cb25/v2.1/verilog/cb25os163/zero/an03d1.v 2K
a avanti/1999.1/cb25/v2.1/verilog/cb25os163/zero/an03d2.v 2K
a avanti/1999.1/cb25/v2.1/verilog/cb25os163/zero/an03d4.v 2K
a avanti/1999.1/cb25/v2.1/verilog/cb25os163/zero/an04d1.v 2K
a avanti/1999.1/cb25/v2.1/verilog/cb25os163/zero/an04d2.v 2K
a avanti/1999.1/cb25/v2.1/verilog/cb25os163/zero/an04d4.v 2K
a avanti/1999.1/cb25/v2.1/verilog/cb25os163/zero/an12d1.v 2K
a avanti/1999.1/cb25/v2.1/verilog/cb25os163/zero/an12d2.v 2K
a avanti/1999.1/cb25/v2.1/verilog/cb25os163/zero/an12d4.v 2K
a avanti/1999.1/cb25/v2.1/verilog/cb25os163/zero/an13d1.v 2K
a avanti/1999.1/cb25/v2.1/verilog/cb25os163/zero/an13d2.v 2K
a avanti/1999.1/cb25/v2.1/verilog/cb25os163/zero/an13d4.v 2K
a avanti/1999.1/cb25/v2.1/verilog/cb25os163/zero/an23d1.v 2K
a avanti/1999.1/cb25/v2.1/verilog/cb25os163/zero/an23d2.v 2K
a avanti/1999.1/cb25/v2.1/verilog/cb25os163/zero/an23d4.v 2K
a avanti/1999.1/cb25/v2.1/verilog/cb25os163/zero/aoi211d1.v 2K
a avanti/1999.1/cb25/v2.1/verilog/cb25os163/zero/aoi211d2.v 2K
a avanti/1999.1/cb25/v2.1/verilog/cb25os163/zero/aoi21d1.v 2K
a avanti/1999.1/cb25/v2.1/verilog/cb25os163/zero/aoi21d2.v 2K
a avanti/1999.1/cb25/v2.1/verilog/cb25os163/zero/aoi221d1.v 2K
a avanti/1999.1/cb25/v2.1/verilog/cb25os163/zero/aoi221d2.v 2K
a avanti/1999.1/cb25/v2.1/verilog/cb25os163/zero/aoi2222d1.v 2K
a avanti/1999.1/cb25/v2.1/verilog/cb25os163/zero/aoi2222d2.v 2K
a avanti/1999.1/cb25/v2.1/verilog/cb25os163/zero/aoi222d1.v 2K
a avanti/1999.1/cb25/v2.1/verilog/cb25os163/zero/aoi222d2.v 2K
a avanti/1999.1/cb25/v2.1/verilog/cb25os163/zero/aoi22d1.v 2K
a avanti/1999.1/cb25/v2.1/verilog/cb25os163/zero/aoi22d2.v 2K
a avanti/1999.1/cb25/v2.1/verilog/cb25os163/zero/aoi311d1.v 2K
a avanti/1999.1/cb25/v2.1/verilog/cb25os163/zero/aoi311d2.v 2K
a avanti/1999.1/cb25/v2.1/verilog/cb25os163/zero/aoi31d1.v 2K
a avanti/1999.1/cb25/v2.1/verilog/cb25os163/zero/aoi31d2.v 2K
a avanti/1999.1/cb25/v2.1/verilog/cb25os163/zero/aoi321d1.v 2K
a avanti/1999.1/cb25/v2.1/verilog/cb25os163/zero/aoi321d2.v 2K
a avanti/1999.1/cb25/v2.1/verilog/cb25os163/zero/aoi322d1.v 2K
a avanti/1999.1/cb25/v2.1/verilog/cb25os163/zero/aoi322d2.v 2K
a avanti/1999.1/cb25/v2.1/verilog/cb25os163/zero/aoim211d1.v 2K
a avanti/1999.1/cb25/v2.1/verilog/cb25os163/zero/aoim211d2.v 2K
a avanti/1999.1/cb25/v2.1/verilog/cb25os163/zero/aoim211d4.v 2K
a avanti/1999.1/cb25/v2.1/verilog/cb25os163/zero/aoim21d1.v 2K
a avanti/1999.1/cb25/v2.1/verilog/cb25os163/zero/aoim21d2.v 2K
a avanti/1999.1/cb25/v2.1/verilog/cb25os163/zero/aoim21d4.v 2K
a avanti/1999.1/cb25/v2.1/verilog/cb25os163/zero/aoim22d1.v 2K
a avanti/1999.1/cb25/v2.1/verilog/cb25os163/zero/aoim22d2.v 2K
a avanti/1999.1/cb25/v2.1/verilog/cb25os163/zero/aoim2m11d1.v 2K
a avanti/1999.1/cb25/v2.1/verilog/cb25os163/zero/aoim2m11d2.v 2K
a avanti/1999.1/cb25/v2.1/verilog/cb25os163/zero/aoim2m11d4.v 2K
a avanti/1999.1/cb25/v2.1/verilog/cb25os163/zero/aoim311d1.v 2K
a avanti/1999.1/cb25/v2.1/verilog/cb25os163/zero/aoim311d2.v 2K
a avanti/1999.1/cb25/v2.1/verilog/cb25os163/zero/aoim311d4.v 2K
a avanti/1999.1/cb25/v2.1/verilog/cb25os163/zero/aoim31d1.v 2K
a avanti/1999.1/cb25/v2.1/verilog/cb25os163/zero/aoim31d2.v 2K
a avanti/1999.1/cb25/v2.1/verilog/cb25os163/zero/aoim31d4.v 2K
a avanti/1999.1/cb25/v2.1/verilog/cb25os163/zero/aoim3m11d1.v 2K
a avanti/1999.1/cb25/v2.1/verilog/cb25os163/zero/aoim3m11d2.v 2K
a avanti/1999.1/cb25/v2.1/verilog/cb25os163/zero/aoim3m11d4.v 2K
a avanti/1999.1/cb25/v2.1/verilog/cb25os163/zero/aon211d1.v 2K
a avanti/1999.1/cb25/v2.1/verilog/cb25os163/zero/aon211d2.v 2K
a avanti/1999.1/cb25/v2.1/verilog/cb25os163/zero/aor211d1.v 2K
a avanti/1999.1/cb25/v2.1/verilog/cb25os163/zero/aor211d2.v 2K
a avanti/1999.1/cb25/v2.1/verilog/cb25os163/zero/aor211d4.v 2K
a avanti/1999.1/cb25/v2.1/verilog/cb25os163/zero/aor21d1.v 2K
a avanti/1999.1/cb25/v2.1/verilog/cb25os163/zero/aor21d2.v 2K
a avanti/1999.1/cb25/v2.1/verilog/cb25os163/zero/aor21d4.v 2K
a avanti/1999.1/cb25/v2.1/verilog/cb25os163/zero/aor221d1.v 2K
a avanti/1999.1/cb25/v2.1/verilog/cb25os163/zero/aor221d2.v 2K
a avanti/1999.1/cb25/v2.1/verilog/cb25os163/zero/aor222d1.v 2K
a avanti/1999.1/cb25/v2.1/verilog/cb25os163/zero/aor222d2.v 2K
a avanti/1999.1/cb25/v2.1/verilog/cb25os163/zero/aor22d1.v 2K
a avanti/1999.1/cb25/v2.1/verilog/cb25os163/zero/aor22d2.v 2K
a avanti/1999.1/cb25/v2.1/verilog/cb25os163/zero/aor311d1.v 2K
a avanti/1999.1/cb25/v2.1/verilog/cb25os163/zero/aor311d2.v 2K
a avanti/1999.1/cb25/v2.1/verilog/cb25os163/zero/aor311d4.v 2K
a avanti/1999.1/cb25/v2.1/verilog/cb25os163/zero/aor31d1.v 2K
a avanti/1999.1/cb25/v2.1/verilog/cb25os163/zero/aor31d2.v 2K
a avanti/1999.1/cb25/v2.1/verilog/cb25os163/zero/aor31d4.v 2K
a avanti/1999.1/cb25/v2.1/verilog/cb25os163/zero/as01d0.v 3K
a avanti/1999.1/cb25/v2.1/verilog/cb25os163/zero/as01d1.v 3K
a avanti/1999.1/cb25/v2.1/verilog/cb25os163/zero/as01d2.v 3K
a avanti/1999.1/cb25/v2.1/verilog/cb25os163/zero/as21d0.v 11K
a avanti/1999.1/cb25/v2.1/verilog/cb25os163/zero/as21d1.v 11K
a avanti/1999.1/cb25/v2.1/verilog/cb25os163/zero/as21d2.v 11K
a avanti/1999.1/cb25/v2.1/verilog/cb25os163/zero/bh01d1.v 1K
a avanti/1999.1/cb25/v2.1/verilog/cb25os163/zero/bufbd1.v 1K
a avanti/1999.1/cb25/v2.1/verilog/cb25os163/zero/bufbd3.v 1K
a avanti/1999.1/cb25/v2.1/verilog/cb25os163/zero/bufbd7.v 1K
a avanti/1999.1/cb25/v2.1/verilog/cb25os163/zero/bufbda.v 1K
a avanti/1999.1/cb25/v2.1/verilog/cb25os163/zero/buffd1.v 1K
a avanti/1999.1/cb25/v2.1/verilog/cb25os163/zero/buffd3.v 1K
a avanti/1999.1/cb25/v2.1/verilog/cb25os163/zero/buffd7.v 1K
a avanti/1999.1/cb25/v2.1/verilog/cb25os163/zero/buffda.v 1K
a avanti/1999.1/cb25/v2.1/verilog/cb25os163/zero/buftd1.v 2K
a avanti/1999.1/cb25/v2.1/verilog/cb25os163/zero/buftd2.v 2K
a avanti/1999.1/cb25/v2.1/verilog/cb25os163/zero/buftd4.v 2K
a avanti/1999.1/cb25/v2.1/verilog/cb25os163/zero/cg01d0.v 2K
a avanti/1999.1/cb25/v2.1/verilog/cb25os163/zero/cg01d1.v 2K
a avanti/1999.1/cb25/v2.1/verilog/cb25os163/zero/cg01d2.v 2K
a avanti/1999.1/cb25/v2.1/verilog/cb25os163/zero/clk2d2.v 2K
a avanti/1999.1/cb25/v2.1/verilog/cb25os163/zero/cload1.v 1K
a avanti/1999.1/cb25/v2.1/verilog/cb25os163/zero/decfq1.v 3K
a avanti/1999.1/cb25/v2.1/verilog/cb25os163/zero/decfq2.v 3K
a avanti/1999.1/cb25/v2.1/verilog/cb25os163/zero/decrq1.v 3K
a avanti/1999.1/cb25/v2.1/verilog/cb25os163/zero/decrq2.v 3K
a avanti/1999.1/cb25/v2.1/verilog/cb25os163/zero/denrq1.v 3K
a avanti/1999.1/cb25/v2.1/verilog/cb25os163/zero/denrq2.v 3K
a avanti/1999.1/cb25/v2.1/verilog/cb25os163/zero/depfq1.v 3K
a avanti/1999.1/cb25/v2.1/verilog/cb25os163/zero/depfq2.v 3K
a avanti/1999.1/cb25/v2.1/verilog/cb25os163/zero/deprq1.v 3K
a avanti/1999.1/cb25/v2.1/verilog/cb25os163/zero/deprq2.v 3K
a avanti/1999.1/cb25/v2.1/verilog/cb25os163/zero/dfbfb1.v 4K
a avanti/1999.1/cb25/v2.1/verilog/cb25os163/zero/dfbfb2.v 4K
a avanti/1999.1/cb25/v2.1/verilog/cb25os163/zero/dfbrb1.v 3K
a avanti/1999.1/cb25/v2.1/verilog/cb25os163/zero/dfbrb2.v 3K
a avanti/1999.1/cb25/v2.1/verilog/cb25os163/zero/dfcfb1.v 3K
a avanti/1999.1/cb25/v2.1/verilog/cb25os163/zero/dfcfb2.v 3K
a avanti/1999.1/cb25/v2.1/verilog/cb25os163/zero/dfcfq1.v 2K
a avanti/1999.1/cb25/v2.1/verilog/cb25os163/zero/dfcfq2.v 2K
a avanti/1999.1/cb25/v2.1/verilog/cb25os163/zero/dfcrb1.v 3K
a avanti/1999.1/cb25/v2.1/verilog/cb25os163/zero/dfcrb2.v 3K
a avanti/1999.1/cb25/v2.1/verilog/cb25os163/zero/dfcrn1.v 3K
a avanti/1999.1/cb25/v2.1/verilog/cb25os163/zero/dfcrn2.v 3K
a avanti/1999.1/cb25/v2.1/verilog/cb25os163/zero/dfcrq1.v 2K
a avanti/1999.1/cb25/v2.1/verilog/cb25os163/zero/dfcrq2.v 2K
a avanti/1999.1/cb25/v2.1/verilog/cb25os163/zero/dfnfb1.v 2K
a avanti/1999.1/cb25/v2.1/verilog/cb25os163/zero/dfnfb2.v 2K
a avanti/1999.1/cb25/v2.1/verilog/cb25os163/zero/dfnrb1.v 2K
a avanti/1999.1/cb25/v2.1/verilog/cb25os163/zero/dfnrb2.v 2K
a avanti/1999.1/cb25/v2.1/verilog/cb25os163/zero/dfnrn1.v 2K
a avanti/1999.1/cb25/v2.1/verilog/cb25os163/zero/dfnrn2.v 2K
a avanti/1999.1/cb25/v2.1/verilog/cb25os163/zero/dfnrq1.v 2K
a avanti/1999.1/cb25/v2.1/verilog/cb25os163/zero/dfnrq2.v 2K
a avanti/1999.1/cb25/v2.1/verilog/cb25os163/zero/dfpfb1.v 3K
a avanti/1999.1/cb25/v2.1/verilog/cb25os163/zero/dfpfb2.v 3K
a avanti/1999.1/cb25/v2.1/verilog/cb25os163/zero/dfprb1.v 3K
a avanti/1999.1/cb25/v2.1/verilog/cb25os163/zero/dfprb2.v 3K
a avanti/1999.1/cb25/v2.1/verilog/cb25os163/zero/inv0d0.v 1K
a avanti/1999.1/cb25/v2.1/verilog/cb25os163/zero/inv0d1.v 1K
a avanti/1999.1/cb25/v2.1/verilog/cb25os163/zero/inv0d2.v 1K
a avanti/1999.1/cb25/v2.1/verilog/cb25os163/zero/inv0d4.v 1K
a avanti/1999.1/cb25/v2.1/verilog/cb25os163/zero/inv0d7.v 1K
a avanti/1999.1/cb25/v2.1/verilog/cb25os163/zero/inv0da.v 1K
a avanti/1999.1/cb25/v2.1/verilog/cb25os163/zero/invbd2.v 1K
a avanti/1999.1/cb25/v2.1/verilog/cb25os163/zero/invbd4.v 1K
a avanti/1999.1/cb25/v2.1/verilog/cb25os163/zero/invtd1.v 2K
a avanti/1999.1/cb25/v2.1/verilog/cb25os163/zero/invtd2.v 2K
a avanti/1999.1/cb25/v2.1/verilog/cb25os163/zero/invtd4.v 2K
a avanti/1999.1/cb25/v2.1/verilog/cb25os163/zero/invtd7.v 2K
a avanti/1999.1/cb25/v2.1/verilog/cb25os163/zero/invtda.v 2K
a avanti/1999.1/cb25/v2.1/verilog/cb25os163/zero/jkbrb1.v 4K
a avanti/1999.1/cb25/v2.1/verilog/cb25os163/zero/jkbrb2.v 4K
a avanti/1999.1/cb25/v2.1/verilog/cb25os163/zero/labhb1.v 4K
a avanti/1999.1/cb25/v2.1/verilog/cb25os163/zero/labhb2.v 4K
a avanti/1999.1/cb25/v2.1/verilog/cb25os163/zero/lachq1.v 2K
a avanti/1999.1/cb25/v2.1/verilog/cb25os163/zero/lachq2.v 2K
a avanti/1999.1/cb25/v2.1/verilog/cb25os163/zero/laclq1.v 2K
a avanti/1999.1/cb25/v2.1/verilog/cb25os163/zero/laclq2.v 2K
a avanti/1999.1/cb25/v2.1/verilog/cb25os163/zero/lanhb1.v 2K
a avanti/1999.1/cb25/v2.1/verilog/cb25os163/zero/lanhb2.v 2K
a avanti/1999.1/cb25/v2.1/verilog/cb25os163/zero/lanhn1.v 3K
a avanti/1999.1/cb25/v2.1/verilog/cb25os163/zero/lanhn2.v 3K
a avanti/1999.1/cb25/v2.1/verilog/cb25os163/zero/lanhq1.v 2K
a avanti/1999.1/cb25/v2.1/verilog/cb25os163/zero/lanhq2.v 2K
a avanti/1999.1/cb25/v2.1/verilog/cb25os163/zero/lanht1.v 4K
a avanti/1999.1/cb25/v2.1/verilog/cb25os163/zero/lanht2.v 4K
a avanti/1999.1/cb25/v2.1/verilog/cb25os163/zero/lanlb1.v 2K
a avanti/1999.1/cb25/v2.1/verilog/cb25os163/zero/lanlb2.v 2K
a avanti/1999.1/cb25/v2.1/verilog/cb25os163/zero/lanln1.v 3K
a avanti/1999.1/cb25/v2.1/verilog/cb25os163/zero/lanln2.v 3K
a avanti/1999.1/cb25/v2.1/verilog/cb25os163/zero/lanlq1.v 2K
a avanti/1999.1/cb25/v2.1/verilog/cb25os163/zero/lanlq2.v 2K
a avanti/1999.1/cb25/v2.1/verilog/cb25os163/zero/mffnrb1.v 3K
a avanti/1999.1/cb25/v2.1/verilog/cb25os163/zero/mffnrb2.v 3K
a avanti/1999.1/cb25/v2.1/verilog/cb25os163/zero/mi02d1.v 2K
a avanti/1999.1/cb25/v2.1/verilog/cb25os163/zero/mi02d2.v 2K
a avanti/1999.1/cb25/v2.1/verilog/cb25os163/zero/mi02d4.v 2K
a avanti/1999.1/cb25/v2.1/verilog/cb25os163/zero/mtb_verilog.v 659K
a avanti/1999.1/cb25/v2.1/verilog/cb25os163/zero/mx02d0.v 2K
a avanti/1999.1/cb25/v2.1/verilog/cb25os163/zero/mx02d1.v 2K
a avanti/1999.1/cb25/v2.1/verilog/cb25os163/zero/mx02d2.v 2K
a avanti/1999.1/cb25/v2.1/verilog/cb25os163/zero/mx02d4.v 2K
a avanti/1999.1/cb25/v2.1/verilog/cb25os163/zero/mx04d1.v 2K
a avanti/1999.1/cb25/v2.1/verilog/cb25os163/zero/mx04d2.v 2K
a avanti/1999.1/cb25/v2.1/verilog/cb25os163/zero/mx04d4.v 2K
a avanti/1999.1/cb25/v2.1/verilog/cb25os163/zero/mx08d1.v 5K
a avanti/1999.1/cb25/v2.1/verilog/cb25os163/zero/mx08d2.v 5K
a avanti/1999.1/cb25/v2.1/verilog/cb25os163/zero/mx08d4.v 5K
a avanti/1999.1/cb25/v2.1/verilog/cb25os163/zero/nd02d0.v 2K
a avanti/1999.1/cb25/v2.1/verilog/cb25os163/zero/nd02d1.v 2K
a avanti/1999.1/cb25/v2.1/verilog/cb25os163/zero/nd02d2.v 2K
a avanti/1999.1/cb25/v2.1/verilog/cb25os163/zero/nd02d4.v 2K
a avanti/1999.1/cb25/v2.1/verilog/cb25os163/zero/nd03d0.v 2K
a avanti/1999.1/cb25/v2.1/verilog/cb25os163/zero/nd03d1.v 2K
a avanti/1999.1/cb25/v2.1/verilog/cb25os163/zero/nd03d2.v 2K
a avanti/1999.1/cb25/v2.1/verilog/cb25os163/zero/nd03d4.v 2K
a avanti/1999.1/cb25/v2.1/verilog/cb25os163/zero/nd04d1.v 2K
a avanti/1999.1/cb25/v2.1/verilog/cb25os163/zero/nd04d2.v 2K
a avanti/1999.1/cb25/v2.1/verilog/cb25os163/zero/nd04d4.v 2K
a avanti/1999.1/cb25/v2.1/verilog/cb25os163/zero/nd12d0.v 2K
a avanti/1999.1/cb25/v2.1/verilog/cb25os163/zero/nd12d1.v 2K
a avanti/1999.1/cb25/v2.1/verilog/cb25os163/zero/nd12d2.v 2K
a avanti/1999.1/cb25/v2.1/verilog/cb25os163/zero/nd12d4.v 2K
a avanti/1999.1/cb25/v2.1/verilog/cb25os163/zero/nd13d1.v 2K
a avanti/1999.1/cb25/v2.1/verilog/cb25os163/zero/nd13d2.v 2K
a avanti/1999.1/cb25/v2.1/verilog/cb25os163/zero/nd13d4.v 2K
a avanti/1999.1/cb25/v2.1/verilog/cb25os163/zero/nd23d1.v 2K
a avanti/1999.1/cb25/v2.1/verilog/cb25os163/zero/nd23d2.v 2K
a avanti/1999.1/cb25/v2.1/verilog/cb25os163/zero/nd23d4.v 2K
a avanti/1999.1/cb25/v2.1/verilog/cb25os163/zero/nr02d0.v 2K
a avanti/1999.1/cb25/v2.1/verilog/cb25os163/zero/nr02d1.v 2K
a avanti/1999.1/cb25/v2.1/verilog/cb25os163/zero/nr02d2.v 2K
a avanti/1999.1/cb25/v2.1/verilog/cb25os163/zero/nr02d4.v 2K
a avanti/1999.1/cb25/v2.1/verilog/cb25os163/zero/nr03d1.v 2K
a avanti/1999.1/cb25/v2.1/verilog/cb25os163/zero/nr03d2.v 2K
a avanti/1999.1/cb25/v2.1/verilog/cb25os163/zero/nr03d4.v 2K
a avanti/1999.1/cb25/v2.1/verilog/cb25os163/zero/nr04d1.v 2K
a avanti/1999.1/cb25/v2.1/verilog/cb25os163/zero/nr04d2.v 2K
a avanti/1999.1/cb25/v2.1/verilog/cb25os163/zero/nr04d4.v 2K
a avanti/1999.1/cb25/v2.1/verilog/cb25os163/zero/nr13d1.v 2K
a avanti/1999.1/cb25/v2.1/verilog/cb25os163/zero/nr13d2.v 2K
a avanti/1999.1/cb25/v2.1/verilog/cb25os163/zero/nr13d4.v 2K
a avanti/1999.1/cb25/v2.1/verilog/cb25os163/zero/nr23d1.v 2K
a avanti/1999.1/cb25/v2.1/verilog/cb25os163/zero/nr23d2.v 2K
a avanti/1999.1/cb25/v2.1/verilog/cb25os163/zero/nr23d4.v 2K
a avanti/1999.1/cb25/v2.1/verilog/cb25os163/zero/oai211d1.v 2K
a avanti/1999.1/cb25/v2.1/verilog/cb25os163/zero/oai211d2.v 2K
a avanti/1999.1/cb25/v2.1/verilog/cb25os163/zero/oai211d4.v 2K
a avanti/1999.1/cb25/v2.1/verilog/cb25os163/zero/oai21d1.v 2K
a avanti/1999.1/cb25/v2.1/verilog/cb25os163/zero/oai21d2.v 2K
a avanti/1999.1/cb25/v2.1/verilog/cb25os163/zero/oai21d4.v 2K
a avanti/1999.1/cb25/v2.1/verilog/cb25os163/zero/oai221d1.v 2K
a avanti/1999.1/cb25/v2.1/verilog/cb25os163/zero/oai221d2.v 2K
a avanti/1999.1/cb25/v2.1/verilog/cb25os163/zero/oai221d4.v 2K
a avanti/1999.1/cb25/v2.1/verilog/cb25os163/zero/oai2222d1.v 2K
a avanti/1999.1/cb25/v2.1/verilog/cb25os163/zero/oai2222d2.v 2K
a avanti/1999.1/cb25/v2.1/verilog/cb25os163/zero/oai2222d4.v 2K
a avanti/1999.1/cb25/v2.1/verilog/cb25os163/zero/oai222d1.v 2K
a avanti/1999.1/cb25/v2.1/verilog/cb25os163/zero/oai222d2.v 2K
a avanti/1999.1/cb25/v2.1/verilog/cb25os163/zero/oai222d4.v 2K
a avanti/1999.1/cb25/v2.1/verilog/cb25os163/zero/oai22d1.v 2K
a avanti/1999.1/cb25/v2.1/verilog/cb25os163/zero/oai22d2.v 2K
a avanti/1999.1/cb25/v2.1/verilog/cb25os163/zero/oai22d4.v 2K
a avanti/1999.1/cb25/v2.1/verilog/cb25os163/zero/oai311d1.v 2K
a avanti/1999.1/cb25/v2.1/verilog/cb25os163/zero/oai311d2.v 2K
a avanti/1999.1/cb25/v2.1/verilog/cb25os163/zero/oai311d4.v 2K
a avanti/1999.1/cb25/v2.1/verilog/cb25os163/zero/oai31d1.v 2K
a avanti/1999.1/cb25/v2.1/verilog/cb25os163/zero/oai31d2.v 2K
a avanti/1999.1/cb25/v2.1/verilog/cb25os163/zero/oai31d4.v 2K
a avanti/1999.1/cb25/v2.1/verilog/cb25os163/zero/oai321d1.v 2K
a avanti/1999.1/cb25/v2.1/verilog/cb25os163/zero/oai321d2.v 2K
a avanti/1999.1/cb25/v2.1/verilog/cb25os163/zero/oai321d4.v 2K
a avanti/1999.1/cb25/v2.1/verilog/cb25os163/zero/oai322d1.v 2K
a avanti/1999.1/cb25/v2.1/verilog/cb25os163/zero/oai322d2.v 2K
a avanti/1999.1/cb25/v2.1/verilog/cb25os163/zero/oai322d4.v 2K
a avanti/1999.1/cb25/v2.1/verilog/cb25os163/zero/oaim211d1.v 2K
a avanti/1999.1/cb25/v2.1/verilog/cb25os163/zero/oaim211d2.v 2K
a avanti/1999.1/cb25/v2.1/verilog/cb25os163/zero/oaim211d4.v 2K
a avanti/1999.1/cb25/v2.1/verilog/cb25os163/zero/oaim21d1.v 2K
a avanti/1999.1/cb25/v2.1/verilog/cb25os163/zero/oaim21d2.v 2K
a avanti/1999.1/cb25/v2.1/verilog/cb25os163/zero/oaim21d4.v 2K
a avanti/1999.1/cb25/v2.1/verilog/cb25os163/zero/oaim22d1.v 2K
a avanti/1999.1/cb25/v2.1/verilog/cb25os163/zero/oaim22d2.v 2K
a avanti/1999.1/cb25/v2.1/verilog/cb25os163/zero/oaim22d4.v 2K
a avanti/1999.1/cb25/v2.1/verilog/cb25os163/zero/oaim2m11d1.v 2K
a avanti/1999.1/cb25/v2.1/verilog/cb25os163/zero/oaim2m11d2.v 2K
a avanti/1999.1/cb25/v2.1/verilog/cb25os163/zero/oaim2m11d4.v 2K
a avanti/1999.1/cb25/v2.1/verilog/cb25os163/zero/oaim311d1.v 2K
a avanti/1999.1/cb25/v2.1/verilog/cb25os163/zero/oaim311d2.v 2K
a avanti/1999.1/cb25/v2.1/verilog/cb25os163/zero/oaim311d4.v 2K
a avanti/1999.1/cb25/v2.1/verilog/cb25os163/zero/oaim31d1.v 2K
a avanti/1999.1/cb25/v2.1/verilog/cb25os163/zero/oaim31d2.v 2K
a avanti/1999.1/cb25/v2.1/verilog/cb25os163/zero/oaim31d4.v 2K
a avanti/1999.1/cb25/v2.1/verilog/cb25os163/zero/oaim3m11d1.v 2K
a avanti/1999.1/cb25/v2.1/verilog/cb25os163/zero/oaim3m11d2.v 2K
a avanti/1999.1/cb25/v2.1/verilog/cb25os163/zero/oaim3m11d4.v 2K
a avanti/1999.1/cb25/v2.1/verilog/cb25os163/zero/oan211d1.v 2K
a avanti/1999.1/cb25/v2.1/verilog/cb25os163/zero/oan211d2.v 2K
a avanti/1999.1/cb25/v2.1/verilog/cb25os163/zero/or02d0.v 2K
a avanti/1999.1/cb25/v2.1/verilog/cb25os163/zero/or02d1.v 2K
a avanti/1999.1/cb25/v2.1/verilog/cb25os163/zero/or02d2.v 2K
a avanti/1999.1/cb25/v2.1/verilog/cb25os163/zero/or02d4.v 2K
a avanti/1999.1/cb25/v2.1/verilog/cb25os163/zero/or03d1.v 2K
a avanti/1999.1/cb25/v2.1/verilog/cb25os163/zero/or03d2.v 2K
a avanti/1999.1/cb25/v2.1/verilog/cb25os163/zero/or03d4.v 2K
a avanti/1999.1/cb25/v2.1/verilog/cb25os163/zero/or04d1.v 2K
a avanti/1999.1/cb25/v2.1/verilog/cb25os163/zero/or04d2.v 2K
a avanti/1999.1/cb25/v2.1/verilog/cb25os163/zero/or04d4.v 2K
a avanti/1999.1/cb25/v2.1/verilog/cb25os163/zero/or12d1.v 2K
a avanti/1999.1/cb25/v2.1/verilog/cb25os163/zero/or12d2.v 2K
a avanti/1999.1/cb25/v2.1/verilog/cb25os163/zero/or12d4.v 2K
a avanti/1999.1/cb25/v2.1/verilog/cb25os163/zero/or13d1.v 2K
a avanti/1999.1/cb25/v2.1/verilog/cb25os163/zero/or13d2.v 2K
a avanti/1999.1/cb25/v2.1/verilog/cb25os163/zero/or13d4.v 2K
a avanti/1999.1/cb25/v2.1/verilog/cb25os163/zero/or23d1.v 2K
a avanti/1999.1/cb25/v2.1/verilog/cb25os163/zero/or23d2.v 2K
a avanti/1999.1/cb25/v2.1/verilog/cb25os163/zero/or23d4.v 2K
a avanti/1999.1/cb25/v2.1/verilog/cb25os163/zero/ora211d1.v 2K
a avanti/1999.1/cb25/v2.1/verilog/cb25os163/zero/ora211d2.v 2K
a avanti/1999.1/cb25/v2.1/verilog/cb25os163/zero/ora211d4.v 2K
a avanti/1999.1/cb25/v2.1/verilog/cb25os163/zero/ora21d1.v 2K
a avanti/1999.1/cb25/v2.1/verilog/cb25os163/zero/ora21d2.v 2K
a avanti/1999.1/cb25/v2.1/verilog/cb25os163/zero/ora21d4.v 2K
a avanti/1999.1/cb25/v2.1/verilog/cb25os163/zero/ora311d1.v 2K
a avanti/1999.1/cb25/v2.1/verilog/cb25os163/zero/ora311d2.v 2K
a avanti/1999.1/cb25/v2.1/verilog/cb25os163/zero/ora311d4.v 2K
a avanti/1999.1/cb25/v2.1/verilog/cb25os163/zero/ora31d1.v 2K
a avanti/1999.1/cb25/v2.1/verilog/cb25os163/zero/ora31d2.v 2K
a avanti/1999.1/cb25/v2.1/verilog/cb25os163/zero/ora31d4.v 2K
a avanti/1999.1/cb25/v2.1/verilog/cb25os163/zero/sdbrb1.v 5K
a avanti/1999.1/cb25/v2.1/verilog/cb25os163/zero/sdbrb2.v 5K
a avanti/1999.1/cb25/v2.1/verilog/cb25os163/zero/sdcfq1.v 4K
a avanti/1999.1/cb25/v2.1/verilog/cb25os163/zero/sdcfq2.v 4K
a avanti/1999.1/cb25/v2.1/verilog/cb25os163/zero/sdcrb1.v 4K
a avanti/1999.1/cb25/v2.1/verilog/cb25os163/zero/sdcrb2.v 4K
a avanti/1999.1/cb25/v2.1/verilog/cb25os163/zero/sdcrn1.v 4K
a avanti/1999.1/cb25/v2.1/verilog/cb25os163/zero/sdcrn2.v 4K
a avanti/1999.1/cb25/v2.1/verilog/cb25os163/zero/sdcrq1.v 3K
a avanti/1999.1/cb25/v2.1/verilog/cb25os163/zero/sdcrq2.v 3K
a avanti/1999.1/cb25/v2.1/verilog/cb25os163/zero/sdnrb1.v 3K
a avanti/1999.1/cb25/v2.1/verilog/cb25os163/zero/sdnrb2.v 3K
a avanti/1999.1/cb25/v2.1/verilog/cb25os163/zero/sdnrn1.v 4K
a avanti/1999.1/cb25/v2.1/verilog/cb25os163/zero/sdnrn2.v 4K
a avanti/1999.1/cb25/v2.1/verilog/cb25os163/zero/sdnrq1.v 3K
a avanti/1999.1/cb25/v2.1/verilog/cb25os163/zero/sdnrq2.v 3K
a avanti/1999.1/cb25/v2.1/verilog/cb25os163/zero/sdprb1.v 4K
a avanti/1999.1/cb25/v2.1/verilog/cb25os163/zero/sdprb2.v 4K
a avanti/1999.1/cb25/v2.1/verilog/cb25os163/zero/secrq1.v 5K
a avanti/1999.1/cb25/v2.1/verilog/cb25os163/zero/secrq2.v 5K
a avanti/1999.1/cb25/v2.1/verilog/cb25os163/zero/senrq1.v 4K
a avanti/1999.1/cb25/v2.1/verilog/cb25os163/zero/senrq2.v 4K
a avanti/1999.1/cb25/v2.1/verilog/cb25os163/zero/seprq1.v 5K
a avanti/1999.1/cb25/v2.1/verilog/cb25os163/zero/seprq2.v 5K
a avanti/1999.1/cb25/v2.1/verilog/cb25os163/zero/srlab1.v 3K
a avanti/1999.1/cb25/v2.1/verilog/cb25os163/zero/srlab2.v 3K
a avanti/1999.1/cb25/v2.1/verilog/cb25os163/zero/su01d1.v 2K
a avanti/1999.1/cb25/v2.1/verilog/cb25os163/zero/xn02d1.v 2K
a avanti/1999.1/cb25/v2.1/verilog/cb25os163/zero/xn02d2.v 2K
a avanti/1999.1/cb25/v2.1/verilog/cb25os163/zero/xn02d4.v 2K
a avanti/1999.1/cb25/v2.1/verilog/cb25os163/zero/xr02d1.v 2K
a avanti/1999.1/cb25/v2.1/verilog/cb25os163/zero/xr02d2.v 2K
a avanti/1999.1/cb25/v2.1/verilog/cb25os163/zero/xr02d4.v 2K
a avanti/1999.1/cb25/v2.1/verilog/cb25os163/zero/xr03d1.v 2K
a avanti/1999.1/cb25/v2.1/verilog/cb25os163/zero/xr03d2.v 2K
a avanti/1999.1/cb25/v2.1/verilog/cb25os163/zero/xr03d4.v 2K
a avanti/1999.1/cb25/v2.1/verilog/modeltech/ 0K
a avanti/1999.1/cb25/v2.1/verilog/modeltech/StdMakefile.mk 3K
a avanti/1999.1/cb25/v2.1/verilog/modeltech/modelsim.ini 2K
a avanti/1999.1/cb25/v2.1/synopsys/ 0K
a avanti/1999.1/cb25/v2.1/synopsys/cb25os163/ 0K
a avanti/1999.1/cb25/v2.1/synopsys/cb25os163/1997.01/ 0K
a avanti/1999.1/cb25/v2.1/synopsys/cb25os163/1997.01/models/ 0K
a avanti/1999.1/cb25/v2.1/synopsys/cb25os163/1997.01/models/cb25os163_max.db 1529K
a avanti/1999.1/cb25/v2.1/synopsys/cb25os163/1997.01/models/cb25os163_max.rpt 2019K
a avanti/1999.1/cb25/v2.1/synopsys/cb25os163/1997.01/models/cb25os163_min.db 1529K
a avanti/1999.1/cb25/v2.1/synopsys/cb25os163/1997.01/models/cb25os163_min.rpt 2018K
a avanti/1999.1/cb25/v2.1/synopsys/cb25os163/1997.01/models/cb25os163_typ.db 1528K
a avanti/1999.1/cb25/v2.1/synopsys/cb25os163/1997.01/models/cb25os163_typ.rpt 2017K
a avanti/1999.1/cb25/v2.1/synopsys/cb25os163/1997.01/icons/ 0K
a avanti/1999.1/cb25/v2.1/synopsys/cb25os163/1997.01/icons/cb25os163.sdb 312K
a avanti/1999.1/cb25/v2.1/doc/ 0K
a avanti/1999.1/cb25/v2.1/doc/CB25-v2.1.html 4K
a avanti/1999.1/cb25/v2.1/doc/ds_cb25os163.pdf 1372K
a avanti/1999.1/cb25/v2.1/doc/rn_cb25os163.pdf 20K
a avanti/1999.1/cb25/v2.1/doc/ig1_PP25.pdf 409K
a avanti/1999.1/cb25/v2.1/doc/rn_cmpsc25l5_21.pdf 45K
