Warning: In design 'Arbiter3', port 'HBURST_0' is not connected to any nets. (LINT-28)
Warning: In design 'Arbiter3', port 'SCANENABLE' is not connected to any nets. (LINT-28)
Warning: In design 'Arbiter3', port 'SCANINHCLK' is not connected to any nets. (LINT-28)
Warning: In design 'Arbiter3', port 'SCANOUTHCLK' is not connected to any nets. (LINT-28)
************
check_timing
************

Warning: Design 'Arbiter3' contains unmapped cells.
	Use report_cell to list unmapped cells in the design. (OPT-309)

***********
report_cell
***********

Error: Could not read the following target libraries:
cb18os120_generic_max.db 
 (UIO-3)
 
****************************************
Report : cell
Design : Arbiter3
Version: V-2003.12-SP1
Date   : Fri Jun 18 13:15:41 2004
****************************************

Attributes:
    b - black box (unknown)
    c - control logic
    h - hierarchical
    n - noncombinational
    r - removable
    s - synthetic operator
    u - contains unmapped logic

Cell                      Reference       Library             Area  Attributes
--------------------------------------------------------------------------------
AddrMaster_reg_0          **SEQGEN**                      0.000000  n, u
AddrMaster_reg_1          **SEQGEN**                      0.000000  n, u
AddrMaster_reg_2          **SEQGEN**                      0.000000  n, u
AddrMaster_reg_3          **SEQGEN**                      0.000000  n, u
BusReqReg_reg_0           **SEQGEN**                      0.000000  n, u
BusReqReg_reg_1           **SEQGEN**                      0.000000  n, u
BusReqReg_reg_2           **SEQGEN**                      0.000000  n, u
BusReqReg_reg_3           **SEQGEN**                      0.000000  n, u
CurrentBurst_reg_0        **SEQGEN**                      0.000000  n, u
CurrentBurst_reg_1        **SEQGEN**                      0.000000  n, u
CurrentBurst_reg_2        **SEQGEN**                      0.000000  n, u
CurrentBurst_reg_3        **SEQGEN**                      0.000000  n, u
DataMaster_reg_0          **SEQGEN**                      0.000000  n, u
DataMaster_reg_1          **SEQGEN**                      0.000000  n, u
DataMaster_reg_2          **SEQGEN**                      0.000000  n, u
DataMaster_reg_3          **SEQGEN**                      0.000000  n, u
ForceNoMaster_reg         **SEQGEN**                      0.000000  n, u
LockedData_reg            **SEQGEN**                      0.000000  n, u
S_0                       GTECH_NOT       gtech           0.000000  u
S_1                       GTECH_NOT       gtech           0.000000  u
S_2                       GTECH_NOT       gtech           0.000000  u
S_3                       GTECH_NOT       gtech           0.000000  u
S_4                       GTECH_AND2      gtech           0.000000  u
S_5                       GTECH_AND2      gtech           0.000000  u
S_6                       GTECH_AND2      gtech           0.000000  u
S_7                       GTECH_AND2      gtech           0.000000  u
S_8                       GTECH_OR2       gtech           0.000000  u
S_9                       GTECH_BUF       gtech           0.000000  c, u
S_10                      GTECH_NOT       gtech           0.000000  c, u
S_11                      *SELECT_OP_2.4_2.1_4            0.000000  s, u
S_13                      GTECH_NOT       gtech           0.000000  c, u
S_14                      GTECH_AND_NOT   gtech           0.000000  c, u
S_15                      GTECH_AND2      gtech           0.000000  c, u
S_16                      GTECH_AND2      gtech           0.000000  c, u
S_17                      GTECH_OR2       gtech           0.000000  c, u
S_18                      GTECH_OR_NOT    gtech           0.000000  c, u
S_19                      GTECH_OR_NOT    gtech           0.000000  c, u
S_20                      *SELECT_OP_2.1_2.1_1            0.000000  s, u
S_22                      GTECH_AND_NOT   gtech           0.000000  c, u
S_23                      GTECH_OR2       gtech           0.000000  c, u
S_24                      *SELECT_OP_2.1_2.1_1            0.000000  s, u
S_26                      GTECH_AND_NOT   gtech           0.000000  c, u
S_27                      GTECH_AND2      gtech           0.000000  c, u
S_28                      GTECH_OR2       gtech           0.000000  c, u
S_29                      GTECH_OR_NOT    gtech           0.000000  c, u
S_30                      *SELECT_OP_2.1_2.1_1            0.000000  s, u
S_32                      GTECH_AND_NOT   gtech           0.000000  c, u
S_33                      GTECH_OR2       gtech           0.000000  c, u
S_34                      *SELECT_OP_2.1_2.1_1            0.000000  s, u
S_36                      GTECH_BUF       gtech           0.000000  c, u
S_37                      GTECH_NOT       gtech           0.000000  c, u
S_38                      *SELECT_OP_2.1_2.1_1            0.000000  s, u
S_40                      *SELECT_OP_2.1_2.1_1            0.000000  s, u
S_42                      *SELECT_OP_2.1_2.1_1            0.000000  s, u
S_44                      *SELECT_OP_2.1_2.1_1            0.000000  s, u
S_46                      GTECH_BUF       gtech           0.000000  c, u
S_47                      GTECH_NOT       gtech           0.000000  c, u
S_49                      *SELECT_OP_2.1_2.1_1            0.000000  s, u
S_50                      GTECH_BUF       gtech           0.000000  c, u
S_51                      GTECH_NOT       gtech           0.000000  c, u
S_52                      *SELECT_OP_2.4_2.1_4            0.000000  s, u
S_54                      GTECH_NOT       gtech           0.000000  u
S_55                      GTECH_NOT       gtech           0.000000  u
S_56                      GTECH_NOT       gtech           0.000000  u
S_57                      GTECH_NOT       gtech           0.000000  u
S_58                      GTECH_AND2      gtech           0.000000  u
S_59                      GTECH_AND2      gtech           0.000000  u
S_60                      GTECH_AND2      gtech           0.000000  u
S_61                      GTECH_OR2       gtech           0.000000  u
S_62                      GTECH_BUF       gtech           0.000000  c, u
S_63                      GTECH_NOT       gtech           0.000000  c, u
S_64                      *SELECT_OP_2.1_2.1_1            0.000000  s, u
S_66                      GTECH_NOT       gtech           0.000000  c, u
S_67                      GTECH_AND_NOT   gtech           0.000000  c, u
S_68                      GTECH_AND_NOT   gtech           0.000000  c, u
S_69                      GTECH_AND_NOT   gtech           0.000000  c, u
S_70                      GTECH_AND2      gtech           0.000000  c, u
S_71                      GTECH_AND2      gtech           0.000000  c, u
S_72                      GTECH_AND_NOT   gtech           0.000000  c, u
S_73                      GTECH_AND2      gtech           0.000000  c, u
S_74                      GTECH_OR2       gtech           0.000000  c, u
S_75                      *SELECT_OP_5.1_5.1_1            0.000000  s, u
S_77                      GTECH_BUF       gtech           0.000000  c, u
S_78                      GTECH_NOT       gtech           0.000000  c, u
S_79                      *SELECT_OP_2.1_2.1_1            0.000000  s, u
S_81                      GTECH_XNOR2     gtech           0.000000  u
S_82                      GTECH_XNOR2     gtech           0.000000  u
S_83                      GTECH_XNOR2     gtech           0.000000  u
S_84                      GTECH_XNOR2     gtech           0.000000  u
S_85                      GTECH_AND2      gtech           0.000000  u
S_86                      GTECH_AND2      gtech           0.000000  u
S_87                      GTECH_AND2      gtech           0.000000  u
S_88                      GTECH_AND2      gtech           0.000000  u
S_89                      GTECH_NOT       gtech           0.000000  u
S_90                      GTECH_AND2      gtech           0.000000  u
S_91                      GTECH_OR2       gtech           0.000000  u
S_92                      GTECH_AND2      gtech           0.000000  u
S_93                      GTECH_NOT       gtech           0.000000  u
S_94                      GTECH_AND2      gtech           0.000000  u
S_95                      GTECH_BUF       gtech           0.000000  c, u
S_96                      GTECH_NOT       gtech           0.000000  c, u
S_97                      GTECH_AND2      gtech           0.000000  c, u
S_98                      GTECH_AND_NOT   gtech           0.000000  c, u
S_99                      *SELECT_OP_2.1_2.1_1            0.000000  s, u
S_100                     *SELECT_OP_2.1_2.1_1            0.000000  s, u
S_101                     GTECH_BUF       gtech           0.000000  c, u
S_102                     GTECH_NOT       gtech           0.000000  c, u
S_104                     *SELECT_OP_2.1_2.1_1            0.000000  s, u
S_105                     GTECH_NOT       gtech           0.000000  u
S_106                     GTECH_NOT       gtech           0.000000  u
S_107                     GTECH_AND2      gtech           0.000000  u
S_108                     GTECH_AND2      gtech           0.000000  u
S_109                     GTECH_OR2       gtech           0.000000  u
S_110                     GTECH_AND2      gtech           0.000000  u
S_111                     GTECH_BUF       gtech           0.000000  c, u
S_112                     GTECH_NOT       gtech           0.000000  c, u
S_113                     *SELECT_OP_2.1_2.1_1            0.000000  s, u
S_115                     GTECH_AND2      gtech           0.000000  u
S_116                     GTECH_BUF       gtech           0.000000  c, u
S_117                     GTECH_NOT       gtech           0.000000  c, u
S_118                     *SELECT_OP_2.1_2.1_1            0.000000  s, u
S_120                     GTECH_BUF       gtech           0.000000  c, u
S_121                     GTECH_NOT       gtech           0.000000  c, u
S_123                     *SELECT_OP_2.1_2.1_1            0.000000  s, u
S_124                     GTECH_AND2      gtech           0.000000  u
S_125                     GTECH_NOT       gtech           0.000000  u
S_126                     GTECH_AND2      gtech           0.000000  u
S_127                     GTECH_BUF       gtech           0.000000  c, u
S_128                     GTECH_NOT       gtech           0.000000  c, u
S_129                     *SELECT_OP_2.1_2.1_1            0.000000  s, u
S_131                     GTECH_NOT       gtech           0.000000  c, u
S_132                     GTECH_AND_NOT   gtech           0.000000  c, u
S_133                     GTECH_AND_NOT   gtech           0.000000  c, u
S_134                     GTECH_AND_NOT   gtech           0.000000  c, u
S_135                     GTECH_AND2      gtech           0.000000  c, u
S_136                     GTECH_AND2      gtech           0.000000  c, u
S_137                     GTECH_AND_NOT   gtech           0.000000  c, u
S_138                     GTECH_AND2      gtech           0.000000  c, u
S_139                     GTECH_OR2       gtech           0.000000  c, u
S_140                     *SELECT_OP_5.4_5.1_4            0.000000  s, u
S_142                     GTECH_BUF       gtech           0.000000  c, u
S_143                     GTECH_NOT       gtech           0.000000  c, u
S_144                     *SELECT_OP_2.4_2.1_4            0.000000  s, u
S_146                     GTECH_OR2       gtech           0.000000  u
S_147                     GTECH_OR2       gtech           0.000000  u
S_148                     GTECH_OR2       gtech           0.000000  u
S_149                     GTECH_OR2       gtech           0.000000  u
S_150                     GTECH_NOT       gtech           0.000000  u
S_151                     GTECH_NOT       gtech           0.000000  u
S_152                     GTECH_NOT       gtech           0.000000  u
S_153                     GTECH_NOT       gtech           0.000000  u
S_154                     GTECH_AND2      gtech           0.000000  u
S_155                     GTECH_AND2      gtech           0.000000  u
S_156                     GTECH_AND2      gtech           0.000000  u
S_157                     GTECH_AND2      gtech           0.000000  u
S_158                     GTECH_AND2      gtech           0.000000  u
S_159                     GTECH_BUF       gtech           0.000000  c, u
S_160                     GTECH_NOT       gtech           0.000000  c, u
S_161                     *SELECT_OP_2.1_2.1_1            0.000000  s, u
S_163                     GTECH_NOT       gtech           0.000000  c, u
S_164                     GTECH_AND_NOT   gtech           0.000000  c, u
S_165                     GTECH_AND_NOT   gtech           0.000000  c, u
S_166                     GTECH_AND_NOT   gtech           0.000000  c, u
S_167                     GTECH_AND2      gtech           0.000000  c, u
S_168                     GTECH_AND2      gtech           0.000000  c, u
S_169                     GTECH_AND_NOT   gtech           0.000000  c, u
S_170                     GTECH_AND2      gtech           0.000000  c, u
S_171                     GTECH_OR2       gtech           0.000000  c, u
S_172                     *SELECT_OP_5.1_5.1_1            0.000000  s, u
S_174                     GTECH_BUF       gtech           0.000000  c, u
S_175                     GTECH_NOT       gtech           0.000000  c, u
S_176                     GTECH_AND2      gtech           0.000000  c, u
S_177                     GTECH_AND_NOT   gtech           0.000000  c, u
S_178                     *SELECT_OP_3.1_3.1_1            0.000000  s, u
S_180                     GTECH_BUF       gtech           0.000000  c, u
S_181                     GTECH_NOT       gtech           0.000000  c, u
S_183                     *SELECT_OP_2.1_2.1_1            0.000000  s, u
Split2_reg                **SEQGEN**                      0.000000  n, u
SplitMaskReg_reg_0        **SEQGEN**                      0.000000  n, u
SplitMaskReg_reg_1        **SEQGEN**                      0.000000  n, u
SplitMaskReg_reg_2        **SEQGEN**                      0.000000  n, u
SplitMaskReg_reg_3        **SEQGEN**                      0.000000  n, u
SplitReg_reg_0            **SEQGEN**                      0.000000  n, u
SplitReg_reg_1            **SEQGEN**                      0.000000  n, u
SplitReg_reg_2            **SEQGEN**                      0.000000  n, u
SplitReg_reg_3            **SEQGEN**                      0.000000  n, u
SplitRetry2_reg           **SEQGEN**                      0.000000  n, u
U10                       GTECH_NOT       gtech           0.000000  c, u
U11                       GTECH_BUF       gtech           0.000000  c, u
U22                       GTECH_AND2      gtech           0.000000  c, u
U24                       GTECH_AND2      gtech           0.000000  c, u
U32                       GTECH_AND2      gtech           0.000000  c, u
U33                       GTECH_MUX2      gtech           0.000000  c, u
U34                       GTECH_MUX2      gtech           0.000000  c, u
U35                       GTECH_MUX2      gtech           0.000000  c, u
U53                       GTECH_NOT       gtech           0.000000  c, u
U54                       GTECH_BUF       gtech           0.000000  c, u
U55                       *SELECT_OP_2.4_2.1_4            0.000000  s, u
U56                       *SELECT_OP_2.1_2.1_1            0.000000  s, u
U61                       GTECH_AND_NOT   gtech           0.000000  c, u
U62                       GTECH_AND2      gtech           0.000000  c, u
U63                       GTECH_NOT       gtech           0.000000  c, u
U64                       GTECH_AND2      gtech           0.000000  c, u
U65                       GTECH_AND_NOT   gtech           0.000000  c, u
U66                       *SELECT_OP_3.4_3.1_4            0.000000  s, u
U67                       *SELECT_OP_2.1_2.1_1            0.000000  s, u
U69                       GTECH_NOT       gtech           0.000000  c, u
U70                       GTECH_AND_NOT   gtech           0.000000  c, u
U71                       GTECH_AND_NOT   gtech           0.000000  c, u
U72                       GTECH_AND_NOT   gtech           0.000000  c, u
U73                       GTECH_OR2       gtech           0.000000  c, u
U74                       GTECH_OR2       gtech           0.000000  c, u
U75                       GTECH_OR2       gtech           0.000000  c, u
U76                       *SELECT_OP_2.4_2.1_4            0.000000  s, u
U90                       GTECH_AND2      gtech           0.000000  c, u
U91                       GTECH_AND_NOT   gtech           0.000000  c, u
U92                       GTECH_NOT       gtech           0.000000  c, u
U93                       GTECH_AND2      gtech           0.000000  c, u
U94                       GTECH_AND_NOT   gtech           0.000000  c, u
U95                       *SELECT_OP_4.3_4.1_3            0.000000  s, u
U98                       GTECH_AND_NOT   gtech           0.000000  c, u
U99                       GTECH_NOT       gtech           0.000000  c, u
U100                      GTECH_OR2       gtech           0.000000  c, u
U102                      *SELECT_OP_2.1_2.1_1            0.000000  s, u
U115                      GTECH_AND2      gtech           0.000000  c, u
U116                      GTECH_AND_NOT   gtech           0.000000  c, u
U117                      GTECH_NOT       gtech           0.000000  c, u
U118                      GTECH_AND2      gtech           0.000000  c, u
U119                      GTECH_AND_NOT   gtech           0.000000  c, u
U120                      *SELECT_OP_4.4_4.1_4            0.000000  s, u
U128                      GTECH_NOT       gtech           0.000000  c, u
U129                      GTECH_BUF       gtech           0.000000  c, u
U140                      GTECH_NOT       gtech           0.000000  c, u
U141                      GTECH_BUF       gtech           0.000000  c, u
U154                      GTECH_NOT       gtech           0.000000  c, u
U155                      GTECH_BUF       gtech           0.000000  c, u
U166                      GTECH_NOT       gtech           0.000000  c, u
U167                      GTECH_BUF       gtech           0.000000  c, u
U180                      GTECH_NOT       gtech           0.000000  c, u
U181                      GTECH_BUF       gtech           0.000000  c, u
U192                      GTECH_NOT       gtech           0.000000  c, u
U193                      GTECH_BUF       gtech           0.000000  c, u
U204                      GTECH_NOT       gtech           0.000000  c, u
U205                      GTECH_BUF       gtech           0.000000  c, u
U216                      GTECH_NOT       gtech           0.000000  c, u
U217                      GTECH_BUF       gtech           0.000000  c, u
U230                      GTECH_NOT       gtech           0.000000  c, u
U231                      GTECH_BUF       gtech           0.000000  c, u
U239                      GTECH_NOT       gtech           0.000000  u
U243                      GTECH_NOT       gtech           0.000000  u
U244                      GTECH_NOT       gtech           0.000000  u
U245                      GTECH_NOT       gtech           0.000000  u
U246                      GTECH_NOT       gtech           0.000000  u
U250                      GTECH_NOT       gtech           0.000000  u
U251                      GTECH_NOT       gtech           0.000000  u
U255                      GTECH_NOT       gtech           0.000000  u
U259                      GTECH_NOT       gtech           0.000000  u
U260                      GTECH_NOT       gtech           0.000000  u
U261                      GTECH_NOT       gtech           0.000000  u
U262                      GTECH_NOT       gtech           0.000000  u
U263                      GTECH_NOT       gtech           0.000000  u
U264                      GTECH_NOT       gtech           0.000000  u
U265                      GTECH_NOT       gtech           0.000000  u
U266                      GTECH_NOT       gtech           0.000000  u
U267                      GTECH_NOT       gtech           0.000000  u
U268                      GTECH_NOT       gtech           0.000000  u
U269                      GTECH_NOT       gtech           0.000000  u
U270                      GTECH_NOT       gtech           0.000000  u
U271                      GTECH_NOT       gtech           0.000000  u
U272                      GTECH_NOT       gtech           0.000000  u
U273                      GTECH_NOT       gtech           0.000000  u
U274                      GTECH_NOT       gtech           0.000000  u
U275                      GTECH_NOT       gtech           0.000000  u
U276                      *GEN*49                         0.000000  u
U285                      *GEN*51                         0.000000  c, u
U290                      *GEN*53                         0.000000  c, u
iHMASTLOCK_reg            **SEQGEN**                      0.000000  n, u
sub_346/sub_169/minus     *SUB_TC_OP_4_4_4                0.000000  s, u
uArbSchm3/S_0             GTECH_BUF       gtech           0.000000  c, u
uArbSchm3/S_1             GTECH_NOT       gtech           0.000000  c, u
uArbSchm3/S_2             GTECH_AND2      gtech           0.000000  c, u
uArbSchm3/S_3             GTECH_AND_NOT   gtech           0.000000  c, u
uArbSchm3/S_4             GTECH_AND2      gtech           0.000000  c, u
uArbSchm3/S_5             GTECH_AND_NOT   gtech           0.000000  c, u
uArbSchm3/S_6             GTECH_AND2      gtech           0.000000  c, u
uArbSchm3/S_7             GTECH_AND_NOT   gtech           0.000000  c, u
uArbSchm3/S_8             GTECH_AND2      gtech           0.000000  c, u
uArbSchm3/S_9             GTECH_AND_NOT   gtech           0.000000  c, u
uArbSchm3/S_10            GTECH_AND_NOT   gtech           0.000000  c, u
uArbSchm3/S_11            GTECH_AND2      gtech           0.000000  c, u
uArbSchm3/S_12            *SELECT_OP_5.4_5.1_4            0.000000  s, u
uArbSchm3/U7              *GEN*54                         0.000000  c, u
uArbSchm3/U9              *GEN*55                         0.000000  c, u
--------------------------------------------------------------------------------
Total 293 cells                                           0.000000

****************
report_reference
****************

 
****************************************
Report : reference
Design : Arbiter3
Version: V-2003.12-SP1
Date   : Fri Jun 18 13:15:41 2004
****************************************

Attributes:
    b - black box (unknown)
   bo - allows boundary optimization
    d - dont_touch
   mo - map_only
    h - hierarchical
    n - noncombinational
    r - removable
    s - synthetic operator
    u - contains unmapped logic

Reference          Library       Unit Area   Count    Total Area   Attributes
-----------------------------------------------------------------------------
**SEQGEN**                        0.000000      29      0.000000  n, u
*GEN*49                           0.000000       1      0.000000  u
*GEN*51                           0.000000       1      0.000000  u
*GEN*53                           0.000000       1      0.000000  u
*GEN*54                           0.000000       1      0.000000  u
*GEN*55                           0.000000       1      0.000000  u
*SELECT_OP_2.1_2.1_1              0.000000      23      0.000000  s, u
*SELECT_OP_2.4_2.1_4              0.000000       5      0.000000  s, u
*SELECT_OP_3.1_3.1_1              0.000000       1      0.000000  s, u
*SELECT_OP_3.4_3.1_4              0.000000       1      0.000000  s, u
*SELECT_OP_4.3_4.1_3              0.000000       1      0.000000  s, u
*SELECT_OP_4.4_4.1_4              0.000000       1      0.000000  s, u
*SELECT_OP_5.1_5.1_1              0.000000       2      0.000000  s, u
*SELECT_OP_5.4_5.1_4              0.000000       2      0.000000  s, u
*SUB_TC_OP_4_4_4                  0.000000       1      0.000000  s, u
GTECH_AND2         gtech          0.000000      53      0.000000  u
GTECH_AND_NOT      gtech          0.000000      33      0.000000  u
GTECH_BUF          gtech          0.000000      28      0.000000  u
GTECH_MUX2         gtech          0.000000       3      0.000000  u
GTECH_NOT          gtech          0.000000      79      0.000000  u
GTECH_OR2          gtech          0.000000      19      0.000000  u
GTECH_OR_NOT       gtech          0.000000       3      0.000000  u
GTECH_XNOR2        gtech          0.000000       4      0.000000  u
-----------------------------------------------------------------------------
Total 23 references                                     0.000000

****************
report_hierarchy
****************

 
****************************************
Report : hierarchy
Design : Arbiter3
Version: V-2003.12-SP1
Date   : Fri Jun 18 13:15:41 2004
****************************************

Information: This design contains unmapped logic. (RPT-7)

Arbiter3
    GTECH_AND2            gtech
    GTECH_AND_NOT         gtech
    GTECH_BUF             gtech
    GTECH_MUX2            gtech
    GTECH_NOT             gtech
    GTECH_OR2             gtech
    GTECH_OR_NOT          gtech
    GTECH_XNOR2           gtech

***********
report_area
***********

Warning: Can't read link_library file 'cb18os120_generic_max.db'. (UID-3)
Warning: Can't read link_library file 'conditions_1.8v.db'. (UID-3)
 
****************************************
Report : area
Design : Arbiter3
Version: V-2003.12-SP1
Date   : Fri Jun 18 13:15:41 2004
****************************************

Library(s) Used:

    gtech (File: /edatools/synopsys/2003.12-SP1/libraries/syn/gtech.db)

Number of ports:               38
Number of nets:               329
Number of cells:              293
Number of references:          23

Combinational area:          0.000000
Noncombinational area:       0.000000
Net Interconnect area:      undefined  (No wire load specified)

Total cell area:             0.000000
Total area:                 undefined

Information: This design contains unmapped logic. (RPT-7)

