************
check_timing
************

Warning: Design 'Decoder' contains unmapped cells.
	Use report_cell to list unmapped cells in the design. (OPT-309)

***********
report_cell
***********

Error: Could not read the following target libraries:
cb18os120_generic_max.db 
 (UIO-3)
 
****************************************
Report : cell
Design : Decoder
Version: V-2003.12-SP1
Date   : Fri Jun 18 13:16:23 2004
****************************************

Attributes:
    b - black box (unknown)
    c - control logic
    h - hierarchical
    n - noncombinational
    r - removable
    s - synthetic operator
    u - contains unmapped logic

Cell                      Reference       Library             Area  Attributes
--------------------------------------------------------------------------------
S_0                       GTECH_NOT       gtech           0.000000  c, u
S_1                       GTECH_AND_NOT   gtech           0.000000  c, u
S_2                       GTECH_AND_NOT   gtech           0.000000  c, u
S_3                       GTECH_AND_NOT   gtech           0.000000  c, u
S_4                       GTECH_AND_NOT   gtech           0.000000  c, u
S_5                       GTECH_AND_NOT   gtech           0.000000  c, u
S_6                       GTECH_AND_NOT   gtech           0.000000  c, u
S_7                       GTECH_AND_NOT   gtech           0.000000  c, u
S_8                       GTECH_OR2       gtech           0.000000  c, u
S_9                       GTECH_OR2       gtech           0.000000  c, u
S_10                      GTECH_OR2       gtech           0.000000  c, u
S_11                      GTECH_OR2       gtech           0.000000  c, u
S_12                      GTECH_OR2       gtech           0.000000  c, u
S_13                      GTECH_OR2       gtech           0.000000  c, u
S_14                      GTECH_OR2       gtech           0.000000  c, u
S_15                      *SELECT_OP_2.1_2.1_1            0.000000  s, u
S_17                      GTECH_NOT       gtech           0.000000  c, u
S_18                      GTECH_BUF       gtech           0.000000  c, u
S_19                      *SELECT_OP_2.1_2.1_1            0.000000  s, u
S_21                      *SELECT_OP_2.1_2.1_1            0.000000  s, u
S_23                      GTECH_BUF       gtech           0.000000  c, u
S_24                      GTECH_NOT       gtech           0.000000  c, u
S_25                      *SELECT_OP_2.1_2.1_1            0.000000  s, u
S_27                      *SELECT_OP_2.1_2.1_1            0.000000  s, u
S_29                      *SELECT_OP_2.1_2.1_1            0.000000  s, u
S_31                      GTECH_NOT       gtech           0.000000  c, u
S_32                      GTECH_AND_NOT   gtech           0.000000  c, u
S_33                      GTECH_AND_NOT   gtech           0.000000  c, u
S_34                      GTECH_AND_NOT   gtech           0.000000  c, u
S_35                      GTECH_AND2      gtech           0.000000  c, u
S_36                      GTECH_AND2      gtech           0.000000  c, u
S_37                      GTECH_AND_NOT   gtech           0.000000  c, u
S_38                      GTECH_AND2      gtech           0.000000  c, u
S_39                      GTECH_AND2      gtech           0.000000  c, u
S_40                      GTECH_AND_NOT   gtech           0.000000  c, u
S_41                      GTECH_AND_NOT   gtech           0.000000  c, u
S_42                      GTECH_AND2      gtech           0.000000  c, u
S_43                      GTECH_AND2      gtech           0.000000  c, u
S_44                      GTECH_AND_NOT   gtech           0.000000  c, u
S_45                      GTECH_AND2      gtech           0.000000  c, u
S_46                      GTECH_AND_NOT   gtech           0.000000  c, u
S_47                      GTECH_AND_NOT   gtech           0.000000  c, u
S_48                      GTECH_AND_NOT   gtech           0.000000  c, u
S_49                      GTECH_AND2      gtech           0.000000  c, u
S_50                      GTECH_AND2      gtech           0.000000  c, u
S_51                      GTECH_AND_NOT   gtech           0.000000  c, u
S_52                      GTECH_AND2      gtech           0.000000  c, u
S_53                      GTECH_AND2      gtech           0.000000  c, u
S_54                      GTECH_AND_NOT   gtech           0.000000  c, u
S_55                      GTECH_AND_NOT   gtech           0.000000  c, u
S_56                      GTECH_AND2      gtech           0.000000  c, u
S_57                      GTECH_AND2      gtech           0.000000  c, u
S_58                      GTECH_AND_NOT   gtech           0.000000  c, u
S_59                      GTECH_AND2      gtech           0.000000  c, u
S_60                      *SELECT_OP_2.1_2.1_1            0.000000  s, u
S_62                      *SELECT_OP_2.1_2.1_1            0.000000  s, u
S_64                      *SELECT_OP_2.1_2.1_1            0.000000  s, u
S_66                      *SELECT_OP_2.1_2.1_1            0.000000  s, u
S_68                      *SELECT_OP_2.1_2.1_1            0.000000  s, u
S_70                      *SELECT_OP_2.1_2.1_1            0.000000  s, u
S_72                      *SELECT_OP_2.1_2.1_1            0.000000  s, u
S_74                      *SELECT_OP_2.1_2.1_1            0.000000  s, u
S_76                      *SELECT_OP_2.1_2.1_1            0.000000  s, u
S_78                      *SELECT_OP_2.1_2.1_1            0.000000  s, u
S_80                      *SELECT_OP_2.1_2.1_1            0.000000  s, u
S_82                      *SELECT_OP_2.1_2.1_1            0.000000  s, u
S_84                      *SELECT_OP_2.1_2.1_1            0.000000  s, u
S_86                      *SELECT_OP_2.1_2.1_1            0.000000  s, u
S_88                      *SELECT_OP_2.1_2.1_1            0.000000  s, u
S_90                      *SELECT_OP_2.1_2.1_1            0.000000  s, u
S_92                      *SELECT_OP_2.1_2.1_1            0.000000  s, u
S_94                      *SELECT_OP_2.1_2.1_1            0.000000  s, u
U7                        *GEN*2                          0.000000  c, u
U8                        *GEN*3                          0.000000  c, u
U9                        *GEN*4                          0.000000  c, u
U12                       *GEN*6                          0.000000  c, u
U13                       *GEN*7                          0.000000  c, u
U14                       *GEN*8                          0.000000  c, u
U17                       *GEN*10                         0.000000  c, u
U18                       *GEN*11                         0.000000  c, u
U19                       *GEN*12                         0.000000  c, u
U22                       *GEN*14                         0.000000  c, u
U23                       *GEN*15                         0.000000  c, u
U24                       *GEN*16                         0.000000  c, u
U27                       *GEN*18                         0.000000  c, u
U28                       *GEN*19                         0.000000  c, u
U29                       *GEN*20                         0.000000  c, u
U32                       *GEN*22                         0.000000  c, u
U33                       *GEN*23                         0.000000  c, u
U34                       *GEN*24                         0.000000  c, u
U37                       *GEN*26                         0.000000  c, u
U38                       *GEN*27                         0.000000  c, u
U39                       *GEN*28                         0.000000  c, u
U42                       *GEN*30                         0.000000  c, u
U43                       *GEN*31                         0.000000  c, u
U44                       *GEN*32                         0.000000  c, u
U47                       *GEN*34                         0.000000  c, u
U48                       *GEN*35                         0.000000  c, u
U49                       *GEN*36                         0.000000  c, u
U52                       *GEN*38                         0.000000  c, u
U53                       *GEN*39                         0.000000  c, u
U54                       *GEN*40                         0.000000  c, u
U57                       *GEN*42                         0.000000  c, u
U58                       *GEN*43                         0.000000  c, u
U59                       *GEN*44                         0.000000  c, u
U62                       *GEN*46                         0.000000  c, u
U63                       *GEN*47                         0.000000  c, u
U64                       *GEN*48                         0.000000  c, u
U67                       *GEN*50                         0.000000  c, u
U68                       *GEN*51                         0.000000  c, u
U69                       *GEN*52                         0.000000  c, u
U72                       *GEN*54                         0.000000  c, u
U73                       *GEN*55                         0.000000  c, u
U74                       *GEN*56                         0.000000  c, u
U77                       *GEN*58                         0.000000  c, u
U78                       *GEN*59                         0.000000  c, u
U79                       *GEN*60                         0.000000  c, u
U82                       *GEN*62                         0.000000  c, u
U83                       *GEN*63                         0.000000  c, u
U84                       *GEN*64                         0.000000  c, u
U87                       *GEN*66                         0.000000  c, u
U88                       *GEN*67                         0.000000  c, u
U89                       *GEN*68                         0.000000  c, u
U92                       *GEN*70                         0.000000  c, u
U93                       *GEN*71                         0.000000  c, u
U94                       *GEN*72                         0.000000  c, u
--------------------------------------------------------------------------------
Total 126 cells                                           0.000000

****************
report_reference
****************

 
****************************************
Report : reference
Design : Decoder
Version: V-2003.12-SP1
Date   : Fri Jun 18 13:16:23 2004
****************************************

Attributes:
    b - black box (unknown)
   bo - allows boundary optimization
    d - dont_touch
   mo - map_only
    h - hierarchical
    n - noncombinational
    r - removable
    s - synthetic operator
    u - contains unmapped logic

Reference          Library       Unit Area   Count    Total Area   Attributes
-----------------------------------------------------------------------------
*GEN*2                            0.000000       1      0.000000  u
*GEN*3                            0.000000       1      0.000000  u
*GEN*4                            0.000000       1      0.000000  u
*GEN*6                            0.000000       1      0.000000  u
*GEN*7                            0.000000       1      0.000000  u
*GEN*8                            0.000000       1      0.000000  u
*GEN*10                           0.000000       1      0.000000  u
*GEN*11                           0.000000       1      0.000000  u
*GEN*12                           0.000000       1      0.000000  u
*GEN*14                           0.000000       1      0.000000  u
*GEN*15                           0.000000       1      0.000000  u
*GEN*16                           0.000000       1      0.000000  u
*GEN*18                           0.000000       1      0.000000  u
*GEN*19                           0.000000       1      0.000000  u
*GEN*20                           0.000000       1      0.000000  u
*GEN*22                           0.000000       1      0.000000  u
*GEN*23                           0.000000       1      0.000000  u
*GEN*24                           0.000000       1      0.000000  u
*GEN*26                           0.000000       1      0.000000  u
*GEN*27                           0.000000       1      0.000000  u
*GEN*28                           0.000000       1      0.000000  u
*GEN*30                           0.000000       1      0.000000  u
*GEN*31                           0.000000       1      0.000000  u
*GEN*32                           0.000000       1      0.000000  u
*GEN*34                           0.000000       1      0.000000  u
*GEN*35                           0.000000       1      0.000000  u
*GEN*36                           0.000000       1      0.000000  u
*GEN*38                           0.000000       1      0.000000  u
*GEN*39                           0.000000       1      0.000000  u
*GEN*40                           0.000000       1      0.000000  u
*GEN*42                           0.000000       1      0.000000  u
*GEN*43                           0.000000       1      0.000000  u
*GEN*44                           0.000000       1      0.000000  u
*GEN*46                           0.000000       1      0.000000  u
*GEN*47                           0.000000       1      0.000000  u
*GEN*48                           0.000000       1      0.000000  u
*GEN*50                           0.000000       1      0.000000  u
*GEN*51                           0.000000       1      0.000000  u
*GEN*52                           0.000000       1      0.000000  u
*GEN*54                           0.000000       1      0.000000  u
*GEN*55                           0.000000       1      0.000000  u
*GEN*56                           0.000000       1      0.000000  u
*GEN*58                           0.000000       1      0.000000  u
*GEN*59                           0.000000       1      0.000000  u
*GEN*60                           0.000000       1      0.000000  u
*GEN*62                           0.000000       1      0.000000  u
*GEN*63                           0.000000       1      0.000000  u
*GEN*64                           0.000000       1      0.000000  u
*GEN*66                           0.000000       1      0.000000  u
*GEN*67                           0.000000       1      0.000000  u
*GEN*68                           0.000000       1      0.000000  u
*GEN*70                           0.000000       1      0.000000  u
*GEN*71                           0.000000       1      0.000000  u
*GEN*72                           0.000000       1      0.000000  u
*SELECT_OP_2.1_2.1_1              0.000000      24      0.000000  s, u
GTECH_AND2         gtech          0.000000      14      0.000000  u
GTECH_AND_NOT      gtech          0.000000      21      0.000000  u
GTECH_BUF          gtech          0.000000       2      0.000000  u
GTECH_NOT          gtech          0.000000       4      0.000000  u
GTECH_OR2          gtech          0.000000       7      0.000000  u
-----------------------------------------------------------------------------
Total 60 references                                     0.000000

****************
report_hierarchy
****************

 
****************************************
Report : hierarchy
Design : Decoder
Version: V-2003.12-SP1
Date   : Fri Jun 18 13:16:23 2004
****************************************

Information: This design contains unmapped logic. (RPT-7)

Decoder
    GTECH_AND2            gtech
    GTECH_AND_NOT         gtech
    GTECH_BUF             gtech
    GTECH_NOT             gtech
    GTECH_OR2             gtech

***********
report_area
***********

Warning: Can't read link_library file 'cb18os120_generic_max.db'. (UID-3)
Warning: Can't read link_library file 'conditions_1.8v.db'. (UID-3)
 
****************************************
Report : area
Design : Decoder
Version: V-2003.12-SP1
Date   : Fri Jun 18 13:16:23 2004
****************************************

Library(s) Used:

    gtech (File: /edatools/synopsys/2003.12-SP1/libraries/syn/gtech.db)

Number of ports:               31
Number of nets:               141
Number of cells:              126
Number of references:          60

Combinational area:          0.000000
Noncombinational area:       0.000000
Net Interconnect area:      undefined  (No wire load specified)

Total cell area:             0.000000
Total area:                 undefined

Information: This design contains unmapped logic. (RPT-7)

