Warning: In design 'DefaultSlave', port 'SCANENABLE' is not connected to any nets. (LINT-28)
Warning: In design 'DefaultSlave', port 'SCANINHCLK' is not connected to any nets. (LINT-28)
Warning: In design 'DefaultSlave', port 'SCANOUTHCLK' is not connected to any nets. (LINT-28)
************
check_timing
************

Warning: Design 'DefaultSlave' contains unmapped cells.
	Use report_cell to list unmapped cells in the design. (OPT-309)

***********
report_cell
***********

Error: Could not read the following target libraries:
cb18os120_generic_max.db 
 (UIO-3)
 
****************************************
Report : cell
Design : DefaultSlave
Version: V-2003.12-SP1
Date   : Fri Jun 18 13:17:01 2004
****************************************

Attributes:
    b - black box (unknown)
    c - control logic
    h - hierarchical
    n - noncombinational
    r - removable
    s - synthetic operator
    u - contains unmapped logic

Cell                      Reference       Library             Area  Attributes
--------------------------------------------------------------------------------
HRESP_reg_0               **SEQGEN**                      0.000000  n, u
HRESP_reg_1               **SEQGEN**                      0.000000  n, u
S_0                       GTECH_AND2      gtech           0.000000  u
S_1                       GTECH_NOT       gtech           0.000000  u
S_2                       GTECH_AND2      gtech           0.000000  u
S_3                       GTECH_AND2      gtech           0.000000  u
S_4                       GTECH_OR2       gtech           0.000000  u
S_5                       GTECH_AND2      gtech           0.000000  u
S_6                       GTECH_BUF       gtech           0.000000  c, u
S_7                       GTECH_NOT       gtech           0.000000  c, u
S_8                       *SELECT_OP_2.1_2.1_1            0.000000  s, u
S_10                      GTECH_NOT       gtech           0.000000  c, u
S_11                      GTECH_AND2      gtech           0.000000  c, u
S_12                      GTECH_AND_NOT   gtech           0.000000  c, u
S_13                      *SELECT_OP_2.1_2.1_1            0.000000  s, u
S_15                      GTECH_BUF       gtech           0.000000  c, u
S_16                      GTECH_NOT       gtech           0.000000  c, u
S_17                      *SELECT_OP_2.1_2.1_1            0.000000  s, u
S_19                      GTECH_BUF       gtech           0.000000  c, u
S_20                      GTECH_NOT       gtech           0.000000  c, u
S_22                      *SELECT_OP_2.1_2.1_1            0.000000  s, u
U10                       GTECH_NOT       gtech           0.000000  c, u
U11                       GTECH_BUF       gtech           0.000000  c, u
U24                       GTECH_NOT       gtech           0.000000  c, u
U25                       GTECH_BUF       gtech           0.000000  c, u
U30                       GTECH_NOT       gtech           0.000000  u
U32                       GTECH_NOT       gtech           0.000000  u
U33                       GTECH_NOT       gtech           0.000000  u
U34                       *GEN*5                          0.000000  u
U37                       *GEN*7                          0.000000  c, u
iHREADYOUT_reg            **SEQGEN**                      0.000000  n, u
--------------------------------------------------------------------------------
Total 31 cells                                            0.000000

****************
report_reference
****************

 
****************************************
Report : reference
Design : DefaultSlave
Version: V-2003.12-SP1
Date   : Fri Jun 18 13:17:01 2004
****************************************

Attributes:
    b - black box (unknown)
   bo - allows boundary optimization
    d - dont_touch
   mo - map_only
    h - hierarchical
    n - noncombinational
    r - removable
    s - synthetic operator
    u - contains unmapped logic

Reference          Library       Unit Area   Count    Total Area   Attributes
-----------------------------------------------------------------------------
**SEQGEN**                        0.000000       3      0.000000  n, u
*GEN*5                            0.000000       1      0.000000  u
*GEN*7                            0.000000       1      0.000000  u
*SELECT_OP_2.1_2.1_1              0.000000       4      0.000000  s, u
GTECH_AND2         gtech          0.000000       5      0.000000  u
GTECH_AND_NOT      gtech          0.000000       1      0.000000  u
GTECH_BUF          gtech          0.000000       5      0.000000  u
GTECH_NOT          gtech          0.000000      10      0.000000  u
GTECH_OR2          gtech          0.000000       1      0.000000  u
-----------------------------------------------------------------------------
Total 9 references                                      0.000000

****************
report_hierarchy
****************

 
****************************************
Report : hierarchy
Design : DefaultSlave
Version: V-2003.12-SP1
Date   : Fri Jun 18 13:17:02 2004
****************************************

Information: This design contains unmapped logic. (RPT-7)

DefaultSlave
    GTECH_AND2            gtech
    GTECH_AND_NOT         gtech
    GTECH_BUF             gtech
    GTECH_NOT             gtech
    GTECH_OR2             gtech

***********
report_area
***********

Warning: Can't read link_library file 'cb18os120_generic_max.db'. (UID-3)
Warning: Can't read link_library file 'conditions_1.8v.db'. (UID-3)
 
****************************************
Report : area
Design : DefaultSlave
Version: V-2003.12-SP1
Date   : Fri Jun 18 13:17:02 2004
****************************************

Library(s) Used:

    gtech (File: /edatools/synopsys/2003.12-SP1/libraries/syn/gtech.db)

Number of ports:               12
Number of nets:                35
Number of cells:               31
Number of references:           9

Combinational area:          0.000000
Noncombinational area:       0.000000
Net Interconnect area:      undefined  (No wire load specified)

Total cell area:             0.000000
Total area:                 undefined

Information: This design contains unmapped logic. (RPT-7)

