************
check_timing
************


***********
report_cell
***********

Error: Could not read the following target libraries:
cb18os120_generic_max.db 
 (UIO-3)
 
****************************************
Report : cell
Design : MuxM2S
Version: V-2003.12-SP1
Date   : Fri Jun 18 13:14:00 2004
****************************************

Attributes:
    b - black box (unknown)
    c - control logic
    h - hierarchical
    n - noncombinational
    r - removable
    s - synthetic operator
    u - contains unmapped logic

Cell                      Reference       Library             Area  Attributes
--------------------------------------------------------------------------------
S_0                       GTECH_NOT       gtech           0.000000  c, u
S_1                       GTECH_AND_NOT   gtech           0.000000  c, u
S_2                       GTECH_AND_NOT   gtech           0.000000  c, u
S_3                       GTECH_AND2      gtech           0.000000  c, u
S_4                       GTECH_AND2      gtech           0.000000  c, u
S_5                       GTECH_AND_NOT   gtech           0.000000  c, u
S_6                       GTECH_AND2      gtech           0.000000  c, u
S_7                       GTECH_OR2       gtech           0.000000  c, u
S_8                       GTECH_OR_NOT    gtech           0.000000  c, u
S_9                       GTECH_MUX2      gtech           0.000000  c, u
S_10                      *SELECT_OP_4.32_4.1_32          0.000000  s, u
S_12                      GTECH_NOT       gtech           0.000000  c, u
S_13                      GTECH_AND_NOT   gtech           0.000000  c, u
S_14                      GTECH_AND_NOT   gtech           0.000000  c, u
S_15                      GTECH_AND2      gtech           0.000000  c, u
S_16                      GTECH_AND2      gtech           0.000000  c, u
S_17                      GTECH_AND_NOT   gtech           0.000000  c, u
S_18                      GTECH_AND2      gtech           0.000000  c, u
S_19                      GTECH_OR2       gtech           0.000000  c, u
S_20                      GTECH_OR_NOT    gtech           0.000000  c, u
S_21                      GTECH_MUX2      gtech           0.000000  c, u
S_22                      *SELECT_OP_4.2_4.1_2            0.000000  s, u
S_24                      GTECH_NOT       gtech           0.000000  c, u
S_25                      GTECH_AND_NOT   gtech           0.000000  c, u
S_26                      GTECH_AND_NOT   gtech           0.000000  c, u
S_27                      GTECH_AND2      gtech           0.000000  c, u
S_28                      GTECH_AND2      gtech           0.000000  c, u
S_29                      GTECH_AND_NOT   gtech           0.000000  c, u
S_30                      GTECH_AND2      gtech           0.000000  c, u
S_31                      GTECH_OR2       gtech           0.000000  c, u
S_32                      GTECH_OR_NOT    gtech           0.000000  c, u
S_33                      GTECH_MUX2      gtech           0.000000  c, u
S_34                      *SELECT_OP_4.1_4.1_1            0.000000  s, u
S_36                      GTECH_NOT       gtech           0.000000  c, u
S_37                      GTECH_AND_NOT   gtech           0.000000  c, u
S_38                      GTECH_AND_NOT   gtech           0.000000  c, u
S_39                      GTECH_AND2      gtech           0.000000  c, u
S_40                      GTECH_AND2      gtech           0.000000  c, u
S_41                      GTECH_AND_NOT   gtech           0.000000  c, u
S_42                      GTECH_AND2      gtech           0.000000  c, u
S_43                      GTECH_OR2       gtech           0.000000  c, u
S_44                      GTECH_OR_NOT    gtech           0.000000  c, u
S_45                      GTECH_MUX2      gtech           0.000000  c, u
S_46                      *SELECT_OP_4.3_4.1_3            0.000000  s, u
S_48                      GTECH_NOT       gtech           0.000000  c, u
S_49                      GTECH_AND_NOT   gtech           0.000000  c, u
S_50                      GTECH_AND_NOT   gtech           0.000000  c, u
S_51                      GTECH_AND2      gtech           0.000000  c, u
S_52                      GTECH_AND2      gtech           0.000000  c, u
S_53                      GTECH_AND_NOT   gtech           0.000000  c, u
S_54                      GTECH_AND2      gtech           0.000000  c, u
S_55                      GTECH_OR2       gtech           0.000000  c, u
S_56                      GTECH_OR_NOT    gtech           0.000000  c, u
S_57                      GTECH_MUX2      gtech           0.000000  c, u
S_58                      *SELECT_OP_4.3_4.1_3            0.000000  s, u
S_60                      GTECH_NOT       gtech           0.000000  c, u
S_61                      GTECH_AND_NOT   gtech           0.000000  c, u
S_62                      GTECH_AND_NOT   gtech           0.000000  c, u
S_63                      GTECH_AND2      gtech           0.000000  c, u
S_64                      GTECH_AND2      gtech           0.000000  c, u
S_65                      GTECH_AND_NOT   gtech           0.000000  c, u
S_66                      GTECH_AND2      gtech           0.000000  c, u
S_67                      GTECH_OR2       gtech           0.000000  c, u
S_68                      GTECH_OR_NOT    gtech           0.000000  c, u
S_69                      GTECH_MUX2      gtech           0.000000  c, u
S_70                      *SELECT_OP_4.4_4.1_4            0.000000  s, u
S_72                      GTECH_NOT       gtech           0.000000  c, u
S_73                      GTECH_AND_NOT   gtech           0.000000  c, u
S_74                      GTECH_AND_NOT   gtech           0.000000  c, u
S_75                      GTECH_AND2      gtech           0.000000  c, u
S_76                      GTECH_AND2      gtech           0.000000  c, u
S_77                      GTECH_AND_NOT   gtech           0.000000  c, u
S_78                      GTECH_AND2      gtech           0.000000  c, u
S_79                      GTECH_OR2       gtech           0.000000  c, u
S_80                      GTECH_OR_NOT    gtech           0.000000  c, u
S_81                      GTECH_MUX2      gtech           0.000000  c, u
S_82                      *SELECT_OP_4.32_4.1_32          0.000000  s, u
--------------------------------------------------------------------------------
Total 77 cells                                            0.000000

****************
report_reference
****************

 
****************************************
Report : reference
Design : MuxM2S
Version: V-2003.12-SP1
Date   : Fri Jun 18 13:14:00 2004
****************************************

Attributes:
    b - black box (unknown)
   bo - allows boundary optimization
    d - dont_touch
   mo - map_only
    h - hierarchical
    n - noncombinational
    r - removable
    s - synthetic operator
    u - contains unmapped logic

Reference          Library       Unit Area   Count    Total Area   Attributes
-----------------------------------------------------------------------------
*SELECT_OP_4.1_4.1_1              0.000000       1      0.000000  s, u
*SELECT_OP_4.2_4.1_2              0.000000       1      0.000000  s, u
*SELECT_OP_4.3_4.1_3              0.000000       2      0.000000  s, u
*SELECT_OP_4.4_4.1_4              0.000000       1      0.000000  s, u
*SELECT_OP_4.32_4.1_32            0.000000       2      0.000000  s, u
GTECH_AND2         gtech          0.000000      21      0.000000  u
GTECH_AND_NOT      gtech          0.000000      21      0.000000  u
GTECH_MUX2         gtech          0.000000       7      0.000000  u
GTECH_NOT          gtech          0.000000       7      0.000000  u
GTECH_OR2          gtech          0.000000       7      0.000000  u
GTECH_OR_NOT       gtech          0.000000       7      0.000000  u
-----------------------------------------------------------------------------
Total 11 references                                     0.000000

****************
report_hierarchy
****************

 
****************************************
Report : hierarchy
Design : MuxM2S
Version: V-2003.12-SP1
Date   : Fri Jun 18 13:14:00 2004
****************************************

Information: This design contains unmapped logic. (RPT-7)

MuxM2S
    GTECH_AND2            gtech
    GTECH_AND_NOT         gtech
    GTECH_MUX2            gtech
    GTECH_NOT             gtech
    GTECH_OR2             gtech
    GTECH_OR_NOT          gtech

***********
report_area
***********

Warning: Can't read link_library file 'cb18os120_generic_max.db'. (UID-3)
Warning: Can't read link_library file 'conditions_1.8v.db'. (UID-3)
 
****************************************
Report : area
Design : MuxM2S
Version: V-2003.12-SP1
Date   : Fri Jun 18 13:14:00 2004
****************************************

Library(s) Used:

    gtech (File: /edatools/synopsys/2003.12-SP1/libraries/syn/gtech.db)

Number of ports:              316
Number of nets:               387
Number of cells:               77
Number of references:          11

Combinational area:          0.000000
Noncombinational area:       0.000000
Net Interconnect area:      undefined  (No wire load specified)

Total cell area:             0.000000
Total area:                 undefined

Information: This design contains unmapped logic. (RPT-7)

