Warning: In design 'MuxS2M', port 'HSELS0' is not connected to any nets. (LINT-28)
Warning: In design 'MuxS2M', port 'SCANENABLE' is not connected to any nets. (LINT-28)
Warning: In design 'MuxS2M', port 'SCANINHCLK' is not connected to any nets. (LINT-28)
Warning: In design 'MuxS2M', port 'SCANOUTHCLK' is not connected to any nets. (LINT-28)
************
check_timing
************

Warning: Design 'MuxS2M' contains unmapped cells.
	Use report_cell to list unmapped cells in the design. (OPT-309)

***********
report_cell
***********

Error: Could not read the following target libraries:
cb18os120_generic_max.db 
 (UIO-3)
 
****************************************
Report : cell
Design : MuxS2M
Version: V-2003.12-SP1
Date   : Fri Jun 18 13:14:52 2004
****************************************

Attributes:
    b - black box (unknown)
    c - control logic
    h - hierarchical
    n - noncombinational
    r - removable
    s - synthetic operator
    u - contains unmapped logic

Cell                      Reference       Library             Area  Attributes
--------------------------------------------------------------------------------
HselDefReg_reg            **SEQGEN**                      0.000000  n, u
HselReg_reg_0             **SEQGEN**                      0.000000  n, u
HselReg_reg_1             **SEQGEN**                      0.000000  n, u
HselReg_reg_2             **SEQGEN**                      0.000000  n, u
S_0                       GTECH_OR2       gtech           0.000000  u
S_1                       GTECH_OR2       gtech           0.000000  u
S_2                       GTECH_OR2       gtech           0.000000  u
S_3                       GTECH_OR2       gtech           0.000000  u
S_4                       GTECH_OR2       gtech           0.000000  u
S_5                       GTECH_OR2       gtech           0.000000  u
S_6                       GTECH_OR2       gtech           0.000000  u
S_7                       GTECH_OR2       gtech           0.000000  u
S_8                       GTECH_OR2       gtech           0.000000  u
S_9                       GTECH_BUF       gtech           0.000000  c, u
S_10                      GTECH_NOT       gtech           0.000000  c, u
S_12                      *SELECT_OP_2.1_2.1_1            0.000000  s, u
S_13                      GTECH_BUF       gtech           0.000000  c, u
S_14                      GTECH_NOT       gtech           0.000000  c, u
S_16                      *SELECT_OP_2.1_2.1_1            0.000000  s, u
S_17                      GTECH_NOT       gtech           0.000000  c, u
S_18                      GTECH_AND_NOT   gtech           0.000000  c, u
S_19                      GTECH_AND_NOT   gtech           0.000000  c, u
S_20                      GTECH_AND2      gtech           0.000000  c, u
S_21                      GTECH_AND2      gtech           0.000000  c, u
S_22                      GTECH_AND_NOT   gtech           0.000000  c, u
S_23                      GTECH_AND2      gtech           0.000000  c, u
S_24                      GTECH_AND_NOT   gtech           0.000000  c, u
S_25                      GTECH_AND_NOT   gtech           0.000000  c, u
S_26                      GTECH_AND2      gtech           0.000000  c, u
S_27                      GTECH_AND2      gtech           0.000000  c, u
S_28                      GTECH_AND_NOT   gtech           0.000000  c, u
S_29                      GTECH_AND2      gtech           0.000000  c, u
S_30                      *SELECT_OP_8.32_8.1_32          0.000000  s, u
S_32                      GTECH_NOT       gtech           0.000000  c, u
S_33                      GTECH_AND_NOT   gtech           0.000000  c, u
S_34                      GTECH_AND_NOT   gtech           0.000000  c, u
S_35                      GTECH_AND2      gtech           0.000000  c, u
S_36                      GTECH_AND2      gtech           0.000000  c, u
S_37                      GTECH_AND_NOT   gtech           0.000000  c, u
S_38                      GTECH_AND2      gtech           0.000000  c, u
S_39                      GTECH_AND_NOT   gtech           0.000000  c, u
S_40                      GTECH_AND_NOT   gtech           0.000000  c, u
S_41                      GTECH_AND2      gtech           0.000000  c, u
S_42                      GTECH_AND2      gtech           0.000000  c, u
S_43                      GTECH_AND_NOT   gtech           0.000000  c, u
S_44                      GTECH_AND2      gtech           0.000000  c, u
S_45                      *SELECT_OP_8.1_8.1_1            0.000000  s, u
S_47                      GTECH_BUF       gtech           0.000000  c, u
S_48                      GTECH_NOT       gtech           0.000000  c, u
S_49                      *SELECT_OP_2.1_2.1_1            0.000000  s, u
S_51                      GTECH_NOT       gtech           0.000000  c, u
S_52                      GTECH_AND_NOT   gtech           0.000000  c, u
S_53                      GTECH_AND_NOT   gtech           0.000000  c, u
S_54                      GTECH_AND2      gtech           0.000000  c, u
S_55                      GTECH_AND2      gtech           0.000000  c, u
S_56                      GTECH_AND_NOT   gtech           0.000000  c, u
S_57                      GTECH_AND2      gtech           0.000000  c, u
S_58                      GTECH_AND_NOT   gtech           0.000000  c, u
S_59                      GTECH_AND_NOT   gtech           0.000000  c, u
S_60                      GTECH_AND2      gtech           0.000000  c, u
S_61                      GTECH_AND2      gtech           0.000000  c, u
S_62                      GTECH_AND_NOT   gtech           0.000000  c, u
S_63                      GTECH_AND2      gtech           0.000000  c, u
S_64                      *SELECT_OP_8.2_8.1_2            0.000000  s, u
S_66                      GTECH_BUF       gtech           0.000000  c, u
S_67                      GTECH_NOT       gtech           0.000000  c, u
S_68                      *SELECT_OP_2.2_2.1_2            0.000000  s, u
U12                       GTECH_NOT       gtech           0.000000  c, u
U13                       GTECH_BUF       gtech           0.000000  c, u
U26                       GTECH_NOT       gtech           0.000000  c, u
U27                       GTECH_BUF       gtech           0.000000  c, u
U34                       GTECH_NOT       gtech           0.000000  u
U35                       GTECH_NOT       gtech           0.000000  u
U36                       GTECH_NOT       gtech           0.000000  u
U37                       GTECH_NOT       gtech           0.000000  u
U38                       *GEN*7                          0.000000  u
--------------------------------------------------------------------------------
Total 76 cells                                            0.000000

****************
report_reference
****************

 
****************************************
Report : reference
Design : MuxS2M
Version: V-2003.12-SP1
Date   : Fri Jun 18 13:14:52 2004
****************************************

Attributes:
    b - black box (unknown)
   bo - allows boundary optimization
    d - dont_touch
   mo - map_only
    h - hierarchical
    n - noncombinational
    r - removable
    s - synthetic operator
    u - contains unmapped logic

Reference          Library       Unit Area   Count    Total Area   Attributes
-----------------------------------------------------------------------------
**SEQGEN**                        0.000000       4      0.000000  n, u
*GEN*7                            0.000000       1      0.000000  u
*SELECT_OP_2.1_2.1_1              0.000000       3      0.000000  s, u
*SELECT_OP_2.2_2.1_2              0.000000       1      0.000000  s, u
*SELECT_OP_8.1_8.1_1              0.000000       1      0.000000  s, u
*SELECT_OP_8.2_8.1_2              0.000000       1      0.000000  s, u
*SELECT_OP_8.32_8.1_32            0.000000       1      0.000000  s, u
GTECH_AND2         gtech          0.000000      18      0.000000  u
GTECH_AND_NOT      gtech          0.000000      18      0.000000  u
GTECH_BUF          gtech          0.000000       6      0.000000  u
GTECH_NOT          gtech          0.000000      13      0.000000  u
GTECH_OR2          gtech          0.000000       9      0.000000  u
-----------------------------------------------------------------------------
Total 12 references                                     0.000000

****************
report_hierarchy
****************

 
****************************************
Report : hierarchy
Design : MuxS2M
Version: V-2003.12-SP1
Date   : Fri Jun 18 13:14:52 2004
****************************************

Information: This design contains unmapped logic. (RPT-7)

MuxS2M
    GTECH_AND2            gtech
    GTECH_AND_NOT         gtech
    GTECH_BUF             gtech
    GTECH_NOT             gtech
    GTECH_OR2             gtech

***********
report_area
***********

Warning: Can't read link_library file 'cb18os120_generic_max.db'. (UID-3)
Warning: Can't read link_library file 'conditions_1.8v.db'. (UID-3)
 
****************************************
Report : area
Design : MuxS2M
Version: V-2003.12-SP1
Date   : Fri Jun 18 13:14:52 2004
****************************************

Library(s) Used:

    gtech (File: /edatools/synopsys/2003.12-SP1/libraries/syn/gtech.db)

Number of ports:              332
Number of nets:               400
Number of cells:               76
Number of references:          12

Combinational area:          0.000000
Noncombinational area:       0.000000
Net Interconnect area:      undefined  (No wire load specified)

Total cell area:             0.000000
Total area:                 undefined

Information: This design contains unmapped logic. (RPT-7)

