 
****************************************
Report : timing
        -path full
        -delay max
        -nworst 10
        -input_pins
        -nets
        -max_paths 10
        -transition_time
        -capacitance
Design : IntSRAMController
Version: V-2004.06
Date   : Mon Apr 17 09:49:44 2006
****************************************

Operating Conditions: slow   Library: slow
Wire Load Model Mode: top

  Startpoint: RREADY (input port clocked by OscClk)
  Endpoint: MEMADDR[0] (output port clocked by OscClk)
  Path Group: OscClk
  Path Type: max

  Point                        Fanout       Cap     Trans      Incr       Path
  -------------------------------------------------------------------------------
  clock OscClk (rise edge)                                     0.00       0.00
  clock network delay (ideal)                                  0.00       0.00
  input external delay                                         2.00       2.00 f
  RREADY (in)                                        0.23      0.14       2.14 f
  RREADY (net)                   1         0.03                0.00       2.14 f
  U692/A (BUFX20)                                    0.23      0.00       2.14 f
  U692/Y (BUFX20)                                    0.05      0.16       2.31 f
  n1365 (net)                    5         0.05                0.00       2.31 f
  U730/B (OR3X4)                                     0.05      0.00       2.31 f
  U730/Y (OR3X4)                                     0.11      0.31       2.61 f
  n1403 (net)                    2         0.03                0.00       2.61 f
  U732/A (INVX4)                                     0.11      0.00       2.61 f
  U732/Y (INVX4)                                     0.15      0.11       2.72 r
  n1405 (net)                    3         0.04                0.00       2.72 r
  U735/A (INVX4)                                     0.15      0.00       2.72 r
  U735/Y (INVX4)                                     0.09      0.08       2.80 f
  n1408 (net)                    2         0.04                0.00       2.80 f
  U465/A (INVX8)                                     0.09      0.00       2.80 f
  U465/Y (INVX8)                                     0.11      0.08       2.89 r
  n1105 (net)                    2         0.05                0.00       2.89 r
  U757/A (BUFX20)                                    0.11      0.00       2.89 r
  U757/Y (BUFX20)                                    0.19      0.18       3.07 r
  n1430 (net)                   15         0.27                0.00       3.07 r
  U464/A0 (OAI22X4)                                  0.19      0.00       3.07 r
  U464/Y (OAI22X4)                                   0.29      0.21       3.28 f
  MEMADDR[0] (net)               1         0.10                0.00       3.28 f
  MEMADDR[0] (out)                                   0.29      0.00       3.28 f
  data arrival time                                                       3.28

  clock OscClk (rise edge)                                    13.88      13.88
  clock network delay (ideal)                                  0.00      13.88
  clock uncertainty                                           -2.52      11.36
  output external delay                                       -3.00       8.36
  data required time                                                      8.36
  -------------------------------------------------------------------------------
  data required time                                                      8.36
  data arrival time                                                      -3.28
  -------------------------------------------------------------------------------
  slack (MET)                                                             5.08


  Startpoint: RREADY (input port clocked by OscClk)
  Endpoint: MEMADDR[1] (output port clocked by OscClk)
  Path Group: OscClk
  Path Type: max

  Point                        Fanout       Cap     Trans      Incr       Path
  -------------------------------------------------------------------------------
  clock OscClk (rise edge)                                     0.00       0.00
  clock network delay (ideal)                                  0.00       0.00
  input external delay                                         2.00       2.00 f
  RREADY (in)                                        0.23      0.14       2.14 f
  RREADY (net)                   1         0.03                0.00       2.14 f
  U692/A (BUFX20)                                    0.23      0.00       2.14 f
  U692/Y (BUFX20)                                    0.05      0.16       2.31 f
  n1365 (net)                    5         0.05                0.00       2.31 f
  U730/B (OR3X4)                                     0.05      0.00       2.31 f
  U730/Y (OR3X4)                                     0.11      0.31       2.61 f
  n1403 (net)                    2         0.03                0.00       2.61 f
  U732/A (INVX4)                                     0.11      0.00       2.61 f
  U732/Y (INVX4)                                     0.15      0.11       2.72 r
  n1405 (net)                    3         0.04                0.00       2.72 r
  U735/A (INVX4)                                     0.15      0.00       2.72 r
  U735/Y (INVX4)                                     0.09      0.08       2.80 f
  n1408 (net)                    2         0.04                0.00       2.80 f
  U465/A (INVX8)                                     0.09      0.00       2.80 f
  U465/Y (INVX8)                                     0.11      0.08       2.89 r
  n1105 (net)                    2         0.05                0.00       2.89 r
  U757/A (BUFX20)                                    0.11      0.00       2.89 r
  U757/Y (BUFX20)                                    0.19      0.18       3.07 r
  n1430 (net)                   15         0.27                0.00       3.07 r
  U445/A0 (OAI22X4)                                  0.19      0.00       3.07 r
  U445/Y (OAI22X4)                                   0.29      0.21       3.28 f
  MEMADDR[1] (net)               1         0.10                0.00       3.28 f
  MEMADDR[1] (out)                                   0.29      0.00       3.28 f
  data arrival time                                                       3.28

  clock OscClk (rise edge)                                    13.88      13.88
  clock network delay (ideal)                                  0.00      13.88
  clock uncertainty                                           -2.52      11.36
  output external delay                                       -3.00       8.36
  data required time                                                      8.36
  -------------------------------------------------------------------------------
  data required time                                                      8.36
  data arrival time                                                      -3.28
  -------------------------------------------------------------------------------
  slack (MET)                                                             5.08


  Startpoint: RREADY (input port clocked by OscClk)
  Endpoint: MEMADDR[2] (output port clocked by OscClk)
  Path Group: OscClk
  Path Type: max

  Point                        Fanout       Cap     Trans      Incr       Path
  -------------------------------------------------------------------------------
  clock OscClk (rise edge)                                     0.00       0.00
  clock network delay (ideal)                                  0.00       0.00
  input external delay                                         2.00       2.00 f
  RREADY (in)                                        0.23      0.14       2.14 f
  RREADY (net)                   1         0.03                0.00       2.14 f
  U692/A (BUFX20)                                    0.23      0.00       2.14 f
  U692/Y (BUFX20)                                    0.05      0.16       2.31 f
  n1365 (net)                    5         0.05                0.00       2.31 f
  U730/B (OR3X4)                                     0.05      0.00       2.31 f
  U730/Y (OR3X4)                                     0.11      0.31       2.61 f
  n1403 (net)                    2         0.03                0.00       2.61 f
  U732/A (INVX4)                                     0.11      0.00       2.61 f
  U732/Y (INVX4)                                     0.15      0.11       2.72 r
  n1405 (net)                    3         0.04                0.00       2.72 r
  U735/A (INVX4)                                     0.15      0.00       2.72 r
  U735/Y (INVX4)                                     0.09      0.08       2.80 f
  n1408 (net)                    2         0.04                0.00       2.80 f
  U465/A (INVX8)                                     0.09      0.00       2.80 f
  U465/Y (INVX8)                                     0.11      0.08       2.89 r
  n1105 (net)                    2         0.05                0.00       2.89 r
  U757/A (BUFX20)                                    0.11      0.00       2.89 r
  U757/Y (BUFX20)                                    0.19      0.18       3.07 r
  n1430 (net)                   15         0.27                0.00       3.07 r
  U426/A0 (OAI22X4)                                  0.19      0.00       3.07 r
  U426/Y (OAI22X4)                                   0.29      0.21       3.28 f
  MEMADDR[2] (net)               1         0.10                0.00       3.28 f
  MEMADDR[2] (out)                                   0.29      0.00       3.28 f
  data arrival time                                                       3.28

  clock OscClk (rise edge)                                    13.88      13.88
  clock network delay (ideal)                                  0.00      13.88
  clock uncertainty                                           -2.52      11.36
  output external delay                                       -3.00       8.36
  data required time                                                      8.36
  -------------------------------------------------------------------------------
  data required time                                                      8.36
  data arrival time                                                      -3.28
  -------------------------------------------------------------------------------
  slack (MET)                                                             5.08


  Startpoint: RREADY (input port clocked by OscClk)
  Endpoint: MEMADDR[3] (output port clocked by OscClk)
  Path Group: OscClk
  Path Type: max

  Point                        Fanout       Cap     Trans      Incr       Path
  -------------------------------------------------------------------------------
  clock OscClk (rise edge)                                     0.00       0.00
  clock network delay (ideal)                                  0.00       0.00
  input external delay                                         2.00       2.00 f
  RREADY (in)                                        0.23      0.14       2.14 f
  RREADY (net)                   1         0.03                0.00       2.14 f
  U692/A (BUFX20)                                    0.23      0.00       2.14 f
  U692/Y (BUFX20)                                    0.05      0.16       2.31 f
  n1365 (net)                    5         0.05                0.00       2.31 f
  U730/B (OR3X4)                                     0.05      0.00       2.31 f
  U730/Y (OR3X4)                                     0.11      0.31       2.61 f
  n1403 (net)                    2         0.03                0.00       2.61 f
  U732/A (INVX4)                                     0.11      0.00       2.61 f
  U732/Y (INVX4)                                     0.15      0.11       2.72 r
  n1405 (net)                    3         0.04                0.00       2.72 r
  U735/A (INVX4)                                     0.15      0.00       2.72 r
  U735/Y (INVX4)                                     0.09      0.08       2.80 f
  n1408 (net)                    2         0.04                0.00       2.80 f
  U465/A (INVX8)                                     0.09      0.00       2.80 f
  U465/Y (INVX8)                                     0.11      0.08       2.89 r
  n1105 (net)                    2         0.05                0.00       2.89 r
  U756/A (BUFX20)                                    0.11      0.00       2.89 r
  U756/Y (BUFX20)                                    0.19      0.18       3.07 r
  n1429 (net)                   15         0.27                0.00       3.07 r
  U425/A0 (OAI22X4)                                  0.19      0.00       3.07 r
  U425/Y (OAI22X4)                                   0.29      0.21       3.28 f
  MEMADDR[3] (net)               1         0.10                0.00       3.28 f
  MEMADDR[3] (out)                                   0.29      0.00       3.28 f
  data arrival time                                                       3.28

  clock OscClk (rise edge)                                    13.88      13.88
  clock network delay (ideal)                                  0.00      13.88
  clock uncertainty                                           -2.52      11.36
  output external delay                                       -3.00       8.36
  data required time                                                      8.36
  -------------------------------------------------------------------------------
  data required time                                                      8.36
  data arrival time                                                      -3.28
  -------------------------------------------------------------------------------
  slack (MET)                                                             5.08


  Startpoint: RREADY (input port clocked by OscClk)
  Endpoint: MEMADDR[4] (output port clocked by OscClk)
  Path Group: OscClk
  Path Type: max

  Point                        Fanout       Cap     Trans      Incr       Path
  -------------------------------------------------------------------------------
  clock OscClk (rise edge)                                     0.00       0.00
  clock network delay (ideal)                                  0.00       0.00
  input external delay                                         2.00       2.00 f
  RREADY (in)                                        0.23      0.14       2.14 f
  RREADY (net)                   1         0.03                0.00       2.14 f
  U692/A (BUFX20)                                    0.23      0.00       2.14 f
  U692/Y (BUFX20)                                    0.05      0.16       2.31 f
  n1365 (net)                    5         0.05                0.00       2.31 f
  U730/B (OR3X4)                                     0.05      0.00       2.31 f
  U730/Y (OR3X4)                                     0.11      0.31       2.61 f
  n1403 (net)                    2         0.03                0.00       2.61 f
  U732/A (INVX4)                                     0.11      0.00       2.61 f
  U732/Y (INVX4)                                     0.15      0.11       2.72 r
  n1405 (net)                    3         0.04                0.00       2.72 r
  U735/A (INVX4)                                     0.15      0.00       2.72 r
  U735/Y (INVX4)                                     0.09      0.08       2.80 f
  n1408 (net)                    2         0.04                0.00       2.80 f
  U465/A (INVX8)                                     0.09      0.00       2.80 f
  U465/Y (INVX8)                                     0.11      0.08       2.89 r
  n1105 (net)                    2         0.05                0.00       2.89 r
  U757/A (BUFX20)                                    0.11      0.00       2.89 r
  U757/Y (BUFX20)                                    0.19      0.18       3.07 r
  n1430 (net)                   15         0.27                0.00       3.07 r
  U424/A0 (OAI22X4)                                  0.19      0.00       3.07 r
  U424/Y (OAI22X4)                                   0.29      0.21       3.28 f
  MEMADDR[4] (net)               1         0.10                0.00       3.28 f
  MEMADDR[4] (out)                                   0.29      0.00       3.28 f
  data arrival time                                                       3.28

  clock OscClk (rise edge)                                    13.88      13.88
  clock network delay (ideal)                                  0.00      13.88
  clock uncertainty                                           -2.52      11.36
  output external delay                                       -3.00       8.36
  data required time                                                      8.36
  -------------------------------------------------------------------------------
  data required time                                                      8.36
  data arrival time                                                      -3.28
  -------------------------------------------------------------------------------
  slack (MET)                                                             5.08


  Startpoint: RREADY (input port clocked by OscClk)
  Endpoint: MEMADDR[5] (output port clocked by OscClk)
  Path Group: OscClk
  Path Type: max

  Point                        Fanout       Cap     Trans      Incr       Path
  -------------------------------------------------------------------------------
  clock OscClk (rise edge)                                     0.00       0.00
  clock network delay (ideal)                                  0.00       0.00
  input external delay                                         2.00       2.00 f
  RREADY (in)                                        0.23      0.14       2.14 f
  RREADY (net)                   1         0.03                0.00       2.14 f
  U692/A (BUFX20)                                    0.23      0.00       2.14 f
  U692/Y (BUFX20)                                    0.05      0.16       2.31 f
  n1365 (net)                    5         0.05                0.00       2.31 f
  U730/B (OR3X4)                                     0.05      0.00       2.31 f
  U730/Y (OR3X4)                                     0.11      0.31       2.61 f
  n1403 (net)                    2         0.03                0.00       2.61 f
  U732/A (INVX4)                                     0.11      0.00       2.61 f
  U732/Y (INVX4)                                     0.15      0.11       2.72 r
  n1405 (net)                    3         0.04                0.00       2.72 r
  U735/A (INVX4)                                     0.15      0.00       2.72 r
  U735/Y (INVX4)                                     0.09      0.08       2.80 f
  n1408 (net)                    2         0.04                0.00       2.80 f
  U465/A (INVX8)                                     0.09      0.00       2.80 f
  U465/Y (INVX8)                                     0.11      0.08       2.89 r
  n1105 (net)                    2         0.05                0.00       2.89 r
  U756/A (BUFX20)                                    0.11      0.00       2.89 r
  U756/Y (BUFX20)                                    0.19      0.18       3.07 r
  n1429 (net)                   15         0.27                0.00       3.07 r
  U423/A0 (OAI22X4)                                  0.19      0.00       3.07 r
  U423/Y (OAI22X4)                                   0.29      0.21       3.28 f
  MEMADDR[5] (net)               1         0.10                0.00       3.28 f
  MEMADDR[5] (out)                                   0.29      0.00       3.28 f
  data arrival time                                                       3.28

  clock OscClk (rise edge)                                    13.88      13.88
  clock network delay (ideal)                                  0.00      13.88
  clock uncertainty                                           -2.52      11.36
  output external delay                                       -3.00       8.36
  data required time                                                      8.36
  -------------------------------------------------------------------------------
  data required time                                                      8.36
  data arrival time                                                      -3.28
  -------------------------------------------------------------------------------
  slack (MET)                                                             5.08


  Startpoint: RREADY (input port clocked by OscClk)
  Endpoint: MEMADDR[6] (output port clocked by OscClk)
  Path Group: OscClk
  Path Type: max

  Point                        Fanout       Cap     Trans      Incr       Path
  -------------------------------------------------------------------------------
  clock OscClk (rise edge)                                     0.00       0.00
  clock network delay (ideal)                                  0.00       0.00
  input external delay                                         2.00       2.00 f
  RREADY (in)                                        0.23      0.14       2.14 f
  RREADY (net)                   1         0.03                0.00       2.14 f
  U692/A (BUFX20)                                    0.23      0.00       2.14 f
  U692/Y (BUFX20)                                    0.05      0.16       2.31 f
  n1365 (net)                    5         0.05                0.00       2.31 f
  U730/B (OR3X4)                                     0.05      0.00       2.31 f
  U730/Y (OR3X4)                                     0.11      0.31       2.61 f
  n1403 (net)                    2         0.03                0.00       2.61 f
  U732/A (INVX4)                                     0.11      0.00       2.61 f
  U732/Y (INVX4)                                     0.15      0.11       2.72 r
  n1405 (net)                    3         0.04                0.00       2.72 r
  U735/A (INVX4)                                     0.15      0.00       2.72 r
  U735/Y (INVX4)                                     0.09      0.08       2.80 f
  n1408 (net)                    2         0.04                0.00       2.80 f
  U465/A (INVX8)                                     0.09      0.00       2.80 f
  U465/Y (INVX8)                                     0.11      0.08       2.89 r
  n1105 (net)                    2         0.05                0.00       2.89 r
  U757/A (BUFX20)                                    0.11      0.00       2.89 r
  U757/Y (BUFX20)                                    0.19      0.18       3.07 r
  n1430 (net)                   15         0.27                0.00       3.07 r
  U422/A0 (OAI22X4)                                  0.19      0.00       3.07 r
  U422/Y (OAI22X4)                                   0.29      0.21       3.28 f
  MEMADDR[6] (net)               1         0.10                0.00       3.28 f
  MEMADDR[6] (out)                                   0.29      0.00       3.28 f
  data arrival time                                                       3.28

  clock OscClk (rise edge)                                    13.88      13.88
  clock network delay (ideal)                                  0.00      13.88
  clock uncertainty                                           -2.52      11.36
  output external delay                                       -3.00       8.36
  data required time                                                      8.36
  -------------------------------------------------------------------------------
  data required time                                                      8.36
  data arrival time                                                      -3.28
  -------------------------------------------------------------------------------
  slack (MET)                                                             5.08


  Startpoint: RREADY (input port clocked by OscClk)
  Endpoint: MEMADDR[7] (output port clocked by OscClk)
  Path Group: OscClk
  Path Type: max

  Point                        Fanout       Cap     Trans      Incr       Path
  -------------------------------------------------------------------------------
  clock OscClk (rise edge)                                     0.00       0.00
  clock network delay (ideal)                                  0.00       0.00
  input external delay                                         2.00       2.00 f
  RREADY (in)                                        0.23      0.14       2.14 f
  RREADY (net)                   1         0.03                0.00       2.14 f
  U692/A (BUFX20)                                    0.23      0.00       2.14 f
  U692/Y (BUFX20)                                    0.05      0.16       2.31 f
  n1365 (net)                    5         0.05                0.00       2.31 f
  U730/B (OR3X4)                                     0.05      0.00       2.31 f
  U730/Y (OR3X4)                                     0.11      0.31       2.61 f
  n1403 (net)                    2         0.03                0.00       2.61 f
  U732/A (INVX4)                                     0.11      0.00       2.61 f
  U732/Y (INVX4)                                     0.15      0.11       2.72 r
  n1405 (net)                    3         0.04                0.00       2.72 r
  U735/A (INVX4)                                     0.15      0.00       2.72 r
  U735/Y (INVX4)                                     0.09      0.08       2.80 f
  n1408 (net)                    2         0.04                0.00       2.80 f
  U465/A (INVX8)                                     0.09      0.00       2.80 f
  U465/Y (INVX8)                                     0.11      0.08       2.89 r
  n1105 (net)                    2         0.05                0.00       2.89 r
  U756/A (BUFX20)                                    0.11      0.00       2.89 r
  U756/Y (BUFX20)                                    0.19      0.18       3.07 r
  n1429 (net)                   15         0.27                0.00       3.07 r
  U421/A0 (OAI22X4)                                  0.19      0.00       3.07 r
  U421/Y (OAI22X4)                                   0.29      0.21       3.28 f
  MEMADDR[7] (net)               1         0.10                0.00       3.28 f
  MEMADDR[7] (out)                                   0.29      0.00       3.28 f
  data arrival time                                                       3.28

  clock OscClk (rise edge)                                    13.88      13.88
  clock network delay (ideal)                                  0.00      13.88
  clock uncertainty                                           -2.52      11.36
  output external delay                                       -3.00       8.36
  data required time                                                      8.36
  -------------------------------------------------------------------------------
  data required time                                                      8.36
  data arrival time                                                      -3.28
  -------------------------------------------------------------------------------
  slack (MET)                                                             5.08


  Startpoint: RREADY (input port clocked by OscClk)
  Endpoint: MEMADDR[8] (output port clocked by OscClk)
  Path Group: OscClk
  Path Type: max

  Point                        Fanout       Cap     Trans      Incr       Path
  -------------------------------------------------------------------------------
  clock OscClk (rise edge)                                     0.00       0.00
  clock network delay (ideal)                                  0.00       0.00
  input external delay                                         2.00       2.00 f
  RREADY (in)                                        0.23      0.14       2.14 f
  RREADY (net)                   1         0.03                0.00       2.14 f
  U692/A (BUFX20)                                    0.23      0.00       2.14 f
  U692/Y (BUFX20)                                    0.05      0.16       2.31 f
  n1365 (net)                    5         0.05                0.00       2.31 f
  U730/B (OR3X4)                                     0.05      0.00       2.31 f
  U730/Y (OR3X4)                                     0.11      0.31       2.61 f
  n1403 (net)                    2         0.03                0.00       2.61 f
  U732/A (INVX4)                                     0.11      0.00       2.61 f
  U732/Y (INVX4)                                     0.15      0.11       2.72 r
  n1405 (net)                    3         0.04                0.00       2.72 r
  U735/A (INVX4)                                     0.15      0.00       2.72 r
  U735/Y (INVX4)                                     0.09      0.08       2.80 f
  n1408 (net)                    2         0.04                0.00       2.80 f
  U465/A (INVX8)                                     0.09      0.00       2.80 f
  U465/Y (INVX8)                                     0.11      0.08       2.89 r
  n1105 (net)                    2         0.05                0.00       2.89 r
  U757/A (BUFX20)                                    0.11      0.00       2.89 r
  U757/Y (BUFX20)                                    0.19      0.18       3.07 r
  n1430 (net)                   15         0.27                0.00       3.07 r
  U420/A0 (OAI22X4)                                  0.19      0.00       3.07 r
  U420/Y (OAI22X4)                                   0.29      0.21       3.28 f
  MEMADDR[8] (net)               1         0.10                0.00       3.28 f
  MEMADDR[8] (out)                                   0.29      0.00       3.28 f
  data arrival time                                                       3.28

  clock OscClk (rise edge)                                    13.88      13.88
  clock network delay (ideal)                                  0.00      13.88
  clock uncertainty                                           -2.52      11.36
  output external delay                                       -3.00       8.36
  data required time                                                      8.36
  -------------------------------------------------------------------------------
  data required time                                                      8.36
  data arrival time                                                      -3.28
  -------------------------------------------------------------------------------
  slack (MET)                                                             5.08


  Startpoint: RREADY (input port clocked by OscClk)
  Endpoint: MEMADDR[9] (output port clocked by OscClk)
  Path Group: OscClk
  Path Type: max

  Point                        Fanout       Cap     Trans      Incr       Path
  -------------------------------------------------------------------------------
  clock OscClk (rise edge)                                     0.00       0.00
  clock network delay (ideal)                                  0.00       0.00
  input external delay                                         2.00       2.00 f
  RREADY (in)                                        0.23      0.14       2.14 f
  RREADY (net)                   1         0.03                0.00       2.14 f
  U692/A (BUFX20)                                    0.23      0.00       2.14 f
  U692/Y (BUFX20)                                    0.05      0.16       2.31 f
  n1365 (net)                    5         0.05                0.00       2.31 f
  U730/B (OR3X4)                                     0.05      0.00       2.31 f
  U730/Y (OR3X4)                                     0.11      0.31       2.61 f
  n1403 (net)                    2         0.03                0.00       2.61 f
  U732/A (INVX4)                                     0.11      0.00       2.61 f
  U732/Y (INVX4)                                     0.15      0.11       2.72 r
  n1405 (net)                    3         0.04                0.00       2.72 r
  U735/A (INVX4)                                     0.15      0.00       2.72 r
  U735/Y (INVX4)                                     0.09      0.08       2.80 f
  n1408 (net)                    2         0.04                0.00       2.80 f
  U465/A (INVX8)                                     0.09      0.00       2.80 f
  U465/Y (INVX8)                                     0.11      0.08       2.89 r
  n1105 (net)                    2         0.05                0.00       2.89 r
  U756/A (BUFX20)                                    0.11      0.00       2.89 r
  U756/Y (BUFX20)                                    0.19      0.18       3.07 r
  n1429 (net)                   15         0.27                0.00       3.07 r
  U419/A0 (OAI22X4)                                  0.19      0.00       3.07 r
  U419/Y (OAI22X4)                                   0.29      0.21       3.28 f
  MEMADDR[9] (net)               1         0.10                0.00       3.28 f
  MEMADDR[9] (out)                                   0.29      0.00       3.28 f
  data arrival time                                                       3.28

  clock OscClk (rise edge)                                    13.88      13.88
  clock network delay (ideal)                                  0.00      13.88
  clock uncertainty                                           -2.52      11.36
  output external delay                                       -3.00       8.36
  data required time                                                      8.36
  -------------------------------------------------------------------------------
  data required time                                                      8.36
  data arrival time                                                      -3.28
  -------------------------------------------------------------------------------
  slack (MET)                                                             5.08


1
