 
****************************************
Report : timing
        -path full
        -delay min
        -nworst 10
        -input_pins
        -nets
        -max_paths 10
        -transition_time
        -capacitance
Design : IntSRAMController
Version: V-2004.06
Date   : Mon Apr 17 09:49:44 2006
****************************************

Operating Conditions: slow   Library: slow
Wire Load Model Mode: top

  Startpoint: Addr_reg_0_
              (rising edge-triggered flip-flop clocked by OscClk)
  Endpoint: Addr_reg_0_
            (rising edge-triggered flip-flop clocked by OscClk)
  Path Group: OscClk
  Path Type: min

  Point                        Fanout       Cap     Trans      Incr       Path
  -------------------------------------------------------------------------------
  clock OscClk (rise edge)                                     0.00       0.00
  clock network delay (ideal)                                  0.00       0.00
  Addr_reg_0_/CK (DFFRX4)                            0.40      0.00       0.00 r
  Addr_reg_0_/QN (DFFRX4)                            0.09      0.43       0.43 r
  n1268 (net)                    1         0.02                0.00       0.43 r
  U624/A1 (OAI22X4)                                  0.09      0.00       0.43 r
  U624/Y (OAI22X4)                                   0.07      0.09       0.52 f
  n1316 (net)                    1         0.00                0.00       0.52 f
  Addr_reg_0_/D (DFFRX4)                             0.07      0.00       0.52 f
  data arrival time                                                       0.52

  clock OscClk (rise edge)                                     0.00       0.00
  clock network delay (ideal)                                  0.00       0.00
  Addr_reg_0_/CK (DFFRX4)                                      0.00       0.00 r
  library hold time                                           -0.02      -0.02
  data required time                                                     -0.02
  -------------------------------------------------------------------------------
  data required time                                                     -0.02
  data arrival time                                                      -0.52
  -------------------------------------------------------------------------------
  slack (MET)                                                             0.54


  Startpoint: Addr_reg_11_
              (rising edge-triggered flip-flop clocked by OscClk)
  Endpoint: Addr_reg_11_
            (rising edge-triggered flip-flop clocked by OscClk)
  Path Group: OscClk
  Path Type: min

  Point                        Fanout       Cap     Trans      Incr       Path
  -------------------------------------------------------------------------------
  clock OscClk (rise edge)                                     0.00       0.00
  clock network delay (ideal)                                  0.00       0.00
  Addr_reg_11_/CK (DFFRX4)                           0.40      0.00       0.00 r
  Addr_reg_11_/Q (DFFRX4)                            0.09      0.55       0.55 f
  Addr[11] (net)                 3         0.04                0.00       0.55 f
  U620/A (INVX8)                                     0.09      0.00       0.55 f
  U620/Y (INVX8)                                     0.08      0.07       0.61 r
  n1136 (net)                    2         0.04                0.00       0.61 r
  U618/A0 (OAI22X4)                                  0.08      0.00       0.61 r
  U618/Y (OAI22X4)                                   0.07      0.07       0.68 f
  n1305 (net)                    1         0.00                0.00       0.68 f
  Addr_reg_11_/D (DFFRX4)                            0.07      0.00       0.68 f
  data arrival time                                                       0.68

  clock OscClk (rise edge)                                     0.00       0.00
  clock network delay (ideal)                                  0.00       0.00
  Addr_reg_11_/CK (DFFRX4)                                     0.00       0.00 r
  library hold time                                           -0.02      -0.02
  data required time                                                     -0.02
  -------------------------------------------------------------------------------
  data required time                                                     -0.02
  data arrival time                                                      -0.68
  -------------------------------------------------------------------------------
  slack (MET)                                                             0.71


  Startpoint: Addr_reg_7_
              (rising edge-triggered flip-flop clocked by OscClk)
  Endpoint: Addr_reg_7_
            (rising edge-triggered flip-flop clocked by OscClk)
  Path Group: OscClk
  Path Type: min

  Point                        Fanout       Cap     Trans      Incr       Path
  -------------------------------------------------------------------------------
  clock OscClk (rise edge)                                     0.00       0.00
  clock network delay (ideal)                                  0.00       0.00
  Addr_reg_7_/CK (DFFRX4)                            0.40      0.00       0.00 r
  Addr_reg_7_/Q (DFFRX4)                             0.10      0.55       0.55 f
  Addr[7] (net)                  4         0.04                0.00       0.55 f
  U526/A (INVX8)                                     0.10      0.00       0.55 f
  U526/Y (INVX8)                                     0.08      0.07       0.62 r
  n1140 (net)                    2         0.04                0.00       0.62 r
  U524/A0 (OAI22X4)                                  0.08      0.00       0.62 r
  U524/Y (OAI22X4)                                   0.07      0.07       0.69 f
  n1309 (net)                    1         0.00                0.00       0.69 f
  Addr_reg_7_/D (DFFRX4)                             0.07      0.00       0.69 f
  data arrival time                                                       0.69

  clock OscClk (rise edge)                                     0.00       0.00
  clock network delay (ideal)                                  0.00       0.00
  Addr_reg_7_/CK (DFFRX4)                                      0.00       0.00 r
  library hold time                                           -0.02      -0.02
  data required time                                                     -0.02
  -------------------------------------------------------------------------------
  data required time                                                     -0.02
  data arrival time                                                      -0.69
  -------------------------------------------------------------------------------
  slack (MET)                                                             0.71


  Startpoint: Addr_reg_8_
              (rising edge-triggered flip-flop clocked by OscClk)
  Endpoint: Addr_reg_8_
            (rising edge-triggered flip-flop clocked by OscClk)
  Path Group: OscClk
  Path Type: min

  Point                        Fanout       Cap     Trans      Incr       Path
  -------------------------------------------------------------------------------
  clock OscClk (rise edge)                                     0.00       0.00
  clock network delay (ideal)                                  0.00       0.00
  Addr_reg_8_/CK (DFFRX4)                            0.40      0.00       0.00 r
  Addr_reg_8_/Q (DFFRX4)                             0.10      0.55       0.55 f
  Addr[8] (net)                  4         0.04                0.00       0.55 f
  U523/A (INVX8)                                     0.10      0.00       0.55 f
  U523/Y (INVX8)                                     0.08      0.07       0.62 r
  n1139 (net)                    2         0.04                0.00       0.62 r
  U521/A0 (OAI22X4)                                  0.08      0.00       0.62 r
  U521/Y (OAI22X4)                                   0.07      0.07       0.69 f
  n1308 (net)                    1         0.00                0.00       0.69 f
  Addr_reg_8_/D (DFFRX4)                             0.07      0.00       0.69 f
  data arrival time                                                       0.69

  clock OscClk (rise edge)                                     0.00       0.00
  clock network delay (ideal)                                  0.00       0.00
  Addr_reg_8_/CK (DFFRX4)                                      0.00       0.00 r
  library hold time                                           -0.02      -0.02
  data required time                                                     -0.02
  -------------------------------------------------------------------------------
  data required time                                                     -0.02
  data arrival time                                                      -0.69
  -------------------------------------------------------------------------------
  slack (MET)                                                             0.71


  Startpoint: Addr_reg_9_
              (rising edge-triggered flip-flop clocked by OscClk)
  Endpoint: Addr_reg_9_
            (rising edge-triggered flip-flop clocked by OscClk)
  Path Group: OscClk
  Path Type: min

  Point                        Fanout       Cap     Trans      Incr       Path
  -------------------------------------------------------------------------------
  clock OscClk (rise edge)                                     0.00       0.00
  clock network delay (ideal)                                  0.00       0.00
  Addr_reg_9_/CK (DFFRX4)                            0.40      0.00       0.00 r
  Addr_reg_9_/Q (DFFRX4)                             0.10      0.55       0.55 f
  Addr[9] (net)                  4         0.04                0.00       0.55 f
  U520/A (INVX8)                                     0.10      0.00       0.55 f
  U520/Y (INVX8)                                     0.08      0.07       0.62 r
  n1138 (net)                    2         0.04                0.00       0.62 r
  U518/A0 (OAI22X4)                                  0.08      0.00       0.62 r
  U518/Y (OAI22X4)                                   0.07      0.07       0.69 f
  n1307 (net)                    1         0.00                0.00       0.69 f
  Addr_reg_9_/D (DFFRX4)                             0.07      0.00       0.69 f
  data arrival time                                                       0.69

  clock OscClk (rise edge)                                     0.00       0.00
  clock network delay (ideal)                                  0.00       0.00
  Addr_reg_9_/CK (DFFRX4)                                      0.00       0.00 r
  library hold time                                           -0.02      -0.02
  data required time                                                     -0.02
  -------------------------------------------------------------------------------
  data required time                                                     -0.02
  data arrival time                                                      -0.69
  -------------------------------------------------------------------------------
  slack (MET)                                                             0.71


  Startpoint: Addr_reg_10_
              (rising edge-triggered flip-flop clocked by OscClk)
  Endpoint: Addr_reg_10_
            (rising edge-triggered flip-flop clocked by OscClk)
  Path Group: OscClk
  Path Type: min

  Point                        Fanout       Cap     Trans      Incr       Path
  -------------------------------------------------------------------------------
  clock OscClk (rise edge)                                     0.00       0.00
  clock network delay (ideal)                                  0.00       0.00
  Addr_reg_10_/CK (DFFRX4)                           0.40      0.00       0.00 r
  Addr_reg_10_/Q (DFFRX4)                            0.10      0.55       0.55 f
  Addr[10] (net)                 4         0.04                0.00       0.55 f
  U623/A (INVX8)                                     0.10      0.00       0.55 f
  U623/Y (INVX8)                                     0.08      0.07       0.62 r
  n1137 (net)                    2         0.04                0.00       0.62 r
  U621/A0 (OAI22X4)                                  0.08      0.00       0.62 r
  U621/Y (OAI22X4)                                   0.07      0.07       0.69 f
  n1306 (net)                    1         0.00                0.00       0.69 f
  Addr_reg_10_/D (DFFRX4)                            0.07      0.00       0.69 f
  data arrival time                                                       0.69

  clock OscClk (rise edge)                                     0.00       0.00
  clock network delay (ideal)                                  0.00       0.00
  Addr_reg_10_/CK (DFFRX4)                                     0.00       0.00 r
  library hold time                                           -0.02      -0.02
  data required time                                                     -0.02
  -------------------------------------------------------------------------------
  data required time                                                     -0.02
  data arrival time                                                      -0.69
  -------------------------------------------------------------------------------
  slack (MET)                                                             0.71


  Startpoint: State_reg_1_
              (rising edge-triggered flip-flop clocked by OscClk)
  Endpoint: State_reg_1_
            (rising edge-triggered flip-flop clocked by OscClk)
  Path Group: OscClk
  Path Type: min

  Point                        Fanout       Cap     Trans      Incr       Path
  -------------------------------------------------------------------------------
  clock OscClk (rise edge)                                     0.00       0.00
  clock network delay (ideal)                                  0.00       0.00
  State_reg_1_/CK (DFFRX4)                           0.40      0.00       0.00 r
  State_reg_1_/Q (DFFRX4)                            0.09      0.55       0.55 f
  StateIsREAD (net)              4         0.04                0.00       0.55 f
  U642/A (INVX8)                                     0.09      0.00       0.55 f
  U642/Y (INVX8)                                     0.09      0.07       0.62 r
  n1117 (net)                    6         0.04                0.00       0.62 r
  U392/B0 (OAI22X4)                                  0.09      0.00       0.62 r
  U392/Y (OAI22X4)                                   0.07      0.09       0.71 f
  n1282 (net)                    1         0.00                0.00       0.71 f
  State_reg_1_/D (DFFRX4)                            0.07      0.00       0.71 f
  data arrival time                                                       0.71

  clock OscClk (rise edge)                                     0.00       0.00
  clock network delay (ideal)                                  0.00       0.00
  State_reg_1_/CK (DFFRX4)                                     0.00       0.00 r
  library hold time                                           -0.02      -0.02
  data required time                                                     -0.02
  -------------------------------------------------------------------------------
  data required time                                                     -0.02
  data arrival time                                                      -0.71
  -------------------------------------------------------------------------------
  slack (MET)                                                             0.73


  Startpoint: Addr_reg_0_
              (rising edge-triggered flip-flop clocked by OscClk)
  Endpoint: Addr_reg_0_
            (rising edge-triggered flip-flop clocked by OscClk)
  Path Group: OscClk
  Path Type: min

  Point                        Fanout       Cap     Trans      Incr       Path
  -------------------------------------------------------------------------------
  clock OscClk (rise edge)                                     0.00       0.00
  clock network delay (ideal)                                  0.00       0.00
  Addr_reg_0_/CK (DFFRX4)                            0.40      0.00       0.00 r
  Addr_reg_0_/QN (DFFRX4)                            0.08      0.55       0.55 f
  n1268 (net)                    1         0.02                0.00       0.55 f
  U624/A1 (OAI22X4)                                  0.08      0.00       0.55 f
  U624/Y (OAI22X4)                                   0.16      0.11       0.66 r
  n1316 (net)                    1         0.00                0.00       0.66 r
  Addr_reg_0_/D (DFFRX4)                             0.16      0.00       0.66 r
  data arrival time                                                       0.66

  clock OscClk (rise edge)                                     0.00       0.00
  clock network delay (ideal)                                  0.00       0.00
  Addr_reg_0_/CK (DFFRX4)                                      0.00       0.00 r
  library hold time                                           -0.09      -0.09
  data required time                                                     -0.09
  -------------------------------------------------------------------------------
  data required time                                                     -0.09
  data arrival time                                                      -0.66
  -------------------------------------------------------------------------------
  slack (MET)                                                             0.75


  Startpoint: ReadOrWrite_reg
              (rising edge-triggered flip-flop clocked by OscClk)
  Endpoint: ReadOrWrite_reg
            (rising edge-triggered flip-flop clocked by OscClk)
  Path Group: OscClk
  Path Type: min

  Point                        Fanout       Cap     Trans      Incr       Path
  -------------------------------------------------------------------------------
  clock OscClk (rise edge)                                     0.00       0.00
  clock network delay (ideal)                                  0.00       0.00
  ReadOrWrite_reg/CK (DFFRX4)                        0.40      0.00       0.00 r
  ReadOrWrite_reg/Q (DFFRX4)                         0.16      0.60       0.60 f
  ReadOrWrite (net)              8         0.08                0.00       0.60 f
  U406/B (XOR2X4)                                    0.16      0.00       0.60 f
  U406/Y (XOR2X4)                                    0.04      0.16       0.76 f
  n1284 (net)                    1         0.00                0.00       0.76 f
  ReadOrWrite_reg/D (DFFRX4)                         0.04      0.00       0.76 f
  data arrival time                                                       0.76

  clock OscClk (rise edge)                                     0.00       0.00
  clock network delay (ideal)                                  0.00       0.00
  ReadOrWrite_reg/CK (DFFRX4)                                  0.00       0.00 r
  library hold time                                           -0.02      -0.02
  data required time                                                     -0.02
  -------------------------------------------------------------------------------
  data required time                                                     -0.02
  data arrival time                                                      -0.76
  -------------------------------------------------------------------------------
  slack (MET)                                                             0.77


  Startpoint: Addr_reg_12_
              (rising edge-triggered flip-flop clocked by OscClk)
  Endpoint: PrevAddr_reg_12_
            (rising edge-triggered flip-flop clocked by OscClk)
  Path Group: OscClk
  Path Type: min

  Point                        Fanout       Cap     Trans      Incr       Path
  -------------------------------------------------------------------------------
  clock OscClk (rise edge)                                     0.00       0.00
  clock network delay (ideal)                                  0.00       0.00
  Addr_reg_12_/CK (DFFRX4)                           0.40      0.00       0.00 r
  Addr_reg_12_/Q (DFFRX4)                            0.09      0.54       0.54 f
  Addr[12] (net)                 3         0.03                0.00       0.54 f
  PrevAddr_reg_12_/D (EDFFX4)                        0.09      0.00       0.54 f
  data arrival time                                                       0.54

  clock OscClk (rise edge)                                     0.00       0.00
  clock network delay (ideal)                                  0.00       0.00
  PrevAddr_reg_12_/CK (EDFFX4)                                 0.00       0.00 r
  library hold time                                           -0.29      -0.29
  data required time                                                     -0.29
  -------------------------------------------------------------------------------
  data required time                                                     -0.29
  data arrival time                                                      -0.54
  -------------------------------------------------------------------------------
  slack (MET)                                                             0.84


1
