Information: Updating design information... (UID-85)
 
****************************************
Report : qor
Design : IntSRAMController
Version: V-2004.06
Date   : Mon Apr 17 09:49:44 2006
****************************************


  Timing Path Group 'OscClk'
  -----------------------------------
  Levels of Logic:               7.00
  Critical Path Length:          1.28
  Critical Path Slack:           5.08
  Total Negative Slack:          0.00
  No. of Violating Paths:        0.00
  -----------------------------------


  Cell Count
  -----------------------------------
  Hierarchial Cell Count:           0
  Hierarchial Port Count:           0
  Leaf Cell Count:                498
  -----------------------------------


  Area
  -----------------------------------
  Combinational Area:    13648.252930
  Noncombinational Area:  8389.180664
  Net Area:                  0.000000
  -----------------------------------
  Cell Area:             22037.400391
  Design Area:           22037.400391


  Design Rules
  -----------------------------------
  Total Number of Nets:           665
  Nets With Violations:             0
  -----------------------------------


  Hostname: smt-sdi

  Compile CPU Statistics
  -----------------------------------
  Resource Sharing:              0.00
  Logic Optimization:            0.05
  Mapping Optimization:          0.10
  -----------------------------------
  Overall Compile Time:          2.30

1
