 
****************************************
Report : net fanout
        -threshold 17
Design : IntSRAMController
Version: V-2004.06
Date   : Mon Apr 17 09:49:44 2006
****************************************


Operating Conditions: slow   Library: slow
Wire Load Model Mode: top


Attributes:
   dr - drc disabled
    c - annotated capacitance
    d - dont_touch
    i - ideal_net
    I - ideal_network
    p - includes pin load
    r - annotated resistance
    h - high fanout

Net                 Fanout   Attributes   Capacitance   Driver
--------------------------------------------------------------------------------
ACLK                    83   dr, d            0.42      ACLK
1
