Information: Using TC-DFT license only. Generated vectors will not be saved. (UIT-190)
  Loading design 'Sdram'
  Using test design rule information from previous check_test run
Warning: Violations occurred during test design rule checking. (TEST-124)
  Building test generation network
Information: Faults on unused cell outputs are not considered, for example pin ZN of cell uSdramEngine/uSdramCmdSeq/U7055 (inv0d0). (TEST-200)

  Combinational Test Pattern Generation starts:

    Start random pattern generation...

       49.23% faults processed ; cumulative fault coverage =  49.23%
       55.48% faults processed ; cumulative fault coverage =  55.48%
       56.58% faults processed ; cumulative fault coverage =  56.58%
       59.09% faults processed ; cumulative fault coverage =  59.09%
       59.72% faults processed ; cumulative fault coverage =  59.72%
       61.03% faults processed ; cumulative fault coverage =  61.03%
       61.30% faults processed ; cumulative fault coverage =  61.30%
       61.89% faults processed ; cumulative fault coverage =  61.89%
       63.65% faults processed ; cumulative fault coverage =  63.65%
       63.89% faults processed ; cumulative fault coverage =  63.89%
       65.06% faults processed ; cumulative fault coverage =  65.06%
       65.94% faults processed ; cumulative fault coverage =  65.94%
       66.95% faults processed ; cumulative fault coverage =  66.95%
       67.08% faults processed ; cumulative fault coverage =  67.08%
       67.58% faults processed ; cumulative fault coverage =  67.58%
       68.43% faults processed ; cumulative fault coverage =  68.43%
       68.74% faults processed ; cumulative fault coverage =  68.74%
       68.98% faults processed ; cumulative fault coverage =  68.98%
       69.13% faults processed ; cumulative fault coverage =  69.13%
       69.21% faults processed ; cumulative fault coverage =  69.21%
       69.82% faults processed ; cumulative fault coverage =  69.82%
       70.03% faults processed ; cumulative fault coverage =  70.03%
       70.26% faults processed ; cumulative fault coverage =  70.26%
       70.43% faults processed ; cumulative fault coverage =  70.43%
       70.67% faults processed ; cumulative fault coverage =  70.67%
       71.23% faults processed ; cumulative fault coverage =  71.23%
       71.48% faults processed ; cumulative fault coverage =  71.48%
       71.89% faults processed ; cumulative fault coverage =  71.89%
       72.03% faults processed ; cumulative fault coverage =  72.03%
       72.22% faults processed ; cumulative fault coverage =  72.22%
       72.36% faults processed ; cumulative fault coverage =  72.36%
       72.58% faults processed ; cumulative fault coverage =  72.58%
       72.72% faults processed ; cumulative fault coverage =  72.72%
       72.84% faults processed ; cumulative fault coverage =  72.84%
       73.13% faults processed ; cumulative fault coverage =  73.13%
       73.18% faults processed ; cumulative fault coverage =  73.18%
       73.28% faults processed ; cumulative fault coverage =  73.28%
       73.31% faults processed ; cumulative fault coverage =  73.31%
       73.46% faults processed ; cumulative fault coverage =  73.46%
       73.59% faults processed ; cumulative fault coverage =  73.59%
       73.69% faults processed ; cumulative fault coverage =  73.69%
       73.79% faults processed ; cumulative fault coverage =  73.79%
       74.06% faults processed ; cumulative fault coverage =  74.06%
       74.13% faults processed ; cumulative fault coverage =  74.13%
       74.14% faults processed ; cumulative fault coverage =  74.14%
       74.21% faults processed ; cumulative fault coverage =  74.21%
       74.27% faults processed ; cumulative fault coverage =  74.27%
       74.43% faults processed ; cumulative fault coverage =  74.43%
       74.50% faults processed ; cumulative fault coverage =  74.50%
       74.51% faults processed ; cumulative fault coverage =  74.51%
       74.51% faults processed ; cumulative fault coverage =  74.51%

    ...End random pattern generation

    Start deterministic pattern generation...

       76.43% faults processed ; cumulative fault coverage =  76.10%
       77.47% faults processed ; cumulative fault coverage =  77.15%
       78.00% faults processed ; cumulative fault coverage =  77.69%
       79.16% faults processed ; cumulative fault coverage =  78.85%
       80.06% faults processed ; cumulative fault coverage =  79.76%
       80.67% faults processed ; cumulative fault coverage =  80.36%
       82.50% faults processed ; cumulative fault coverage =  82.20%
       83.46% faults processed ; cumulative fault coverage =  83.16%
       84.34% faults processed ; cumulative fault coverage =  84.04%
       84.98% faults processed ; cumulative fault coverage =  84.68%
       85.84% faults processed ; cumulative fault coverage =  85.55%
       86.42% faults processed ; cumulative fault coverage =  86.14%
       87.18% faults processed ; cumulative fault coverage =  86.90%
       87.94% faults processed ; cumulative fault coverage =  87.67%
       88.84% faults processed ; cumulative fault coverage =  88.57%
       89.29% faults processed ; cumulative fault coverage =  89.01%
       90.06% faults processed ; cumulative fault coverage =  89.77%
       90.42% faults processed ; cumulative fault coverage =  90.13%
       90.73% faults processed ; cumulative fault coverage =  90.45%
       91.14% faults processed ; cumulative fault coverage =  90.86%
       91.53% faults processed ; cumulative fault coverage =  91.24%
       92.02% faults processed ; cumulative fault coverage =  91.71%
       92.29% faults processed ; cumulative fault coverage =  91.98%
       92.68% faults processed ; cumulative fault coverage =  92.38%
       93.03% faults processed ; cumulative fault coverage =  92.72%
       93.30% faults processed ; cumulative fault coverage =  93.00%
       93.64% faults processed ; cumulative fault coverage =  93.34%
       93.90% faults processed ; cumulative fault coverage =  93.60%
       94.12% faults processed ; cumulative fault coverage =  93.83%
       94.39% faults processed ; cumulative fault coverage =  94.10%
       94.73% faults processed ; cumulative fault coverage =  94.42%
       94.97% faults processed ; cumulative fault coverage =  94.66%
       95.21% faults processed ; cumulative fault coverage =  94.91%
       95.46% faults processed ; cumulative fault coverage =  95.15%
       95.70% faults processed ; cumulative fault coverage =  95.38%
       95.91% faults processed ; cumulative fault coverage =  95.60%
       96.13% faults processed ; cumulative fault coverage =  95.82%
       96.52% faults processed ; cumulative fault coverage =  96.20%
       96.71% faults processed ; cumulative fault coverage =  96.38%
       96.97% faults processed ; cumulative fault coverage =  96.64%
       97.18% faults processed ; cumulative fault coverage =  96.84%
       97.39% faults processed ; cumulative fault coverage =  97.05%
       97.62% faults processed ; cumulative fault coverage =  97.27%
       97.89% faults processed ; cumulative fault coverage =  97.54%
       98.07% faults processed ; cumulative fault coverage =  97.72%
       98.26% faults processed ; cumulative fault coverage =  97.91%
       98.44% faults processed ; cumulative fault coverage =  98.09%
       98.63% faults processed ; cumulative fault coverage =  98.28%
       98.86% faults processed ; cumulative fault coverage =  98.49%
       99.03% faults processed ; cumulative fault coverage =  98.64%
       99.26% faults processed ; cumulative fault coverage =  98.85%
       99.43% faults processed ; cumulative fault coverage =  99.02%
       99.62% faults processed ; cumulative fault coverage =  99.20%
       99.86% faults processed ; cumulative fault coverage =  99.40%
      100.00% faults processed ; cumulative fault coverage =  99.50%

    ...End deterministic pattern generation


                                Non-collapsed     Collapsed
    No. of detected faults      24175             22046
    No. of abandoned faults     22                17
    No. of tied faults          158               145
    No. of redundant faults     11                11
    No. of untested faults      95                93
    Total no. of faults         24461             22312
    Fault coverage              99.52             99.50

    No. of test patterns         1508

    Test Generation Time (CPU)  160.37 sec
...Writing test program /home/work/sdramc_pl170/synopsys_ref/report/Sdram_scan_vhdl_patterns (without vectors) to file /home/work/sdramc_pl170/synopsys_ref/report/Sdram_scan_vhdl_patterns.vdb
