--------------------------------------------------------------------------------
Release  Trace 
Copyright (c) 1995-2006 Xilinx, Inc.  All rights reserved.

D:\Xilinx\bin\nt\trce.exe -ise
E:/RTL_COMPLETE/SOURCE_PROJECT/VIDEO_DECODER/DECODER_PAL/pal/pal.ise -intstyle
ise -e 3 -l 3 -s 10 -xml I2C_AV_Config I2C_AV_Config.ncd -o I2C_AV_Config.twr
I2C_AV_Config.pcf -ucf I2C_AV_Config.ucf

Design file:              i2c_av_config.ncd
Physical constraint file: i2c_av_config.pcf
Device,speed:             xc4vlx200,-10 (PRODUCTION 1.60 2006-05-03, STEPPING level 1)
Report level:             error report

Environment Variable      Effect 
--------------------      ------ 
NONE                      No environment variables were set
--------------------------------------------------------------------------------

INFO:Timing:2698 - No timing constraints found, doing default enumeration.
INFO:Timing:2752 - To get complete path coverage, use the unconstrained paths 
   option. All paths that are not constrained will be reported in the 
   unconstrained paths section(s) of the report.



Data Sheet report:
-----------------
All values displayed in nanoseconds (ns)

Setup/Hold to clock iCLK
------------+------------+------------+------------------+--------+
            |  Setup to  |  Hold to   |                  | Clock  |
Source      | clk (edge) | clk (edge) |Internal Clock(s) | Phase  |
------------+------------+------------+------------------+--------+
TD_HQ       |    3.421(R)|    0.464(R)|iCLK_BUFGP        |   0.000|
TD_VQ       |    3.424(R)|    0.461(R)|iCLK_BUFGP        |   0.000|
------------+------------+------------+------------------+--------+

Clock iCLK to Pad
------------+------------+------------------+--------+
            | clk (edge) |                  | Clock  |
Destination |   to PAD   |Internal Clock(s) | Phase  |
------------+------------+------------------+--------+
I2C_SCLK    |   15.920(R)|iCLK_BUFGP        |   0.000|
LED<2>      |   10.929(R)|iCLK_BUFGP        |   0.000|
LED<3>      |   10.926(R)|iCLK_BUFGP        |   0.000|
------------+------------+------------------+--------+

Clock to Setup on destination clock iCLK
---------------+---------+---------+---------+---------+
               | Src:Rise| Src:Fall| Src:Rise| Src:Fall|
Source Clock   |Dest:Rise|Dest:Rise|Dest:Fall|Dest:Fall|
---------------+---------+---------+---------+---------+
iCLK           |    5.395|         |         |         |
---------------+---------+---------+---------+---------+


Analysis completed Thu Dec 28 10:46:36 2006
--------------------------------------------------------------------------------

Trace Settings:
-------------------------
Trace Settings 

Peak Memory Usage: 390 MB



