00000001
01FF8D00
00001070
00000000
00000002
00000000
00000000
00000000
00000001
01FF8D04
00000000
00000000
00000002
00000000
00000000
00000000
00000001
01FF8D00
00001070
00000000
00000002
00000000
00000000
00000000
00000001
01FF8D04
00000000
00000000
00000002
00000000
00000000
00000000
00000004
00000000
00000000
00000002
00000001
00000000
00000000
00000006
00000003
00000000
01FF8D00
00001072
00000002
00000000
00000000
00000000
00000000
01FF8D04
00000001
00000002
00000000
00000000
00000000
00000004
00000000
00000000
00000002
00000001
00000000
00000000
00000006
00000003
00000001
01FF8D00
00001072
00000000
00000002
00000000
00000000
00000000
00000001
01FF8D04
00000001
00000000
00000002
00000000
00000000
00000000
00000000
01FF8D00
00001072
00000002
00000000
00000000
00000000
00000001
01FF8D00
00001072
00000000
00000002
00000000
00000000
00000000
00000004
00000000
00000000
00000002
00000001
00000000
00000000
00000006
00000003
00000000
01FF8D00
00001071
00000002
00000000
00000000
00000000
00000001
01FF8D04
00000000
00000000
00000002
00000000
00000000
00000000
00000004
00000000
00000000
00000002
00000001
00000000
00000000
00000006
00000003
00000000
01FF8D00
00001070
00000002
00000000
00000000
00000000
