Warning: In design 'APBif', input port 'PRDATA_31' is connected directly to output port 'HRDATA_31'. (LINT-29)
Warning: In design 'APBif', input port 'PRDATA_30' is connected directly to output port 'HRDATA_30'. (LINT-29)
Warning: In design 'APBif', input port 'PRDATA_29' is connected directly to output port 'HRDATA_29'. (LINT-29)
Warning: In design 'APBif', input port 'PRDATA_28' is connected directly to output port 'HRDATA_28'. (LINT-29)
Warning: In design 'APBif', input port 'PRDATA_27' is connected directly to output port 'HRDATA_27'. (LINT-29)
Warning: In design 'APBif', input port 'PRDATA_26' is connected directly to output port 'HRDATA_26'. (LINT-29)
Warning: In design 'APBif', input port 'PRDATA_25' is connected directly to output port 'HRDATA_25'. (LINT-29)
Warning: In design 'APBif', input port 'PRDATA_24' is connected directly to output port 'HRDATA_24'. (LINT-29)
Warning: In design 'APBif', input port 'PRDATA_23' is connected directly to output port 'HRDATA_23'. (LINT-29)
Warning: In design 'APBif', input port 'PRDATA_22' is connected directly to output port 'HRDATA_22'. (LINT-29)
Warning: In design 'APBif', input port 'PRDATA_21' is connected directly to output port 'HRDATA_21'. (LINT-29)
Warning: In design 'APBif', input port 'PRDATA_20' is connected directly to output port 'HRDATA_20'. (LINT-29)
Warning: In design 'APBif', input port 'PRDATA_19' is connected directly to output port 'HRDATA_19'. (LINT-29)
Warning: In design 'APBif', input port 'PRDATA_18' is connected directly to output port 'HRDATA_18'. (LINT-29)
Warning: In design 'APBif', input port 'PRDATA_17' is connected directly to output port 'HRDATA_17'. (LINT-29)
Warning: In design 'APBif', input port 'PRDATA_16' is connected directly to output port 'HRDATA_16'. (LINT-29)
Warning: In design 'APBif', input port 'PRDATA_15' is connected directly to output port 'HRDATA_15'. (LINT-29)
Warning: In design 'APBif', input port 'PRDATA_14' is connected directly to output port 'HRDATA_14'. (LINT-29)
Warning: In design 'APBif', input port 'PRDATA_13' is connected directly to output port 'HRDATA_13'. (LINT-29)
Warning: In design 'APBif', input port 'PRDATA_12' is connected directly to output port 'HRDATA_12'. (LINT-29)
Warning: In design 'APBif', input port 'PRDATA_11' is connected directly to output port 'HRDATA_11'. (LINT-29)
Warning: In design 'APBif', input port 'PRDATA_10' is connected directly to output port 'HRDATA_10'. (LINT-29)
Warning: In design 'APBif', input port 'PRDATA_9' is connected directly to output port 'HRDATA_9'. (LINT-29)
Warning: In design 'APBif', input port 'PRDATA_8' is connected directly to output port 'HRDATA_8'. (LINT-29)
Warning: In design 'APBif', input port 'PRDATA_7' is connected directly to output port 'HRDATA_7'. (LINT-29)
Warning: In design 'APBif', input port 'PRDATA_6' is connected directly to output port 'HRDATA_6'. (LINT-29)
Warning: In design 'APBif', input port 'PRDATA_5' is connected directly to output port 'HRDATA_5'. (LINT-29)
Warning: In design 'APBif', input port 'PRDATA_4' is connected directly to output port 'HRDATA_4'. (LINT-29)
Warning: In design 'APBif', input port 'PRDATA_3' is connected directly to output port 'HRDATA_3'. (LINT-29)
Warning: In design 'APBif', input port 'PRDATA_2' is connected directly to output port 'HRDATA_2'. (LINT-29)
Warning: In design 'APBif', input port 'PRDATA_1' is connected directly to output port 'HRDATA_1'. (LINT-29)
Warning: In design 'APBif', input port 'PRDATA_0' is connected directly to output port 'HRDATA_0'. (LINT-29)
Warning: In design 'APBif', port 'SCANENABLE' is not connected to any nets. (LINT-28)
Warning: In design 'APBif', port 'SCANINHCLK' is not connected to any nets. (LINT-28)
Warning: In design 'APBif', port 'SCANOUTHCLK' is not connected to any nets. (LINT-28)
Warning: In design 'APBif', output port 'HRESP_1' is connected directly to output port 'HRESP_0'. (LINT-31)
************
check_timing
************

Warning: Design 'APBif' contains unmapped cells.
	Use report_cell to list unmapped cells in the design. (OPT-309)

Warning: The following end-points are not constrained for maximum delay.

End point
---------------
HRDATA_0
HRDATA_1
HRDATA_2
HRDATA_3
HRDATA_4
HRDATA_5
HRDATA_6
HRDATA_7
HRDATA_8
HRDATA_9
HRDATA_10
HRDATA_11
HRDATA_12
HRDATA_13
HRDATA_14
HRDATA_15
HRDATA_16
HRDATA_17
HRDATA_18
HRDATA_19
HRDATA_20
HRDATA_21
HRDATA_22
HRDATA_23
HRDATA_24
HRDATA_25
HRDATA_26
HRDATA_27
HRDATA_28
HRDATA_29
HRDATA_30
HRDATA_31

***********
report_cell
***********

Error: Could not read the following target libraries:
cb18os120_generic_max.db 
 (UIO-3)
 
****************************************
Report : cell
Design : APBif
Version: V-2003.12-SP1
Date   : Fri Jun 18 13:19:15 2004
****************************************

Attributes:
    b - black box (unknown)
    c - control logic
    h - hierarchical
    n - noncombinational
    r - removable
    s - synthetic operator
    u - contains unmapped logic

Cell                      Reference       Library             Area  Attributes
--------------------------------------------------------------------------------
CurrentState_reg_0        **SEQGEN**                      0.000000  n, u
CurrentState_reg_1        **SEQGEN**                      0.000000  n, u
CurrentState_reg_2        **SEQGEN**                      0.000000  n, u
CurrentState_reg_3        **SEQGEN**                      0.000000  n, u
HaddrReg_reg_0            **SEQGEN**                      0.000000  n, u
HaddrReg_reg_1            **SEQGEN**                      0.000000  n, u
HaddrReg_reg_2            **SEQGEN**                      0.000000  n, u
HaddrReg_reg_3            **SEQGEN**                      0.000000  n, u
HaddrReg_reg_4            **SEQGEN**                      0.000000  n, u
HaddrReg_reg_5            **SEQGEN**                      0.000000  n, u
HaddrReg_reg_6            **SEQGEN**                      0.000000  n, u
HaddrReg_reg_7            **SEQGEN**                      0.000000  n, u
HaddrReg_reg_8            **SEQGEN**                      0.000000  n, u
HaddrReg_reg_9            **SEQGEN**                      0.000000  n, u
HaddrReg_reg_10           **SEQGEN**                      0.000000  n, u
HaddrReg_reg_11           **SEQGEN**                      0.000000  n, u
HaddrReg_reg_12           **SEQGEN**                      0.000000  n, u
HaddrReg_reg_13           **SEQGEN**                      0.000000  n, u
HaddrReg_reg_14           **SEQGEN**                      0.000000  n, u
HaddrReg_reg_15           **SEQGEN**                      0.000000  n, u
HaddrReg_reg_16           **SEQGEN**                      0.000000  n, u
HaddrReg_reg_17           **SEQGEN**                      0.000000  n, u
HaddrReg_reg_18           **SEQGEN**                      0.000000  n, u
HaddrReg_reg_19           **SEQGEN**                      0.000000  n, u
HaddrReg_reg_20           **SEQGEN**                      0.000000  n, u
HaddrReg_reg_21           **SEQGEN**                      0.000000  n, u
HaddrReg_reg_22           **SEQGEN**                      0.000000  n, u
HaddrReg_reg_23           **SEQGEN**                      0.000000  n, u
HaddrReg_reg_24           **SEQGEN**                      0.000000  n, u
HaddrReg_reg_25           **SEQGEN**                      0.000000  n, u
HaddrReg_reg_26           **SEQGEN**                      0.000000  n, u
HaddrReg_reg_27           **SEQGEN**                      0.000000  n, u
HwriteReg_reg             **SEQGEN**                      0.000000  n, u
PADDR_reg_0               **SEQGEN**                      0.000000  n, u
PADDR_reg_1               **SEQGEN**                      0.000000  n, u
PADDR_reg_2               **SEQGEN**                      0.000000  n, u
PADDR_reg_3               **SEQGEN**                      0.000000  n, u
PADDR_reg_4               **SEQGEN**                      0.000000  n, u
PADDR_reg_5               **SEQGEN**                      0.000000  n, u
PADDR_reg_6               **SEQGEN**                      0.000000  n, u
PADDR_reg_7               **SEQGEN**                      0.000000  n, u
PADDR_reg_8               **SEQGEN**                      0.000000  n, u
PADDR_reg_9               **SEQGEN**                      0.000000  n, u
PADDR_reg_10              **SEQGEN**                      0.000000  n, u
PADDR_reg_11              **SEQGEN**                      0.000000  n, u
PADDR_reg_12              **SEQGEN**                      0.000000  n, u
PADDR_reg_13              **SEQGEN**                      0.000000  n, u
PADDR_reg_14              **SEQGEN**                      0.000000  n, u
PADDR_reg_15              **SEQGEN**                      0.000000  n, u
PADDR_reg_16              **SEQGEN**                      0.000000  n, u
PADDR_reg_17              **SEQGEN**                      0.000000  n, u
PADDR_reg_18              **SEQGEN**                      0.000000  n, u
PADDR_reg_19              **SEQGEN**                      0.000000  n, u
PADDR_reg_20              **SEQGEN**                      0.000000  n, u
PADDR_reg_21              **SEQGEN**                      0.000000  n, u
PADDR_reg_22              **SEQGEN**                      0.000000  n, u
PADDR_reg_23              **SEQGEN**                      0.000000  n, u
PENABLE_reg               **SEQGEN**                      0.000000  n, u
PWDATA_reg_0              **SEQGEN**                      0.000000  n, u
PWDATA_reg_1              **SEQGEN**                      0.000000  n, u
PWDATA_reg_2              **SEQGEN**                      0.000000  n, u
PWDATA_reg_3              **SEQGEN**                      0.000000  n, u
PWDATA_reg_4              **SEQGEN**                      0.000000  n, u
PWDATA_reg_5              **SEQGEN**                      0.000000  n, u
PWDATA_reg_6              **SEQGEN**                      0.000000  n, u
PWDATA_reg_7              **SEQGEN**                      0.000000  n, u
PWDATA_reg_8              **SEQGEN**                      0.000000  n, u
PWDATA_reg_9              **SEQGEN**                      0.000000  n, u
PWDATA_reg_10             **SEQGEN**                      0.000000  n, u
PWDATA_reg_11             **SEQGEN**                      0.000000  n, u
PWDATA_reg_12             **SEQGEN**                      0.000000  n, u
PWDATA_reg_13             **SEQGEN**                      0.000000  n, u
PWDATA_reg_14             **SEQGEN**                      0.000000  n, u
PWDATA_reg_15             **SEQGEN**                      0.000000  n, u
PWDATA_reg_16             **SEQGEN**                      0.000000  n, u
PWDATA_reg_17             **SEQGEN**                      0.000000  n, u
PWDATA_reg_18             **SEQGEN**                      0.000000  n, u
PWDATA_reg_19             **SEQGEN**                      0.000000  n, u
PWDATA_reg_20             **SEQGEN**                      0.000000  n, u
PWDATA_reg_21             **SEQGEN**                      0.000000  n, u
PWDATA_reg_22             **SEQGEN**                      0.000000  n, u
PWDATA_reg_23             **SEQGEN**                      0.000000  n, u
PWDATA_reg_24             **SEQGEN**                      0.000000  n, u
PWDATA_reg_25             **SEQGEN**                      0.000000  n, u
PWDATA_reg_26             **SEQGEN**                      0.000000  n, u
PWDATA_reg_27             **SEQGEN**                      0.000000  n, u
PWDATA_reg_28             **SEQGEN**                      0.000000  n, u
PWDATA_reg_29             **SEQGEN**                      0.000000  n, u
PWDATA_reg_30             **SEQGEN**                      0.000000  n, u
PWDATA_reg_31             **SEQGEN**                      0.000000  n, u
PWRITE_reg                **SEQGEN**                      0.000000  n, u
S_0                       GTECH_AND2      gtech           0.000000  u
S_1                       GTECH_NOT       gtech           0.000000  u
S_2                       GTECH_AND2      gtech           0.000000  u
S_3                       GTECH_AND2      gtech           0.000000  u
S_4                       GTECH_OR2       gtech           0.000000  u
S_5                       GTECH_AND2      gtech           0.000000  u
S_6                       GTECH_BUF       gtech           0.000000  c, u
S_7                       GTECH_NOT       gtech           0.000000  c, u
S_8                       *SELECT_OP_2.1_2.1_1            0.000000  s, u
S_10                      GTECH_AND2      gtech           0.000000  u
S_11                      GTECH_BUF       gtech           0.000000  c, u
S_12                      GTECH_NOT       gtech           0.000000  c, u
S_14                      *SELECT_OP_2.1_2.1_1            0.000000  s, u
S_16                      *SELECT_OP_2.1_2.1_1            0.000000  s, u
S_17                      GTECH_NOT       gtech           0.000000  u
S_18                      GTECH_NOT       gtech           0.000000  u
S_19                      GTECH_NOT       gtech           0.000000  u
S_20                      GTECH_AND2      gtech           0.000000  u
S_21                      GTECH_AND2      gtech           0.000000  u
S_22                      GTECH_AND2      gtech           0.000000  u
S_23                      GTECH_NOT       gtech           0.000000  u
S_24                      GTECH_NOT       gtech           0.000000  u
S_25                      GTECH_NOT       gtech           0.000000  u
S_26                      GTECH_NOT       gtech           0.000000  u
S_27                      GTECH_AND2      gtech           0.000000  u
S_28                      GTECH_AND2      gtech           0.000000  u
S_29                      GTECH_AND2      gtech           0.000000  u
S_30                      GTECH_NOT       gtech           0.000000  u
S_31                      GTECH_NOT       gtech           0.000000  u
S_32                      GTECH_NOT       gtech           0.000000  u
S_33                      GTECH_AND2      gtech           0.000000  u
S_34                      GTECH_AND2      gtech           0.000000  u
S_35                      GTECH_AND2      gtech           0.000000  u
S_36                      GTECH_OR2       gtech           0.000000  u
S_37                      GTECH_NOT       gtech           0.000000  u
S_38                      GTECH_AND2      gtech           0.000000  u
S_39                      GTECH_AND2      gtech           0.000000  u
S_40                      GTECH_AND2      gtech           0.000000  u
S_41                      GTECH_OR2       gtech           0.000000  u
S_42                      GTECH_AND2      gtech           0.000000  u
S_43                      GTECH_BUF       gtech           0.000000  c, u
S_44                      GTECH_NOT       gtech           0.000000  c, u
S_45                      *SELECT_OP_2.28_2.1_28          0.000000  s, u
S_47                      GTECH_BUF       gtech           0.000000  c, u
S_48                      GTECH_NOT       gtech           0.000000  c, u
S_49                      *SELECT_OP_2.1_2.1_1            0.000000  s, u
S_51                      GTECH_BUF       gtech           0.000000  c, u
S_52                      GTECH_NOT       gtech           0.000000  c, u
S_53                      *SELECT_OP_2.1_2.1_1            0.000000  s, u
S_55                      *SELECT_OP_2.1_2.1_1            0.000000  s, u
S_57                      *SELECT_OP_2.1_2.1_1            0.000000  s, u
S_59                      *SELECT_OP_2.1_2.1_1            0.000000  s, u
S_61                      *SELECT_OP_2.1_2.1_1            0.000000  s, u
S_63                      *SELECT_OP_2.1_2.1_1            0.000000  s, u
S_65                      *SELECT_OP_2.1_2.1_1            0.000000  s, u
S_67                      *SELECT_OP_2.1_2.1_1            0.000000  s, u
S_69                      *SELECT_OP_2.1_2.1_1            0.000000  s, u
S_71                      *SELECT_OP_2.1_2.1_1            0.000000  s, u
S_73                      *SELECT_OP_2.1_2.1_1            0.000000  s, u
S_75                      GTECH_BUF       gtech           0.000000  c, u
S_76                      GTECH_NOT       gtech           0.000000  c, u
S_77                      *SELECT_OP_2.1_2.1_1            0.000000  s, u
S_79                      *SELECT_OP_2.1_2.1_1            0.000000  s, u
S_81                      *SELECT_OP_2.1_2.1_1            0.000000  s, u
S_83                      GTECH_NOT       gtech           0.000000  c, u
S_84                      GTECH_AND_NOT   gtech           0.000000  c, u
S_85                      GTECH_AND_NOT   gtech           0.000000  c, u
S_86                      GTECH_AND_NOT   gtech           0.000000  c, u
S_87                      GTECH_AND2      gtech           0.000000  c, u
S_88                      GTECH_AND_NOT   gtech           0.000000  c, u
S_89                      GTECH_AND_NOT   gtech           0.000000  c, u
S_90                      GTECH_AND2      gtech           0.000000  c, u
S_91                      GTECH_AND2      gtech           0.000000  c, u
S_92                      GTECH_AND_NOT   gtech           0.000000  c, u
S_93                      GTECH_AND2      gtech           0.000000  c, u
S_94                      GTECH_AND2      gtech           0.000000  c, u
S_95                      GTECH_AND_NOT   gtech           0.000000  c, u
S_96                      GTECH_AND_NOT   gtech           0.000000  c, u
S_97                      GTECH_AND2      gtech           0.000000  c, u
S_98                      GTECH_AND2      gtech           0.000000  c, u
S_99                      GTECH_AND_NOT   gtech           0.000000  c, u
S_100                     GTECH_AND2      gtech           0.000000  c, u
S_101                     GTECH_MUX2      gtech           0.000000  c, u
S_102                     GTECH_MUX2      gtech           0.000000  c, u
S_103                     GTECH_MUX2      gtech           0.000000  c, u
S_104                     *SELECT_OP_9.4_9.1_4            0.000000  s, u
S_106                     GTECH_NOT       gtech           0.000000  u
S_107                     GTECH_NOT       gtech           0.000000  u
S_108                     GTECH_NOT       gtech           0.000000  u
S_109                     GTECH_AND2      gtech           0.000000  u
S_110                     GTECH_AND2      gtech           0.000000  u
S_111                     GTECH_AND2      gtech           0.000000  u
S_112                     GTECH_NOT       gtech           0.000000  u
S_113                     GTECH_AND2      gtech           0.000000  u
S_114                     GTECH_AND2      gtech           0.000000  u
S_115                     GTECH_AND2      gtech           0.000000  u
S_116                     GTECH_OR2       gtech           0.000000  u
S_117                     GTECH_AND2      gtech           0.000000  u
S_118                     GTECH_AND2      gtech           0.000000  u
S_119                     GTECH_AND2      gtech           0.000000  u
S_120                     GTECH_NOT       gtech           0.000000  u
S_121                     GTECH_NOT       gtech           0.000000  u
S_122                     GTECH_OR2       gtech           0.000000  u
S_123                     GTECH_AND2      gtech           0.000000  u
S_124                     GTECH_OR2       gtech           0.000000  u
S_125                     GTECH_BUF       gtech           0.000000  c, u
S_126                     GTECH_NOT       gtech           0.000000  c, u
S_127                     *SELECT_OP_2.1_2.1_1            0.000000  s, u
S_129                     GTECH_NOT       gtech           0.000000  c, u
S_130                     GTECH_AND_NOT   gtech           0.000000  c, u
S_131                     GTECH_AND_NOT   gtech           0.000000  c, u
S_132                     GTECH_AND_NOT   gtech           0.000000  c, u
S_133                     GTECH_AND2      gtech           0.000000  c, u
S_134                     GTECH_AND2      gtech           0.000000  c, u
S_135                     GTECH_AND_NOT   gtech           0.000000  c, u
S_136                     GTECH_AND2      gtech           0.000000  c, u
S_137                     GTECH_AND2      gtech           0.000000  c, u
S_138                     GTECH_AND_NOT   gtech           0.000000  c, u
S_139                     GTECH_AND_NOT   gtech           0.000000  c, u
S_140                     GTECH_AND2      gtech           0.000000  c, u
S_141                     GTECH_AND2      gtech           0.000000  c, u
S_142                     GTECH_AND_NOT   gtech           0.000000  c, u
S_143                     GTECH_AND2      gtech           0.000000  c, u
S_144                     GTECH_AND_NOT   gtech           0.000000  c, u
S_145                     GTECH_AND_NOT   gtech           0.000000  c, u
S_146                     GTECH_AND_NOT   gtech           0.000000  c, u
S_147                     GTECH_AND2      gtech           0.000000  c, u
S_148                     GTECH_AND2      gtech           0.000000  c, u
S_149                     GTECH_AND_NOT   gtech           0.000000  c, u
S_150                     GTECH_AND2      gtech           0.000000  c, u
S_151                     GTECH_AND2      gtech           0.000000  c, u
S_152                     GTECH_AND_NOT   gtech           0.000000  c, u
S_153                     GTECH_AND_NOT   gtech           0.000000  c, u
S_154                     GTECH_AND2      gtech           0.000000  c, u
S_155                     GTECH_AND2      gtech           0.000000  c, u
S_156                     GTECH_AND_NOT   gtech           0.000000  c, u
S_157                     GTECH_AND2      gtech           0.000000  c, u
S_158                     *SELECT_OP_2.1_2.1_1            0.000000  s, u
S_160                     *SELECT_OP_2.1_2.1_1            0.000000  s, u
S_162                     *SELECT_OP_2.1_2.1_1            0.000000  s, u
S_164                     *SELECT_OP_2.1_2.1_1            0.000000  s, u
S_166                     *SELECT_OP_2.1_2.1_1            0.000000  s, u
S_168                     *SELECT_OP_2.1_2.1_1            0.000000  s, u
S_170                     *SELECT_OP_2.1_2.1_1            0.000000  s, u
S_172                     *SELECT_OP_2.1_2.1_1            0.000000  s, u
S_174                     *SELECT_OP_2.1_2.1_1            0.000000  s, u
S_176                     *SELECT_OP_2.1_2.1_1            0.000000  s, u
S_178                     *SELECT_OP_2.1_2.1_1            0.000000  s, u
S_180                     *SELECT_OP_2.1_2.1_1            0.000000  s, u
S_182                     *SELECT_OP_2.1_2.1_1            0.000000  s, u
S_184                     *SELECT_OP_2.1_2.1_1            0.000000  s, u
S_186                     *SELECT_OP_2.1_2.1_1            0.000000  s, u
S_188                     *SELECT_OP_2.1_2.1_1            0.000000  s, u
S_190                     GTECH_NOT       gtech           0.000000  u
S_191                     GTECH_NOT       gtech           0.000000  u
S_192                     GTECH_NOT       gtech           0.000000  u
S_193                     GTECH_AND2      gtech           0.000000  u
S_194                     GTECH_AND2      gtech           0.000000  u
S_195                     GTECH_AND2      gtech           0.000000  u
S_196                     GTECH_NOT       gtech           0.000000  u
S_197                     GTECH_NOT       gtech           0.000000  u
S_198                     GTECH_AND2      gtech           0.000000  u
S_199                     GTECH_AND2      gtech           0.000000  u
S_200                     GTECH_AND2      gtech           0.000000  u
S_201                     GTECH_OR2       gtech           0.000000  u
S_202                     GTECH_NOT       gtech           0.000000  u
S_203                     GTECH_AND2      gtech           0.000000  u
S_204                     GTECH_AND2      gtech           0.000000  u
S_205                     GTECH_AND2      gtech           0.000000  u
S_206                     GTECH_OR2       gtech           0.000000  u
S_207                     GTECH_BUF       gtech           0.000000  c, u
S_208                     GTECH_NOT       gtech           0.000000  c, u
S_209                     *SELECT_OP_2.1_2.1_1            0.000000  s, u
S_211                     GTECH_BUF       gtech           0.000000  c, u
S_212                     GTECH_NOT       gtech           0.000000  c, u
S_214                     *SELECT_OP_2.1_2.1_1            0.000000  s, u
S_215                     GTECH_NOT       gtech           0.000000  u
S_216                     GTECH_NOT       gtech           0.000000  u
S_217                     GTECH_NOT       gtech           0.000000  u
S_218                     GTECH_AND2      gtech           0.000000  u
S_219                     GTECH_AND2      gtech           0.000000  u
S_220                     GTECH_AND2      gtech           0.000000  u
S_221                     GTECH_NOT       gtech           0.000000  u
S_222                     GTECH_AND2      gtech           0.000000  u
S_223                     GTECH_AND2      gtech           0.000000  u
S_224                     GTECH_AND2      gtech           0.000000  u
S_225                     GTECH_OR2       gtech           0.000000  u
S_226                     GTECH_AND2      gtech           0.000000  u
S_227                     GTECH_AND2      gtech           0.000000  u
S_228                     GTECH_AND2      gtech           0.000000  u
S_229                     GTECH_OR2       gtech           0.000000  u
S_230                     GTECH_BUF       gtech           0.000000  c, u
S_231                     GTECH_NOT       gtech           0.000000  c, u
S_232                     *SELECT_OP_2.1_2.1_1            0.000000  s, u
S_234                     GTECH_NOT       gtech           0.000000  u
S_235                     GTECH_NOT       gtech           0.000000  u
S_236                     GTECH_NOT       gtech           0.000000  u
S_237                     GTECH_NOT       gtech           0.000000  u
S_238                     GTECH_AND2      gtech           0.000000  u
S_239                     GTECH_AND2      gtech           0.000000  u
S_240                     GTECH_AND2      gtech           0.000000  u
S_241                     GTECH_NOT       gtech           0.000000  u
S_242                     GTECH_NOT       gtech           0.000000  u
S_243                     GTECH_AND2      gtech           0.000000  u
S_244                     GTECH_AND2      gtech           0.000000  u
S_245                     GTECH_AND2      gtech           0.000000  u
S_246                     GTECH_OR2       gtech           0.000000  u
S_247                     GTECH_BUF       gtech           0.000000  c, u
S_248                     GTECH_NOT       gtech           0.000000  c, u
S_249                     GTECH_AND2      gtech           0.000000  c, u
S_250                     GTECH_AND_NOT   gtech           0.000000  c, u
S_251                     *SELECT_OP_2.1_2.1_1            0.000000  s, u
S_252                     *SELECT_OP_2.1_2.1_1            0.000000  s, u
S_253                     *SELECT_OP_2.1_2.1_1            0.000000  s, u
S_254                     *SELECT_OP_2.1_2.1_1            0.000000  s, u
S_255                     *SELECT_OP_2.1_2.1_1            0.000000  s, u
S_256                     *SELECT_OP_2.1_2.1_1            0.000000  s, u
S_257                     *SELECT_OP_2.1_2.1_1            0.000000  s, u
S_258                     *SELECT_OP_2.1_2.1_1            0.000000  s, u
S_259                     *SELECT_OP_2.1_2.1_1            0.000000  s, u
S_260                     *SELECT_OP_2.1_2.1_1            0.000000  s, u
S_261                     *SELECT_OP_2.1_2.1_1            0.000000  s, u
S_262                     *SELECT_OP_2.1_2.1_1            0.000000  s, u
S_263                     *SELECT_OP_2.1_2.1_1            0.000000  s, u
S_264                     *SELECT_OP_2.1_2.1_1            0.000000  s, u
S_265                     *SELECT_OP_2.1_2.1_1            0.000000  s, u
S_266                     *SELECT_OP_2.1_2.1_1            0.000000  s, u
S_267                     *SELECT_OP_2.1_2.1_1            0.000000  s, u
S_268                     *SELECT_OP_2.1_2.1_1            0.000000  s, u
S_269                     *SELECT_OP_2.1_2.1_1            0.000000  s, u
S_270                     *SELECT_OP_2.1_2.1_1            0.000000  s, u
S_271                     *SELECT_OP_2.1_2.1_1            0.000000  s, u
S_272                     *SELECT_OP_2.1_2.1_1            0.000000  s, u
S_273                     *SELECT_OP_2.1_2.1_1            0.000000  s, u
S_274                     *SELECT_OP_2.1_2.1_1            0.000000  s, u
S_275                     *SELECT_OP_2.1_2.1_1            0.000000  s, u
S_276                     *SELECT_OP_2.1_2.1_1            0.000000  s, u
S_277                     *SELECT_OP_2.1_2.1_1            0.000000  s, u
S_278                     *SELECT_OP_2.1_2.1_1            0.000000  s, u
S_279                     *SELECT_OP_2.1_2.1_1            0.000000  s, u
S_280                     *SELECT_OP_2.1_2.1_1            0.000000  s, u
S_281                     *SELECT_OP_2.1_2.1_1            0.000000  s, u
S_282                     *SELECT_OP_2.1_2.1_1            0.000000  s, u
S_283                     GTECH_BUF       gtech           0.000000  c, u
S_284                     GTECH_NOT       gtech           0.000000  c, u
S_286                     *SELECT_OP_2.1_2.1_1            0.000000  s, u
S_287                     GTECH_BUF       gtech           0.000000  c, u
S_288                     GTECH_NOT       gtech           0.000000  c, u
S_289                     *SELECT_OP_2.1_2.1_1            0.000000  s, u
S_291                     GTECH_AND_NOT   gtech           0.000000  c, u
S_292                     GTECH_AND_NOT   gtech           0.000000  c, u
S_293                     GTECH_AND2      gtech           0.000000  c, u
S_294                     GTECH_AND2      gtech           0.000000  c, u
S_295                     GTECH_AND2      gtech           0.000000  c, u
S_296                     GTECH_AND2      gtech           0.000000  c, u
S_297                     GTECH_NOT       gtech           0.000000  c, u
S_298                     GTECH_OR_NOT    gtech           0.000000  c, u
S_299                     GTECH_OR2       gtech           0.000000  c, u
S_300                     GTECH_MUX2      gtech           0.000000  c, u
S_301                     GTECH_OR_NOT    gtech           0.000000  c, u
S_302                     *SELECT_OP_3.1_3.1_1            0.000000  s, u
S_304                     GTECH_BUF       gtech           0.000000  c, u
S_305                     GTECH_NOT       gtech           0.000000  c, u
S_307                     *SELECT_OP_2.1_2.1_1            0.000000  s, u
U14                       GTECH_NOT       gtech           0.000000  c, u
U15                       GTECH_BUF       gtech           0.000000  c, u
U30                       GTECH_NOT       gtech           0.000000  c, u
U31                       GTECH_BUF       gtech           0.000000  c, u
U42                       GTECH_NOT       gtech           0.000000  c, u
U43                       GTECH_BUF       gtech           0.000000  c, u
U56                       GTECH_NOT       gtech           0.000000  c, u
U57                       GTECH_BUF       gtech           0.000000  c, u
U68                       GTECH_NOT       gtech           0.000000  c, u
U69                       GTECH_BUF       gtech           0.000000  c, u
U80                       GTECH_NOT       gtech           0.000000  c, u
U81                       GTECH_BUF       gtech           0.000000  c, u
U154                      GTECH_NOT       gtech           0.000000  c, u
U155                      GTECH_BUF       gtech           0.000000  c, u
U168                      GTECH_NOT       gtech           0.000000  c, u
U169                      GTECH_BUF       gtech           0.000000  c, u
U201                      GTECH_NOT       gtech           0.000000  u
U202                      GTECH_NOT       gtech           0.000000  u
U206                      GTECH_NOT       gtech           0.000000  u
U207                      GTECH_NOT       gtech           0.000000  u
U239                      GTECH_NOT       gtech           0.000000  u
U240                      GTECH_NOT       gtech           0.000000  u
U241                      GTECH_NOT       gtech           0.000000  u
U242                      GTECH_NOT       gtech           0.000000  u
U243                      GTECH_NOT       gtech           0.000000  u
U244                      GTECH_NOT       gtech           0.000000  u
U245                      GTECH_NOT       gtech           0.000000  u
U246                      GTECH_NOT       gtech           0.000000  u
U247                      GTECH_NOT       gtech           0.000000  u
U248                      GTECH_NOT       gtech           0.000000  u
U249                      GTECH_NOT       gtech           0.000000  u
U250                      GTECH_NOT       gtech           0.000000  u
U251                      GTECH_NOT       gtech           0.000000  u
U252                      GTECH_NOT       gtech           0.000000  u
U253                      GTECH_NOT       gtech           0.000000  u
U254                      GTECH_NOT       gtech           0.000000  u
U255                      GTECH_NOT       gtech           0.000000  u
U256                      GTECH_NOT       gtech           0.000000  u
U280                      GTECH_NOT       gtech           0.000000  u
U281                      GTECH_NOT       gtech           0.000000  u
U282                      GTECH_NOT       gtech           0.000000  u
U283                      GTECH_NOT       gtech           0.000000  u
U284                      GTECH_NOT       gtech           0.000000  u
U285                      GTECH_NOT       gtech           0.000000  u
U286                      GTECH_NOT       gtech           0.000000  u
U287                      GTECH_NOT       gtech           0.000000  u
U288                      GTECH_NOT       gtech           0.000000  u
U289                      GTECH_NOT       gtech           0.000000  u
U290                      GTECH_NOT       gtech           0.000000  u
U291                      GTECH_NOT       gtech           0.000000  u
U292                      GTECH_NOT       gtech           0.000000  u
U293                      GTECH_NOT       gtech           0.000000  u
U294                      GTECH_NOT       gtech           0.000000  u
U295                      GTECH_NOT       gtech           0.000000  u
U296                      GTECH_NOT       gtech           0.000000  u
U297                      GTECH_NOT       gtech           0.000000  u
U298                      GTECH_NOT       gtech           0.000000  u
U299                      GTECH_NOT       gtech           0.000000  u
U300                      GTECH_NOT       gtech           0.000000  u
U301                      GTECH_NOT       gtech           0.000000  u
U302                      GTECH_NOT       gtech           0.000000  u
U303                      GTECH_NOT       gtech           0.000000  u
U304                      GTECH_NOT       gtech           0.000000  u
U305                      GTECH_NOT       gtech           0.000000  u
U306                      GTECH_NOT       gtech           0.000000  u
U307                      GTECH_NOT       gtech           0.000000  u
U308                      GTECH_NOT       gtech           0.000000  u
U309                      GTECH_NOT       gtech           0.000000  u
U310                      GTECH_NOT       gtech           0.000000  u
U311                      GTECH_NOT       gtech           0.000000  u
U312                      GTECH_NOT       gtech           0.000000  u
U313                      GTECH_NOT       gtech           0.000000  u
U314                      GTECH_NOT       gtech           0.000000  u
U315                      GTECH_NOT       gtech           0.000000  u
U316                      GTECH_NOT       gtech           0.000000  u
U317                      GTECH_NOT       gtech           0.000000  u
U318                      GTECH_NOT       gtech           0.000000  u
U319                      GTECH_NOT       gtech           0.000000  u
U320                      GTECH_NOT       gtech           0.000000  u
U321                      GTECH_NOT       gtech           0.000000  u
U322                      GTECH_NOT       gtech           0.000000  u
U323                      GTECH_NOT       gtech           0.000000  u
U324                      GTECH_NOT       gtech           0.000000  u
U325                      GTECH_NOT       gtech           0.000000  u
U326                      GTECH_NOT       gtech           0.000000  u
U327                      GTECH_NOT       gtech           0.000000  u
U328                      GTECH_NOT       gtech           0.000000  u
U329                      GTECH_NOT       gtech           0.000000  u
U330                      GTECH_NOT       gtech           0.000000  u
U331                      GTECH_NOT       gtech           0.000000  u
U332                      GTECH_NOT       gtech           0.000000  u
U333                      GTECH_NOT       gtech           0.000000  u
U334                      GTECH_NOT       gtech           0.000000  u
U335                      GTECH_NOT       gtech           0.000000  u
U336                      GTECH_NOT       gtech           0.000000  u
U337                      GTECH_NOT       gtech           0.000000  u
U338                      GTECH_NOT       gtech           0.000000  u
U339                      GTECH_NOT       gtech           0.000000  u
U340                      GTECH_NOT       gtech           0.000000  u
U341                      GTECH_NOT       gtech           0.000000  u
U342                      GTECH_NOT       gtech           0.000000  u
U343                      GTECH_NOT       gtech           0.000000  u
U344                      GTECH_NOT       gtech           0.000000  u
U345                      GTECH_NOT       gtech           0.000000  u
U346                      GTECH_NOT       gtech           0.000000  u
U347                      GTECH_NOT       gtech           0.000000  u
U348                      GTECH_NOT       gtech           0.000000  u
U349                      GTECH_NOT       gtech           0.000000  u
U350                      GTECH_NOT       gtech           0.000000  u
U351                      GTECH_NOT       gtech           0.000000  u
U352                      GTECH_NOT       gtech           0.000000  u
U353                      GTECH_NOT       gtech           0.000000  u
U354                      GTECH_NOT       gtech           0.000000  u
U355                      GTECH_NOT       gtech           0.000000  u
U356                      GTECH_NOT       gtech           0.000000  u
U357                      GTECH_NOT       gtech           0.000000  u
U358                      GTECH_NOT       gtech           0.000000  u
U359                      GTECH_NOT       gtech           0.000000  u
U360                      GTECH_NOT       gtech           0.000000  u
U361                      GTECH_NOT       gtech           0.000000  u
U362                      GTECH_NOT       gtech           0.000000  u
U363                      GTECH_NOT       gtech           0.000000  u
U364                      GTECH_NOT       gtech           0.000000  u
U365                      GTECH_NOT       gtech           0.000000  u
U366                      *GEN*19                         0.000000  u
U371                      *GEN*21                         0.000000  c, u
U372                      *GEN*22                         0.000000  c, u
U373                      *GEN*23                         0.000000  c, u
U377                      *GEN*25                         0.000000  c, u
U380                      *GEN*27                         0.000000  c, u
U381                      *GEN*28                         0.000000  c, u
U382                      *GEN*29                         0.000000  c, u
U386                      *GEN*31                         0.000000  c, u
U389                      *GEN*33                         0.000000  c, u
U390                      *GEN*34                         0.000000  c, u
U391                      *GEN*35                         0.000000  c, u
U395                      *GEN*37                         0.000000  c, u
U398                      *GEN*39                         0.000000  c, u
U399                      *GEN*40                         0.000000  c, u
U400                      *GEN*41                         0.000000  c, u
U404                      *GEN*43                         0.000000  c, u
U407                      *GEN*45                         0.000000  c, u
U408                      *GEN*46                         0.000000  c, u
U409                      *GEN*47                         0.000000  c, u
U413                      *GEN*49                         0.000000  c, u
U416                      *GEN*51                         0.000000  c, u
U417                      *GEN*52                         0.000000  c, u
U418                      *GEN*53                         0.000000  c, u
U422                      *GEN*55                         0.000000  c, u
U425                      *GEN*57                         0.000000  c, u
U426                      *GEN*58                         0.000000  c, u
U427                      *GEN*59                         0.000000  c, u
U431                      *GEN*61                         0.000000  c, u
U434                      *GEN*63                         0.000000  c, u
U435                      *GEN*64                         0.000000  c, u
U436                      *GEN*65                         0.000000  c, u
U440                      *GEN*67                         0.000000  c, u
U443                      *GEN*69                         0.000000  c, u
U444                      *GEN*70                         0.000000  c, u
U445                      *GEN*71                         0.000000  c, u
U449                      *GEN*73                         0.000000  c, u
U452                      *GEN*75                         0.000000  c, u
U453                      *GEN*76                         0.000000  c, u
U454                      *GEN*77                         0.000000  c, u
U458                      *GEN*79                         0.000000  c, u
U461                      *GEN*81                         0.000000  c, u
U462                      *GEN*82                         0.000000  c, u
U463                      *GEN*83                         0.000000  c, u
U467                      *GEN*85                         0.000000  c, u
U470                      *GEN*87                         0.000000  c, u
U471                      *GEN*88                         0.000000  c, u
U472                      *GEN*89                         0.000000  c, u
U476                      *GEN*91                         0.000000  c, u
U479                      *GEN*93                         0.000000  c, u
U480                      *GEN*94                         0.000000  c, u
U481                      *GEN*95                         0.000000  c, u
U485                      *GEN*97                         0.000000  c, u
U488                      *GEN*99                         0.000000  c, u
U489                      *GEN*100                        0.000000  c, u
U490                      *GEN*101                        0.000000  c, u
U494                      *GEN*103                        0.000000  c, u
U497                      *GEN*105                        0.000000  c, u
U498                      *GEN*106                        0.000000  c, u
U499                      *GEN*107                        0.000000  c, u
U503                      *GEN*109                        0.000000  c, u
U506                      *GEN*111                        0.000000  c, u
U507                      *GEN*112                        0.000000  c, u
U508                      *GEN*113                        0.000000  c, u
U512                      *GEN*115                        0.000000  c, u
iHREADYOUT_reg            **SEQGEN**                      0.000000  n, u
iPSELS0_reg               **SEQGEN**                      0.000000  n, u
iPSELS1_reg               **SEQGEN**                      0.000000  n, u
iPSELS2_reg               **SEQGEN**                      0.000000  n, u
iPSELS3_reg               **SEQGEN**                      0.000000  n, u
iPSELS4_reg               **SEQGEN**                      0.000000  n, u
iPSELS5_reg               **SEQGEN**                      0.000000  n, u
iPSELS6_reg               **SEQGEN**                      0.000000  n, u
iPSELS7_reg               **SEQGEN**                      0.000000  n, u
iPSELS8_reg               **SEQGEN**                      0.000000  n, u
iPSELS9_reg               **SEQGEN**                      0.000000  n, u
iPSELS10_reg              **SEQGEN**                      0.000000  n, u
iPSELS11_reg              **SEQGEN**                      0.000000  n, u
iPSELS12_reg              **SEQGEN**                      0.000000  n, u
iPSELS13_reg              **SEQGEN**                      0.000000  n, u
iPSELS14_reg              **SEQGEN**                      0.000000  n, u
iPSELS15_reg              **SEQGEN**                      0.000000  n, u
--------------------------------------------------------------------------------
Total 561 cells                                           0.000000

****************
report_reference
****************

 
****************************************
Report : reference
Design : APBif
Version: V-2003.12-SP1
Date   : Fri Jun 18 13:19:16 2004
****************************************

Attributes:
    b - black box (unknown)
   bo - allows boundary optimization
    d - dont_touch
   mo - map_only
    h - hierarchical
    n - noncombinational
    r - removable
    s - synthetic operator
    u - contains unmapped logic

Reference          Library       Unit Area   Count    Total Area   Attributes
-----------------------------------------------------------------------------
**SEQGEN**                        0.000000     108      0.000000  n, u
*GEN*19                           0.000000       1      0.000000  u
*GEN*21                           0.000000       1      0.000000  u
*GEN*22                           0.000000       1      0.000000  u
*GEN*23                           0.000000       1      0.000000  u
*GEN*25                           0.000000       1      0.000000  u
*GEN*27                           0.000000       1      0.000000  u
*GEN*28                           0.000000       1      0.000000  u
*GEN*29                           0.000000       1      0.000000  u
*GEN*31                           0.000000       1      0.000000  u
*GEN*33                           0.000000       1      0.000000  u
*GEN*34                           0.000000       1      0.000000  u
*GEN*35                           0.000000       1      0.000000  u
*GEN*37                           0.000000       1      0.000000  u
*GEN*39                           0.000000       1      0.000000  u
*GEN*40                           0.000000       1      0.000000  u
*GEN*41                           0.000000       1      0.000000  u
*GEN*43                           0.000000       1      0.000000  u
*GEN*45                           0.000000       1      0.000000  u
*GEN*46                           0.000000       1      0.000000  u
*GEN*47                           0.000000       1      0.000000  u
*GEN*49                           0.000000       1      0.000000  u
*GEN*51                           0.000000       1      0.000000  u
*GEN*52                           0.000000       1      0.000000  u
*GEN*53                           0.000000       1      0.000000  u
*GEN*55                           0.000000       1      0.000000  u
*GEN*57                           0.000000       1      0.000000  u
*GEN*58                           0.000000       1      0.000000  u
*GEN*59                           0.000000       1      0.000000  u
*GEN*61                           0.000000       1      0.000000  u
*GEN*63                           0.000000       1      0.000000  u
*GEN*64                           0.000000       1      0.000000  u
*GEN*65                           0.000000       1      0.000000  u
*GEN*67                           0.000000       1      0.000000  u
*GEN*69                           0.000000       1      0.000000  u
*GEN*70                           0.000000       1      0.000000  u
*GEN*71                           0.000000       1      0.000000  u
*GEN*73                           0.000000       1      0.000000  u
*GEN*75                           0.000000       1      0.000000  u
*GEN*76                           0.000000       1      0.000000  u
*GEN*77                           0.000000       1      0.000000  u
*GEN*79                           0.000000       1      0.000000  u
*GEN*81                           0.000000       1      0.000000  u
*GEN*82                           0.000000       1      0.000000  u
*GEN*83                           0.000000       1      0.000000  u
*GEN*85                           0.000000       1      0.000000  u
*GEN*87                           0.000000       1      0.000000  u
*GEN*88                           0.000000       1      0.000000  u
*GEN*89                           0.000000       1      0.000000  u
*GEN*91                           0.000000       1      0.000000  u
*GEN*93                           0.000000       1      0.000000  u
*GEN*94                           0.000000       1      0.000000  u
*GEN*95                           0.000000       1      0.000000  u
*GEN*97                           0.000000       1      0.000000  u
*GEN*99                           0.000000       1      0.000000  u
*GEN*100                          0.000000       1      0.000000  u
*GEN*101                          0.000000       1      0.000000  u
*GEN*103                          0.000000       1      0.000000  u
*GEN*105                          0.000000       1      0.000000  u
*GEN*106                          0.000000       1      0.000000  u
*GEN*107                          0.000000       1      0.000000  u
*GEN*109                          0.000000       1      0.000000  u
*GEN*111                          0.000000       1      0.000000  u
*GEN*112                          0.000000       1      0.000000  u
*GEN*113                          0.000000       1      0.000000  u
*GEN*115                          0.000000       1      0.000000  u
*SELECT_OP_2.1_2.1_1              0.000000      73      0.000000  s, u
*SELECT_OP_2.28_2.1_28            0.000000       1      0.000000  s, u
*SELECT_OP_3.1_3.1_1              0.000000       1      0.000000  s, u
*SELECT_OP_9.4_9.1_4              0.000000       1      0.000000  s, u
GTECH_AND2         gtech          0.000000      79      0.000000  u
GTECH_AND_NOT      gtech          0.000000      26      0.000000  u
GTECH_BUF          gtech          0.000000      22      0.000000  u
GTECH_MUX2         gtech          0.000000       4      0.000000  u
GTECH_NOT          gtech          0.000000     167      0.000000  u
GTECH_OR2          gtech          0.000000      12      0.000000  u
GTECH_OR_NOT       gtech          0.000000       2      0.000000  u
-----------------------------------------------------------------------------
Total 77 references                                     0.000000

****************
report_hierarchy
****************

 
****************************************
Report : hierarchy
Design : APBif
Version: V-2003.12-SP1
Date   : Fri Jun 18 13:19:16 2004
****************************************

Information: This design contains unmapped logic. (RPT-7)

APBif
    GTECH_AND2            gtech
    GTECH_AND_NOT         gtech
    GTECH_BUF             gtech
    GTECH_MUX2            gtech
    GTECH_NOT             gtech
    GTECH_OR2             gtech
    GTECH_OR_NOT          gtech

***********
report_area
***********

Warning: Can't read link_library file 'cb18os120_generic_max.db'. (UID-3)
Warning: Can't read link_library file 'conditions_1.8v.db'. (UID-3)
 
****************************************
Report : area
Design : APBif
Version: V-2003.12-SP1
Date   : Fri Jun 18 13:19:16 2004
****************************************

Library(s) Used:

    gtech (File: /edatools/synopsys/2003.12-SP1/libraries/syn/gtech.db)

Number of ports:              211
Number of nets:               676
Number of cells:              561
Number of references:          77

Combinational area:          0.000000
Noncombinational area:       0.000000
Net Interconnect area:      undefined  (No wire load specified)

Total cell area:             0.000000
Total area:                 undefined

Information: This design contains unmapped logic. (RPT-7)

