************
check_timing
************


***********
report_cell
***********

Error: Could not read the following target libraries:
cb18os120_generic_max.db 
 (UIO-3)
 
****************************************
Report : cell
Design : MuxP2B
Version: V-2003.12-SP1
Date   : Fri Jun 18 13:18:18 2004
****************************************

Attributes:
    b - black box (unknown)
    c - control logic
    h - hierarchical
    n - noncombinational
    r - removable
    s - synthetic operator
    u - contains unmapped logic

Cell                      Reference       Library             Area  Attributes
--------------------------------------------------------------------------------
S_0                       GTECH_NOT       gtech           0.000000  c, u
S_1                       GTECH_AND_NOT   gtech           0.000000  c, u
S_2                       GTECH_AND_NOT   gtech           0.000000  c, u
S_3                       GTECH_AND_NOT   gtech           0.000000  c, u
S_4                       GTECH_AND_NOT   gtech           0.000000  c, u
S_5                       GTECH_AND_NOT   gtech           0.000000  c, u
S_6                       GTECH_AND_NOT   gtech           0.000000  c, u
S_7                       GTECH_AND_NOT   gtech           0.000000  c, u
S_8                       GTECH_AND_NOT   gtech           0.000000  c, u
S_9                       GTECH_AND_NOT   gtech           0.000000  c, u
S_10                      GTECH_AND_NOT   gtech           0.000000  c, u
S_11                      GTECH_AND_NOT   gtech           0.000000  c, u
S_12                      GTECH_AND_NOT   gtech           0.000000  c, u
S_13                      GTECH_AND_NOT   gtech           0.000000  c, u
S_14                      GTECH_AND_NOT   gtech           0.000000  c, u
S_15                      GTECH_AND2      gtech           0.000000  c, u
S_16                      GTECH_AND2      gtech           0.000000  c, u
S_17                      GTECH_AND_NOT   gtech           0.000000  c, u
S_18                      GTECH_AND2      gtech           0.000000  c, u
S_19                      GTECH_AND_NOT   gtech           0.000000  c, u
S_20                      GTECH_AND_NOT   gtech           0.000000  c, u
S_21                      GTECH_AND2      gtech           0.000000  c, u
S_22                      GTECH_AND_NOT   gtech           0.000000  c, u
S_23                      GTECH_AND_NOT   gtech           0.000000  c, u
S_24                      GTECH_AND_NOT   gtech           0.000000  c, u
S_25                      GTECH_AND2      gtech           0.000000  c, u
S_26                      GTECH_AND_NOT   gtech           0.000000  c, u
S_27                      GTECH_AND_NOT   gtech           0.000000  c, u
S_28                      GTECH_AND_NOT   gtech           0.000000  c, u
S_29                      GTECH_AND_NOT   gtech           0.000000  c, u
S_30                      GTECH_AND2      gtech           0.000000  c, u
S_31                      GTECH_AND_NOT   gtech           0.000000  c, u
S_32                      GTECH_AND_NOT   gtech           0.000000  c, u
S_33                      GTECH_AND_NOT   gtech           0.000000  c, u
S_34                      GTECH_AND_NOT   gtech           0.000000  c, u
S_35                      GTECH_AND_NOT   gtech           0.000000  c, u
S_36                      GTECH_AND2      gtech           0.000000  c, u
S_37                      GTECH_AND_NOT   gtech           0.000000  c, u
S_38                      GTECH_AND_NOT   gtech           0.000000  c, u
S_39                      GTECH_AND_NOT   gtech           0.000000  c, u
S_40                      GTECH_AND_NOT   gtech           0.000000  c, u
S_41                      GTECH_AND_NOT   gtech           0.000000  c, u
S_42                      GTECH_AND_NOT   gtech           0.000000  c, u
S_43                      GTECH_AND2      gtech           0.000000  c, u
S_44                      GTECH_AND_NOT   gtech           0.000000  c, u
S_45                      GTECH_AND_NOT   gtech           0.000000  c, u
S_46                      GTECH_AND_NOT   gtech           0.000000  c, u
S_47                      GTECH_AND_NOT   gtech           0.000000  c, u
S_48                      GTECH_AND_NOT   gtech           0.000000  c, u
S_49                      GTECH_AND_NOT   gtech           0.000000  c, u
S_50                      GTECH_AND_NOT   gtech           0.000000  c, u
S_51                      GTECH_AND2      gtech           0.000000  c, u
S_52                      GTECH_AND_NOT   gtech           0.000000  c, u
S_53                      GTECH_AND_NOT   gtech           0.000000  c, u
S_54                      GTECH_AND_NOT   gtech           0.000000  c, u
S_55                      GTECH_AND_NOT   gtech           0.000000  c, u
S_56                      GTECH_AND_NOT   gtech           0.000000  c, u
S_57                      GTECH_AND_NOT   gtech           0.000000  c, u
S_58                      GTECH_AND_NOT   gtech           0.000000  c, u
S_59                      GTECH_AND_NOT   gtech           0.000000  c, u
S_60                      GTECH_AND2      gtech           0.000000  c, u
S_61                      GTECH_AND_NOT   gtech           0.000000  c, u
S_62                      GTECH_AND_NOT   gtech           0.000000  c, u
S_63                      GTECH_AND_NOT   gtech           0.000000  c, u
S_64                      GTECH_AND_NOT   gtech           0.000000  c, u
S_65                      GTECH_AND_NOT   gtech           0.000000  c, u
S_66                      GTECH_AND_NOT   gtech           0.000000  c, u
S_67                      GTECH_AND_NOT   gtech           0.000000  c, u
S_68                      GTECH_AND_NOT   gtech           0.000000  c, u
S_69                      GTECH_AND_NOT   gtech           0.000000  c, u
S_70                      GTECH_AND2      gtech           0.000000  c, u
S_71                      GTECH_AND_NOT   gtech           0.000000  c, u
S_72                      GTECH_AND_NOT   gtech           0.000000  c, u
S_73                      GTECH_AND_NOT   gtech           0.000000  c, u
S_74                      GTECH_AND_NOT   gtech           0.000000  c, u
S_75                      GTECH_AND_NOT   gtech           0.000000  c, u
S_76                      GTECH_AND_NOT   gtech           0.000000  c, u
S_77                      GTECH_AND_NOT   gtech           0.000000  c, u
S_78                      GTECH_AND_NOT   gtech           0.000000  c, u
S_79                      GTECH_AND_NOT   gtech           0.000000  c, u
S_80                      GTECH_AND_NOT   gtech           0.000000  c, u
S_81                      GTECH_AND2      gtech           0.000000  c, u
S_82                      GTECH_AND_NOT   gtech           0.000000  c, u
S_83                      GTECH_AND_NOT   gtech           0.000000  c, u
S_84                      GTECH_AND_NOT   gtech           0.000000  c, u
S_85                      GTECH_AND_NOT   gtech           0.000000  c, u
S_86                      GTECH_AND_NOT   gtech           0.000000  c, u
S_87                      GTECH_AND_NOT   gtech           0.000000  c, u
S_88                      GTECH_AND_NOT   gtech           0.000000  c, u
S_89                      GTECH_AND_NOT   gtech           0.000000  c, u
S_90                      GTECH_AND_NOT   gtech           0.000000  c, u
S_91                      GTECH_AND_NOT   gtech           0.000000  c, u
S_92                      GTECH_AND_NOT   gtech           0.000000  c, u
S_93                      GTECH_AND2      gtech           0.000000  c, u
S_94                      GTECH_AND_NOT   gtech           0.000000  c, u
S_95                      GTECH_AND_NOT   gtech           0.000000  c, u
S_96                      GTECH_AND_NOT   gtech           0.000000  c, u
S_97                      GTECH_AND_NOT   gtech           0.000000  c, u
S_98                      GTECH_AND_NOT   gtech           0.000000  c, u
S_99                      GTECH_AND_NOT   gtech           0.000000  c, u
S_100                     GTECH_AND_NOT   gtech           0.000000  c, u
S_101                     GTECH_AND_NOT   gtech           0.000000  c, u
S_102                     GTECH_AND_NOT   gtech           0.000000  c, u
S_103                     GTECH_AND_NOT   gtech           0.000000  c, u
S_104                     GTECH_AND_NOT   gtech           0.000000  c, u
S_105                     GTECH_AND_NOT   gtech           0.000000  c, u
S_106                     GTECH_AND2      gtech           0.000000  c, u
S_107                     GTECH_AND_NOT   gtech           0.000000  c, u
S_108                     GTECH_AND_NOT   gtech           0.000000  c, u
S_109                     GTECH_AND_NOT   gtech           0.000000  c, u
S_110                     GTECH_AND_NOT   gtech           0.000000  c, u
S_111                     GTECH_AND_NOT   gtech           0.000000  c, u
S_112                     GTECH_AND_NOT   gtech           0.000000  c, u
S_113                     GTECH_AND_NOT   gtech           0.000000  c, u
S_114                     GTECH_AND_NOT   gtech           0.000000  c, u
S_115                     GTECH_AND_NOT   gtech           0.000000  c, u
S_116                     GTECH_AND_NOT   gtech           0.000000  c, u
S_117                     GTECH_AND_NOT   gtech           0.000000  c, u
S_118                     GTECH_AND_NOT   gtech           0.000000  c, u
S_119                     GTECH_AND_NOT   gtech           0.000000  c, u
S_120                     GTECH_AND2      gtech           0.000000  c, u
S_121                     GTECH_AND_NOT   gtech           0.000000  c, u
S_122                     GTECH_AND_NOT   gtech           0.000000  c, u
S_123                     GTECH_AND_NOT   gtech           0.000000  c, u
S_124                     GTECH_AND_NOT   gtech           0.000000  c, u
S_125                     GTECH_AND_NOT   gtech           0.000000  c, u
S_126                     GTECH_AND_NOT   gtech           0.000000  c, u
S_127                     GTECH_AND_NOT   gtech           0.000000  c, u
S_128                     GTECH_AND_NOT   gtech           0.000000  c, u
S_129                     GTECH_AND_NOT   gtech           0.000000  c, u
S_130                     GTECH_AND_NOT   gtech           0.000000  c, u
S_131                     GTECH_AND_NOT   gtech           0.000000  c, u
S_132                     GTECH_AND_NOT   gtech           0.000000  c, u
S_133                     GTECH_AND_NOT   gtech           0.000000  c, u
S_134                     GTECH_AND_NOT   gtech           0.000000  c, u
S_135                     GTECH_AND_NOT   gtech           0.000000  c, u
S_136                     GTECH_AND_NOT   gtech           0.000000  c, u
S_137                     GTECH_AND_NOT   gtech           0.000000  c, u
S_138                     GTECH_AND_NOT   gtech           0.000000  c, u
S_139                     GTECH_AND_NOT   gtech           0.000000  c, u
S_140                     GTECH_AND_NOT   gtech           0.000000  c, u
S_141                     GTECH_AND_NOT   gtech           0.000000  c, u
S_142                     GTECH_AND_NOT   gtech           0.000000  c, u
S_143                     GTECH_AND_NOT   gtech           0.000000  c, u
S_144                     GTECH_AND_NOT   gtech           0.000000  c, u
S_145                     GTECH_AND_NOT   gtech           0.000000  c, u
S_146                     GTECH_AND_NOT   gtech           0.000000  c, u
S_147                     GTECH_AND_NOT   gtech           0.000000  c, u
S_148                     GTECH_AND_NOT   gtech           0.000000  c, u
S_149                     GTECH_AND_NOT   gtech           0.000000  c, u
S_150                     GTECH_OR2       gtech           0.000000  c, u
S_151                     GTECH_OR2       gtech           0.000000  c, u
S_152                     GTECH_OR2       gtech           0.000000  c, u
S_153                     GTECH_OR2       gtech           0.000000  c, u
S_154                     GTECH_OR2       gtech           0.000000  c, u
S_155                     GTECH_OR2       gtech           0.000000  c, u
S_156                     GTECH_OR2       gtech           0.000000  c, u
S_157                     GTECH_OR2       gtech           0.000000  c, u
S_158                     GTECH_OR2       gtech           0.000000  c, u
S_159                     GTECH_OR2       gtech           0.000000  c, u
S_160                     GTECH_OR2       gtech           0.000000  c, u
S_161                     GTECH_OR2       gtech           0.000000  c, u
S_162                     GTECH_OR2       gtech           0.000000  c, u
S_163                     GTECH_OR2       gtech           0.000000  c, u
S_164                     GTECH_MUX2      gtech           0.000000  c, u
S_165                     GTECH_MUX2      gtech           0.000000  c, u
S_166                     GTECH_MUX2      gtech           0.000000  c, u
S_167                     GTECH_MUX2      gtech           0.000000  c, u
S_168                     GTECH_MUX2      gtech           0.000000  c, u
S_169                     GTECH_MUX2      gtech           0.000000  c, u
S_170                     GTECH_MUX2      gtech           0.000000  c, u
S_171                     GTECH_MUX2      gtech           0.000000  c, u
S_172                     GTECH_MUX2      gtech           0.000000  c, u
S_173                     GTECH_MUX2      gtech           0.000000  c, u
S_174                     GTECH_MUX2      gtech           0.000000  c, u
S_175                     GTECH_MUX2      gtech           0.000000  c, u
S_176                     GTECH_MUX2      gtech           0.000000  c, u
S_177                     GTECH_MUX2      gtech           0.000000  c, u
S_178                     GTECH_MUX2      gtech           0.000000  c, u
S_179                     *SELECT_OP_17.32_17.1_32        0.000000  s, u
--------------------------------------------------------------------------------
Total 180 cells                                           0.000000

****************
report_reference
****************

 
****************************************
Report : reference
Design : MuxP2B
Version: V-2003.12-SP1
Date   : Fri Jun 18 13:18:18 2004
****************************************

Attributes:
    b - black box (unknown)
   bo - allows boundary optimization
    d - dont_touch
   mo - map_only
    h - hierarchical
    n - noncombinational
    r - removable
    s - synthetic operator
    u - contains unmapped logic

Reference          Library       Unit Area   Count    Total Area   Attributes
-----------------------------------------------------------------------------
*SELECT_OP_17.32_17.1_32          0.000000       1      0.000000  s, u
GTECH_AND2         gtech          0.000000      15      0.000000  u
GTECH_AND_NOT      gtech          0.000000     134      0.000000  u
GTECH_MUX2         gtech          0.000000      15      0.000000  u
GTECH_NOT          gtech          0.000000       1      0.000000  u
GTECH_OR2          gtech          0.000000      14      0.000000  u
-----------------------------------------------------------------------------
Total 6 references                                      0.000000

****************
report_hierarchy
****************

 
****************************************
Report : hierarchy
Design : MuxP2B
Version: V-2003.12-SP1
Date   : Fri Jun 18 13:18:18 2004
****************************************

Information: This design contains unmapped logic. (RPT-7)

MuxP2B
    GTECH_AND2            gtech
    GTECH_AND_NOT         gtech
    GTECH_MUX2            gtech
    GTECH_NOT             gtech
    GTECH_OR2             gtech

***********
report_area
***********

Warning: Can't read link_library file 'cb18os120_generic_max.db'. (UID-3)
Warning: Can't read link_library file 'conditions_1.8v.db'. (UID-3)
 
****************************************
Report : area
Design : MuxP2B
Version: V-2003.12-SP1
Date   : Fri Jun 18 13:18:18 2004
****************************************

Library(s) Used:

    gtech (File: /edatools/synopsys/2003.12-SP1/libraries/syn/gtech.db)

Number of ports:              560
Number of nets:               740
Number of cells:              180
Number of references:           6

Combinational area:          0.000000
Noncombinational area:       0.000000
Net Interconnect area:      undefined  (No wire load specified)

Total cell area:             0.000000
Total area:                 undefined

Information: This design contains unmapped logic. (RPT-7)

