a global/ 0K
a global/modelsim/ 0K
a global/modelsim/init.do 1K
a global/modelsim/libmap 2K
a global/modelsim/SimMakefile.mk 6K
a global/modelsim/DirMakefile.mk 2K
a global/modelsim/modelsim.ini 3K
a global/modelsim/modelsim_tictalk.ini 3K
a global/modelsim/DirSimMakefile.mk 3K
a global/modelsim/RtlMakefile.mk 3K
a global/modelsim/modelsim_bustalk.ini 3K
a uart_pl011/ 0K
a uart_pl011/makefile 2K
a uart_pl011/vhdl/ 0K
a uart_pl011/vhdl/netlist/ 0K
a uart_pl011/vhdl/netlist/makefile 2K
a uart_pl011/vhdl/rtl_source/ 0K
a uart_pl011/vhdl/rtl_source/makefile 2K
a uart_pl011/vhdl/rtl_source/Uart.vhd 62K
a uart_pl011/vhdl/rtl_source/UartRXCntl.vhd 22K
a uart_pl011/vhdl/rtl_source/UartIrDA.vhd 19K
a uart_pl011/vhdl/rtl_source/UartRXFCntl.vhd 30K
a uart_pl011/vhdl/rtl_source/UartSynctoPCLK.vhd 11K
a uart_pl011/vhdl/rtl_source/UartInterrupt.vhd 7K
a uart_pl011/vhdl/rtl_source/UartDMA.vhd 10K
a uart_pl011/vhdl/rtl_source/UartTXFIFO.vhd 10K
a uart_pl011/vhdl/rtl_source/UartRegBlock.vhd 28K
a uart_pl011/vhdl/rtl_source/UartRXRegFile.vhd 8K
a uart_pl011/vhdl/rtl_source/UartRXParShft.vhd 12K
a uart_pl011/vhdl/rtl_source/UartReceive.vhd 13K
a uart_pl011/vhdl/rtl_source/UartTXFCntl.vhd 36K
a uart_pl011/vhdl/rtl_source/UartModem.vhd 13K
a uart_pl011/vhdl/rtl_source/UartApbif.vhd 32K
a uart_pl011/vhdl/rtl_source/UartRXFIFO.vhd 9K
a uart_pl011/vhdl/rtl_source/UartTest.vhd 15K
a uart_pl011/vhdl/rtl_source/UartTXCntl.vhd 23K
a uart_pl011/vhdl/rtl_source/UartDataStp.vhd 7K
a uart_pl011/vhdl/rtl_source/UartRevAnd.vhd 3K
a uart_pl011/vhdl/rtl_source/UartSynctoUCLK.vhd 19K
a uart_pl011/vhdl/rtl_source/UartBaudCntr.vhd 24K
a uart_pl011/vhdl/rtl_source/UartTXRegFile.vhd 7K
a uart_pl011/vhdl/makefile 2K
a uart_pl011/README.txt 10K
