****************************************
Report : constraint
	-all_violators
	-verbose
	-max_transition
Design : rc8051RtlTop
Version: V-2004.06-SP1-2
Date   : Mon Jul  4 10:18:52 2005
****************************************


    Pin: PO_clkb/PAD

    max_transition         1.00
  - Transition Time        2.31
  ------------------------------
    Slack                 -1.31  (VIOLATED)


    Pin: clkb

    max_transition         1.00
  - Transition Time        2.31
  ------------------------------
    Slack                 -1.31  (VIOLATED)


    Pin: PB_p1_io_2/PAD

    max_transition         1.00
  - Transition Time        1.48
  ------------------------------
    Slack                 -0.48  (VIOLATED)


    Pin: p1_io[2]

    max_transition         1.00
  - Transition Time        1.48
  ------------------------------
    Slack                 -0.48  (VIOLATED)


    Pin: PB_p1_io_0/PAD

    max_transition         1.00
  - Transition Time        1.48
  ------------------------------
    Slack                 -0.48  (VIOLATED)


    Pin: p1_io[0]

    max_transition         1.00
  - Transition Time        1.48
  ------------------------------
    Slack                 -0.48  (VIOLATED)


    Pin: PB_p1_io_5/PAD

    max_transition         1.00
  - Transition Time        1.48
  ------------------------------
    Slack                 -0.48  (VIOLATED)


    Pin: p1_io[5]

    max_transition         1.00
  - Transition Time        1.48
  ------------------------------
    Slack                 -0.48  (VIOLATED)


    Pin: PB_p1_io_7/PAD

    max_transition         1.00
  - Transition Time        1.48
  ------------------------------
    Slack                 -0.48  (VIOLATED)


    Pin: p1_io[7]

    max_transition         1.00
  - Transition Time        1.48
  ------------------------------
    Slack                 -0.48  (VIOLATED)


    Pin: PB_p1_io_6/PAD

    max_transition         1.00
  - Transition Time        1.48
  ------------------------------
    Slack                 -0.48  (VIOLATED)


    Pin: p1_io[6]

    max_transition         1.00
  - Transition Time        1.48
  ------------------------------
    Slack                 -0.48  (VIOLATED)


    Pin: PB_p1_io_4/PAD

    max_transition         1.00
  - Transition Time        1.48
  ------------------------------
    Slack                 -0.48  (VIOLATED)


    Pin: p1_io[4]

    max_transition         1.00
  - Transition Time        1.48
  ------------------------------
    Slack                 -0.48  (VIOLATED)


    Pin: PB_p1_io_3/PAD

    max_transition         1.00
  - Transition Time        1.48
  ------------------------------
    Slack                 -0.48  (VIOLATED)


    Pin: p1_io[3]

    max_transition         1.00
  - Transition Time        1.48
  ------------------------------
    Slack                 -0.48  (VIOLATED)


    Pin: PB_p1_io_1/PAD

    max_transition         1.00
  - Transition Time        1.48
  ------------------------------
    Slack                 -0.48  (VIOLATED)


    Pin: p1_io[1]

    max_transition         1.00
  - Transition Time        1.48
  ------------------------------
    Slack                 -0.48  (VIOLATED)


    Pin: BistFail

    max_transition         1.00
  - Transition Time        1.29
  ------------------------------
    Slack                 -0.29  (VIOLATED)


    Pin: ErrMap

    max_transition         1.00
  - Transition Time        1.29
  ------------------------------
    Slack                 -0.29  (VIOLATED)


    Pin: Finish

    max_transition         1.00
  - Transition Time        1.29
  ------------------------------
    Slack                 -0.29  (VIOLATED)


    Pin: PO_BistFail/PAD

    max_transition         1.00
  - Transition Time        1.29
  ------------------------------
    Slack                 -0.29  (VIOLATED)


    Pin: PO_ErrMap/PAD

    max_transition         1.00
  - Transition Time        1.29
  ------------------------------
    Slack                 -0.29  (VIOLATED)


    Pin: PO_Finish/PAD

    max_transition         1.00
  - Transition Time        1.29
  ------------------------------
    Slack                 -0.29  (VIOLATED)


    Pin: PO_addr_xdat_0/PAD

    max_transition         1.00
  - Transition Time        1.29
  ------------------------------
    Slack                 -0.29  (VIOLATED)


    Pin: PO_addr_xdat_1/PAD

    max_transition         1.00
  - Transition Time        1.29
  ------------------------------
    Slack                 -0.29  (VIOLATED)


    Pin: PO_addr_xdat_2/PAD

    max_transition         1.00
  - Transition Time        1.29
  ------------------------------
    Slack                 -0.29  (VIOLATED)


    Pin: PO_addr_xdat_3/PAD

    max_transition         1.00
  - Transition Time        1.29
  ------------------------------
    Slack                 -0.29  (VIOLATED)


    Pin: PO_addr_xdat_4/PAD

    max_transition         1.00
  - Transition Time        1.29
  ------------------------------
    Slack                 -0.29  (VIOLATED)


    Pin: PO_addr_xdat_5/PAD

    max_transition         1.00
  - Transition Time        1.29
  ------------------------------
    Slack                 -0.29  (VIOLATED)


    Pin: PO_addr_xdat_6/PAD

    max_transition         1.00
  - Transition Time        1.29
  ------------------------------
    Slack                 -0.29  (VIOLATED)


    Pin: PO_addr_xdat_7/PAD

    max_transition         1.00
  - Transition Time        1.29
  ------------------------------
    Slack                 -0.29  (VIOLATED)


    Pin: PO_addr_xdat_8/PAD

    max_transition         1.00
  - Transition Time        1.29
  ------------------------------
    Slack                 -0.29  (VIOLATED)


    Pin: PO_addr_xdat_9/PAD

    max_transition         1.00
  - Transition Time        1.29
  ------------------------------
    Slack                 -0.29  (VIOLATED)


    Pin: PO_addr_xdat_10/PAD

    max_transition         1.00
  - Transition Time        1.29
  ------------------------------
    Slack                 -0.29  (VIOLATED)


    Pin: PO_addr_xdat_11/PAD

    max_transition         1.00
  - Transition Time        1.29
  ------------------------------
    Slack                 -0.29  (VIOLATED)


    Pin: PO_addr_xdat_12/PAD

    max_transition         1.00
  - Transition Time        1.29
  ------------------------------
    Slack                 -0.29  (VIOLATED)


    Pin: PO_addr_xdat_13/PAD

    max_transition         1.00
  - Transition Time        1.29
  ------------------------------
    Slack                 -0.29  (VIOLATED)


    Pin: PO_addr_xdat_14/PAD

    max_transition         1.00
  - Transition Time        1.29
  ------------------------------
    Slack                 -0.29  (VIOLATED)


    Pin: PO_addr_xdat_15/PAD

    max_transition         1.00
  - Transition Time        1.29
  ------------------------------
    Slack                 -0.29  (VIOLATED)


    Pin: PO_all_txd_o/PAD

    max_transition         1.00
  - Transition Time        1.29
  ------------------------------
    Slack                 -0.29  (VIOLATED)


    Pin: PO_en_xdat/PAD

    max_transition         1.00
  - Transition Time        1.29
  ------------------------------
    Slack                 -0.29  (VIOLATED)


    Pin: PO_out_xdat_0/PAD

    max_transition         1.00
  - Transition Time        1.29
  ------------------------------
    Slack                 -0.29  (VIOLATED)


    Pin: PO_out_xdat_1/PAD

    max_transition         1.00
  - Transition Time        1.29
  ------------------------------
    Slack                 -0.29  (VIOLATED)


    Pin: PO_out_xdat_2/PAD

    max_transition         1.00
  - Transition Time        1.29
  ------------------------------
    Slack                 -0.29  (VIOLATED)


    Pin: PO_out_xdat_3/PAD

    max_transition         1.00
  - Transition Time        1.29
  ------------------------------
    Slack                 -0.29  (VIOLATED)


    Pin: PO_out_xdat_4/PAD

    max_transition         1.00
  - Transition Time        1.29
  ------------------------------
    Slack                 -0.29  (VIOLATED)


    Pin: PO_out_xdat_5/PAD

    max_transition         1.00
  - Transition Time        1.29
  ------------------------------
    Slack                 -0.29  (VIOLATED)


    Pin: PO_out_xdat_6/PAD

    max_transition         1.00
  - Transition Time        1.29
  ------------------------------
    Slack                 -0.29  (VIOLATED)


    Pin: PO_out_xdat_7/PAD

    max_transition         1.00
  - Transition Time        1.29
  ------------------------------
    Slack                 -0.29  (VIOLATED)


    Pin: PO_rd_xdat/PAD

    max_transition         1.00
  - Transition Time        1.29
  ------------------------------
    Slack                 -0.29  (VIOLATED)


    Pin: PO_rom_adr_o_0/PAD

    max_transition         1.00
  - Transition Time        1.29
  ------------------------------
    Slack                 -0.29  (VIOLATED)


    Pin: PO_rom_adr_o_1/PAD

    max_transition         1.00
  - Transition Time        1.29
  ------------------------------
    Slack                 -0.29  (VIOLATED)


    Pin: PO_rom_adr_o_2/PAD

    max_transition         1.00
  - Transition Time        1.29
  ------------------------------
    Slack                 -0.29  (VIOLATED)


    Pin: PO_rom_adr_o_3/PAD

    max_transition         1.00
  - Transition Time        1.29
  ------------------------------
    Slack                 -0.29  (VIOLATED)


    Pin: PO_rom_adr_o_4/PAD

    max_transition         1.00
  - Transition Time        1.29
  ------------------------------
    Slack                 -0.29  (VIOLATED)


    Pin: PO_rom_adr_o_5/PAD

    max_transition         1.00
  - Transition Time        1.29
  ------------------------------
    Slack                 -0.29  (VIOLATED)


    Pin: PO_rom_adr_o_6/PAD

    max_transition         1.00
  - Transition Time        1.29
  ------------------------------
    Slack                 -0.29  (VIOLATED)


    Pin: PO_rom_adr_o_7/PAD

    max_transition         1.00
  - Transition Time        1.29
  ------------------------------
    Slack                 -0.29  (VIOLATED)


    Pin: PO_rom_adr_o_8/PAD

    max_transition         1.00
  - Transition Time        1.29
  ------------------------------
    Slack                 -0.29  (VIOLATED)


    Pin: PO_rom_adr_o_9/PAD

    max_transition         1.00
  - Transition Time        1.29
  ------------------------------
    Slack                 -0.29  (VIOLATED)


    Pin: PO_rom_adr_o_10/PAD

    max_transition         1.00
  - Transition Time        1.29
  ------------------------------
    Slack                 -0.29  (VIOLATED)


    Pin: PO_rom_adr_o_11/PAD

    max_transition         1.00
  - Transition Time        1.29
  ------------------------------
    Slack                 -0.29  (VIOLATED)


    Pin: PO_rom_adr_o_12/PAD

    max_transition         1.00
  - Transition Time        1.29
  ------------------------------
    Slack                 -0.29  (VIOLATED)


    Pin: PO_rom_adr_o_13/PAD

    max_transition         1.00
  - Transition Time        1.29
  ------------------------------
    Slack                 -0.29  (VIOLATED)


    Pin: PO_rom_adr_o_14/PAD

    max_transition         1.00
  - Transition Time        1.29
  ------------------------------
    Slack                 -0.29  (VIOLATED)


    Pin: PO_rom_adr_o_15/PAD

    max_transition         1.00
  - Transition Time        1.29
  ------------------------------
    Slack                 -0.29  (VIOLATED)


    Pin: PO_wr_xdat_d1/PAD

    max_transition         1.00
  - Transition Time        1.29
  ------------------------------
    Slack                 -0.29  (VIOLATED)


    Pin: addr_xdat[0]

    max_transition         1.00
  - Transition Time        1.29
  ------------------------------
    Slack                 -0.29  (VIOLATED)


    Pin: addr_xdat[1]

    max_transition         1.00
  - Transition Time        1.29
  ------------------------------
    Slack                 -0.29  (VIOLATED)


    Pin: addr_xdat[2]

    max_transition         1.00
  - Transition Time        1.29
  ------------------------------
    Slack                 -0.29  (VIOLATED)


    Pin: addr_xdat[3]

    max_transition         1.00
  - Transition Time        1.29
  ------------------------------
    Slack                 -0.29  (VIOLATED)


    Pin: addr_xdat[4]

    max_transition         1.00
  - Transition Time        1.29
  ------------------------------
    Slack                 -0.29  (VIOLATED)


    Pin: addr_xdat[5]

    max_transition         1.00
  - Transition Time        1.29
  ------------------------------
    Slack                 -0.29  (VIOLATED)


    Pin: addr_xdat[6]

    max_transition         1.00
  - Transition Time        1.29
  ------------------------------
    Slack                 -0.29  (VIOLATED)


    Pin: addr_xdat[7]

    max_transition         1.00
  - Transition Time        1.29
  ------------------------------
    Slack                 -0.29  (VIOLATED)


    Pin: addr_xdat[8]

    max_transition         1.00
  - Transition Time        1.29
  ------------------------------
    Slack                 -0.29  (VIOLATED)


    Pin: addr_xdat[9]

    max_transition         1.00
  - Transition Time        1.29
  ------------------------------
    Slack                 -0.29  (VIOLATED)


    Pin: addr_xdat[10]

    max_transition         1.00
  - Transition Time        1.29
  ------------------------------
    Slack                 -0.29  (VIOLATED)


    Pin: addr_xdat[11]

    max_transition         1.00
  - Transition Time        1.29
  ------------------------------
    Slack                 -0.29  (VIOLATED)


    Pin: addr_xdat[12]

    max_transition         1.00
  - Transition Time        1.29
  ------------------------------
    Slack                 -0.29  (VIOLATED)


    Pin: addr_xdat[13]

    max_transition         1.00
  - Transition Time        1.29
  ------------------------------
    Slack                 -0.29  (VIOLATED)


    Pin: addr_xdat[14]

    max_transition         1.00
  - Transition Time        1.29
  ------------------------------
    Slack                 -0.29  (VIOLATED)


    Pin: addr_xdat[15]

    max_transition         1.00
  - Transition Time        1.29
  ------------------------------
    Slack                 -0.29  (VIOLATED)


    Pin: all_txd_o

    max_transition         1.00
  - Transition Time        1.29
  ------------------------------
    Slack                 -0.29  (VIOLATED)


    Pin: en_xdat

    max_transition         1.00
  - Transition Time        1.29
  ------------------------------
    Slack                 -0.29  (VIOLATED)


    Pin: out_xdat[0]

    max_transition         1.00
  - Transition Time        1.29
  ------------------------------
    Slack                 -0.29  (VIOLATED)


    Pin: out_xdat[1]

    max_transition         1.00
  - Transition Time        1.29
  ------------------------------
    Slack                 -0.29  (VIOLATED)


    Pin: out_xdat[2]

    max_transition         1.00
  - Transition Time        1.29
  ------------------------------
    Slack                 -0.29  (VIOLATED)


    Pin: out_xdat[3]

    max_transition         1.00
  - Transition Time        1.29
  ------------------------------
    Slack                 -0.29  (VIOLATED)


    Pin: out_xdat[4]

    max_transition         1.00
  - Transition Time        1.29
  ------------------------------
    Slack                 -0.29  (VIOLATED)


    Pin: out_xdat[5]

    max_transition         1.00
  - Transition Time        1.29
  ------------------------------
    Slack                 -0.29  (VIOLATED)


    Pin: out_xdat[6]

    max_transition         1.00
  - Transition Time        1.29
  ------------------------------
    Slack                 -0.29  (VIOLATED)


    Pin: out_xdat[7]

    max_transition         1.00
  - Transition Time        1.29
  ------------------------------
    Slack                 -0.29  (VIOLATED)


    Pin: rd_xdat

    max_transition         1.00
  - Transition Time        1.29
  ------------------------------
    Slack                 -0.29  (VIOLATED)


    Pin: rom_adr_o[0]

    max_transition         1.00
  - Transition Time        1.29
  ------------------------------
    Slack                 -0.29  (VIOLATED)


    Pin: rom_adr_o[1]

    max_transition         1.00
  - Transition Time        1.29
  ------------------------------
    Slack                 -0.29  (VIOLATED)


    Pin: rom_adr_o[2]

    max_transition         1.00
  - Transition Time        1.29
  ------------------------------
    Slack                 -0.29  (VIOLATED)


    Pin: rom_adr_o[3]

    max_transition         1.00
  - Transition Time        1.29
  ------------------------------
    Slack                 -0.29  (VIOLATED)


    Pin: rom_adr_o[4]

    max_transition         1.00
  - Transition Time        1.29
  ------------------------------
    Slack                 -0.29  (VIOLATED)


    Pin: rom_adr_o[5]

    max_transition         1.00
  - Transition Time        1.29
  ------------------------------
    Slack                 -0.29  (VIOLATED)


    Pin: rom_adr_o[6]

    max_transition         1.00
  - Transition Time        1.29
  ------------------------------
    Slack                 -0.29  (VIOLATED)


    Pin: rom_adr_o[7]

    max_transition         1.00
  - Transition Time        1.29
  ------------------------------
    Slack                 -0.29  (VIOLATED)


    Pin: rom_adr_o[8]

    max_transition         1.00
  - Transition Time        1.29
  ------------------------------
    Slack                 -0.29  (VIOLATED)


    Pin: rom_adr_o[9]

    max_transition         1.00
  - Transition Time        1.29
  ------------------------------
    Slack                 -0.29  (VIOLATED)


    Pin: rom_adr_o[10]

    max_transition         1.00
  - Transition Time        1.29
  ------------------------------
    Slack                 -0.29  (VIOLATED)


    Pin: rom_adr_o[11]

    max_transition         1.00
  - Transition Time        1.29
  ------------------------------
    Slack                 -0.29  (VIOLATED)


    Pin: rom_adr_o[12]

    max_transition         1.00
  - Transition Time        1.29
  ------------------------------
    Slack                 -0.29  (VIOLATED)


    Pin: rom_adr_o[13]

    max_transition         1.00
  - Transition Time        1.29
  ------------------------------
    Slack                 -0.29  (VIOLATED)


    Pin: rom_adr_o[14]

    max_transition         1.00
  - Transition Time        1.29
  ------------------------------
    Slack                 -0.29  (VIOLATED)


    Pin: rom_adr_o[15]

    max_transition         1.00
  - Transition Time        1.29
  ------------------------------
    Slack                 -0.29  (VIOLATED)


    Pin: wr_xdat_d1

    max_transition         1.00
  - Transition Time        1.29
  ------------------------------
    Slack                 -0.29  (VIOLATED)


1
