****************************************
Report : reference
Design : rc8051RtlTop
Version: V-2004.06-SP1-2
Date   : Mon Jul  4 10:18:52 2005
****************************************


Attributes:
    b - black-box (unknown)
    h - hierarchical
    n - noncombinational
    u - contains unmapped logic
    A - abstracted timing model
    E - extracted timing model
    S - Stamp timing model
    Q - Quick timing model (QTM)

Reference          Library       Unit Area   Count    Total Area   Attributes
--------------------------------------------------------------------------------
AND2X1             slow            13.31     2          26.61      
BUFX2              slow            13.31     1          13.31      
BUFX3              slow            13.31     3          39.92      
BUFX4              slow            16.63     4          66.53      
BUFX8              slow            29.94     1          29.94      
Bisted_SPSRAM256X8_test_1
                                 52123.96    1        52123.96     h
CLKBUFX16          slow            63.20     9         568.81      
CLKBUFX20          slow            79.83     12        958.00      
CLKINVX16          slow            83.16     5         415.80      
CLKINVX20          slow            96.47     5         482.33      
DLY3X1             slow            23.28     7         162.99      
INVX1              slow             6.65     8          53.22      
INVX2              slow             9.98     3          29.94      
INVX3              slow            13.31     1          13.31      
INVX4              slow            13.31     6          79.83      
INVX8              slow            19.96     1          19.96      
MX2X2              slow            29.94     10        299.38      
MX2X4              slow            33.26     6         199.58      
NAND2BX1           slow            13.31     3          39.92      
NAND2X1            slow             9.98     8          79.83      
NOR2BX2            slow            19.96     5          99.79      
OAI21X1            slow            16.63     8         133.06      
PDB04SDGZ          tpz973gwc     9400.00     8        75200.00     
PDIDGZ             tpz973gwc     9400.00     26       244400.00    
PDO02CDG           tpz973gwc     9400.00     1        9400.00      
PDO04CDG           tpz973gwc     9400.00     47       441800.00    
SDFFRHQX1          slow            83.16     3         249.48      n
SDFFRHQX4          slow           123.08     14       1723.08      n
SDFFSRX1           slow            99.79     7         698.54      n
SDFFSRX4           slow           129.73     1         129.73      n
SDFFSX1            slow            79.83     1          79.83      n
SDFFSX4            slow           106.44     1         106.44      n
XOR2X2             slow            33.26     1          33.26      
u_cpu_test_1                     125045.88   1        125045.88    h
--------------------------------------------------------------------------------
Total 34 references                                   954802.25
1
