 
****************************************
Report : net fanout
        -threshold 17
Design : DmacFifo
Version: V-2004.06
Date   : Mon Jul  3 17:06:38 2006
****************************************


Operating Conditions: slow   Library: slow
Wire Load Model Mode: top


Attributes:
   dr - drc disabled
    c - annotated capacitance
    d - dont_touch
    i - ideal_net
    I - ideal_network
    p - includes pin load
    r - annotated resistance
    h - high fanout

Net                 Fanout   Attributes   Capacitance   Driver
--------------------------------------------------------------------------------
WriteEn                 36                    0.20      WriteEn
ReadEn                  27                    0.15      ReadEn
ACLK                   336                    2.18      ACLK
ARESETn                 20                    0.12      ARESETn
n3550                   19                    0.09      U3236/Y
n3631                   33                    0.14      U3198/Y
n3646                   82                    0.32      U3255/Y
n3659                   81                    0.33      U3258/Y
n3708                   81                    0.32      U3254/Y
n3726                   81                    0.33      U3256/Y
n3744                   81                    0.33      U3257/Y
n3779                   81                    0.32      U3252/Y
n3797                   81                    0.33      U3259/Y
n3815                   81                    0.32      U3253/Y
n4238                   32                    0.15      U3199/Y
n4239                   32                    0.15      U3202/Y
n4240                   32                    0.14      U3201/Y
n4241                   32                    0.15      U3205/Y
n4242                   32                    0.14      U3204/Y
n4243                   32                    0.15      U3210/Y
n4244                   32                    0.14      U3208/Y
1
