 
****************************************
Report : timing
        -path full
        -delay max
        -nworst 10
        -input_pins
        -nets
        -max_paths 10
        -transition_time
        -capacitance
Design : IntSRAMController
Version: V-2004.06
Date   : Thu Jun  8 14:49:26 2006
****************************************

Operating Conditions: slow   Library: slow
Wire Load Model Mode: top

  Startpoint: WVALID (input port clocked by OscClk)
  Endpoint: AWREADY (output port clocked by OscClk)
  Path Group: OscClk
  Path Type: max

  Point                        Fanout       Cap     Trans      Incr       Path
  -------------------------------------------------------------------------------
  clock OscClk (rise edge)                                     0.00       0.00
  clock network delay (ideal)                                  0.00       0.00
  input external delay                                         2.00       2.00 r
  WVALID (in)                                        0.39      0.20       2.20 r
  WVALID (net)                   2         0.03                0.00       2.20 r
  U899/A (INVX8)                                     0.39      0.00       2.20 r
  U899/Y (INVX8)                                     0.06      0.03       2.24 f
  n1531 (net)                    1         0.01                0.00       2.24 f
  U898/B (OR2X4)                                     0.06      0.00       2.24 f
  U898/Y (OR2X4)                                     0.11      0.26       2.49 f
  n1305 (net)                    3         0.04                0.00       2.49 f
  U896/A (OR2X4)                                     0.11      0.00       2.49 f
  U896/Y (OR2X4)                                     0.12      0.25       2.75 f
  n1294 (net)                    2         0.04                0.00       2.75 f
  U895/A (INVX8)                                     0.12      0.00       2.75 f
  U895/Y (INVX8)                                     0.06      0.06       2.80 r
  n1373 (net)                    3         0.01                0.00       2.80 r
  U894/A2 (AOI31X4)                                  0.06      0.00       2.80 r
  U894/Y (AOI31X4)                                   0.04      0.30       3.11 f
  n1529 (net)                    1         0.00                0.00       3.11 f
  U893/B0 (OAI31X4)                                  0.04      0.00       3.11 f
  U893/Y (OAI31X4)                                   0.37      0.45       3.56 r
  n1351 (net)                    8         0.12                0.00       3.56 r
  U891/A (OR2X4)                                     0.37      0.00       3.56 r
  U891/Y (OR2X4)                                     0.16      0.22       3.77 r
  n1282 (net)                    4         0.04                0.00       3.77 r
  U888/B (AND2X4)                                    0.16      0.00       3.77 r
  U888/Y (AND2X4)                                    0.32      0.30       4.08 r
  AWREADY (net)                  1         0.10                0.00       4.08 r
  AWREADY (out)                                      0.32      0.00       4.08 r
  data arrival time                                                       4.08

  clock OscClk (rise edge)                                    10.00      10.00
  clock network delay (ideal)                                  0.00      10.00
  clock uncertainty                                           -1.90       8.10
  output external delay                                       -3.00       5.10
  data required time                                                      5.10
  -------------------------------------------------------------------------------
  data required time                                                      5.10
  data arrival time                                                      -4.08
  -------------------------------------------------------------------------------
  slack (MET)                                                             1.02


  Startpoint: WVALID (input port clocked by OscClk)
  Endpoint: ARREADY (output port clocked by OscClk)
  Path Group: OscClk
  Path Type: max

  Point                        Fanout       Cap     Trans      Incr       Path
  -------------------------------------------------------------------------------
  clock OscClk (rise edge)                                     0.00       0.00
  clock network delay (ideal)                                  0.00       0.00
  input external delay                                         2.00       2.00 r
  WVALID (in)                                        0.39      0.20       2.20 r
  WVALID (net)                   2         0.03                0.00       2.20 r
  U899/A (INVX8)                                     0.39      0.00       2.20 r
  U899/Y (INVX8)                                     0.06      0.03       2.24 f
  n1531 (net)                    1         0.01                0.00       2.24 f
  U898/B (OR2X4)                                     0.06      0.00       2.24 f
  U898/Y (OR2X4)                                     0.11      0.26       2.49 f
  n1305 (net)                    3         0.04                0.00       2.49 f
  U896/A (OR2X4)                                     0.11      0.00       2.49 f
  U896/Y (OR2X4)                                     0.12      0.25       2.75 f
  n1294 (net)                    2         0.04                0.00       2.75 f
  U895/A (INVX8)                                     0.12      0.00       2.75 f
  U895/Y (INVX8)                                     0.06      0.06       2.80 r
  n1373 (net)                    3         0.01                0.00       2.80 r
  U894/A2 (AOI31X4)                                  0.06      0.00       2.80 r
  U894/Y (AOI31X4)                                   0.04      0.30       3.11 f
  n1529 (net)                    1         0.00                0.00       3.11 f
  U893/B0 (OAI31X4)                                  0.04      0.00       3.11 f
  U893/Y (OAI31X4)                                   0.37      0.45       3.56 r
  n1351 (net)                    8         0.12                0.00       3.56 r
  U891/A (OR2X4)                                     0.37      0.00       3.56 r
  U891/Y (OR2X4)                                     0.16      0.22       3.77 r
  n1282 (net)                    4         0.04                0.00       3.77 r
  U889/A (AND2X4)                                    0.16      0.00       3.77 r
  U889/Y (AND2X4)                                    0.32      0.30       4.07 r
  ARREADY (net)                  1         0.10                0.00       4.07 r
  ARREADY (out)                                      0.32      0.00       4.07 r
  data arrival time                                                       4.07

  clock OscClk (rise edge)                                    10.00      10.00
  clock network delay (ideal)                                  0.00      10.00
  clock uncertainty                                           -1.90       8.10
  output external delay                                       -3.00       5.10
  data required time                                                      5.10
  -------------------------------------------------------------------------------
  data required time                                                      5.10
  data arrival time                                                      -4.07
  -------------------------------------------------------------------------------
  slack (MET)                                                             1.03


  Startpoint: WVALID (input port clocked by OscClk)
  Endpoint: AWREADY (output port clocked by OscClk)
  Path Group: OscClk
  Path Type: max

  Point                        Fanout       Cap     Trans      Incr       Path
  -------------------------------------------------------------------------------
  clock OscClk (rise edge)                                     0.00       0.00
  clock network delay (ideal)                                  0.00       0.00
  input external delay                                         2.00       2.00 f
  WVALID (in)                                        0.25      0.16       2.16 f
  WVALID (net)                   2         0.03                0.00       2.16 f
  U899/A (INVX8)                                     0.25      0.00       2.16 f
  U899/Y (INVX8)                                     0.06      0.06       2.22 r
  n1531 (net)                    1         0.01                0.00       2.22 r
  U898/B (OR2X4)                                     0.06      0.00       2.22 r
  U898/Y (OR2X4)                                     0.14      0.17       2.39 r
  n1305 (net)                    3         0.04                0.00       2.39 r
  U896/A (OR2X4)                                     0.14      0.00       2.39 r
  U896/Y (OR2X4)                                     0.16      0.19       2.58 r
  n1294 (net)                    2         0.04                0.00       2.58 r
  U895/A (INVX8)                                     0.16      0.00       2.58 r
  U895/Y (INVX8)                                     0.04      0.04       2.62 f
  n1373 (net)                    3         0.01                0.00       2.62 f
  U894/A2 (AOI31X4)                                  0.04      0.00       2.62 f
  U894/Y (AOI31X4)                                   0.05      0.40       3.02 r
  n1529 (net)                    1         0.00                0.00       3.02 r
  U893/B0 (OAI31X4)                                  0.05      0.00       3.02 r
  U893/Y (OAI31X4)                                   0.21      0.40       3.43 f
  n1351 (net)                    8         0.12                0.00       3.43 f
  U891/A (OR2X4)                                     0.21      0.00       3.43 f
  U891/Y (OR2X4)                                     0.12      0.28       3.70 f
  n1282 (net)                    4         0.04                0.00       3.70 f
  U888/B (AND2X4)                                    0.12      0.00       3.70 f
  U888/Y (AND2X4)                                    0.20      0.31       4.02 f
  AWREADY (net)                  1         0.10                0.00       4.02 f
  AWREADY (out)                                      0.20      0.00       4.02 f
  data arrival time                                                       4.02

  clock OscClk (rise edge)                                    10.00      10.00
  clock network delay (ideal)                                  0.00      10.00
  clock uncertainty                                           -1.90       8.10
  output external delay                                       -3.00       5.10
  data required time                                                      5.10
  -------------------------------------------------------------------------------
  data required time                                                      5.10
  data arrival time                                                      -4.02
  -------------------------------------------------------------------------------
  slack (MET)                                                             1.08


  Startpoint: WVALID (input port clocked by OscClk)
  Endpoint: ARREADY (output port clocked by OscClk)
  Path Group: OscClk
  Path Type: max

  Point                        Fanout       Cap     Trans      Incr       Path
  -------------------------------------------------------------------------------
  clock OscClk (rise edge)                                     0.00       0.00
  clock network delay (ideal)                                  0.00       0.00
  input external delay                                         2.00       2.00 f
  WVALID (in)                                        0.25      0.16       2.16 f
  WVALID (net)                   2         0.03                0.00       2.16 f
  U899/A (INVX8)                                     0.25      0.00       2.16 f
  U899/Y (INVX8)                                     0.06      0.06       2.22 r
  n1531 (net)                    1         0.01                0.00       2.22 r
  U898/B (OR2X4)                                     0.06      0.00       2.22 r
  U898/Y (OR2X4)                                     0.14      0.17       2.39 r
  n1305 (net)                    3         0.04                0.00       2.39 r
  U896/A (OR2X4)                                     0.14      0.00       2.39 r
  U896/Y (OR2X4)                                     0.16      0.19       2.58 r
  n1294 (net)                    2         0.04                0.00       2.58 r
  U895/A (INVX8)                                     0.16      0.00       2.58 r
  U895/Y (INVX8)                                     0.04      0.04       2.62 f
  n1373 (net)                    3         0.01                0.00       2.62 f
  U894/A2 (AOI31X4)                                  0.04      0.00       2.62 f
  U894/Y (AOI31X4)                                   0.05      0.40       3.02 r
  n1529 (net)                    1         0.00                0.00       3.02 r
  U893/B0 (OAI31X4)                                  0.05      0.00       3.02 r
  U893/Y (OAI31X4)                                   0.21      0.40       3.43 f
  n1351 (net)                    8         0.12                0.00       3.43 f
  U891/A (OR2X4)                                     0.21      0.00       3.43 f
  U891/Y (OR2X4)                                     0.12      0.28       3.70 f
  n1282 (net)                    4         0.04                0.00       3.70 f
  U889/A (AND2X4)                                    0.12      0.00       3.70 f
  U889/Y (AND2X4)                                    0.20      0.29       3.99 f
  ARREADY (net)                  1         0.10                0.00       3.99 f
  ARREADY (out)                                      0.20      0.00       3.99 f
  data arrival time                                                       3.99

  clock OscClk (rise edge)                                    10.00      10.00
  clock network delay (ideal)                                  0.00      10.00
  clock uncertainty                                           -1.90       8.10
  output external delay                                       -3.00       5.10
  data required time                                                      5.10
  -------------------------------------------------------------------------------
  data required time                                                      5.10
  data arrival time                                                      -3.99
  -------------------------------------------------------------------------------
  slack (MET)                                                             1.11


  Startpoint: BREADY (input port clocked by OscClk)
  Endpoint: AWREADY (output port clocked by OscClk)
  Path Group: OscClk
  Path Type: max

  Point                        Fanout       Cap     Trans      Incr       Path
  -------------------------------------------------------------------------------
  clock OscClk (rise edge)                                     0.00       0.00
  clock network delay (ideal)                                  0.00       0.00
  input external delay                                         2.00       2.00 f
  BREADY (in)                                        0.32      0.21       2.21 f
  BREADY (net)                   3         0.04                0.00       2.21 f
  U901/A (OR2X4)                                     0.32      0.00       2.21 f
  U901/Y (OR2X4)                                     0.15      0.32       2.53 f
  n1280 (net)                    6         0.06                0.00       2.53 f
  U894/A1 (AOI31X4)                                  0.15      0.00       2.53 f
  U894/Y (AOI31X4)                                   0.05      0.40       2.93 r
  n1529 (net)                    1         0.00                0.00       2.93 r
  U893/B0 (OAI31X4)                                  0.05      0.00       2.93 r
  U893/Y (OAI31X4)                                   0.21      0.40       3.34 f
  n1351 (net)                    8         0.12                0.00       3.34 f
  U891/A (OR2X4)                                     0.21      0.00       3.34 f
  U891/Y (OR2X4)                                     0.12      0.28       3.61 f
  n1282 (net)                    4         0.04                0.00       3.61 f
  U888/B (AND2X4)                                    0.12      0.00       3.61 f
  U888/Y (AND2X4)                                    0.20      0.31       3.93 f
  AWREADY (net)                  1         0.10                0.00       3.93 f
  AWREADY (out)                                      0.20      0.00       3.93 f
  data arrival time                                                       3.93

  clock OscClk (rise edge)                                    10.00      10.00
  clock network delay (ideal)                                  0.00      10.00
  clock uncertainty                                           -1.90       8.10
  output external delay                                       -3.00       5.10
  data required time                                                      5.10
  -------------------------------------------------------------------------------
  data required time                                                      5.10
  data arrival time                                                      -3.93
  -------------------------------------------------------------------------------
  slack (MET)                                                             1.17


  Startpoint: BREADY (input port clocked by OscClk)
  Endpoint: ARREADY (output port clocked by OscClk)
  Path Group: OscClk
  Path Type: max

  Point                        Fanout       Cap     Trans      Incr       Path
  -------------------------------------------------------------------------------
  clock OscClk (rise edge)                                     0.00       0.00
  clock network delay (ideal)                                  0.00       0.00
  input external delay                                         2.00       2.00 f
  BREADY (in)                                        0.32      0.21       2.21 f
  BREADY (net)                   3         0.04                0.00       2.21 f
  U901/A (OR2X4)                                     0.32      0.00       2.21 f
  U901/Y (OR2X4)                                     0.15      0.32       2.53 f
  n1280 (net)                    6         0.06                0.00       2.53 f
  U894/A1 (AOI31X4)                                  0.15      0.00       2.53 f
  U894/Y (AOI31X4)                                   0.05      0.40       2.93 r
  n1529 (net)                    1         0.00                0.00       2.93 r
  U893/B0 (OAI31X4)                                  0.05      0.00       2.93 r
  U893/Y (OAI31X4)                                   0.21      0.40       3.34 f
  n1351 (net)                    8         0.12                0.00       3.34 f
  U891/A (OR2X4)                                     0.21      0.00       3.34 f
  U891/Y (OR2X4)                                     0.12      0.28       3.61 f
  n1282 (net)                    4         0.04                0.00       3.61 f
  U889/A (AND2X4)                                    0.12      0.00       3.61 f
  U889/Y (AND2X4)                                    0.20      0.29       3.90 f
  ARREADY (net)                  1         0.10                0.00       3.90 f
  ARREADY (out)                                      0.20      0.00       3.90 f
  data arrival time                                                       3.90

  clock OscClk (rise edge)                                    10.00      10.00
  clock network delay (ideal)                                  0.00      10.00
  clock uncertainty                                           -1.90       8.10
  output external delay                                       -3.00       5.10
  data required time                                                      5.10
  -------------------------------------------------------------------------------
  data required time                                                      5.10
  data arrival time                                                      -3.90
  -------------------------------------------------------------------------------
  slack (MET)                                                             1.20


  Startpoint: WLAST (input port clocked by OscClk)
  Endpoint: AWREADY (output port clocked by OscClk)
  Path Group: OscClk
  Path Type: max

  Point                        Fanout       Cap     Trans      Incr       Path
  -------------------------------------------------------------------------------
  clock OscClk (rise edge)                                     0.00       0.00
  clock network delay (ideal)                                  0.00       0.00
  input external delay                                         2.00       2.00 f
  WLAST (in)                                         0.25      0.16       2.16 f
  WLAST (net)                    2         0.03                0.00       2.16 f
  U897/A (INVX8)                                     0.25      0.00       2.16 f
  U897/Y (INVX8)                                     0.06      0.06       2.22 r
  n1530 (net)                    1         0.01                0.00       2.22 r
  U896/B (OR2X4)                                     0.06      0.00       2.22 r
  U896/Y (OR2X4)                                     0.16      0.18       2.40 r
  n1294 (net)                    2         0.04                0.00       2.40 r
  U895/A (INVX8)                                     0.16      0.00       2.40 r
  U895/Y (INVX8)                                     0.04      0.04       2.44 f
  n1373 (net)                    3         0.01                0.00       2.44 f
  U894/A2 (AOI31X4)                                  0.04      0.00       2.44 f
  U894/Y (AOI31X4)                                   0.05      0.40       2.84 r
  n1529 (net)                    1         0.00                0.00       2.84 r
  U893/B0 (OAI31X4)                                  0.05      0.00       2.84 r
  U893/Y (OAI31X4)                                   0.21      0.40       3.25 f
  n1351 (net)                    8         0.12                0.00       3.25 f
  U891/A (OR2X4)                                     0.21      0.00       3.25 f
  U891/Y (OR2X4)                                     0.12      0.28       3.52 f
  n1282 (net)                    4         0.04                0.00       3.52 f
  U888/B (AND2X4)                                    0.12      0.00       3.52 f
  U888/Y (AND2X4)                                    0.20      0.31       3.84 f
  AWREADY (net)                  1         0.10                0.00       3.84 f
  AWREADY (out)                                      0.20      0.00       3.84 f
  data arrival time                                                       3.84

  clock OscClk (rise edge)                                    10.00      10.00
  clock network delay (ideal)                                  0.00      10.00
  clock uncertainty                                           -1.90       8.10
  output external delay                                       -3.00       5.10
  data required time                                                      5.10
  -------------------------------------------------------------------------------
  data required time                                                      5.10
  data arrival time                                                      -3.84
  -------------------------------------------------------------------------------
  slack (MET)                                                             1.26


  Startpoint: BREADY (input port clocked by OscClk)
  Endpoint: AWREADY (output port clocked by OscClk)
  Path Group: OscClk
  Path Type: max

  Point                        Fanout       Cap     Trans      Incr       Path
  -------------------------------------------------------------------------------
  clock OscClk (rise edge)                                     0.00       0.00
  clock network delay (ideal)                                  0.00       0.00
  input external delay                                         2.00       2.00 r
  BREADY (in)                                        0.52      0.28       2.28 r
  BREADY (net)                   3         0.04                0.00       2.28 r
  U901/A (OR2X4)                                     0.52      0.00       2.28 r
  U901/Y (OR2X4)                                     0.20      0.26       2.54 r
  n1280 (net)                    6         0.06                0.00       2.54 r
  U894/A1 (AOI31X4)                                  0.20      0.00       2.54 r
  U894/Y (AOI31X4)                                   0.04      0.32       2.86 f
  n1529 (net)                    1         0.00                0.00       2.86 f
  U893/B0 (OAI31X4)                                  0.04      0.00       2.86 f
  U893/Y (OAI31X4)                                   0.37      0.45       3.31 r
  n1351 (net)                    8         0.12                0.00       3.31 r
  U891/A (OR2X4)                                     0.37      0.00       3.31 r
  U891/Y (OR2X4)                                     0.16      0.22       3.53 r
  n1282 (net)                    4         0.04                0.00       3.53 r
  U888/B (AND2X4)                                    0.16      0.00       3.53 r
  U888/Y (AND2X4)                                    0.32      0.30       3.83 r
  AWREADY (net)                  1         0.10                0.00       3.83 r
  AWREADY (out)                                      0.32      0.00       3.83 r
  data arrival time                                                       3.83

  clock OscClk (rise edge)                                    10.00      10.00
  clock network delay (ideal)                                  0.00      10.00
  clock uncertainty                                           -1.90       8.10
  output external delay                                       -3.00       5.10
  data required time                                                      5.10
  -------------------------------------------------------------------------------
  data required time                                                      5.10
  data arrival time                                                      -3.83
  -------------------------------------------------------------------------------
  slack (MET)                                                             1.27


  Startpoint: WLAST (input port clocked by OscClk)
  Endpoint: AWREADY (output port clocked by OscClk)
  Path Group: OscClk
  Path Type: max

  Point                        Fanout       Cap     Trans      Incr       Path
  -------------------------------------------------------------------------------
  clock OscClk (rise edge)                                     0.00       0.00
  clock network delay (ideal)                                  0.00       0.00
  input external delay                                         2.00       2.00 r
  WLAST (in)                                         0.39      0.20       2.20 r
  WLAST (net)                    2         0.03                0.00       2.20 r
  U897/A (INVX8)                                     0.39      0.00       2.20 r
  U897/Y (INVX8)                                     0.06      0.03       2.24 f
  n1530 (net)                    1         0.01                0.00       2.24 f
  U896/B (OR2X4)                                     0.06      0.00       2.24 f
  U896/Y (OR2X4)                                     0.12      0.26       2.50 f
  n1294 (net)                    2         0.04                0.00       2.50 f
  U895/A (INVX8)                                     0.12      0.00       2.50 f
  U895/Y (INVX8)                                     0.06      0.06       2.56 r
  n1373 (net)                    3         0.01                0.00       2.56 r
  U894/A2 (AOI31X4)                                  0.06      0.00       2.56 r
  U894/Y (AOI31X4)                                   0.04      0.30       2.86 f
  n1529 (net)                    1         0.00                0.00       2.86 f
  U893/B0 (OAI31X4)                                  0.04      0.00       2.86 f
  U893/Y (OAI31X4)                                   0.37      0.45       3.31 r
  n1351 (net)                    8         0.12                0.00       3.31 r
  U891/A (OR2X4)                                     0.37      0.00       3.31 r
  U891/Y (OR2X4)                                     0.16      0.22       3.53 r
  n1282 (net)                    4         0.04                0.00       3.53 r
  U888/B (AND2X4)                                    0.16      0.00       3.53 r
  U888/Y (AND2X4)                                    0.32      0.30       3.83 r
  AWREADY (net)                  1         0.10                0.00       3.83 r
  AWREADY (out)                                      0.32      0.00       3.83 r
  data arrival time                                                       3.83

  clock OscClk (rise edge)                                    10.00      10.00
  clock network delay (ideal)                                  0.00      10.00
  clock uncertainty                                           -1.90       8.10
  output external delay                                       -3.00       5.10
  data required time                                                      5.10
  -------------------------------------------------------------------------------
  data required time                                                      5.10
  data arrival time                                                      -3.83
  -------------------------------------------------------------------------------
  slack (MET)                                                             1.27


  Startpoint: BREADY (input port clocked by OscClk)
  Endpoint: ARREADY (output port clocked by OscClk)
  Path Group: OscClk
  Path Type: max

  Point                        Fanout       Cap     Trans      Incr       Path
  -------------------------------------------------------------------------------
  clock OscClk (rise edge)                                     0.00       0.00
  clock network delay (ideal)                                  0.00       0.00
  input external delay                                         2.00       2.00 r
  BREADY (in)                                        0.52      0.28       2.28 r
  BREADY (net)                   3         0.04                0.00       2.28 r
  U901/A (OR2X4)                                     0.52      0.00       2.28 r
  U901/Y (OR2X4)                                     0.20      0.26       2.54 r
  n1280 (net)                    6         0.06                0.00       2.54 r
  U894/A1 (AOI31X4)                                  0.20      0.00       2.54 r
  U894/Y (AOI31X4)                                   0.04      0.32       2.86 f
  n1529 (net)                    1         0.00                0.00       2.86 f
  U893/B0 (OAI31X4)                                  0.04      0.00       2.86 f
  U893/Y (OAI31X4)                                   0.37      0.45       3.31 r
  n1351 (net)                    8         0.12                0.00       3.31 r
  U891/A (OR2X4)                                     0.37      0.00       3.31 r
  U891/Y (OR2X4)                                     0.16      0.22       3.53 r
  n1282 (net)                    4         0.04                0.00       3.53 r
  U889/A (AND2X4)                                    0.16      0.00       3.53 r
  U889/Y (AND2X4)                                    0.32      0.30       3.83 r
  ARREADY (net)                  1         0.10                0.00       3.83 r
  ARREADY (out)                                      0.32      0.00       3.83 r
  data arrival time                                                       3.83

  clock OscClk (rise edge)                                    10.00      10.00
  clock network delay (ideal)                                  0.00      10.00
  clock uncertainty                                           -1.90       8.10
  output external delay                                       -3.00       5.10
  data required time                                                      5.10
  -------------------------------------------------------------------------------
  data required time                                                      5.10
  data arrival time                                                      -3.83
  -------------------------------------------------------------------------------
  slack (MET)                                                             1.27


1
