Information: Updating design information... (UID-85)
 
****************************************
Report : qor
Design : IntSRAMController
Version: V-2004.06
Date   : Thu Jun  8 14:49:25 2006
****************************************


  Timing Path Group 'OscClk'
  -----------------------------------
  Levels of Logic:               8.00
  Critical Path Length:          2.08
  Critical Path Slack:           1.02
  Total Negative Slack:          0.00
  No. of Violating Paths:        0.00
  -----------------------------------


  Cell Count
  -----------------------------------
  Hierarchial Cell Count:           0
  Hierarchial Port Count:           0
  Leaf Cell Count:                741
  -----------------------------------


  Area
  -----------------------------------
  Combinational Area:    19256.490234
  Noncombinational Area: 13728.042969
  Net Area:                  0.000000
  -----------------------------------
  Cell Area:             32984.582031
  Design Area:           32984.582031


  Design Rules
  -----------------------------------
  Total Number of Nets:           913
  Nets With Violations:             0
  -----------------------------------


  Hostname: smt-sdi

  Compile CPU Statistics
  -----------------------------------
  Resource Sharing:              0.00
  Logic Optimization:            0.07
  Mapping Optimization:          0.12
  -----------------------------------
  Overall Compile Time:          2.42

1
