************
check_timing
************

Warning: Design 'ResetCntl' contains unmapped cells.
	Use report_cell to list unmapped cells in the design. (OPT-309)

***********
report_cell
***********

Error: Could not read the following target libraries:
cb18os120_generic_max.db 
 (UIO-3)
 
****************************************
Report : cell
Design : ResetCntl
Version: V-2003.12-SP1
Date   : Fri Jun 18 13:24:44 2004
****************************************

Attributes:
    b - black box (unknown)
    c - control logic
    h - hierarchical
    n - noncombinational
    r - removable
    s - synthetic operator
    u - contains unmapped logic

Cell                      Reference       Library             Area  Attributes
--------------------------------------------------------------------------------
HresState_reg_0           **SEQGEN**                      0.000000  n, u
HresState_reg_1           **SEQGEN**                      0.000000  n, u
HresState_reg_2           **SEQGEN**                      0.000000  n, u
S_0                       GTECH_NOT       gtech           0.000000  u
S_1                       GTECH_OR2       gtech           0.000000  u
S_2                       GTECH_NOT       gtech           0.000000  c, u
S_3                       GTECH_AND_NOT   gtech           0.000000  c, u
S_4                       GTECH_AND_NOT   gtech           0.000000  c, u
S_5                       GTECH_AND2      gtech           0.000000  c, u
S_6                       GTECH_AND_NOT   gtech           0.000000  c, u
S_7                       GTECH_AND_NOT   gtech           0.000000  c, u
S_8                       GTECH_AND_NOT   gtech           0.000000  c, u
S_9                       GTECH_AND2      gtech           0.000000  c, u
S_10                      GTECH_OR2       gtech           0.000000  c, u
S_11                      GTECH_AND2      gtech           0.000000  c, u
S_12                      GTECH_MUX2      gtech           0.000000  c, u
S_13                      *SELECT_OP_4.3_4.1_3            0.000000  s, u
S_15                      GTECH_BUF       gtech           0.000000  c, u
S_16                      GTECH_NOT       gtech           0.000000  c, u
S_17                      *SELECT_OP_2.3_2.1_3            0.000000  s, u
S_19                      GTECH_NOT       gtech           0.000000  c, u
S_20                      GTECH_AND_NOT   gtech           0.000000  c, u
S_21                      GTECH_AND_NOT   gtech           0.000000  c, u
S_22                      GTECH_AND2      gtech           0.000000  c, u
S_23                      GTECH_AND_NOT   gtech           0.000000  c, u
S_24                      GTECH_AND_NOT   gtech           0.000000  c, u
S_25                      GTECH_AND_NOT   gtech           0.000000  c, u
S_26                      GTECH_AND2      gtech           0.000000  c, u
S_27                      GTECH_OR2       gtech           0.000000  c, u
S_28                      GTECH_AND2      gtech           0.000000  c, u
S_29                      GTECH_MUX2      gtech           0.000000  c, u
S_30                      *SELECT_OP_4.3_4.1_3            0.000000  s, u
S_32                      GTECH_NOT       gtech           0.000000  c, u
S_33                      GTECH_BUF       gtech           0.000000  c, u
S_34                      *SELECT_OP_2.3_2.1_3            0.000000  s, u
S_36                      GTECH_AND2      gtech           0.000000  u
S_37                      GTECH_AND2      gtech           0.000000  u
SyncWDR_reg               **SEQGEN**                      0.000000  n, u
U19                       *GEN*2                          0.000000  c, u
U22                       *GEN*4                          0.000000  c, u
WresState_reg_0           **SEQGEN**                      0.000000  n, u
WresState_reg_1           **SEQGEN**                      0.000000  n, u
WresState_reg_2           **SEQGEN**                      0.000000  n, u
nSyncPOR_reg              **SEQGEN**                      0.000000  n, u
--------------------------------------------------------------------------------
Total 44 cells                                            0.000000

****************
report_reference
****************

 
****************************************
Report : reference
Design : ResetCntl
Version: V-2003.12-SP1
Date   : Fri Jun 18 13:24:44 2004
****************************************

Attributes:
    b - black box (unknown)
   bo - allows boundary optimization
    d - dont_touch
   mo - map_only
    h - hierarchical
    n - noncombinational
    r - removable
    s - synthetic operator
    u - contains unmapped logic

Reference          Library       Unit Area   Count    Total Area   Attributes
-----------------------------------------------------------------------------
**SEQGEN**                        0.000000       8      0.000000  n, u
*GEN*2                            0.000000       1      0.000000  u
*GEN*4                            0.000000       1      0.000000  u
*SELECT_OP_2.3_2.1_3              0.000000       2      0.000000  s, u
*SELECT_OP_4.3_4.1_3              0.000000       2      0.000000  s, u
GTECH_AND2         gtech          0.000000       8      0.000000  u
GTECH_AND_NOT      gtech          0.000000      10      0.000000  u
GTECH_BUF          gtech          0.000000       2      0.000000  u
GTECH_MUX2         gtech          0.000000       2      0.000000  u
GTECH_NOT          gtech          0.000000       5      0.000000  u
GTECH_OR2          gtech          0.000000       3      0.000000  u
-----------------------------------------------------------------------------
Total 11 references                                     0.000000

****************
report_hierarchy
****************

 
****************************************
Report : hierarchy
Design : ResetCntl
Version: V-2003.12-SP1
Date   : Fri Jun 18 13:24:44 2004
****************************************

Information: This design contains unmapped logic. (RPT-7)

ResetCntl
    GTECH_AND2            gtech
    GTECH_AND_NOT         gtech
    GTECH_BUF             gtech
    GTECH_MUX2            gtech
    GTECH_NOT             gtech
    GTECH_OR2             gtech

***********
report_area
***********

Warning: Can't read link_library file 'cb18os120_generic_max.db'. (UID-3)
Warning: Can't read link_library file 'conditions_1.8v.db'. (UID-3)
 
****************************************
Report : area
Design : ResetCntl
Version: V-2003.12-SP1
Date   : Fri Jun 18 13:24:44 2004
****************************************

Library(s) Used:

    gtech (File: /edatools/synopsys/2003.12-SP1/libraries/syn/gtech.db)

Number of ports:                5
Number of nets:                57
Number of cells:               44
Number of references:          11

Combinational area:          0.000000
Noncombinational area:       0.000000
Net Interconnect area:      undefined  (No wire load specified)

Total cell area:             0.000000
Total area:                 undefined

Information: This design contains unmapped logic. (RPT-7)

