BREAKDOWN OF BUNDLE OX000-BU-00000-r0p0-00bet0

This directory contains bundled deliverables from ARM. Bundled deliverables
are a way of grouping deliverables together for ease of use but which also
need to be identified separately for contractual reasons. This file shows
the breakdown of the bundled data into its constituent deliverables and
files.  It is provided mainly for information for delivery tracking, but
may be useful in the event of problems being found with particular files
and tracing the origin of the files for communication with ARM's support
group.

OX000-DC-70032-r0p0-00bet0:

  OX000 Release Note.pdf

OX000-SW-98010-r0p0-00bet0:

  api/
  api/armCOMM.h
  api/armCOMM_Bitstream.h
  api/omxtypes.h
  build_VC.pl
  lib/
  obj/
  samplecode_readme.txt
  src/
  src/armCOMM.c
  src/armCOMM_Bitstream.c
  vc/
  vc/api/
  vc/api/armVC.h
  vc/api/omxVC.h
  vc/comm/
  vc/comm/api/
  vc/comm/lib/
  vc/comm/obj/
  vc/comm/src/
  vc/comm/src/armVCCOMM_Average.c
  vc/comm/src/armVCCOMM_SAD.c
  vc/comm/src/omxVCCOMM_Average_16x.c
  vc/comm/src/omxVCCOMM_Average_8x.c
  vc/comm/src/omxVCCOMM_ComputeTextureErrorBlock.c
  vc/comm/src/omxVCCOMM_ComputeTextureErrorBlock_SAD.c
  vc/comm/src/omxVCCOMM_Copy16x16.c
  vc/comm/src/omxVCCOMM_Copy8x8.c
  vc/comm/src/omxVCCOMM_ExpandFrame.c
  vc/comm/src/omxVCCOMM_LimitMVToRect.c
  vc/comm/src/omxVCCOMM_SAD_16x.c
  vc/comm/src/omxVCCOMM_SAD_8x.c
  vc/lib/
  vc/m4p10/
  vc/m4p10/api/
  vc/m4p10/api/armVCM4P10_CAVLCTables.h
  vc/m4p10/lib/
  vc/m4p10/obj/
  vc/m4p10/src/
  vc/m4p10/src/armVCM4P10_CAVLCTables.c
  vc/m4p10/src/armVCM4P10_CompareMotionCostToMV.c
  vc/m4p10/src/armVCM4P10_DeBlockPixel.c
  vc/m4p10/src/armVCM4P10_DecodeCoeffsToPair.c
  vc/m4p10/src/armVCM4P10_DequantTables.c
  vc/m4p10/src/armVCM4P10_FwdTransformResidual4x4.c
  vc/m4p10/src/armVCM4P10_InterpolateHalfDiag_Luma.c
  vc/m4p10/src/armVCM4P10_InterpolateHalfHor_Luma.c
  vc/m4p10/src/armVCM4P10_InterpolateHalfVer_Luma.c
  vc/m4p10/src/armVCM4P10_Interpolate_Chroma.c
  vc/m4p10/src/armVCM4P10_Interpolate_Luma.c
  vc/m4p10/src/armVCM4P10_PredictIntraDC4x4.c
  vc/m4p10/src/armVCM4P10_QuantTables.c
  vc/m4p10/src/armVCM4P10_SADQuar.c
  vc/m4p10/src/armVCM4P10_TransformResidual4x4.c
  vc/m4p10/src/armVCM4P10_UnpackBlock2x2.c
  vc/m4p10/src/armVCM4P10_UnpackBlock4x4.c
  vc/m4p10/src/omxVCM4P10_Average_4x.c
  vc/m4p10/src/omxVCM4P10_BlockMatch_Half.c
  vc/m4p10/src/omxVCM4P10_BlockMatch_Integer.c
  vc/m4p10/src/omxVCM4P10_BlockMatch_Quarter.c
  vc/m4p10/src/omxVCM4P10_DeblockChroma_I.c
  vc/m4p10/src/omxVCM4P10_DeblockLuma_I.c
  vc/m4p10/src/omxVCM4P10_DecodeChromaDcCoeffsToPairCAVLC.c
  vc/m4p10/src/omxVCM4P10_DecodeCoeffsToPairCAVLC.c
  vc/m4p10/src/omxVCM4P10_DequantTransformResidualFromPairAndAdd.c
  vc/m4p10/src/omxVCM4P10_FilterDeblockingChroma_HorEdge_I.c
  vc/m4p10/src/omxVCM4P10_FilterDeblockingChroma_VerEdge_I.c
  vc/m4p10/src/omxVCM4P10_FilterDeblockingLuma_HorEdge_I.c
  vc/m4p10/src/omxVCM4P10_FilterDeblockingLuma_VerEdge_I.c
  vc/m4p10/src/omxVCM4P10_GetVlcInfo.c
  vc/m4p10/src/omxVCM4P10_InterpolateChroma.c
  vc/m4p10/src/omxVCM4P10_InterpolateHalfHor_Luma.c
  vc/m4p10/src/omxVCM4P10_InterpolateHalfVer_Luma.c
  vc/m4p10/src/omxVCM4P10_InterpolateLuma.c
  vc/m4p10/src/omxVCM4P10_InvTransformDequant_ChromaDC.c
  vc/m4p10/src/omxVCM4P10_InvTransformDequant_LumaDC.c
  vc/m4p10/src/omxVCM4P10_InvTransformResidualAndAdd.c
  vc/m4p10/src/omxVCM4P10_MEGetBufSize.c
  vc/m4p10/src/omxVCM4P10_MEInit.c
  vc/m4p10/src/omxVCM4P10_MotionEstimationMB.c
  vc/m4p10/src/omxVCM4P10_PredictIntraChroma8x8.c
  vc/m4p10/src/omxVCM4P10_PredictIntra_16x16.c
  vc/m4p10/src/omxVCM4P10_PredictIntra_4x4.c
  vc/m4p10/src/omxVCM4P10_SADQuar_16x.c
  vc/m4p10/src/omxVCM4P10_SADQuar_4x.c
  vc/m4p10/src/omxVCM4P10_SADQuar_8x.c
  vc/m4p10/src/omxVCM4P10_SAD_4x.c
  vc/m4p10/src/omxVCM4P10_SATD_4x4.c
  vc/m4p10/src/omxVCM4P10_SubAndTransformQDQResidual.c
  vc/m4p10/src/omxVCM4P10_TransformDequantChromaDCFromPair.c
  vc/m4p10/src/omxVCM4P10_TransformDequantLumaDCFromPair.c
  vc/m4p10/src/omxVCM4P10_TransformQuant_ChromaDC.c
  vc/m4p10/src/omxVCM4P10_TransformQuant_LumaDC.c
  vc/m4p2/
  vc/m4p2/api/
  vc/m4p2/api/armVCM4P2_DCT_Table.h
  vc/m4p2/api/armVCM4P2_Huff_Tables_VLC.h
  vc/m4p2/api/armVCM4P2_Zigzag_Tables.h
  vc/m4p2/lib/
  vc/m4p2/obj/
  vc/m4p2/src/
  vc/m4p2/src/armVCM4P2_ACDCPredict.c
  vc/m4p2/src/armVCM4P2_BlockMatch_Half.c
  vc/m4p2/src/armVCM4P2_BlockMatch_Integer.c
  vc/m4p2/src/armVCM4P2_CheckVLCEscapeMode.c
  vc/m4p2/src/armVCM4P2_CompareMV.c
  vc/m4p2/src/armVCM4P2_DCT_Table.c
  vc/m4p2/src/armVCM4P2_DecodeVLCZigzag_intra.c
  vc/m4p2/src/armVCM4P2_EncodeVLCZigzag_intra.c
  vc/m4p2/src/armVCM4P2_FillVLCBuffer.c
  vc/m4p2/src/armVCM4P2_FillVLDBuffer.c
  vc/m4p2/src/armVCM4P2_GetVLCBits.c
  vc/m4p2/src/armVCM4P2_Huff_Tables_VLC.c
  vc/m4p2/src/armVCM4P2_PutVLCBits.c
  vc/m4p2/src/armVCM4P2_SetPredDir.c
  vc/m4p2/src/armVCM4P2_Zigzag_Tables.c
  vc/m4p2/src/omxVCM4P2_BlockMatch_Half_16x16.c
  vc/m4p2/src/omxVCM4P2_BlockMatch_Half_8x8.c
  vc/m4p2/src/omxVCM4P2_BlockMatch_Integer_16x16.c
  vc/m4p2/src/omxVCM4P2_BlockMatch_Integer_8x8.c
  vc/m4p2/src/omxVCM4P2_DCT8x8blk.c
  vc/m4p2/src/omxVCM4P2_DecodeBlockCoef_Inter.c
  vc/m4p2/src/omxVCM4P2_DecodeBlockCoef_Intra.c
  vc/m4p2/src/omxVCM4P2_DecodePadMV_PVOP.c
  vc/m4p2/src/omxVCM4P2_DecodeVLCZigzag_Inter.c
  vc/m4p2/src/omxVCM4P2_DecodeVLCZigzag_IntraACVLC.c
  vc/m4p2/src/omxVCM4P2_DecodeVLCZigzag_IntraDCVLC.c
  vc/m4p2/src/omxVCM4P2_EncodeMV.c
  vc/m4p2/src/omxVCM4P2_EncodeVLCZigzag_Inter.c
  vc/m4p2/src/omxVCM4P2_EncodeVLCZigzag_IntraACVLC.c
  vc/m4p2/src/omxVCM4P2_EncodeVLCZigzag_IntraDCVLC.c
  vc/m4p2/src/omxVCM4P2_FindMVpred.c
  vc/m4p2/src/omxVCM4P2_IDCT8x8blk.c
  vc/m4p2/src/omxVCM4P2_MCReconBlock.c
  vc/m4p2/src/omxVCM4P2_MEGetBufSize.c
  vc/m4p2/src/omxVCM4P2_MEInit.c
  vc/m4p2/src/omxVCM4P2_MotionEstimationMB.c
  vc/m4p2/src/omxVCM4P2_PredictReconCoefIntra.c
  vc/m4p2/src/omxVCM4P2_QuantInter_I.c
  vc/m4p2/src/omxVCM4P2_QuantIntra_I.c
  vc/m4p2/src/omxVCM4P2_QuantInvInter_I.c
  vc/m4p2/src/omxVCM4P2_QuantInvIntra_I.c
  vc/m4p2/src/omxVCM4P2_TransRecBlockCoef_inter.c
  vc/m4p2/src/omxVCM4P2_TransRecBlockCoef_intra.c
  vc/obj/
  vc/src/

OX000-SW-98020-r0p0-00bet0:

  build_IC.pl
  ic/
  ic/api/
  ic/api/armIC.h
  ic/api/omxIC.h
  ic/jp/
  ic/jp/api/
  ic/jp/lib/
  ic/jp/obj/
  ic/jp/src/
  ic/jp/src/armICJP_CosTable.c
  ic/jp/src/armICJP_DCTQuantFwd_S16.c
  ic/jp/src/armICJP_DCTQuantInv_S16.c
  ic/jp/src/armICJP_GenerateTable.c
  ic/jp/src/armICJP_HuffmanCategoryTable.c
  ic/jp/src/armICJP_QuantTable.c
  ic/jp/src/armICJP_ZigZagTable.c
  ic/jp/src/omxICJP_CopyExpand_U8_C3.c
  ic/jp/src/omxICJP_DCTFwd_S16.c
  ic/jp/src/omxICJP_DCTFwd_S16_I.c
  ic/jp/src/omxICJP_DCTInv_S16.c
  ic/jp/src/omxICJP_DCTInv_S16_I.c
  ic/jp/src/omxICJP_DCTQuantFwdTableInit.c
  ic/jp/src/omxICJP_DCTQuantFwd_Multiple_S16.c
  ic/jp/src/omxICJP_DCTQuantFwd_S16.c
  ic/jp/src/omxICJP_DCTQuantFwd_S16_I.c
  ic/jp/src/omxICJP_DCTQuantInvTableInit.c
  ic/jp/src/omxICJP_DCTQuantInv_Multiple_S16.c
  ic/jp/src/omxICJP_DCTQuantInv_S16.c
  ic/jp/src/omxICJP_DCTQuantInv_S16_I.c
  ic/jp/src/omxICJP_DecodeHuffman8x8_Direct_S16_C1.c
  ic/jp/src/omxICJP_DecodeHuffmanSpecGetBufSize_U8.c
  ic/jp/src/omxICJP_DecodeHuffmanSpecInit_U8.c
  ic/jp/src/omxICJP_EncodeHuffman8x8_Direct_S16_U1_C1.c
  ic/jp/src/omxICJP_EncodeHuffmanSpecGetBufSize_U8.c
  ic/jp/src/omxICJP_EncodeHuffmanSpecInit_U8.c
  ic/lib/
  ic/obj/
  ic/src/

OX000-SW-98030-r0p0-00bet0:

  ac/
  ac/aac/
  ac/aac/api/
  ac/aac/api/armACAAC_Tables.h
  ac/aac/lib/
  ac/aac/obj/
  ac/aac/src/
  ac/aac/src/armACAAC_CodeBook.c
  ac/aac/src/armACAAC_DecodeIcsInfoData.c
  ac/aac/src/armACAAC_DecodeLtpData.c
  ac/aac/src/armACAAC_IMDCTWindow.c
  ac/aac/src/armACAAC_LtpTable.c
  ac/aac/src/armACAAC_MaxBands.c
  ac/aac/src/armACAAC_OffsetTable.c
  ac/aac/src/armACAAC_SineLookUp.c
  ac/aac/src/armACAAC_TnsDecodeCoef.c
  ac/aac/src/armACAAC_TnsFilter.c
  ac/aac/src/omxACAAC_DecodeChanPairElt.c
  ac/aac/src/omxACAAC_DecodeDatStrElt.c
  ac/aac/src/omxACAAC_DecodeFillElt.c
  ac/aac/src/omxACAAC_DecodeIsStereo_S32.c
  ac/aac/src/omxACAAC_DecodeMsPNS_S32.c
  ac/aac/src/omxACAAC_DecodeMsStereo_S32_I.c
  ac/aac/src/omxACAAC_DecodePrgCfgElt.c
  ac/aac/src/omxACAAC_DecodeTNS_S32_I.c
  ac/aac/src/omxACAAC_DeinterleaveSpectrum_S32.c
  ac/aac/src/omxACAAC_EncodeTNS_S32_I.c
  ac/aac/src/omxACAAC_LongTermPredict_S32.c
  ac/aac/src/omxACAAC_LongTermReconstruct_S32.c
  ac/aac/src/omxACAAC_MDCTFwd_S32.c
  ac/aac/src/omxACAAC_MDCTInv_S32_S16.c
  ac/aac/src/omxACAAC_NoiselessDecode.c
  ac/aac/src/omxACAAC_QuantInv_S32_I.c
  ac/aac/src/omxACAAC_UnpackADIFHeader.c
  ac/aac/src/omxACAAC_UnpackADTSFrameHeader.c
  ac/api/
  ac/api/armAC.h
  ac/api/omxAC.h
  ac/lib/
  ac/mp3/
  ac/mp3/api/
  ac/mp3/api/armACMP3_Tables.h
  ac/mp3/lib/
  ac/mp3/obj/
  ac/mp3/src/
  ac/mp3/src/armACMP3_Tables.c
  ac/mp3/src/omxACMP3_HuffmanDecodeSfbMbp_S32.c
  ac/mp3/src/omxACMP3_HuffmanDecodeSfb_S32.c
  ac/mp3/src/omxACMP3_HuffmanDecode_S32.c
  ac/mp3/src/omxACMP3_MDCTInv_S32.c
  ac/mp3/src/omxACMP3_ReQuantizeSfb_S32_I.c
  ac/mp3/src/omxACMP3_ReQuantize_S32_I.c
  ac/mp3/src/omxACMP3_SynthPQMF_S32_S16.c
  ac/mp3/src/omxACMP3_UnpackFrameHeader.c
  ac/mp3/src/omxACMP3_UnpackScaleFactors_S8.c
  ac/mp3/src/omxACMP3_UnpackSideInfo.c
  ac/obj/
  ac/src/
  build_AC.pl

OX000-SW-98040-r0p0-00bet0:

  build_IP.pl
  ip/
  ip/api/
  ip/api/armIP.h
  ip/api/omxIP.h
  ip/bm/
  ip/bm/api/
  ip/bm/lib/
  ip/bm/obj/
  ip/bm/src/
  ip/bm/src/omxIPBM_AddC_U8_C1R_Sfs.c
  ip/bm/src/omxIPBM_Copy_U8_C1R.c
  ip/bm/src/omxIPBM_Copy_U8_C3R.c
  ip/bm/src/omxIPBM_Mirror_U8_C1R.c
  ip/bm/src/omxIPBM_MulC_U8_C1R_Sfs.c
  ip/cs/
  ip/cs/api/
  ip/cs/lib/
  ip/cs/obj/
  ip/cs/src/
  ip/cs/src/omxIPCS_ColorTwistQ14_U8_C3R.c
  ip/cs/src/omxIPCS_RGB565ToYCbCr420LS_MCU_U16_S16_C3P3R.c
  ip/cs/src/omxIPCS_RGB565ToYCbCr422LS_MCU_U16_S16_C3P3R.c
  ip/cs/src/omxIPCS_RGB565ToYCbCr444LS_MCU_U16_S16_C3P3R.c
  ip/cs/src/omxIPCS_RGB888ToYCbCr420LS_MCU_U8_S16_C3P3R.c
  ip/cs/src/omxIPCS_RGB888ToYCbCr422LS_MCU_U8_S16_C3P3R.c
  ip/cs/src/omxIPCS_RGB888ToYCbCr444LS_MCU_U8_S16_C3P3R.c
  ip/cs/src/omxIPCS_YCbCr420RszCscRotRGB_U8_P3C3R.c
  ip/cs/src/omxIPCS_YCbCr420RszRot_U8_P3R.c
  ip/cs/src/omxIPCS_YCbCr420ToRGB565LS_MCU_S16_U16_P3C3R.c
  ip/cs/src/omxIPCS_YCbCr420ToRGB565_U8_U16_P3C3R.c
  ip/cs/src/omxIPCS_YCbCr420ToRGB888LS_MCU_S16_U8_P3C3R.c
  ip/cs/src/omxIPCS_YCbCr422RszCscRotRGB_U8_P3C3R.c
  ip/cs/src/omxIPCS_YCbCr422RszCscRotRGB_U8_U16_C2R.c
  ip/cs/src/omxIPCS_YCbCr422RszRot_U8_P3R.c
  ip/cs/src/omxIPCS_YCbCr422ToRGB565LS_MCU_S16_U16_P3C3R.c
  ip/cs/src/omxIPCS_YCbCr422ToRGB565_U8_U16_C2C3R.c
  ip/cs/src/omxIPCS_YCbCr422ToRGB888LS_MCU_S16_U8_P3C3R.c
  ip/cs/src/omxIPCS_YCbCr422ToRGB888_U8_C2C3R.c
  ip/cs/src/omxIPCS_YCbCr422ToYCbCr420Rotate_U8_C2P3R.c
  ip/cs/src/omxIPCS_YCbCr422ToYCbCr420Rotate_U8_P3R.c
  ip/cs/src/omxIPCS_YCbCr444ToRGB565LS_MCU_S16_U16_P3C3R.c
  ip/cs/src/omxIPCS_YCbCr444ToRGB565_U8_U16_C3R.c
  ip/cs/src/omxIPCS_YCbCr444ToRGB565_U8_U16_P3C3R.c
  ip/cs/src/omxIPCS_YCbCr444ToRGB888LS_MCU_S16_U8_P3C3R.c
  ip/cs/src/omxIPCS_YCbCr444ToRGB888_U8_C3R.c
  ip/lib/
  ip/obj/
  ip/pp/
  ip/pp/api/
  ip/pp/lib/
  ip/pp/obj/
  ip/pp/src/
  ip/pp/src/armIPPP_DeblockEdge.c
  ip/pp/src/armIPPP_strengthTable.c
  ip/pp/src/omxIPPP_Deblock_HorEdge_U8_I.c
  ip/pp/src/omxIPPP_Deblock_VerEdge_U8_I.c
  ip/pp/src/omxIPPP_FilterFIR_U8_C1R.c
  ip/pp/src/omxIPPP_FilterMedian_U8_C1R.c
  ip/pp/src/omxIPPP_GetCentralMoment_S64.c
  ip/pp/src/omxIPPP_GetSpatialMoment_S64.c
  ip/pp/src/omxIPPP_MomentGetStateSize.c
  ip/pp/src/omxIPPP_MomentInit.c
  ip/pp/src/omxIPPP_Moments_U8_C1R.c
  ip/pp/src/omxIPPP_Moments_U8_C3R.c
  ip/src/
  ip/src/armIPCS_ComputeColourComponents.c
  ip/src/armIPCS_Flip.c
  ip/src/armIPCS_HelperRGB.c
  ip/src/armIPCS_InterpPixel_Bilinear.c
  ip/src/armIPPP_ComputeBinomialCoeff.c

OX000-SW-98050-r0p0-00bet0:

  build_SP.pl
  sp/
  sp/api/
  sp/api/armSP.h
  sp/api/omxSP.h
  sp/lib/
  sp/obj/
  sp/src/
  sp/src/omxSP_BlockExp_S16.c
  sp/src/omxSP_BlockExp_S32.c
  sp/src/omxSP_Copy_S16.c
  sp/src/omxSP_DotProd_S16.c
  sp/src/omxSP_DotProd_S16_Sfs.c
  sp/src/omxSP_FFTFwd_CToC_SC16_Sfs.c
  sp/src/omxSP_FFTFwd_CToC_SC32_Sfs.c
  sp/src/omxSP_FFTFwd_RToCCS_S16S32_Sfs.c
  sp/src/omxSP_FFTFwd_RToCCS_S32_Sfs.c
  sp/src/omxSP_FFTGetBufSize_C_SC16.c
  sp/src/omxSP_FFTGetBufSize_C_SC32.c
  sp/src/omxSP_FFTGetBufSize_R_S16S32.c
  sp/src/omxSP_FFTGetBufSize_R_S32.c
  sp/src/omxSP_FFTInit_C_SC16.c
  sp/src/omxSP_FFTInit_C_SC32.c
  sp/src/omxSP_FFTInit_R_S16S32.c
  sp/src/omxSP_FFTInit_R_S32.c
  sp/src/omxSP_FFTInv_CCSToR_S32S16_Sfs.c
  sp/src/omxSP_FFTInv_CCSToR_S32_Sfs.c
  sp/src/omxSP_FFTInv_CToC_SC16_Sfs.c
  sp/src/omxSP_FFTInv_CToC_SC32_Sfs.c
  sp/src/omxSP_FilterMedian_S32.c
  sp/src/omxSP_FilterMedian_S32_I.c
  sp/src/omxSP_FIROne_Direct_S16.c
  sp/src/omxSP_FIROne_Direct_S16_I.c
  sp/src/omxSP_FIROne_Direct_S16_ISfs.c
  sp/src/omxSP_FIROne_Direct_S16_Sfs.c
  sp/src/omxSP_FIR_Direct_S16.c
  sp/src/omxSP_FIR_Direct_S16_I.c
  sp/src/omxSP_FIR_Direct_S16_ISfs.c
  sp/src/omxSP_FIR_Direct_S16_Sfs.c
  sp/src/omxSP_IIROne_BiQuadDirect_S16.c
  sp/src/omxSP_IIROne_BiQuadDirect_S16_I.c
  sp/src/omxSP_IIROne_Direct_S16.c
  sp/src/omxSP_IIROne_Direct_S16_I.c
  sp/src/omxSP_IIR_BiQuadDirect_S16.c
  sp/src/omxSP_IIR_BiQuadDirect_S16_I.c
  sp/src/omxSP_IIR_Direct_S16.c
  sp/src/omxSP_IIR_Direct_S16_I.c

