Warning: Detected use of obsolete/unsupported feature.  The following
	will not be available in a future release of the application:
	'check_timing -no_clock'. Use 'check_timing -override_defaults {no_clock}' instead (CMD-100)
Information: Using automatic max wire load selection group 'WireAreaCon'. (ENV-003)
Information: Using automatic min wire load selection group 'WireAreaCon'. (ENV-003)
Warning: Some timing arcs have been disabled for breaking timing loops
	or because of constant propagation. Use the 'report_disable_timing'
	command to get the list of these disabled timing arcs. (PTE-003)
Information: Checking 'no_clock'.
Warning: There are 11 register clock pins with no clock.

Clock Pin
------------------------------------------------------------
U3_cpu/U0_con/en_itcnt_reg/G
U3_cpu/U1_datapath/U1_sfr/U27_int/int_reg_0_/G
U3_cpu/U1_datapath/U1_sfr/U27_int/int_reg_1_/G
U3_cpu/U1_datapath/U1_sfr/U27_int/int_reg_2_/G
U3_cpu/U1_datapath/U1_sfr/U27_int/int_reg_3_/G
U3_cpu/U1_datapath/U1_sfr/U27_int/int_reg_4_/G
U3_cpu/U1_datapath/U1_sfr/U27_int/latch_int_reg_0_/G
U3_cpu/U1_datapath/U1_sfr/U27_int/latch_int_reg_1_/G
U3_cpu/U1_datapath/U1_sfr/U27_int/latch_int_reg_2_/G
U3_cpu/U1_datapath/U1_sfr/U27_int/latch_int_reg_3_/G
U3_cpu/U1_datapath/U1_sfr/U27_int/latch_int_reg_4_/G

0
