****************************************
Report : constraint
	-all_violators
	-verbose
	-min_delay
Design : rc8051RtlTop
Version: V-2004.06-SP1-2
Date   : Fri Jul  1 14:14:24 2005
****************************************


  Startpoint: uBisted_SPSRAM256X8/BistCtrl_i0/S49/S36_reg
               (rising edge-triggered flip-flop clocked by clk)
  Endpoint: uBisted_SPSRAM256X8/BistCtrl_i0/S49/State_reg_0_
               (falling edge-triggered flip-flop clocked by clk')
  Path Group: clk
  Path Type: min

  Point                                                   Incr       Path
  ------------------------------------------------------------------------------
  clock clk (rise edge)                                   0.00       0.00
  clock network delay (ideal)                             1.50       1.50
  uBisted_SPSRAM256X8/BistCtrl_i0/S49/S36_reg/CK (SDFFX1)
                                                          0.00       1.50 r
  uBisted_SPSRAM256X8/BistCtrl_i0/S49/S36_reg/Q (SDFFX1)
                                                          0.25       1.75 r
  uBisted_SPSRAM256X8/BistCtrl_i0/S49/State_reg_0_/SI (SDFFNSX2)
                                                          0.00       1.75 r
  data arrival time                                                  1.75

  clock clk' (fall edge)                                  0.00       0.00
  clock network delay (ideal)                             1.50       1.50
  clock uncertainty                                       0.30       1.80
  uBisted_SPSRAM256X8/BistCtrl_i0/S49/State_reg_0_/CKN (SDFFNSX2)
                                                                     1.80 f
  library hold time                                       0.12       1.92
  data required time                                                 1.92
  ------------------------------------------------------------------------------
  data required time                                                 1.92
  data arrival time                                                 -1.75
  ------------------------------------------------------------------------------
  slack (VIOLATED)                                                  -0.17


  Startpoint: uBisted_SPSRAM256X8/BistCtrl_i0/S49/State_reg_0_
               (falling edge-triggered flip-flop clocked by clk')
  Endpoint: uBisted_SPSRAM256X8/BistCtrl_i0/S49/State_reg_1_
               (falling edge-triggered flip-flop clocked by clk')
  Path Group: clk
  Path Type: min

  Point                                                   Incr       Path
  ------------------------------------------------------------------------------
  clock clk' (fall edge)                                  0.00       0.00
  clock network delay (ideal)                             1.50       1.50
  uBisted_SPSRAM256X8/BistCtrl_i0/S49/State_reg_0_/CKN (SDFFNSX2)
                                                          0.00       1.50 f
  uBisted_SPSRAM256X8/BistCtrl_i0/S49/State_reg_0_/Q (SDFFNSX2)
                                                          0.35       1.85 r
  uBisted_SPSRAM256X8/BistCtrl_i0/S49/State_reg_1_/SI (SDFFNSX2)
                                                          0.00       1.85 r
  data arrival time                                                  1.85

  clock clk' (fall edge)                                  0.00       0.00
  clock network delay (ideal)                             1.50       1.50
  clock uncertainty                                       0.30       1.80
  uBisted_SPSRAM256X8/BistCtrl_i0/S49/State_reg_1_/CKN (SDFFNSX2)
                                                                     1.80 f
  library hold time                                       0.12       1.92
  data required time                                                 1.92
  ------------------------------------------------------------------------------
  data required time                                                 1.92
  data arrival time                                                 -1.85
  ------------------------------------------------------------------------------
  slack (VIOLATED)                                                  -0.07


  Startpoint: uBisted_SPSRAM256X8/BistCtrl_i0/S49/State_reg_1_
               (falling edge-triggered flip-flop clocked by clk')
  Endpoint: uBisted_SPSRAM256X8/BistCtrl_i0/S49/State_reg_2_
               (falling edge-triggered flip-flop clocked by clk')
  Path Group: clk
  Path Type: min

  Point                                                   Incr       Path
  ------------------------------------------------------------------------------
  clock clk' (fall edge)                                  0.00       0.00
  clock network delay (ideal)                             1.50       1.50
  uBisted_SPSRAM256X8/BistCtrl_i0/S49/State_reg_1_/CKN (SDFFNSX2)
                                                          0.00       1.50 f
  uBisted_SPSRAM256X8/BistCtrl_i0/S49/State_reg_1_/Q (SDFFNSX2)
                                                          0.35       1.85 r
  uBisted_SPSRAM256X8/BistCtrl_i0/S49/State_reg_2_/SI (SDFFNSX2)
                                                          0.00       1.85 r
  data arrival time                                                  1.85

  clock clk' (fall edge)                                  0.00       0.00
  clock network delay (ideal)                             1.50       1.50
  clock uncertainty                                       0.30       1.80
  uBisted_SPSRAM256X8/BistCtrl_i0/S49/State_reg_2_/CKN (SDFFNSX2)
                                                                     1.80 f
  library hold time                                       0.12       1.92
  data required time                                                 1.92
  ------------------------------------------------------------------------------
  data required time                                                 1.92
  data arrival time                                                 -1.85
  ------------------------------------------------------------------------------
  slack (VIOLATED)                                                  -0.07


  Startpoint: uBisted_SPSRAM256X8/BistCtrl_i0/S49/State_reg_2_
               (falling edge-triggered flip-flop clocked by clk')
  Endpoint: uBisted_SPSRAM256X8/BistCtrl_i0/S49/State_reg_3_
               (falling edge-triggered flip-flop clocked by clk')
  Path Group: clk
  Path Type: min

  Point                                                   Incr       Path
  ------------------------------------------------------------------------------
  clock clk' (fall edge)                                  0.00       0.00
  clock network delay (ideal)                             1.50       1.50
  uBisted_SPSRAM256X8/BistCtrl_i0/S49/State_reg_2_/CKN (SDFFNSX2)
                                                          0.00       1.50 f
  uBisted_SPSRAM256X8/BistCtrl_i0/S49/State_reg_2_/Q (SDFFNSX2)
                                                          0.35       1.85 r
  uBisted_SPSRAM256X8/BistCtrl_i0/S49/State_reg_3_/SI (SDFFNSX2)
                                                          0.00       1.85 r
  data arrival time                                                  1.85

  clock clk' (fall edge)                                  0.00       0.00
  clock network delay (ideal)                             1.50       1.50
  clock uncertainty                                       0.30       1.80
  uBisted_SPSRAM256X8/BistCtrl_i0/S49/State_reg_3_/CKN (SDFFNSX2)
                                                                     1.80 f
  library hold time                                       0.12       1.92
  data required time                                                 1.92
  ------------------------------------------------------------------------------
  data required time                                                 1.92
  data arrival time                                                 -1.85
  ------------------------------------------------------------------------------
  slack (VIOLATED)                                                  -0.07


  Startpoint: uBisted_SPSRAM256X8/BistCtrl_i0/S48/S5_reg_7_
               (rising edge-triggered flip-flop clocked by clk)
  Endpoint: uBisted_SPSRAM256X8/BistCtrl_i0/S49/Finish_reg
               (falling edge-triggered flip-flop clocked by clk')
  Path Group: clk
  Path Type: min

  Point                                                   Incr       Path
  ------------------------------------------------------------------------------
  clock clk (rise edge)                                   0.00       0.00
  clock network delay (ideal)                             1.50       1.50
  uBisted_SPSRAM256X8/BistCtrl_i0/S48/S5_reg_7_/CK (SDFFX1)
                                                          0.00       1.50 r
  uBisted_SPSRAM256X8/BistCtrl_i0/S48/S5_reg_7_/Q (SDFFX1)
                                                          0.33       1.83 r
  uBisted_SPSRAM256X8/BistCtrl_i0/S48/U_BUFX_8847/Y (BUFX4)
                                                          0.06       1.90 r
  uBisted_SPSRAM256X8/BistCtrl_i0/S49/Finish_reg/SI (SDFFNSX2)
                                                          0.00       1.90 r
  data arrival time                                                  1.90

  clock clk' (fall edge)                                  0.00       0.00
  clock network delay (ideal)                             1.50       1.50
  clock uncertainty                                       0.30       1.80
  uBisted_SPSRAM256X8/BistCtrl_i0/S49/Finish_reg/CKN (SDFFNSX2)      1.80 f
  library hold time                                       0.11       1.91
  data required time                                                 1.91
  ------------------------------------------------------------------------------
  data required time                                                 1.91
  data arrival time                                                 -1.90
  ------------------------------------------------------------------------------
  slack (VIOLATED)                                                  -0.02


  Startpoint: U3_cpu/U1_datapath/U1_sfr/U_uart/trans1_reg
               (rising edge-triggered flip-flop clocked by clk)
  Endpoint: U3_cpu/U1_datapath/U1_sfr/U_uart/trans2_reg
               (rising edge-triggered flip-flop clocked by clk)
  Path Group: clk
  Path Type: min

  Point                                                   Incr       Path
  ------------------------------------------------------------------------------
  clock clk (rise edge)                                   0.00       0.00
  clock network delay (ideal)                             1.50       1.50
  U3_cpu/U1_datapath/U1_sfr/U_uart/trans1_reg/CK (SDFFX1)
                                                          0.00       1.50 r
  U3_cpu/U1_datapath/U1_sfr/U_uart/trans1_reg/Q (SDFFX1)
                                                          0.21       1.71 r
  U3_cpu/U1_datapath/U1_sfr/U_uart/trans2_reg/D (SDFFX1)
                                                          0.00       1.71 r
  data arrival time                                                  1.71

  clock clk (rise edge)                                   0.00       0.00
  clock network delay (ideal)                             1.50       1.50
  clock uncertainty                                       0.30       1.80
  U3_cpu/U1_datapath/U1_sfr/U_uart/trans2_reg/CK (SDFFX1)            1.80 r
  library hold time                                      -0.08       1.72
  data required time                                                 1.72
  ------------------------------------------------------------------------------
  data required time                                                 1.72
  data arrival time                                                 -1.71
  ------------------------------------------------------------------------------
  slack (VIOLATED)                                                  -0.01


  Startpoint: U3_cpu/U1_datapath/int_vec1_reg_0_
               (rising edge-triggered flip-flop clocked by clk)
  Endpoint: U3_cpu/U1_datapath/int_vec2_reg_0_
               (rising edge-triggered flip-flop clocked by clk)
  Path Group: clk
  Path Type: min

  Point                                                   Incr       Path
  ------------------------------------------------------------------------------
  clock clk (rise edge)                                   0.00       0.00
  clock network delay (ideal)                             1.50       1.50
  U3_cpu/U1_datapath/int_vec1_reg_0_/CK (SDFFX1)          0.00       1.50 r
  U3_cpu/U1_datapath/int_vec1_reg_0_/Q (SDFFX1)           0.22       1.72 r
  U3_cpu/U1_datapath/int_vec2_reg_0_/D (SDFFX1)           0.00       1.72 r
  data arrival time                                                  1.72

  clock clk (rise edge)                                   0.00       0.00
  clock network delay (ideal)                             1.50       1.50
  clock uncertainty                                       0.30       1.80
  U3_cpu/U1_datapath/int_vec2_reg_0_/CK (SDFFX1)                     1.80 r
  library hold time                                      -0.08       1.72
  data required time                                                 1.72
  ------------------------------------------------------------------------------
  data required time                                                 1.72
  data arrival time                                                 -1.72
  ------------------------------------------------------------------------------
  slack (VIOLATED: increase significant digits)                     -0.00


  Startpoint: U3_cpu/U1_datapath/int_vec1_reg_1_
               (rising edge-triggered flip-flop clocked by clk)
  Endpoint: U3_cpu/U1_datapath/int_vec2_reg_1_
               (rising edge-triggered flip-flop clocked by clk)
  Path Group: clk
  Path Type: min

  Point                                                   Incr       Path
  ------------------------------------------------------------------------------
  clock clk (rise edge)                                   0.00       0.00
  clock network delay (ideal)                             1.50       1.50
  U3_cpu/U1_datapath/int_vec1_reg_1_/CK (SDFFX1)          0.00       1.50 r
  U3_cpu/U1_datapath/int_vec1_reg_1_/Q (SDFFX1)           0.22       1.72 r
  U3_cpu/U1_datapath/int_vec2_reg_1_/D (SDFFX1)           0.00       1.72 r
  data arrival time                                                  1.72

  clock clk (rise edge)                                   0.00       0.00
  clock network delay (ideal)                             1.50       1.50
  clock uncertainty                                       0.30       1.80
  U3_cpu/U1_datapath/int_vec2_reg_1_/CK (SDFFX1)                     1.80 r
  library hold time                                      -0.08       1.72
  data required time                                                 1.72
  ------------------------------------------------------------------------------
  data required time                                                 1.72
  data arrival time                                                 -1.72
  ------------------------------------------------------------------------------
  slack (VIOLATED: increase significant digits)                     -0.00


  Startpoint: U3_cpu/U1_datapath/int_vec1_reg_2_
               (rising edge-triggered flip-flop clocked by clk)
  Endpoint: U3_cpu/U1_datapath/int_vec2_reg_2_
               (rising edge-triggered flip-flop clocked by clk)
  Path Group: clk
  Path Type: min

  Point                                                   Incr       Path
  ------------------------------------------------------------------------------
  clock clk (rise edge)                                   0.00       0.00
  clock network delay (ideal)                             1.50       1.50
  U3_cpu/U1_datapath/int_vec1_reg_2_/CK (SDFFX1)          0.00       1.50 r
  U3_cpu/U1_datapath/int_vec1_reg_2_/Q (SDFFX1)           0.22       1.72 r
  U3_cpu/U1_datapath/int_vec2_reg_2_/D (SDFFX1)           0.00       1.72 r
  data arrival time                                                  1.72

  clock clk (rise edge)                                   0.00       0.00
  clock network delay (ideal)                             1.50       1.50
  clock uncertainty                                       0.30       1.80
  U3_cpu/U1_datapath/int_vec2_reg_2_/CK (SDFFX1)                     1.80 r
  library hold time                                      -0.08       1.72
  data required time                                                 1.72
  ------------------------------------------------------------------------------
  data required time                                                 1.72
  data arrival time                                                 -1.72
  ------------------------------------------------------------------------------
  slack (VIOLATED: increase significant digits)                     -0.00


  Startpoint: U3_cpu/U1_datapath/int_vec2_reg_0_
               (rising edge-triggered flip-flop clocked by clk)
  Endpoint: U3_cpu/U1_datapath/int_vec3_reg_0_
               (rising edge-triggered flip-flop clocked by clk)
  Path Group: clk
  Path Type: min

  Point                                                   Incr       Path
  ------------------------------------------------------------------------------
  clock clk (rise edge)                                   0.00       0.00
  clock network delay (ideal)                             1.50       1.50
  U3_cpu/U1_datapath/int_vec2_reg_0_/CK (SDFFX1)          0.00       1.50 r
  U3_cpu/U1_datapath/int_vec2_reg_0_/Q (SDFFX1)           0.22       1.72 r
  U3_cpu/U1_datapath/int_vec3_reg_0_/D (SDFFX1)           0.00       1.72 r
  data arrival time                                                  1.72

  clock clk (rise edge)                                   0.00       0.00
  clock network delay (ideal)                             1.50       1.50
  clock uncertainty                                       0.30       1.80
  U3_cpu/U1_datapath/int_vec3_reg_0_/CK (SDFFX1)                     1.80 r
  library hold time                                      -0.08       1.72
  data required time                                                 1.72
  ------------------------------------------------------------------------------
  data required time                                                 1.72
  data arrival time                                                 -1.72
  ------------------------------------------------------------------------------
  slack (VIOLATED: increase significant digits)                     -0.00


  Startpoint: U3_cpu/U1_datapath/int_vec2_reg_1_
               (rising edge-triggered flip-flop clocked by clk)
  Endpoint: U3_cpu/U1_datapath/int_vec3_reg_1_
               (rising edge-triggered flip-flop clocked by clk)
  Path Group: clk
  Path Type: min

  Point                                                   Incr       Path
  ------------------------------------------------------------------------------
  clock clk (rise edge)                                   0.00       0.00
  clock network delay (ideal)                             1.50       1.50
  U3_cpu/U1_datapath/int_vec2_reg_1_/CK (SDFFX1)          0.00       1.50 r
  U3_cpu/U1_datapath/int_vec2_reg_1_/Q (SDFFX1)           0.22       1.72 r
  U3_cpu/U1_datapath/int_vec3_reg_1_/D (SDFFX1)           0.00       1.72 r
  data arrival time                                                  1.72

  clock clk (rise edge)                                   0.00       0.00
  clock network delay (ideal)                             1.50       1.50
  clock uncertainty                                       0.30       1.80
  U3_cpu/U1_datapath/int_vec3_reg_1_/CK (SDFFX1)                     1.80 r
  library hold time                                      -0.08       1.72
  data required time                                                 1.72
  ------------------------------------------------------------------------------
  data required time                                                 1.72
  data arrival time                                                 -1.72
  ------------------------------------------------------------------------------
  slack (VIOLATED: increase significant digits)                     -0.00


1
