****************************************
Report : reference
Design : rc8051RtlTop
Version: V-2004.06-SP1-2
Date   : Fri Jul  1 14:14:25 2005
****************************************


Attributes:
    b - black-box (unknown)
    h - hierarchical
    n - noncombinational
    u - contains unmapped logic
    A - abstracted timing model
    E - extracted timing model
    S - Stamp timing model
    Q - Quick timing model (QTM)

Reference          Library       Unit Area   Count    Total Area   Attributes
--------------------------------------------------------------------------------
AND2X2             slow            13.31     2          26.61      
BUFX3              slow            13.31     1          13.31      
Bisted_SPSRAM256X8_test_1
                                 52050.79    1        52050.79     h
INVX1              slow             6.65     5          33.26      
INVX8              slow            19.96     1          19.96      
MX2X1              slow            26.61     17        452.39      
NOR2BX1            slow            13.31     8         106.44      
OAI2BB2X1          slow            23.28     8         186.28      
PDB04SDGZ          tpz973gwc     9400.00     8        75200.00     
PDIDGZ             tpz973gwc     9400.00     26       244400.00    
PDO02CDG           tpz973gwc     9400.00     1        9400.00      
PDO04CDG           tpz973gwc     9400.00     47       441800.00    
SDFFRHQX1          slow            83.16     17       1413.72      n
SDFFSRX2           slow            96.47     8         771.72      n
SDFFSX1            slow            79.83     2         159.67      n
u_cpu_test_1                     126336.25   1        126336.25    h
--------------------------------------------------------------------------------
Total 16 references                                   952370.50
1
