 
****************************************
Report : net fanout
        -threshold 8
Design : Ssp
Version: V-2004.06
Date   : Tue Apr 17 13:50:14 2007
****************************************


Operating Conditions: slow   Library: USERLIB
Wire Load Model Mode: top


Attributes:
   dr - drc disabled
    c - annotated capacitance
    d - dont_touch
    i - ideal_net
    I - ideal_network
    p - includes pin load
    r - annotated resistance
    h - high fanout

Net                 Fanout   Attributes   Capacitance   Driver
--------------------------------------------------------------------------------
SSE                     15                    0.04      uSspApbif/SPICON_reg_3_/Q
MS                      34                    0.06      uSspApbif/SPICON_reg_2_/Q
DSS[3]                  10                    0.03      uSspApbif/SPIHIDDEN_reg_7_/Q
DSS[2]                   9                    0.02      uSspApbif/SPIHIDDEN_reg_6_/Q
DSS[1]                   9                    0.02      uSspApbif/SPIHIDDEN_reg_5_/Q
FRF[1]                  16                    0.04      uSspApbif/SPIHIDDEN_reg_3_/Q
FRF[0]                  13                    0.03      uSspApbif/SPIHIDDEN_reg_2_/Q
PCLK                   544   dr, d            0.66      PCLK
PRESETn                544   d, i             0.00      PRESETn
PWDATA[15]              10                    0.01      PWDATA[15]
PWDATA[14]              10                    0.01      PWDATA[14]
PWDATA[13]              11                    0.01      PWDATA[13]
PWDATA[12]              11                    0.01      PWDATA[12]
PWDATA[11]              11                    0.01      PWDATA[11]
PWDATA[10]              11                    0.01      PWDATA[10]
PWDATA[9]               11                    0.01      PWDATA[9]
PWDATA[8]               11                    0.01      PWDATA[8]
PWDATA[7]               12                    0.01      PWDATA[7]
PWDATA[6]               12                    0.01      PWDATA[6]
PWDATA[5]               13                    0.02      PWDATA[5]
PWDATA[4]               13                    0.02      PWDATA[4]
PWDATA[3]               13                    0.02      PWDATA[3]
PWDATA[2]               13                    0.02      PWDATA[2]
PWDATA[1]               13                    0.02      PWDATA[1]
PWDATA[0]               13                    0.02      PWDATA[0]
SPITXDATWr              17                    0.02      uSspApbif/U698/Y
uSspApbif/n1148          9                    0.01      uSspApbif/U702/Y
uSspApbif/n1156         15                    0.02      uSspApbif/U715/Y
uSspApbif/n1157         14                    0.02      uSspApbif/U704/Y
uSspApbif/n1163         16                    0.02      uSspApbif/U706/Y
uSspApbif/n1175         13                    0.04      uSspApbif/U716/Y
uSspApbif/n1177         12                    0.03      uSspApbif/U717/Y
uSspApbif/n1179         13                    0.04      uSspApbif/U705/Y
uSspApbif/n1180         16                    0.04      uSspApbif/U723/Y
uSspApbif/n1286         17                    0.03      uSspApbif/U724/Y
uSspApbif/n1287         17                    0.03      uSspApbif/U700/Y
uSspTxFIFO/WrPtr[1]     14                    0.03      uSspTxFIFO/uSspTxFCntl/WrPtr_reg_1_/Q
uSspTxFIFO/WrPtr[0]     10                    0.02      uSspTxFIFO/uSspTxFCntl/WrPtr_reg_0_/Q
uSspTxFIFO/RdPtr[2]      9                    0.02      uSspTxFIFO/uSspTxFCntl/RdPtr_reg_2_/Q
uSspTxFIFO/uSspTxRegFile/n1140
                        16                    0.02      uSspTxFIFO/uSspTxRegFile/U961/Y
uSspTxFIFO/uSspTxRegFile/n1145
                        16                    0.02      uSspTxFIFO/uSspTxRegFile/U937/Y
uSspTxFIFO/uSspTxRegFile/n1147
                        16                    0.02      uSspTxFIFO/uSspTxRegFile/U939/Y
uSspTxFIFO/uSspTxRegFile/n1149
                        16                    0.02      uSspTxFIFO/uSspTxRegFile/U941/Y
uSspTxFIFO/uSspTxRegFile/n1154
                        16                    0.02      uSspTxFIFO/uSspTxRegFile/U936/Y
uSspTxFIFO/uSspTxRegFile/n1157
                        16                    0.02      uSspTxFIFO/uSspTxRegFile/U935/Y
uSspTxFIFO/uSspTxRegFile/n1159
                        16                    0.02      uSspTxFIFO/uSspTxRegFile/U938/Y
uSspTxFIFO/uSspTxRegFile/n1161
                        16                    0.02      uSspTxFIFO/uSspTxRegFile/U940/Y
uSspTxFIFO/uSspTxRegFile/n1164
                        16                    0.05      uSspTxFIFO/uSspTxRegFile/U945/Y
uSspTxFIFO/uSspTxRegFile/n1167
                        16                    0.06      uSspTxFIFO/uSspTxRegFile/U943/Y
uSspTxFIFO/uSspTxRegFile/n1168
                        16                    0.06      uSspTxFIFO/uSspTxRegFile/U942/Y
uSspTxFIFO/uSspTxRegFile/n1169
                        16                    0.05      uSspTxFIFO/uSspTxRegFile/U944/Y
uSspTxFIFO/uSspTxRegFile/n1170
                        16                    0.06      uSspTxFIFO/uSspTxRegFile/U1096/Y
uSspTxFIFO/uSspTxRegFile/n1171
                        16                    0.06      uSspTxFIFO/uSspTxRegFile/U1131/Y
uSspTxFIFO/uSspTxRegFile/n1173
                        16                    0.02      uSspTxFIFO/uSspTxRegFile/U1127/Y
uSspTxFIFO/uSspTxRegFile/n1174
                        16                    0.02      uSspTxFIFO/uSspTxRegFile/U1125/Y
uSspTxFIFO/uSspTxRegFile/n1260
                        17                    0.02      uSspTxFIFO/uSspTxRegFile/U960/Y
uSspTxFIFO/uSspTxRegFile/n1262
                        17                    0.03      uSspTxFIFO/uSspTxRegFile/U946/Y
uSspTxFIFO/uSspTxRegFile/n1263
                        17                    0.03      uSspTxFIFO/uSspTxRegFile/U956/Y
uSspTxFIFO/uSspTxRegFile/n1264
                        17                    0.03      uSspTxFIFO/uSspTxRegFile/U950/Y
uSspTxFIFO/uSspTxRegFile/n1265
                        17                    0.03      uSspTxFIFO/uSspTxRegFile/U952/Y
uSspTxFIFO/uSspTxRegFile/n1266
                        17                    0.03      uSspTxFIFO/uSspTxRegFile/U948/Y
uSspTxFIFO/uSspTxRegFile/n1267
                        17                    0.03      uSspTxFIFO/uSspTxRegFile/U958/Y
uSspTxFIFO/uSspTxRegFile/n1268
                        17                    0.03      uSspTxFIFO/uSspTxRegFile/U954/Y
uSspTxFIFO/uSspTxLJustify/n230
                        14                    0.03      uSspTxFIFO/uSspTxLJustify/U424/Y
uSspTxFIFO/uSspTxLJustify/n232
                        10                    0.03      uSspTxFIFO/uSspTxLJustify/U394/Y
uSspTxFIFO/uSspTxLJustify/n233
                        13                    0.04      uSspTxFIFO/uSspTxLJustify/U352/Y
uSspTxFIFO/uSspTxLJustify/n239
                        14                    0.04      uSspTxFIFO/uSspTxLJustify/U355/Y
uSspTxFIFO/uSspTxLJustify/n241
                        13                    0.04      uSspTxFIFO/uSspTxLJustify/U354/Y
uSspTxFIFO/uSspTxLJustify/n247
                        11                    0.02      uSspTxFIFO/uSspTxLJustify/U353/Y
uSspTxFIFO/uSspTxLJustify/n248
                        12                    0.04      uSspTxFIFO/uSspTxLJustify/U356/Y
uSspTxFIFO/uSspTxLJustify/n249
                        11                    0.04      uSspTxFIFO/uSspTxLJustify/U414/Y
uSspTxFIFO/uSspTxLJustify/n256
                         9                    0.03      uSspTxFIFO/uSspTxLJustify/U415/Y
uSspTxFIFO/uSspTxLJustify/n257
                         9                    0.03      uSspTxFIFO/uSspTxLJustify/U416/Y
uSspTxFIFO/uSspTxLJustify/n259
                        12                    0.03      uSspTxFIFO/uSspTxLJustify/U351/Y
uSspTxFIFO/uSspTxLJustify/n260
                        10                    0.03      uSspTxFIFO/uSspTxLJustify/U342/Y
uSspTxFIFO/uSspTxLJustify/n261
                         9                    0.03      uSspTxFIFO/uSspTxLJustify/U335/Y
uSspTxFIFO/uSspTxLJustify/n268
                        10                    0.03      uSspTxFIFO/uSspTxLJustify/U413/Y
uSspTxFIFO/uSspTxLJustify/n340
                        12                    0.03      uSspTxFIFO/uSspTxLJustify/U423/Y
uSspRxFIFO/WrPtr[1]     14                    0.03      uSspRxFIFO/uSspRxFCntl/WrPtr_reg_1_/Q
uSspRxFIFO/WrPtr[0]     10                    0.02      uSspRxFIFO/uSspRxFCntl/WrPtr_reg_0_/Q
uSspRxFIFO/RdPtr[2]      9                    0.02      uSspRxFIFO/uSspRxFCntl/RdPtr_reg_2_/Q
uSspRxFIFO/RdPtr[1]      9                    0.02      uSspRxFIFO/uSspRxFCntl/RdPtr_reg_1_/Q
uSspRxFIFO/uSspRxRegFile/n1199
                        16                    0.02      uSspRxFIFO/uSspRxRegFile/U1000/Y
uSspRxFIFO/uSspRxRegFile/n1220
                        16                    0.02      uSspRxFIFO/uSspRxRegFile/U980/Y
uSspRxFIFO/uSspRxRegFile/n1222
                        16                    0.02      uSspRxFIFO/uSspRxRegFile/U982/Y
uSspRxFIFO/uSspRxRegFile/n1224
                        16                    0.02      uSspRxFIFO/uSspRxRegFile/U984/Y
uSspRxFIFO/uSspRxRegFile/n1229
                        16                    0.02      uSspRxFIFO/uSspRxRegFile/U979/Y
uSspRxFIFO/uSspRxRegFile/n1232
                        16                    0.02      uSspRxFIFO/uSspRxRegFile/U978/Y
uSspRxFIFO/uSspRxRegFile/n1234
                        16                    0.02      uSspRxFIFO/uSspRxRegFile/U981/Y
uSspRxFIFO/uSspRxRegFile/n1236
                        16                    0.02      uSspRxFIFO/uSspRxRegFile/U983/Y
uSspRxFIFO/uSspRxRegFile/n1237
                        16                    0.02      uSspRxFIFO/uSspRxRegFile/U1213/Y
uSspRxFIFO/uSspRxRegFile/n1240
                        16                    0.05      uSspRxFIFO/uSspRxRegFile/U985/Y
uSspRxFIFO/uSspRxRegFile/n1243
                        16                    0.06      uSspRxFIFO/uSspRxRegFile/U987/Y
uSspRxFIFO/uSspRxRegFile/n1244
                        16                    0.06      uSspRxFIFO/uSspRxRegFile/U986/Y
uSspRxFIFO/uSspRxRegFile/n1245
                        16                    0.05      uSspRxFIFO/uSspRxRegFile/U988/Y
uSspRxFIFO/uSspRxRegFile/n1246
                        16                    0.06      uSspRxFIFO/uSspRxRegFile/U1145/Y
uSspRxFIFO/uSspRxRegFile/n1247
                        16                    0.06      uSspRxFIFO/uSspRxRegFile/U1171/Y
uSspRxFIFO/uSspRxRegFile/n1249
                        16                    0.02      uSspRxFIFO/uSspRxRegFile/U1149/Y
uSspRxFIFO/uSspRxRegFile/n1250
                        16                    0.02      uSspRxFIFO/uSspRxRegFile/U1147/Y
uSspRxFIFO/uSspRxRegFile/n1336
                        17                    0.02      uSspRxFIFO/uSspRxRegFile/U999/Y
uSspRxFIFO/uSspRxRegFile/n1338
                        17                    0.03      uSspRxFIFO/uSspRxRegFile/U1001/Y
uSspRxFIFO/uSspRxRegFile/n1339
                        17                    0.03      uSspRxFIFO/uSspRxRegFile/U995/Y
uSspRxFIFO/uSspRxRegFile/n1340
                        17                    0.03      uSspRxFIFO/uSspRxRegFile/U989/Y
uSspRxFIFO/uSspRxRegFile/n1341
                        17                    0.03      uSspRxFIFO/uSspRxRegFile/U991/Y
uSspRxFIFO/uSspRxRegFile/n1342
                        17                    0.03      uSspRxFIFO/uSspRxRegFile/U1003/Y
uSspRxFIFO/uSspRxRegFile/n1343
                        17                    0.03      uSspRxFIFO/uSspRxRegFile/U997/Y
uSspRxFIFO/uSspRxRegFile/n1344
                        17                    0.03      uSspRxFIFO/uSspRxRegFile/U993/Y
uSspMTxRxCntl/SspMTxRxState[5]
                        18                    0.04      uSspMTxRxCntl/SspMTxRxState_reg_5_/Q
uSspMTxRxCntl/n6341     12                    0.03      uSspMTxRxCntl/U3958/Y
uSspMTxRxCntl/n6353      9                    0.02      uSspMTxRxCntl/U3988/Y
uSspMTxRxCntl/n6357     10                    0.03      uSspMTxRxCntl/U3672/Y
uSspMTxRxCntl/n6358      9                    0.03      uSspMTxRxCntl/U3659/Y
uSspMTxRxCntl/n6362     15                    0.04      uSspMTxRxCntl/U3983/Y
uSspMTxRxCntl/n6383      9                    0.03      uSspMTxRxCntl/U3897/Y
uSspMTxRxCntl/n6404     10                    0.03      uSspMTxRxCntl/U3993/Y
uSspMTxRxCntl/n6423     18                    0.05      uSspMTxRxCntl/U3658/Y
uSspMTxRxCntl/n6429     10                    0.02      uSspMTxRxCntl/U3784/Y
uSspMTxRxCntl/n6475     12                    0.03      uSspMTxRxCntl/U3984/Y
uSspMTxRxCntl/n6505     11                    0.03      uSspMTxRxCntl/U3671/Y
uSspMTxRxCntl/n6532      9                    0.03      uSspMTxRxCntl/U3709/Y
uSspMTxRxCntl/n6534     10                    0.02      uSspMTxRxCntl/U3785/Y
uSspMTxRxCntl/n6646     15                    0.02      uSspMTxRxCntl/U3756/Y
uSspMTxRxCntl/n6647     15                    0.02      uSspMTxRxCntl/U3838/Y
uSspMTxRxCntl/n6661     16                    0.05      uSspMTxRxCntl/U3996/Y
uSspMTxRxCntl/n6662     18                    0.03      uSspMTxRxCntl/U3721/Y
uSspMTxRxCntl/n6664     15                    0.03      uSspMTxRxCntl/U4002/Y
uSspMTxRxCntl/n6669     15                    0.05      uSspMTxRxCntl/U4009/Y
uSspMTxRxCntl/n6848     16                    0.02      uSspMTxRxCntl/U3757/Y
uSspMTxRxCntl/n6849     16                    0.02      uSspMTxRxCntl/U3849/Y
uSspMTxRxCntl/n6869     10                    0.03      uSspMTxRxCntl/SspMTxRxState_reg_3_/QN
uSspMTxRxCntl/n6870     11                    0.02      uSspMTxRxCntl/SspMTxRxState_reg_5_/QN
uSspMTxRxCntl/n6872     10                    0.02      uSspMTxRxCntl/U3652/Y
uSspMTxRxCntl/n6914     10                    0.02      uSspMTxRxCntl/U4038/Y
uSspSTxRxCntl/SspSTxRxState[4]
                         9                    0.02      uSspSTxRxCntl/SspSTxRxState_reg_4_/Q
uSspSTxRxCntl/SspSTxRxState[1]
                        12                    0.03      uSspSTxRxCntl/SspSTxRxState_reg_1_/Q
uSspSTxRxCntl/n2541     16                    0.02      uSspSTxRxCntl/U1995/Y
uSspSTxRxCntl/n2542     15                    0.02      uSspSTxRxCntl/U2001/Y
uSspSTxRxCntl/n2554     11                    0.03      uSspSTxRxCntl/U2090/Y
uSspSTxRxCntl/n2559     10                    0.02      uSspSTxRxCntl/U1919/Y
uSspSTxRxCntl/n2567     16                    0.02      uSspSTxRxCntl/U1913/Y
uSspSTxRxCntl/n2568     15                    0.02      uSspSTxRxCntl/U1916/Y
uSspSTxRxCntl/n2570     14                    0.02      uSspSTxRxCntl/U2007/Y
uSspSTxRxCntl/n2641     12                    0.02      uSspSTxRxCntl/U2242/Y
uSspSTxRxCntl/n2663     10                    0.03      uSspSTxRxCntl/U2128/Y
uSspSTxRxCntl/n2664     17                    0.03      uSspSTxRxCntl/U1942/Y
uSspSTxRxCntl/n2730      9                    0.02      uSspSTxRxCntl/U2013/Y
uSspSTxRxCntl/n2736      9                    0.02      uSspSTxRxCntl/U2089/Y
uSspSTxRxCntl/n2901     10                    0.03      uSspSTxRxCntl/U2232/Y
uSspSTxRxCntl/n2902     10                    0.02      uSspSTxRxCntl/U2230/Y
uSspSTxRxCntl/n2903     16                    0.02      uSspSTxRxCntl/U1943/Y
uSspSTxRxCntl/n2904     15                    0.04      uSspSTxRxCntl/U2129/Y
1
