 
****************************************
Report : qor
Design : Ssp
Version: V-2004.06
Date   : Tue Apr 17 13:50:14 2007
****************************************


  Timing Path Group 'PCLK'
  -----------------------------------
  Levels of Logic:              12.00
  Critical Path Length:          2.29
  Critical Path Slack:           2.19
  Total Negative Slack:          0.00
  No. of Violating Paths:        0.00
  -----------------------------------


  Cell Count
  -----------------------------------
  Hierarchial Cell Count:          15
  Hierarchial Port Count:         733
  Leaf Cell Count:               2503
  -----------------------------------


  Area
  -----------------------------------
  Combinational Area:    16924.857422
  Noncombinational Area: 17513.824219
  Net Area:                  0.000000
  -----------------------------------
  Cell Area:             34438.546875
  Design Area:           34438.546875


  Design Rules
  -----------------------------------
  Total Number of Nets:          2671
  Nets With Violations:             0
  -----------------------------------


  Hostname: soc1.shmt.co.kr

  Compile CPU Statistics
  -----------------------------------
  Resource Sharing:              0.02
  Logic Optimization:            3.15
  Mapping Optimization:          6.49
  -----------------------------------
  Overall Compile Time:         13.52

1
