$ START_CHANGES_FILE

$ Synopsys, Inc.
$ Version:  V-2004.06
$ Date:  Fri Feb  9 10:07:32 2007
$ Design:  pmcon_APBIF

# Report on the changes made during optimization.

$ END_CHANGES_FILE

$ START_CHANGES_FILE

$ Synopsys, Inc.
$ Version:  V-2004.06
$ Date:  Fri Feb  9 10:07:37 2007
$ Design:  pmcon_APBIF

# Report on the changes made during optimization.

$ END_CHANGES_FILE

$ START_CHANGES_FILE

$ Synopsys, Inc.
$ Version:  V-2004.06
$ Date:  Fri Feb  9 10:09:24 2007
$ Design:  pmcon_APBIF

# Report on the changes made during optimization.

$ END_CHANGES_FILE

$ START_CHANGES_FILE

$ Synopsys, Inc.
$ Version:  V-2004.06
$ Date:  Fri Feb  9 10:09:35 2007
$ Design:  pmcon_APBIF

# Report on the changes made during optimization.

$ END_CHANGES_FILE

$ START_CHANGES_FILE

$ Synopsys, Inc.
$ Version:  V-2004.06
$ Date:  Fri Feb  9 10:12:45 2007
$ Design:  pmcon_APBIF

# Report on the changes made during optimization.

$ END_CHANGES_FILE

$ START_CHANGES_FILE

$ Synopsys, Inc.
$ Version:  V-2004.06
$ Date:  Fri Feb  9 10:13:49 2007
$ Design:  pmcon_APBIF

# Report on the changes made during optimization.

$ END_CHANGES_FILE

$ START_CHANGES_FILE

$ Synopsys, Inc.
$ Version:  V-2004.06
$ Date:  Fri Feb  9 10:23:49 2007
$ Design:  pmcon_APBIF

# Report on the changes made during optimization.

$ END_CHANGES_FILE

$ START_CHANGES_FILE

$ Synopsys, Inc.
$ Version:  V-2004.06
$ Date:  Fri Feb  9 10:24:49 2007
$ Design:  pmcon_APBIF

# Report on the changes made during optimization.

$ END_CHANGES_FILE

$ START_CHANGES_FILE

$ Synopsys, Inc.
$ Version:  V-2004.06
$ Date:  Fri Feb  9 10:30:29 2007
$ Design:  pmcon_APBIF

# Report on the changes made during optimization.

$ END_CHANGES_FILE

$ START_CHANGES_FILE

$ Synopsys, Inc.
$ Version:  V-2004.06
$ Date:  Fri Feb  9 10:30:57 2007
$ Design:  pmcon_APBIF

# Report on the changes made during optimization.

$ END_CHANGES_FILE

