BREAKDOWN OF BUNDLE PL110-BU-00000-r1p2-00ltd1

This directory contains bundled deliverables from ARM. Bundled deliverables
are a way of grouping deliverables together for ease of use but which also
need to be identified separately for contractual reasons. This file shows
the breakdown of the bundled data into its constituent deliverables and
files.  It is provided mainly for information for delivery tracking, but
may be useful in the event of problems being found with particular files
and tracing the origin of the files for communication with ARM's support
group.

- - - - - - - - - - - - - - - - - - - - - - - - - - - - -
PL110-DA-03001-r1p2-00ltd0 :

  PL110_VC/clcd_pl110/
  PL110_VC/clcd_pl110/docs/
  PL110_VC/clcd_pl110/docs/ARM_DDI_0161.pdf

PL110-DC-01001-r1p2-00ltd0 :

  PL110_SW/PL110_TREP_1000.pdf

PL110-DC-02001-r1p2-00ltd0 :

  PL110_SW/PL110_ISPC_1000.pdf

PL110-DC-02002-r1p2-00ltd0 :

  PL110_VC/clcd_pl110/
  PL110_VC/clcd_pl110/docs/
  PL110_VC/clcd_pl110/docs/PL110_DDES_0000.pdf

PL110-DC-06002-r1p2-00ltd1 :

  PL110_VC/PL110_RELN_0000.pdf

PL110-DC-08000-r1p2-00ltd0 :

  PL110_VC/clcd_pl110/
  PL110_VC/clcd_pl110/docs/
  PL110_VC/clcd_pl110/docs/PL110_USGD_0000.pdf

PL110-DC-10002-r1p2-00ltd0 :

  PL110_VC/clcd_pl110/
  PL110_VC/clcd_pl110/docs/
  PL110_VC/clcd_pl110/docs/PL110_INTM_0000.pdf

PL110-DC-11001-r1p2-00ltd0 :

  PL110_VC/clcd_pl110/
  PL110_VC/clcd_pl110/docs/
  PL110_VC/clcd_pl110/docs/PL110_DEI_0000.pdf

PL110-MN-01002-r1p2-00ltd0 :

  PL110_VC/clcd_pl110/
  PL110_VC/clcd_pl110/synopsys/
  PL110_VC/clcd_pl110/synopsys/db/
  PL110_VC/clcd_pl110/synopsys/db/cb18_generic_memory_max.db
  PL110_VC/clcd_pl110/synopsys/db/cb18_generic_memory_min.db
  PL110_VC/clcd_pl110/synopsys/db/cb18_generic_memory_typ.db
  PL110_VC/clcd_pl110/synopsys/log/
  PL110_VC/clcd_pl110/synopsys/log/Clcd_noscan_verilog_verilog_run.log
  PL110_VC/clcd_pl110/synopsys/log/Clcd_noscan_verilog_verilog_synth.log
  PL110_VC/clcd_pl110/synopsys/log/Clcd_noscan_vhdl_verilog_run.log
  PL110_VC/clcd_pl110/synopsys/log/Clcd_noscan_vhdl_verilog_synth.log
  PL110_VC/clcd_pl110/synopsys/log/Clcd_scaninsert_verilog_verilog_run.log
  PL110_VC/clcd_pl110/synopsys/log/Clcd_scaninsert_verilog_verilog_synth.log
  PL110_VC/clcd_pl110/synopsys/log/Clcd_scaninsert_vhdl_verilog_run.log
  PL110_VC/clcd_pl110/synopsys/log/Clcd_scaninsert_vhdl_verilog_synth.log
  PL110_VC/clcd_pl110/synopsys/makefile
  PL110_VC/clcd_pl110/synopsys/README
  PL110_VC/clcd_pl110/synopsys/report/
  PL110_VC/clcd_pl110/synopsys/report/Clcd_noscan_verilog_verilog.area
  PL110_VC/clcd_pl110/synopsys/report/Clcd_noscan_verilog_verilog.clocktree
  PL110_VC/clcd_pl110/synopsys/report/Clcd_noscan_verilog_verilog.constr
  PL110_VC/clcd_pl110/synopsys/report/Clcd_noscan_verilog_verilog.hier
  PL110_VC/clcd_pl110/synopsys/report/Clcd_noscan_verilog_verilog.latch
  PL110_VC/clcd_pl110/synopsys/report/Clcd_noscan_verilog_verilog.max
  PL110_VC/clcd_pl110/synopsys/report/Clcd_noscan_verilog_verilog.min
  PL110_VC/clcd_pl110/synopsys/report/Clcd_noscan_verilog_verilog.ports
  PL110_VC/clcd_pl110/synopsys/report/Clcd_noscan_verilog_verilog.resettree
  PL110_VC/clcd_pl110/synopsys/report/Clcd_noscan_verilog_verilog.vio
  PL110_VC/clcd_pl110/synopsys/report/Clcd_noscan_vhdl_verilog.area
  PL110_VC/clcd_pl110/synopsys/report/Clcd_noscan_vhdl_verilog.clocktree
  PL110_VC/clcd_pl110/synopsys/report/Clcd_noscan_vhdl_verilog.constr
  PL110_VC/clcd_pl110/synopsys/report/Clcd_noscan_vhdl_verilog.hier
  PL110_VC/clcd_pl110/synopsys/report/Clcd_noscan_vhdl_verilog.latch
  PL110_VC/clcd_pl110/synopsys/report/Clcd_noscan_vhdl_verilog.max
  PL110_VC/clcd_pl110/synopsys/report/Clcd_noscan_vhdl_verilog.min
  PL110_VC/clcd_pl110/synopsys/report/Clcd_noscan_vhdl_verilog.ports
  PL110_VC/clcd_pl110/synopsys/report/Clcd_noscan_vhdl_verilog.resettree
  PL110_VC/clcd_pl110/synopsys/report/Clcd_noscan_vhdl_verilog.vio
  PL110_VC/clcd_pl110/synopsys/report/Clcd_scaninsert_verilog_verilog.area
  PL110_VC/clcd_pl110/synopsys/report/Clcd_scaninsert_verilog_verilog.clocktree
  PL110_VC/clcd_pl110/synopsys/report/Clcd_scaninsert_verilog_verilog.constr
  PL110_VC/clcd_pl110/synopsys/report/Clcd_scaninsert_verilog_verilog.default.tpf
  PL110_VC/clcd_pl110/synopsys/report/Clcd_scaninsert_verilog_verilog.hier
  PL110_VC/clcd_pl110/synopsys/report/Clcd_scaninsert_verilog_verilog.latch
  PL110_VC/clcd_pl110/synopsys/report/Clcd_scaninsert_verilog_verilog.max
  PL110_VC/clcd_pl110/synopsys/report/Clcd_scaninsert_verilog_verilog.min
  PL110_VC/clcd_pl110/synopsys/report/Clcd_scaninsert_verilog_verilog.ports
  PL110_VC/clcd_pl110/synopsys/report/Clcd_scaninsert_verilog_verilog.PreviewAll
  PL110_VC/clcd_pl110/synopsys/report/Clcd_scaninsert_verilog_verilog.PreviewScript
  PL110_VC/clcd_pl110/synopsys/report/Clcd_scaninsert_verilog_verilog.resettree
  PL110_VC/clcd_pl110/synopsys/report/Clcd_scaninsert_verilog_verilog.scan
  PL110_VC/clcd_pl110/synopsys/report/Clcd_scaninsert_verilog_verilog.TestArea
  PL110_VC/clcd_pl110/synopsys/report/Clcd_scaninsert_verilog_verilog.TestState
  PL110_VC/clcd_pl110/synopsys/report/Clcd_scaninsert_verilog_verilog.vio
  PL110_VC/clcd_pl110/synopsys/report/Clcd_scaninsert_vhdl_verilog.area
  PL110_VC/clcd_pl110/synopsys/report/Clcd_scaninsert_vhdl_verilog.clocktree
  PL110_VC/clcd_pl110/synopsys/report/Clcd_scaninsert_vhdl_verilog.constr
  PL110_VC/clcd_pl110/synopsys/report/Clcd_scaninsert_vhdl_verilog.default.tpf
  PL110_VC/clcd_pl110/synopsys/report/Clcd_scaninsert_vhdl_verilog.hier
  PL110_VC/clcd_pl110/synopsys/report/Clcd_scaninsert_vhdl_verilog.latch
  PL110_VC/clcd_pl110/synopsys/report/Clcd_scaninsert_vhdl_verilog.max
  PL110_VC/clcd_pl110/synopsys/report/Clcd_scaninsert_vhdl_verilog.min
  PL110_VC/clcd_pl110/synopsys/report/Clcd_scaninsert_vhdl_verilog.ports
  PL110_VC/clcd_pl110/synopsys/report/Clcd_scaninsert_vhdl_verilog.PreviewAll
  PL110_VC/clcd_pl110/synopsys/report/Clcd_scaninsert_vhdl_verilog.PreviewScript
  PL110_VC/clcd_pl110/synopsys/report/Clcd_scaninsert_vhdl_verilog.resettree
  PL110_VC/clcd_pl110/synopsys/report/Clcd_scaninsert_vhdl_verilog.scan
  PL110_VC/clcd_pl110/synopsys/report/Clcd_scaninsert_vhdl_verilog.TestArea
  PL110_VC/clcd_pl110/synopsys/report/Clcd_scaninsert_vhdl_verilog.TestState
  PL110_VC/clcd_pl110/synopsys/report/Clcd_scaninsert_vhdl_verilog.vio
  PL110_VC/clcd_pl110/synopsys/scripts/
  PL110_VC/clcd_pl110/synopsys/scripts/Clcd.cmd
  PL110_VC/clcd_pl110/synopsys/scripts/Clcd.scr
  PL110_VC/clcd_pl110/synopsys/scripts/Clcd_exceptions.scr
  PL110_VC/clcd_pl110/synopsys/scripts/Clcd_scan.cmd
  PL110_VC/global/
  PL110_VC/global/bin/
  PL110_VC/global/bin/verilog_net_patch
  PL110_VC/global/bin/vhdl_sdf_patch
  PL110_VC/global/synopsys_shared/
  PL110_VC/global/synopsys_shared/scr_common/
  PL110_VC/global/synopsys_shared/scr_common/ahb_master.scr
  PL110_VC/global/synopsys_shared/scr_common/ahb_slave.scr
  PL110_VC/global/synopsys_shared/scr_common/amba_params.scr
  PL110_VC/global/synopsys_shared/scr_common/apb_params.scr
  PL110_VC/global/synopsys_shared/scr_common/apb_slave.scr
  PL110_VC/global/synopsys_shared/scr_common/global.scr
  PL110_VC/global/synopsys_shared/scr_common/library_avanti_cb18_v1.0.scr
  PL110_VC/global/synopsys_shared/scr_common/library_avanti_cb25_v2.1.scr
  PL110_VC/global/synopsys_shared/scr_common/name_rules.scr
  PL110_VC/global/synopsys_shared/scr_common/setup.scr

PL110-MN-22002-r1p2-00ltd0 :

  PL110_VC/clcd_pl110/
  PL110_VC/clcd_pl110/makefile
  PL110_VC/clcd_pl110/verilog/
  PL110_VC/clcd_pl110/verilog/makefile
  PL110_VC/clcd_pl110/verilog/netlist/
  PL110_VC/clcd_pl110/verilog/netlist/dpram128x32.v
  PL110_VC/clcd_pl110/verilog/netlist/makefile
  PL110_VC/clcd_pl110/verilog/rtl_source/
  PL110_VC/clcd_pl110/verilog/rtl_source/Clcd.v
  PL110_VC/clcd_pl110/verilog/rtl_source/ClcdAhbIf.v
  PL110_VC/clcd_pl110/verilog/rtl_source/ClcdAhbMasterIf.v
  PL110_VC/clcd_pl110/verilog/rtl_source/ClcdAhbSlaveIf.v
  PL110_VC/clcd_pl110/verilog/rtl_source/ClcdCntl.v
  PL110_VC/clcd_pl110/verilog/rtl_source/ClcdConfig.v
  PL110_VC/clcd_pl110/verilog/rtl_source/ClcdCPGen.v
  PL110_VC/clcd_pl110/verilog/rtl_source/ClcdDefine.v
  PL110_VC/clcd_pl110/verilog/rtl_source/ClcdDMAFifo.v
  PL110_VC/clcd_pl110/verilog/rtl_source/ClcdDmaFRamWrap.v
  PL110_VC/clcd_pl110/verilog/rtl_source/ClcdDmaFRegWrap.v
  PL110_VC/clcd_pl110/verilog/rtl_source/ClcdFifoCntl.v
  PL110_VC/clcd_pl110/verilog/rtl_source/ClcdFifoReg.v
  PL110_VC/clcd_pl110/verilog/rtl_source/ClcdFormat.v
  PL110_VC/clcd_pl110/verilog/rtl_source/ClcdGS.v
  PL110_VC/clcd_pl110/verilog/rtl_source/ClcdMain.v
  PL110_VC/clcd_pl110/verilog/rtl_source/ClcdOutMux.v
  PL110_VC/clcd_pl110/verilog/rtl_source/ClcdPalette.v
  PL110_VC/clcd_pl110/verilog/rtl_source/ClcdRevAnd.v
  PL110_VC/clcd_pl110/verilog/rtl_source/ClcdSerialiser.v
  PL110_VC/clcd_pl110/verilog/rtl_source/ClcdSyncCLCDCLK.v
  PL110_VC/clcd_pl110/verilog/rtl_source/ClcdSyncHCLK.v
  PL110_VC/clcd_pl110/verilog/rtl_source/ClcdTest.v
  PL110_VC/clcd_pl110/verilog/rtl_source/ClcdTiming.v
  PL110_VC/clcd_pl110/verilog/rtl_source/ClcdUnpack.v
  PL110_VC/clcd_pl110/verilog/rtl_source/dpram128x32.v
  PL110_VC/clcd_pl110/verilog/rtl_source/makefile
  PL110_VC/clcd_pl110/verilog/rtl_source/pram128x32.v
  PL110_VC/clcd_pl110/verilog/rtl_source/tpram64x32.v
  PL110_VC/global/
  PL110_VC/global/LDV/
  PL110_VC/global/LDV/DirMakefile.mk
  PL110_VC/global/LDV/DirSimMakefile.mk
  PL110_VC/global/LDV/RtlMakefile.mk
  PL110_VC/global/LDV/SimMakefile.mk
  PL110_VC/global/LDV/vxl_bustalk_ahb.files
  PL110_VC/global/LDV/vxl_bustalk_apb.files
  PL110_VC/global/LDV/vxl_tictalk_ahb.files
  PL110_VC/global/LDV/vxl_tictalk_asb.files
  PL110_VC/global/modelsim/
  PL110_VC/global/modelsim/DirMakefile.mk
  PL110_VC/global/modelsim/DirSimMakefile.mk
  PL110_VC/global/modelsim/init.do
  PL110_VC/global/modelsim/libmap
  PL110_VC/global/modelsim/modelsim.ini
  PL110_VC/global/modelsim/modelsim_bustalk.ini
  PL110_VC/global/modelsim/modelsim_tictalk.ini
  PL110_VC/global/modelsim/RtlMakefile.mk
  PL110_VC/global/modelsim/SimMakefile.mk

PL110-MN-22010-r1p2-00ltd0 :

  PL110_VC/clcd_pl110/
  PL110_VC/clcd_pl110/integration/
  PL110_VC/clcd_pl110/integration/makefile
  PL110_VC/clcd_pl110/integration/verilog/
  PL110_VC/clcd_pl110/integration/verilog/chip/
  PL110_VC/clcd_pl110/integration/verilog/chip/EASY.v
  PL110_VC/clcd_pl110/integration/verilog/chip/makefile
  PL110_VC/clcd_pl110/integration/verilog/chip/RPS.v
  PL110_VC/clcd_pl110/integration/verilog/Clcd_rtl/
  PL110_VC/clcd_pl110/integration/verilog/Clcd_rtl/Clcd_rtl_LDV.log
  PL110_VC/clcd_pl110/integration/verilog/Clcd_rtl/Clcd_rtl_modelsim.log
  PL110_VC/clcd_pl110/integration/verilog/makefile
  PL110_VC/clcd_pl110/integration/verilog/sys/
  PL110_VC/clcd_pl110/integration/verilog/sys/makefile
  PL110_VC/clcd_pl110/integration/verilog/tbench/
  PL110_VC/clcd_pl110/integration/verilog/tbench/makefile
  PL110_VC/clcd_pl110/integration/verilog/tbench/README
  PL110_VC/clcd_pl110/integration/verilog/tbench/tbench.v
  PL110_VC/clcd_pl110/integration/verilog/ticbox/
  PL110_VC/clcd_pl110/integration/verilog/ticbox/makefile
  PL110_VC/clcd_pl110/integration/verilog/ticbox/Ticbox.v
  PL110_VC/global/
  PL110_VC/global/LDV/
  PL110_VC/global/LDV/DirMakefile.mk
  PL110_VC/global/LDV/DirSimMakefile.mk
  PL110_VC/global/LDV/RtlMakefile.mk
  PL110_VC/global/LDV/SimMakefile.mk
  PL110_VC/global/LDV/vxl_bustalk_ahb.files
  PL110_VC/global/LDV/vxl_bustalk_apb.files
  PL110_VC/global/LDV/vxl_tictalk_ahb.files
  PL110_VC/global/LDV/vxl_tictalk_asb.files
  PL110_VC/global/modelsim/
  PL110_VC/global/modelsim/DirMakefile.mk
  PL110_VC/global/modelsim/DirSimMakefile.mk
  PL110_VC/global/modelsim/init.do
  PL110_VC/global/modelsim/libmap
  PL110_VC/global/modelsim/modelsim.ini
  PL110_VC/global/modelsim/modelsim_bustalk.ini
  PL110_VC/global/modelsim/modelsim_tictalk.ini
  PL110_VC/global/modelsim/RtlMakefile.mk
  PL110_VC/global/modelsim/SimMakefile.mk
  PL110_VC/global/tictalk_ahb/
  PL110_VC/global/tictalk_ahb/verilog/
  PL110_VC/global/tictalk_ahb/verilog/sys/
  PL110_VC/global/tictalk_ahb/verilog/sys/APBif.v
  PL110_VC/global/tictalk_ahb/verilog/sys/Arbiter.v
  PL110_VC/global/tictalk_ahb/verilog/sys/Decoder.v
  PL110_VC/global/tictalk_ahb/verilog/sys/DefaultSlave.v
  PL110_VC/global/tictalk_ahb/verilog/sys/MuxM2S.v
  PL110_VC/global/tictalk_ahb/verilog/sys/MuxP2B.v
  PL110_VC/global/tictalk_ahb/verilog/sys/MuxS2M.v
  PL110_VC/global/tictalk_ahb/verilog/sys/RemPause.v
  PL110_VC/global/tictalk_ahb/verilog/sys/ResCntl.v
  PL110_VC/global/tictalk_ahb/verilog/sys/SMI.v
  PL110_VC/global/tictalk_ahb/verilog/sys/TIC.v
  PL110_VC/global/tictalk_ahb/verilog/ticbox/
  PL110_VC/global/tictalk_ahb/verilog/ticbox/Ticbox.v
  PL110_VC/global/tictalk_asb/
  PL110_VC/global/tictalk_asb/verilog/
  PL110_VC/global/tictalk_asb/verilog/common/
  PL110_VC/global/tictalk_asb/verilog/common/Defs.v
  PL110_VC/global/tictalk_asb/verilog/sys/
  PL110_VC/global/tictalk_asb/verilog/sys/apbif.v
  PL110_VC/global/tictalk_asb/verilog/sys/arbiter.v
  PL110_VC/global/tictalk_asb/verilog/sys/buswatch.v
  PL110_VC/global/tictalk_asb/verilog/sys/decoder.v
  PL110_VC/global/tictalk_asb/verilog/sys/rem_pause.v
  PL110_VC/global/tictalk_asb/verilog/sys/res_cntl.v
  PL110_VC/global/tictalk_asb/verilog/sys/tic.v

PL110-MN-22012-r1p2-00ltd0 :

  PL110_VC/clcd_pl110/
  PL110_VC/clcd_pl110/verification/
  PL110_VC/clcd_pl110/verification/makefile
  PL110_VC/clcd_pl110/verification/verilog/
  PL110_VC/clcd_pl110/verification/verilog/bid/
  PL110_VC/clcd_pl110/verification/verilog/bid/makefile
  PL110_VC/clcd_pl110/verification/verilog/buswatcher/
  PL110_VC/clcd_pl110/verification/verilog/buswatcher/makefile
  PL110_VC/clcd_pl110/verification/verilog/Clcd_noscan_vhdl_net_min/
  PL110_VC/clcd_pl110/verification/verilog/Clcd_noscan_vhdl_net_min/Clcd_noscan_vhdl_net_min_modelsim_ALL.log
  PL110_VC/clcd_pl110/verification/verilog/Clcd_rtl/
  PL110_VC/clcd_pl110/verification/verilog/Clcd_rtl/Clcd_rtl_LDV_ALL.log
  PL110_VC/clcd_pl110/verification/verilog/Clcd_rtl/Clcd_rtl_modelsim_ALL.log
  PL110_VC/clcd_pl110/verification/verilog/Clcd_scaninsert_verilog_net_typ/
  PL110_VC/clcd_pl110/verification/verilog/Clcd_scaninsert_verilog_net_typ/Clcd_scaninsert_verilog_net_typ_LDV_ALL.log
  PL110_VC/clcd_pl110/verification/verilog/common/
  PL110_VC/clcd_pl110/verification/verilog/common/makefile
  PL110_VC/clcd_pl110/verification/verilog/DirSimMakefile_LDV.mk
  PL110_VC/clcd_pl110/verification/verilog/DirSimMakefile_modelsim.mk
  PL110_VC/clcd_pl110/verification/verilog/makefile
  PL110_VC/clcd_pl110/verification/verilog/reader/
  PL110_VC/clcd_pl110/verification/verilog/reader/makefile
  PL110_VC/clcd_pl110/verification/verilog/SimMakefile_LDV.mk
  PL110_VC/clcd_pl110/verification/verilog/tbench/
  PL110_VC/clcd_pl110/verification/verilog/tbench/ahbslave_tb.v
  PL110_VC/clcd_pl110/verification/verilog/tbench/buswatchmaster.v
  PL110_VC/clcd_pl110/verification/verilog/tbench/buswmaster_pck.v
  PL110_VC/clcd_pl110/verification/verilog/tbench/decoder.v
  PL110_VC/clcd_pl110/verification/verilog/tbench/defslave.v
  PL110_VC/clcd_pl110/verification/verilog/tbench/makefile
  PL110_VC/clcd_pl110/verification/verilog/tbench/README
  PL110_VC/clcd_pl110/verification/verilog/tbench/tbench.v
  PL110_VC/clcd_pl110/verification/verilog/tbench/timing.v
  PL110_VC/clcd_pl110/verification/verilog/tbench/timingmaster.v
  PL110_VC/clcd_pl110/verification/verilog/trickbox/
  PL110_VC/clcd_pl110/verification/verilog/trickbox/CLTrAHBIf.v
  PL110_VC/clcd_pl110/verification/verilog/trickbox/CLTrCLCDIf.v
  PL110_VC/clcd_pl110/verification/verilog/trickbox/CLTrDataCheck.v
  PL110_VC/clcd_pl110/verification/verilog/trickbox/CLTrick.v
  PL110_VC/clcd_pl110/verification/verilog/trickbox/CLTrProtCheck.v
  PL110_VC/clcd_pl110/verification/verilog/trickbox/CLTrRegBlock.v
  PL110_VC/clcd_pl110/verification/verilog/trickbox/makefile
  PL110_VC/clcd_pl110/verification/verilog/vr/
  PL110_VC/clcd_pl110/verification/verilog/vr/makefile
  PL110_VC/global/
  PL110_VC/global/bustalk_ahb/
  PL110_VC/global/bustalk_ahb/verilog/
  PL110_VC/global/bustalk_ahb/verilog/bid/
  PL110_VC/global/bustalk_ahb/verilog/bid/cyc_drivers.v
  PL110_VC/global/bustalk_ahb/verilog/bid/reset_driver.v
  PL110_VC/global/bustalk_ahb/verilog/bid/split.v
  PL110_VC/global/bustalk_ahb/verilog/buswatcher/
  PL110_VC/global/bustalk_ahb/verilog/buswatcher/buswatch.v
  PL110_VC/global/bustalk_ahb/verilog/common/
  PL110_VC/global/bustalk_ahb/verilog/common/clockgen.v
  PL110_VC/global/bustalk_ahb/verilog/common/configmaster.v
  PL110_VC/global/bustalk_ahb/verilog/common/countdown.v
  PL110_VC/global/bustalk_ahb/verilog/common/defs.v
  PL110_VC/global/bustalk_ahb/verilog/common/funcs.v
  PL110_VC/global/bustalk_ahb/verilog/common/funcsmaster.v
  PL110_VC/global/bustalk_ahb/verilog/reader/
  PL110_VC/global/bustalk_ahb/verilog/reader/command_reader.v
  PL110_VC/global/bustalk_ahb/verilog/reader/reader.v
  PL110_VC/global/bustalk_ahb/verilog/vr/
  PL110_VC/global/bustalk_ahb/verilog/vr/linedrv.v
  PL110_VC/global/bustalk_ahb/verilog/vr/Reg.v
  PL110_VC/global/bustalk_ahb/verilog/vr/VIODriver.v
  PL110_VC/global/bustalk_ahb/verilog/vr/VRCycDrivers.v
  PL110_VC/global/bustalk_apb/
  PL110_VC/global/bustalk_apb/verilog/
  PL110_VC/global/bustalk_apb/verilog/bid/
  PL110_VC/global/bustalk_apb/verilog/bid/addrctl_driver.v
  PL110_VC/global/bustalk_apb/verilog/bid/buscyc_drivers.v
  PL110_VC/global/bustalk_apb/verilog/bid/busline_drivers.v
  PL110_VC/global/bustalk_apb/verilog/bid/data_driver.v
  PL110_VC/global/bustalk_apb/verilog/bid/penable_driver.v
  PL110_VC/global/bustalk_apb/verilog/bid/reset_driver.v
  PL110_VC/global/bustalk_apb/verilog/buswatcher/
  PL110_VC/global/bustalk_apb/verilog/buswatcher/buswatch.v
  PL110_VC/global/bustalk_apb/verilog/common/
  PL110_VC/global/bustalk_apb/verilog/common/clockgen.v
  PL110_VC/global/bustalk_apb/verilog/common/countdown.v
  PL110_VC/global/bustalk_apb/verilog/common/defs.v
  PL110_VC/global/bustalk_apb/verilog/reader/
  PL110_VC/global/bustalk_apb/verilog/reader/command_reader.v
  PL110_VC/global/bustalk_apb/verilog/reader/reader.v
  PL110_VC/global/bustalk_apb/verilog/vr/
  PL110_VC/global/bustalk_apb/verilog/vr/linedrv.v
  PL110_VC/global/bustalk_apb/verilog/vr/reg.v
  PL110_VC/global/bustalk_apb/verilog/vr/vio_driver.v
  PL110_VC/global/bustalk_apb/verilog/vr/viregcyc_drivers.v
  PL110_VC/global/LDV/
  PL110_VC/global/LDV/DirMakefile.mk
  PL110_VC/global/LDV/DirSimMakefile.mk
  PL110_VC/global/LDV/RtlMakefile.mk
  PL110_VC/global/LDV/SimMakefile.mk
  PL110_VC/global/LDV/vxl_bustalk_ahb.files
  PL110_VC/global/LDV/vxl_bustalk_apb.files
  PL110_VC/global/LDV/vxl_tictalk_ahb.files
  PL110_VC/global/LDV/vxl_tictalk_asb.files
  PL110_VC/global/modelsim/
  PL110_VC/global/modelsim/DirMakefile.mk
  PL110_VC/global/modelsim/DirSimMakefile.mk
  PL110_VC/global/modelsim/init.do
  PL110_VC/global/modelsim/libmap
  PL110_VC/global/modelsim/modelsim.ini
  PL110_VC/global/modelsim/modelsim_bustalk.ini
  PL110_VC/global/modelsim/modelsim_tictalk.ini
  PL110_VC/global/modelsim/RtlMakefile.mk
  PL110_VC/global/modelsim/SimMakefile.mk

PL110-MN-23002-r1p2-00ltd0 :

  PL110_VC/clcd_pl110/
  PL110_VC/clcd_pl110/makefile
  PL110_VC/clcd_pl110/vhdl/
  PL110_VC/clcd_pl110/vhdl/makefile
  PL110_VC/clcd_pl110/vhdl/netlist/
  PL110_VC/clcd_pl110/vhdl/netlist/dpram128x32.vhd
  PL110_VC/clcd_pl110/vhdl/netlist/makefile
  PL110_VC/clcd_pl110/vhdl/rtl_source/
  PL110_VC/clcd_pl110/vhdl/rtl_source/Clcd.vhd
  PL110_VC/clcd_pl110/vhdl/rtl_source/ClcdAhbIf.vhd
  PL110_VC/clcd_pl110/vhdl/rtl_source/ClcdAhbMasterIf.vhd
  PL110_VC/clcd_pl110/vhdl/rtl_source/ClcdAhbSlaveIf.vhd
  PL110_VC/clcd_pl110/vhdl/rtl_source/ClcdCntl.vhd
  PL110_VC/clcd_pl110/vhdl/rtl_source/ClcdConfig.vhd
  PL110_VC/clcd_pl110/vhdl/rtl_source/ClcdCPGen.vhd
  PL110_VC/clcd_pl110/vhdl/rtl_source/ClcdDefine.vhd
  PL110_VC/clcd_pl110/vhdl/rtl_source/ClcdDMAFifo.vhd
  PL110_VC/clcd_pl110/vhdl/rtl_source/ClcdDmaFRamWrap.vhd
  PL110_VC/clcd_pl110/vhdl/rtl_source/ClcdDmaFRegWrap.vhd
  PL110_VC/clcd_pl110/vhdl/rtl_source/ClcdFifoCntl.vhd
  PL110_VC/clcd_pl110/vhdl/rtl_source/ClcdFifoReg.vhd
  PL110_VC/clcd_pl110/vhdl/rtl_source/ClcdFormat.vhd
  PL110_VC/clcd_pl110/vhdl/rtl_source/ClcdGS.vhd
  PL110_VC/clcd_pl110/vhdl/rtl_source/ClcdMain.vhd
  PL110_VC/clcd_pl110/vhdl/rtl_source/ClcdOutMux.vhd
  PL110_VC/clcd_pl110/vhdl/rtl_source/ClcdPalette.vhd
  PL110_VC/clcd_pl110/vhdl/rtl_source/ClcdRevAnd.vhd
  PL110_VC/clcd_pl110/vhdl/rtl_source/ClcdSerialiser.vhd
  PL110_VC/clcd_pl110/vhdl/rtl_source/ClcdSyncCLCDCLK.vhd
  PL110_VC/clcd_pl110/vhdl/rtl_source/ClcdSyncHCLK.vhd
  PL110_VC/clcd_pl110/vhdl/rtl_source/ClcdTest.vhd
  PL110_VC/clcd_pl110/vhdl/rtl_source/ClcdTiming.vhd
  PL110_VC/clcd_pl110/vhdl/rtl_source/ClcdUnpack.vhd
  PL110_VC/clcd_pl110/vhdl/rtl_source/dpram128x32.vhd
  PL110_VC/clcd_pl110/vhdl/rtl_source/makefile
  PL110_VC/clcd_pl110/vhdl/rtl_source/pram128x32.vhd
  PL110_VC/clcd_pl110/vhdl/rtl_source/tpram64x32.vhd
  PL110_VC/global/
  PL110_VC/global/modelsim/
  PL110_VC/global/modelsim/DirMakefile.mk
  PL110_VC/global/modelsim/DirSimMakefile.mk
  PL110_VC/global/modelsim/init.do
  PL110_VC/global/modelsim/libmap
  PL110_VC/global/modelsim/modelsim.ini
  PL110_VC/global/modelsim/modelsim_bustalk.ini
  PL110_VC/global/modelsim/modelsim_tictalk.ini
  PL110_VC/global/modelsim/RtlMakefile.mk
  PL110_VC/global/modelsim/SimMakefile.mk

PL110-MN-23010-r1p2-00ltd0 :

  PL110_VC/clcd_pl110/
  PL110_VC/clcd_pl110/integration/
  PL110_VC/clcd_pl110/integration/makefile
  PL110_VC/clcd_pl110/integration/vhdl/
  PL110_VC/clcd_pl110/integration/vhdl/chip/
  PL110_VC/clcd_pl110/integration/vhdl/chip/EASY.vhd
  PL110_VC/clcd_pl110/integration/vhdl/chip/makefile
  PL110_VC/clcd_pl110/integration/vhdl/chip/RPS.vhd
  PL110_VC/clcd_pl110/integration/vhdl/Clcd_rtl/
  PL110_VC/clcd_pl110/integration/vhdl/Clcd_rtl/Clcd_rtl_modelsim.log
  PL110_VC/clcd_pl110/integration/vhdl/common/
  PL110_VC/clcd_pl110/integration/vhdl/common/makefile
  PL110_VC/clcd_pl110/integration/vhdl/makefile
  PL110_VC/clcd_pl110/integration/vhdl/sys/
  PL110_VC/clcd_pl110/integration/vhdl/sys/makefile
  PL110_VC/clcd_pl110/integration/vhdl/tbench/
  PL110_VC/clcd_pl110/integration/vhdl/tbench/makefile
  PL110_VC/clcd_pl110/integration/vhdl/tbench/README
  PL110_VC/clcd_pl110/integration/vhdl/tbench/tbench.vhd
  PL110_VC/clcd_pl110/integration/vhdl/ticbox/
  PL110_VC/clcd_pl110/integration/vhdl/ticbox/makefile
  PL110_VC/clcd_pl110/integration/vhdl/ticbox/Ticbox.vhd
  PL110_VC/global/
  PL110_VC/global/modelsim/
  PL110_VC/global/modelsim/DirMakefile.mk
  PL110_VC/global/modelsim/DirSimMakefile.mk
  PL110_VC/global/modelsim/init.do
  PL110_VC/global/modelsim/libmap
  PL110_VC/global/modelsim/modelsim.ini
  PL110_VC/global/modelsim/modelsim_bustalk.ini
  PL110_VC/global/modelsim/modelsim_tictalk.ini
  PL110_VC/global/modelsim/RtlMakefile.mk
  PL110_VC/global/modelsim/SimMakefile.mk
  PL110_VC/global/tictalk_ahb/
  PL110_VC/global/tictalk_ahb/vhdl/
  PL110_VC/global/tictalk_ahb/vhdl/common/
  PL110_VC/global/tictalk_ahb/vhdl/common/Conv.vhd
  PL110_VC/global/tictalk_ahb/vhdl/sys/
  PL110_VC/global/tictalk_ahb/vhdl/sys/APBif.vhd
  PL110_VC/global/tictalk_ahb/vhdl/sys/Arbiter.vhd
  PL110_VC/global/tictalk_ahb/vhdl/sys/Decoder.vhd
  PL110_VC/global/tictalk_ahb/vhdl/sys/DefaultSlave.vhd
  PL110_VC/global/tictalk_ahb/vhdl/sys/MuxM2S.vhd
  PL110_VC/global/tictalk_ahb/vhdl/sys/MuxP2B.vhd
  PL110_VC/global/tictalk_ahb/vhdl/sys/MuxS2M.vhd
  PL110_VC/global/tictalk_ahb/vhdl/sys/RemPause.vhd
  PL110_VC/global/tictalk_ahb/vhdl/sys/ResCntl.vhd
  PL110_VC/global/tictalk_ahb/vhdl/sys/SMI.vhd
  PL110_VC/global/tictalk_ahb/vhdl/sys/TIC.vhd
  PL110_VC/global/tictalk_ahb/vhdl/ticbox/
  PL110_VC/global/tictalk_ahb/vhdl/ticbox/Ticbox.vhd
  PL110_VC/global/tictalk_asb/
  PL110_VC/global/tictalk_asb/vhdl/
  PL110_VC/global/tictalk_asb/vhdl/common/
  PL110_VC/global/tictalk_asb/vhdl/common/defs.vhd
  PL110_VC/global/tictalk_asb/vhdl/common/params.vhd
  PL110_VC/global/tictalk_asb/vhdl/sys/
  PL110_VC/global/tictalk_asb/vhdl/sys/apbif.vhd
  PL110_VC/global/tictalk_asb/vhdl/sys/apbmux.vhd
  PL110_VC/global/tictalk_asb/vhdl/sys/arbiter.vhd
  PL110_VC/global/tictalk_asb/vhdl/sys/buswatch.vhd
  PL110_VC/global/tictalk_asb/vhdl/sys/buswatch_params.vhd
  PL110_VC/global/tictalk_asb/vhdl/sys/decoder.vhd
  PL110_VC/global/tictalk_asb/vhdl/sys/decoder_mindec.vhd
  PL110_VC/global/tictalk_asb/vhdl/sys/rem_pause.vhd
  PL110_VC/global/tictalk_asb/vhdl/sys/res_cntl.vhd
  PL110_VC/global/tictalk_asb/vhdl/sys/tic.vhd

PL110-MN-23012-r1p2-00ltd0 :

  PL110_VC/clcd_pl110/
  PL110_VC/clcd_pl110/verification/
  PL110_VC/clcd_pl110/verification/makefile
  PL110_VC/clcd_pl110/verification/vhdl/
  PL110_VC/clcd_pl110/verification/vhdl/bid/
  PL110_VC/clcd_pl110/verification/vhdl/bid/makefile
  PL110_VC/clcd_pl110/verification/vhdl/buswatcher/
  PL110_VC/clcd_pl110/verification/vhdl/buswatcher/makefile
  PL110_VC/clcd_pl110/verification/vhdl/Clcd_rtl/
  PL110_VC/clcd_pl110/verification/vhdl/Clcd_rtl/Clcd_rtl_modelsim_ALL.log
  PL110_VC/clcd_pl110/verification/vhdl/common/
  PL110_VC/clcd_pl110/verification/vhdl/common/makefile
  PL110_VC/clcd_pl110/verification/vhdl/makefile
  PL110_VC/clcd_pl110/verification/vhdl/reader/
  PL110_VC/clcd_pl110/verification/vhdl/reader/makefile
  PL110_VC/clcd_pl110/verification/vhdl/tbench/
  PL110_VC/clcd_pl110/verification/vhdl/tbench/ahbslave_tb.vhd
  PL110_VC/clcd_pl110/verification/vhdl/tbench/buswatchmaster.vhd
  PL110_VC/clcd_pl110/verification/vhdl/tbench/buswmaster_pck.vhd
  PL110_VC/clcd_pl110/verification/vhdl/tbench/decoder.vhd
  PL110_VC/clcd_pl110/verification/vhdl/tbench/defslave.vhd
  PL110_VC/clcd_pl110/verification/vhdl/tbench/makefile
  PL110_VC/clcd_pl110/verification/vhdl/tbench/README
  PL110_VC/clcd_pl110/verification/vhdl/tbench/tbench.vhd
  PL110_VC/clcd_pl110/verification/vhdl/tbench/timing.vhd
  PL110_VC/clcd_pl110/verification/vhdl/tbench/timingmaster.vhd
  PL110_VC/clcd_pl110/verification/vhdl/trickbox/
  PL110_VC/clcd_pl110/verification/vhdl/trickbox/CLTrAHBIf.vhd
  PL110_VC/clcd_pl110/verification/vhdl/trickbox/CLTrCLCDIf.vhd
  PL110_VC/clcd_pl110/verification/vhdl/trickbox/CLTrDataCheck.vhd
  PL110_VC/clcd_pl110/verification/vhdl/trickbox/CLTrick.vhd
  PL110_VC/clcd_pl110/verification/vhdl/trickbox/CLTrProtCheck.vhd
  PL110_VC/clcd_pl110/verification/vhdl/trickbox/CLTrRegBlock.vhd
  PL110_VC/clcd_pl110/verification/vhdl/trickbox/makefile
  PL110_VC/clcd_pl110/verification/vhdl/vr/
  PL110_VC/clcd_pl110/verification/vhdl/vr/makefile
  PL110_VC/global/
  PL110_VC/global/bustalk_ahb/
  PL110_VC/global/bustalk_ahb/vhdl/
  PL110_VC/global/bustalk_ahb/vhdl/bid/
  PL110_VC/global/bustalk_ahb/vhdl/bid/cyc_drivers.vhd
  PL110_VC/global/bustalk_ahb/vhdl/bid/reset_driver.vhd
  PL110_VC/global/bustalk_ahb/vhdl/bid/split.vhd
  PL110_VC/global/bustalk_ahb/vhdl/buswatcher/
  PL110_VC/global/bustalk_ahb/vhdl/buswatcher/busw_pck.vhd
  PL110_VC/global/bustalk_ahb/vhdl/buswatcher/buswatch.vhd
  PL110_VC/global/bustalk_ahb/vhdl/common/
  PL110_VC/global/bustalk_ahb/vhdl/common/clockgen.vhd
  PL110_VC/global/bustalk_ahb/vhdl/common/configmaster.vhd
  PL110_VC/global/bustalk_ahb/vhdl/common/countdown.vhd
  PL110_VC/global/bustalk_ahb/vhdl/common/defs.vhd
  PL110_VC/global/bustalk_ahb/vhdl/common/defsmaster.vhd
  PL110_VC/global/bustalk_ahb/vhdl/common/funcs.vhd
  PL110_VC/global/bustalk_ahb/vhdl/common/funcsmaster.vhd
  PL110_VC/global/bustalk_ahb/vhdl/reader/
  PL110_VC/global/bustalk_ahb/vhdl/reader/reader.vhd
  PL110_VC/global/bustalk_ahb/vhdl/reader/readline.vhd
  PL110_VC/global/bustalk_ahb/vhdl/vr/
  PL110_VC/global/bustalk_ahb/vhdl/vr/linedrv.vhd
  PL110_VC/global/bustalk_ahb/vhdl/vr/reg.vhd
  PL110_VC/global/bustalk_ahb/vhdl/vr/VIODriver.vhd
  PL110_VC/global/bustalk_ahb/vhdl/vr/VRCycDrivers.vhd
  PL110_VC/global/bustalk_ahb/vhdl/vr/vregbank.vhd
  PL110_VC/global/bustalk_apb/
  PL110_VC/global/bustalk_apb/vhdl/
  PL110_VC/global/bustalk_apb/vhdl/bid/
  PL110_VC/global/bustalk_apb/vhdl/bid/addrctl_driver.vhd
  PL110_VC/global/bustalk_apb/vhdl/bid/buscyc_drivers.vhd
  PL110_VC/global/bustalk_apb/vhdl/bid/busline_drivers.vhd
  PL110_VC/global/bustalk_apb/vhdl/bid/data_driver.vhd
  PL110_VC/global/bustalk_apb/vhdl/bid/penable_driver.vhd
  PL110_VC/global/bustalk_apb/vhdl/bid/reset_driver.vhd
  PL110_VC/global/bustalk_apb/vhdl/buswatcher/
  PL110_VC/global/bustalk_apb/vhdl/buswatcher/busw_pck.vhd
  PL110_VC/global/bustalk_apb/vhdl/buswatcher/buswatch.vhd
  PL110_VC/global/bustalk_apb/vhdl/common/
  PL110_VC/global/bustalk_apb/vhdl/common/clockgen.vhd
  PL110_VC/global/bustalk_apb/vhdl/common/countdown.vhd
  PL110_VC/global/bustalk_apb/vhdl/common/defs.vhd
  PL110_VC/global/bustalk_apb/vhdl/common/funcs.vhd
  PL110_VC/global/bustalk_apb/vhdl/reader/
  PL110_VC/global/bustalk_apb/vhdl/reader/reader.vhd
  PL110_VC/global/bustalk_apb/vhdl/reader/readline.vhd
  PL110_VC/global/bustalk_apb/vhdl/vr/
  PL110_VC/global/bustalk_apb/vhdl/vr/linedrv.vhd
  PL110_VC/global/bustalk_apb/vhdl/vr/reg.vhd
  PL110_VC/global/bustalk_apb/vhdl/vr/vio_driver.vhd
  PL110_VC/global/bustalk_apb/vhdl/vr/viregcyc_drivers.vhd
  PL110_VC/global/bustalk_apb/vhdl/vr/vregbank.vhd
  PL110_VC/global/modelsim/
  PL110_VC/global/modelsim/DirMakefile.mk
  PL110_VC/global/modelsim/DirSimMakefile.mk
  PL110_VC/global/modelsim/init.do
  PL110_VC/global/modelsim/libmap
  PL110_VC/global/modelsim/modelsim.ini
  PL110_VC/global/modelsim/modelsim_bustalk.ini
  PL110_VC/global/modelsim/modelsim_tictalk.ini
  PL110_VC/global/modelsim/RtlMakefile.mk
  PL110_VC/global/modelsim/SimMakefile.mk

PL110-SW-02001-r1p2-00ltd0 :

  PL110_SW/apclcd/
  PL110_SW/apclcd/apclcd.h
  PL110_SW/apclcd/apdraw.h
  PL110_SW/apclcd/clcd.c
  PL110_SW/apclcd/clcd.h
  PL110_SW/apclcd/clcdtst.c
  PL110_SW/apclcd/clR8x8.c
  PL110_SW/apclcd/clR8x8.h
  PL110_SW/apclcd/draw.c

PL110-VE-01010-r1p2-00ltd0 :

  PL110_VC/clcd_pl110/
  PL110_VC/clcd_pl110/integration/
  PL110_VC/clcd_pl110/integration/bustest/
  PL110_VC/clcd_pl110/integration/bustest/Check_Integration.c
  PL110_VC/clcd_pl110/integration/bustest/Clcd.c
  PL110_VC/clcd_pl110/integration/bustest/Clcd.h
  PL110_VC/clcd_pl110/integration/bustest/makefile
  PL110_VC/clcd_pl110/integration/bustest/README
  PL110_VC/clcd_pl110/integration/makefile
  PL110_VC/global/
  PL110_VC/global/bustalk_ahb/
  PL110_VC/global/bustalk_ahb/bustest/
  PL110_VC/global/bustalk_ahb/bustest/addargs_script
  PL110_VC/global/bustalk_ahb/bustest/bif2sim.awk
  PL110_VC/global/bustalk_ahb/bustest/busheader.h
  PL110_VC/global/bustalk_ahb/bustest/busmacros.c
  PL110_VC/global/bustalk_ahb/bustest/busmacros.h
  PL110_VC/global/bustalk_ahb/bustest/BusTalkMakefile.mk
  PL110_VC/global/bustalk_ahb/bustest/config.h
  PL110_VC/global/bustalk_ahb/bustest/include.h
  PL110_VC/global/bustalk_ahb/bustest/tif2bif
  PL110_VC/global/bustalk_ahb/bustest/tif2sim.awk
  PL110_VC/global/bustalk_apb/
  PL110_VC/global/bustalk_apb/bustest/
  PL110_VC/global/bustalk_apb/bustest/addargs_script
  PL110_VC/global/bustalk_apb/bustest/bif2sim.awk
  PL110_VC/global/bustalk_apb/bustest/busheader.h
  PL110_VC/global/bustalk_apb/bustest/busmacros.c
  PL110_VC/global/bustalk_apb/bustest/busmacros.h
  PL110_VC/global/bustalk_apb/bustest/BusTalkMakefile.mk
  PL110_VC/global/bustalk_apb/bustest/config.h
  PL110_VC/global/bustalk_apb/bustest/include.h
  PL110_VC/global/bustalk_apb/bustest/tif2bif
  PL110_VC/global/bustalk_apb/bustest/tif2sim.awk

PL110-VE-01012-r1p2-00ltd0 :

  PL110_VC/clcd_pl110/
  PL110_VC/clcd_pl110/verification/
  PL110_VC/clcd_pl110/verification/bustest/
  PL110_VC/clcd_pl110/verification/bustest/Check_Flat.c
  PL110_VC/clcd_pl110/verification/bustest/Check_FreqTest.c
  PL110_VC/clcd_pl110/verification/bustest/Check_Integration.c
  PL110_VC/clcd_pl110/verification/bustest/Check_IntrTest.c
  PL110_VC/clcd_pl110/verification/bustest/Check_Large.c
  PL110_VC/clcd_pl110/verification/bustest/Check_PwrSeq.c
  PL110_VC/clcd_pl110/verification/bustest/Check_Retry.c
  PL110_VC/clcd_pl110/verification/bustest/Check_STNDualCLR.c
  PL110_VC/clcd_pl110/verification/bustest/Check_STNDualM.c
  PL110_VC/clcd_pl110/verification/bustest/Check_STNSingleCLR.c
  PL110_VC/clcd_pl110/verification/bustest/Check_STNSingleM.c
  PL110_VC/clcd_pl110/verification/bustest/Check_TFT.c
  PL110_VC/clcd_pl110/verification/bustest/Check_TFT_1.c
  PL110_VC/clcd_pl110/verification/bustest/Check_Vertical.c
  PL110_VC/clcd_pl110/verification/bustest/Clcd.c
  PL110_VC/clcd_pl110/verification/bustest/Clcd.h
  PL110_VC/clcd_pl110/verification/bustest/Clcd_WithIntegrationTests.c
  PL110_VC/clcd_pl110/verification/bustest/makefile
  PL110_VC/clcd_pl110/verification/bustest/README
  PL110_VC/clcd_pl110/verification/bustest/template.c
  PL110_VC/clcd_pl110/verification/makefile
  PL110_VC/global/
  PL110_VC/global/bustalk_ahb/
  PL110_VC/global/bustalk_ahb/bustest/
  PL110_VC/global/bustalk_ahb/bustest/addargs_script
  PL110_VC/global/bustalk_ahb/bustest/bif2sim.awk
  PL110_VC/global/bustalk_ahb/bustest/busheader.h
  PL110_VC/global/bustalk_ahb/bustest/busmacros.c
  PL110_VC/global/bustalk_ahb/bustest/busmacros.h
  PL110_VC/global/bustalk_ahb/bustest/BusTalkMakefile.mk
  PL110_VC/global/bustalk_ahb/bustest/config.h
  PL110_VC/global/bustalk_ahb/bustest/include.h
  PL110_VC/global/bustalk_ahb/bustest/tif2bif
  PL110_VC/global/bustalk_ahb/bustest/tif2sim.awk
  PL110_VC/global/bustalk_apb/
  PL110_VC/global/bustalk_apb/bustest/
  PL110_VC/global/bustalk_apb/bustest/addargs_script
  PL110_VC/global/bustalk_apb/bustest/bif2sim.awk
  PL110_VC/global/bustalk_apb/bustest/busheader.h
  PL110_VC/global/bustalk_apb/bustest/busmacros.c
  PL110_VC/global/bustalk_apb/bustest/busmacros.h
  PL110_VC/global/bustalk_apb/bustest/BusTalkMakefile.mk
  PL110_VC/global/bustalk_apb/bustest/config.h
  PL110_VC/global/bustalk_apb/bustest/include.h
  PL110_VC/global/bustalk_apb/bustest/tif2bif
  PL110_VC/global/bustalk_apb/bustest/tif2sim.awk

