--------------------------------------------------------------------------------
Release  Trace 
Copyright (c) 1995-2006 Xilinx, Inc.  All rights reserved.

D:\Xilinx\bin\nt\trce.exe -ise
E:/RTL_COMPLETE/SOURCE_PROJECT/I2S_AUDIO/I2S_AUDIO.ise -intstyle ise -e 3 -l 3
-s 10 -xml audio audio.ncd -o audio.twr audio.pcf -ucf audio.ucf

Design file:              audio.ncd
Physical constraint file: audio.pcf
Device,speed:             xc4vlx200,-10 (PRODUCTION 1.60 2006-05-03, STEPPING level 1)
Report level:             error report

Environment Variable      Effect 
--------------------      ------ 
NONE                      No environment variables were set
--------------------------------------------------------------------------------

INFO:Timing:2698 - No timing constraints found, doing default enumeration.
INFO:Timing:2752 - To get complete path coverage, use the unconstrained paths 
   option. All paths that are not constrained will be reported in the 
   unconstrained paths section(s) of the report.



Data Sheet report:
-----------------
All values displayed in nanoseconds (ns)

Setup/Hold to clock clk
------------+------------+------------+------------------+--------+
            |  Setup to  |  Hold to   |                  | Clock  |
Source      | clk (edge) | clk (edge) |Internal Clock(s) | Phase  |
------------+------------+------------+------------------+--------+
sdto        |   -1.105(R)|    2.736(R)|clk_BUFGP         |   0.000|
sw          |    1.097(R)|    0.712(R)|clk_BUFGP         |   0.000|
------------+------------+------------+------------------+--------+

Clock clk to Pad
------------+------------+------------------+--------+
            | clk (edge) |                  | Clock  |
Destination |   to PAD   |Internal Clock(s) | Phase  |
------------+------------+------------------+--------+
L3_SCLK     |   13.495(R)|clk_BUFGP         |   0.000|
lrck        |   12.200(R)|clk_BUFGP         |   0.000|
mclk        |   12.358(R)|clk_BUFGP         |   0.000|
sclk        |   11.999(R)|clk_BUFGP         |   0.000|
sdti        |   10.015(R)|clk_BUFGP         |   0.000|
------------+------------+------------------+--------+

Clock to Setup on destination clock clk
---------------+---------+---------+---------+---------+
               | Src:Rise| Src:Fall| Src:Rise| Src:Fall|
Source Clock   |Dest:Rise|Dest:Rise|Dest:Fall|Dest:Fall|
---------------+---------+---------+---------+---------+
clk            |    6.015|         |         |         |
---------------+---------+---------+---------+---------+


Analysis completed Wed Jan 03 16:35:44 2007
--------------------------------------------------------------------------------

Trace Settings:
-------------------------
Trace Settings 

Peak Memory Usage: 390 MB



