$ START_CHANGES_FILE

$ Synopsys, Inc.
$ Version:  V-2004.06-SP2
$ Date:  Thu Jun 23 14:14:23 2005
$ Design:  rc8051RtlTop

# Report on the changes made during optimization.

$ END_CHANGES_FILE

$ START_CHANGES_FILE

$ Synopsys, Inc.
$ Version:  V-2004.06-SP2
$ Date:  Thu Jun 23 16:55:23 2005
$ Design:  rc8051RtlTop

# Report on the changes made during optimization.

$ END_CHANGES_FILE

$ START_CHANGES_FILE

$ Synopsys, Inc.
$ Version:  V-2004.06-SP2
$ Date:  Fri Jun 24 18:19:36 2005
$ Design:  rc8051RtlTop

# Report on the changes made during optimization.

$ END_CHANGES_FILE

$ START_CHANGES_FILE

$ Synopsys, Inc.
$ Version:  V-2004.06-SP2
$ Date:  Sat Jun 25 11:49:10 2005
$ Design:  rc8051RtlTop

# Report on the changes made during optimization.

$ END_CHANGES_FILE

$ START_CHANGES_FILE

$ Synopsys, Inc.
$ Version:  V-2004.06-SP2
$ Date:  Sat Jun 25 14:55:07 2005
$ Design:  rc8051RtlTop

# Report on the changes made during optimization.

$ END_CHANGES_FILE

$ START_CHANGES_FILE

$ Synopsys, Inc.
$ Version:  V-2004.06-SP2
$ Date:  Wed Jun 29 16:17:16 2005
$ Design:  DW_mult_pipe_a_width8_b_width8_num_stages5

# Report on the changes made during optimization.

$ END_CHANGES_FILE

$ START_CHANGES_FILE

$ Synopsys, Inc.
$ Version:  V-2004.06-SP2
$ Date:  Wed Jun 29 16:20:53 2005
$ Design:  rc8051RtlTop

# Report on the changes made during optimization.

$ END_CHANGES_FILE

$ START_CHANGES_FILE

$ Synopsys, Inc.
$ Version:  V-2004.06-SP2
$ Date:  Thu Jun 30 11:18:09 2005
$ Design:  rc8051RtlTop

# Report on the changes made during optimization.

$ END_CHANGES_FILE

$ START_CHANGES_FILE

$ Synopsys, Inc.
$ Version:  V-2004.06-SP2
$ Date:  Thu Jun 30 11:33:18 2005
$ Design:  rc8051RtlTop

# Report on the changes made during optimization.

$ END_CHANGES_FILE

$ START_CHANGES_FILE

$ Synopsys, Inc.
$ Version:  V-2004.06-SP2
$ Date:  Thu Jun 30 12:04:21 2005
$ Design:  rc8051RtlTop

# Report on the changes made during optimization.

$ END_CHANGES_FILE

$ START_CHANGES_FILE

$ Synopsys, Inc.
$ Version:  V-2004.06-SP2
$ Date:  Thu Jun 30 13:51:57 2005
$ Design:  rc8051RtlTop

# Report on the changes made during optimization.

$ END_CHANGES_FILE

$ START_CHANGES_FILE

$ Synopsys, Inc.
$ Version:  V-2004.06-SP2
$ Date:  Thu Jun 30 14:18:16 2005
$ Design:  rc8051RtlTop

# Report on the changes made during optimization.

$ END_CHANGES_FILE

$ START_CHANGES_FILE

$ Synopsys, Inc.
$ Version:  V-2004.06-SP2
$ Date:  Thu Jun 30 16:25:29 2005
$ Design:  rc8051RtlTop

# Report on the changes made during optimization.

$ END_CHANGES_FILE

$ START_CHANGES_FILE

$ Synopsys, Inc.
$ Version:  V-2004.06-SP2
$ Date:  Thu Jun 30 16:58:34 2005
$ Design:  rc8051RtlTop

# Report on the changes made during optimization.

$ END_CHANGES_FILE

$ START_CHANGES_FILE

$ Synopsys, Inc.
$ Version:  V-2004.06-SP2
$ Date:  Thu Jun 30 17:28:40 2005
$ Design:  rc8051RtlTop

# Report on the changes made during optimization.

$ END_CHANGES_FILE

$ START_CHANGES_FILE

$ Synopsys, Inc.
$ Version:  V-2004.06-SP2
$ Date:  Fri Jul  1 12:47:56 2005
$ Design:  rc8051RtlTop

# Report on the changes made during optimization.

$ END_CHANGES_FILE

