Information: Using TC-DFT license only. Generated vectors will not be saved. (UIT-190)
  Loading design 'Sdram'
  Using test design rule information from previous check_test run
Warning: Violations occurred during test design rule checking. (TEST-124)
  Building test generation network
Information: Faults on unused cell outputs are not considered, for example pin ZN of cell uSdramEngine/uSdramCmdSeq/U7272 (inv0d0). (TEST-200)

  Combinational Test Pattern Generation starts:

    Start random pattern generation...

       48.50% faults processed ; cumulative fault coverage =  48.50%
       54.48% faults processed ; cumulative fault coverage =  54.48%
       55.71% faults processed ; cumulative fault coverage =  55.71%
       57.98% faults processed ; cumulative fault coverage =  57.98%
       59.04% faults processed ; cumulative fault coverage =  59.04%
       60.24% faults processed ; cumulative fault coverage =  60.24%
       60.59% faults processed ; cumulative fault coverage =  60.59%
       60.86% faults processed ; cumulative fault coverage =  60.86%
       62.17% faults processed ; cumulative fault coverage =  62.17%
       62.73% faults processed ; cumulative fault coverage =  62.73%
       64.24% faults processed ; cumulative fault coverage =  64.24%
       65.25% faults processed ; cumulative fault coverage =  65.25%
       65.98% faults processed ; cumulative fault coverage =  65.98%
       66.29% faults processed ; cumulative fault coverage =  66.29%
       66.69% faults processed ; cumulative fault coverage =  66.69%
       67.60% faults processed ; cumulative fault coverage =  67.60%
       68.06% faults processed ; cumulative fault coverage =  68.06%
       68.22% faults processed ; cumulative fault coverage =  68.22%
       68.87% faults processed ; cumulative fault coverage =  68.87%
       68.87% faults processed ; cumulative fault coverage =  68.87%
       69.33% faults processed ; cumulative fault coverage =  69.33%
       69.61% faults processed ; cumulative fault coverage =  69.61%
       69.75% faults processed ; cumulative fault coverage =  69.75%
       70.03% faults processed ; cumulative fault coverage =  70.03%
       70.19% faults processed ; cumulative fault coverage =  70.19%
       70.79% faults processed ; cumulative fault coverage =  70.79%
       71.13% faults processed ; cumulative fault coverage =  71.13%
       71.36% faults processed ; cumulative fault coverage =  71.36%
       71.42% faults processed ; cumulative fault coverage =  71.42%
       71.62% faults processed ; cumulative fault coverage =  71.62%
       71.85% faults processed ; cumulative fault coverage =  71.85%
       72.08% faults processed ; cumulative fault coverage =  72.08%
       72.36% faults processed ; cumulative fault coverage =  72.36%
       72.51% faults processed ; cumulative fault coverage =  72.51%
       72.92% faults processed ; cumulative fault coverage =  72.92%
       72.96% faults processed ; cumulative fault coverage =  72.96%
       73.08% faults processed ; cumulative fault coverage =  73.08%
       73.19% faults processed ; cumulative fault coverage =  73.19%
       73.41% faults processed ; cumulative fault coverage =  73.41%
       73.84% faults processed ; cumulative fault coverage =  73.84%
       73.90% faults processed ; cumulative fault coverage =  73.90%
       73.97% faults processed ; cumulative fault coverage =  73.97%
       74.00% faults processed ; cumulative fault coverage =  74.00%
       74.18% faults processed ; cumulative fault coverage =  74.18%
       74.25% faults processed ; cumulative fault coverage =  74.25%
       74.29% faults processed ; cumulative fault coverage =  74.29%
       74.40% faults processed ; cumulative fault coverage =  74.40%
       74.47% faults processed ; cumulative fault coverage =  74.47%
       74.63% faults processed ; cumulative fault coverage =  74.63%
       74.73% faults processed ; cumulative fault coverage =  74.73%
       74.76% faults processed ; cumulative fault coverage =  74.76%
       74.80% faults processed ; cumulative fault coverage =  74.80%

    ...End random pattern generation

    Start deterministic pattern generation...

       76.87% faults processed ; cumulative fault coverage =  76.53%
       77.63% faults processed ; cumulative fault coverage =  77.30%
       78.25% faults processed ; cumulative fault coverage =  77.92%
       78.64% faults processed ; cumulative fault coverage =  78.31%
       79.68% faults processed ; cumulative fault coverage =  79.36%
       80.56% faults processed ; cumulative fault coverage =  80.24%
       81.89% faults processed ; cumulative fault coverage =  81.57%
       83.46% faults processed ; cumulative fault coverage =  83.15%
       84.66% faults processed ; cumulative fault coverage =  84.35%
       85.13% faults processed ; cumulative fault coverage =  84.82%
       86.19% faults processed ; cumulative fault coverage =  85.88%
       86.65% faults processed ; cumulative fault coverage =  86.35%
       87.59% faults processed ; cumulative fault coverage =  87.30%
       88.16% faults processed ; cumulative fault coverage =  87.87%
       88.93% faults processed ; cumulative fault coverage =  88.65%
       89.70% faults processed ; cumulative fault coverage =  89.42%
       90.10% faults processed ; cumulative fault coverage =  89.82%
       90.45% faults processed ; cumulative fault coverage =  90.17%
       90.96% faults processed ; cumulative fault coverage =  90.68%
       91.38% faults processed ; cumulative fault coverage =  91.10%
       91.78% faults processed ; cumulative fault coverage =  91.50%
       92.20% faults processed ; cumulative fault coverage =  91.91%
       92.52% faults processed ; cumulative fault coverage =  92.22%
       92.92% faults processed ; cumulative fault coverage =  92.62%
       93.23% faults processed ; cumulative fault coverage =  92.93%
       93.50% faults processed ; cumulative fault coverage =  93.21%
       93.89% faults processed ; cumulative fault coverage =  93.59%
       94.17% faults processed ; cumulative fault coverage =  93.87%
       94.45% faults processed ; cumulative fault coverage =  94.15%
       94.81% faults processed ; cumulative fault coverage =  94.51%
       95.12% faults processed ; cumulative fault coverage =  94.82%
       95.42% faults processed ; cumulative fault coverage =  95.12%
       95.68% faults processed ; cumulative fault coverage =  95.38%
       95.89% faults processed ; cumulative fault coverage =  95.60%
       96.15% faults processed ; cumulative fault coverage =  95.85%
       96.37% faults processed ; cumulative fault coverage =  96.08%
       96.58% faults processed ; cumulative fault coverage =  96.27%
       96.77% faults processed ; cumulative fault coverage =  96.47%
       97.03% faults processed ; cumulative fault coverage =  96.72%
       97.30% faults processed ; cumulative fault coverage =  96.98%
       97.52% faults processed ; cumulative fault coverage =  97.20%
       97.77% faults processed ; cumulative fault coverage =  97.44%
       98.01% faults processed ; cumulative fault coverage =  97.67%
       98.26% faults processed ; cumulative fault coverage =  97.92%
       98.44% faults processed ; cumulative fault coverage =  98.10%
       98.65% faults processed ; cumulative fault coverage =  98.29%
       98.83% faults processed ; cumulative fault coverage =  98.47%
       99.01% faults processed ; cumulative fault coverage =  98.65%
       99.23% faults processed ; cumulative fault coverage =  98.85%
       99.42% faults processed ; cumulative fault coverage =  99.04%
       99.65% faults processed ; cumulative fault coverage =  99.23%
       99.81% faults processed ; cumulative fault coverage =  99.39%
      100.00% faults processed ; cumulative fault coverage =  99.54%

    ...End deterministic pattern generation


                                Non-collapsed     Collapsed
    No. of detected faults      24926             22472
    No. of abandoned faults     30                25
    No. of tied faults          156               146
    No. of redundant faults     12                12
    No. of untested faults      81                79
    Total no. of faults         25205             22734
    Fault coverage              99.56             99.54

    No. of test patterns         1462

    Test Generation Time (CPU)  175.47 sec
...Writing test program /home/work/sdramc_pl170/synopsys_ref/report/Sdram_scan_verilog_patterns (without vectors) to file /home/work/sdramc_pl170/synopsys_ref/report/Sdram_scan_verilog_patterns.vdb
