 AREA REPORT FOR DESIGN : /home/work/sdramc_pl170/synopsys_ref/scr_sdram/Sdram.db:Sdram
    
 
****************************************
Report : area
Design : Sdram
Version: 1999.05-2
Date   : Sat Sep  9 07:05:39 2000
****************************************

Library(s) Used:

    cb25os163_max (File: /home/work/sdramc_pl170/synopsys_ref/cell_lib/cb25os163_max.db)

Number of ports:              535
Number of nets:              1099
Number of cells:               77
Number of references:          17

Combinational area:       34767.750000
Noncombinational area:    22615.250000
Net Interconnect area:    29227.083984 

Total cell area:          57383.000000
Total area:               86610.085938
    
Information: Updating design information... (UID-85)
 
****************************************
Report : area
Design : SdramBigEndian_0
Version: 1999.05-2
Date   : Sat Sep  9 07:05:44 2000
****************************************

Library(s) Used:

    cb25os163_max (File: /home/work/sdramc_pl170/synopsys_ref/cell_lib/cb25os163_max.db)

Number of ports:                5
Number of nets:                 5
Number of cells:                2
Number of references:           1

Combinational area:          4.500000
Noncombinational area:       0.000000
Net Interconnect area:       1.234000  

Total cell area:             4.500000
Total area:                  5.734000
    
Information: Updating design information... (UID-85)
 
****************************************
Report : area
Design : SdramBigEndian_1
Version: 1999.05-2
Date   : Sat Sep  9 07:05:47 2000
****************************************

Library(s) Used:

    cb25os163_max (File: /home/work/sdramc_pl170/synopsys_ref/cell_lib/cb25os163_max.db)

Number of ports:                5
Number of nets:                 5
Number of cells:                2
Number of references:           1

Combinational area:          4.500000
Noncombinational area:       0.000000
Net Interconnect area:       1.234000  

Total cell area:             4.500000
Total area:                  5.734000
    
Information: Updating design information... (UID-85)
 
****************************************
Report : area
Design : SdramBigEndian_2
Version: 1999.05-2
Date   : Sat Sep  9 07:05:49 2000
****************************************

Library(s) Used:

    cb25os163_max (File: /home/work/sdramc_pl170/synopsys_ref/cell_lib/cb25os163_max.db)

Number of ports:                5
Number of nets:                 5
Number of cells:                2
Number of references:           1

Combinational area:          4.500000
Noncombinational area:       0.000000
Net Interconnect area:       1.234000  

Total cell area:             4.500000
Total area:                  5.734000
    
Information: Updating design information... (UID-85)
 
****************************************
Report : area
Design : SdramBigEndian_3
Version: 1999.05-2
Date   : Sat Sep  9 07:05:51 2000
****************************************

Library(s) Used:

    cb25os163_max (File: /home/work/sdramc_pl170/synopsys_ref/cell_lib/cb25os163_max.db)

Number of ports:                5
Number of nets:                 5
Number of cells:                2
Number of references:           1

Combinational area:          4.500000
Noncombinational area:       0.000000
Net Interconnect area:       1.234000  

Total cell area:             4.500000
Total area:                  5.734000
    
Information: Updating design information... (UID-85)
 
****************************************
Report : area
Design : SdramAhbif_WR_BUF_COUNT2_RD_BUF_COUNT1_0
Version: 1999.05-2
Date   : Sat Sep  9 07:06:04 2000
****************************************

Library(s) Used:

    cb25os163_max (File: /home/work/sdramc_pl170/synopsys_ref/cell_lib/cb25os163_max.db)

Number of ports:              279
Number of nets:              5053
Number of cells:             4745
Number of references:         114

Combinational area:       6342.250000
Noncombinational area:    4237.250000
Net Interconnect area:    4735.125977  

Total cell area:          10579.500000
Total area:               15314.625977
    
Information: Updating design information... (UID-85)
 
****************************************
Report : area
Design : SdramAhbif_WR_BUF_COUNT2_RD_BUF_COUNT1_1
Version: 1999.05-2
Date   : Sat Sep  9 07:06:17 2000
****************************************

Library(s) Used:

    cb25os163_max (File: /home/work/sdramc_pl170/synopsys_ref/cell_lib/cb25os163_max.db)

Number of ports:              279
Number of nets:              5086
Number of cells:             4777
Number of references:         117

Combinational area:       6275.500000
Noncombinational area:    4261.250000
Net Interconnect area:    4702.114746  

Total cell area:          10536.750000
Total area:               15238.865234
    
Information: Updating design information... (UID-85)
 
****************************************
Report : area
Design : SdramAhbif_WR_BUF_COUNT2_RD_BUF_COUNT1_2
Version: 1999.05-2
Date   : Sat Sep  9 07:06:30 2000
****************************************

Library(s) Used:

    cb25os163_max (File: /home/work/sdramc_pl170/synopsys_ref/cell_lib/cb25os163_max.db)

Number of ports:              279
Number of nets:              5031
Number of cells:             4720
Number of references:         119

Combinational area:       6276.500000
Noncombinational area:    4234.500000
Net Interconnect area:    4694.937012  

Total cell area:          10511.000000
Total area:               15205.937500
    
Information: Updating design information... (UID-85)
 
****************************************
Report : area
Design : SdramAhbif_WR_BUF_COUNT2_RD_BUF_COUNT1_3
Version: 1999.05-2
Date   : Sat Sep  9 07:06:44 2000
****************************************

Library(s) Used:

    cb25os163_max (File: /home/work/sdramc_pl170/synopsys_ref/cell_lib/cb25os163_max.db)

Number of ports:              279
Number of nets:              5166
Number of cells:             4857
Number of references:         121

Combinational area:       6360.250000
Noncombinational area:    4236.750000
Net Interconnect area:    4740.187012  

Total cell area:          10597.000000
Total area:               15337.187500
    
Information: Updating design information... (UID-85)
  Allocating blocks in 'SdramAhbWrBuf0_WR_BUF_COUNT2_0'
Information: Changed wire load model for 'DW01_add_2.model.rpl' from '(none)' to 'ForQA'. (OPT-170)
Information: Changed minimum wire load model for 'DW01_add_2.model.rpl' from 'ForQA' to 'ForQA'. (OPT-171)
 
****************************************
Report : area
Design : SdramAhbWrBuf0_WR_BUF_COUNT2_0
Version: 1999.05-2
Date   : Sat Sep  9 07:07:04 2000
****************************************

Library(s) Used:

    gtech (File: /eda/tools/synopsys/1999.05-2/libraries/syn/gtech.db)

Number of ports:              181
Number of nets:              1442
Number of cells:              863
Number of references:         264

Combinational area:          0.000000
Noncombinational area:       0.000000
Net Interconnect area:    3324.785400  

Total cell area:             0.000000
Total area:               3324.785400

Information: This design contains unmapped logic. (RPT-7)
Information: This design contains black box (unknown) components. (RPT-8)
    
Information: Updating design information... (UID-85)
  Allocating blocks in 'SdramAhbWrBuf0_WR_BUF_COUNT2_1'
Information: Changed wire load model for 'DW01_add_2.model.rpl' from '(none)' to 'ForQA'. (OPT-170)
Information: Changed minimum wire load model for 'DW01_add_2.model.rpl' from 'ForQA' to 'ForQA'. (OPT-171)
 
****************************************
Report : area
Design : SdramAhbWrBuf0_WR_BUF_COUNT2_1
Version: 1999.05-2
Date   : Sat Sep  9 07:07:20 2000
****************************************

Library(s) Used:

    gtech (File: /eda/tools/synopsys/1999.05-2/libraries/syn/gtech.db)

Number of ports:              181
Number of nets:              1442
Number of cells:              863
Number of references:         264

Combinational area:          0.000000
Noncombinational area:       0.000000
Net Interconnect area:    3324.785400  

Total cell area:             0.000000
Total area:               3324.785400

Information: This design contains unmapped logic. (RPT-7)
Information: This design contains black box (unknown) components. (RPT-8)
    
Information: Updating design information... (UID-85)
  Allocating blocks in 'SdramAhbWrBuf0_WR_BUF_COUNT2_2'
Information: Changed wire load model for 'DW01_add_2.model.rpl' from '(none)' to 'ForQA'. (OPT-170)
Information: Changed minimum wire load model for 'DW01_add_2.model.rpl' from 'ForQA' to 'ForQA'. (OPT-171)
 
****************************************
Report : area
Design : SdramAhbWrBuf0_WR_BUF_COUNT2_2
Version: 1999.05-2
Date   : Sat Sep  9 07:07:37 2000
****************************************

Library(s) Used:

    gtech (File: /eda/tools/synopsys/1999.05-2/libraries/syn/gtech.db)

Number of ports:              181
Number of nets:              1442
Number of cells:              863
Number of references:         264

Combinational area:          0.000000
Noncombinational area:       0.000000
Net Interconnect area:    3324.785400  

Total cell area:             0.000000
Total area:               3324.785400

Information: This design contains unmapped logic. (RPT-7)
Information: This design contains black box (unknown) components. (RPT-8)
    
Information: Updating design information... (UID-85)
  Allocating blocks in 'SdramAhbWrBuf0_WR_BUF_COUNT2_3'
Information: Changed wire load model for 'DW01_add_2.model.rpl' from '(none)' to 'ForQA'. (OPT-170)
Information: Changed minimum wire load model for 'DW01_add_2.model.rpl' from 'ForQA' to 'ForQA'. (OPT-171)
 
****************************************
Report : area
Design : SdramAhbWrBuf0_WR_BUF_COUNT2_3
Version: 1999.05-2
Date   : Sat Sep  9 07:07:53 2000
****************************************

Library(s) Used:

    gtech (File: /eda/tools/synopsys/1999.05-2/libraries/syn/gtech.db)

Number of ports:              181
Number of nets:              1442
Number of cells:              863
Number of references:         264

Combinational area:          0.000000
Noncombinational area:       0.000000
Net Interconnect area:    3324.785400  

Total cell area:             0.000000
Total area:               3324.785400

Information: This design contains unmapped logic. (RPT-7)
Information: This design contains black box (unknown) components. (RPT-8)
    
Information: Updating design information... (UID-85)
  Allocating blocks in 'SdramAhbRdBuf0_RD_BUF_COUNT1_0'
Information: Changed wire load model for 'DW01_add_2.model.rpl' from '(none)' to 'ForQA'. (OPT-170)
Information: Changed minimum wire load model for 'DW01_add_2.model.rpl' from 'ForQA' to 'ForQA'. (OPT-171)
 
****************************************
Report : area
Design : SdramAhbRdBuf0_RD_BUF_COUNT1_0
Version: 1999.05-2
Date   : Sat Sep  9 07:08:08 2000
****************************************

Library(s) Used:

    gtech (File: /eda/tools/synopsys/1999.05-2/libraries/syn/gtech.db)

Number of ports:              140
Number of nets:              1104
Number of cells:              630
Number of references:         173

Combinational area:          0.000000
Noncombinational area:       0.000000
Net Interconnect area:    2822.916748  

Total cell area:             0.000000
Total area:               2822.916748

Information: This design contains unmapped logic. (RPT-7)
Information: This design contains black box (unknown) components. (RPT-8)
    
Information: Updating design information... (UID-85)
  Allocating blocks in 'SdramAhbRdBuf0_RD_BUF_COUNT1_1'
Information: Changed wire load model for 'DW01_add_2.model.rpl' from '(none)' to 'ForQA'. (OPT-170)
Information: Changed minimum wire load model for 'DW01_add_2.model.rpl' from 'ForQA' to 'ForQA'. (OPT-171)
 
****************************************
Report : area
Design : SdramAhbRdBuf0_RD_BUF_COUNT1_1
Version: 1999.05-2
Date   : Sat Sep  9 07:08:23 2000
****************************************

Library(s) Used:

    gtech (File: /eda/tools/synopsys/1999.05-2/libraries/syn/gtech.db)

Number of ports:              140
Number of nets:              1104
Number of cells:              630
Number of references:         173

Combinational area:          0.000000
Noncombinational area:       0.000000
Net Interconnect area:    2822.916748  

Total cell area:             0.000000
Total area:               2822.916748

Information: This design contains unmapped logic. (RPT-7)
Information: This design contains black box (unknown) components. (RPT-8)
    
Information: Updating design information... (UID-85)
  Allocating blocks in 'SdramAhbRdBuf0_RD_BUF_COUNT1_2'
Information: Changed wire load model for 'DW01_add_2.model.rpl' from '(none)' to 'ForQA'. (OPT-170)
Information: Changed minimum wire load model for 'DW01_add_2.model.rpl' from 'ForQA' to 'ForQA'. (OPT-171)
 
****************************************
Report : area
Design : SdramAhbRdBuf0_RD_BUF_COUNT1_2
Version: 1999.05-2
Date   : Sat Sep  9 07:08:38 2000
****************************************

Library(s) Used:

    gtech (File: /eda/tools/synopsys/1999.05-2/libraries/syn/gtech.db)

Number of ports:              140
Number of nets:              1104
Number of cells:              630
Number of references:         173

Combinational area:          0.000000
Noncombinational area:       0.000000
Net Interconnect area:    2822.916748  

Total cell area:             0.000000
Total area:               2822.916748

Information: This design contains unmapped logic. (RPT-7)
Information: This design contains black box (unknown) components. (RPT-8)
    
Information: Updating design information... (UID-85)
  Allocating blocks in 'SdramAhbRdBuf0_RD_BUF_COUNT1_3'
Information: Changed wire load model for 'DW01_add_2.model.rpl' from '(none)' to 'ForQA'. (OPT-170)
Information: Changed minimum wire load model for 'DW01_add_2.model.rpl' from 'ForQA' to 'ForQA'. (OPT-171)
 
****************************************
Report : area
Design : SdramAhbRdBuf0_RD_BUF_COUNT1_3
Version: 1999.05-2
Date   : Sat Sep  9 07:08:53 2000
****************************************

Library(s) Used:

    gtech (File: /eda/tools/synopsys/1999.05-2/libraries/syn/gtech.db)

Number of ports:              140
Number of nets:              1104
Number of cells:              630
Number of references:         173

Combinational area:          0.000000
Noncombinational area:       0.000000
Net Interconnect area:    2822.916748  

Total cell area:             0.000000
Total area:               2822.916748

Information: This design contains unmapped logic. (RPT-7)
Information: This design contains black box (unknown) components. (RPT-8)
    
Information: Updating design information... (UID-85)
  Allocating blocks in 'SdramAhbWrBuf1_WR_BUF_COUNT2_0'
Information: Changed wire load model for 'DW01_add_2.model.rpl' from '(none)' to 'ForQA'. (OPT-170)
Information: Changed minimum wire load model for 'DW01_add_2.model.rpl' from 'ForQA' to 'ForQA'. (OPT-171)
 
****************************************
Report : area
Design : SdramAhbWrBuf1_WR_BUF_COUNT2_0
Version: 1999.05-2
Date   : Sat Sep  9 07:09:10 2000
****************************************

Library(s) Used:

    gtech (File: /eda/tools/synopsys/1999.05-2/libraries/syn/gtech.db)

Number of ports:              181
Number of nets:              1442
Number of cells:              863
Number of references:         264

Combinational area:          0.000000
Noncombinational area:       0.000000
Net Interconnect area:    3324.785400  

Total cell area:             0.000000
Total area:               3324.785400

Information: This design contains unmapped logic. (RPT-7)
Information: This design contains black box (unknown) components. (RPT-8)
    
Information: Updating design information... (UID-85)
  Allocating blocks in 'SdramAhbWrBuf1_WR_BUF_COUNT2_1'
Information: Changed wire load model for 'DW01_add_2.model.rpl' from '(none)' to 'ForQA'. (OPT-170)
Information: Changed minimum wire load model for 'DW01_add_2.model.rpl' from 'ForQA' to 'ForQA'. (OPT-171)
 
****************************************
Report : area
Design : SdramAhbWrBuf1_WR_BUF_COUNT2_1
Version: 1999.05-2
Date   : Sat Sep  9 07:09:27 2000
****************************************

Library(s) Used:

    gtech (File: /eda/tools/synopsys/1999.05-2/libraries/syn/gtech.db)

Number of ports:              181
Number of nets:              1442
Number of cells:              863
Number of references:         264

Combinational area:          0.000000
Noncombinational area:       0.000000
Net Interconnect area:    3324.785400  

Total cell area:             0.000000
Total area:               3324.785400

Information: This design contains unmapped logic. (RPT-7)
Information: This design contains black box (unknown) components. (RPT-8)
    
Information: Updating design information... (UID-85)
  Allocating blocks in 'SdramAhbWrBuf1_WR_BUF_COUNT2_2'
Information: Changed wire load model for 'DW01_add_2.model.rpl' from '(none)' to 'ForQA'. (OPT-170)
Information: Changed minimum wire load model for 'DW01_add_2.model.rpl' from 'ForQA' to 'ForQA'. (OPT-171)
 
****************************************
Report : area
Design : SdramAhbWrBuf1_WR_BUF_COUNT2_2
Version: 1999.05-2
Date   : Sat Sep  9 07:09:43 2000
****************************************

Library(s) Used:

    gtech (File: /eda/tools/synopsys/1999.05-2/libraries/syn/gtech.db)

Number of ports:              181
Number of nets:              1442
Number of cells:              863
Number of references:         264

Combinational area:          0.000000
Noncombinational area:       0.000000
Net Interconnect area:    3324.785400  

Total cell area:             0.000000
Total area:               3324.785400

Information: This design contains unmapped logic. (RPT-7)
Information: This design contains black box (unknown) components. (RPT-8)
    
Information: Updating design information... (UID-85)
  Allocating blocks in 'SdramAhbWrBuf1_WR_BUF_COUNT2_3'
Information: Changed wire load model for 'DW01_add_2.model.rpl' from '(none)' to 'ForQA'. (OPT-170)
Information: Changed minimum wire load model for 'DW01_add_2.model.rpl' from 'ForQA' to 'ForQA'. (OPT-171)
 
****************************************
Report : area
Design : SdramAhbWrBuf1_WR_BUF_COUNT2_3
Version: 1999.05-2
Date   : Sat Sep  9 07:10:01 2000
****************************************

Library(s) Used:

    gtech (File: /eda/tools/synopsys/1999.05-2/libraries/syn/gtech.db)

Number of ports:              181
Number of nets:              1442
Number of cells:              863
Number of references:         264

Combinational area:          0.000000
Noncombinational area:       0.000000
Net Interconnect area:    3324.785400  

Total cell area:             0.000000
Total area:               3324.785400

Information: This design contains unmapped logic. (RPT-7)
Information: This design contains black box (unknown) components. (RPT-8)
    
Information: Updating design information... (UID-85)
 
****************************************
Report : area
Design : SdramArbFSM_0
Version: 1999.05-2
Date   : Sat Sep  9 07:10:05 2000
****************************************

Library(s) Used:

    cb25os163_max (File: /home/work/sdramc_pl170/synopsys_ref/cell_lib/cb25os163_max.db)

Number of ports:                9
Number of nets:                35
Number of cells:               27
Number of references:          17

Combinational area:         27.250000
Noncombinational area:      27.500000
Net Interconnect area:      15.431499  

Total cell area:            54.750000
Total area:                 70.181503
    
Information: Updating design information... (UID-85)
 
****************************************
Report : area
Design : SdramArbFSM_1
Version: 1999.05-2
Date   : Sat Sep  9 07:10:07 2000
****************************************

Library(s) Used:

    cb25os163_max (File: /home/work/sdramc_pl170/synopsys_ref/cell_lib/cb25os163_max.db)

Number of ports:                9
Number of nets:                34
Number of cells:               26
Number of references:          16

Combinational area:         28.750000
Noncombinational area:      27.500000
Net Interconnect area:      15.673500  

Total cell area:            56.250000
Total area:                 71.923500
    
Information: Updating design information... (UID-85)
 
****************************************
Report : area
Design : SdramArbFSM_2
Version: 1999.05-2
Date   : Sat Sep  9 07:10:10 2000
****************************************

Library(s) Used:

    cb25os163_max (File: /home/work/sdramc_pl170/synopsys_ref/cell_lib/cb25os163_max.db)

Number of ports:                9
Number of nets:                31
Number of cells:               23
Number of references:          17

Combinational area:         22.750000
Noncombinational area:      27.500000
Net Interconnect area:      14.782000  

Total cell area:            50.250000
Total area:                 65.031998
    
Information: Updating design information... (UID-85)
 
****************************************
Report : area
Design : SdramArbFSM_3
Version: 1999.05-2
Date   : Sat Sep  9 07:10:14 2000
****************************************

Library(s) Used:

    cb25os163_max (File: /home/work/sdramc_pl170/synopsys_ref/cell_lib/cb25os163_max.db)

Number of ports:                9
Number of nets:                31
Number of cells:               23
Number of references:          16

Combinational area:         26.000000
Noncombinational area:      27.500000
Net Interconnect area:      14.851500  

Total cell area:            53.500000
Total area:                 68.351501
    
Information: Updating design information... (UID-85)
 
****************************************
Report : area
Design : SdramDramFSM_0
Version: 1999.05-2
Date   : Sat Sep  9 07:10:20 2000
****************************************

Library(s) Used:

    cb25os163_max (File: /home/work/sdramc_pl170/synopsys_ref/cell_lib/cb25os163_max.db)

Number of ports:              126
Number of nets:               710
Number of cells:              630
Number of references:          78

Combinational area:        723.000000
Noncombinational area:     521.000000
Net Interconnect area:     562.244812  

Total cell area:          1244.000000
Total area:               1806.244873
    
Information: Updating design information... (UID-85)
 
****************************************
Report : area
Design : SdramDramFSM_1
Version: 1999.05-2
Date   : Sat Sep  9 07:10:25 2000
****************************************

Library(s) Used:

    cb25os163_max (File: /home/work/sdramc_pl170/synopsys_ref/cell_lib/cb25os163_max.db)

Number of ports:              126
Number of nets:               693
Number of cells:              613
Number of references:          69

Combinational area:        702.000000
Noncombinational area:     521.000000
Net Interconnect area:     559.401794  

Total cell area:          1223.000000
Total area:               1782.401855
    
Information: Updating design information... (UID-85)
 
****************************************
Report : area
Design : SdramDramFSM_2
Version: 1999.05-2
Date   : Sat Sep  9 07:10:30 2000
****************************************

Library(s) Used:

    cb25os163_max (File: /home/work/sdramc_pl170/synopsys_ref/cell_lib/cb25os163_max.db)

Number of ports:              126
Number of nets:               693
Number of cells:              613
Number of references:          79

Combinational area:        708.250000
Noncombinational area:     521.000000
Net Interconnect area:     557.417297  

Total cell area:          1229.250000
Total area:               1786.667236
    
Information: Updating design information... (UID-85)
 
****************************************
Report : area
Design : SdramDramFSM_3
Version: 1999.05-2
Date   : Sat Sep  9 07:10:35 2000
****************************************

Library(s) Used:

    cb25os163_max (File: /home/work/sdramc_pl170/synopsys_ref/cell_lib/cb25os163_max.db)

Number of ports:              126
Number of nets:               684
Number of cells:              604
Number of references:          77

Combinational area:        697.250000
Noncombinational area:     521.000000
Net Interconnect area:     553.133789  

Total cell area:          1218.250000
Total area:               1771.383789
    
Information: Updating design information... (UID-85)
 
****************************************
Report : area
Design : SdramAhbif_WR_BUF_COUNT2_RD_BUF_COUNT1_0_DW01_dec_16_0
Version: 1999.05-2
Date   : Sat Sep  9 07:10:38 2000
****************************************

Library(s) Used:

    cb25os163_max (File: /home/work/sdramc_pl170/synopsys_ref/cell_lib/cb25os163_max.db)

Number of ports:               32
Number of nets:                53
Number of cells:               37
Number of references:           9

Combinational area:         45.000000
Noncombinational area:       0.000000
Net Interconnect area:      19.966000  

Total cell area:            45.000000
Total area:                 64.966003
    
Information: Updating design information... (UID-85)
 
****************************************
Report : area
Design : SdramAhbif_WR_BUF_COUNT2_RD_BUF_COUNT1_0_DW01_add_27_0
Version: 1999.05-2
Date   : Sat Sep  9 07:10:40 2000
****************************************

Library(s) Used:

    cb25os163_max (File: /home/work/sdramc_pl170/synopsys_ref/cell_lib/cb25os163_max.db)

Number of ports:               83
Number of nets:               183
Number of cells:              151
Number of references:          36

Combinational area:        234.500000
Noncombinational area:       0.000000
Net Interconnect area:      80.739998  

Total cell area:           234.500000
Total area:                315.239990
    
Information: Updating design information... (UID-85)
 
****************************************
Report : area
Design : SdramAhbif_WR_BUF_COUNT2_RD_BUF_COUNT1_0_DW01_sub_6_0
Version: 1999.05-2
Date   : Sat Sep  9 07:10:43 2000
****************************************

Library(s) Used:

    cb25os163_max (File: /home/work/sdramc_pl170/synopsys_ref/cell_lib/cb25os163_max.db)

Number of ports:               20
Number of nets:                12
Number of cells:                6
Number of references:           1

Combinational area:          4.500000
Noncombinational area:       0.000000
Net Interconnect area:       2.472000  

Total cell area:             4.500000
Total area:                  6.972000
    
Information: Updating design information... (UID-85)
 
****************************************
Report : area
Design : SdramAhbif_WR_BUF_COUNT2_RD_BUF_COUNT1_0_DW01_sub_6_1
Version: 1999.05-2
Date   : Sat Sep  9 07:10:45 2000
****************************************

Library(s) Used:

    cb25os163_max (File: /home/work/sdramc_pl170/synopsys_ref/cell_lib/cb25os163_max.db)

Number of ports:               20
Number of nets:                10
Number of cells:                5
Number of references:           1

Combinational area:          3.750000
Noncombinational area:       0.000000
Net Interconnect area:       2.060000  

Total cell area:             3.750000
Total area:                  5.810000
    
Information: Updating design information... (UID-85)
 
****************************************
Report : area
Design : SdramAhbif_WR_BUF_COUNT2_RD_BUF_COUNT1_0_DW01_inc_27_0
Version: 1999.05-2
Date   : Sat Sep  9 07:10:48 2000
****************************************

Library(s) Used:

    cb25os163_max (File: /home/work/sdramc_pl170/synopsys_ref/cell_lib/cb25os163_max.db)

Number of ports:               54
Number of nets:               111
Number of cells:               84
Number of references:          19

Combinational area:        127.000000
Noncombinational area:       0.000000
Net Interconnect area:      38.001999  

Total cell area:           127.000000
Total area:                165.001999
    
Information: Updating design information... (UID-85)
 
****************************************
Report : area
Design : SdramAhbif_WR_BUF_COUNT2_RD_BUF_COUNT1_0_DW01_add_27_1
Version: 1999.05-2
Date   : Sat Sep  9 07:10:51 2000
****************************************

Library(s) Used:

    cb25os163_max (File: /home/work/sdramc_pl170/synopsys_ref/cell_lib/cb25os163_max.db)

Number of ports:               83
Number of nets:               140
Number of cells:              108
Number of references:          25

Combinational area:        171.500000
Noncombinational area:       0.000000
Net Interconnect area:      56.184998  

Total cell area:           171.500000
Total area:                227.684998
    
Information: Updating design information... (UID-85)
 
****************************************
Report : area
Design : SdramAhbif_WR_BUF_COUNT2_RD_BUF_COUNT1_1_DW01_dec_16_0
Version: 1999.05-2
Date   : Sat Sep  9 07:10:53 2000
****************************************

Library(s) Used:

    cb25os163_max (File: /home/work/sdramc_pl170/synopsys_ref/cell_lib/cb25os163_max.db)

Number of ports:               32
Number of nets:                53
Number of cells:               37
Number of references:           9

Combinational area:         45.000000
Noncombinational area:       0.000000
Net Interconnect area:      19.966000  

Total cell area:            45.000000
Total area:                 64.966003
    
Information: Updating design information... (UID-85)
 
****************************************
Report : area
Design : SdramAhbif_WR_BUF_COUNT2_RD_BUF_COUNT1_1_DW01_add_27_0
Version: 1999.05-2
Date   : Sat Sep  9 07:10:57 2000
****************************************

Library(s) Used:

    cb25os163_max (File: /home/work/sdramc_pl170/synopsys_ref/cell_lib/cb25os163_max.db)

Number of ports:               83
Number of nets:               161
Number of cells:              129
Number of references:          34

Combinational area:        200.750000
Noncombinational area:       0.000000
Net Interconnect area:      65.088997  

Total cell area:           200.750000
Total area:                265.838989
    
Information: Updating design information... (UID-85)
 
****************************************
Report : area
Design : SdramAhbif_WR_BUF_COUNT2_RD_BUF_COUNT1_1_DW01_sub_6_0
Version: 1999.05-2
Date   : Sat Sep  9 07:10:59 2000
****************************************

Library(s) Used:

    cb25os163_max (File: /home/work/sdramc_pl170/synopsys_ref/cell_lib/cb25os163_max.db)

Number of ports:               20
Number of nets:                12
Number of cells:                6
Number of references:           1

Combinational area:          4.500000
Noncombinational area:       0.000000
Net Interconnect area:       2.472000  

Total cell area:             4.500000
Total area:                  6.972000
    
Information: Updating design information... (UID-85)
 
****************************************
Report : area
Design : SdramAhbif_WR_BUF_COUNT2_RD_BUF_COUNT1_1_DW01_sub_6_1
Version: 1999.05-2
Date   : Sat Sep  9 07:11:02 2000
****************************************

Library(s) Used:

    cb25os163_max (File: /home/work/sdramc_pl170/synopsys_ref/cell_lib/cb25os163_max.db)

Number of ports:               20
Number of nets:                10
Number of cells:                5
Number of references:           1

Combinational area:          3.750000
Noncombinational area:       0.000000
Net Interconnect area:       2.060000  

Total cell area:             3.750000
Total area:                  5.810000
    
Information: Updating design information... (UID-85)
 
****************************************
Report : area
Design : SdramAhbif_WR_BUF_COUNT2_RD_BUF_COUNT1_1_DW01_inc_27_0
Version: 1999.05-2
Date   : Sat Sep  9 07:11:04 2000
****************************************

Library(s) Used:

    cb25os163_max (File: /home/work/sdramc_pl170/synopsys_ref/cell_lib/cb25os163_max.db)

Number of ports:               54
Number of nets:               106
Number of cells:               79
Number of references:          15

Combinational area:        122.750000
Noncombinational area:       0.000000
Net Interconnect area:      35.560001  

Total cell area:           122.750000
Total area:                158.309998
    
Information: Updating design information... (UID-85)
 
****************************************
Report : area
Design : SdramAhbif_WR_BUF_COUNT2_RD_BUF_COUNT1_1_DW01_add_27_1
Version: 1999.05-2
Date   : Sat Sep  9 07:11:06 2000
****************************************

Library(s) Used:

    cb25os163_max (File: /home/work/sdramc_pl170/synopsys_ref/cell_lib/cb25os163_max.db)

Number of ports:               83
Number of nets:               127
Number of cells:               95
Number of references:          24

Combinational area:        156.000000
Noncombinational area:       0.000000
Net Interconnect area:      50.420498  

Total cell area:           156.000000
Total area:                206.420502
    
Information: Updating design information... (UID-85)
 
****************************************
Report : area
Design : SdramAhbif_WR_BUF_COUNT2_RD_BUF_COUNT1_2_DW01_dec_16_0
Version: 1999.05-2
Date   : Sat Sep  9 07:11:09 2000
****************************************

Library(s) Used:

    cb25os163_max (File: /home/work/sdramc_pl170/synopsys_ref/cell_lib/cb25os163_max.db)

Number of ports:               32
Number of nets:                53
Number of cells:               37
Number of references:           9

Combinational area:         45.000000
Noncombinational area:       0.000000
Net Interconnect area:      19.966000  

Total cell area:            45.000000
Total area:                 64.966003
    
Information: Updating design information... (UID-85)
 
****************************************
Report : area
Design : SdramAhbif_WR_BUF_COUNT2_RD_BUF_COUNT1_2_DW01_add_27_0
Version: 1999.05-2
Date   : Sat Sep  9 07:11:12 2000
****************************************

Library(s) Used:

    cb25os163_max (File: /home/work/sdramc_pl170/synopsys_ref/cell_lib/cb25os163_max.db)

Number of ports:               83
Number of nets:               185
Number of cells:              153
Number of references:          37

Combinational area:        237.500000
Noncombinational area:       0.000000
Net Interconnect area:      80.622002  

Total cell area:           237.500000
Total area:                318.122009
    
Information: Updating design information... (UID-85)
 
****************************************
Report : area
Design : SdramAhbif_WR_BUF_COUNT2_RD_BUF_COUNT1_2_DW01_sub_6_0
Version: 1999.05-2
Date   : Sat Sep  9 07:11:14 2000
****************************************

Library(s) Used:

    cb25os163_max (File: /home/work/sdramc_pl170/synopsys_ref/cell_lib/cb25os163_max.db)

Number of ports:               20
Number of nets:                12
Number of cells:                6
Number of references:           1

Combinational area:          4.500000
Noncombinational area:       0.000000
Net Interconnect area:       2.472000  

Total cell area:             4.500000
Total area:                  6.972000
    
Information: Updating design information... (UID-85)
 
****************************************
Report : area
Design : SdramAhbif_WR_BUF_COUNT2_RD_BUF_COUNT1_2_DW01_sub_6_1
Version: 1999.05-2
Date   : Sat Sep  9 07:11:17 2000
****************************************

Library(s) Used:

    cb25os163_max (File: /home/work/sdramc_pl170/synopsys_ref/cell_lib/cb25os163_max.db)

Number of ports:               20
Number of nets:                10
Number of cells:                5
Number of references:           1

Combinational area:          3.750000
Noncombinational area:       0.000000
Net Interconnect area:       2.060000  

Total cell area:             3.750000
Total area:                  5.810000
    
Information: Updating design information... (UID-85)
 
****************************************
Report : area
Design : SdramAhbif_WR_BUF_COUNT2_RD_BUF_COUNT1_2_DW01_inc_27_0
Version: 1999.05-2
Date   : Sat Sep  9 07:11:19 2000
****************************************

Library(s) Used:

    cb25os163_max (File: /home/work/sdramc_pl170/synopsys_ref/cell_lib/cb25os163_max.db)

Number of ports:               54
Number of nets:               113
Number of cells:               86
Number of references:          17

Combinational area:        128.250000
Noncombinational area:       0.000000
Net Interconnect area:      38.130001  

Total cell area:           128.250000
Total area:                166.380005
    
Information: Updating design information... (UID-85)
 
****************************************
Report : area
Design : SdramAhbif_WR_BUF_COUNT2_RD_BUF_COUNT1_2_DW01_add_27_1
Version: 1999.05-2
Date   : Sat Sep  9 07:11:22 2000
****************************************

Library(s) Used:

    cb25os163_max (File: /home/work/sdramc_pl170/synopsys_ref/cell_lib/cb25os163_max.db)

Number of ports:               83
Number of nets:               128
Number of cells:               96
Number of references:          26

Combinational area:        153.750000
Noncombinational area:       0.000000
Net Interconnect area:      48.728001  

Total cell area:           153.750000
Total area:                202.477997
    
Information: Updating design information... (UID-85)
 
****************************************
Report : area
Design : SdramAhbif_WR_BUF_COUNT2_RD_BUF_COUNT1_3_DW01_dec_16_0
Version: 1999.05-2
Date   : Sat Sep  9 07:11:24 2000
****************************************

Library(s) Used:

    cb25os163_max (File: /home/work/sdramc_pl170/synopsys_ref/cell_lib/cb25os163_max.db)

Number of ports:               32
Number of nets:                53
Number of cells:               37
Number of references:           9

Combinational area:         45.000000
Noncombinational area:       0.000000
Net Interconnect area:      19.966000  

Total cell area:            45.000000
Total area:                 64.966003
    
Information: Updating design information... (UID-85)
 
****************************************
Report : area
Design : SdramAhbif_WR_BUF_COUNT2_RD_BUF_COUNT1_3_DW01_add_27_0
Version: 1999.05-2
Date   : Sat Sep  9 07:11:27 2000
****************************************

Library(s) Used:

    cb25os163_max (File: /home/work/sdramc_pl170/synopsys_ref/cell_lib/cb25os163_max.db)

Number of ports:               83
Number of nets:               170
Number of cells:              138
Number of references:          32

Combinational area:        211.750000
Noncombinational area:       0.000000
Net Interconnect area:      71.698502  

Total cell area:           211.750000
Total area:                283.448486
    
Information: Updating design information... (UID-85)
 
****************************************
Report : area
Design : SdramAhbif_WR_BUF_COUNT2_RD_BUF_COUNT1_3_DW01_sub_6_0
Version: 1999.05-2
Date   : Sat Sep  9 07:11:30 2000
****************************************

Library(s) Used:

    cb25os163_max (File: /home/work/sdramc_pl170/synopsys_ref/cell_lib/cb25os163_max.db)

Number of ports:               20
Number of nets:                12
Number of cells:                6
Number of references:           1

Combinational area:          4.500000
Noncombinational area:       0.000000
Net Interconnect area:       2.472000  

Total cell area:             4.500000
Total area:                  6.972000
    
Information: Updating design information... (UID-85)
 
****************************************
Report : area
Design : SdramAhbif_WR_BUF_COUNT2_RD_BUF_COUNT1_3_DW01_sub_6_1
Version: 1999.05-2
Date   : Sat Sep  9 07:11:32 2000
****************************************

Library(s) Used:

    cb25os163_max (File: /home/work/sdramc_pl170/synopsys_ref/cell_lib/cb25os163_max.db)

Number of ports:               20
Number of nets:                10
Number of cells:                5
Number of references:           1

Combinational area:          3.750000
Noncombinational area:       0.000000
Net Interconnect area:       2.060000  

Total cell area:             3.750000
Total area:                  5.810000
    
Information: Updating design information... (UID-85)
 
****************************************
Report : area
Design : SdramAhbif_WR_BUF_COUNT2_RD_BUF_COUNT1_3_DW01_inc_27_0
Version: 1999.05-2
Date   : Sat Sep  9 07:11:35 2000
****************************************

Library(s) Used:

    cb25os163_max (File: /home/work/sdramc_pl170/synopsys_ref/cell_lib/cb25os163_max.db)

Number of ports:               54
Number of nets:               106
Number of cells:               79
Number of references:          19

Combinational area:        128.500000
Noncombinational area:       0.000000
Net Interconnect area:      40.648499  

Total cell area:           128.500000
Total area:                169.148499
    
Information: Updating design information... (UID-85)
 
****************************************
Report : area
Design : SdramAhbif_WR_BUF_COUNT2_RD_BUF_COUNT1_3_DW01_add_27_1
Version: 1999.05-2
Date   : Sat Sep  9 07:11:37 2000
****************************************

Library(s) Used:

    cb25os163_max (File: /home/work/sdramc_pl170/synopsys_ref/cell_lib/cb25os163_max.db)

Number of ports:               83
Number of nets:               132
Number of cells:              100
Number of references:          27

Combinational area:        159.750000
Noncombinational area:       0.000000
Net Interconnect area:      49.808998  

Total cell area:           159.750000
Total area:                209.558990
    
Information: Updating design information... (UID-85)
 
****************************************
Report : area
Design : SdramAhbif_WR_BUF_COUNT2_RD_BUF_COUNT1_3_DW01_inc_5_2
Version: 1999.05-2
Date   : Sat Sep  9 07:11:40 2000
****************************************

Library(s) Used:

    cb25os163_max (File: /home/work/sdramc_pl170/synopsys_ref/cell_lib/cb25os163_max.db)

Number of ports:               10
Number of nets:                13
Number of cells:                5
Number of references:           3

Combinational area:         12.000000
Noncombinational area:       0.000000
Net Interconnect area:       2.882000  

Total cell area:            12.000000
Total area:                 14.882000
    
Information: Updating design information... (UID-85)
 
****************************************
Report : area
Design : SdramAhbif_WR_BUF_COUNT2_RD_BUF_COUNT1_3_DW01_inc_5_3
Version: 1999.05-2
Date   : Sat Sep  9 07:11:42 2000
****************************************

Library(s) Used:

    cb25os163_max (File: /home/work/sdramc_pl170/synopsys_ref/cell_lib/cb25os163_max.db)

Number of ports:               10
Number of nets:                13
Number of cells:                6
Number of references:           5

Combinational area:         13.250000
Noncombinational area:       0.000000
Net Interconnect area:       3.738000  

Total cell area:            13.250000
Total area:                 16.987999
    
Information: Updating design information... (UID-85)
 
****************************************
Report : area
Design : SdramAhbif_WR_BUF_COUNT2_RD_BUF_COUNT1_2_DW01_inc_5_2
Version: 1999.05-2
Date   : Sat Sep  9 07:11:45 2000
****************************************

Library(s) Used:

    cb25os163_max (File: /home/work/sdramc_pl170/synopsys_ref/cell_lib/cb25os163_max.db)

Number of ports:               10
Number of nets:                13
Number of cells:                5
Number of references:           3

Combinational area:         12.000000
Noncombinational area:       0.000000
Net Interconnect area:       2.882000  

Total cell area:            12.000000
Total area:                 14.882000
    
Information: Updating design information... (UID-85)
 
****************************************
Report : area
Design : SdramAhbif_WR_BUF_COUNT2_RD_BUF_COUNT1_2_DW01_inc_5_3
Version: 1999.05-2
Date   : Sat Sep  9 07:11:48 2000
****************************************

Library(s) Used:

    cb25os163_max (File: /home/work/sdramc_pl170/synopsys_ref/cell_lib/cb25os163_max.db)

Number of ports:               10
Number of nets:                13
Number of cells:                6
Number of references:           5

Combinational area:         13.250000
Noncombinational area:       0.000000
Net Interconnect area:       3.738000  

Total cell area:            13.250000
Total area:                 16.987999
    
Information: Updating design information... (UID-85)
 
****************************************
Report : area
Design : SdramAhbif_WR_BUF_COUNT2_RD_BUF_COUNT1_1_DW01_inc_5_2
Version: 1999.05-2
Date   : Sat Sep  9 07:11:50 2000
****************************************

Library(s) Used:

    cb25os163_max (File: /home/work/sdramc_pl170/synopsys_ref/cell_lib/cb25os163_max.db)

Number of ports:               10
Number of nets:                13
Number of cells:                5
Number of references:           3

Combinational area:         12.000000
Noncombinational area:       0.000000
Net Interconnect area:       2.882000  

Total cell area:            12.000000
Total area:                 14.882000
    
Information: Updating design information... (UID-85)
 
****************************************
Report : area
Design : SdramAhbif_WR_BUF_COUNT2_RD_BUF_COUNT1_1_DW01_inc_5_3
Version: 1999.05-2
Date   : Sat Sep  9 07:11:53 2000
****************************************

Library(s) Used:

    cb25os163_max (File: /home/work/sdramc_pl170/synopsys_ref/cell_lib/cb25os163_max.db)

Number of ports:               10
Number of nets:                13
Number of cells:                5
Number of references:           3

Combinational area:         12.000000
Noncombinational area:       0.000000
Net Interconnect area:       2.882000  

Total cell area:            12.000000
Total area:                 14.882000
    
Information: Updating design information... (UID-85)
 
****************************************
Report : area
Design : SdramAhbif_WR_BUF_COUNT2_RD_BUF_COUNT1_0_DW01_inc_5_2
Version: 1999.05-2
Date   : Sat Sep  9 07:11:56 2000
****************************************

Library(s) Used:

    cb25os163_max (File: /home/work/sdramc_pl170/synopsys_ref/cell_lib/cb25os163_max.db)

Number of ports:               10
Number of nets:                13
Number of cells:                5
Number of references:           3

Combinational area:         12.000000
Noncombinational area:       0.000000
Net Interconnect area:       2.882000  

Total cell area:            12.000000
Total area:                 14.882000
    
Information: Updating design information... (UID-85)
 
****************************************
Report : area
Design : SdramAhbif_WR_BUF_COUNT2_RD_BUF_COUNT1_0_DW01_inc_5_3
Version: 1999.05-2
Date   : Sat Sep  9 07:11:58 2000
****************************************

Library(s) Used:

    cb25os163_max (File: /home/work/sdramc_pl170/synopsys_ref/cell_lib/cb25os163_max.db)

Number of ports:               10
Number of nets:                13
Number of cells:                5
Number of references:           3

Combinational area:         12.000000
Noncombinational area:       0.000000
Net Interconnect area:       2.882000  

Total cell area:            12.000000
Total area:                 14.882000
    
Information: Updating design information... (UID-85)
Information: Changed minimum wire load model for 'SdramBigEndian' from 'ForQA' to 'ForQA'. (OPT-171)
 
****************************************
Report : area
Design : SdramBigEndian
Version: 1999.05-2
Date   : Sat Sep  9 07:12:00 2000
****************************************

Library(s) Used:

    No libraries used.

Number of ports:                5
Number of nets:                 5
Number of cells:                2
Number of references:           2

Combinational area:          0.000000
Noncombinational area:       0.000000
Net Interconnect area:       1.234000  

Total cell area:             0.000000
Total area:                  1.234000

Information: This design contains unmapped logic. (RPT-7)
    
Information: Updating design information... (UID-85)
  Allocating blocks in 'SdramAhbif_WR_BUF_COUNT2_RD_BUF_COUNT1'
Information: Changed wire load model for 'DW01_sub_3.model.rpl' from '(none)' to 'ForQA'. (OPT-170)
Information: Changed wire load model for 'DW01_add_2.model.rpl' from '(none)' to 'ForQA'. (OPT-170)
Information: Changed wire load model for 'DW01_add_5.model.rpl' from '(none)' to 'ForQA'. (OPT-170)
Information: Changed wire load model for 'DW01_add_2.model.rpl' from '(none)' to 'ForQA'. (OPT-170)
Information: Changed wire load model for 'DW01_add_2.model.rpl' from '(none)' to 'ForQA'. (OPT-170)
Information: Changed wire load model for 'DW01_add_2.model.rpl' from '(none)' to 'ForQA'. (OPT-170)
Information: Changed wire load model for 'DW01_sub_6.model.rpl' from '(none)' to 'ForQA'. (OPT-170)
Information: Changed wire load model for 'DW01_add_27.model.rpl' from '(none)' to 'ForQA'. (OPT-170)
Information: Changed wire load model for 'DW01_add_5.model.rpl' from '(none)' to 'ForQA'. (OPT-170)
Information: Changed wire load model for 'DW01_add_2.model.rpl' from '(none)' to 'ForQA'. (OPT-170)
Information: Changed wire load model for 'DW01_sub_16.model.rpl' from '(none)' to 'ForQA'. (OPT-170)
Information: Changed wire load model for 'DW01_add_2.model.rpl' from '(none)' to 'ForQA'. (OPT-170)
Information: Changed wire load model for 'DW01_sub_6.model.rpl' from '(none)' to 'ForQA'. (OPT-170)
Information: Changed wire load model for 'DW01_add_27.model.rpl' from '(none)' to 'ForQA'. (OPT-170)
Information: Changed wire load model for 'DW01_add_27.model.rpl' from '(none)' to 'ForQA'. (OPT-170)
Information: Changed minimum wire load model for 'DW01_sub_3.model.rpl' from 'ForQA' to 'ForQA'. (OPT-171)
Information: Changed minimum wire load model for 'DW01_add_2.model.rpl' from 'ForQA' to 'ForQA'. (OPT-171)
Information: Changed minimum wire load model for 'DW01_add_5.model.rpl' from 'ForQA' to 'ForQA'. (OPT-171)
Information: Changed minimum wire load model for 'DW01_add_2.model.rpl' from 'ForQA' to 'ForQA'. (OPT-171)
Information: Changed minimum wire load model for 'DW01_add_2.model.rpl' from 'ForQA' to 'ForQA'. (OPT-171)
Information: Changed minimum wire load model for 'DW01_add_2.model.rpl' from 'ForQA' to 'ForQA'. (OPT-171)
Information: Changed minimum wire load model for 'DW01_sub_6.model.rpl' from 'ForQA' to 'ForQA'. (OPT-171)
Information: Changed minimum wire load model for 'DW01_add_27.model.rpl' from 'ForQA' to 'ForQA'. (OPT-171)
Information: Changed minimum wire load model for 'DW01_add_5.model.rpl' from 'ForQA' to 'ForQA'. (OPT-171)
Information: Changed minimum wire load model for 'DW01_add_2.model.rpl' from 'ForQA' to 'ForQA'. (OPT-171)
Information: Changed minimum wire load model for 'DW01_sub_16.model.rpl' from 'ForQA' to 'ForQA'. (OPT-171)
Information: Changed minimum wire load model for 'DW01_add_2.model.rpl' from 'ForQA' to 'ForQA'. (OPT-171)
Information: Changed minimum wire load model for 'DW01_sub_6.model.rpl' from 'ForQA' to 'ForQA'. (OPT-171)
Information: Changed minimum wire load model for 'DW01_add_27.model.rpl' from 'ForQA' to 'ForQA'. (OPT-171)
Information: Changed minimum wire load model for 'DW01_add_27.model.rpl' from 'ForQA' to 'ForQA'. (OPT-171)
Information: Changed minimum wire load model for 'SdramAhbif_WR_BUF_COUNT2_RD_BUF_COUNT1' from 'ForQA' to 'ForQA'. (OPT-171)
 
****************************************
Report : area
Design : SdramAhbif_WR_BUF_COUNT2_RD_BUF_COUNT1
Version: 1999.05-2
Date   : Sat Sep  9 07:12:54 2000
****************************************

Library(s) Used:

    gtech (File: /eda/tools/synopsys/1999.05-2/libraries/syn/gtech.db)

Number of ports:              279
Number of nets:              6774
Number of cells:             4532
Number of references:        1206

Combinational area:          0.000000
Noncombinational area:       0.000000
Net Interconnect area:    16122.875977 

Total cell area:             0.000000
Total area:               16122.875977

Information: This design contains unmapped logic. (RPT-7)
Information: This design contains black box (unknown) components. (RPT-8)
    
Information: Updating design information... (UID-85)
 
****************************************
Report : area
Design : SdramAhbRegBlk
Version: 1999.05-2
Date   : Sat Sep  9 07:12:59 2000
****************************************

Library(s) Used:

    cb25os163_max (File: /home/work/sdramc_pl170/synopsys_ref/cell_lib/cb25os163_max.db)

Number of ports:              111
Number of nets:               368
Number of cells:              301
Number of references:          35

Combinational area:        358.750000
Noncombinational area:     466.750000
Net Interconnect area:     361.399811  

Total cell area:           825.500000
Total area:               1186.899780
    
Information: Updating design information... (UID-85)
 
****************************************
Report : area
Design : SdramAhbRegBlk_DW01_dec_16_0
Version: 1999.05-2
Date   : Sat Sep  9 07:13:02 2000
****************************************

Library(s) Used:

    cb25os163_max (File: /home/work/sdramc_pl170/synopsys_ref/cell_lib/cb25os163_max.db)

Number of ports:               32
Number of nets:                50
Number of cells:               34
Number of references:           9

Combinational area:         44.250000
Noncombinational area:       0.000000
Net Interconnect area:      19.388000  

Total cell area:            44.250000
Total area:                 63.638000
    
Information: Updating design information... (UID-85)
 
****************************************
Report : area
Design : SdramEngine
Version: 1999.05-2
Date   : Sat Sep  9 07:13:18 2000
****************************************

Library(s) Used:

    cb25os163_max (File: /home/work/sdramc_pl170/synopsys_ref/cell_lib/cb25os163_max.db)

Number of ports:              444
Number of nets:               664
Number of cells:                5
Number of references:           5

Combinational area:       8277.000000
Noncombinational area:    4652.500000
Net Interconnect area:    6332.209473  

Total cell area:          12929.500000
Total area:               19261.708984
    
Information: Updating design information... (UID-85)
 
****************************************
Report : area
Design : SdramPins
Version: 1999.05-2
Date   : Sat Sep  9 07:13:23 2000
****************************************

Library(s) Used:

    cb25os163_max (File: /home/work/sdramc_pl170/synopsys_ref/cell_lib/cb25os163_max.db)

Number of ports:              196
Number of nets:               999
Number of cells:              899
Number of references:          10

Combinational area:        795.000000
Noncombinational area:     526.250000
Net Interconnect area:     430.840790  

Total cell area:          1321.250000
Total area:               1752.090820
    
Information: Updating design information... (UID-85)
  Allocating blocks in 'SdramAhbWrBuf0_WR_BUF_COUNT2'
Information: Changed wire load model for 'DW01_add_2.model.rpl' from '(none)' to 'ForQA'. (OPT-170)
Information: Changed minimum wire load model for 'DW01_add_2.model.rpl' from 'ForQA' to 'ForQA'. (OPT-171)
Information: Changed minimum wire load model for 'SdramAhbWrBuf0_WR_BUF_COUNT2' from 'ForQA' to 'ForQA'. (OPT-171)
 
****************************************
Report : area
Design : SdramAhbWrBuf0_WR_BUF_COUNT2
Version: 1999.05-2
Date   : Sat Sep  9 07:13:39 2000
****************************************

Library(s) Used:

    gtech (File: /eda/tools/synopsys/1999.05-2/libraries/syn/gtech.db)

Number of ports:              181
Number of nets:              1442
Number of cells:              863
Number of references:         264

Combinational area:          0.000000
Noncombinational area:       0.000000
Net Interconnect area:    3324.785400  

Total cell area:             0.000000
Total area:               3324.785400

Information: This design contains unmapped logic. (RPT-7)
Information: This design contains black box (unknown) components. (RPT-8)
    
Information: Updating design information... (UID-85)
  Allocating blocks in 'SdramAhbWrBuf1_WR_BUF_COUNT2'
Information: Changed wire load model for 'DW01_add_2.model.rpl' from '(none)' to 'ForQA'. (OPT-170)
Information: Changed minimum wire load model for 'DW01_add_2.model.rpl' from 'ForQA' to 'ForQA'. (OPT-171)
Information: Changed minimum wire load model for 'SdramAhbWrBuf1_WR_BUF_COUNT2' from 'ForQA' to 'ForQA'. (OPT-171)
 
****************************************
Report : area
Design : SdramAhbWrBuf1_WR_BUF_COUNT2
Version: 1999.05-2
Date   : Sat Sep  9 07:13:56 2000
****************************************

Library(s) Used:

    gtech (File: /eda/tools/synopsys/1999.05-2/libraries/syn/gtech.db)

Number of ports:              181
Number of nets:              1442
Number of cells:              863
Number of references:         264

Combinational area:          0.000000
Noncombinational area:       0.000000
Net Interconnect area:    3324.785400  

Total cell area:             0.000000
Total area:               3324.785400

Information: This design contains unmapped logic. (RPT-7)
Information: This design contains black box (unknown) components. (RPT-8)
    
Information: Updating design information... (UID-85)
  Allocating blocks in 'SdramAhbRdBuf0_RD_BUF_COUNT1'
Information: Changed wire load model for 'DW01_add_2.model.rpl' from '(none)' to 'ForQA'. (OPT-170)
Information: Changed minimum wire load model for 'DW01_add_2.model.rpl' from 'ForQA' to 'ForQA'. (OPT-171)
Information: Changed minimum wire load model for 'SdramAhbRdBuf0_RD_BUF_COUNT1' from 'ForQA' to 'ForQA'. (OPT-171)
 
****************************************
Report : area
Design : SdramAhbRdBuf0_RD_BUF_COUNT1
Version: 1999.05-2
Date   : Sat Sep  9 07:14:12 2000
****************************************

Library(s) Used:

    gtech (File: /eda/tools/synopsys/1999.05-2/libraries/syn/gtech.db)

Number of ports:              140
Number of nets:              1104
Number of cells:              630
Number of references:         173

Combinational area:          0.000000
Noncombinational area:       0.000000
Net Interconnect area:    2822.916748  

Total cell area:             0.000000
Total area:               2822.916748

Information: This design contains unmapped logic. (RPT-7)
Information: This design contains black box (unknown) components. (RPT-8)
    
Information: Updating design information... (UID-85)
 
****************************************
Report : area
Design : SdramArbiter
Version: 1999.05-2
Date   : Sat Sep  9 07:14:17 2000
****************************************

Library(s) Used:

    cb25os163_max (File: /home/work/sdramc_pl170/synopsys_ref/cell_lib/cb25os163_max.db)

Number of ports:              420
Number of nets:              1132
Number of cells:              803
Number of references:          56

Combinational area:        990.000000
Noncombinational area:     322.500000
Net Interconnect area:     531.622864  

Total cell area:          1312.500000
Total area:               1844.122803
    
Information: Updating design information... (UID-85)
 
****************************************
Report : area
Design : SdramDramCntl
Version: 1999.05-2
Date   : Sat Sep  9 07:14:26 2000
****************************************

Library(s) Used:

    cb25os163_max (File: /home/work/sdramc_pl170/synopsys_ref/cell_lib/cb25os163_max.db)

Number of ports:              163
Number of nets:              1017
Number of cells:              715
Number of references:          65

Combinational area:       4302.250000
Noncombinational area:    2399.250000
Net Interconnect area:    3244.920898  

Total cell area:          6701.500000
Total area:               9946.420898
    
Information: Updating design information... (UID-85)
Information: Changed minimum wire load model for 'SdramDramCntl_DW01_addsub_5_0' from 'ForQA' to 'ForQA'. (OPT-171)
 
****************************************
Report : area
Design : SdramDramCntl_DW01_addsub_5_0
Version: 1999.05-2
Date   : Sat Sep  9 07:14:28 2000
****************************************

Library(s) Used:

    gtech (File: /eda/tools/synopsys/1999.05-2/libraries/syn/gtech.db)

Number of ports:               18
Number of nets:                60
Number of cells:               47
Number of references:           5

Combinational area:          0.000000
Noncombinational area:       0.000000
Net Interconnect area:      23.114000  

Total cell area:             0.000000
Total area:                 23.114000
    
Information: Updating design information... (UID-85)
Information: Changed minimum wire load model for 'SdramDramCntl_DW01_sub_5_0' from 'ForQA' to 'ForQA'. (OPT-171)
 
****************************************
Report : area
Design : SdramDramCntl_DW01_sub_5_0
Version: 1999.05-2
Date   : Sat Sep  9 07:14:30 2000
****************************************

Library(s) Used:

    gtech (File: /eda/tools/synopsys/1999.05-2/libraries/syn/gtech.db)

Number of ports:               17
Number of nets:                28
Number of cells:               12
Number of references:           2

Combinational area:          0.000000
Noncombinational area:       0.000000
Net Interconnect area:       5.768000  

Total cell area:             0.000000
Total area:                  5.768000
    
Information: Updating design information... (UID-85)
Information: Changed minimum wire load model for 'SdramDramCntl_DW01_addsub_5_1' from 'ForQA' to 'ForQA'. (OPT-171)
 
****************************************
Report : area
Design : SdramDramCntl_DW01_addsub_5_1
Version: 1999.05-2
Date   : Sat Sep  9 07:14:32 2000
****************************************

Library(s) Used:

    gtech (File: /eda/tools/synopsys/1999.05-2/libraries/syn/gtech.db)

Number of ports:               18
Number of nets:                60
Number of cells:               47
Number of references:           5

Combinational area:          0.000000
Noncombinational area:       0.000000
Net Interconnect area:      23.114000  

Total cell area:             0.000000
Total area:                 23.114000
    
Information: Updating design information... (UID-85)
Information: Changed minimum wire load model for 'SdramDramCntl_DW01_addsub_5_2' from 'ForQA' to 'ForQA'. (OPT-171)
 
****************************************
Report : area
Design : SdramDramCntl_DW01_addsub_5_2
Version: 1999.05-2
Date   : Sat Sep  9 07:14:34 2000
****************************************

Library(s) Used:

    gtech (File: /eda/tools/synopsys/1999.05-2/libraries/syn/gtech.db)

Number of ports:               18
Number of nets:                60
Number of cells:               47
Number of references:           5

Combinational area:          0.000000
Noncombinational area:       0.000000
Net Interconnect area:      23.114000  

Total cell area:             0.000000
Total area:                 23.114000
    
Information: Updating design information... (UID-85)
Information: Changed minimum wire load model for 'SdramDramCntl_DW01_dec_5_0' from 'ForQA' to 'ForQA'. (OPT-171)
 
****************************************
Report : area
Design : SdramDramCntl_DW01_dec_5_0
Version: 1999.05-2
Date   : Sat Sep  9 07:14:36 2000
****************************************

Library(s) Used:

    gtech (File: /eda/tools/synopsys/1999.05-2/libraries/syn/gtech.db)

Number of ports:               10
Number of nets:                20
Number of cells:               16
Number of references:           4

Combinational area:          0.000000
Noncombinational area:       0.000000
Net Interconnect area:       6.160000  

Total cell area:             0.000000
Total area:                  6.160000
    
Information: Updating design information... (UID-85)
 
****************************************
Report : area
Design : SdramCmdSeq
Version: 1999.05-2
Date   : Sat Sep  9 07:14:45 2000
****************************************

Library(s) Used:

    cb25os163_max (File: /home/work/sdramc_pl170/synopsys_ref/cell_lib/cb25os163_max.db)

Number of ports:              320
Number of nets:              2775
Number of cells:             2539
Number of references:         111

Combinational area:       2982.750000
Noncombinational area:    1930.750000
Net Interconnect area:    2311.224609  

Total cell area:          4913.500000
Total area:               7224.724609
    
Information: Updating design information... (UID-85)
 
****************************************
Report : area
Design : SdramCmdSeq_DW01_add_14_4
Version: 1999.05-2
Date   : Sat Sep  9 07:14:47 2000
****************************************

Library(s) Used:

    cb25os163_max (File: /home/work/sdramc_pl170/synopsys_ref/cell_lib/cb25os163_max.db)

Number of ports:               44
Number of nets:                38
Number of cells:               24
Number of references:           4

Combinational area:         40.000000
Noncombinational area:       0.000000
Net Interconnect area:      12.151999  

Total cell area:            40.000000
Total area:                 52.152000
    
Information: Updating design information... (UID-85)
 
****************************************
Report : area
Design : SdramCmdSeq_DW01_add_14_5
Version: 1999.05-2
Date   : Sat Sep  9 07:14:50 2000
****************************************

Library(s) Used:

    cb25os163_max (File: /home/work/sdramc_pl170/synopsys_ref/cell_lib/cb25os163_max.db)

Number of ports:               44
Number of nets:                37
Number of cells:               23
Number of references:           4

Combinational area:         37.500000
Noncombinational area:       0.000000
Net Interconnect area:      11.538000  

Total cell area:            37.500000
Total area:                 49.038002
    
Information: Updating design information... (UID-85)
 
****************************************
Report : area
Design : SdramCmdSeq_DW01_add_14_6
Version: 1999.05-2
Date   : Sat Sep  9 07:14:52 2000
****************************************

Library(s) Used:

    cb25os163_max (File: /home/work/sdramc_pl170/synopsys_ref/cell_lib/cb25os163_max.db)

Number of ports:               44
Number of nets:                38
Number of cells:               24
Number of references:           4

Combinational area:         40.000000
Noncombinational area:       0.000000
Net Interconnect area:      12.151999  

Total cell area:            40.000000
Total area:                 52.152000
    
Information: Updating design information... (UID-85)
 
****************************************
Report : area
Design : SdramCmdSeq_DW01_add_14_7
Version: 1999.05-2
Date   : Sat Sep  9 07:14:55 2000
****************************************

Library(s) Used:

    cb25os163_max (File: /home/work/sdramc_pl170/synopsys_ref/cell_lib/cb25os163_max.db)

Number of ports:               44
Number of nets:                37
Number of cells:               23
Number of references:           4

Combinational area:         37.500000
Noncombinational area:       0.000000
Net Interconnect area:      11.538000  

Total cell area:            37.500000
Total area:                 49.038002
    
Information: Updating design information... (UID-85)
  Allocating blocks in 'SdramArbFSM'
Information: Changed minimum wire load model for 'SdramArbFSM' from 'ForQA' to 'ForQA'. (OPT-171)
 
****************************************
Report : area
Design : SdramArbFSM
Version: 1999.05-2
Date   : Sat Sep  9 07:15:01 2000
****************************************

Library(s) Used:

    gtech (File: /eda/tools/synopsys/1999.05-2/libraries/syn/gtech.db)

Number of ports:                9
Number of nets:               102
Number of cells:               78
Number of references:          25

Combinational area:          0.000000
Noncombinational area:       0.000000
Net Interconnect area:     132.146423  

Total cell area:             0.000000
Total area:                132.146423

Information: This design contains unmapped logic. (RPT-7)
Information: This design contains black box (unknown) components. (RPT-8)
    
Information: Updating design information... (UID-85)
 
****************************************
Report : area
Design : SdramTimCntl
Version: 1999.05-2
Date   : Sat Sep  9 07:15:06 2000
****************************************

Library(s) Used:

    cb25os163_max (File: /home/work/sdramc_pl170/synopsys_ref/cell_lib/cb25os163_max.db)

Number of ports:               50
Number of nets:               536
Number of cells:              495
Number of references:          70

Combinational area:        615.000000
Noncombinational area:     199.750000
Net Interconnect area:     357.065460  

Total cell area:           814.750000
Total area:               1171.815430
    
Information: Updating design information... (UID-85)
  Allocating blocks in 'SdramDramFSM'
Information: Changed wire load model for 'DW01_cmp2_4.model.rpl' from '(none)' to 'ForQA'. (OPT-170)
Information: Changed wire load model for 'DW01_cmp2_4.model.rpl' from '(none)' to 'ForQA'. (OPT-170)
Information: Changed wire load model for 'DW01_cmp2_4.model.rpl' from '(none)' to 'ForQA'. (OPT-170)
Information: Changed wire load model for 'DW01_cmp2_4.model.rpl' from '(none)' to 'ForQA'. (OPT-170)
Information: Changed wire load model for 'DW01_add_4.model.rpl' from '(none)' to 'ForQA'. (OPT-170)
Information: Changed wire load model for 'DW01_cmp2_4.model.rpl' from '(none)' to 'ForQA'. (OPT-170)
Information: Changed wire load model for 'DW01_cmp2_4.model.rpl' from '(none)' to 'ForQA'. (OPT-170)
Information: Changed wire load model for 'DW01_cmp2_4.model.rpl' from '(none)' to 'ForQA'. (OPT-170)
Information: Changed wire load model for 'DW01_sub_4.model.rpl' from '(none)' to 'ForQA'. (OPT-170)
Information: Changed wire load model for 'DW01_sub_4.model.rpl' from '(none)' to 'ForQA'. (OPT-170)
Information: Changed wire load model for 'DW01_cmp2_4.model.rpl' from '(none)' to 'ForQA'. (OPT-170)
Information: Changed wire load model for 'DW01_cmp2_4.model.rpl' from '(none)' to 'ForQA'. (OPT-170)
Information: Changed wire load model for 'DW01_sub_4.model.rpl' from '(none)' to 'ForQA'. (OPT-170)
Information: Changed wire load model for 'DW01_cmp2_2.model.rpl' from '(none)' to 'ForQA'. (OPT-170)
Information: Changed wire load model for 'DW01_add_4.model.rpl' from '(none)' to 'ForQA'. (OPT-170)
Information: Changed wire load model for 'DW01_sub_4.model.rpl' from '(none)' to 'ForQA'. (OPT-170)
Information: Changed wire load model for 'DW01_sub_4.model.rpl' from '(none)' to 'ForQA'. (OPT-170)
Information: Changed minimum wire load model for 'DW01_cmp2_4.model.rpl' from 'ForQA' to 'ForQA'. (OPT-171)
Information: Changed minimum wire load model for 'DW01_cmp2_4.model.rpl' from 'ForQA' to 'ForQA'. (OPT-171)
Information: Changed minimum wire load model for 'DW01_cmp2_4.model.rpl' from 'ForQA' to 'ForQA'. (OPT-171)
Information: Changed minimum wire load model for 'DW01_cmp2_4.model.rpl' from 'ForQA' to 'ForQA'. (OPT-171)
Information: Changed minimum wire load model for 'DW01_add_4.model.rpl' from 'ForQA' to 'ForQA'. (OPT-171)
Information: Changed minimum wire load model for 'DW01_cmp2_4.model.rpl' from 'ForQA' to 'ForQA'. (OPT-171)
Information: Changed minimum wire load model for 'DW01_cmp2_4.model.rpl' from 'ForQA' to 'ForQA'. (OPT-171)
Information: Changed minimum wire load model for 'DW01_cmp2_4.model.rpl' from 'ForQA' to 'ForQA'. (OPT-171)
Information: Changed minimum wire load model for 'DW01_sub_4.model.rpl' from 'ForQA' to 'ForQA'. (OPT-171)
Information: Changed minimum wire load model for 'DW01_sub_4.model.rpl' from 'ForQA' to 'ForQA'. (OPT-171)
Information: Changed minimum wire load model for 'DW01_cmp2_4.model.rpl' from 'ForQA' to 'ForQA'. (OPT-171)
Information: Changed minimum wire load model for 'DW01_cmp2_4.model.rpl' from 'ForQA' to 'ForQA'. (OPT-171)
Information: Changed minimum wire load model for 'DW01_sub_4.model.rpl' from 'ForQA' to 'ForQA'. (OPT-171)
Information: Changed minimum wire load model for 'DW01_cmp2_2.model.rpl' from 'ForQA' to 'ForQA'. (OPT-171)
Information: Changed minimum wire load model for 'DW01_add_4.model.rpl' from 'ForQA' to 'ForQA'. (OPT-171)
Information: Changed minimum wire load model for 'DW01_sub_4.model.rpl' from 'ForQA' to 'ForQA'. (OPT-171)
Information: Changed minimum wire load model for 'DW01_sub_4.model.rpl' from 'ForQA' to 'ForQA'. (OPT-171)
Information: Changed minimum wire load model for 'SdramDramFSM' from 'ForQA' to 'ForQA'. (OPT-171)
 
****************************************
Report : area
Design : SdramDramFSM
Version: 1999.05-2
Date   : Sat Sep  9 07:15:27 2000
****************************************

Library(s) Used:

    gtech (File: /eda/tools/synopsys/1999.05-2/libraries/syn/gtech.db)

Number of ports:              126
Number of nets:               994
Number of cells:              809
Number of references:         237

Combinational area:          0.000000
Noncombinational area:       0.000000
Net Interconnect area:    1987.975586  

Total cell area:             0.000000
Total area:               1987.975586

Information: This design contains unmapped logic. (RPT-7)
Information: This design contains black box (unknown) components. (RPT-8)
