 AREA REPORT FOR DESIGN : /home/work/sdramc_pl170/synopsys_ref/db/Sdram_vhdl.db:Sdram
    
 
****************************************
Report : area
Design : Sdram
Version: 1999.05-2
Date   : Sat Sep  9 08:03:54 2000
****************************************

Library(s) Used:

    cb25os163_max (File: /home/work/sdramc_pl170/synopsys_ref/cell_lib/cb25os163_max.db)

Number of ports:              537
Number of nets:              1115
Number of cells:               84
Number of references:          20

Combinational area:       39098.000000
Noncombinational area:    33839.000000
Net Interconnect area:    32705.431641 

Total cell area:          72937.000000
Total area:               105642.429688
    
Information: Updating design information... (UID-85)
 
****************************************
Report : area
Design : SdramAhbif_WR_BUF_COUNT2_RD_BUF_COUNT1_3
Version: 1999.05-2
Date   : Sat Sep  9 08:04:08 2000
****************************************

Library(s) Used:

    cb25os163_max (File: /home/work/sdramc_pl170/synopsys_ref/cell_lib/cb25os163_max.db)

Number of ports:              279
Number of nets:              5429
Number of cells:             5225
Number of references:         119

Combinational area:       6360.250000
Noncombinational area:    4236.750000
Net Interconnect area:    4748.000000  

Total cell area:          10597.000000
Total area:               15345.000000
    
Information: Updating design information... (UID-85)
 
****************************************
Report : area
Design : SdramAhbif_WR_BUF_COUNT2_RD_BUF_COUNT1_2
Version: 1999.05-2
Date   : Sat Sep  9 08:04:18 2000
****************************************

Library(s) Used:

    cb25os163_max (File: /home/work/sdramc_pl170/synopsys_ref/cell_lib/cb25os163_max.db)

Number of ports:              279
Number of nets:              5312
Number of cells:             5106
Number of references:         116

Combinational area:       6276.500000
Noncombinational area:    4234.500000
Net Interconnect area:    4703.510742  

Total cell area:          10511.000000
Total area:               15214.510742
    
Information: Updating design information... (UID-85)
 
****************************************
Report : area
Design : SdramAhbif_WR_BUF_COUNT2_RD_BUF_COUNT1_1
Version: 1999.05-2
Date   : Sat Sep  9 08:04:29 2000
****************************************

Library(s) Used:

    cb25os163_max (File: /home/work/sdramc_pl170/synopsys_ref/cell_lib/cb25os163_max.db)

Number of ports:              279
Number of nets:              5335
Number of cells:             5130
Number of references:         116

Combinational area:       6275.500000
Noncombinational area:    4261.250000
Net Interconnect area:    4709.458496  

Total cell area:          10536.750000
Total area:               15246.208984
    
Information: Updating design information... (UID-85)
 
****************************************
Report : area
Design : SdramAhbif_WR_BUF_COUNT2_RD_BUF_COUNT1_0
Version: 1999.05-2
Date   : Sat Sep  9 08:04:39 2000
****************************************

Library(s) Used:

    cb25os163_max (File: /home/work/sdramc_pl170/synopsys_ref/cell_lib/cb25os163_max.db)

Number of ports:              279
Number of nets:              5342
Number of cells:             5138
Number of references:         111

Combinational area:       6342.250000
Noncombinational area:    4237.250000
Net Interconnect area:    4743.909180  

Total cell area:          10579.500000
Total area:               15323.409180
    
Information: Updating design information... (UID-85)
 
****************************************
Report : area
Design : SdramBigEndian_3
Version: 1999.05-2
Date   : Sat Sep  9 08:04:42 2000
****************************************

Library(s) Used:

    cb25os163_max (File: /home/work/sdramc_pl170/synopsys_ref/cell_lib/cb25os163_max.db)

Number of ports:                5
Number of nets:                 5
Number of cells:                2
Number of references:           1

Combinational area:          4.500000
Noncombinational area:       0.000000
Net Interconnect area:       1.234000  

Total cell area:             4.500000
Total area:                  5.734000
    
Information: Updating design information... (UID-85)
 
****************************************
Report : area
Design : SdramBigEndian_2
Version: 1999.05-2
Date   : Sat Sep  9 08:04:43 2000
****************************************

Library(s) Used:

    cb25os163_max (File: /home/work/sdramc_pl170/synopsys_ref/cell_lib/cb25os163_max.db)

Number of ports:                5
Number of nets:                 5
Number of cells:                2
Number of references:           1

Combinational area:          4.500000
Noncombinational area:       0.000000
Net Interconnect area:       1.234000  

Total cell area:             4.500000
Total area:                  5.734000
    
Information: Updating design information... (UID-85)
 
****************************************
Report : area
Design : SdramBigEndian_1
Version: 1999.05-2
Date   : Sat Sep  9 08:04:45 2000
****************************************

Library(s) Used:

    cb25os163_max (File: /home/work/sdramc_pl170/synopsys_ref/cell_lib/cb25os163_max.db)

Number of ports:                5
Number of nets:                 5
Number of cells:                2
Number of references:           1

Combinational area:          4.500000
Noncombinational area:       0.000000
Net Interconnect area:       1.234000  

Total cell area:             4.500000
Total area:                  5.734000
    
Information: Updating design information... (UID-85)
 
****************************************
Report : area
Design : SdramBigEndian_0
Version: 1999.05-2
Date   : Sat Sep  9 08:04:47 2000
****************************************

Library(s) Used:

    cb25os163_max (File: /home/work/sdramc_pl170/synopsys_ref/cell_lib/cb25os163_max.db)

Number of ports:                5
Number of nets:                 5
Number of cells:                2
Number of references:           1

Combinational area:          4.500000
Noncombinational area:       0.000000
Net Interconnect area:       1.234000  

Total cell area:             4.500000
Total area:                  5.734000
    
Information: Updating design information... (UID-85)
 
****************************************
Report : area
Design : SdramPins
Version: 1999.05-2
Date   : Sat Sep  9 08:04:50 2000
****************************************

Library(s) Used:

    cb25os163_max (File: /home/work/sdramc_pl170/synopsys_ref/cell_lib/cb25os163_max.db)

Number of ports:              196
Number of nets:               999
Number of cells:              899
Number of references:          10

Combinational area:        795.000000
Noncombinational area:     526.250000
Net Interconnect area:     430.840790  

Total cell area:          1321.250000
Total area:               1752.090820
    
Information: Updating design information... (UID-85)
 
****************************************
Report : area
Design : SdramEngine
Version: 1999.05-2
Date   : Sat Sep  9 08:05:02 2000
****************************************

Library(s) Used:

    cb25os163_max (File: /home/work/sdramc_pl170/synopsys_ref/cell_lib/cb25os163_max.db)

Number of ports:              444
Number of nets:               664
Number of cells:                5
Number of references:           5

Combinational area:       8277.000000
Noncombinational area:    4652.500000
Net Interconnect area:    6332.209473  

Total cell area:          12929.500000
Total area:               19261.708984
    
Information: Updating design information... (UID-85)
 
****************************************
Report : area
Design : SdramCmdSeq
Version: 1999.05-2
Date   : Sat Sep  9 08:05:09 2000
****************************************

Library(s) Used:

    cb25os163_max (File: /home/work/sdramc_pl170/synopsys_ref/cell_lib/cb25os163_max.db)

Number of ports:              320
Number of nets:              2813
Number of cells:             2629
Number of references:         107

Combinational area:       2982.750000
Noncombinational area:    1930.750000
Net Interconnect area:    2311.224609  

Total cell area:          4913.500000
Total area:               7224.724609
    
Information: Updating design information... (UID-85)
 
****************************************
Report : area
Design : SdramDramCntl
Version: 1999.05-2
Date   : Sat Sep  9 08:05:17 2000
****************************************

Library(s) Used:

    cb25os163_max (File: /home/work/sdramc_pl170/synopsys_ref/cell_lib/cb25os163_max.db)

Number of ports:              163
Number of nets:              1017
Number of cells:              715
Number of references:          65

Combinational area:       4302.250000
Noncombinational area:    2399.250000
Net Interconnect area:    3244.920898  

Total cell area:          6701.500000
Total area:               9946.420898
    
Information: Updating design information... (UID-85)
 
****************************************
Report : area
Design : SdramDramFSM_3
Version: 1999.05-2
Date   : Sat Sep  9 08:05:21 2000
****************************************

Library(s) Used:

    cb25os163_max (File: /home/work/sdramc_pl170/synopsys_ref/cell_lib/cb25os163_max.db)

Number of ports:              126
Number of nets:               684
Number of cells:              604
Number of references:          77

Combinational area:        697.250000
Noncombinational area:     521.000000
Net Interconnect area:     553.133789  

Total cell area:          1218.250000
Total area:               1771.383789
    
Information: Updating design information... (UID-85)
 
****************************************
Report : area
Design : SdramDramFSM_2
Version: 1999.05-2
Date   : Sat Sep  9 08:05:24 2000
****************************************

Library(s) Used:

    cb25os163_max (File: /home/work/sdramc_pl170/synopsys_ref/cell_lib/cb25os163_max.db)

Number of ports:              126
Number of nets:               693
Number of cells:              613
Number of references:          79

Combinational area:        708.250000
Noncombinational area:     521.000000
Net Interconnect area:     557.417297  

Total cell area:          1229.250000
Total area:               1786.667236
    
Information: Updating design information... (UID-85)
 
****************************************
Report : area
Design : SdramDramFSM_1
Version: 1999.05-2
Date   : Sat Sep  9 08:05:27 2000
****************************************

Library(s) Used:

    cb25os163_max (File: /home/work/sdramc_pl170/synopsys_ref/cell_lib/cb25os163_max.db)

Number of ports:              126
Number of nets:               693
Number of cells:              613
Number of references:          69

Combinational area:        702.000000
Noncombinational area:     521.000000
Net Interconnect area:     559.401794  

Total cell area:          1223.000000
Total area:               1782.401855
    
Information: Updating design information... (UID-85)
 
****************************************
Report : area
Design : SdramDramFSM_0
Version: 1999.05-2
Date   : Sat Sep  9 08:05:30 2000
****************************************

Library(s) Used:

    cb25os163_max (File: /home/work/sdramc_pl170/synopsys_ref/cell_lib/cb25os163_max.db)

Number of ports:              126
Number of nets:               710
Number of cells:              630
Number of references:          78

Combinational area:        723.000000
Noncombinational area:     521.000000
Net Interconnect area:     562.244812  

Total cell area:          1244.000000
Total area:               1806.244873
    
Information: Updating design information... (UID-85)
 
****************************************
Report : area
Design : SdramTimCntl
Version: 1999.05-2
Date   : Sat Sep  9 08:05:33 2000
****************************************

Library(s) Used:

    cb25os163_max (File: /home/work/sdramc_pl170/synopsys_ref/cell_lib/cb25os163_max.db)

Number of ports:               50
Number of nets:               536
Number of cells:              495
Number of references:          70

Combinational area:        615.000000
Noncombinational area:     199.750000
Net Interconnect area:     357.065460  

Total cell area:           814.750000
Total area:               1171.815430
    
Information: Updating design information... (UID-85)
 
****************************************
Report : area
Design : SdramArbiter
Version: 1999.05-2
Date   : Sat Sep  9 08:05:37 2000
****************************************

Library(s) Used:

    cb25os163_max (File: /home/work/sdramc_pl170/synopsys_ref/cell_lib/cb25os163_max.db)

Number of ports:              420
Number of nets:              1132
Number of cells:              803
Number of references:          56

Combinational area:        990.000000
Noncombinational area:     322.500000
Net Interconnect area:     531.622864  

Total cell area:          1312.500000
Total area:               1844.122803
    
Information: Updating design information... (UID-85)
 
****************************************
Report : area
Design : SdramArbFSM_3
Version: 1999.05-2
Date   : Sat Sep  9 08:05:39 2000
****************************************

Library(s) Used:

    cb25os163_max (File: /home/work/sdramc_pl170/synopsys_ref/cell_lib/cb25os163_max.db)

Number of ports:                9
Number of nets:                31
Number of cells:               23
Number of references:          16

Combinational area:         26.000000
Noncombinational area:      27.500000
Net Interconnect area:      14.851500  

Total cell area:            53.500000
Total area:                 68.351501
    
Information: Updating design information... (UID-85)
 
****************************************
Report : area
Design : SdramArbFSM_2
Version: 1999.05-2
Date   : Sat Sep  9 08:05:41 2000
****************************************

Library(s) Used:

    cb25os163_max (File: /home/work/sdramc_pl170/synopsys_ref/cell_lib/cb25os163_max.db)

Number of ports:                9
Number of nets:                31
Number of cells:               23
Number of references:          17

Combinational area:         22.750000
Noncombinational area:      27.500000
Net Interconnect area:      14.782000  

Total cell area:            50.250000
Total area:                 65.031998
    
Information: Updating design information... (UID-85)
 
****************************************
Report : area
Design : SdramArbFSM_1
Version: 1999.05-2
Date   : Sat Sep  9 08:05:43 2000
****************************************

Library(s) Used:

    cb25os163_max (File: /home/work/sdramc_pl170/synopsys_ref/cell_lib/cb25os163_max.db)

Number of ports:                9
Number of nets:                34
Number of cells:               26
Number of references:          16

Combinational area:         28.750000
Noncombinational area:      27.500000
Net Interconnect area:      15.673500  

Total cell area:            56.250000
Total area:                 71.923500
    
Information: Updating design information... (UID-85)
 
****************************************
Report : area
Design : SdramArbFSM_0
Version: 1999.05-2
Date   : Sat Sep  9 08:05:46 2000
****************************************

Library(s) Used:

    cb25os163_max (File: /home/work/sdramc_pl170/synopsys_ref/cell_lib/cb25os163_max.db)

Number of ports:                9
Number of nets:                35
Number of cells:               27
Number of references:          17

Combinational area:         27.250000
Noncombinational area:      27.500000
Net Interconnect area:      15.431499  

Total cell area:            54.750000
Total area:                 70.181503
    
Information: Updating design information... (UID-85)
 
****************************************
Report : area
Design : SdramAhbRegBlk
Version: 1999.05-2
Date   : Sat Sep  9 08:05:49 2000
****************************************

Library(s) Used:

    cb25os163_max (File: /home/work/sdramc_pl170/synopsys_ref/cell_lib/cb25os163_max.db)

Number of ports:              111
Number of nets:               386
Number of cells:              334
Number of references:          39

Combinational area:        358.750000
Noncombinational area:     466.750000
Net Interconnect area:     361.399811  

Total cell area:           825.500000
Total area:               1186.899780
    
Information: Updating design information... (UID-85)
 
****************************************
Report : area
Design : SdramAhbRegBlk_test_1
Version: 1999.05-2
Date   : Sat Sep  9 08:05:52 2000
****************************************

Library(s) Used:

    cb25os163_max (File: /home/work/sdramc_pl170/synopsys_ref/cell_lib/cb25os163_max.db)

Number of ports:              114
Number of nets:               466
Number of cells:              411
Number of references:          41

Combinational area:        457.250000
Noncombinational area:     659.250000
Net Interconnect area:     432.781311  

Total cell area:          1116.500000
Total area:               1549.281250
    
Information: Updating design information... (UID-85)
 
****************************************
Report : area
Design : SdramAhbif_WR_BUF_COUNT2_RD_BUF_COUNT1_test_1
Version: 1999.05-2
Date   : Sat Sep  9 08:06:03 2000
****************************************

Library(s) Used:

    cb25os163_max (File: /home/work/sdramc_pl170/synopsys_ref/cell_lib/cb25os163_max.db)

Number of ports:              282
Number of nets:              5943
Number of cells:             5715
Number of references:         112

Combinational area:       7254.000000
Noncombinational area:    6425.000000
Net Interconnect area:    5414.594727  

Total cell area:          13679.000000
Total area:               19093.593750
    
Information: Updating design information... (UID-85)
 
****************************************
Report : area
Design : SdramAhbif_WR_BUF_COUNT2_RD_BUF_COUNT1_test_2
Version: 1999.05-2
Date   : Sat Sep  9 08:06:15 2000
****************************************

Library(s) Used:

    cb25os163_max (File: /home/work/sdramc_pl170/synopsys_ref/cell_lib/cb25os163_max.db)

Number of ports:              282
Number of nets:              5856
Number of cells:             5627
Number of references:         117

Combinational area:       7102.500000
Noncombinational area:    6425.000000
Net Interconnect area:    5436.099609  

Total cell area:          13527.500000
Total area:               18963.599609
    
Information: Updating design information... (UID-85)
 
****************************************
Report : area
Design : SdramAhbif_WR_BUF_COUNT2_RD_BUF_COUNT1_test_3
Version: 1999.05-2
Date   : Sat Sep  9 08:06:27 2000
****************************************

Library(s) Used:

    cb25os163_max (File: /home/work/sdramc_pl170/synopsys_ref/cell_lib/cb25os163_max.db)

Number of ports:              282
Number of nets:              5873
Number of cells:             5645
Number of references:         115

Combinational area:       7159.000000
Noncombinational area:    6425.250000
Net Interconnect area:    5305.668457  

Total cell area:          13584.250000
Total area:               18889.917969
    
Information: Updating design information... (UID-85)
 
****************************************
Report : area
Design : SdramAhbif_WR_BUF_COUNT2_RD_BUF_COUNT1_test_4
Version: 1999.05-2
Date   : Sat Sep  9 08:06:39 2000
****************************************

Library(s) Used:

    cb25os163_max (File: /home/work/sdramc_pl170/synopsys_ref/cell_lib/cb25os163_max.db)

Number of ports:              282
Number of nets:              5988
Number of cells:             5760
Number of references:         120

Combinational area:       7183.250000
Noncombinational area:    6425.000000
Net Interconnect area:    5450.805176  

Total cell area:          13608.250000
Total area:               19059.054688
    
Information: Updating design information... (UID-85)
 
****************************************
Report : area
Design : SdramArbFSM_test_1
Version: 1999.05-2
Date   : Sat Sep  9 08:06:42 2000
****************************************

Library(s) Used:

    cb25os163_max (File: /home/work/sdramc_pl170/synopsys_ref/cell_lib/cb25os163_max.db)

Number of ports:               12
Number of nets:                40
Number of cells:               29
Number of references:          19

Combinational area:         29.250000
Noncombinational area:      40.750000
Net Interconnect area:      19.040501  

Total cell area:            70.000000
Total area:                 89.040497
    
Information: Updating design information... (UID-85)
 
****************************************
Report : area
Design : SdramArbFSM_test_2
Version: 1999.05-2
Date   : Sat Sep  9 08:06:45 2000
****************************************

Library(s) Used:

    cb25os163_max (File: /home/work/sdramc_pl170/synopsys_ref/cell_lib/cb25os163_max.db)

Number of ports:               12
Number of nets:                39
Number of cells:               28
Number of references:          18

Combinational area:         30.750000
Noncombinational area:      40.750000
Net Interconnect area:      19.554501  

Total cell area:            71.500000
Total area:                 91.054504
    
Information: Updating design information... (UID-85)
 
****************************************
Report : area
Design : SdramArbFSM_test_3
Version: 1999.05-2
Date   : Sat Sep  9 08:06:48 2000
****************************************

Library(s) Used:

    cb25os163_max (File: /home/work/sdramc_pl170/synopsys_ref/cell_lib/cb25os163_max.db)

Number of ports:               12
Number of nets:                35
Number of cells:               24
Number of references:          18

Combinational area:         23.750000
Noncombinational area:      40.750000
Net Interconnect area:      18.262499  

Total cell area:            64.500000
Total area:                 82.762497
    
Information: Updating design information... (UID-85)
 
****************************************
Report : area
Design : SdramArbFSM_test_4
Version: 1999.05-2
Date   : Sat Sep  9 08:06:50 2000
****************************************

Library(s) Used:

    cb25os163_max (File: /home/work/sdramc_pl170/synopsys_ref/cell_lib/cb25os163_max.db)

Number of ports:               12
Number of nets:                36
Number of cells:               25
Number of references:          18

Combinational area:         28.000000
Noncombinational area:      40.750000
Net Interconnect area:      18.732500  

Total cell area:            68.750000
Total area:                 87.482498
    
Information: Updating design information... (UID-85)
 
****************************************
Report : area
Design : SdramArbiter_test_1
Version: 1999.05-2
Date   : Sat Sep  9 08:06:55 2000
****************************************

Library(s) Used:

    cb25os163_max (File: /home/work/sdramc_pl170/synopsys_ref/cell_lib/cb25os163_max.db)

Number of ports:              423
Number of nets:              1150
Number of cells:              815
Number of references:          57

Combinational area:       1013.750000
Noncombinational area:     476.250000
Net Interconnect area:     583.587402  

Total cell area:          1490.000000
Total area:               2073.587402
    
Information: Updating design information... (UID-85)
 
****************************************
Report : area
Design : SdramCmdSeq_test_1
Version: 1999.05-2
Date   : Sat Sep  9 08:07:02 2000
****************************************

Library(s) Used:

    cb25os163_max (File: /home/work/sdramc_pl170/synopsys_ref/cell_lib/cb25os163_max.db)

Number of ports:              323
Number of nets:              3089
Number of cells:             2897
Number of references:         108

Combinational area:       3324.000000
Noncombinational area:    2881.000000
Net Interconnect area:    2567.688721  

Total cell area:          6205.000000
Total area:               8772.688477
    
Information: Updating design information... (UID-85)
 
****************************************
Report : area
Design : SdramDramFSM_test_1
Version: 1999.05-2
Date   : Sat Sep  9 08:07:06 2000
****************************************

Library(s) Used:

    cb25os163_max (File: /home/work/sdramc_pl170/synopsys_ref/cell_lib/cb25os163_max.db)

Number of ports:              129
Number of nets:               753
Number of cells:              670
Number of references:          81

Combinational area:        791.500000
Noncombinational area:     721.500000
Net Interconnect area:     641.927795  

Total cell area:          1513.000000
Total area:               2154.927734
    
Information: Updating design information... (UID-85)
 
****************************************
Report : area
Design : SdramDramFSM_test_2
Version: 1999.05-2
Date   : Sat Sep  9 08:07:11 2000
****************************************

Library(s) Used:

    cb25os163_max (File: /home/work/sdramc_pl170/synopsys_ref/cell_lib/cb25os163_max.db)

Number of ports:              129
Number of nets:               734
Number of cells:              651
Number of references:          73

Combinational area:        764.000000
Noncombinational area:     721.500000
Net Interconnect area:     636.497253  

Total cell area:          1485.500000
Total area:               2121.997314
    
Information: Updating design information... (UID-85)
 
****************************************
Report : area
Design : SdramDramFSM_test_3
Version: 1999.05-2
Date   : Sat Sep  9 08:07:15 2000
****************************************

Library(s) Used:

    cb25os163_max (File: /home/work/sdramc_pl170/synopsys_ref/cell_lib/cb25os163_max.db)

Number of ports:              129
Number of nets:               731
Number of cells:              648
Number of references:          80

Combinational area:        769.500000
Noncombinational area:     721.500000
Net Interconnect area:     632.287292  

Total cell area:          1491.000000
Total area:               2123.287354
    
Information: Updating design information... (UID-85)
 
****************************************
Report : area
Design : SdramDramFSM_test_4
Version: 1999.05-2
Date   : Sat Sep  9 08:07:19 2000
****************************************

Library(s) Used:

    cb25os163_max (File: /home/work/sdramc_pl170/synopsys_ref/cell_lib/cb25os163_max.db)

Number of ports:              128
Number of nets:               732
Number of cells:              649
Number of references:          81

Combinational area:        766.000000
Noncombinational area:     721.500000
Net Interconnect area:     633.979309  

Total cell area:          1487.500000
Total area:               2121.479248
    
Information: Updating design information... (UID-85)
 
****************************************
Report : area
Design : SdramTimCntl_test_1
Version: 1999.05-2
Date   : Sat Sep  9 08:07:23 2000
****************************************

Library(s) Used:

    cb25os163_max (File: /home/work/sdramc_pl170/synopsys_ref/cell_lib/cb25os163_max.db)

Number of ports:               53
Number of nets:               549
Number of cells:              505
Number of references:          75

Combinational area:        635.250000
Noncombinational area:     296.750000
Net Interconnect area:     387.678436  

Total cell area:           932.000000
Total area:               1319.678467
    
Information: Updating design information... (UID-85)
 
****************************************
Report : area
Design : SdramDramCntl_test_1
Version: 1999.05-2
Date   : Sat Sep  9 08:07:31 2000
****************************************

Library(s) Used:

    cb25os163_max (File: /home/work/sdramc_pl170/synopsys_ref/cell_lib/cb25os163_max.db)

Number of ports:              166
Number of nets:              1041
Number of cells:              733
Number of references:          67

Combinational area:       4606.750000
Noncombinational area:    3350.750000
Net Interconnect area:    3605.725830  

Total cell area:          7957.500000
Total area:               11563.225586
    
Information: Updating design information... (UID-85)
 
****************************************
Report : area
Design : SdramEngine_test_1
Version: 1999.05-2
Date   : Sat Sep  9 08:07:45 2000
****************************************

Library(s) Used:

    cb25os163_max (File: /home/work/sdramc_pl170/synopsys_ref/cell_lib/cb25os163_max.db)

Number of ports:              447
Number of nets:               676
Number of cells:               12
Number of references:           7

Combinational area:       8953.500000
Noncombinational area:    6708.000000
Net Interconnect area:    7006.904785  

Total cell area:          15661.500000
Total area:               22668.404297
    
Information: Updating design information... (UID-85)
 
****************************************
Report : area
Design : SdramPins_test_1
Version: 1999.05-2
Date   : Sat Sep  9 08:07:49 2000
****************************************

Library(s) Used:

    cb25os163_max (File: /home/work/sdramc_pl170/synopsys_ref/cell_lib/cb25os163_max.db)

Number of ports:              198
Number of nets:              1136
Number of cells:             1019
Number of references:          14

Combinational area:        898.250000
Noncombinational area:     771.500000
Net Interconnect area:     510.982788  

Total cell area:          1669.750000
Total area:               2180.732910
