 AREA REPORT FOR DESIGN : /home/work/sdramc_pl170/synopsys_ref/db/Sdram_verilog.db:Sdram
    
 
****************************************
Report : area
Design : Sdram
Version: 1999.05-2
Date   : Sat Sep  9 00:08:32 2000
****************************************

Library(s) Used:

    cb25os163_max (File: /home/work/sdramc_pl170/synopsys_ref/cell_lib/cb25os163_max.db)

Number of ports:              537
Number of nets:              1118
Number of cells:               87
Number of references:          20

Combinational area:       40547.250000
Noncombinational area:    34074.750000
Net Interconnect area:    32984.183594 

Total cell area:          74622.000000
Total area:               107606.187500
    
Information: Updating design information... (UID-85)
 
****************************************
Report : area
Design : SdramAhbif_WR_BUF_COUNT2_RD_BUF_COUNT1_3
Version: 1999.05-2
Date   : Sat Sep  9 00:08:46 2000
****************************************

Library(s) Used:

    cb25os163_max (File: /home/work/sdramc_pl170/synopsys_ref/cell_lib/cb25os163_max.db)

Number of ports:              279
Number of nets:              5484
Number of cells:             5276
Number of references:         117

Combinational area:       6368.250000
Noncombinational area:    4251.250000
Net Interconnect area:    4744.178711  

Total cell area:          10619.500000
Total area:               15363.678711
    
Information: Updating design information... (UID-85)
 
****************************************
Report : area
Design : SdramAhbif_WR_BUF_COUNT2_RD_BUF_COUNT1_2
Version: 1999.05-2
Date   : Sat Sep  9 00:08:57 2000
****************************************

Library(s) Used:

    cb25os163_max (File: /home/work/sdramc_pl170/synopsys_ref/cell_lib/cb25os163_max.db)

Number of ports:              279
Number of nets:              5432
Number of cells:             5232
Number of references:         121

Combinational area:       6303.250000
Noncombinational area:    4282.250000
Net Interconnect area:    4718.803711  

Total cell area:          10585.500000
Total area:               15304.303711
    
Information: Updating design information... (UID-85)
 
****************************************
Report : area
Design : SdramAhbif_WR_BUF_COUNT2_RD_BUF_COUNT1_1
Version: 1999.05-2
Date   : Sat Sep  9 00:09:09 2000
****************************************

Library(s) Used:

    cb25os163_max (File: /home/work/sdramc_pl170/synopsys_ref/cell_lib/cb25os163_max.db)

Number of ports:              279
Number of nets:              5669
Number of cells:             5472
Number of references:         116

Combinational area:       6554.500000
Noncombinational area:    4277.250000
Net Interconnect area:    4801.388184  

Total cell area:          10831.750000
Total area:               15633.138672
    
Information: Updating design information... (UID-85)
 
****************************************
Report : area
Design : SdramAhbif_WR_BUF_COUNT2_RD_BUF_COUNT1_0
Version: 1999.05-2
Date   : Sat Sep  9 00:09:20 2000
****************************************

Library(s) Used:

    cb25os163_max (File: /home/work/sdramc_pl170/synopsys_ref/cell_lib/cb25os163_max.db)

Number of ports:              279
Number of nets:              5558
Number of cells:             5363
Number of references:         119

Combinational area:       6481.500000
Noncombinational area:    4277.500000
Net Interconnect area:    4779.902832  

Total cell area:          10759.000000
Total area:               15538.902344
    
Information: Updating design information... (UID-85)
 
****************************************
Report : area
Design : SdramBigEndian_3
Version: 1999.05-2
Date   : Sat Sep  9 00:09:23 2000
****************************************

Library(s) Used:

    cb25os163_max (File: /home/work/sdramc_pl170/synopsys_ref/cell_lib/cb25os163_max.db)

Number of ports:                5
Number of nets:                 5
Number of cells:                2
Number of references:           1

Combinational area:          4.500000
Noncombinational area:       0.000000
Net Interconnect area:       1.234000  

Total cell area:             4.500000
Total area:                  5.734000
    
Information: Updating design information... (UID-85)
 
****************************************
Report : area
Design : SdramBigEndian_2
Version: 1999.05-2
Date   : Sat Sep  9 00:09:25 2000
****************************************

Library(s) Used:

    cb25os163_max (File: /home/work/sdramc_pl170/synopsys_ref/cell_lib/cb25os163_max.db)

Number of ports:                5
Number of nets:                 5
Number of cells:                2
Number of references:           1

Combinational area:          4.500000
Noncombinational area:       0.000000
Net Interconnect area:       1.234000  

Total cell area:             4.500000
Total area:                  5.734000
    
Information: Updating design information... (UID-85)
 
****************************************
Report : area
Design : SdramBigEndian_1
Version: 1999.05-2
Date   : Sat Sep  9 00:09:28 2000
****************************************

Library(s) Used:

    cb25os163_max (File: /home/work/sdramc_pl170/synopsys_ref/cell_lib/cb25os163_max.db)

Number of ports:                5
Number of nets:                 5
Number of cells:                2
Number of references:           1

Combinational area:          4.500000
Noncombinational area:       0.000000
Net Interconnect area:       1.234000  

Total cell area:             4.500000
Total area:                  5.734000
    
Information: Updating design information... (UID-85)
 
****************************************
Report : area
Design : SdramBigEndian_0
Version: 1999.05-2
Date   : Sat Sep  9 00:09:30 2000
****************************************

Library(s) Used:

    cb25os163_max (File: /home/work/sdramc_pl170/synopsys_ref/cell_lib/cb25os163_max.db)

Number of ports:                5
Number of nets:                 5
Number of cells:                2
Number of references:           1

Combinational area:          4.500000
Noncombinational area:       0.000000
Net Interconnect area:       1.234000  

Total cell area:             4.500000
Total area:                  5.734000
    
Information: Updating design information... (UID-85)
 
****************************************
Report : area
Design : SdramPins
Version: 1999.05-2
Date   : Sat Sep  9 00:09:33 2000
****************************************

Library(s) Used:

    cb25os163_max (File: /home/work/sdramc_pl170/synopsys_ref/cell_lib/cb25os163_max.db)

Number of ports:              196
Number of nets:               999
Number of cells:              899
Number of references:          10

Combinational area:        795.000000
Noncombinational area:     526.250000
Net Interconnect area:     430.840790  

Total cell area:          1321.250000
Total area:               1752.090820
    
Information: Updating design information... (UID-85)
 
****************************************
Report : area
Design : SdramEngine
Version: 1999.05-2
Date   : Sat Sep  9 00:09:46 2000
****************************************

Library(s) Used:

    cb25os163_max (File: /home/work/sdramc_pl170/synopsys_ref/cell_lib/cb25os163_max.db)

Number of ports:              444
Number of nets:               663
Number of cells:                4
Number of references:           4

Combinational area:       8619.250000
Noncombinational area:    4711.750000
Net Interconnect area:    6641.103027  

Total cell area:          13331.000000
Total area:               19972.103516
    
Information: Updating design information... (UID-85)
 
****************************************
Report : area
Design : SdramCmdSeq
Version: 1999.05-2
Date   : Sat Sep  9 00:09:54 2000
****************************************

Library(s) Used:

    cb25os163_max (File: /home/work/sdramc_pl170/synopsys_ref/cell_lib/cb25os163_max.db)

Number of ports:              320
Number of nets:              2721
Number of cells:             2544
Number of references:         101

Combinational area:       2822.500000
Noncombinational area:    1972.750000
Net Interconnect area:    2237.012695  

Total cell area:          4795.250000
Total area:               7032.262695
    
Information: Updating design information... (UID-85)
 
****************************************
Report : area
Design : SdramDramCntl
Version: 1999.05-2
Date   : Sat Sep  9 00:10:02 2000
****************************************

Library(s) Used:

    cb25os163_max (File: /home/work/sdramc_pl170/synopsys_ref/cell_lib/cb25os163_max.db)

Number of ports:              163
Number of nets:              1533
Number of cells:             1253
Number of references:          84

Combinational area:       4850.750000
Noncombinational area:    2416.500000
Net Interconnect area:    3625.918945  

Total cell area:          7267.250000
Total area:               10893.168945
    
Information: Updating design information... (UID-85)
 
****************************************
Report : area
Design : SdramDramFSM_3
Version: 1999.05-2
Date   : Sat Sep  9 00:10:06 2000
****************************************

Library(s) Used:

    cb25os163_max (File: /home/work/sdramc_pl170/synopsys_ref/cell_lib/cb25os163_max.db)

Number of ports:              126
Number of nets:               687
Number of cells:              607
Number of references:          76

Combinational area:        704.000000
Noncombinational area:     525.250000
Net Interconnect area:     558.367310  

Total cell area:          1229.250000
Total area:               1787.617310
    
Information: Updating design information... (UID-85)
 
****************************************
Report : area
Design : SdramDramFSM_2
Version: 1999.05-2
Date   : Sat Sep  9 00:10:09 2000
****************************************

Library(s) Used:

    cb25os163_max (File: /home/work/sdramc_pl170/synopsys_ref/cell_lib/cb25os163_max.db)

Number of ports:              126
Number of nets:               703
Number of cells:              623
Number of references:          77

Combinational area:        710.000000
Noncombinational area:     525.250000
Net Interconnect area:     557.679260  

Total cell area:          1235.250000
Total area:               1792.929199
    
Information: Updating design information... (UID-85)
 
****************************************
Report : area
Design : SdramDramFSM_1
Version: 1999.05-2
Date   : Sat Sep  9 00:10:13 2000
****************************************

Library(s) Used:

    cb25os163_max (File: /home/work/sdramc_pl170/synopsys_ref/cell_lib/cb25os163_max.db)

Number of ports:              126
Number of nets:               705
Number of cells:              625
Number of references:          76

Combinational area:        714.500000
Noncombinational area:     525.250000
Net Interconnect area:     561.588257  

Total cell area:          1239.750000
Total area:               1801.338257
    
Information: Updating design information... (UID-85)
 
****************************************
Report : area
Design : SdramDramFSM_0
Version: 1999.05-2
Date   : Sat Sep  9 00:10:16 2000
****************************************

Library(s) Used:

    cb25os163_max (File: /home/work/sdramc_pl170/synopsys_ref/cell_lib/cb25os163_max.db)

Number of ports:              126
Number of nets:               706
Number of cells:              626
Number of references:          76

Combinational area:        710.750000
Noncombinational area:     525.250000
Net Interconnect area:     560.429810  

Total cell area:          1236.000000
Total area:               1796.429810
    
Information: Updating design information... (UID-85)
 
****************************************
Report : area
Design : SdramTimCntl
Version: 1999.05-2
Date   : Sat Sep  9 00:10:19 2000
****************************************

Library(s) Used:

    cb25os163_max (File: /home/work/sdramc_pl170/synopsys_ref/cell_lib/cb25os163_max.db)

Number of ports:               50
Number of nets:               428
Number of cells:              387
Number of references:          50

Combinational area:        484.750000
Noncombinational area:     200.000000
Net Interconnect area:     302.596954  

Total cell area:           684.750000
Total area:                987.346924
    
Information: Updating design information... (UID-85)
 
****************************************
Report : area
Design : SdramArbiter
Version: 1999.05-2
Date   : Sat Sep  9 00:10:23 2000
****************************************

Library(s) Used:

    cb25os163_max (File: /home/work/sdramc_pl170/synopsys_ref/cell_lib/cb25os163_max.db)

Number of ports:              420
Number of nets:              1035
Number of cells:              706
Number of references:          55

Combinational area:        945.000000
Noncombinational area:     322.500000
Net Interconnect area:     530.928894  

Total cell area:          1267.500000
Total area:               1798.428955
    
Information: Updating design information... (UID-85)
 
****************************************
Report : area
Design : SdramArbFSM_3
Version: 1999.05-2
Date   : Sat Sep  9 00:10:25 2000
****************************************

Library(s) Used:

    cb25os163_max (File: /home/work/sdramc_pl170/synopsys_ref/cell_lib/cb25os163_max.db)

Number of ports:                9
Number of nets:                41
Number of cells:               33
Number of references:          21

Combinational area:         34.750000
Noncombinational area:      27.500000
Net Interconnect area:      19.571499  

Total cell area:            62.250000
Total area:                 81.821503
    
Information: Updating design information... (UID-85)
 
****************************************
Report : area
Design : SdramArbFSM_2
Version: 1999.05-2
Date   : Sat Sep  9 00:10:28 2000
****************************************

Library(s) Used:

    cb25os163_max (File: /home/work/sdramc_pl170/synopsys_ref/cell_lib/cb25os163_max.db)

Number of ports:                9
Number of nets:                42
Number of cells:               34
Number of references:          20

Combinational area:         36.000000
Noncombinational area:      27.500000
Net Interconnect area:      19.737499  

Total cell area:            63.500000
Total area:                 83.237503
    
Information: Updating design information... (UID-85)
 
****************************************
Report : area
Design : SdramArbFSM_1
Version: 1999.05-2
Date   : Sat Sep  9 00:10:30 2000
****************************************

Library(s) Used:

    cb25os163_max (File: /home/work/sdramc_pl170/synopsys_ref/cell_lib/cb25os163_max.db)

Number of ports:                9
Number of nets:                41
Number of cells:               33
Number of references:          20

Combinational area:         35.000000
Noncombinational area:      27.500000
Net Interconnect area:      19.571499  

Total cell area:            62.500000
Total area:                 82.071503
    
Information: Updating design information... (UID-85)
 
****************************************
Report : area
Design : SdramArbFSM_0
Version: 1999.05-2
Date   : Sat Sep  9 00:10:33 2000
****************************************

Library(s) Used:

    cb25os163_max (File: /home/work/sdramc_pl170/synopsys_ref/cell_lib/cb25os163_max.db)

Number of ports:                9
Number of nets:                42
Number of cells:               34
Number of references:          20

Combinational area:         35.500000
Noncombinational area:      27.500000
Net Interconnect area:      19.737499  

Total cell area:            63.000000
Total area:                 82.737503
    
Information: Updating design information... (UID-85)
 
****************************************
Report : area
Design : SdramAhbRegBlk
Version: 1999.05-2
Date   : Sat Sep  9 00:10:36 2000
****************************************

Library(s) Used:

    cb25os163_max (File: /home/work/sdramc_pl170/synopsys_ref/cell_lib/cb25os163_max.db)

Number of ports:              111
Number of nets:               392
Number of cells:              341
Number of references:          45

Combinational area:        359.500000
Noncombinational area:     473.250000
Net Interconnect area:     364.918304  

Total cell area:           832.750000
Total area:               1197.668335
    
Information: Updating design information... (UID-85)
 
****************************************
Report : area
Design : SdramAhbRegBlk_test_1
Version: 1999.05-2
Date   : Sat Sep  9 00:10:39 2000
****************************************

Library(s) Used:

    cb25os163_max (File: /home/work/sdramc_pl170/synopsys_ref/cell_lib/cb25os163_max.db)

Number of ports:              114
Number of nets:               458
Number of cells:              403
Number of references:          48

Combinational area:        447.000000
Noncombinational area:     659.750000
Net Interconnect area:     435.778809  

Total cell area:          1106.750000
Total area:               1542.528809
    
Information: Updating design information... (UID-85)
 
****************************************
Report : area
Design : SdramAhbif_WR_BUF_COUNT2_RD_BUF_COUNT1_test_1
Version: 1999.05-2
Date   : Sat Sep  9 00:10:51 2000
****************************************

Library(s) Used:

    cb25os163_max (File: /home/work/sdramc_pl170/synopsys_ref/cell_lib/cb25os163_max.db)

Number of ports:              282
Number of nets:              6291
Number of cells:             6088
Number of references:         121

Combinational area:       7552.250000
Noncombinational area:    6495.250000
Net Interconnect area:    5378.139160  

Total cell area:          14047.500000
Total area:               19425.638672
    
Information: Updating design information... (UID-85)
 
****************************************
Report : area
Design : SdramAhbif_WR_BUF_COUNT2_RD_BUF_COUNT1_test_2
Version: 1999.05-2
Date   : Sat Sep  9 00:11:04 2000
****************************************

Library(s) Used:

    cb25os163_max (File: /home/work/sdramc_pl170/synopsys_ref/cell_lib/cb25os163_max.db)

Number of ports:              282
Number of nets:              6381
Number of cells:             6178
Number of references:         116

Combinational area:       7591.000000
Noncombinational area:    6495.000000
Net Interconnect area:    5391.537109  

Total cell area:          14086.000000
Total area:               19477.537109
    
Information: Updating design information... (UID-85)
 
****************************************
Report : area
Design : SdramAhbif_WR_BUF_COUNT2_RD_BUF_COUNT1_test_3
Version: 1999.05-2
Date   : Sat Sep  9 00:11:16 2000
****************************************

Library(s) Used:

    cb25os163_max (File: /home/work/sdramc_pl170/synopsys_ref/cell_lib/cb25os163_max.db)

Number of ports:              282
Number of nets:              6153
Number of cells:             5948
Number of references:         120

Combinational area:       7342.250000
Noncombinational area:    6495.000000
Net Interconnect area:    5326.410156  

Total cell area:          13837.250000
Total area:               19163.660156
    
Information: Updating design information... (UID-85)
 
****************************************
Report : area
Design : SdramAhbif_WR_BUF_COUNT2_RD_BUF_COUNT1_test_4
Version: 1999.05-2
Date   : Sat Sep  9 00:11:28 2000
****************************************

Library(s) Used:

    cb25os163_max (File: /home/work/sdramc_pl170/synopsys_ref/cell_lib/cb25os163_max.db)

Number of ports:              282
Number of nets:              5987
Number of cells:             5766
Number of references:         117

Combinational area:       7224.000000
Noncombinational area:    6443.000000
Net Interconnect area:    5320.410645  

Total cell area:          13667.000000
Total area:               18987.410156
    
Information: Updating design information... (UID-85)
 
****************************************
Report : area
Design : SdramArbFSM_test_1
Version: 1999.05-2
Date   : Sat Sep  9 00:11:32 2000
****************************************

Library(s) Used:

    cb25os163_max (File: /home/work/sdramc_pl170/synopsys_ref/cell_lib/cb25os163_max.db)

Number of ports:               12
Number of nets:                45
Number of cells:               34
Number of references:          20

Combinational area:         35.500000
Noncombinational area:      40.750000
Net Interconnect area:      22.962999  

Total cell area:            76.250000
Total area:                 99.212997
    
Information: Updating design information... (UID-85)
 
****************************************
Report : area
Design : SdramArbFSM_test_2
Version: 1999.05-2
Date   : Sat Sep  9 00:11:34 2000
****************************************

Library(s) Used:

    cb25os163_max (File: /home/work/sdramc_pl170/synopsys_ref/cell_lib/cb25os163_max.db)

Number of ports:               12
Number of nets:                45
Number of cells:               34
Number of references:          21

Combinational area:         36.000000
Noncombinational area:      40.750000
Net Interconnect area:      23.003000  

Total cell area:            76.750000
Total area:                 99.752998
    
Information: Updating design information... (UID-85)
 
****************************************
Report : area
Design : SdramArbFSM_test_3
Version: 1999.05-2
Date   : Sat Sep  9 00:11:37 2000
****************************************

Library(s) Used:

    cb25os163_max (File: /home/work/sdramc_pl170/synopsys_ref/cell_lib/cb25os163_max.db)

Number of ports:               12
Number of nets:                46
Number of cells:               35
Number of references:          21

Combinational area:         37.000000
Noncombinational area:      40.750000
Net Interconnect area:      23.169001  

Total cell area:            77.750000
Total area:                100.918999
    
Information: Updating design information... (UID-85)
 
****************************************
Report : area
Design : SdramArbFSM_test_4
Version: 1999.05-2
Date   : Sat Sep  9 00:11:40 2000
****************************************

Library(s) Used:

    cb25os163_max (File: /home/work/sdramc_pl170/synopsys_ref/cell_lib/cb25os163_max.db)

Number of ports:               12
Number of nets:                44
Number of cells:               33
Number of references:          21

Combinational area:         34.750000
Noncombinational area:      40.750000
Net Interconnect area:      22.796999  

Total cell area:            75.500000
Total area:                 98.296997
    
Information: Updating design information... (UID-85)
 
****************************************
Report : area
Design : SdramArbiter_test_1
Version: 1999.05-2
Date   : Sat Sep  9 00:11:44 2000
****************************************

Library(s) Used:

    cb25os163_max (File: /home/work/sdramc_pl170/synopsys_ref/cell_lib/cb25os163_max.db)

Number of ports:              423
Number of nets:              1053
Number of cells:              718
Number of references:          56

Combinational area:        969.250000
Noncombinational area:     476.250000
Net Interconnect area:     578.000854  

Total cell area:          1445.500000
Total area:               2023.500854
    
Information: Updating design information... (UID-85)
 
****************************************
Report : area
Design : SdramCmdSeq_test_1
Version: 1999.05-2
Date   : Sat Sep  9 00:11:51 2000
****************************************

Library(s) Used:

    cb25os163_max (File: /home/work/sdramc_pl170/synopsys_ref/cell_lib/cb25os163_max.db)

Number of ports:              322
Number of nets:              2997
Number of cells:             2806
Number of references:         103

Combinational area:       3205.750000
Noncombinational area:    2888.500000
Net Interconnect area:    2491.819336  

Total cell area:          6094.250000
Total area:               8586.069336
    
Information: Updating design information... (UID-85)
 
****************************************
Report : area
Design : SdramDramFSM_test_1
Version: 1999.05-2
Date   : Sat Sep  9 00:11:56 2000
****************************************

Library(s) Used:

    cb25os163_max (File: /home/work/sdramc_pl170/synopsys_ref/cell_lib/cb25os163_max.db)

Number of ports:              129
Number of nets:               765
Number of cells:              682
Number of references:          80

Combinational area:        794.500000
Noncombinational area:     721.500000
Net Interconnect area:     638.970764  

Total cell area:          1516.000000
Total area:               2154.970703
    
Information: Updating design information... (UID-85)
 
****************************************
Report : area
Design : SdramDramFSM_test_2
Version: 1999.05-2
Date   : Sat Sep  9 00:12:00 2000
****************************************

Library(s) Used:

    cb25os163_max (File: /home/work/sdramc_pl170/synopsys_ref/cell_lib/cb25os163_max.db)

Number of ports:              129
Number of nets:               748
Number of cells:              665
Number of references:          78

Combinational area:        783.750000
Noncombinational area:     721.500000
Net Interconnect area:     640.072754  

Total cell area:          1505.250000
Total area:               2145.322754
    
Information: Updating design information... (UID-85)
 
****************************************
Report : area
Design : SdramDramFSM_test_3
Version: 1999.05-2
Date   : Sat Sep  9 00:12:04 2000
****************************************

Library(s) Used:

    cb25os163_max (File: /home/work/sdramc_pl170/synopsys_ref/cell_lib/cb25os163_max.db)

Number of ports:              129
Number of nets:               759
Number of cells:              676
Number of references:          80

Combinational area:        794.000000
Noncombinational area:     721.500000
Net Interconnect area:     638.024780  

Total cell area:          1515.500000
Total area:               2153.524902
    
Information: Updating design information... (UID-85)
 
****************************************
Report : area
Design : SdramDramFSM_test_4
Version: 1999.05-2
Date   : Sat Sep  9 00:12:08 2000
****************************************

Library(s) Used:

    cb25os163_max (File: /home/work/sdramc_pl170/synopsys_ref/cell_lib/cb25os163_max.db)

Number of ports:              129
Number of nets:               742
Number of cells:              659
Number of references:          76

Combinational area:        781.500000
Noncombinational area:     721.500000
Net Interconnect area:     637.093262  

Total cell area:          1503.000000
Total area:               2140.093262
    
Information: Updating design information... (UID-85)
 
****************************************
Report : area
Design : SdramTimCntl_test_1
Version: 1999.05-2
Date   : Sat Sep  9 00:12:12 2000
****************************************

Library(s) Used:

    cb25os163_max (File: /home/work/sdramc_pl170/synopsys_ref/cell_lib/cb25os163_max.db)

Number of ports:               53
Number of nets:               446
Number of cells:              402
Number of references:          57

Combinational area:        511.250000
Noncombinational area:     296.750000
Net Interconnect area:     336.402954  

Total cell area:           808.000000
Total area:               1144.402954
    
Information: Updating design information... (UID-85)
 
****************************************
Report : area
Design : SdramDramCntl_test_1
Version: 1999.05-2
Date   : Sat Sep  9 00:12:21 2000
****************************************

Library(s) Used:

    cb25os163_max (File: /home/work/sdramc_pl170/synopsys_ref/cell_lib/cb25os163_max.db)

Number of ports:              166
Number of nets:              1551
Number of cells:             1264
Number of references:          85

Combinational area:       5210.000000
Noncombinational area:    3350.750000
Net Interconnect area:    4178.910156  

Total cell area:          8560.750000
Total area:               12739.660156
    
Information: Updating design information... (UID-85)
 
****************************************
Report : area
Design : SdramEngine_test_1
Version: 1999.05-2
Date   : Sat Sep  9 00:12:36 2000
****************************************

Library(s) Used:

    cb25os163_max (File: /home/work/sdramc_pl170/synopsys_ref/cell_lib/cb25os163_max.db)

Number of ports:              447
Number of nets:               673
Number of cells:               10
Number of references:           8

Combinational area:       9393.750000
Noncombinational area:    6715.500000
Net Interconnect area:    7715.430664  

Total cell area:          16109.250000
Total area:               23824.679688
    
Information: Updating design information... (UID-85)
 
****************************************
Report : area
Design : SdramPins_test_1
Version: 1999.05-2
Date   : Sat Sep  9 00:12:42 2000
****************************************

Library(s) Used:

    cb25os163_max (File: /home/work/sdramc_pl170/synopsys_ref/cell_lib/cb25os163_max.db)

Number of ports:              198
Number of nets:              1138
Number of cells:             1021
Number of references:          13

Combinational area:        899.750000
Noncombinational area:     771.250000
Net Interconnect area:     511.394775  

Total cell area:          1671.000000
Total area:               2182.394775
