 AREA REPORT FOR DESIGN : /home/work/sdramc_pl170/synopsys_ref/scr_sdram/Sdram.db:Sdram
    
 
****************************************
Report : area
Design : Sdram
Version: 1999.05-2
Date   : Fri Sep  8 23:10:23 2000
****************************************

Library(s) Used:

    cb25os163_max (File: /home/work/sdramc_pl170/synopsys_ref/cell_lib/cb25os163_max.db)

Number of ports:              535
Number of nets:              1100
Number of cells:               78
Number of references:          16

Combinational area:       35568.000000
Noncombinational area:    22799.500000
Net Interconnect area:    29715.070312 

Total cell area:          58367.500000
Total area:               88082.570312
    
Information: Updating design information... (UID-85)
 
****************************************
Report : area
Design : SdramBigEndian_0
Version: 1999.05-2
Date   : Fri Sep  8 23:10:29 2000
****************************************

Library(s) Used:

    cb25os163_max (File: /home/work/sdramc_pl170/synopsys_ref/cell_lib/cb25os163_max.db)

Number of ports:                5
Number of nets:                 5
Number of cells:                2
Number of references:           1

Combinational area:          4.500000
Noncombinational area:       0.000000
Net Interconnect area:       1.234000  

Total cell area:             4.500000
Total area:                  5.734000
    
Information: Updating design information... (UID-85)
 
****************************************
Report : area
Design : SdramBigEndian_1
Version: 1999.05-2
Date   : Fri Sep  8 23:10:32 2000
****************************************

Library(s) Used:

    cb25os163_max (File: /home/work/sdramc_pl170/synopsys_ref/cell_lib/cb25os163_max.db)

Number of ports:                5
Number of nets:                 5
Number of cells:                2
Number of references:           1

Combinational area:          4.500000
Noncombinational area:       0.000000
Net Interconnect area:       1.234000  

Total cell area:             4.500000
Total area:                  5.734000
    
Information: Updating design information... (UID-85)
 
****************************************
Report : area
Design : SdramBigEndian_2
Version: 1999.05-2
Date   : Fri Sep  8 23:10:34 2000
****************************************

Library(s) Used:

    cb25os163_max (File: /home/work/sdramc_pl170/synopsys_ref/cell_lib/cb25os163_max.db)

Number of ports:                5
Number of nets:                 5
Number of cells:                2
Number of references:           1

Combinational area:          4.500000
Noncombinational area:       0.000000
Net Interconnect area:       1.234000  

Total cell area:             4.500000
Total area:                  5.734000
    
Information: Updating design information... (UID-85)
 
****************************************
Report : area
Design : SdramBigEndian_3
Version: 1999.05-2
Date   : Fri Sep  8 23:10:37 2000
****************************************

Library(s) Used:

    cb25os163_max (File: /home/work/sdramc_pl170/synopsys_ref/cell_lib/cb25os163_max.db)

Number of ports:                5
Number of nets:                 5
Number of cells:                2
Number of references:           1

Combinational area:          4.500000
Noncombinational area:       0.000000
Net Interconnect area:       1.234000  

Total cell area:             4.500000
Total area:                  5.734000
    
Information: Updating design information... (UID-85)
 
****************************************
Report : area
Design : SdramAhbif_WR_BUF_COUNT2_RD_BUF_COUNT1_0
Version: 1999.05-2
Date   : Fri Sep  8 23:10:50 2000
****************************************

Library(s) Used:

    cb25os163_max (File: /home/work/sdramc_pl170/synopsys_ref/cell_lib/cb25os163_max.db)

Number of ports:              279
Number of nets:              5269
Number of cells:             4973
Number of references:         123

Combinational area:       6481.500000
Noncombinational area:    4277.500000
Net Interconnect area:    4771.564941  

Total cell area:          10759.000000
Total area:               15530.564453
    
Information: Updating design information... (UID-85)
 
****************************************
Report : area
Design : SdramAhbif_WR_BUF_COUNT2_RD_BUF_COUNT1_1
Version: 1999.05-2
Date   : Fri Sep  8 23:11:04 2000
****************************************

Library(s) Used:

    cb25os163_max (File: /home/work/sdramc_pl170/synopsys_ref/cell_lib/cb25os163_max.db)

Number of ports:              279
Number of nets:              5369
Number of cells:             5071
Number of references:         120

Combinational area:       6554.500000
Noncombinational area:    4277.250000
Net Interconnect area:    4792.724121  

Total cell area:          10831.750000
Total area:               15624.474609
    
Information: Updating design information... (UID-85)
 
****************************************
Report : area
Design : SdramAhbif_WR_BUF_COUNT2_RD_BUF_COUNT1_2
Version: 1999.05-2
Date   : Fri Sep  8 23:11:17 2000
****************************************

Library(s) Used:

    cb25os163_max (File: /home/work/sdramc_pl170/synopsys_ref/cell_lib/cb25os163_max.db)

Number of ports:              279
Number of nets:              5136
Number of cells:             4836
Number of references:         127

Combinational area:       6303.250000
Noncombinational area:    4282.250000
Net Interconnect area:    4710.357910  

Total cell area:          10585.500000
Total area:               15295.857422
    
Information: Updating design information... (UID-85)
 
****************************************
Report : area
Design : SdramAhbif_WR_BUF_COUNT2_RD_BUF_COUNT1_3
Version: 1999.05-2
Date   : Fri Sep  8 23:11:30 2000
****************************************

Library(s) Used:

    cb25os163_max (File: /home/work/sdramc_pl170/synopsys_ref/cell_lib/cb25os163_max.db)

Number of ports:              279
Number of nets:              5202
Number of cells:             4894
Number of references:         123

Combinational area:       6368.250000
Noncombinational area:    4251.250000
Net Interconnect area:    4735.727539  

Total cell area:          10619.500000
Total area:               15355.227539
    
Information: Updating design information... (UID-85)
  Allocating blocks in 'SdramAhbWrBuf0_WR_BUF_COUNT2_0'
Information: Changed wire load model for 'DW01_add_2.model.rpl' from '(none)' to 'ForQA'. (OPT-170)
Information: Changed minimum wire load model for 'DW01_add_2.model.rpl' from 'ForQA' to 'ForQA'. (OPT-171)
 
****************************************
Report : area
Design : SdramAhbWrBuf0_WR_BUF_COUNT2_0
Version: 1999.05-2
Date   : Fri Sep  8 23:11:49 2000
****************************************

Library(s) Used:

    gtech (File: /eda/tools/synopsys/1999.05-2/libraries/syn/gtech.db)

Number of ports:              181
Number of nets:              1445
Number of cells:              866
Number of references:         259

Combinational area:          0.000000
Noncombinational area:       0.000000
Net Interconnect area:    3322.165283  

Total cell area:             0.000000
Total area:               3322.165283

Information: This design contains unmapped logic. (RPT-7)
Information: This design contains black box (unknown) components. (RPT-8)
    
Information: Updating design information... (UID-85)
  Allocating blocks in 'SdramAhbWrBuf0_WR_BUF_COUNT2_1'
Information: Changed wire load model for 'DW01_add_2.model.rpl' from '(none)' to 'ForQA'. (OPT-170)
Information: Changed minimum wire load model for 'DW01_add_2.model.rpl' from 'ForQA' to 'ForQA'. (OPT-171)
 
****************************************
Report : area
Design : SdramAhbWrBuf0_WR_BUF_COUNT2_1
Version: 1999.05-2
Date   : Fri Sep  8 23:12:04 2000
****************************************

Library(s) Used:

    gtech (File: /eda/tools/synopsys/1999.05-2/libraries/syn/gtech.db)

Number of ports:              181
Number of nets:              1445
Number of cells:              866
Number of references:         259

Combinational area:          0.000000
Noncombinational area:       0.000000
Net Interconnect area:    3322.165283  

Total cell area:             0.000000
Total area:               3322.165283

Information: This design contains unmapped logic. (RPT-7)
Information: This design contains black box (unknown) components. (RPT-8)
    
Information: Updating design information... (UID-85)
  Allocating blocks in 'SdramAhbWrBuf0_WR_BUF_COUNT2_2'
Information: Changed wire load model for 'DW01_add_2.model.rpl' from '(none)' to 'ForQA'. (OPT-170)
Information: Changed minimum wire load model for 'DW01_add_2.model.rpl' from 'ForQA' to 'ForQA'. (OPT-171)
 
****************************************
Report : area
Design : SdramAhbWrBuf0_WR_BUF_COUNT2_2
Version: 1999.05-2
Date   : Fri Sep  8 23:12:19 2000
****************************************

Library(s) Used:

    gtech (File: /eda/tools/synopsys/1999.05-2/libraries/syn/gtech.db)

Number of ports:              181
Number of nets:              1445
Number of cells:              866
Number of references:         259

Combinational area:          0.000000
Noncombinational area:       0.000000
Net Interconnect area:    3322.165283  

Total cell area:             0.000000
Total area:               3322.165283

Information: This design contains unmapped logic. (RPT-7)
Information: This design contains black box (unknown) components. (RPT-8)
    
Information: Updating design information... (UID-85)
  Allocating blocks in 'SdramAhbWrBuf0_WR_BUF_COUNT2_3'
Information: Changed wire load model for 'DW01_add_2.model.rpl' from '(none)' to 'ForQA'. (OPT-170)
Information: Changed minimum wire load model for 'DW01_add_2.model.rpl' from 'ForQA' to 'ForQA'. (OPT-171)
 
****************************************
Report : area
Design : SdramAhbWrBuf0_WR_BUF_COUNT2_3
Version: 1999.05-2
Date   : Fri Sep  8 23:12:35 2000
****************************************

Library(s) Used:

    gtech (File: /eda/tools/synopsys/1999.05-2/libraries/syn/gtech.db)

Number of ports:              181
Number of nets:              1445
Number of cells:              866
Number of references:         259

Combinational area:          0.000000
Noncombinational area:       0.000000
Net Interconnect area:    3322.165283  

Total cell area:             0.000000
Total area:               3322.165283

Information: This design contains unmapped logic. (RPT-7)
Information: This design contains black box (unknown) components. (RPT-8)
    
Information: Updating design information... (UID-85)
  Allocating blocks in 'SdramAhbRdBuf0_RD_BUF_COUNT1_0'
Information: Changed wire load model for 'DW01_add_2.model.rpl' from '(none)' to 'ForQA'. (OPT-170)
Information: Changed minimum wire load model for 'DW01_add_2.model.rpl' from 'ForQA' to 'ForQA'. (OPT-171)
 
****************************************
Report : area
Design : SdramAhbRdBuf0_RD_BUF_COUNT1_0
Version: 1999.05-2
Date   : Fri Sep  8 23:12:48 2000
****************************************

Library(s) Used:

    gtech (File: /eda/tools/synopsys/1999.05-2/libraries/syn/gtech.db)

Number of ports:              140
Number of nets:               947
Number of cells:              553
Number of references:         170

Combinational area:          0.000000
Noncombinational area:       0.000000
Net Interconnect area:    2635.975342  

Total cell area:             0.000000
Total area:               2635.975342

Information: This design contains unmapped logic. (RPT-7)
Information: This design contains black box (unknown) components. (RPT-8)
    
Information: Updating design information... (UID-85)
  Allocating blocks in 'SdramAhbRdBuf0_RD_BUF_COUNT1_1'
Information: Changed wire load model for 'DW01_add_2.model.rpl' from '(none)' to 'ForQA'. (OPT-170)
Information: Changed minimum wire load model for 'DW01_add_2.model.rpl' from 'ForQA' to 'ForQA'. (OPT-171)
 
****************************************
Report : area
Design : SdramAhbRdBuf0_RD_BUF_COUNT1_1
Version: 1999.05-2
Date   : Fri Sep  8 23:13:00 2000
****************************************

Library(s) Used:

    gtech (File: /eda/tools/synopsys/1999.05-2/libraries/syn/gtech.db)

Number of ports:              140
Number of nets:               947
Number of cells:              553
Number of references:         170

Combinational area:          0.000000
Noncombinational area:       0.000000
Net Interconnect area:    2635.975342  

Total cell area:             0.000000
Total area:               2635.975342

Information: This design contains unmapped logic. (RPT-7)
Information: This design contains black box (unknown) components. (RPT-8)
    
Information: Updating design information... (UID-85)
  Allocating blocks in 'SdramAhbRdBuf0_RD_BUF_COUNT1_2'
Information: Changed wire load model for 'DW01_add_2.model.rpl' from '(none)' to 'ForQA'. (OPT-170)
Information: Changed minimum wire load model for 'DW01_add_2.model.rpl' from 'ForQA' to 'ForQA'. (OPT-171)
 
****************************************
Report : area
Design : SdramAhbRdBuf0_RD_BUF_COUNT1_2
Version: 1999.05-2
Date   : Fri Sep  8 23:13:13 2000
****************************************

Library(s) Used:

    gtech (File: /eda/tools/synopsys/1999.05-2/libraries/syn/gtech.db)

Number of ports:              140
Number of nets:               947
Number of cells:              553
Number of references:         170

Combinational area:          0.000000
Noncombinational area:       0.000000
Net Interconnect area:    2635.975342  

Total cell area:             0.000000
Total area:               2635.975342

Information: This design contains unmapped logic. (RPT-7)
Information: This design contains black box (unknown) components. (RPT-8)
    
Information: Updating design information... (UID-85)
  Allocating blocks in 'SdramAhbRdBuf0_RD_BUF_COUNT1_3'
Information: Changed wire load model for 'DW01_add_2.model.rpl' from '(none)' to 'ForQA'. (OPT-170)
Information: Changed minimum wire load model for 'DW01_add_2.model.rpl' from 'ForQA' to 'ForQA'. (OPT-171)
 
****************************************
Report : area
Design : SdramAhbRdBuf0_RD_BUF_COUNT1_3
Version: 1999.05-2
Date   : Fri Sep  8 23:13:25 2000
****************************************

Library(s) Used:

    gtech (File: /eda/tools/synopsys/1999.05-2/libraries/syn/gtech.db)

Number of ports:              140
Number of nets:               947
Number of cells:              553
Number of references:         170

Combinational area:          0.000000
Noncombinational area:       0.000000
Net Interconnect area:    2635.975342  

Total cell area:             0.000000
Total area:               2635.975342

Information: This design contains unmapped logic. (RPT-7)
Information: This design contains black box (unknown) components. (RPT-8)
    
Information: Updating design information... (UID-85)
  Allocating blocks in 'SdramAhbWrBuf1_WR_BUF_COUNT2_0'
Information: Changed wire load model for 'DW01_add_2.model.rpl' from '(none)' to 'ForQA'. (OPT-170)
Information: Changed minimum wire load model for 'DW01_add_2.model.rpl' from 'ForQA' to 'ForQA'. (OPT-171)
 
****************************************
Report : area
Design : SdramAhbWrBuf1_WR_BUF_COUNT2_0
Version: 1999.05-2
Date   : Fri Sep  8 23:13:40 2000
****************************************

Library(s) Used:

    gtech (File: /eda/tools/synopsys/1999.05-2/libraries/syn/gtech.db)

Number of ports:              181
Number of nets:              1445
Number of cells:              866
Number of references:         259

Combinational area:          0.000000
Noncombinational area:       0.000000
Net Interconnect area:    3322.165283  

Total cell area:             0.000000
Total area:               3322.165283

Information: This design contains unmapped logic. (RPT-7)
Information: This design contains black box (unknown) components. (RPT-8)
    
Information: Updating design information... (UID-85)
  Allocating blocks in 'SdramAhbWrBuf1_WR_BUF_COUNT2_1'
Information: Changed wire load model for 'DW01_add_2.model.rpl' from '(none)' to 'ForQA'. (OPT-170)
Information: Changed minimum wire load model for 'DW01_add_2.model.rpl' from 'ForQA' to 'ForQA'. (OPT-171)
 
****************************************
Report : area
Design : SdramAhbWrBuf1_WR_BUF_COUNT2_1
Version: 1999.05-2
Date   : Fri Sep  8 23:13:55 2000
****************************************

Library(s) Used:

    gtech (File: /eda/tools/synopsys/1999.05-2/libraries/syn/gtech.db)

Number of ports:              181
Number of nets:              1445
Number of cells:              866
Number of references:         259

Combinational area:          0.000000
Noncombinational area:       0.000000
Net Interconnect area:    3322.165283  

Total cell area:             0.000000
Total area:               3322.165283

Information: This design contains unmapped logic. (RPT-7)
Information: This design contains black box (unknown) components. (RPT-8)
    
Information: Updating design information... (UID-85)
  Allocating blocks in 'SdramAhbWrBuf1_WR_BUF_COUNT2_2'
Information: Changed wire load model for 'DW01_add_2.model.rpl' from '(none)' to 'ForQA'. (OPT-170)
Information: Changed minimum wire load model for 'DW01_add_2.model.rpl' from 'ForQA' to 'ForQA'. (OPT-171)
 
****************************************
Report : area
Design : SdramAhbWrBuf1_WR_BUF_COUNT2_2
Version: 1999.05-2
Date   : Fri Sep  8 23:14:10 2000
****************************************

Library(s) Used:

    gtech (File: /eda/tools/synopsys/1999.05-2/libraries/syn/gtech.db)

Number of ports:              181
Number of nets:              1445
Number of cells:              866
Number of references:         259

Combinational area:          0.000000
Noncombinational area:       0.000000
Net Interconnect area:    3322.165283  

Total cell area:             0.000000
Total area:               3322.165283

Information: This design contains unmapped logic. (RPT-7)
Information: This design contains black box (unknown) components. (RPT-8)
    
Information: Updating design information... (UID-85)
  Allocating blocks in 'SdramAhbWrBuf1_WR_BUF_COUNT2_3'
Information: Changed wire load model for 'DW01_add_2.model.rpl' from '(none)' to 'ForQA'. (OPT-170)
Information: Changed minimum wire load model for 'DW01_add_2.model.rpl' from 'ForQA' to 'ForQA'. (OPT-171)
 
****************************************
Report : area
Design : SdramAhbWrBuf1_WR_BUF_COUNT2_3
Version: 1999.05-2
Date   : Fri Sep  8 23:14:25 2000
****************************************

Library(s) Used:

    gtech (File: /eda/tools/synopsys/1999.05-2/libraries/syn/gtech.db)

Number of ports:              181
Number of nets:              1445
Number of cells:              866
Number of references:         259

Combinational area:          0.000000
Noncombinational area:       0.000000
Net Interconnect area:    3322.165283  

Total cell area:             0.000000
Total area:               3322.165283

Information: This design contains unmapped logic. (RPT-7)
Information: This design contains black box (unknown) components. (RPT-8)
    
Information: Updating design information... (UID-85)
 
****************************************
Report : area
Design : SdramArbFSM_0
Version: 1999.05-2
Date   : Fri Sep  8 23:14:28 2000
****************************************

Library(s) Used:

    cb25os163_max (File: /home/work/sdramc_pl170/synopsys_ref/cell_lib/cb25os163_max.db)

Number of ports:                9
Number of nets:                42
Number of cells:               34
Number of references:          20

Combinational area:         35.500000
Noncombinational area:      27.500000
Net Interconnect area:      19.737499  

Total cell area:            63.000000
Total area:                 82.737503
    
Information: Updating design information... (UID-85)
 
****************************************
Report : area
Design : SdramArbFSM_1
Version: 1999.05-2
Date   : Fri Sep  8 23:14:31 2000
****************************************

Library(s) Used:

    cb25os163_max (File: /home/work/sdramc_pl170/synopsys_ref/cell_lib/cb25os163_max.db)

Number of ports:                9
Number of nets:                41
Number of cells:               33
Number of references:          20

Combinational area:         35.000000
Noncombinational area:      27.500000
Net Interconnect area:      19.571499  

Total cell area:            62.500000
Total area:                 82.071503
    
Information: Updating design information... (UID-85)
 
****************************************
Report : area
Design : SdramArbFSM_2
Version: 1999.05-2
Date   : Fri Sep  8 23:14:34 2000
****************************************

Library(s) Used:

    cb25os163_max (File: /home/work/sdramc_pl170/synopsys_ref/cell_lib/cb25os163_max.db)

Number of ports:                9
Number of nets:                42
Number of cells:               34
Number of references:          20

Combinational area:         36.000000
Noncombinational area:      27.500000
Net Interconnect area:      19.737499  

Total cell area:            63.500000
Total area:                 83.237503
    
Information: Updating design information... (UID-85)
 
****************************************
Report : area
Design : SdramArbFSM_3
Version: 1999.05-2
Date   : Fri Sep  8 23:14:36 2000
****************************************

Library(s) Used:

    cb25os163_max (File: /home/work/sdramc_pl170/synopsys_ref/cell_lib/cb25os163_max.db)

Number of ports:                9
Number of nets:                41
Number of cells:               33
Number of references:          21

Combinational area:         34.750000
Noncombinational area:      27.500000
Net Interconnect area:      19.571499  

Total cell area:            62.250000
Total area:                 81.821503
    
Information: Updating design information... (UID-85)
 
****************************************
Report : area
Design : SdramDramFSM_0
Version: 1999.05-2
Date   : Fri Sep  8 23:14:41 2000
****************************************

Library(s) Used:

    cb25os163_max (File: /home/work/sdramc_pl170/synopsys_ref/cell_lib/cb25os163_max.db)

Number of ports:              126
Number of nets:               706
Number of cells:              626
Number of references:          76

Combinational area:        710.750000
Noncombinational area:     525.250000
Net Interconnect area:     560.429810  

Total cell area:          1236.000000
Total area:               1796.429810
    
Information: Updating design information... (UID-85)
 
****************************************
Report : area
Design : SdramDramFSM_1
Version: 1999.05-2
Date   : Fri Sep  8 23:14:46 2000
****************************************

Library(s) Used:

    cb25os163_max (File: /home/work/sdramc_pl170/synopsys_ref/cell_lib/cb25os163_max.db)

Number of ports:              126
Number of nets:               705
Number of cells:              625
Number of references:          76

Combinational area:        714.500000
Noncombinational area:     525.250000
Net Interconnect area:     561.588257  

Total cell area:          1239.750000
Total area:               1801.338257
    
Information: Updating design information... (UID-85)
 
****************************************
Report : area
Design : SdramDramFSM_2
Version: 1999.05-2
Date   : Fri Sep  8 23:14:51 2000
****************************************

Library(s) Used:

    cb25os163_max (File: /home/work/sdramc_pl170/synopsys_ref/cell_lib/cb25os163_max.db)

Number of ports:              126
Number of nets:               703
Number of cells:              623
Number of references:          77

Combinational area:        710.000000
Noncombinational area:     525.250000
Net Interconnect area:     557.679260  

Total cell area:          1235.250000
Total area:               1792.929199
    
Information: Updating design information... (UID-85)
 
****************************************
Report : area
Design : SdramDramFSM_3
Version: 1999.05-2
Date   : Fri Sep  8 23:14:55 2000
****************************************

Library(s) Used:

    cb25os163_max (File: /home/work/sdramc_pl170/synopsys_ref/cell_lib/cb25os163_max.db)

Number of ports:              126
Number of nets:               687
Number of cells:              607
Number of references:          76

Combinational area:        704.000000
Noncombinational area:     525.250000
Net Interconnect area:     558.367310  

Total cell area:          1229.250000
Total area:               1787.617310
    
Information: Updating design information... (UID-85)
 
****************************************
Report : area
Design : SdramAhbif_WR_BUF_COUNT2_RD_BUF_COUNT1_0_DW01_dec_16_0
Version: 1999.05-2
Date   : Fri Sep  8 23:14:58 2000
****************************************

Library(s) Used:

    cb25os163_max (File: /home/work/sdramc_pl170/synopsys_ref/cell_lib/cb25os163_max.db)

Number of ports:               32
Number of nets:                47
Number of cells:               31
Number of references:           7

Combinational area:         43.250000
Noncombinational area:       0.000000
Net Interconnect area:      18.730000  

Total cell area:            43.250000
Total area:                 61.980000
    
Information: Updating design information... (UID-85)
 
****************************************
Report : area
Design : SdramAhbif_WR_BUF_COUNT2_RD_BUF_COUNT1_0_DW01_inc_27_0
Version: 1999.05-2
Date   : Fri Sep  8 23:15:01 2000
****************************************

Library(s) Used:

    cb25os163_max (File: /home/work/sdramc_pl170/synopsys_ref/cell_lib/cb25os163_max.db)

Number of ports:               54
Number of nets:               107
Number of cells:               80
Number of references:          16

Combinational area:        124.500000
Noncombinational area:       0.000000
Net Interconnect area:      37.461998  

Total cell area:           124.500000
Total area:                161.962006
    
Information: Updating design information... (UID-85)
 
****************************************
Report : area
Design : SdramAhbif_WR_BUF_COUNT2_RD_BUF_COUNT1_0_DW01_cmp2_16_0
Version: 1999.05-2
Date   : Fri Sep  8 23:15:03 2000
****************************************

Library(s) Used:

    cb25os163_max (File: /home/work/sdramc_pl170/synopsys_ref/cell_lib/cb25os163_max.db)

Number of ports:               36
Number of nets:                21
Number of cells:                5
Number of references:           1

Combinational area:         10.000000
Noncombinational area:       0.000000
Net Interconnect area:       4.326000  

Total cell area:            10.000000
Total area:                 14.326000
    
Information: Updating design information... (UID-85)
 
****************************************
Report : area
Design : SdramAhbif_WR_BUF_COUNT2_RD_BUF_COUNT1_0_DW01_add_27_0
Version: 1999.05-2
Date   : Fri Sep  8 23:15:06 2000
****************************************

Library(s) Used:

    cb25os163_max (File: /home/work/sdramc_pl170/synopsys_ref/cell_lib/cb25os163_max.db)

Number of ports:               83
Number of nets:               202
Number of cells:              170
Number of references:          35

Combinational area:        250.000000
Noncombinational area:       0.000000
Net Interconnect area:      81.744995  

Total cell area:           250.000000
Total area:                331.744995
    
Information: Updating design information... (UID-85)
 
****************************************
Report : area
Design : SdramAhbif_WR_BUF_COUNT2_RD_BUF_COUNT1_0_DW01_sub_6_0
Version: 1999.05-2
Date   : Fri Sep  8 23:15:09 2000
****************************************

Library(s) Used:

    cb25os163_max (File: /home/work/sdramc_pl170/synopsys_ref/cell_lib/cb25os163_max.db)

Number of ports:               20
Number of nets:                12
Number of cells:                6
Number of references:           1

Combinational area:          4.500000
Noncombinational area:       0.000000
Net Interconnect area:       2.472000  

Total cell area:             4.500000
Total area:                  6.972000
    
Information: Updating design information... (UID-85)
 
****************************************
Report : area
Design : SdramAhbif_WR_BUF_COUNT2_RD_BUF_COUNT1_0_DW01_cmp2_6_0
Version: 1999.05-2
Date   : Fri Sep  8 23:15:11 2000
****************************************

Library(s) Used:

    cb25os163_max (File: /home/work/sdramc_pl170/synopsys_ref/cell_lib/cb25os163_max.db)

Number of ports:               16
Number of nets:                18
Number of cells:                9
Number of references:           6

Combinational area:         10.000000
Noncombinational area:       0.000000
Net Interconnect area:       4.524000  

Total cell area:            10.000000
Total area:                 14.524000
    
Information: Updating design information... (UID-85)
 
****************************************
Report : area
Design : SdramAhbif_WR_BUF_COUNT2_RD_BUF_COUNT1_0_DW01_add_27_1
Version: 1999.05-2
Date   : Fri Sep  8 23:15:14 2000
****************************************

Library(s) Used:

    cb25os163_max (File: /home/work/sdramc_pl170/synopsys_ref/cell_lib/cb25os163_max.db)

Number of ports:               83
Number of nets:               115
Number of cells:               83
Number of references:          23

Combinational area:        141.500000
Noncombinational area:       0.000000
Net Interconnect area:      44.390499  

Total cell area:           141.500000
Total area:                185.890503
    
Information: Updating design information... (UID-85)
 
****************************************
Report : area
Design : SdramAhbif_WR_BUF_COUNT2_RD_BUF_COUNT1_0_DW01_cmp2_16_1
Version: 1999.05-2
Date   : Fri Sep  8 23:15:17 2000
****************************************

Library(s) Used:

    cb25os163_max (File: /home/work/sdramc_pl170/synopsys_ref/cell_lib/cb25os163_max.db)

Number of ports:               36
Number of nets:                21
Number of cells:                5
Number of references:           1

Combinational area:         10.000000
Noncombinational area:       0.000000
Net Interconnect area:       4.326000  

Total cell area:            10.000000
Total area:                 14.326000
    
Information: Updating design information... (UID-85)
 
****************************************
Report : area
Design : SdramAhbif_WR_BUF_COUNT2_RD_BUF_COUNT1_1_DW01_dec_16_0
Version: 1999.05-2
Date   : Fri Sep  8 23:15:19 2000
****************************************

Library(s) Used:

    cb25os163_max (File: /home/work/sdramc_pl170/synopsys_ref/cell_lib/cb25os163_max.db)

Number of ports:               32
Number of nets:                47
Number of cells:               31
Number of references:           7

Combinational area:         43.250000
Noncombinational area:       0.000000
Net Interconnect area:      18.730000  

Total cell area:            43.250000
Total area:                 61.980000
    
Information: Updating design information... (UID-85)
 
****************************************
Report : area
Design : SdramAhbif_WR_BUF_COUNT2_RD_BUF_COUNT1_1_DW01_inc_27_0
Version: 1999.05-2
Date   : Fri Sep  8 23:15:22 2000
****************************************

Library(s) Used:

    cb25os163_max (File: /home/work/sdramc_pl170/synopsys_ref/cell_lib/cb25os163_max.db)

Number of ports:               54
Number of nets:               110
Number of cells:               83
Number of references:          16

Combinational area:        124.750000
Noncombinational area:       0.000000
Net Interconnect area:      38.079998  

Total cell area:           124.750000
Total area:                162.830002
    
Information: Updating design information... (UID-85)
 
****************************************
Report : area
Design : SdramAhbif_WR_BUF_COUNT2_RD_BUF_COUNT1_1_DW01_cmp2_16_0
Version: 1999.05-2
Date   : Fri Sep  8 23:15:25 2000
****************************************

Library(s) Used:

    cb25os163_max (File: /home/work/sdramc_pl170/synopsys_ref/cell_lib/cb25os163_max.db)

Number of ports:               36
Number of nets:                21
Number of cells:                5
Number of references:           1

Combinational area:         10.000000
Noncombinational area:       0.000000
Net Interconnect area:       4.326000  

Total cell area:            10.000000
Total area:                 14.326000
    
Information: Updating design information... (UID-85)
 
****************************************
Report : area
Design : SdramAhbif_WR_BUF_COUNT2_RD_BUF_COUNT1_1_DW01_add_27_0
Version: 1999.05-2
Date   : Fri Sep  8 23:15:28 2000
****************************************

Library(s) Used:

    cb25os163_max (File: /home/work/sdramc_pl170/synopsys_ref/cell_lib/cb25os163_max.db)

Number of ports:               83
Number of nets:               204
Number of cells:              172
Number of references:          35

Combinational area:        260.000000
Noncombinational area:       0.000000
Net Interconnect area:      82.832001  

Total cell area:           260.000000
Total area:                342.832001
    
Information: Updating design information... (UID-85)
 
****************************************
Report : area
Design : SdramAhbif_WR_BUF_COUNT2_RD_BUF_COUNT1_1_DW01_sub_6_0
Version: 1999.05-2
Date   : Fri Sep  8 23:15:30 2000
****************************************

Library(s) Used:

    cb25os163_max (File: /home/work/sdramc_pl170/synopsys_ref/cell_lib/cb25os163_max.db)

Number of ports:               20
Number of nets:                12
Number of cells:                6
Number of references:           1

Combinational area:          4.500000
Noncombinational area:       0.000000
Net Interconnect area:       2.472000  

Total cell area:             4.500000
Total area:                  6.972000
    
Information: Updating design information... (UID-85)
 
****************************************
Report : area
Design : SdramAhbif_WR_BUF_COUNT2_RD_BUF_COUNT1_1_DW01_cmp2_6_0
Version: 1999.05-2
Date   : Fri Sep  8 23:15:33 2000
****************************************

Library(s) Used:

    cb25os163_max (File: /home/work/sdramc_pl170/synopsys_ref/cell_lib/cb25os163_max.db)

Number of ports:               16
Number of nets:                18
Number of cells:                9
Number of references:           6

Combinational area:         10.000000
Noncombinational area:       0.000000
Net Interconnect area:       4.524000  

Total cell area:            10.000000
Total area:                 14.524000
    
Information: Updating design information... (UID-85)
 
****************************************
Report : area
Design : SdramAhbif_WR_BUF_COUNT2_RD_BUF_COUNT1_1_DW01_add_27_1
Version: 1999.05-2
Date   : Fri Sep  8 23:15:36 2000
****************************************

Library(s) Used:

    cb25os163_max (File: /home/work/sdramc_pl170/synopsys_ref/cell_lib/cb25os163_max.db)

Number of ports:               83
Number of nets:               121
Number of cells:               89
Number of references:          23

Combinational area:        146.250000
Noncombinational area:       0.000000
Net Interconnect area:      45.994499  

Total cell area:           146.250000
Total area:                192.244507
    
Information: Updating design information... (UID-85)
 
****************************************
Report : area
Design : SdramAhbif_WR_BUF_COUNT2_RD_BUF_COUNT1_1_DW01_cmp2_16_1
Version: 1999.05-2
Date   : Fri Sep  8 23:15:38 2000
****************************************

Library(s) Used:

    cb25os163_max (File: /home/work/sdramc_pl170/synopsys_ref/cell_lib/cb25os163_max.db)

Number of ports:               36
Number of nets:                21
Number of cells:                5
Number of references:           1

Combinational area:         10.000000
Noncombinational area:       0.000000
Net Interconnect area:       4.326000  

Total cell area:            10.000000
Total area:                 14.326000
    
Information: Updating design information... (UID-85)
 
****************************************
Report : area
Design : SdramAhbif_WR_BUF_COUNT2_RD_BUF_COUNT1_2_DW01_dec_16_0
Version: 1999.05-2
Date   : Fri Sep  8 23:15:41 2000
****************************************

Library(s) Used:

    cb25os163_max (File: /home/work/sdramc_pl170/synopsys_ref/cell_lib/cb25os163_max.db)

Number of ports:               32
Number of nets:                47
Number of cells:               31
Number of references:           7

Combinational area:         43.250000
Noncombinational area:       0.000000
Net Interconnect area:      18.730000  

Total cell area:            43.250000
Total area:                 61.980000
    
Information: Updating design information... (UID-85)
 
****************************************
Report : area
Design : SdramAhbif_WR_BUF_COUNT2_RD_BUF_COUNT1_2_DW01_inc_27_0
Version: 1999.05-2
Date   : Fri Sep  8 23:15:43 2000
****************************************

Library(s) Used:

    cb25os163_max (File: /home/work/sdramc_pl170/synopsys_ref/cell_lib/cb25os163_max.db)

Number of ports:               54
Number of nets:               104
Number of cells:               77
Number of references:          17

Combinational area:        122.250000
Noncombinational area:       0.000000
Net Interconnect area:      37.480000  

Total cell area:           122.250000
Total area:                159.729996
    
Information: Updating design information... (UID-85)
 
****************************************
Report : area
Design : SdramAhbif_WR_BUF_COUNT2_RD_BUF_COUNT1_2_DW01_cmp2_16_0
Version: 1999.05-2
Date   : Fri Sep  8 23:15:45 2000
****************************************

Library(s) Used:

    cb25os163_max (File: /home/work/sdramc_pl170/synopsys_ref/cell_lib/cb25os163_max.db)

Number of ports:               36
Number of nets:                21
Number of cells:                5
Number of references:           1

Combinational area:         10.000000
Noncombinational area:       0.000000
Net Interconnect area:       4.326000  

Total cell area:            10.000000
Total area:                 14.326000
    
Information: Updating design information... (UID-85)
 
****************************************
Report : area
Design : SdramAhbif_WR_BUF_COUNT2_RD_BUF_COUNT1_2_DW01_add_27_0
Version: 1999.05-2
Date   : Fri Sep  8 23:15:49 2000
****************************************

Library(s) Used:

    cb25os163_max (File: /home/work/sdramc_pl170/synopsys_ref/cell_lib/cb25os163_max.db)

Number of ports:               83
Number of nets:               202
Number of cells:              170
Number of references:          34

Combinational area:        245.750000
Noncombinational area:       0.000000
Net Interconnect area:      82.693001  

Total cell area:           245.750000
Total area:                328.442993
    
Information: Updating design information... (UID-85)
 
****************************************
Report : area
Design : SdramAhbif_WR_BUF_COUNT2_RD_BUF_COUNT1_2_DW01_sub_6_0
Version: 1999.05-2
Date   : Fri Sep  8 23:15:51 2000
****************************************

Library(s) Used:

    cb25os163_max (File: /home/work/sdramc_pl170/synopsys_ref/cell_lib/cb25os163_max.db)

Number of ports:               20
Number of nets:                12
Number of cells:                6
Number of references:           1

Combinational area:          4.500000
Noncombinational area:       0.000000
Net Interconnect area:       2.472000  

Total cell area:             4.500000
Total area:                  6.972000
    
Information: Updating design information... (UID-85)
 
****************************************
Report : area
Design : SdramAhbif_WR_BUF_COUNT2_RD_BUF_COUNT1_2_DW01_cmp2_6_0
Version: 1999.05-2
Date   : Fri Sep  8 23:15:53 2000
****************************************

Library(s) Used:

    cb25os163_max (File: /home/work/sdramc_pl170/synopsys_ref/cell_lib/cb25os163_max.db)

Number of ports:               16
Number of nets:                18
Number of cells:                9
Number of references:           6

Combinational area:         10.000000
Noncombinational area:       0.000000
Net Interconnect area:       4.524000  

Total cell area:            10.000000
Total area:                 14.524000
    
Information: Updating design information... (UID-85)
 
****************************************
Report : area
Design : SdramAhbif_WR_BUF_COUNT2_RD_BUF_COUNT1_2_DW01_add_27_1
Version: 1999.05-2
Date   : Fri Sep  8 23:15:55 2000
****************************************

Library(s) Used:

    cb25os163_max (File: /home/work/sdramc_pl170/synopsys_ref/cell_lib/cb25os163_max.db)

Number of ports:               83
Number of nets:               125
Number of cells:               93
Number of references:          25

Combinational area:        151.250000
Noncombinational area:       0.000000
Net Interconnect area:      48.793499  

Total cell area:           151.250000
Total area:                200.043503
    
Information: Updating design information... (UID-85)
 
****************************************
Report : area
Design : SdramAhbif_WR_BUF_COUNT2_RD_BUF_COUNT1_2_DW01_cmp2_16_1
Version: 1999.05-2
Date   : Fri Sep  8 23:15:58 2000
****************************************

Library(s) Used:

    cb25os163_max (File: /home/work/sdramc_pl170/synopsys_ref/cell_lib/cb25os163_max.db)

Number of ports:               36
Number of nets:                21
Number of cells:                5
Number of references:           1

Combinational area:         10.000000
Noncombinational area:       0.000000
Net Interconnect area:       4.326000  

Total cell area:            10.000000
Total area:                 14.326000
    
Information: Updating design information... (UID-85)
 
****************************************
Report : area
Design : SdramAhbif_WR_BUF_COUNT2_RD_BUF_COUNT1_3_DW01_dec_16_0
Version: 1999.05-2
Date   : Fri Sep  8 23:16:00 2000
****************************************

Library(s) Used:

    cb25os163_max (File: /home/work/sdramc_pl170/synopsys_ref/cell_lib/cb25os163_max.db)

Number of ports:               32
Number of nets:                47
Number of cells:               31
Number of references:           7

Combinational area:         43.250000
Noncombinational area:       0.000000
Net Interconnect area:      18.730000  

Total cell area:            43.250000
Total area:                 61.980000
    
Information: Updating design information... (UID-85)
 
****************************************
Report : area
Design : SdramAhbif_WR_BUF_COUNT2_RD_BUF_COUNT1_3_DW01_inc_27_0
Version: 1999.05-2
Date   : Fri Sep  8 23:16:02 2000
****************************************

Library(s) Used:

    cb25os163_max (File: /home/work/sdramc_pl170/synopsys_ref/cell_lib/cb25os163_max.db)

Number of ports:               54
Number of nets:               107
Number of cells:               80
Number of references:          18

Combinational area:        127.750000
Noncombinational area:       0.000000
Net Interconnect area:      37.978001  

Total cell area:           127.750000
Total area:                165.727997
    
Information: Updating design information... (UID-85)
 
****************************************
Report : area
Design : SdramAhbif_WR_BUF_COUNT2_RD_BUF_COUNT1_3_DW01_cmp2_16_0
Version: 1999.05-2
Date   : Fri Sep  8 23:16:04 2000
****************************************

Library(s) Used:

    cb25os163_max (File: /home/work/sdramc_pl170/synopsys_ref/cell_lib/cb25os163_max.db)

Number of ports:               36
Number of nets:                21
Number of cells:                5
Number of references:           1

Combinational area:         10.000000
Noncombinational area:       0.000000
Net Interconnect area:       4.326000  

Total cell area:            10.000000
Total area:                 14.326000
    
Information: Updating design information... (UID-85)
 
****************************************
Report : area
Design : SdramAhbif_WR_BUF_COUNT2_RD_BUF_COUNT1_3_DW01_add_27_0
Version: 1999.05-2
Date   : Fri Sep  8 23:16:08 2000
****************************************

Library(s) Used:

    cb25os163_max (File: /home/work/sdramc_pl170/synopsys_ref/cell_lib/cb25os163_max.db)

Number of ports:               83
Number of nets:               180
Number of cells:              148
Number of references:          37

Combinational area:        232.750000
Noncombinational area:       0.000000
Net Interconnect area:      81.642502  

Total cell area:           232.750000
Total area:                314.392517
    
Information: Updating design information... (UID-85)
 
****************************************
Report : area
Design : SdramAhbif_WR_BUF_COUNT2_RD_BUF_COUNT1_3_DW01_sub_6_0
Version: 1999.05-2
Date   : Fri Sep  8 23:16:11 2000
****************************************

Library(s) Used:

    cb25os163_max (File: /home/work/sdramc_pl170/synopsys_ref/cell_lib/cb25os163_max.db)

Number of ports:               20
Number of nets:                12
Number of cells:                6
Number of references:           1

Combinational area:          4.500000
Noncombinational area:       0.000000
Net Interconnect area:       2.472000  

Total cell area:             4.500000
Total area:                  6.972000
    
Information: Updating design information... (UID-85)
 
****************************************
Report : area
Design : SdramAhbif_WR_BUF_COUNT2_RD_BUF_COUNT1_3_DW01_cmp2_6_0
Version: 1999.05-2
Date   : Fri Sep  8 23:16:13 2000
****************************************

Library(s) Used:

    cb25os163_max (File: /home/work/sdramc_pl170/synopsys_ref/cell_lib/cb25os163_max.db)

Number of ports:               16
Number of nets:                18
Number of cells:                9
Number of references:           6

Combinational area:         10.000000
Noncombinational area:       0.000000
Net Interconnect area:       4.524000  

Total cell area:            10.000000
Total area:                 14.524000
    
Information: Updating design information... (UID-85)
 
****************************************
Report : area
Design : SdramAhbif_WR_BUF_COUNT2_RD_BUF_COUNT1_3_DW01_add_27_1
Version: 1999.05-2
Date   : Fri Sep  8 23:16:17 2000
****************************************

Library(s) Used:

    cb25os163_max (File: /home/work/sdramc_pl170/synopsys_ref/cell_lib/cb25os163_max.db)

Number of ports:               83
Number of nets:               129
Number of cells:               97
Number of references:          27

Combinational area:        153.750000
Noncombinational area:       0.000000
Net Interconnect area:      50.297501  

Total cell area:           153.750000
Total area:                204.047501
    
Information: Updating design information... (UID-85)
 
****************************************
Report : area
Design : SdramAhbif_WR_BUF_COUNT2_RD_BUF_COUNT1_3_DW01_cmp2_16_1
Version: 1999.05-2
Date   : Fri Sep  8 23:16:19 2000
****************************************

Library(s) Used:

    cb25os163_max (File: /home/work/sdramc_pl170/synopsys_ref/cell_lib/cb25os163_max.db)

Number of ports:               36
Number of nets:                21
Number of cells:                5
Number of references:           1

Combinational area:         10.000000
Noncombinational area:       0.000000
Net Interconnect area:       4.326000  

Total cell area:            10.000000
Total area:                 14.326000
    
Information: Updating design information... (UID-85)
 
****************************************
Report : area
Design : SdramAhbif_WR_BUF_COUNT2_RD_BUF_COUNT1_3_DW01_inc_5_2
Version: 1999.05-2
Date   : Fri Sep  8 23:16:22 2000
****************************************

Library(s) Used:

    cb25os163_max (File: /home/work/sdramc_pl170/synopsys_ref/cell_lib/cb25os163_max.db)

Number of ports:               10
Number of nets:                13
Number of cells:                5
Number of references:           3

Combinational area:         12.000000
Noncombinational area:       0.000000
Net Interconnect area:       2.882000  

Total cell area:            12.000000
Total area:                 14.882000
    
Information: Updating design information... (UID-85)
 
****************************************
Report : area
Design : SdramAhbif_WR_BUF_COUNT2_RD_BUF_COUNT1_3_DW01_inc_5_3
Version: 1999.05-2
Date   : Fri Sep  8 23:16:25 2000
****************************************

Library(s) Used:

    cb25os163_max (File: /home/work/sdramc_pl170/synopsys_ref/cell_lib/cb25os163_max.db)

Number of ports:               10
Number of nets:                14
Number of cells:                6
Number of references:           4

Combinational area:         13.250000
Noncombinational area:       0.000000
Net Interconnect area:       3.088000  

Total cell area:            13.250000
Total area:                 16.337999
    
Information: Updating design information... (UID-85)
 
****************************************
Report : area
Design : SdramAhbif_WR_BUF_COUNT2_RD_BUF_COUNT1_2_DW01_inc_5_2
Version: 1999.05-2
Date   : Fri Sep  8 23:16:28 2000
****************************************

Library(s) Used:

    cb25os163_max (File: /home/work/sdramc_pl170/synopsys_ref/cell_lib/cb25os163_max.db)

Number of ports:               10
Number of nets:                13
Number of cells:                5
Number of references:           3

Combinational area:         12.000000
Noncombinational area:       0.000000
Net Interconnect area:       2.882000  

Total cell area:            12.000000
Total area:                 14.882000
    
Information: Updating design information... (UID-85)
 
****************************************
Report : area
Design : SdramAhbif_WR_BUF_COUNT2_RD_BUF_COUNT1_2_DW01_inc_5_3
Version: 1999.05-2
Date   : Fri Sep  8 23:16:31 2000
****************************************

Library(s) Used:

    cb25os163_max (File: /home/work/sdramc_pl170/synopsys_ref/cell_lib/cb25os163_max.db)

Number of ports:               10
Number of nets:                13
Number of cells:                5
Number of references:           3

Combinational area:         12.000000
Noncombinational area:       0.000000
Net Interconnect area:       2.882000  

Total cell area:            12.000000
Total area:                 14.882000
    
Information: Updating design information... (UID-85)
 
****************************************
Report : area
Design : SdramAhbif_WR_BUF_COUNT2_RD_BUF_COUNT1_1_DW01_inc_5_2
Version: 1999.05-2
Date   : Fri Sep  8 23:16:34 2000
****************************************

Library(s) Used:

    cb25os163_max (File: /home/work/sdramc_pl170/synopsys_ref/cell_lib/cb25os163_max.db)

Number of ports:               10
Number of nets:                13
Number of cells:                5
Number of references:           3

Combinational area:         12.000000
Noncombinational area:       0.000000
Net Interconnect area:       2.882000  

Total cell area:            12.000000
Total area:                 14.882000
    
Information: Updating design information... (UID-85)
 
****************************************
Report : area
Design : SdramAhbif_WR_BUF_COUNT2_RD_BUF_COUNT1_1_DW01_inc_5_3
Version: 1999.05-2
Date   : Fri Sep  8 23:16:37 2000
****************************************

Library(s) Used:

    cb25os163_max (File: /home/work/sdramc_pl170/synopsys_ref/cell_lib/cb25os163_max.db)

Number of ports:               10
Number of nets:                13
Number of cells:                6
Number of references:           5

Combinational area:         13.250000
Noncombinational area:       0.000000
Net Interconnect area:       3.738000  

Total cell area:            13.250000
Total area:                 16.987999
    
Information: Updating design information... (UID-85)
 
****************************************
Report : area
Design : SdramAhbif_WR_BUF_COUNT2_RD_BUF_COUNT1_0_DW01_inc_5_2
Version: 1999.05-2
Date   : Fri Sep  8 23:16:40 2000
****************************************

Library(s) Used:

    cb25os163_max (File: /home/work/sdramc_pl170/synopsys_ref/cell_lib/cb25os163_max.db)

Number of ports:               10
Number of nets:                13
Number of cells:                5
Number of references:           3

Combinational area:         12.000000
Noncombinational area:       0.000000
Net Interconnect area:       2.882000  

Total cell area:            12.000000
Total area:                 14.882000
    
Information: Updating design information... (UID-85)
 
****************************************
Report : area
Design : SdramAhbif_WR_BUF_COUNT2_RD_BUF_COUNT1_0_DW01_inc_5_3
Version: 1999.05-2
Date   : Fri Sep  8 23:16:43 2000
****************************************

Library(s) Used:

    cb25os163_max (File: /home/work/sdramc_pl170/synopsys_ref/cell_lib/cb25os163_max.db)

Number of ports:               10
Number of nets:                13
Number of cells:                6
Number of references:           4

Combinational area:         13.000000
Noncombinational area:       0.000000
Net Interconnect area:       3.534000  

Total cell area:            13.000000
Total area:                 16.534000
    
Information: Updating design information... (UID-85)
Information: Changed minimum wire load model for 'SdramBigEndian' from 'ForQA' to 'ForQA'. (OPT-171)
 
****************************************
Report : area
Design : SdramBigEndian
Version: 1999.05-2
Date   : Fri Sep  8 23:16:45 2000
****************************************

Library(s) Used:

    No libraries used.

Number of ports:                5
Number of nets:                 5
Number of cells:                2
Number of references:           2

Combinational area:          0.000000
Noncombinational area:       0.000000
Net Interconnect area:       1.234000  

Total cell area:             0.000000
Total area:                  1.234000

Information: This design contains unmapped logic. (RPT-7)
    
Information: Updating design information... (UID-85)
  Allocating blocks in 'SdramAhbif_WR_BUF_COUNT2_RD_BUF_COUNT1'
Information: Changed wire load model for 'DW01_cmp2_6.model.rpl' from '(none)' to 'ForQA'. (OPT-170)
Information: Changed wire load model for 'DW01_add_2.model.rpl' from '(none)' to 'ForQA'. (OPT-170)
Information: Changed wire load model for 'DW01_add_2.model.rpl' from '(none)' to 'ForQA'. (OPT-170)
Information: Changed wire load model for 'DW01_add_2.model.rpl' from '(none)' to 'ForQA'. (OPT-170)
Information: Changed wire load model for 'DW01_cmp2_16.model.rpl' from '(none)' to 'ForQA'. (OPT-170)
Information: Changed wire load model for 'DW01_add_27.model.rpl' from '(none)' to 'ForQA'. (OPT-170)
Information: Changed wire load model for 'DW01_add_2.model.rpl' from '(none)' to 'ForQA'. (OPT-170)
Information: Changed wire load model for 'DW01_sub_3.model.rpl' from '(none)' to 'ForQA'. (OPT-170)
Information: Changed wire load model for 'DW01_sub_16.model.rpl' from '(none)' to 'ForQA'. (OPT-170)
Information: Changed wire load model for 'DW01_add_27.model.rpl' from '(none)' to 'ForQA'. (OPT-170)
Information: Changed wire load model for 'DW01_cmp2_16.model.rpl' from '(none)' to 'ForQA'. (OPT-170)
Information: Changed wire load model for 'DW01_add_2.model.rpl' from '(none)' to 'ForQA'. (OPT-170)
Information: Changed wire load model for 'DW01_add_5.model.rpl' from '(none)' to 'ForQA'. (OPT-170)
Information: Changed wire load model for 'DW01_sub_6.model.rpl' from '(none)' to 'ForQA'. (OPT-170)
Information: Changed wire load model for 'DW01_add_27.model.rpl' from '(none)' to 'ForQA'. (OPT-170)
Information: Changed wire load model for 'DW01_sub_6.model.rpl' from '(none)' to 'ForQA'. (OPT-170)
Information: Changed wire load model for 'DW01_cmp2_16.model.rpl' from '(none)' to 'ForQA'. (OPT-170)
Information: Changed wire load model for 'DW01_add_2.model.rpl' from '(none)' to 'ForQA'. (OPT-170)
Information: Changed wire load model for 'DW01_add_5.model.rpl' from '(none)' to 'ForQA'. (OPT-170)
Information: Changed minimum wire load model for 'DW01_cmp2_6.model.rpl' from 'ForQA' to 'ForQA'. (OPT-171)
Information: Changed minimum wire load model for 'DW01_add_2.model.rpl' from 'ForQA' to 'ForQA'. (OPT-171)
Information: Changed minimum wire load model for 'DW01_add_2.model.rpl' from 'ForQA' to 'ForQA'. (OPT-171)
Information: Changed minimum wire load model for 'DW01_add_2.model.rpl' from 'ForQA' to 'ForQA'. (OPT-171)
Information: Changed minimum wire load model for 'DW01_cmp2_16.model.rpl' from 'ForQA' to 'ForQA'. (OPT-171)
Information: Changed minimum wire load model for 'DW01_add_27.model.rpl' from 'ForQA' to 'ForQA'. (OPT-171)
Information: Changed minimum wire load model for 'DW01_add_2.model.rpl' from 'ForQA' to 'ForQA'. (OPT-171)
Information: Changed minimum wire load model for 'DW01_sub_3.model.rpl' from 'ForQA' to 'ForQA'. (OPT-171)
Information: Changed minimum wire load model for 'DW01_sub_16.model.rpl' from 'ForQA' to 'ForQA'. (OPT-171)
Information: Changed minimum wire load model for 'DW01_add_27.model.rpl' from 'ForQA' to 'ForQA'. (OPT-171)
Information: Changed minimum wire load model for 'DW01_cmp2_16.model.rpl' from 'ForQA' to 'ForQA'. (OPT-171)
Information: Changed minimum wire load model for 'DW01_add_2.model.rpl' from 'ForQA' to 'ForQA'. (OPT-171)
Information: Changed minimum wire load model for 'DW01_add_5.model.rpl' from 'ForQA' to 'ForQA'. (OPT-171)
Information: Changed minimum wire load model for 'DW01_sub_6.model.rpl' from 'ForQA' to 'ForQA'. (OPT-171)
Information: Changed minimum wire load model for 'DW01_add_27.model.rpl' from 'ForQA' to 'ForQA'. (OPT-171)
Information: Changed minimum wire load model for 'DW01_sub_6.model.rpl' from 'ForQA' to 'ForQA'. (OPT-171)
Information: Changed minimum wire load model for 'DW01_cmp2_16.model.rpl' from 'ForQA' to 'ForQA'. (OPT-171)
Information: Changed minimum wire load model for 'DW01_add_2.model.rpl' from 'ForQA' to 'ForQA'. (OPT-171)
Information: Changed minimum wire load model for 'DW01_add_5.model.rpl' from 'ForQA' to 'ForQA'. (OPT-171)
Information: Changed minimum wire load model for 'SdramAhbif_WR_BUF_COUNT2_RD_BUF_COUNT1' from 'ForQA' to 'ForQA'. (OPT-171)
 
****************************************
Report : area
Design : SdramAhbif_WR_BUF_COUNT2_RD_BUF_COUNT1
Version: 1999.05-2
Date   : Fri Sep  8 23:17:52 2000
****************************************

Library(s) Used:

    gtech (File: /eda/tools/synopsys/1999.05-2/libraries/syn/gtech.db)

Number of ports:              279
Number of nets:              6848
Number of cells:             4552
Number of references:        1218

Combinational area:          0.000000
Noncombinational area:       0.000000
Net Interconnect area:    16277.563477 

Total cell area:             0.000000
Total area:               16277.563477

Information: This design contains unmapped logic. (RPT-7)
Information: This design contains black box (unknown) components. (RPT-8)
    
Information: Updating design information... (UID-85)
 
****************************************
Report : area
Design : SdramAhbRegBlk
Version: 1999.05-2
Date   : Fri Sep  8 23:17:58 2000
****************************************

Library(s) Used:

    cb25os163_max (File: /home/work/sdramc_pl170/synopsys_ref/cell_lib/cb25os163_max.db)

Number of ports:              111
Number of nets:               373
Number of cells:              307
Number of references:          41

Combinational area:        359.500000
Noncombinational area:     473.250000
Net Interconnect area:     364.918304  

Total cell area:           832.750000
Total area:               1197.668335
    
Information: Updating design information... (UID-85)
 
****************************************
Report : area
Design : SdramAhbRegBlk_DW01_dec_16_0
Version: 1999.05-2
Date   : Fri Sep  8 23:18:02 2000
****************************************

Library(s) Used:

    cb25os163_max (File: /home/work/sdramc_pl170/synopsys_ref/cell_lib/cb25os163_max.db)

Number of ports:               32
Number of nets:                51
Number of cells:               35
Number of references:          10

Combinational area:         44.250000
Noncombinational area:       0.000000
Net Interconnect area:      19.553999  

Total cell area:            44.250000
Total area:                 63.804001
    
Information: Updating design information... (UID-85)
 
****************************************
Report : area
Design : SdramEngine
Version: 1999.05-2
Date   : Fri Sep  8 23:18:20 2000
****************************************

Library(s) Used:

    cb25os163_max (File: /home/work/sdramc_pl170/synopsys_ref/cell_lib/cb25os163_max.db)

Number of ports:              444
Number of nets:               663
Number of cells:                4
Number of references:           4

Combinational area:       8619.250000
Noncombinational area:    4711.750000
Net Interconnect area:    6641.103027  

Total cell area:          13331.000000
Total area:               19972.103516
    
Information: Updating design information... (UID-85)
 
****************************************
Report : area
Design : SdramPins
Version: 1999.05-2
Date   : Fri Sep  8 23:18:26 2000
****************************************

Library(s) Used:

    cb25os163_max (File: /home/work/sdramc_pl170/synopsys_ref/cell_lib/cb25os163_max.db)

Number of ports:              196
Number of nets:               999
Number of cells:              899
Number of references:          10

Combinational area:        795.000000
Noncombinational area:     526.250000
Net Interconnect area:     430.840790  

Total cell area:          1321.250000
Total area:               1752.090820
    
Information: Updating design information... (UID-85)
  Allocating blocks in 'SdramAhbWrBuf0_WR_BUF_COUNT2'
Information: Changed wire load model for 'DW01_add_2.model.rpl' from '(none)' to 'ForQA'. (OPT-170)
Information: Changed minimum wire load model for 'DW01_add_2.model.rpl' from 'ForQA' to 'ForQA'. (OPT-171)
Information: Changed minimum wire load model for 'SdramAhbWrBuf0_WR_BUF_COUNT2' from 'ForQA' to 'ForQA'. (OPT-171)
 
****************************************
Report : area
Design : SdramAhbWrBuf0_WR_BUF_COUNT2
Version: 1999.05-2
Date   : Fri Sep  8 23:18:44 2000
****************************************

Library(s) Used:

    gtech (File: /eda/tools/synopsys/1999.05-2/libraries/syn/gtech.db)

Number of ports:              181
Number of nets:              1445
Number of cells:              866
Number of references:         259

Combinational area:          0.000000
Noncombinational area:       0.000000
Net Interconnect area:    3322.165283  

Total cell area:             0.000000
Total area:               3322.165283

Information: This design contains unmapped logic. (RPT-7)
Information: This design contains black box (unknown) components. (RPT-8)
    
Information: Updating design information... (UID-85)
  Allocating blocks in 'SdramAhbWrBuf1_WR_BUF_COUNT2'
Information: Changed wire load model for 'DW01_add_2.model.rpl' from '(none)' to 'ForQA'. (OPT-170)
Information: Changed minimum wire load model for 'DW01_add_2.model.rpl' from 'ForQA' to 'ForQA'. (OPT-171)
Information: Changed minimum wire load model for 'SdramAhbWrBuf1_WR_BUF_COUNT2' from 'ForQA' to 'ForQA'. (OPT-171)
 
****************************************
Report : area
Design : SdramAhbWrBuf1_WR_BUF_COUNT2
Version: 1999.05-2
Date   : Fri Sep  8 23:19:03 2000
****************************************

Library(s) Used:

    gtech (File: /eda/tools/synopsys/1999.05-2/libraries/syn/gtech.db)

Number of ports:              181
Number of nets:              1445
Number of cells:              866
Number of references:         259

Combinational area:          0.000000
Noncombinational area:       0.000000
Net Interconnect area:    3322.165283  

Total cell area:             0.000000
Total area:               3322.165283

Information: This design contains unmapped logic. (RPT-7)
Information: This design contains black box (unknown) components. (RPT-8)
    
Information: Updating design information... (UID-85)
  Allocating blocks in 'SdramAhbRdBuf0_RD_BUF_COUNT1'
Information: Changed wire load model for 'DW01_add_2.model.rpl' from '(none)' to 'ForQA'. (OPT-170)
Information: Changed minimum wire load model for 'DW01_add_2.model.rpl' from 'ForQA' to 'ForQA'. (OPT-171)
Information: Changed minimum wire load model for 'SdramAhbRdBuf0_RD_BUF_COUNT1' from 'ForQA' to 'ForQA'. (OPT-171)
 
****************************************
Report : area
Design : SdramAhbRdBuf0_RD_BUF_COUNT1
Version: 1999.05-2
Date   : Fri Sep  8 23:19:17 2000
****************************************

Library(s) Used:

    gtech (File: /eda/tools/synopsys/1999.05-2/libraries/syn/gtech.db)

Number of ports:              140
Number of nets:               947
Number of cells:              553
Number of references:         170

Combinational area:          0.000000
Noncombinational area:       0.000000
Net Interconnect area:    2635.975342  

Total cell area:             0.000000
Total area:               2635.975342

Information: This design contains unmapped logic. (RPT-7)
Information: This design contains black box (unknown) components. (RPT-8)
    
Information: Updating design information... (UID-85)
 
****************************************
Report : area
Design : SdramArbiter
Version: 1999.05-2
Date   : Fri Sep  8 23:19:22 2000
****************************************

Library(s) Used:

    cb25os163_max (File: /home/work/sdramc_pl170/synopsys_ref/cell_lib/cb25os163_max.db)

Number of ports:              420
Number of nets:              1035
Number of cells:              706
Number of references:          55

Combinational area:        945.000000
Noncombinational area:     322.500000
Net Interconnect area:     530.928894  

Total cell area:          1267.500000
Total area:               1798.428955
    
Information: Updating design information... (UID-85)
 
****************************************
Report : area
Design : SdramDramCntl
Version: 1999.05-2
Date   : Fri Sep  8 23:19:34 2000
****************************************

Library(s) Used:

    cb25os163_max (File: /home/work/sdramc_pl170/synopsys_ref/cell_lib/cb25os163_max.db)

Number of ports:              163
Number of nets:              1533
Number of cells:             1253
Number of references:          84

Combinational area:       4850.750000
Noncombinational area:    2416.500000
Net Interconnect area:    3625.918945  

Total cell area:          7267.250000
Total area:               10893.168945
    
Information: Updating design information... (UID-85)
 
****************************************
Report : area
Design : SdramCmdSeq
Version: 1999.05-2
Date   : Fri Sep  8 23:19:42 2000
****************************************

Library(s) Used:

    cb25os163_max (File: /home/work/sdramc_pl170/synopsys_ref/cell_lib/cb25os163_max.db)

Number of ports:              320
Number of nets:              2702
Number of cells:             2499
Number of references:         103

Combinational area:       2822.500000
Noncombinational area:    1972.750000
Net Interconnect area:    2237.012695  

Total cell area:          4795.250000
Total area:               7032.262695
    
Information: Updating design information... (UID-85)
 
****************************************
Report : area
Design : SdramCmdSeq_DW01_add_14_2
Version: 1999.05-2
Date   : Fri Sep  8 23:19:46 2000
****************************************

Library(s) Used:

    cb25os163_max (File: /home/work/sdramc_pl170/synopsys_ref/cell_lib/cb25os163_max.db)

Number of ports:               44
Number of nets:                37
Number of cells:               23
Number of references:           4

Combinational area:         37.500000
Noncombinational area:       0.000000
Net Interconnect area:      11.538000  

Total cell area:            37.500000
Total area:                 49.038002
    
Information: Updating design information... (UID-85)
 
****************************************
Report : area
Design : SdramCmdSeq_DW01_add_14_3
Version: 1999.05-2
Date   : Fri Sep  8 23:19:49 2000
****************************************

Library(s) Used:

    cb25os163_max (File: /home/work/sdramc_pl170/synopsys_ref/cell_lib/cb25os163_max.db)

Number of ports:               44
Number of nets:                38
Number of cells:               24
Number of references:           5

Combinational area:         40.000000
Noncombinational area:       0.000000
Net Interconnect area:      12.151999  

Total cell area:            40.000000
Total area:                 52.152000
    
Information: Updating design information... (UID-85)
  Allocating blocks in 'SdramArbFSM'
Information: Changed minimum wire load model for 'SdramArbFSM' from 'ForQA' to 'ForQA'. (OPT-171)
 
****************************************
Report : area
Design : SdramArbFSM
Version: 1999.05-2
Date   : Fri Sep  8 23:19:56 2000
****************************************

Library(s) Used:

    gtech (File: /eda/tools/synopsys/1999.05-2/libraries/syn/gtech.db)

Number of ports:                9
Number of nets:               102
Number of cells:               78
Number of references:          25

Combinational area:          0.000000
Noncombinational area:       0.000000
Net Interconnect area:     132.146423  

Total cell area:             0.000000
Total area:                132.146423

Information: This design contains unmapped logic. (RPT-7)
Information: This design contains black box (unknown) components. (RPT-8)
    
Information: Updating design information... (UID-85)
 
****************************************
Report : area
Design : SdramTimCntl
Version: 1999.05-2
Date   : Fri Sep  8 23:20:01 2000
****************************************

Library(s) Used:

    cb25os163_max (File: /home/work/sdramc_pl170/synopsys_ref/cell_lib/cb25os163_max.db)

Number of ports:               50
Number of nets:               428
Number of cells:              387
Number of references:          50

Combinational area:        484.750000
Noncombinational area:     200.000000
Net Interconnect area:     302.596954  

Total cell area:           684.750000
Total area:                987.346924
    
Information: Updating design information... (UID-85)
  Allocating blocks in 'SdramDramFSM'
Information: Changed wire load model for 'DW01_cmp2_4.model.rpl' from '(none)' to 'ForQA'. (OPT-170)
Information: Changed wire load model for 'DW01_sub_4.model.rpl' from '(none)' to 'ForQA'. (OPT-170)
Information: Changed wire load model for 'DW01_cmp2_4.model.rpl' from '(none)' to 'ForQA'. (OPT-170)
Information: Changed wire load model for 'DW01_sub_4.model.rpl' from '(none)' to 'ForQA'. (OPT-170)
Information: Changed wire load model for 'DW01_cmp2_4.model.rpl' from '(none)' to 'ForQA'. (OPT-170)
Information: Changed wire load model for 'DW01_cmp2_4.model.rpl' from '(none)' to 'ForQA'. (OPT-170)
Information: Changed wire load model for 'DW01_add_4.model.rpl' from '(none)' to 'ForQA'. (OPT-170)
Information: Changed wire load model for 'DW01_cmp2_4.model.rpl' from '(none)' to 'ForQA'. (OPT-170)
Information: Changed wire load model for 'DW01_sub_4.model.rpl' from '(none)' to 'ForQA'. (OPT-170)
Information: Changed wire load model for 'DW01_cmp2_4.model.rpl' from '(none)' to 'ForQA'. (OPT-170)
Information: Changed wire load model for 'DW01_add_4.model.rpl' from '(none)' to 'ForQA'. (OPT-170)
Information: Changed wire load model for 'DW01_cmp2_4.model.rpl' from '(none)' to 'ForQA'. (OPT-170)
Information: Changed wire load model for 'DW01_cmp2_2.model.rpl' from '(none)' to 'ForQA'. (OPT-170)
Information: Changed wire load model for 'DW01_cmp2_4.model.rpl' from '(none)' to 'ForQA'. (OPT-170)
Information: Changed wire load model for 'DW01_cmp2_4.model.rpl' from '(none)' to 'ForQA'. (OPT-170)
Information: Changed wire load model for 'DW01_sub_4.model.rpl' from '(none)' to 'ForQA'. (OPT-170)
Information: Changed wire load model for 'DW01_sub_4.model.rpl' from '(none)' to 'ForQA'. (OPT-170)
Information: Changed minimum wire load model for 'DW01_cmp2_4.model.rpl' from 'ForQA' to 'ForQA'. (OPT-171)
Information: Changed minimum wire load model for 'DW01_sub_4.model.rpl' from 'ForQA' to 'ForQA'. (OPT-171)
Information: Changed minimum wire load model for 'DW01_cmp2_4.model.rpl' from 'ForQA' to 'ForQA'. (OPT-171)
Information: Changed minimum wire load model for 'DW01_sub_4.model.rpl' from 'ForQA' to 'ForQA'. (OPT-171)
Information: Changed minimum wire load model for 'DW01_cmp2_4.model.rpl' from 'ForQA' to 'ForQA'. (OPT-171)
Information: Changed minimum wire load model for 'DW01_cmp2_4.model.rpl' from 'ForQA' to 'ForQA'. (OPT-171)
Information: Changed minimum wire load model for 'DW01_add_4.model.rpl' from 'ForQA' to 'ForQA'. (OPT-171)
Information: Changed minimum wire load model for 'DW01_cmp2_4.model.rpl' from 'ForQA' to 'ForQA'. (OPT-171)
Information: Changed minimum wire load model for 'DW01_sub_4.model.rpl' from 'ForQA' to 'ForQA'. (OPT-171)
Information: Changed minimum wire load model for 'DW01_cmp2_4.model.rpl' from 'ForQA' to 'ForQA'. (OPT-171)
Information: Changed minimum wire load model for 'DW01_add_4.model.rpl' from 'ForQA' to 'ForQA'. (OPT-171)
Information: Changed minimum wire load model for 'DW01_cmp2_4.model.rpl' from 'ForQA' to 'ForQA'. (OPT-171)
Information: Changed minimum wire load model for 'DW01_cmp2_2.model.rpl' from 'ForQA' to 'ForQA'. (OPT-171)
Information: Changed minimum wire load model for 'DW01_cmp2_4.model.rpl' from 'ForQA' to 'ForQA'. (OPT-171)
Information: Changed minimum wire load model for 'DW01_cmp2_4.model.rpl' from 'ForQA' to 'ForQA'. (OPT-171)
Information: Changed minimum wire load model for 'DW01_sub_4.model.rpl' from 'ForQA' to 'ForQA'. (OPT-171)
Information: Changed minimum wire load model for 'DW01_sub_4.model.rpl' from 'ForQA' to 'ForQA'. (OPT-171)
Information: Changed minimum wire load model for 'SdramDramFSM' from 'ForQA' to 'ForQA'. (OPT-171)
 
****************************************
Report : area
Design : SdramDramFSM
Version: 1999.05-2
Date   : Fri Sep  8 23:20:25 2000
****************************************

Library(s) Used:

    gtech (File: /eda/tools/synopsys/1999.05-2/libraries/syn/gtech.db)

Number of ports:              126
Number of nets:              1032
Number of cells:              771
Number of references:         211

Combinational area:          0.000000
Noncombinational area:       0.000000
Net Interconnect area:    1985.508301  

Total cell area:             0.000000
Total area:               1985.508301

Information: This design contains unmapped logic. (RPT-7)
Information: This design contains black box (unknown) components. (RPT-8)
