--------------------------------------------------------------------------------
Release  Trace 
Copyright (c) 1995-2006 Xilinx, Inc.  All rights reserved.

D:\Xilinx\bin\nt\trce.exe -ise
E:/RTL_COMPLETE/SOURCE_PROJECT/PIN_INTERFACE/FPGA_TO_FPGA/u60/u60.ise -intstyle
ise -e 3 -l 3 -s 10 -xml U60 U60.ncd -o U60.twr U60.pcf -ucf U60.ucf

Design file:              u60.ncd
Physical constraint file: u60.pcf
Device,speed:             xc4vlx200,-10 (PRODUCTION 1.60 2006-05-03, STEPPING level 1)
Report level:             error report

Environment Variable      Effect 
--------------------      ------ 
NONE                      No environment variables were set
--------------------------------------------------------------------------------

INFO:Timing:2698 - No timing constraints found, doing default enumeration.
INFO:Timing:2752 - To get complete path coverage, use the unconstrained paths 
   option. All paths that are not constrained will be reported in the 
   unconstrained paths section(s) of the report.



Data Sheet report:
-----------------
All values displayed in nanoseconds (ns)

Setup/Hold to clock CLK
-------------+------------+------------+------------------+--------+
             |  Setup to  |  Hold to   |                  | Clock  |
Source       | clk (edge) | clk (edge) |Internal Clock(s) | Phase  |
-------------+------------+------------+------------------+--------+
FPGA_CON<0>  |    1.376(R)|    0.658(R)|CLK_BUFGP         |   0.000|
FPGA_CON<1>  |    0.588(R)|    1.382(R)|CLK_BUFGP         |   0.000|
FPGA_CON<2>  |    1.113(R)|    0.896(R)|CLK_BUFGP         |   0.000|
FPGA_CON<3>  |    1.551(R)|    0.489(R)|CLK_BUFGP         |   0.000|
FPGA_CON<4>  |    0.928(R)|    1.063(R)|CLK_BUFGP         |   0.000|
FPGA_CON<5>  |    0.636(R)|    1.336(R)|CLK_BUFGP         |   0.000|
FPGA_CON<6>  |    1.446(R)|    0.592(R)|CLK_BUFGP         |   0.000|
FPGA_CON<7>  |    1.028(R)|    0.973(R)|CLK_BUFGP         |   0.000|
FPGA_CON<8>  |    1.253(R)|    0.773(R)|CLK_BUFGP         |   0.000|
FPGA_CON<9>  |    1.572(R)|    0.470(R)|CLK_BUFGP         |   0.000|
FPGA_CON<10> |    0.735(R)|    1.245(R)|CLK_BUFGP         |   0.000|
FPGA_CON<11> |    1.028(R)|    0.969(R)|CLK_BUFGP         |   0.000|
FPGA_CON<12> |    1.364(R)|    0.670(R)|CLK_BUFGP         |   0.000|
FPGA_CON<13> |    1.227(R)|    0.794(R)|CLK_BUFGP         |   0.000|
FPGA_CON<14> |    1.235(R)|    0.787(R)|CLK_BUFGP         |   0.000|
FPGA_CON<15> |    0.434(R)|    1.523(R)|CLK_BUFGP         |   0.000|
FPGA_CON<16> |    0.483(R)|    1.479(R)|CLK_BUFGP         |   0.000|
FPGA_CON<17> |    0.480(R)|    1.483(R)|CLK_BUFGP         |   0.000|
FPGA_CON<18> |    0.655(R)|    1.321(R)|CLK_BUFGP         |   0.000|
FPGA_CON<19> |    0.323(R)|    1.623(R)|CLK_BUFGP         |   0.000|
FPGA_CON<20> |    0.033(R)|    1.892(R)|CLK_BUFGP         |   0.000|
FPGA_CON<21> |    0.663(R)|    1.316(R)|CLK_BUFGP         |   0.000|
FPGA_CON<22> |    0.668(R)|    1.311(R)|CLK_BUFGP         |   0.000|
FPGA_CON<23> |   -0.081(R)|    1.996(R)|CLK_BUFGP         |   0.000|
FPGA_CON<24> |    0.152(R)|    1.788(R)|CLK_BUFGP         |   0.000|
FPGA_CON<25> |    0.542(R)|    1.426(R)|CLK_BUFGP         |   0.000|
FPGA_CON<26> |    0.435(R)|    1.524(R)|CLK_BUFGP         |   0.000|
FPGA_CON<27> |    0.852(R)|    1.140(R)|CLK_BUFGP         |   0.000|
FPGA_CON<28> |   -0.764(R)|    2.621(R)|CLK_BUFGP         |   0.000|
FPGA_CON<29> |    0.123(R)|    1.806(R)|CLK_BUFGP         |   0.000|
FPGA_CON<30> |    0.349(R)|    1.604(R)|CLK_BUFGP         |   0.000|
FPGA_CON<31> |    0.575(R)|    1.395(R)|CLK_BUFGP         |   0.000|
FPGA_CON<32> |    0.924(R)|    1.071(R)|CLK_BUFGP         |   0.000|
FPGA_CON<33> |    0.932(R)|    1.066(R)|CLK_BUFGP         |   0.000|
FPGA_CON<34> |    0.551(R)|    1.419(R)|CLK_BUFGP         |   0.000|
FPGA_CON<35> |    0.455(R)|    1.502(R)|CLK_BUFGP         |   0.000|
FPGA_CON<36> |    0.506(R)|    1.458(R)|CLK_BUFGP         |   0.000|
FPGA_CON<37> |    0.407(R)|    1.546(R)|CLK_BUFGP         |   0.000|
FPGA_CON<38> |    0.752(R)|    1.233(R)|CLK_BUFGP         |   0.000|
FPGA_CON<39> |    0.451(R)|    1.510(R)|CLK_BUFGP         |   0.000|
FPGA_CON<40> |    0.692(R)|    1.292(R)|CLK_BUFGP         |   0.000|
FPGA_CON<41> |    0.380(R)|    1.581(R)|CLK_BUFGP         |   0.000|
FPGA_CON<42> |    0.645(R)|    1.336(R)|CLK_BUFGP         |   0.000|
FPGA_CON<43> |   -0.040(R)|    1.962(R)|CLK_BUFGP         |   0.000|
FPGA_CON<44> |    0.772(R)|    1.219(R)|CLK_BUFGP         |   0.000|
FPGA_CON<45> |    0.137(R)|    1.801(R)|CLK_BUFGP         |   0.000|
FPGA_CON<46> |    0.181(R)|    1.757(R)|CLK_BUFGP         |   0.000|
FPGA_CON<47> |    0.604(R)|    1.361(R)|CLK_BUFGP         |   0.000|
FPGA_CON<48> |   -0.415(R)|    2.300(R)|CLK_BUFGP         |   0.000|
FPGA_CON<49> |    0.321(R)|    1.620(R)|CLK_BUFGP         |   0.000|
FPGA_CON<50> |    0.222(R)|    1.724(R)|CLK_BUFGP         |   0.000|
FPGA_CON<51> |    0.407(R)|    1.556(R)|CLK_BUFGP         |   0.000|
FPGA_CON<52> |    0.177(R)|    1.766(R)|CLK_BUFGP         |   0.000|
FPGA_CON<53> |   -0.090(R)|    2.011(R)|CLK_BUFGP         |   0.000|
FPGA_CON<54> |    0.331(R)|    1.613(R)|CLK_BUFGP         |   0.000|
FPGA_CON<55> |   -0.232(R)|    2.141(R)|CLK_BUFGP         |   0.000|
FPGA_CON<56> |   -0.056(R)|    1.980(R)|CLK_BUFGP         |   0.000|
FPGA_CON<57> |   -0.301(R)|    2.204(R)|CLK_BUFGP         |   0.000|
FPGA_CON<58> |   -0.018(R)|    1.945(R)|CLK_BUFGP         |   0.000|
FPGA_CON<59> |    0.165(R)|    1.774(R)|CLK_BUFGP         |   0.000|
FPGA_CON<60> |    0.119(R)|    1.818(R)|CLK_BUFGP         |   0.000|
FPGA_CON<61> |   -0.361(R)|    2.260(R)|CLK_BUFGP         |   0.000|
FPGA_CON<62> |   -0.311(R)|    2.203(R)|CLK_BUFGP         |   0.000|
FPGA_CON<63> |   -0.115(R)|    2.026(R)|CLK_BUFGP         |   0.000|
FPGA_CON<64> |    0.526(R)|    1.437(R)|CLK_BUFGP         |   0.000|
FPGA_CON<65> |    0.125(R)|    1.810(R)|CLK_BUFGP         |   0.000|
FPGA_CON<66> |   -0.057(R)|    1.970(R)|CLK_BUFGP         |   0.000|
FPGA_CON<67> |    0.125(R)|    1.818(R)|CLK_BUFGP         |   0.000|
FPGA_CON<68> |    2.074(R)|    0.013(R)|CLK_BUFGP         |   0.000|
FPGA_CON<69> |    0.356(R)|    1.600(R)|CLK_BUFGP         |   0.000|
FPGA_CON<70> |   -0.368(R)|    2.263(R)|CLK_BUFGP         |   0.000|
FPGA_CON<71> |    0.062(R)|    1.874(R)|CLK_BUFGP         |   0.000|
FPGA_CON<72> |   -0.180(R)|    2.090(R)|CLK_BUFGP         |   0.000|
FPGA_CON<73> |    0.373(R)|    1.579(R)|CLK_BUFGP         |   0.000|
FPGA_CON<74> |   -0.035(R)|    1.955(R)|CLK_BUFGP         |   0.000|
FPGA_CON<75> |    0.003(R)|    1.918(R)|CLK_BUFGP         |   0.000|
FPGA_CON<76> |   -0.537(R)|    2.417(R)|CLK_BUFGP         |   0.000|
FPGA_CON<77> |    0.384(R)|    1.566(R)|CLK_BUFGP         |   0.000|
FPGA_CON<78> |    0.028(R)|    1.895(R)|CLK_BUFGP         |   0.000|
FPGA_CON<79> |   -0.198(R)|    2.111(R)|CLK_BUFGP         |   0.000|
FPGA_CON<80> |    0.069(R)|    1.863(R)|CLK_BUFGP         |   0.000|
FPGA_CON<81> |   -0.269(R)|    2.173(R)|CLK_BUFGP         |   0.000|
FPGA_CON<82> |   -0.344(R)|    2.238(R)|CLK_BUFGP         |   0.000|
FPGA_CON<83> |   -0.253(R)|    2.154(R)|CLK_BUFGP         |   0.000|
FPGA_CON<84> |   -0.342(R)|    2.241(R)|CLK_BUFGP         |   0.000|
FPGA_CON<85> |   -0.017(R)|    1.944(R)|CLK_BUFGP         |   0.000|
FPGA_CON<86> |   -0.445(R)|    2.336(R)|CLK_BUFGP         |   0.000|
FPGA_CON<87> |   -0.442(R)|    2.337(R)|CLK_BUFGP         |   0.000|
FPGA_CON<88> |   -1.029(R)|    2.875(R)|CLK_BUFGP         |   0.000|
FPGA_CON<89> |   -0.336(R)|    2.235(R)|CLK_BUFGP         |   0.000|
FPGA_CON<90> |   -0.393(R)|    2.297(R)|CLK_BUFGP         |   0.000|
FPGA_CON<91> |   -0.101(R)|    2.024(R)|CLK_BUFGP         |   0.000|
FPGA_CON<92> |   -0.113(R)|    2.034(R)|CLK_BUFGP         |   0.000|
FPGA_CON<93> |    0.160(R)|    1.784(R)|CLK_BUFGP         |   0.000|
FPGA_CON<94> |   -0.540(R)|    2.426(R)|CLK_BUFGP         |   0.000|
FPGA_CON<95> |   -0.348(R)|    2.248(R)|CLK_BUFGP         |   0.000|
FPGA_CON<96> |   -0.183(R)|    2.093(R)|CLK_BUFGP         |   0.000|
FPGA_CON<97> |   -0.240(R)|    2.148(R)|CLK_BUFGP         |   0.000|
FPGA_CON<98> |   -0.836(R)|    2.694(R)|CLK_BUFGP         |   0.000|
FPGA_CON<99> |   -0.640(R)|    2.513(R)|CLK_BUFGP         |   0.000|
FPGA_CON<100>|   -0.670(R)|    2.538(R)|CLK_BUFGP         |   0.000|
FPGA_CON<101>|   -0.925(R)|    2.773(R)|CLK_BUFGP         |   0.000|
FPGA_CON<102>|   -0.950(R)|    2.799(R)|CLK_BUFGP         |   0.000|
FPGA_CON<103>|   -0.741(R)|    2.606(R)|CLK_BUFGP         |   0.000|
FPGA_CON<104>|   -0.992(R)|    2.844(R)|CLK_BUFGP         |   0.000|
FPGA_CON<105>|   -0.652(R)|    2.533(R)|CLK_BUFGP         |   0.000|
FPGA_CON<106>|   -0.243(R)|    2.155(R)|CLK_BUFGP         |   0.000|
FPGA_CON<107>|   -0.838(R)|    2.704(R)|CLK_BUFGP         |   0.000|
FPGA_CON<108>|   -0.499(R)|    2.391(R)|CLK_BUFGP         |   0.000|
FPGA_CON<109>|   -0.905(R)|    2.762(R)|CLK_BUFGP         |   0.000|
FPGA_CON<110>|   -0.429(R)|    2.321(R)|CLK_BUFGP         |   0.000|
FPGA_CON<111>|   -0.139(R)|    2.056(R)|CLK_BUFGP         |   0.000|
FPGA_CON<112>|   -0.779(R)|    2.643(R)|CLK_BUFGP         |   0.000|
FPGA_CON<113>|   -0.501(R)|    2.384(R)|CLK_BUFGP         |   0.000|
FPGA_CON<114>|   -0.907(R)|    2.760(R)|CLK_BUFGP         |   0.000|
FPGA_CON<115>|   -1.519(R)|    3.325(R)|CLK_BUFGP         |   0.000|
FPGA_CON<116>|   -0.997(R)|    2.843(R)|CLK_BUFGP         |   0.000|
FPGA_CON<117>|   -1.436(R)|    3.251(R)|CLK_BUFGP         |   0.000|
FPGA_CON<118>|   -1.272(R)|    3.101(R)|CLK_BUFGP         |   0.000|
FPGA_CON<119>|   -1.483(R)|    3.293(R)|CLK_BUFGP         |   0.000|
FPGA_CON<120>|   -1.383(R)|    3.205(R)|CLK_BUFGP         |   0.000|
FPGA_CON<121>|   -1.208(R)|    3.040(R)|CLK_BUFGP         |   0.000|
FPGA_CON<122>|   -0.888(R)|    2.748(R)|CLK_BUFGP         |   0.000|
FPGA_CON<123>|   -1.389(R)|    3.209(R)|CLK_BUFGP         |   0.000|
FPGA_CON<124>|   -0.850(R)|    2.709(R)|CLK_BUFGP         |   0.000|
FPGA_CON<125>|   -0.917(R)|    2.773(R)|CLK_BUFGP         |   0.000|
FPGA_CON<126>|   -0.970(R)|    2.819(R)|CLK_BUFGP         |   0.000|
FPGA_CON<127>|   -0.771(R)|    2.637(R)|CLK_BUFGP         |   0.000|
FPGA_CON<128>|   -0.520(R)|    2.415(R)|CLK_BUFGP         |   0.000|
FPGA_CON<129>|   -0.968(R)|    2.833(R)|CLK_BUFGP         |   0.000|
FPGA_CON<130>|   -1.309(R)|    3.151(R)|CLK_BUFGP         |   0.000|
FPGA_CON<131>|   -0.950(R)|    2.820(R)|CLK_BUFGP         |   0.000|
FPGA_CON<132>|   -1.103(R)|    2.956(R)|CLK_BUFGP         |   0.000|
FPGA_CON<133>|   -1.696(R)|    3.502(R)|CLK_BUFGP         |   0.000|
FPGA_CON<134>|   -1.204(R)|    3.054(R)|CLK_BUFGP         |   0.000|
FPGA_CON<135>|   -0.854(R)|    2.732(R)|CLK_BUFGP         |   0.000|
FPGA_CON<136>|   -1.132(R)|    2.990(R)|CLK_BUFGP         |   0.000|
FPGA_CON<137>|   -0.964(R)|    2.831(R)|CLK_BUFGP         |   0.000|
FPGA_CON<138>|   -1.317(R)|    3.160(R)|CLK_BUFGP         |   0.000|
FPGA_CON<139>|   -0.925(R)|    2.789(R)|CLK_BUFGP         |   0.000|
FPGA_CON<140>|   -1.219(R)|    3.070(R)|CLK_BUFGP         |   0.000|
FPGA_CON<141>|   -0.983(R)|    2.850(R)|CLK_BUFGP         |   0.000|
FPGA_CON<142>|   -1.255(R)|    3.102(R)|CLK_BUFGP         |   0.000|
FPGA_CON<143>|   -1.200(R)|    3.049(R)|CLK_BUFGP         |   0.000|
FPGA_CON<144>|   -1.494(R)|    3.321(R)|CLK_BUFGP         |   0.000|
FPGA_CON<145>|   -1.498(R)|    3.326(R)|CLK_BUFGP         |   0.000|
FPGA_CON<146>|   -1.173(R)|    3.023(R)|CLK_BUFGP         |   0.000|
FPGA_CON<147>|   -1.858(R)|    3.652(R)|CLK_BUFGP         |   0.000|
FPGA_CON<148>|   -1.258(R)|    3.104(R)|CLK_BUFGP         |   0.000|
FPGA_CON<149>|   -1.764(R)|    3.572(R)|CLK_BUFGP         |   0.000|
FPGA_CON<150>|   -1.132(R)|    2.988(R)|CLK_BUFGP         |   0.000|
FPGA_CON<151>|   -1.545(R)|    3.367(R)|CLK_BUFGP         |   0.000|
FPGA_CON<152>|   -1.597(R)|    3.416(R)|CLK_BUFGP         |   0.000|
FPGA_CON<153>|   -1.988(R)|    3.775(R)|CLK_BUFGP         |   0.000|
FPGA_CON<154>|   -1.271(R)|    3.116(R)|CLK_BUFGP         |   0.000|
FPGA_CON<155>|   -1.817(R)|    3.618(R)|CLK_BUFGP         |   0.000|
FPGA_CON<156>|   -1.329(R)|    3.172(R)|CLK_BUFGP         |   0.000|
FPGA_CON<157>|   -1.720(R)|    3.530(R)|CLK_BUFGP         |   0.000|
FPGA_CON<158>|   -1.798(R)|    3.580(R)|CLK_BUFGP         |   0.000|
FPGA_CON<159>|   -1.654(R)|    3.452(R)|CLK_BUFGP         |   0.000|
FPGA_CON<160>|   -1.820(R)|    3.605(R)|CLK_BUFGP         |   0.000|
FPGA_CON<161>|   -1.479(R)|    3.289(R)|CLK_BUFGP         |   0.000|
FPGA_CON<162>|   -1.758(R)|    3.546(R)|CLK_BUFGP         |   0.000|
FPGA_CON<163>|   -1.717(R)|    3.508(R)|CLK_BUFGP         |   0.000|
FPGA_CON<164>|   -2.156(R)|    3.911(R)|CLK_BUFGP         |   0.000|
FPGA_CON<165>|   -1.714(R)|    3.504(R)|CLK_BUFGP         |   0.000|
FPGA_CON<166>|   -1.791(R)|    3.574(R)|CLK_BUFGP         |   0.000|
FPGA_CON<167>|   -1.608(R)|    3.404(R)|CLK_BUFGP         |   0.000|
FPGA_CON<168>|   -1.753(R)|    3.539(R)|CLK_BUFGP         |   0.000|
FPGA_CON<169>|   -2.272(R)|    4.017(R)|CLK_BUFGP         |   0.000|
FPGA_CON<170>|   -1.962(R)|    3.731(R)|CLK_BUFGP         |   0.000|
FPGA_CON<171>|   -1.735(R)|    3.522(R)|CLK_BUFGP         |   0.000|
FPGA_CON<172>|   -1.780(R)|    3.564(R)|CLK_BUFGP         |   0.000|
FPGA_CON<173>|   -1.668(R)|    3.464(R)|CLK_BUFGP         |   0.000|
FPGA_CON<174>|   -1.894(R)|    3.672(R)|CLK_BUFGP         |   0.000|
FPGA_CON<175>|   -1.820(R)|    3.603(R)|CLK_BUFGP         |   0.000|
FPGA_CON<176>|   -2.103(R)|    3.882(R)|CLK_BUFGP         |   0.000|
FPGA_CON<177>|   -2.628(R)|    4.367(R)|CLK_BUFGP         |   0.000|
FPGA_CON<178>|   -2.028(R)|    3.816(R)|CLK_BUFGP         |   0.000|
FPGA_CON<179>|   -2.226(R)|    3.996(R)|CLK_BUFGP         |   0.000|
FPGA_CON<180>|   -2.741(R)|    4.479(R)|CLK_BUFGP         |   0.000|
FPGA_CON<181>|   -2.345(R)|    4.118(R)|CLK_BUFGP         |   0.000|
FPGA_CON<182>|   -2.430(R)|    4.194(R)|CLK_BUFGP         |   0.000|
FPGA_CON<183>|   -2.400(R)|    4.169(R)|CLK_BUFGP         |   0.000|
FPGA_CON<184>|   -2.506(R)|    4.263(R)|CLK_BUFGP         |   0.000|
FPGA_CON<185>|   -2.628(R)|    4.367(R)|CLK_BUFGP         |   0.000|
FPGA_CON<186>|   -2.402(R)|    4.172(R)|CLK_BUFGP         |   0.000|
FPGA_CON<187>|   -2.545(R)|    4.302(R)|CLK_BUFGP         |   0.000|
FPGA_CON<188>|   -2.614(R)|    4.367(R)|CLK_BUFGP         |   0.000|
FPGA_CON<189>|   -2.413(R)|    4.185(R)|CLK_BUFGP         |   0.000|
FPGA_CON<190>|   -2.421(R)|    4.190(R)|CLK_BUFGP         |   0.000|
FPGA_CON<191>|   -2.584(R)|    4.340(R)|CLK_BUFGP         |   0.000|
FPGA_CON<192>|   -2.258(R)|    4.025(R)|CLK_BUFGP         |   0.000|
FPGA_CON<193>|   -2.340(R)|    4.097(R)|CLK_BUFGP         |   0.000|
FPGA_CON<194>|   -2.198(R)|    4.002(R)|CLK_BUFGP         |   0.000|
FPGA_CON<195>|   -2.446(R)|    4.229(R)|CLK_BUFGP         |   0.000|
FPGA_CON<196>|   -2.131(R)|    3.940(R)|CLK_BUFGP         |   0.000|
FPGA_CON<197>|   -2.277(R)|    4.075(R)|CLK_BUFGP         |   0.000|
FPGA_CON<198>|   -2.051(R)|    3.868(R)|CLK_BUFGP         |   0.000|
FPGA_CON<199>|   -2.273(R)|    4.073(R)|CLK_BUFGP         |   0.000|
FPGA_CON<200>|   -2.156(R)|    3.969(R)|CLK_BUFGP         |   0.000|
FPGA_CON<201>|   -2.082(R)|    3.895(R)|CLK_BUFGP         |   0.000|
FPGA_CON<202>|   -2.219(R)|    4.006(R)|CLK_BUFGP         |   0.000|
FPGA_CON<203>|   -1.856(R)|    3.684(R)|CLK_BUFGP         |   0.000|
FPGA_CON<204>|   -2.350(R)|    4.146(R)|CLK_BUFGP         |   0.000|
FPGA_CON<205>|   -2.452(R)|    4.235(R)|CLK_BUFGP         |   0.000|
FPGA_CON<206>|   -2.095(R)|    3.895(R)|CLK_BUFGP         |   0.000|
FPGA_CON<207>|   -2.616(R)|    4.374(R)|CLK_BUFGP         |   0.000|
FPGA_CON<208>|   -2.352(R)|    4.148(R)|CLK_BUFGP         |   0.000|
FPGA_CON<209>|   -2.446(R)|    4.231(R)|CLK_BUFGP         |   0.000|
FPGA_CON<210>|   -2.323(R)|    4.089(R)|CLK_BUFGP         |   0.000|
FPGA_CON<211>|   -2.402(R)|    4.159(R)|CLK_BUFGP         |   0.000|
FPGA_CON<212>|   -2.361(R)|    4.136(R)|CLK_BUFGP         |   0.000|
FPGA_CON<213>|   -2.414(R)|    4.176(R)|CLK_BUFGP         |   0.000|
FPGA_CON<214>|   -2.598(R)|    4.362(R)|CLK_BUFGP         |   0.000|
FPGA_CON<215>|   -2.294(R)|    4.091(R)|CLK_BUFGP         |   0.000|
FPGA_CON<216>|   -2.698(R)|    4.430(R)|CLK_BUFGP         |   0.000|
FPGA_CON<217>|   -2.649(R)|    4.385(R)|CLK_BUFGP         |   0.000|
FPGA_CON<218>|   -2.732(R)|    4.471(R)|CLK_BUFGP         |   0.000|
FPGA_CON<219>|   -2.806(R)|    4.541(R)|CLK_BUFGP         |   0.000|
FPGA_CON<220>|   -3.066(R)|    4.777(R)|CLK_BUFGP         |   0.000|
FPGA_CON<221>|   -2.501(R)|    4.247(R)|CLK_BUFGP         |   0.000|
FPGA_CON<222>|   -2.817(R)|    4.559(R)|CLK_BUFGP         |   0.000|
FPGA_CON<223>|   -2.653(R)|    4.424(R)|CLK_BUFGP         |   0.000|
FPGA_CON<224>|   -2.837(R)|    4.593(R)|CLK_BUFGP         |   0.000|
FPGA_CON<225>|   -2.659(R)|    4.428(R)|CLK_BUFGP         |   0.000|
FPGA_CON<226>|   -2.886(R)|    4.641(R)|CLK_BUFGP         |   0.000|
FPGA_CON<227>|   -2.662(R)|    4.418(R)|CLK_BUFGP         |   0.000|
FPGA_CON<228>|   -2.770(R)|    4.526(R)|CLK_BUFGP         |   0.000|
FPGA_CON<229>|   -2.137(R)|    3.911(R)|CLK_BUFGP         |   0.000|
FPGA_CON<230>|   -2.596(R)|    4.359(R)|CLK_BUFGP         |   0.000|
FPGA_CON<231>|   -2.438(R)|    4.215(R)|CLK_BUFGP         |   0.000|
FPGA_CON<232>|   -2.330(R)|    4.125(R)|CLK_BUFGP         |   0.000|
FPGA_CON<233>|   -2.342(R)|    4.104(R)|CLK_BUFGP         |   0.000|
FPGA_CON<234>|   -2.303(R)|    4.067(R)|CLK_BUFGP         |   0.000|
FPGA_CON<235>|   -2.386(R)|    4.176(R)|CLK_BUFGP         |   0.000|
FPGA_CON<236>|   -2.856(R)|    4.601(R)|CLK_BUFGP         |   0.000|
FPGA_CON<237>|   -2.438(R)|    4.215(R)|CLK_BUFGP         |   0.000|
FPGA_CON<238>|   -2.742(R)|    4.494(R)|CLK_BUFGP         |   0.000|
FPGA_CON<239>|   -2.494(R)|    4.263(R)|CLK_BUFGP         |   0.000|
FPGA_CON<240>|   -2.702(R)|    4.458(R)|CLK_BUFGP         |   0.000|
FPGA_CON<241>|   -2.685(R)|    4.443(R)|CLK_BUFGP         |   0.000|
FPGA_CON<242>|   -2.678(R)|    4.435(R)|CLK_BUFGP         |   0.000|
FPGA_CON<243>|   -2.597(R)|    4.361(R)|CLK_BUFGP         |   0.000|
FPGA_CON<244>|   -2.617(R)|    4.378(R)|CLK_BUFGP         |   0.000|
FPGA_CON<245>|   -2.141(R)|    3.944(R)|CLK_BUFGP         |   0.000|
FPGA_CON<246>|   -2.624(R)|    4.383(R)|CLK_BUFGP         |   0.000|
FPGA_CON<247>|   -2.634(R)|    4.393(R)|CLK_BUFGP         |   0.000|
FPGA_CON<248>|   -2.582(R)|    4.345(R)|CLK_BUFGP         |   0.000|
FPGA_CON<249>|   -2.642(R)|    4.398(R)|CLK_BUFGP         |   0.000|
FPGA_CON<250>|   -2.682(R)|    4.438(R)|CLK_BUFGP         |   0.000|
FPGA_CON<251>|   -2.491(R)|    4.265(R)|CLK_BUFGP         |   0.000|
FPGA_CON<252>|   -2.387(R)|    4.167(R)|CLK_BUFGP         |   0.000|
FPGA_CON<253>|   -2.562(R)|    4.323(R)|CLK_BUFGP         |   0.000|
FPGA_CON<254>|   -2.562(R)|    4.326(R)|CLK_BUFGP         |   0.000|
FPGA_CON<255>|   -2.110(R)|    3.919(R)|CLK_BUFGP         |   0.000|
FPGA_CON<256>|   -2.465(R)|    4.242(R)|CLK_BUFGP         |   0.000|
FPGA_CON<257>|   -2.431(R)|    4.211(R)|CLK_BUFGP         |   0.000|
FPGA_CON<258>|   -2.417(R)|    4.195(R)|CLK_BUFGP         |   0.000|
FPGA_CON<259>|   -2.566(R)|    4.332(R)|CLK_BUFGP         |   0.000|
FPGA_CON<260>|   -2.191(R)|    3.984(R)|CLK_BUFGP         |   0.000|
FPGA_CON<261>|   -2.281(R)|    4.065(R)|CLK_BUFGP         |   0.000|
FPGA_CON<262>|   -2.117(R)|    3.917(R)|CLK_BUFGP         |   0.000|
FPGA_CON<263>|   -1.942(R)|    3.757(R)|CLK_BUFGP         |   0.000|
FPGA_CON<264>|   -2.319(R)|    4.101(R)|CLK_BUFGP         |   0.000|
FPGA_CON<265>|   -2.212(R)|    4.010(R)|CLK_BUFGP         |   0.000|
FPGA_CON<266>|   -2.074(R)|    3.883(R)|CLK_BUFGP         |   0.000|
FPGA_CON<267>|   -2.369(R)|    4.148(R)|CLK_BUFGP         |   0.000|
FPGA_CON<268>|   -2.363(R)|    4.146(R)|CLK_BUFGP         |   0.000|
FPGA_CON<269>|   -1.850(R)|    3.676(R)|CLK_BUFGP         |   0.000|
FPGA_CON<270>|   -1.886(R)|    3.708(R)|CLK_BUFGP         |   0.000|
FPGA_CON<271>|   -1.849(R)|    3.671(R)|CLK_BUFGP         |   0.000|
FPGA_CON<272>|   -2.053(R)|    3.856(R)|CLK_BUFGP         |   0.000|
FPGA_CON<273>|   -1.812(R)|    3.637(R)|CLK_BUFGP         |   0.000|
FPGA_CON<274>|   -1.632(R)|    3.467(R)|CLK_BUFGP         |   0.000|
FPGA_CON<275>|   -1.941(R)|    3.754(R)|CLK_BUFGP         |   0.000|
FPGA_CON<276>|   -1.901(R)|    3.720(R)|CLK_BUFGP         |   0.000|
FPGA_CON<277>|   -1.450(R)|    3.304(R)|CLK_BUFGP         |   0.000|
FPGA_CON<278>|   -1.568(R)|    3.415(R)|CLK_BUFGP         |   0.000|
FPGA_CON<279>|   -1.918(R)|    3.741(R)|CLK_BUFGP         |   0.000|
FPGA_CON<280>|   -1.871(R)|    3.693(R)|CLK_BUFGP         |   0.000|
FPGA_CON<281>|   -1.811(R)|    3.635(R)|CLK_BUFGP         |   0.000|
FPGA_CON<282>|   -1.217(R)|    3.087(R)|CLK_BUFGP         |   0.000|
FPGA_CON<283>|   -1.392(R)|    3.250(R)|CLK_BUFGP         |   0.000|
FPGA_CON<284>|   -1.811(R)|    3.636(R)|CLK_BUFGP         |   0.000|
FPGA_CON<285>|   -1.765(R)|    3.594(R)|CLK_BUFGP         |   0.000|
FPGA_CON<286>|   -1.519(R)|    3.371(R)|CLK_BUFGP         |   0.000|
FPGA_CON<287>|   -1.643(R)|    3.481(R)|CLK_BUFGP         |   0.000|
FPGA_CON<288>|   -1.793(R)|    3.625(R)|CLK_BUFGP         |   0.000|
FPGA_CON<289>|   -1.773(R)|    3.607(R)|CLK_BUFGP         |   0.000|
FPGA_CON<290>|   -1.774(R)|    3.604(R)|CLK_BUFGP         |   0.000|
FPGA_CON<291>|   -1.867(R)|    3.687(R)|CLK_BUFGP         |   0.000|
FPGA_CON<292>|   -1.670(R)|    3.509(R)|CLK_BUFGP         |   0.000|
FPGA_CON<293>|   -1.388(R)|    3.249(R)|CLK_BUFGP         |   0.000|
FPGA_CON<294>|   -1.717(R)|    3.561(R)|CLK_BUFGP         |   0.000|
FPGA_CON<295>|   -1.330(R)|    3.201(R)|CLK_BUFGP         |   0.000|
FPGA_CON<296>|   -1.417(R)|    3.275(R)|CLK_BUFGP         |   0.000|
FPGA_CON<297>|   -1.265(R)|    3.131(R)|CLK_BUFGP         |   0.000|
FPGA_CON<298>|   -1.901(R)|    3.722(R)|CLK_BUFGP         |   0.000|
FPGA_CON<299>|   -1.434(R)|    3.294(R)|CLK_BUFGP         |   0.000|
FPGA_CON<300>|   -1.667(R)|    3.513(R)|CLK_BUFGP         |   0.000|
FPGA_CON<301>|   -1.104(R)|    2.993(R)|CLK_BUFGP         |   0.000|
FPGA_CON<302>|   -1.525(R)|    3.381(R)|CLK_BUFGP         |   0.000|
FPGA_CON<303>|   -1.398(R)|    3.267(R)|CLK_BUFGP         |   0.000|
FPGA_CON<304>|   -1.591(R)|    3.444(R)|CLK_BUFGP         |   0.000|
FPGA_CON<305>|   -1.250(R)|    3.127(R)|CLK_BUFGP         |   0.000|
FPGA_CON<306>|   -1.592(R)|    3.439(R)|CLK_BUFGP         |   0.000|
FPGA_CON<307>|   -1.261(R)|    3.127(R)|CLK_BUFGP         |   0.000|
FPGA_CON<308>|   -1.199(R)|    3.078(R)|CLK_BUFGP         |   0.000|
FPGA_CON<309>|   -1.128(R)|    3.014(R)|CLK_BUFGP         |   0.000|
FPGA_CON<310>|   -1.395(R)|    3.263(R)|CLK_BUFGP         |   0.000|
FPGA_CON<311>|   -1.421(R)|    3.282(R)|CLK_BUFGP         |   0.000|
FPGA_CON<312>|   -1.495(R)|    3.350(R)|CLK_BUFGP         |   0.000|
FPGA_CON<313>|   -1.206(R)|    3.090(R)|CLK_BUFGP         |   0.000|
FPGA_CON<314>|   -0.875(R)|    2.780(R)|CLK_BUFGP         |   0.000|
FPGA_CON<315>|   -1.588(R)|    3.436(R)|CLK_BUFGP         |   0.000|
FPGA_CON<316>|   -1.375(R)|    3.238(R)|CLK_BUFGP         |   0.000|
FPGA_CON<317>|   -1.219(R)|    3.098(R)|CLK_BUFGP         |   0.000|
FPGA_CON<318>|   -0.947(R)|    2.851(R)|CLK_BUFGP         |   0.000|
FPGA_CON<319>|   -1.417(R)|    3.271(R)|CLK_BUFGP         |   0.000|
FPGA_CON<320>|   -1.161(R)|    3.039(R)|CLK_BUFGP         |   0.000|
FPGA_CON<321>|   -1.156(R)|    3.032(R)|CLK_BUFGP         |   0.000|
FPGA_CON<322>|   -1.264(R)|    3.123(R)|CLK_BUFGP         |   0.000|
FPGA_CON<323>|   -1.027(R)|    2.913(R)|CLK_BUFGP         |   0.000|
FPGA_CON<324>|   -0.920(R)|    2.815(R)|CLK_BUFGP         |   0.000|
FPGA_CON<325>|   -1.429(R)|    3.289(R)|CLK_BUFGP         |   0.000|
FPGA_CON<326>|   -1.350(R)|    3.215(R)|CLK_BUFGP         |   0.000|
FPGA_CON<327>|   -0.772(R)|    2.685(R)|CLK_BUFGP         |   0.000|
FPGA_CON<328>|   -1.061(R)|    2.946(R)|CLK_BUFGP         |   0.000|
FPGA_CON<329>|   -1.008(R)|    2.901(R)|CLK_BUFGP         |   0.000|
FPGA_CON<330>|   -0.941(R)|    2.838(R)|CLK_BUFGP         |   0.000|
FPGA_CON<331>|   -1.046(R)|    2.939(R)|CLK_BUFGP         |   0.000|
FPGA_CON<332>|   -0.708(R)|    2.622(R)|CLK_BUFGP         |   0.000|
FPGA_CON<333>|   -1.060(R)|    2.949(R)|CLK_BUFGP         |   0.000|
FPGA_CON<334>|   -0.864(R)|    2.759(R)|CLK_BUFGP         |   0.000|
FPGA_CON<335>|   -1.002(R)|    2.896(R)|CLK_BUFGP         |   0.000|
FPGA_CON<336>|   -0.952(R)|    2.847(R)|CLK_BUFGP         |   0.000|
FPGA_CON<337>|   -0.667(R)|    2.588(R)|CLK_BUFGP         |   0.000|
FPGA_CON<338>|   -0.337(R)|    2.285(R)|CLK_BUFGP         |   0.000|
FPGA_CON<339>|   -1.046(R)|    2.939(R)|CLK_BUFGP         |   0.000|
FPGA_CON<340>|   -0.780(R)|    2.694(R)|CLK_BUFGP         |   0.000|
FPGA_CON<341>|   -0.232(R)|    2.193(R)|CLK_BUFGP         |   0.000|
FPGA_CON<342>|   -0.232(R)|    2.194(R)|CLK_BUFGP         |   0.000|
FPGA_CON<343>|   -0.757(R)|    2.673(R)|CLK_BUFGP         |   0.000|
FPGA_CON<344>|   -0.743(R)|    2.657(R)|CLK_BUFGP         |   0.000|
FPGA_CON<345>|   -1.156(R)|    3.038(R)|CLK_BUFGP         |   0.000|
FPGA_CON<346>|   -0.677(R)|    2.604(R)|CLK_BUFGP         |   0.000|
FPGA_CON<347>|   -0.954(R)|    2.853(R)|CLK_BUFGP         |   0.000|
FPGA_CON<348>|   -0.467(R)|    2.411(R)|CLK_BUFGP         |   0.000|
FPGA_CON<349>|   -0.827(R)|    2.735(R)|CLK_BUFGP         |   0.000|
FPGA_CON<350>|   -0.816(R)|    2.732(R)|CLK_BUFGP         |   0.000|
FPGA_CON<351>|   -0.488(R)|    2.425(R)|CLK_BUFGP         |   0.000|
FPGA_CON<352>|    0.002(R)|    1.970(R)|CLK_BUFGP         |   0.000|
FPGA_CON<353>|   -0.798(R)|    2.708(R)|CLK_BUFGP         |   0.000|
FPGA_CON<354>|   -0.207(R)|    2.168(R)|CLK_BUFGP         |   0.000|
FPGA_CON<355>|   -0.842(R)|    2.748(R)|CLK_BUFGP         |   0.000|
FPGA_CON<356>|   -0.898(R)|    2.801(R)|CLK_BUFGP         |   0.000|
FPGA_CON<357>|   -0.635(R)|    2.561(R)|CLK_BUFGP         |   0.000|
FPGA_CON<358>|   -0.919(R)|    2.823(R)|CLK_BUFGP         |   0.000|
FPGA_CON<359>|   -0.213(R)|    2.176(R)|CLK_BUFGP         |   0.000|
FPGA_CON<360>|   -0.165(R)|    2.135(R)|CLK_BUFGP         |   0.000|
FPGA_CON<361>|   -0.309(R)|    2.265(R)|CLK_BUFGP         |   0.000|
FPGA_CON<362>|    0.160(R)|    1.831(R)|CLK_BUFGP         |   0.000|
FPGA_CON<363>|   -0.079(R)|    2.053(R)|CLK_BUFGP         |   0.000|
FPGA_CON<364>|   -0.495(R)|    2.436(R)|CLK_BUFGP         |   0.000|
FPGA_CON<365>|   -0.250(R)|    2.208(R)|CLK_BUFGP         |   0.000|
FPGA_CON<366>|   -0.351(R)|    2.295(R)|CLK_BUFGP         |   0.000|
FPGA_CON<367>|   -0.352(R)|    2.295(R)|CLK_BUFGP         |   0.000|
FPGA_CON<368>|   -0.105(R)|    2.072(R)|CLK_BUFGP         |   0.000|
FPGA_CON<369>|   -0.561(R)|    2.488(R)|CLK_BUFGP         |   0.000|
FPGA_CON<370>|    0.118(R)|    1.867(R)|CLK_BUFGP         |   0.000|
FPGA_CON<371>|   -0.586(R)|    2.510(R)|CLK_BUFGP         |   0.000|
FPGA_CON<372>|   -0.427(R)|    2.364(R)|CLK_BUFGP         |   0.000|
FPGA_CON<373>|    0.648(R)|    1.377(R)|CLK_BUFGP         |   0.000|
FPGA_CON<374>|    0.078(R)|    1.903(R)|CLK_BUFGP         |   0.000|
FPGA_CON<375>|    0.306(R)|    1.670(R)|CLK_BUFGP         |   0.000|
FPGA_CON<376>|    0.256(R)|    1.711(R)|CLK_BUFGP         |   0.000|
FPGA_CON<377>|    0.319(R)|    1.658(R)|CLK_BUFGP         |   0.000|
FPGA_CON<378>|   -0.209(R)|    2.162(R)|CLK_BUFGP         |   0.000|
FPGA_CON<379>|   -0.002(R)|    1.968(R)|CLK_BUFGP         |   0.000|
FPGA_CON<380>|    0.392(R)|    1.588(R)|CLK_BUFGP         |   0.000|
FPGA_CON<381>|    0.345(R)|    1.613(R)|CLK_BUFGP         |   0.000|
FPGA_CON<382>|    0.329(R)|    1.630(R)|CLK_BUFGP         |   0.000|
FPGA_CON<383>|    0.391(R)|    1.576(R)|CLK_BUFGP         |   0.000|
FPGA_CON<384>|    2.550(R)|   -0.480(R)|CLK_BUFGP         |   0.000|
FPGA_CON<385>|    2.405(R)|   -0.338(R)|CLK_BUFGP         |   0.000|
FPGA_CON<386>|    3.349(R)|   -1.207(R)|CLK_BUFGP         |   0.000|
FPGA_CON<387>|    2.721(R)|   -0.634(R)|CLK_BUFGP         |   0.000|
FPGA_CON<388>|    2.945(R)|   -0.844(R)|CLK_BUFGP         |   0.000|
FPGA_CON<389>|    2.232(R)|   -0.180(R)|CLK_BUFGP         |   0.000|
FPGA_CON<390>|    3.300(R)|   -1.164(R)|CLK_BUFGP         |   0.000|
FPGA_CON<391>|    3.456(R)|   -1.312(R)|CLK_BUFGP         |   0.000|
FPGA_CON<392>|    2.354(R)|   -0.291(R)|CLK_BUFGP         |   0.000|
FPGA_CON<393>|    3.367(R)|   -1.226(R)|CLK_BUFGP         |   0.000|
FPGA_CON<394>|    2.430(R)|   -0.366(R)|CLK_BUFGP         |   0.000|
FPGA_CON<395>|    3.579(R)|   -1.421(R)|CLK_BUFGP         |   0.000|
FPGA_CON<396>|    2.082(R)|   -0.050(R)|CLK_BUFGP         |   0.000|
FPGA_CON<397>|    3.539(R)|   -1.380(R)|CLK_BUFGP         |   0.000|
FPGA_CON<398>|    2.686(R)|   -0.600(R)|CLK_BUFGP         |   0.000|
FPGA_CON<399>|    3.608(R)|   -1.448(R)|CLK_BUFGP         |   0.000|
FPGA_CON<400>|    4.813(R)|   -2.555(R)|CLK_BUFGP         |   0.000|
FPGA_CON<401>|    3.142(R)|   -1.018(R)|CLK_BUFGP         |   0.000|
FPGA_CON<402>|    3.478(R)|   -1.329(R)|CLK_BUFGP         |   0.000|
FPGA_CON<403>|    2.656(R)|   -0.574(R)|CLK_BUFGP         |   0.000|
FPGA_CON<404>|    3.807(R)|   -1.636(R)|CLK_BUFGP         |   0.000|
FPGA_CON<405>|    3.172(R)|   -1.053(R)|CLK_BUFGP         |   0.000|
FPGA_CON<406>|    3.378(R)|   -1.242(R)|CLK_BUFGP         |   0.000|
FPGA_CON<407>|    3.571(R)|   -1.411(R)|CLK_BUFGP         |   0.000|
FPGA_CON<408>|    3.179(R)|   -1.053(R)|CLK_BUFGP         |   0.000|
FPGA_CON<409>|    3.133(R)|   -1.009(R)|CLK_BUFGP         |   0.000|
FPGA_CON<410>|    3.237(R)|   -1.108(R)|CLK_BUFGP         |   0.000|
FPGA_CON<411>|    3.172(R)|   -1.047(R)|CLK_BUFGP         |   0.000|
FPGA_CON<412>|    3.386(R)|   -1.242(R)|CLK_BUFGP         |   0.000|
FPGA_CON<413>|    3.382(R)|   -1.271(R)|CLK_BUFGP         |   0.000|
FPGA_CON<414>|    3.436(R)|   -1.290(R)|CLK_BUFGP         |   0.000|
FPGA_CON<415>|    3.716(R)|   -1.545(R)|CLK_BUFGP         |   0.000|
FPGA_CON<416>|    3.670(R)|   -1.509(R)|CLK_BUFGP         |   0.000|
FPGA_CON<417>|    2.711(R)|   -0.626(R)|CLK_BUFGP         |   0.000|
FPGA_CON<418>|    2.032(R)|    0.002(R)|CLK_BUFGP         |   0.000|
FPGA_CON<419>|    2.805(R)|   -0.750(R)|CLK_BUFGP         |   0.000|
FPGA_CON<420>|    2.992(R)|   -0.936(R)|CLK_BUFGP         |   0.000|
FPGA_CON<421>|    2.836(R)|   -0.789(R)|CLK_BUFGP         |   0.000|
FPGA_CON<422>|    2.117(R)|   -0.126(R)|CLK_BUFGP         |   0.000|
FPGA_CON<423>|    2.603(R)|   -0.576(R)|CLK_BUFGP         |   0.000|
FPGA_CON<424>|    3.445(R)|   -1.295(R)|CLK_BUFGP         |   0.000|
FPGA_CON<425>|    1.543(R)|    0.453(R)|CLK_BUFGP         |   0.000|
FPGA_CON<426>|    3.905(R)|   -1.717(R)|CLK_BUFGP         |   0.000|
FPGA_CON<427>|    3.179(R)|   -1.083(R)|CLK_BUFGP         |   0.000|
FPGA_CON<428>|    1.799(R)|    0.224(R)|CLK_BUFGP         |   0.000|
FPGA_CON<429>|    2.561(R)|   -0.478(R)|CLK_BUFGP         |   0.000|
FPGA_CON<430>|    3.112(R)|   -0.989(R)|CLK_BUFGP         |   0.000|
FPGA_CON<431>|    2.701(R)|   -0.639(R)|CLK_BUFGP         |   0.000|
FPGA_CON<432>|    3.391(R)|   -1.321(R)|CLK_BUFGP         |   0.000|
FPGA_CON<433>|    2.574(R)|   -0.579(R)|CLK_BUFGP         |   0.000|
FPGA_CON<434>|    3.340(R)|   -1.264(R)|CLK_BUFGP         |   0.000|
FPGA_CON<435>|    2.937(R)|   -0.907(R)|CLK_BUFGP         |   0.000|
FPGA_CON<436>|    1.946(R)|    0.008(R)|CLK_BUFGP         |   0.000|
FPGA_CON<437>|    2.881(R)|   -0.851(R)|CLK_BUFGP         |   0.000|
FPGA_CON<438>|    2.344(R)|   -0.359(R)|CLK_BUFGP         |   0.000|
FPGA_CON<439>|    2.374(R)|   -0.387(R)|CLK_BUFGP         |   0.000|
FPGA_CON<440>|    2.127(R)|   -0.158(R)|CLK_BUFGP         |   0.000|
FPGA_CON<441>|    2.059(R)|   -0.095(R)|CLK_BUFGP         |   0.000|
FPGA_CON<442>|    2.328(R)|   -0.270(R)|CLK_BUFGP         |   0.000|
FPGA_CON<443>|    1.922(R)|    0.108(R)|CLK_BUFGP         |   0.000|
FPGA_CON<444>|    3.551(R)|   -1.356(R)|CLK_BUFGP         |   0.000|
FPGA_CON<445>|    2.279(R)|   -0.274(R)|CLK_BUFGP         |   0.000|
FPGA_CON<446>|    1.852(R)|    0.058(R)|CLK_BUFGP         |   0.000|
USER_SW      |    1.500(R)|    1.133(R)|CLK_BUFGP         |   0.000|
nRST         |    2.374(R)|    3.093(R)|CLK_BUFGP         |   0.000|
-------------+------------+------------+------------------+--------+

Clock CLK to Pad
------------+------------+------------------+--------+
            | clk (edge) |                  | Clock  |
Destination |   to PAD   |Internal Clock(s) | Phase  |
------------+------------+------------------+--------+
FPGA_EN     |   16.442(R)|CLK_BUFGP         |   0.000|
LED<0>      |   19.322(R)|CLK_BUFGP         |   0.000|
LED<1>      |   19.499(R)|CLK_BUFGP         |   0.000|
LED<2>      |   19.495(R)|CLK_BUFGP         |   0.000|
LED<3>      |   19.315(R)|CLK_BUFGP         |   0.000|
SEG_DATA<0> |   13.213(R)|CLK_BUFGP         |   0.000|
SEG_DATA<1> |   13.424(R)|CLK_BUFGP         |   0.000|
SEG_DATA<2> |   13.848(R)|CLK_BUFGP         |   0.000|
SEG_DATA<3> |   13.934(R)|CLK_BUFGP         |   0.000|
SEG_DATA<4> |   13.764(R)|CLK_BUFGP         |   0.000|
SEG_DATA<5> |   13.765(R)|CLK_BUFGP         |   0.000|
SEG_DATA<6> |   14.006(R)|CLK_BUFGP         |   0.000|
SEG_DATA<7> |   14.398(R)|CLK_BUFGP         |   0.000|
------------+------------+------------------+--------+

Clock to Setup on destination clock CLK
---------------+---------+---------+---------+---------+
               | Src:Rise| Src:Fall| Src:Rise| Src:Fall|
Source Clock   |Dest:Rise|Dest:Rise|Dest:Fall|Dest:Fall|
---------------+---------+---------+---------+---------+
CLK            |    6.839|         |         |         |
---------------+---------+---------+---------+---------+


Analysis completed Thu Dec 28 14:58:50 2006
--------------------------------------------------------------------------------

Trace Settings:
-------------------------
Trace Settings 

Peak Memory Usage: 422 MB



