00000001
01FF8400
00000004
000000FF
00000002
00000000
00000000
00000000
00000001
01FF8410
00000008
0000000F
00000002
00000000
00000000
00000000
00000001
01FF8900
00000005
000000FF
00000002
00000000
00000000
00000000
00000001
01FF8910
00000008
0000000F
00000002
00000000
00000000
00000000
00000001
01FF8D00
00000009
000000FF
00000002
00000000
00000000
00000000
00000001
01FF8D04
00000008
0000000F
00000002
00000000
00000000
00000000
00000001
01FF8A00
00000061
000000FF
00000002
00000000
00000000
00000000
00000001
01FF8A10
00000000
0000000F
00000002
00000000
00000000
00000000
00000001
01FF840C
00000006
000000FF
00000002
00000000
00000000
00000000
00000001
01FF88F0
00000008
0000000F
00000002
00000000
00000000
00000000
00000001
01FF8B28
00000008
000000FF
00000002
00000000
00000000
00000000
00000001
01FF8B34
00000008
0000000F
00000002
00000000
00000000
00000000
00000000
02000000
000000FF
00000002
00000000
00000000
00000000
00000000
01FF8E00
00000054
00000002
00000000
00000000
00000000
00000000
01F40000
0000ffd4
00000002
00000000
00000000
00000000
00000000
00200000
00000065
00000002
00000000
00000000
00000000
00000000
00300000
0000ffe5
00000002
00000000
00000000
00000000
00000000
00400000
00000073
00000002
00000000
00000000
00000000
00000000
01F00000
0000fff3
00000002
00000000
00000000
00000000
00000000
01FF0000
00000074
00000002
00000000
00000000
00000000
00000000
01FF8000
0000fff4
00000002
00000000
00000000
00000000
00000000
01FF8100
00000020
00000002
00000000
00000000
00000000
00000000
01FF8200
0000ffa0
00000002
00000000
00000000
00000000
00000000
00500000
00000049
00000002
00000000
00000000
00000000
00000000
02000004
0000ffc9
00000002
00000000
00000000
00000000
00000000
01FF8E04
00000044
00000002
00000000
00000000
00000000
00000000
01F40004
0000ffc4
00000002
00000000
00000000
00000000
00000000
00200004
00000073
00000002
00000000
00000000
00000000
00000000
00300004
0000fff3
00000002
00000000
00000000
00000000
00000000
00400004
00000020
00000002
00000000
00000000
00000000
00000000
01F00004
0000ffa0
00000002
00000000
00000000
00000000
00000000
01FF0004
0000002d
00000002
00000000
00000000
00000000
00000000
01FF8004
0000ffad
00000002
00000000
00000000
00000000
00000000
01FF8104
00000020
00000002
00000000
00000000
00000000
00000000
01FF8204
0000ffa0
00000002
00000000
00000000
00000000
00000000
00500004
00000044
00000002
00000000
00000000
00000000
00000000
00000000
0000ffc4
00000002
00000000
00000000
00000000
00000000
00000004
0000006f
00000002
00000000
00000000
00000000
00000000
00000008
0000ffef
00000002
00000000
00000000
00000000
00000000
0000000C
0000006e
00000002
00000000
00000000
00000000
00000000
00000010
0000ffee
00000002
00000000
00000000
00000000
00000000
00000014
00000065
00000002
00000000
00000000
00000000
00000000
00000018
0000ffe5
00000002
00000000
00000000
00000000
00000000
0000001C
0000000D
00000002
00000000
00000000
00000000
00000000
00000020
0000008D
00000002
00000000
00000000
00000000
00000000
00100000
0000ffc4
00000002
00000000
00000000
00000000
00000000
00100004
0000006f
00000002
00000000
00000000
00000000
00000000
00100008
0000ffef
00000002
00000000
00000000
00000000
00000000
0010000C
0000006e
00000002
00000000
00000000
00000000
00000000
00100010
0000ffee
00000002
00000000
00000000
00000000
00000000
00100014
00000065
00000002
00000000
00000000
00000000
00000000
00100018
0000ffe5
00000002
00000000
00000000
00000000
00000000
0010001C
0000000D
00000002
00000000
00000000
00000000
00000000
00100020
0000008D
00000002
00000000
00000000
00000000
00000001
01FF8D00
00000009
000000FF
00000002
00000000
00000000
00000000
00000001
01FF8D04
00000008
0000000F
00000002
00000000
00000000
00000000
00000000
01FF8D00
00001070
00000002
00000000
00000000
00000000
00000000
01FF8D04
00000000
00000002
00000000
00000000
00000000
00000004
00000000
00000000
00000002
00000001
00000000
00000000
00000006
00000003
00000000
01FF8D00
00001072
00000002
00000000
00000000
00000000
00000001
C8000008
00000001
00000001
00000002
00000000
00000000
00000000
00000000
C800000C
00000001
00000002
00000000
00000000
00000000
00000001
C8000008
00000000
00000001
00000002
00000000
00000000
00000000
00000004
00000000
00000000
00000002
00000001
00000000
00000000
00000006
00000003
00000000
01FF8D00
00000170
00000002
00000000
00000000
00000000
00000000
F0000010
00000010
00000002
00000000
00000000
00000000
00000000
C2000000
0000000F
00000000
00000000
00000000
00000000
00000000
C2000008
000000A1
00000000
00000000
00000000
00000000
00000000
C8000000
00000001
00000000
00000000
00000000
00000000
00000005
F0000000
00000010
FFFFFFFF
00000002
00000000
00000000
00000000
C200000C
00000000
00000000
00000000
00000000
00000000
00000000
F0000010
00000020
00000002
00000000
00000000
00000000
00000000
F000000C
00000020
00000002
00000000
00000000
00000000
00000000
C2000020
0000000F
00000000
00000000
00000000
00000000
00000000
C2000028
000000A1
00000000
00000000
00000000
00000000
00000000
C8000000
00000001
00000000
00000000
00000000
00000000
00000005
F0000004
00000020
FFFFFFFF
00000002
00000000
00000000
00000000
C200002C
00000000
00000000
00000000
00000000
00000000
00000000
C40003FC
00000050
00000000
00000000
00000000
00000000
00000000
C40003FC
0000ffd0
00000000
00000000
00000000
00000000
00000000
C40003FC
00000061
00000000
00000000
00000000
00000000
00000000
C40003FC
0000ffe1
00000000
00000000
00000000
00000000
00000000
C40003FC
00000075
00000000
00000000
00000000
00000000
00000000
C40003FC
0000fff5
00000000
00000000
00000000
00000000
00000000
C40003FC
00000073
00000000
00000000
00000000
00000000
00000000
C40003FC
0000fff3
00000000
00000000
00000000
00000000
00000000
C40003FC
00000065
00000000
00000000
00000000
00000000
00000000
C40003FC
0000ffe5
00000000
00000000
00000000
00000000
00000000
C40003FC
00000020
00000000
00000000
00000000
00000000
00000000
C40003FC
0000ffa0
00000000
00000000
00000000
00000000
00000000
C40003FC
00000054
00000000
00000000
00000000
00000000
00000000
C40003FC
0000ffd4
00000000
00000000
00000000
00000000
00000000
C40003FC
00000065
00000000
00000000
00000000
00000000
00000000
C40003FC
0000ffe5
00000000
00000000
00000000
00000000
00000000
C40003FC
00000073
00000000
00000000
00000000
00000000
00000000
C40003FC
0000fff3
00000000
00000000
00000000
00000000
00000000
C40003FC
00000074
00000000
00000000
00000000
00000000
00000000
C40003FC
0000fff4
00000000
00000000
00000000
00000000
00000000
C40003FC
00000020
00000000
00000000
00000000
00000000
00000000
C40003FC
0000ffa0
00000000
00000000
00000000
00000000
00000000
C40003FC
0000002d
00000000
00000000
00000000
00000000
00000000
C40003FC
0000ffad
00000000
00000000
00000000
00000000
00000000
C40003FC
00000020
00000000
00000000
00000000
00000000
00000000
C40003FC
0000ffa0
00000000
00000000
00000000
00000000
00000000
C40003FC
00000044
00000000
00000000
00000000
00000000
00000000
C40003FC
0000ffc4
00000000
00000000
00000000
00000000
00000000
C40003FC
0000006f
00000000
00000000
00000000
00000000
00000000
C40003FC
0000ffef
00000000
00000000
00000000
00000000
00000000
C40003FC
0000006e
00000000
00000000
00000000
00000000
00000000
C40003FC
0000ffee
00000000
00000000
00000000
00000000
00000000
C40003FC
00000065
00000000
00000000
00000000
00000000
00000000
C40003FC
0000ffe5
00000000
00000000
00000000
00000000
00000000
C40003FC
0000000D
00000000
00000000
00000000
00000000
00000000
C40003FC
0000008D
00000000
00000000
00000000
00000000
00000004
00000000
00000000
00000002
00000001
00000000
00000000
00000006
00000003
00000000
70000000
AAAAAAAA
00000002
00000003
00000000
00000000
00000002
BBBBBBBB
FFFFFFFF
00000002
CCCCCCCC
FFFFFFFF
00000002
DDDDDDDD
FFFFFFFF
00000000
C8000004
00000000
00000002
00000000
00000000
00000000
00000005
C8000004
00000001
00000001
00000002
00000000
00000000
00000001
00000000
AAAAAAAA
FFFFFFFF
00000002
00000003
00000000
00000000
00000002
BBBBBBBB
FFFFFFFF
00000002
CCCCCCCC
FFFFFFFF
00000002
DDDDDDDD
FFFFFFFF
00000000
C40003FC
0000004d
00000000
00000000
00000000
00000000
00000000
C40003FC
0000ffcd
00000000
00000000
00000000
00000000
00000000
C40003FC
00000065
00000000
00000000
00000000
00000000
00000000
C40003FC
0000ffe5
00000000
00000000
00000000
00000000
00000000
C40003FC
0000006d
00000000
00000000
00000000
00000000
00000000
C40003FC
0000ffed
00000000
00000000
00000000
00000000
00000000
C40003FC
0000006f
00000000
00000000
00000000
00000000
00000000
C40003FC
0000ffef
00000000
00000000
00000000
00000000
00000000
C40003FC
00000072
00000000
00000000
00000000
00000000
00000000
C40003FC
0000fff2
00000000
00000000
00000000
00000000
00000000
C40003FC
00000079
00000000
00000000
00000000
00000000
00000000
C40003FC
0000fff9
00000000
00000000
00000000
00000000
00000000
C40003FC
00000020
00000000
00000000
00000000
00000000
00000000
C40003FC
0000ffa0
00000000
00000000
00000000
00000000
00000000
C40003FC
00000054
00000000
00000000
00000000
00000000
00000000
C40003FC
0000ffd4
00000000
00000000
00000000
00000000
00000000
C40003FC
00000065
00000000
00000000
00000000
00000000
00000000
C40003FC
0000ffe5
00000000
00000000
00000000
00000000
00000000
C40003FC
00000073
00000000
00000000
00000000
00000000
00000000
C40003FC
0000fff3
00000000
00000000
00000000
00000000
00000000
C40003FC
00000074
00000000
00000000
00000000
00000000
00000000
C40003FC
0000fff4
00000000
00000000
00000000
00000000
00000000
C40003FC
00000020
00000000
00000000
00000000
00000000
00000000
C40003FC
0000ffa0
00000000
00000000
00000000
00000000
00000000
C40003FC
0000002d
00000000
00000000
00000000
00000000
00000000
C40003FC
0000ffad
00000000
00000000
00000000
00000000
00000000
C40003FC
00000020
00000000
00000000
00000000
00000000
00000000
C40003FC
0000ffa0
00000000
00000000
00000000
00000000
00000000
C40003FC
00000044
00000000
00000000
00000000
00000000
00000000
C40003FC
0000ffc4
00000000
00000000
00000000
00000000
00000000
C40003FC
0000006f
00000000
00000000
00000000
00000000
00000000
C40003FC
0000ffef
00000000
00000000
00000000
00000000
00000000
C40003FC
0000006e
00000000
00000000
00000000
00000000
00000000
C40003FC
0000ffee
00000000
00000000
00000000
00000000
00000000
C40003FC
00000065
00000000
00000000
00000000
00000000
00000000
C40003FC
0000ffe5
00000000
00000000
00000000
00000000
00000000
C40003FC
0000000D
00000000
00000000
00000000
00000000
00000000
C40003FC
0000008D
00000000
00000000
00000000
00000000
00000004
00000000
00000000
00000002
00000001
00000000
00000000
00000006
00000003
00000000
F000000C
00000000
00000002
00000000
00000000
00000000
00000000
F0000010
FFFFFFFF
00000002
00000000
00000000
00000000
00000000
F0000018
00000002
00000002
00000000
00000000
00000000
00000005
F0000000
00000002
FFFFFFFF
00000002
00000000
00000000
00000000
F000001C
00000002
00000002
00000000
00000000
00000000
00000000
F0000014
FFFFFFFF
00000002
00000000
00000000
00000000
00000004
00000000
00000000
00000002
00000001
00000000
00000000
00000005
F0000000
00000000
FFFFFFFF
00000002
00000000
00000000
00000000
C4000600
00000001
00000002
00000000
00000000
00000000
00000000
C400060C
000000FF
00000002
00000000
00000000
00000000
00000005
F0000000
00000000
FFFFFFFF
00000002
00000000
00000000
00000000
F0000010
FFFFFFFF
00000002
00000000
00000000
00000000
00000005
F0000000
FF000100
FFFFFFFF
00000002
00000000
00000000
00000000
F0000014
FFFFFFFF
00000002
00000000
00000000
00000000
00000000
C4000600
00000000
00000002
00000000
00000000
00000000
00000004
00000000
00000000
00000002
00000001
00000000
00000000
00000005
F0000000
00000000
FFFFFFFF
00000002
00000000
00000000
00000000
F0000010
FFFFFFFF
00000002
00000000
00000000
00000000
00000005
F0000000
00000000
FFFFFFFF
00000002
00000000
00000000
00000000
C2000F00
00000001
00000002
00000000
00000000
00000000
00000000
C2000F04
00000001
00000002
00000000
00000000
00000000
00000005
F0000000
00000050
FFFFFFFF
00000002
00000000
00000000
00000000
C2000F04
00000002
00000002
00000000
00000000
00000000
00000005
F0000000
00000060
FFFFFFFF
00000002
00000000
00000000
00000000
F0000014
FFFFFFFF
00000002
00000000
00000000
00000000
00000000
C2000F00
00000000
00000002
00000000
00000000
00000000
00000004
00000000
00000000
00000002
00000001
00000000
00000000
00000005
F0000000
00000000
FFFFFFFF
00000002
00000000
00000000
00000000
F0000010
FFFFFFFF
00000002
00000000
00000000
00000000
00000005
F0000000
00000000
FFFFFFFF
00000002
00000000
00000000
00000000
C1000F00
00000001
00000002
00000000
00000000
00000000
00000000
C1000F04
00000002
00000002
00000000
00000000
00000000
00000005
F0000000
00000080
FFFFFFFF
00000002
00000000
00000000
00000000
F0000014
FFFFFFFF
00000002
00000000
00000000
00000000
00000000
C1000F00
00000000
00000002
00000000
00000000
00000000
00000004
00000000
00000000
00000002
00000001
00000000
00000000
00000000
C40003FC
00000049
00000000
00000000
00000000
00000000
00000000
C40003FC
0000ffc9
00000000
00000000
00000000
00000000
00000000
C40003FC
0000006e
00000000
00000000
00000000
00000000
00000000
C40003FC
0000ffee
00000000
00000000
00000000
00000000
00000000
C40003FC
00000074
00000000
00000000
00000000
00000000
00000000
C40003FC
0000fff4
00000000
00000000
00000000
00000000
00000000
C40003FC
00000065
00000000
00000000
00000000
00000000
00000000
C40003FC
0000ffe5
00000000
00000000
00000000
00000000
00000000
C40003FC
00000072
00000000
00000000
00000000
00000000
00000000
C40003FC
0000fff2
00000000
00000000
00000000
00000000
00000000
C40003FC
00000072
00000000
00000000
00000000
00000000
00000000
C40003FC
0000fff2
00000000
00000000
00000000
00000000
00000000
C40003FC
00000075
00000000
00000000
00000000
00000000
00000000
C40003FC
0000fff5
00000000
00000000
00000000
00000000
00000000
C40003FC
00000070
00000000
00000000
00000000
00000000
00000000
C40003FC
0000fff0
00000000
00000000
00000000
00000000
00000000
C40003FC
00000074
00000000
00000000
00000000
00000000
00000000
C40003FC
0000fff4
00000000
00000000
00000000
00000000
00000000
C40003FC
00000020
00000000
00000000
00000000
00000000
00000000
C40003FC
0000ffa0
00000000
00000000
00000000
00000000
00000000
C40003FC
00000054
00000000
00000000
00000000
00000000
00000000
C40003FC
0000ffd4
00000000
00000000
00000000
00000000
00000000
C40003FC
00000065
00000000
00000000
00000000
00000000
00000000
C40003FC
0000ffe5
00000000
00000000
00000000
00000000
00000000
C40003FC
00000073
00000000
00000000
00000000
00000000
00000000
C40003FC
0000fff3
00000000
00000000
00000000
00000000
00000000
C40003FC
00000074
00000000
00000000
00000000
00000000
00000000
C40003FC
0000fff4
00000000
00000000
00000000
00000000
00000000
C40003FC
00000020
00000000
00000000
00000000
00000000
00000000
C40003FC
0000ffa0
00000000
00000000
00000000
00000000
00000000
C40003FC
0000002d
00000000
00000000
00000000
00000000
00000000
C40003FC
0000ffad
00000000
00000000
00000000
00000000
00000000
C40003FC
00000020
00000000
00000000
00000000
00000000
00000000
C40003FC
0000ffa0
00000000
00000000
00000000
00000000
00000000
C40003FC
00000044
00000000
00000000
00000000
00000000
00000000
C40003FC
0000ffc4
00000000
00000000
00000000
00000000
00000000
C40003FC
0000006f
00000000
00000000
00000000
00000000
00000000
C40003FC
0000ffef
00000000
00000000
00000000
00000000
00000000
C40003FC
0000006e
00000000
00000000
00000000
00000000
00000000
C40003FC
0000ffee
00000000
00000000
00000000
00000000
00000000
C40003FC
00000065
00000000
00000000
00000000
00000000
00000000
C40003FC
0000ffe5
00000000
00000000
00000000
00000000
00000000
C40003FC
0000000D
00000000
00000000
00000000
00000000
00000000
C40003FC
0000008D
00000000
00000000
00000000
00000000
00000000
C1000F00
00000001
00000000
00000000
00000000
00000000
00000000
C1000F04
00000001
00000000
00000000
00000000
00000000
00000005
C8000008
00000001
00000001
00000002
00000000
00000000
00000000
C800000C
00000001
00000002
00000000
00000000
00000000
00000005
C8000008
00000000
00000001
00000002
00000000
00000000
00000005
C8000004
00000000
00000001
00000002
00000000
00000000
00000000
C4000400
000000FF
00000000
00000000
00000000
00000000
00000000
C40003FC
00000052
00000000
00000000
00000000
00000000
00000000
C40003FC
0000ffd2
00000000
00000000
00000000
00000000
00000000
C40003FC
00000065
00000000
00000000
00000000
00000000
00000000
C40003FC
0000ffe5
00000000
00000000
00000000
00000000
00000000
C40003FC
00000073
00000000
00000000
00000000
00000000
00000000
C40003FC
0000fff3
00000000
00000000
00000000
00000000
00000000
C40003FC
00000065
00000000
00000000
00000000
00000000
00000000
C40003FC
0000ffe5
00000000
00000000
00000000
00000000
00000000
C40003FC
00000074
00000000
00000000
00000000
00000000
00000000
C40003FC
0000fff4
00000000
00000000
00000000
00000000
00000000
C40003FC
00000020
00000000
00000000
00000000
00000000
00000000
C40003FC
0000ffa0
00000000
00000000
00000000
00000000
00000000
C40003FC
00000054
00000000
00000000
00000000
00000000
00000000
C40003FC
0000ffd4
00000000
00000000
00000000
00000000
00000000
C40003FC
00000065
00000000
00000000
00000000
00000000
00000000
C40003FC
0000ffe5
00000000
00000000
00000000
00000000
00000000
C40003FC
00000073
00000000
00000000
00000000
00000000
00000000
C40003FC
0000fff3
00000000
00000000
00000000
00000000
00000000
C40003FC
00000074
00000000
00000000
00000000
00000000
00000000
C40003FC
0000fff4
00000000
00000000
00000000
00000000
00000000
C40003FC
00000020
00000000
00000000
00000000
00000000
00000000
C40003FC
0000ffa0
00000000
00000000
00000000
00000000
00000000
C40003FC
0000002d
00000000
00000000
00000000
00000000
00000000
C40003FC
0000ffad
00000000
00000000
00000000
00000000
00000000
C40003FC
00000020
00000000
00000000
00000000
00000000
00000000
C40003FC
0000ffa0
00000000
00000000
00000000
00000000
00000000
C40003FC
00000044
00000000
00000000
00000000
00000000
00000000
C40003FC
0000ffc4
00000000
00000000
00000000
00000000
00000000
C40003FC
0000006f
00000000
00000000
00000000
00000000
00000000
C40003FC
0000ffef
00000000
00000000
00000000
00000000
00000000
C40003FC
0000006e
00000000
00000000
00000000
00000000
00000000
C40003FC
0000ffee
00000000
00000000
00000000
00000000
00000000
C40003FC
00000065
00000000
00000000
00000000
00000000
00000000
C40003FC
0000ffe5
00000000
00000000
00000000
00000000
00000000
C40003FC
00000004
00000000
00000000
00000000
00000000
00000000
C40003FC
00000084
00000000
00000000
00000000
00000000
