Archive member included because of file (symbol)

/usr/local/lib/gcc-lib/arm-elf/3.2.2/../../../../arm-elf/lib/libc.a(vsnprintf.o)
                              main.o (vsnprintf)
/usr/local/lib/gcc-lib/arm-elf/3.2.2/../../../../arm-elf/lib/libc.a(impure.o)
                              /usr/local/lib/gcc-lib/arm-elf/3.2.2/../../../../arm-elf/lib/libc.a(vsnprintf.o) (_impure_ptr)
/usr/local/lib/gcc-lib/arm-elf/3.2.2/../../../../arm-elf/lib/libc.a(vfprintf.o)
                              /usr/local/lib/gcc-lib/arm-elf/3.2.2/../../../../arm-elf/lib/libc.a(vsnprintf.o) (_vfprintf_r)
/usr/local/lib/gcc-lib/arm-elf/3.2.2/../../../../arm-elf/lib/libc.a(wcrtomb.o)
                              /usr/local/lib/gcc-lib/arm-elf/3.2.2/../../../../arm-elf/lib/libc.a(vfprintf.o) (_wcrtomb_r)
/usr/local/lib/gcc-lib/arm-elf/3.2.2/../../../../arm-elf/lib/libc.a(wcsrtombs.o)
                              /usr/local/lib/gcc-lib/arm-elf/3.2.2/../../../../arm-elf/lib/libc.a(vfprintf.o) (_wcsrtombs_r)
/usr/local/lib/gcc-lib/arm-elf/3.2.2/../../../../arm-elf/lib/libc.a(wctomb_r.o)
                              /usr/local/lib/gcc-lib/arm-elf/3.2.2/../../../../arm-elf/lib/libc.a(wcrtomb.o) (_wctomb_r)
/usr/local/lib/gcc-lib/arm-elf/3.2.2/../../../../arm-elf/lib/libc.a(wsetup.o)
                              /usr/local/lib/gcc-lib/arm-elf/3.2.2/../../../../arm-elf/lib/libc.a(vfprintf.o) (__swsetup)
/usr/local/lib/gcc-lib/arm-elf/3.2.2/../../../../arm-elf/lib/libc.a(dtoa.o)
                              /usr/local/lib/gcc-lib/arm-elf/3.2.2/../../../../arm-elf/lib/libc.a(vfprintf.o) (_dtoa_r)
/usr/local/lib/gcc-lib/arm-elf/3.2.2/../../../../arm-elf/lib/libc.a(fflush.o)
                              /usr/local/lib/gcc-lib/arm-elf/3.2.2/../../../../arm-elf/lib/libc.a(vfprintf.o) (fflush)
/usr/local/lib/gcc-lib/arm-elf/3.2.2/../../../../arm-elf/lib/libc.a(findfp.o)
                              /usr/local/lib/gcc-lib/arm-elf/3.2.2/../../../../arm-elf/lib/libc.a(vfprintf.o) (__sinit)
/usr/local/lib/gcc-lib/arm-elf/3.2.2/../../../../arm-elf/lib/libc.a(freer.o)
                              /usr/local/lib/gcc-lib/arm-elf/3.2.2/../../../../arm-elf/lib/libc.a(vfprintf.o) (_free_r)
/usr/local/lib/gcc-lib/arm-elf/3.2.2/../../../../arm-elf/lib/libc.a(fvwrite.o)
                              /usr/local/lib/gcc-lib/arm-elf/3.2.2/../../../../arm-elf/lib/libc.a(vfprintf.o) (__sfvwrite)
/usr/local/lib/gcc-lib/arm-elf/3.2.2/../../../../arm-elf/lib/libc.a(fwalk.o)
                              /usr/local/lib/gcc-lib/arm-elf/3.2.2/../../../../arm-elf/lib/libc.a(fflush.o) (_fwalk)
/usr/local/lib/gcc-lib/arm-elf/3.2.2/../../../../arm-elf/lib/libc.a(locale.o)
                              /usr/local/lib/gcc-lib/arm-elf/3.2.2/../../../../arm-elf/lib/libc.a(wctomb_r.o) (__lc_ctype)
/usr/local/lib/gcc-lib/arm-elf/3.2.2/../../../../arm-elf/lib/libc.a(makebuf.o)
                              /usr/local/lib/gcc-lib/arm-elf/3.2.2/../../../../arm-elf/lib/libc.a(wsetup.o) (__smakebuf)
/usr/local/lib/gcc-lib/arm-elf/3.2.2/../../../../arm-elf/lib/libc.a(mallocr.o)
                              /usr/local/lib/gcc-lib/arm-elf/3.2.2/../../../../arm-elf/lib/libc.a(freer.o) (__malloc_av_)
/usr/local/lib/gcc-lib/arm-elf/3.2.2/../../../../arm-elf/lib/libc.a(memchr.o)
                              /usr/local/lib/gcc-lib/arm-elf/3.2.2/../../../../arm-elf/lib/libc.a(vfprintf.o) (memchr)
/usr/local/lib/gcc-lib/arm-elf/3.2.2/../../../../arm-elf/lib/libc.a(memcpy.o)
                              /usr/local/lib/gcc-lib/arm-elf/3.2.2/../../../../arm-elf/lib/libc.a(dtoa.o) (memcpy)
/usr/local/lib/gcc-lib/arm-elf/3.2.2/../../../../arm-elf/lib/libc.a(memmove.o)
                              /usr/local/lib/gcc-lib/arm-elf/3.2.2/../../../../arm-elf/lib/libc.a(fvwrite.o) (memmove)
/usr/local/lib/gcc-lib/arm-elf/3.2.2/../../../../arm-elf/lib/libc.a(memset.o)
                              /usr/local/lib/gcc-lib/arm-elf/3.2.2/../../../../arm-elf/lib/libc.a(vfprintf.o) (memset)
/usr/local/lib/gcc-lib/arm-elf/3.2.2/../../../../arm-elf/lib/libc.a(mlock.o)
                              /usr/local/lib/gcc-lib/arm-elf/3.2.2/../../../../arm-elf/lib/libc.a(freer.o) (__malloc_lock)
/usr/local/lib/gcc-lib/arm-elf/3.2.2/../../../../arm-elf/lib/libc.a(mprec.o)
                              /usr/local/lib/gcc-lib/arm-elf/3.2.2/../../../../arm-elf/lib/libc.a(dtoa.o) (_Balloc)
/usr/local/lib/gcc-lib/arm-elf/3.2.2/../../../../arm-elf/lib/libc.a(reallocr.o)
                              /usr/local/lib/gcc-lib/arm-elf/3.2.2/../../../../arm-elf/lib/libc.a(fvwrite.o) (_realloc_r)
/usr/local/lib/gcc-lib/arm-elf/3.2.2/../../../../arm-elf/lib/libc.a(s_isinf.o)
                              /usr/local/lib/gcc-lib/arm-elf/3.2.2/../../../../arm-elf/lib/libc.a(vfprintf.o) (isinf)
/usr/local/lib/gcc-lib/arm-elf/3.2.2/../../../../arm-elf/lib/libc.a(s_isnan.o)
                              /usr/local/lib/gcc-lib/arm-elf/3.2.2/../../../../arm-elf/lib/libc.a(vfprintf.o) (isnan)
/usr/local/lib/gcc-lib/arm-elf/3.2.2/../../../../arm-elf/lib/libc.a(sbrkr.o)
                              /usr/local/lib/gcc-lib/arm-elf/3.2.2/../../../../arm-elf/lib/libc.a(freer.o) (_sbrk_r)
/usr/local/lib/gcc-lib/arm-elf/3.2.2/../../../../arm-elf/lib/libc.a(stdio.o)
                              /usr/local/lib/gcc-lib/arm-elf/3.2.2/../../../../arm-elf/lib/libc.a(findfp.o) (__sread)
/usr/local/lib/gcc-lib/arm-elf/3.2.2/../../../../arm-elf/lib/libc.a(strcmp.o)
                              /usr/local/lib/gcc-lib/arm-elf/3.2.2/../../../../arm-elf/lib/libc.a(wctomb_r.o) (strcmp)
/usr/local/lib/gcc-lib/arm-elf/3.2.2/../../../../arm-elf/lib/libc.a(strlen.o)
                              /usr/local/lib/gcc-lib/arm-elf/3.2.2/../../../../arm-elf/lib/libc.a(vfprintf.o) (strlen)
/usr/local/lib/gcc-lib/arm-elf/3.2.2/../../../../arm-elf/lib/libc.a(syscalls.o)
                              /usr/local/lib/gcc-lib/arm-elf/3.2.2/../../../../arm-elf/lib/libc.a(sbrkr.o) (_sbrk)
/usr/local/lib/gcc-lib/arm-elf/3.2.2/../../../../arm-elf/lib/libc.a(writer.o)
                              /usr/local/lib/gcc-lib/arm-elf/3.2.2/../../../../arm-elf/lib/libc.a(stdio.o) (_write_r)
/usr/local/lib/gcc-lib/arm-elf/3.2.2/../../../../arm-elf/lib/libc.a(callocr.o)
                              /usr/local/lib/gcc-lib/arm-elf/3.2.2/../../../../arm-elf/lib/libc.a(mprec.o) (_calloc_r)
/usr/local/lib/gcc-lib/arm-elf/3.2.2/../../../../arm-elf/lib/libc.a(closer.o)
                              /usr/local/lib/gcc-lib/arm-elf/3.2.2/../../../../arm-elf/lib/libc.a(stdio.o) (_close_r)
/usr/local/lib/gcc-lib/arm-elf/3.2.2/../../../../arm-elf/lib/libc.a(errno.o)
                              /usr/local/lib/gcc-lib/arm-elf/3.2.2/../../../../arm-elf/lib/libc.a(syscalls.o) (__errno)
/usr/local/lib/gcc-lib/arm-elf/3.2.2/../../../../arm-elf/lib/libc.a(fclose.o)
                              /usr/local/lib/gcc-lib/arm-elf/3.2.2/../../../../arm-elf/lib/libc.a(findfp.o) (fclose)
/usr/local/lib/gcc-lib/arm-elf/3.2.2/../../../../arm-elf/lib/libc.a(fstatr.o)
                              /usr/local/lib/gcc-lib/arm-elf/3.2.2/../../../../arm-elf/lib/libc.a(makebuf.o) (_fstat_r)
/usr/local/lib/gcc-lib/arm-elf/3.2.2/../../../../arm-elf/lib/libc.a(lseekr.o)
                              /usr/local/lib/gcc-lib/arm-elf/3.2.2/../../../../arm-elf/lib/libc.a(stdio.o) (_lseek_r)
/usr/local/lib/gcc-lib/arm-elf/3.2.2/../../../../arm-elf/lib/libc.a(readr.o)
                              /usr/local/lib/gcc-lib/arm-elf/3.2.2/../../../../arm-elf/lib/libc.a(stdio.o) (_read_r)
/usr/local/lib/gcc-lib/arm-elf/3.2.2/../../../../arm-elf/lib/libc.a(reent.o)
                              /usr/local/lib/gcc-lib/arm-elf/3.2.2/../../../../arm-elf/lib/libc.a(sbrkr.o) (errno)
/usr/local/lib/gcc-lib/arm-elf/3.2.2/libgcc.a(_udivsi3.o)
                              main.o (__udivsi3)
/usr/local/lib/gcc-lib/arm-elf/3.2.2/libgcc.a(_divsi3.o)
                              main.o (__divsi3)
/usr/local/lib/gcc-lib/arm-elf/3.2.2/libgcc.a(_modsi3.o)
                              main.o (__modsi3)
/usr/local/lib/gcc-lib/arm-elf/3.2.2/libgcc.a(_dvmd_tls.o)
                              /usr/local/lib/gcc-lib/arm-elf/3.2.2/libgcc.a(_udivsi3.o) (__div0)
/usr/local/lib/gcc-lib/arm-elf/3.2.2/libgcc.a(_addsub_df.o)
                              /usr/local/lib/gcc-lib/arm-elf/3.2.2/../../../../arm-elf/lib/libc.a(dtoa.o) (__adddf3)
/usr/local/lib/gcc-lib/arm-elf/3.2.2/libgcc.a(_mul_df.o)
                              /usr/local/lib/gcc-lib/arm-elf/3.2.2/../../../../arm-elf/lib/libc.a(dtoa.o) (__muldf3)
/usr/local/lib/gcc-lib/arm-elf/3.2.2/libgcc.a(_div_df.o)
                              /usr/local/lib/gcc-lib/arm-elf/3.2.2/../../../../arm-elf/lib/libc.a(dtoa.o) (__divdf3)
/usr/local/lib/gcc-lib/arm-elf/3.2.2/libgcc.a(_eq_df.o)
                              /usr/local/lib/gcc-lib/arm-elf/3.2.2/../../../../arm-elf/lib/libc.a(vfprintf.o) (__eqdf2)
/usr/local/lib/gcc-lib/arm-elf/3.2.2/libgcc.a(_ne_df.o)
                              /usr/local/lib/gcc-lib/arm-elf/3.2.2/../../../../arm-elf/lib/libc.a(vfprintf.o) (__nedf2)
/usr/local/lib/gcc-lib/arm-elf/3.2.2/libgcc.a(_gt_df.o)
                              /usr/local/lib/gcc-lib/arm-elf/3.2.2/../../../../arm-elf/lib/libc.a(dtoa.o) (__gtdf2)
/usr/local/lib/gcc-lib/arm-elf/3.2.2/libgcc.a(_ge_df.o)
                              /usr/local/lib/gcc-lib/arm-elf/3.2.2/../../../../arm-elf/lib/libc.a(dtoa.o) (__gedf2)
/usr/local/lib/gcc-lib/arm-elf/3.2.2/libgcc.a(_lt_df.o)
                              /usr/local/lib/gcc-lib/arm-elf/3.2.2/../../../../arm-elf/lib/libc.a(vfprintf.o) (__ltdf2)
/usr/local/lib/gcc-lib/arm-elf/3.2.2/libgcc.a(_si_to_df.o)
                              /usr/local/lib/gcc-lib/arm-elf/3.2.2/../../../../arm-elf/lib/libc.a(dtoa.o) (__floatsidf)
/usr/local/lib/gcc-lib/arm-elf/3.2.2/libgcc.a(_df_to_si.o)
                              /usr/local/lib/gcc-lib/arm-elf/3.2.2/../../../../arm-elf/lib/libc.a(dtoa.o) (__fixdfsi)
/usr/local/lib/gcc-lib/arm-elf/3.2.2/libgcc.a(_negate_df.o)
                              /usr/local/lib/gcc-lib/arm-elf/3.2.2/../../../../arm-elf/lib/libc.a(vfprintf.o) (__negdf2)
/usr/local/lib/gcc-lib/arm-elf/3.2.2/libgcc.a(_thenan_df.o)
                              /usr/local/lib/gcc-lib/arm-elf/3.2.2/libgcc.a(_addsub_df.o) (__thenan_df)
/usr/local/lib/gcc-lib/arm-elf/3.2.2/libgcc.a(_lshrdi3.o)
                              /usr/local/lib/gcc-lib/arm-elf/3.2.2/libgcc.a(_df_to_si.o) (__lshrdi3)
/usr/local/lib/gcc-lib/arm-elf/3.2.2/libgcc.a(_pack_df.o)
                              /usr/local/lib/gcc-lib/arm-elf/3.2.2/libgcc.a(_addsub_df.o) (__pack_d)
/usr/local/lib/gcc-lib/arm-elf/3.2.2/libgcc.a(_unpack_df.o)
                              /usr/local/lib/gcc-lib/arm-elf/3.2.2/libgcc.a(_addsub_df.o) (__unpack_d)
/usr/local/lib/gcc-lib/arm-elf/3.2.2/libgcc.a(_fpcmp_parts_df.o)
                              /usr/local/lib/gcc-lib/arm-elf/3.2.2/libgcc.a(_eq_df.o) (__fpcmp_parts_d)
/usr/local/lib/gcc-lib/arm-elf/3.2.2/libgcc.a(_ashldi3.o)
                              /usr/local/lib/gcc-lib/arm-elf/3.2.2/libgcc.a(_pack_df.o) (__ashldi3)

Allocating common symbols
Common symbol       size              file

errno               0x4               /usr/local/lib/gcc-lib/arm-elf/3.2.2/../../../../arm-elf/lib/libc.a(reent.o)
level               0x1               main.o
readBuf             0x2100            main.o

Memory Configuration

Name             Origin             Length             Attributes
rom              0x00000000         0x00200000
ram              0x10000000         0x0000e800
stack_ram        0x1000e800         0x00001800
*default*        0x00000000         0xffffffff

Linker script and memory map

LOAD start.o
LOAD main.o
START GROUP
LOAD /usr/local/lib/gcc-lib/arm-elf/3.2.2/../../../../arm-elf/lib/libc.a
LOAD /usr/local/lib/gcc-lib/arm-elf/3.2.2/libgcc.a
LOAD /usr/local/lib/gcc-lib/arm-elf/3.2.2/../../../../arm-elf/lib/libm.a
END GROUP
                0x00000000                . = 0x0

.text           0x00000000     0xcc38
 *(.vects)
 *(.text)
 .text          0x00000000      0x284 start.o
                0x000001e4                Enable_IRQ
                0x000001ac                Disable_IRQ
                0x000001c8                Disable_FIQ
                0x00000000                _start
 .text          0x00000284     0x2cb8 main.o
                0x00002778                IdRead
                0x000008a8                SingleOperation
                0x00000744                NandTest
                0x0000056c                UART_getch
                0x000004e0                UART_puts
                0x00000284                GPIO_OutputEnable
                0x0000029c                GPIO_Write
                0x00002068                DataRead
                0x00001314                Correctable
                0x000015f8                AutoEccWrTest
                0x00002444                NandInit
                0x00000a1c                EccTest
                0x00000960                CacheRead
                0x000005d8                DMACNoDescrp
                0x000024d0                Reset
                0x00002614                BlockErase
                0x000005b0                DMACDisable
                0x00000408                UART_putchhex32
                0x00000658                DMACUseDescrp
                0x00001e10                DataWrite
                0x00002bac                main
                0x0000068c                DMACMemCopy
                0x0000038c                UART_putchhex16
                0x000028a0                PageWrite
                0x000002c0                GPIO_Read
                0x000026c4                TwoPlaneBlockErase
                0x00002830                PageRead
                0x00002a7c                DmaWrite
                0x00002c0c                InitializeSDRCtrl
                0x00000594                DMACEnable
                0x000002d8                UART_Initial
                0x00000534                UART_printf
                0x00000848                ReadStatus
                0x00002cc0                SDR_Test
                0x0000291c                DmaRead
                0x0000033c                UART_putchhex
                0x0000031c                UART_putch
 .text          0x00002f3c       0xd4 /usr/local/lib/gcc-lib/arm-elf/3.2.2/../../../../arm-elf/lib/libc.a(vsnprintf.o)
                0x00002f3c                vsnprintf
                0x00002fac                _vsnprintf_r
 .text          0x00003010     0x1c14 /usr/local/lib/gcc-lib/arm-elf/3.2.2/../../../../arm-elf/lib/libc.a(vfprintf.o)
                0x00003128                _vfprintf_r
                0x000030f8                vfprintf
 .text          0x00004c24       0x7c /usr/local/lib/gcc-lib/arm-elf/3.2.2/../../../../arm-elf/lib/libc.a(wcrtomb.o)
                0x00004c24                _wcrtomb_r
                0x00004c70                wcrtomb
 .text          0x00004ca0      0x168 /usr/local/lib/gcc-lib/arm-elf/3.2.2/../../../../arm-elf/lib/libc.a(wcsrtombs.o)
                0x00004ca0                _wcsrtombs_r
                0x00004dc0                wcsrtombs
 .text          0x00004e08      0x390 /usr/local/lib/gcc-lib/arm-elf/3.2.2/../../../../arm-elf/lib/libc.a(wctomb_r.o)
                0x00004e08                _wctomb_r
 .text          0x00005198      0x104 /usr/local/lib/gcc-lib/arm-elf/3.2.2/../../../../arm-elf/lib/libc.a(wsetup.o)
                0x00005198                __swsetup
 .text          0x0000529c     0x1664 /usr/local/lib/gcc-lib/arm-elf/3.2.2/../../../../arm-elf/lib/libc.a(dtoa.o)
                0x000054b4                _dtoa_r
 .text          0x00006900       0xdc /usr/local/lib/gcc-lib/arm-elf/3.2.2/../../../../arm-elf/lib/libc.a(fflush.o)
                0x00006900                fflush
 .text          0x000069dc      0x2c0 /usr/local/lib/gcc-lib/arm-elf/3.2.2/../../../../arm-elf/lib/libc.a(findfp.o)
                0x00006bb0                __sinit
                0x00006a38                __sfmoreglue
                0x00006b98                _cleanup
                0x00006b84                _cleanup_r
                0x00006c44                __fp_lock_all
                0x00006c2c                __sfp_lock_acquire
                0x00006a9c                __sfp
                0x00006c70                __fp_unlock_all
                0x00006c30                __sfp_lock_release
 .text          0x00006c9c      0x36c /usr/local/lib/gcc-lib/arm-elf/3.2.2/../../../../arm-elf/lib/libc.a(freer.o)
                0x00006c9c                _free_r
                0x00006ef4                _malloc_trim_r
 .text          0x00007008      0x3c0 /usr/local/lib/gcc-lib/arm-elf/3.2.2/../../../../arm-elf/lib/libc.a(fvwrite.o)
                0x00007008                __sfvwrite
 .text          0x000073c8      0x158 /usr/local/lib/gcc-lib/arm-elf/3.2.2/../../../../arm-elf/lib/libc.a(fwalk.o)
                0x000074b8                _fwalk
                0x000074ec                _fwalk_reent
 .text          0x00007520       0xd8 /usr/local/lib/gcc-lib/arm-elf/3.2.2/../../../../arm-elf/lib/libc.a(locale.o)
                0x00007520                _setlocale_r
                0x0000759c                __locale_charset
                0x000075ac                _localeconv_r
                0x000075b8                setlocale
                0x000075e0                localeconv
 .text          0x000075f8      0x150 /usr/local/lib/gcc-lib/arm-elf/3.2.2/../../../../arm-elf/lib/libc.a(makebuf.o)
                0x000075f8                __smakebuf
 .text          0x00007748      0x680 /usr/local/lib/gcc-lib/arm-elf/3.2.2/../../../../arm-elf/lib/libc.a(mallocr.o)
                0x00007920                _malloc_r
 .text          0x00007dc8       0xd4 /usr/local/lib/gcc-lib/arm-elf/3.2.2/../../../../arm-elf/lib/libc.a(memchr.o)
                0x00007dc8                memchr
 .text          0x00007e9c       0x94 /usr/local/lib/gcc-lib/arm-elf/3.2.2/../../../../arm-elf/lib/libc.a(memcpy.o)
                0x00007e9c                memcpy
 .text          0x00007f30       0xd8 /usr/local/lib/gcc-lib/arm-elf/3.2.2/../../../../arm-elf/lib/libc.a(memmove.o)
                0x00007f30                memmove
 .text          0x00008008       0x7c /usr/local/lib/gcc-lib/arm-elf/3.2.2/../../../../arm-elf/lib/libc.a(memset.o)
                0x00008008                memset
 .text          0x00008084        0x8 /usr/local/lib/gcc-lib/arm-elf/3.2.2/../../../../arm-elf/lib/libc.a(mlock.o)
                0x00008088                __malloc_unlock
                0x00008084                __malloc_lock
 .text          0x0000808c      0xc1c /usr/local/lib/gcc-lib/arm-elf/3.2.2/../../../../arm-elf/lib/libc.a(mprec.o)
                0x00008c40                _mprec_log10
                0x000082e8                _hi0bits
                0x0000808c                _Balloc
                0x00008aa8                _d2b
                0x00008400                _multiply
                0x00008bc4                _ratio
                0x00008210                _s2b
                0x000083d8                _i2b
                0x00008344                _lo0bits
                0x000087ec                __mcmp
                0x00008614                _pow5mult
                0x00008980                _ulp
                0x000089f0                _b2d
                0x00008140                _multadd
                0x00008840                __mdiff
                0x00008700                _lshift
                0x00008120                _Bfree
 .text          0x00008ca8      0x4b8 /usr/local/lib/gcc-lib/arm-elf/3.2.2/../../../../arm-elf/lib/libc.a(reallocr.o)
                0x00008ca8                _realloc_r
 .text          0x00009160       0x2c /usr/local/lib/gcc-lib/arm-elf/3.2.2/../../../../arm-elf/lib/libc.a(s_isinf.o)
                0x00009160                isinf
 .text          0x0000918c       0x20 /usr/local/lib/gcc-lib/arm-elf/3.2.2/../../../../arm-elf/lib/libc.a(s_isnan.o)
                0x0000918c                isnan
 .text          0x000091ac       0x40 /usr/local/lib/gcc-lib/arm-elf/3.2.2/../../../../arm-elf/lib/libc.a(sbrkr.o)
                0x000091ac                _sbrk_r
 .text          0x000091ec      0x134 /usr/local/lib/gcc-lib/arm-elf/3.2.2/../../../../arm-elf/lib/libc.a(stdio.o)
                0x000092ac                __sseek
                0x000091ec                __sread
                0x00009300                __sclose
                0x00009240                __swrite
 .text          0x00009320       0xc0 /usr/local/lib/gcc-lib/arm-elf/3.2.2/../../../../arm-elf/lib/libc.a(strcmp.o)
                0x00009320                strcmp
 .text          0x000093e0       0x70 /usr/local/lib/gcc-lib/arm-elf/3.2.2/../../../../arm-elf/lib/libc.a(strlen.o)
                0x000093e0                strlen
 .text          0x00009450      0x83c /usr/local/lib/gcc-lib/arm-elf/3.2.2/../../../../arm-elf/lib/libc.a(syscalls.o)
                0x00009aac                _getpid
                0x0000957c                initialise_monitor_handles
                0x00009c3c                isatty
                0x00009b10                _fstat
                0x000099d8                _open
                0x00009ab4                _sbrk
                0x00009bb4                _raise
                0x00009c00                _times
                0x00009b48                _stat
                0x0000984c                _lseek
                0x00009ba4                _link
                0x00009864                _swiwrite
                0x00009c6c                _rename
                0x00009764                _swilseek
                0x000099f8                _swiclose
                0x00009924                _swiopen
                0x00009bac                _unlink
                0x000098ac                _write
                0x00009a84                _kill
                0x00009bb8                _gettimeofday
                0x000096f0                _read
                0x00009a60                _exit
                0x00009c44                _system
                0x000096a8                _swiread
                0x00009a48                _close
 .text          0x00009c8c       0x4c /usr/local/lib/gcc-lib/arm-elf/3.2.2/../../../../arm-elf/lib/libc.a(writer.o)
                0x00009c8c                _write_r
 .text          0x00009cd8       0x90 /usr/local/lib/gcc-lib/arm-elf/3.2.2/../../../../arm-elf/lib/libc.a(callocr.o)
                0x00009cd8                _calloc_r
 .text          0x00009d68       0x40 /usr/local/lib/gcc-lib/arm-elf/3.2.2/../../../../arm-elf/lib/libc.a(closer.o)
                0x00009d68                _close_r
 .text          0x00009da8       0x10 /usr/local/lib/gcc-lib/arm-elf/3.2.2/../../../../arm-elf/lib/libc.a(errno.o)
                0x00009da8                __errno
 .text          0x00009db8      0x134 /usr/local/lib/gcc-lib/arm-elf/3.2.2/../../../../arm-elf/lib/libc.a(fclose.o)
                0x00009db8                _fclose_r
                0x00009ecc                fclose
 .text          0x00009eec       0x48 /usr/local/lib/gcc-lib/arm-elf/3.2.2/../../../../arm-elf/lib/libc.a(fstatr.o)
                0x00009eec                _fstat_r
 .text          0x00009f34       0x4c /usr/local/lib/gcc-lib/arm-elf/3.2.2/../../../../arm-elf/lib/libc.a(lseekr.o)
                0x00009f34                _lseek_r
 .text          0x00009f80       0x4c /usr/local/lib/gcc-lib/arm-elf/3.2.2/../../../../arm-elf/lib/libc.a(readr.o)
                0x00009f80                _read_r
 .text          0x00009fcc      0x19c /usr/local/lib/gcc-lib/arm-elf/3.2.2/../../../../arm-elf/lib/libc.a(reent.o)
                0x00009fcc                cleanup_glue
                0x0000a004                _reclaim_reent
                0x0000a0f0                _wrapup_reent
 .text          0x0000a168       0x98 /usr/local/lib/gcc-lib/arm-elf/3.2.2/libgcc.a(_udivsi3.o)
                0x0000a168                __udivsi3
 .text          0x0000a200       0xb0 /usr/local/lib/gcc-lib/arm-elf/3.2.2/libgcc.a(_divsi3.o)
                0x0000a200                __divsi3
 .text          0x0000a2b0       0xd4 /usr/local/lib/gcc-lib/arm-elf/3.2.2/libgcc.a(_modsi3.o)
                0x0000a2b0                __modsi3
 .text          0x0000a384        0x4 /usr/local/lib/gcc-lib/arm-elf/3.2.2/libgcc.a(_dvmd_tls.o)
                0x0000a384                __div0
 .text          0x0000a388      0x44c /usr/local/lib/gcc-lib/arm-elf/3.2.2/libgcc.a(_addsub_df.o)
                0x0000a6c0                __adddf3
                0x0000a720                __subdf3
 .text          0x0000a7d4      0x454 /usr/local/lib/gcc-lib/arm-elf/3.2.2/libgcc.a(_mul_df.o)
                0x0000a7d4                __muldf3
 .text          0x0000ac28      0x30c /usr/local/lib/gcc-lib/arm-elf/3.2.2/libgcc.a(_div_df.o)
                0x0000ac28                __divdf3
 .text          0x0000af34       0x9c /usr/local/lib/gcc-lib/arm-elf/3.2.2/libgcc.a(_eq_df.o)
                0x0000af34                __eqdf2
 .text          0x0000afd0       0x9c /usr/local/lib/gcc-lib/arm-elf/3.2.2/libgcc.a(_ne_df.o)
                0x0000afd0                __nedf2
 .text          0x0000b06c       0x9c /usr/local/lib/gcc-lib/arm-elf/3.2.2/libgcc.a(_gt_df.o)
                0x0000b06c                __gtdf2
 .text          0x0000b108       0x9c /usr/local/lib/gcc-lib/arm-elf/3.2.2/libgcc.a(_ge_df.o)
                0x0000b108                __gedf2
 .text          0x0000b1a4       0x9c /usr/local/lib/gcc-lib/arm-elf/3.2.2/libgcc.a(_lt_df.o)
                0x0000b1a4                __ltdf2
 .text          0x0000b240       0xc0 /usr/local/lib/gcc-lib/arm-elf/3.2.2/libgcc.a(_si_to_df.o)
                0x0000b240                __floatsidf
 .text          0x0000b300       0xf0 /usr/local/lib/gcc-lib/arm-elf/3.2.2/libgcc.a(_df_to_si.o)
                0x0000b300                __fixdfsi
 .text          0x0000b3f0       0x5c /usr/local/lib/gcc-lib/arm-elf/3.2.2/libgcc.a(_negate_df.o)
                0x0000b3f0                __negdf2
 .text          0x0000b44c       0x50 /usr/local/lib/gcc-lib/arm-elf/3.2.2/libgcc.a(_lshrdi3.o)
                0x0000b44c                __lshrdi3
 .text          0x0000b49c      0x294 /usr/local/lib/gcc-lib/arm-elf/3.2.2/libgcc.a(_pack_df.o)
                0x0000b49c                __pack_d
 .text          0x0000b730      0x140 /usr/local/lib/gcc-lib/arm-elf/3.2.2/libgcc.a(_unpack_df.o)
                0x0000b730                __unpack_d
 .text          0x0000b870      0x1b8 /usr/local/lib/gcc-lib/arm-elf/3.2.2/libgcc.a(_fpcmp_parts_df.o)
                0x0000b870                __fpcmp_parts_d
 .text          0x0000ba28       0x50 /usr/local/lib/gcc-lib/arm-elf/3.2.2/libgcc.a(_ashldi3.o)
                0x0000ba28                __ashldi3
 *(.stub)
 *(.rodata)
 .rodata        0x0000ba78        0x4 /usr/local/lib/gcc-lib/arm-elf/3.2.2/../../../../arm-elf/lib/libc.a(impure.o)
                0x0000ba78                _global_impure_ptr
 .rodata        0x0000ba7c       0x20 /usr/local/lib/gcc-lib/arm-elf/3.2.2/../../../../arm-elf/lib/libc.a(vfprintf.o)
 .rodata        0x0000ba9c       0x30 /usr/local/lib/gcc-lib/arm-elf/3.2.2/../../../../arm-elf/lib/libc.a(locale.o)
 .rodata        0x0000bacc      0x124 /usr/local/lib/gcc-lib/arm-elf/3.2.2/../../../../arm-elf/lib/libc.a(mprec.o)
                0x0000bbc8                __mprec_tinytens
                0x0000bad8                __mprec_tens
                0x0000bba0                __mprec_bigtens
 .rodata        0x0000bbf0       0x14 /usr/local/lib/gcc-lib/arm-elf/3.2.2/libgcc.a(_thenan_df.o)
                0x0000bbf0                __thenan_df
 *(.rodata1)
 *(.rodata.str1.4)
 .rodata.str1.4
                0x0000bc04      0xf9c main.o
                                0xfa8 (size before relaxing)
 .rodata.str1.4
                0x0000cba0        0x2 /usr/local/lib/gcc-lib/arm-elf/3.2.2/../../../../arm-elf/lib/libc.a(impure.o)
                                  0x4 (size before relaxing)
 *fill*         0x0000cba2        0x2 00
 .rodata.str1.4
                0x0000cba4       0x55 /usr/local/lib/gcc-lib/arm-elf/3.2.2/../../../../arm-elf/lib/libc.a(vfprintf.o)
                                 0x5c (size before relaxing)
 *fill*         0x0000cbf9        0x3 00
 .rodata.str1.4
                0x0000cbfc       0x1e /usr/local/lib/gcc-lib/arm-elf/3.2.2/../../../../arm-elf/lib/libc.a(wctomb_r.o)
                                 0x20 (size before relaxing)
 *fill*         0x0000cc1a        0x2 00
 .rodata.str1.4
                0x0000cc1c        0x9 /usr/local/lib/gcc-lib/arm-elf/3.2.2/../../../../arm-elf/lib/libc.a(dtoa.o)
                                 0x14 (size before relaxing)
 *fill*         0x0000cc25        0x3 00
 .rodata.str1.4
                0x0000cc28        0xb /usr/local/lib/gcc-lib/arm-elf/3.2.2/../../../../arm-elf/lib/libc.a(locale.o)
                                 0x18 (size before relaxing)
 *fill*         0x0000cc33        0x1 00
 .rodata.str1.4
                0x0000cc34        0x4 /usr/local/lib/gcc-lib/arm-elf/3.2.2/../../../../arm-elf/lib/libc.a(syscalls.o)
 *(.glue_7t)
 *(.glue_7)
                0x0000cc38                ___ctors = .
 *(.ctors)
                0x0000cc38                ___ctors_end = .
                0x0000cc38                ___dtors = .
 *(.dtors)
                0x0000cc38                ___dtors_end = .
                0x0000cc38                _etext = .
                0x0000cc38                . = ALIGN (0x4)
                0x0000cc38                ___shadow_data = .
                0x0000cc38                PROVIDE (etext, .)
                0x0000cc38                PROVIDE (___shadow_data, .)
                0x0000cc38                _erodata = .
                0x0000cc38                _data = .

.data           0x10000000      0x880 load address 0x0000cc38
                0x10000000                . = ALIGN (0x4)
                0x10000000                _data_reload = .
                0x10000000                PROVIDE (___data_reload, .)
 *(.data)
 .data          0x10000000       0x10 main.o
                0x10000004                rnum
                0x10000000                bufCnt
                0x10000008                wnum
 .data          0x10000010      0x404 /usr/local/lib/gcc-lib/arm-elf/3.2.2/../../../../arm-elf/lib/libc.a(impure.o)
                0x10000410                _impure_ptr
 .data          0x10000414        0x4 /usr/local/lib/gcc-lib/arm-elf/3.2.2/../../../../arm-elf/lib/libc.a(findfp.o)
 .data          0x10000418       0x20 /usr/local/lib/gcc-lib/arm-elf/3.2.2/../../../../arm-elf/lib/libc.a(locale.o)
                0x10000418                __mb_cur_max
                0x1000042c                __lc_ctype
                0x1000041c                __nlocale_changed
                0x10000420                __mlocale_changed
                0x10000424                _PathLocale
 .data          0x10000438      0x444 /usr/local/lib/gcc-lib/arm-elf/3.2.2/../../../../arm-elf/lib/libc.a(mallocr.o)
                0x10000844                __malloc_top_pad
                0x1000084c                __malloc_max_sbrked_mem
                0x10000848                __malloc_sbrk_base
                0x10000854                __malloc_current_mallinfo
                0x10000438                __malloc_av_
                0x10000850                __malloc_max_total_mem
                0x10000840                __malloc_trim_threshold
 .data          0x1000087c        0x4 /usr/local/lib/gcc-lib/arm-elf/3.2.2/../../../../arm-elf/lib/libc.a(mlock.o)
 *(.sdata)
                0x10000880                . = ALIGN (0x4)
                0x10000880                _edata = .
                0x10000880                PROVIDE (edata, .)

.bss            0x10000880     0x41e4
                0x10000880                . = ALIGN (0x4)
                0x10000880                __bss_start = .
 *(.dynbss)
 *(.bss)
 .bss           0x10000880     0x2000 main.o
 .bss           0x10002880       0xb4 /usr/local/lib/gcc-lib/arm-elf/3.2.2/../../../../arm-elf/lib/libc.a(syscalls.o)
 *(COMMON)
 *fill*         0x10002934        0xc 00
 COMMON         0x10002940     0x2120 main.o
                                  0x0 (size before relaxing)
                0x10002940                level
                0x10002960                readBuf
 COMMON         0x10004a60        0x4 /usr/local/lib/gcc-lib/arm-elf/3.2.2/../../../../arm-elf/lib/libc.a(reent.o)
                                  0x0 (size before relaxing)
                0x10004a60                errno
                0x10004a64                . = ALIGN (0x4)
                0x10004a64                __bss_end = .

.stack          0x1000e800     0x1800
 *(.stack)
                0x1000f000                . = (. + 0x800)
 *fill*         0x1000e800      0x800 00
                0x1000f000                _stack = .
                0x1000f800                . = (. + 0x800)
 *fill*         0x1000f000      0x800 00
                0x1000f800                _irq_stack = .
                0x10010000                . = (. + 0x800)
 *fill*         0x1000f800      0x800 00
                0x10010000                _svc_stack = .
                0x10010000                _end = .
                0x10010000                PROVIDE (end, .)

.stab
 *(.stab)

.stabstr
 *(.stabstr)

.stab.excl
 *(.stab.excl)

.stab.exclstr
 *(.stab.exclstr)

.stab.index
 *(.stab.index)

.stab.indexstr
 *(.stab.indexstr)

.comment        0x00000000      0x402
 *(.comment)
 .comment       0x00000000       0x12 main.o
 .comment       0x00000012       0x12 /usr/local/lib/gcc-lib/arm-elf/3.2.2/../../../../arm-elf/lib/libc.a(vsnprintf.o)
 .comment       0x00000024       0x12 /usr/local/lib/gcc-lib/arm-elf/3.2.2/../../../../arm-elf/lib/libc.a(impure.o)
 .comment       0x00000036       0x12 /usr/local/lib/gcc-lib/arm-elf/3.2.2/../../../../arm-elf/lib/libc.a(vfprintf.o)
 .comment       0x00000048       0x12 /usr/local/lib/gcc-lib/arm-elf/3.2.2/../../../../arm-elf/lib/libc.a(wcrtomb.o)
 .comment       0x0000005a       0x12 /usr/local/lib/gcc-lib/arm-elf/3.2.2/../../../../arm-elf/lib/libc.a(wcsrtombs.o)
 .comment       0x0000006c       0x12 /usr/local/lib/gcc-lib/arm-elf/3.2.2/../../../../arm-elf/lib/libc.a(wctomb_r.o)
 .comment       0x0000007e       0x12 /usr/local/lib/gcc-lib/arm-elf/3.2.2/../../../../arm-elf/lib/libc.a(wsetup.o)
 .comment       0x00000090       0x12 /usr/local/lib/gcc-lib/arm-elf/3.2.2/../../../../arm-elf/lib/libc.a(dtoa.o)
 .comment       0x000000a2       0x12 /usr/local/lib/gcc-lib/arm-elf/3.2.2/../../../../arm-elf/lib/libc.a(fflush.o)
 .comment       0x000000b4       0x12 /usr/local/lib/gcc-lib/arm-elf/3.2.2/../../../../arm-elf/lib/libc.a(findfp.o)
 .comment       0x000000c6       0x12 /usr/local/lib/gcc-lib/arm-elf/3.2.2/../../../../arm-elf/lib/libc.a(freer.o)
 .comment       0x000000d8       0x12 /usr/local/lib/gcc-lib/arm-elf/3.2.2/../../../../arm-elf/lib/libc.a(fvwrite.o)
 .comment       0x000000ea       0x12 /usr/local/lib/gcc-lib/arm-elf/3.2.2/../../../../arm-elf/lib/libc.a(fwalk.o)
 .comment       0x000000fc       0x12 /usr/local/lib/gcc-lib/arm-elf/3.2.2/../../../../arm-elf/lib/libc.a(locale.o)
 .comment       0x0000010e       0x12 /usr/local/lib/gcc-lib/arm-elf/3.2.2/../../../../arm-elf/lib/libc.a(makebuf.o)
 .comment       0x00000120       0x12 /usr/local/lib/gcc-lib/arm-elf/3.2.2/../../../../arm-elf/lib/libc.a(mallocr.o)
 .comment       0x00000132       0x12 /usr/local/lib/gcc-lib/arm-elf/3.2.2/../../../../arm-elf/lib/libc.a(memchr.o)
 .comment       0x00000144       0x12 /usr/local/lib/gcc-lib/arm-elf/3.2.2/../../../../arm-elf/lib/libc.a(memcpy.o)
 .comment       0x00000156       0x12 /usr/local/lib/gcc-lib/arm-elf/3.2.2/../../../../arm-elf/lib/libc.a(memmove.o)
 .comment       0x00000168       0x12 /usr/local/lib/gcc-lib/arm-elf/3.2.2/../../../../arm-elf/lib/libc.a(memset.o)
 .comment       0x0000017a       0x12 /usr/local/lib/gcc-lib/arm-elf/3.2.2/../../../../arm-elf/lib/libc.a(mlock.o)
 .comment       0x0000018c       0x12 /usr/local/lib/gcc-lib/arm-elf/3.2.2/../../../../arm-elf/lib/libc.a(mprec.o)
 .comment       0x0000019e       0x12 /usr/local/lib/gcc-lib/arm-elf/3.2.2/../../../../arm-elf/lib/libc.a(reallocr.o)
 .comment       0x000001b0       0x12 /usr/local/lib/gcc-lib/arm-elf/3.2.2/../../../../arm-elf/lib/libc.a(s_isinf.o)
 .comment       0x000001c2       0x12 /usr/local/lib/gcc-lib/arm-elf/3.2.2/../../../../arm-elf/lib/libc.a(s_isnan.o)
 .comment       0x000001d4       0x12 /usr/local/lib/gcc-lib/arm-elf/3.2.2/../../../../arm-elf/lib/libc.a(sbrkr.o)
 .comment       0x000001e6       0x12 /usr/local/lib/gcc-lib/arm-elf/3.2.2/../../../../arm-elf/lib/libc.a(stdio.o)
 .comment       0x000001f8       0x12 /usr/local/lib/gcc-lib/arm-elf/3.2.2/../../../../arm-elf/lib/libc.a(strcmp.o)
 .comment       0x0000020a       0x12 /usr/local/lib/gcc-lib/arm-elf/3.2.2/../../../../arm-elf/lib/libc.a(strlen.o)
 .comment       0x0000021c       0x12 /usr/local/lib/gcc-lib/arm-elf/3.2.2/../../../../arm-elf/lib/libc.a(syscalls.o)
 .comment       0x0000022e       0x12 /usr/local/lib/gcc-lib/arm-elf/3.2.2/../../../../arm-elf/lib/libc.a(writer.o)
 .comment       0x00000240       0x12 /usr/local/lib/gcc-lib/arm-elf/3.2.2/../../../../arm-elf/lib/libc.a(callocr.o)
 .comment       0x00000252       0x12 /usr/local/lib/gcc-lib/arm-elf/3.2.2/../../../../arm-elf/lib/libc.a(closer.o)
 .comment       0x00000264       0x12 /usr/local/lib/gcc-lib/arm-elf/3.2.2/../../../../arm-elf/lib/libc.a(errno.o)
 .comment       0x00000276       0x12 /usr/local/lib/gcc-lib/arm-elf/3.2.2/../../../../arm-elf/lib/libc.a(fclose.o)
 .comment       0x00000288       0x12 /usr/local/lib/gcc-lib/arm-elf/3.2.2/../../../../arm-elf/lib/libc.a(fstatr.o)
 .comment       0x0000029a       0x12 /usr/local/lib/gcc-lib/arm-elf/3.2.2/../../../../arm-elf/lib/libc.a(lseekr.o)
 .comment       0x000002ac       0x12 /usr/local/lib/gcc-lib/arm-elf/3.2.2/../../../../arm-elf/lib/libc.a(readr.o)
 .comment       0x000002be       0x12 /usr/local/lib/gcc-lib/arm-elf/3.2.2/../../../../arm-elf/lib/libc.a(reent.o)
 .comment       0x000002d0       0x12 /usr/local/lib/gcc-lib/arm-elf/3.2.2/libgcc.a(_addsub_df.o)
 .comment       0x000002e2       0x12 /usr/local/lib/gcc-lib/arm-elf/3.2.2/libgcc.a(_mul_df.o)
 .comment       0x000002f4       0x12 /usr/local/lib/gcc-lib/arm-elf/3.2.2/libgcc.a(_div_df.o)
 .comment       0x00000306       0x12 /usr/local/lib/gcc-lib/arm-elf/3.2.2/libgcc.a(_eq_df.o)
 .comment       0x00000318       0x12 /usr/local/lib/gcc-lib/arm-elf/3.2.2/libgcc.a(_ne_df.o)
 .comment       0x0000032a       0x12 /usr/local/lib/gcc-lib/arm-elf/3.2.2/libgcc.a(_gt_df.o)
 .comment       0x0000033c       0x12 /usr/local/lib/gcc-lib/arm-elf/3.2.2/libgcc.a(_ge_df.o)
 .comment       0x0000034e       0x12 /usr/local/lib/gcc-lib/arm-elf/3.2.2/libgcc.a(_lt_df.o)
 .comment       0x00000360       0x12 /usr/local/lib/gcc-lib/arm-elf/3.2.2/libgcc.a(_si_to_df.o)
 .comment       0x00000372       0x12 /usr/local/lib/gcc-lib/arm-elf/3.2.2/libgcc.a(_df_to_si.o)
 .comment       0x00000384       0x12 /usr/local/lib/gcc-lib/arm-elf/3.2.2/libgcc.a(_negate_df.o)
 .comment       0x00000396       0x12 /usr/local/lib/gcc-lib/arm-elf/3.2.2/libgcc.a(_thenan_df.o)
 .comment       0x000003a8       0x12 /usr/local/lib/gcc-lib/arm-elf/3.2.2/libgcc.a(_lshrdi3.o)
 .comment       0x000003ba       0x12 /usr/local/lib/gcc-lib/arm-elf/3.2.2/libgcc.a(_pack_df.o)
 .comment       0x000003cc       0x12 /usr/local/lib/gcc-lib/arm-elf/3.2.2/libgcc.a(_unpack_df.o)
 .comment       0x000003de       0x12 /usr/local/lib/gcc-lib/arm-elf/3.2.2/libgcc.a(_fpcmp_parts_df.o)
 .comment       0x000003f0       0x12 /usr/local/lib/gcc-lib/arm-elf/3.2.2/libgcc.a(_ashldi3.o)

.debug
 *(.debug)

.line
 *(.line)

.debug_srcinfo
 *(.debug_srcinfo)

.debug_sfnames
 *(.debug_sfnames)

.debug_aranges  0x00000000      0x6c0
 *(.debug_aranges)
 .debug_aranges
                0x00000000       0x20 /usr/local/lib/gcc-lib/arm-elf/3.2.2/../../../../arm-elf/lib/libc.a(vsnprintf.o)
 .debug_aranges
                0x00000020       0x20 /usr/local/lib/gcc-lib/arm-elf/3.2.2/../../../../arm-elf/lib/libc.a(vfprintf.o)
 .debug_aranges
                0x00000040       0x20 /usr/local/lib/gcc-lib/arm-elf/3.2.2/../../../../arm-elf/lib/libc.a(wcrtomb.o)
 .debug_aranges
                0x00000060       0x20 /usr/local/lib/gcc-lib/arm-elf/3.2.2/../../../../arm-elf/lib/libc.a(wcsrtombs.o)
 .debug_aranges
                0x00000080       0x20 /usr/local/lib/gcc-lib/arm-elf/3.2.2/../../../../arm-elf/lib/libc.a(wctomb_r.o)
 .debug_aranges
                0x000000a0       0x20 /usr/local/lib/gcc-lib/arm-elf/3.2.2/../../../../arm-elf/lib/libc.a(wsetup.o)
 .debug_aranges
                0x000000c0       0x20 /usr/local/lib/gcc-lib/arm-elf/3.2.2/../../../../arm-elf/lib/libc.a(dtoa.o)
 .debug_aranges
                0x000000e0       0x20 /usr/local/lib/gcc-lib/arm-elf/3.2.2/../../../../arm-elf/lib/libc.a(fflush.o)
 .debug_aranges
                0x00000100       0x20 /usr/local/lib/gcc-lib/arm-elf/3.2.2/../../../../arm-elf/lib/libc.a(findfp.o)
 .debug_aranges
                0x00000120       0x20 /usr/local/lib/gcc-lib/arm-elf/3.2.2/../../../../arm-elf/lib/libc.a(freer.o)
 .debug_aranges
                0x00000140       0x20 /usr/local/lib/gcc-lib/arm-elf/3.2.2/../../../../arm-elf/lib/libc.a(fvwrite.o)
 .debug_aranges
                0x00000160       0x20 /usr/local/lib/gcc-lib/arm-elf/3.2.2/../../../../arm-elf/lib/libc.a(fwalk.o)
 .debug_aranges
                0x00000180       0x20 /usr/local/lib/gcc-lib/arm-elf/3.2.2/../../../../arm-elf/lib/libc.a(locale.o)
 .debug_aranges
                0x000001a0       0x20 /usr/local/lib/gcc-lib/arm-elf/3.2.2/../../../../arm-elf/lib/libc.a(makebuf.o)
 .debug_aranges
                0x000001c0       0x20 /usr/local/lib/gcc-lib/arm-elf/3.2.2/../../../../arm-elf/lib/libc.a(mallocr.o)
 .debug_aranges
                0x000001e0       0x20 /usr/local/lib/gcc-lib/arm-elf/3.2.2/../../../../arm-elf/lib/libc.a(memchr.o)
 .debug_aranges
                0x00000200       0x20 /usr/local/lib/gcc-lib/arm-elf/3.2.2/../../../../arm-elf/lib/libc.a(memcpy.o)
 .debug_aranges
                0x00000220       0x20 /usr/local/lib/gcc-lib/arm-elf/3.2.2/../../../../arm-elf/lib/libc.a(memmove.o)
 .debug_aranges
                0x00000240       0x20 /usr/local/lib/gcc-lib/arm-elf/3.2.2/../../../../arm-elf/lib/libc.a(memset.o)
 .debug_aranges
                0x00000260       0x20 /usr/local/lib/gcc-lib/arm-elf/3.2.2/../../../../arm-elf/lib/libc.a(mlock.o)
 .debug_aranges
                0x00000280       0x20 /usr/local/lib/gcc-lib/arm-elf/3.2.2/../../../../arm-elf/lib/libc.a(mprec.o)
 .debug_aranges
                0x000002a0       0x20 /usr/local/lib/gcc-lib/arm-elf/3.2.2/../../../../arm-elf/lib/libc.a(reallocr.o)
 .debug_aranges
                0x000002c0       0x20 /usr/local/lib/gcc-lib/arm-elf/3.2.2/../../../../arm-elf/lib/libc.a(s_isinf.o)
 .debug_aranges
                0x000002e0       0x20 /usr/local/lib/gcc-lib/arm-elf/3.2.2/../../../../arm-elf/lib/libc.a(s_isnan.o)
 .debug_aranges
                0x00000300       0x20 /usr/local/lib/gcc-lib/arm-elf/3.2.2/../../../../arm-elf/lib/libc.a(sbrkr.o)
 .debug_aranges
                0x00000320       0x20 /usr/local/lib/gcc-lib/arm-elf/3.2.2/../../../../arm-elf/lib/libc.a(stdio.o)
 .debug_aranges
                0x00000340       0x20 /usr/local/lib/gcc-lib/arm-elf/3.2.2/../../../../arm-elf/lib/libc.a(strcmp.o)
 .debug_aranges
                0x00000360       0x20 /usr/local/lib/gcc-lib/arm-elf/3.2.2/../../../../arm-elf/lib/libc.a(strlen.o)
 .debug_aranges
                0x00000380       0x20 /usr/local/lib/gcc-lib/arm-elf/3.2.2/../../../../arm-elf/lib/libc.a(syscalls.o)
 .debug_aranges
                0x000003a0       0x20 /usr/local/lib/gcc-lib/arm-elf/3.2.2/../../../../arm-elf/lib/libc.a(writer.o)
 .debug_aranges
                0x000003c0       0x20 /usr/local/lib/gcc-lib/arm-elf/3.2.2/../../../../arm-elf/lib/libc.a(callocr.o)
 .debug_aranges
                0x000003e0       0x20 /usr/local/lib/gcc-lib/arm-elf/3.2.2/../../../../arm-elf/lib/libc.a(closer.o)
 .debug_aranges
                0x00000400       0x20 /usr/local/lib/gcc-lib/arm-elf/3.2.2/../../../../arm-elf/lib/libc.a(errno.o)
 .debug_aranges
                0x00000420       0x20 /usr/local/lib/gcc-lib/arm-elf/3.2.2/../../../../arm-elf/lib/libc.a(fclose.o)
 .debug_aranges
                0x00000440       0x20 /usr/local/lib/gcc-lib/arm-elf/3.2.2/../../../../arm-elf/lib/libc.a(fstatr.o)
 .debug_aranges
                0x00000460       0x20 /usr/local/lib/gcc-lib/arm-elf/3.2.2/../../../../arm-elf/lib/libc.a(lseekr.o)
 .debug_aranges
                0x00000480       0x20 /usr/local/lib/gcc-lib/arm-elf/3.2.2/../../../../arm-elf/lib/libc.a(readr.o)
 .debug_aranges
                0x000004a0       0x20 /usr/local/lib/gcc-lib/arm-elf/3.2.2/../../../../arm-elf/lib/libc.a(reent.o)
 .debug_aranges
                0x000004c0       0x20 /usr/local/lib/gcc-lib/arm-elf/3.2.2/libgcc.a(_addsub_df.o)
 .debug_aranges
                0x000004e0       0x20 /usr/local/lib/gcc-lib/arm-elf/3.2.2/libgcc.a(_mul_df.o)
 .debug_aranges
                0x00000500       0x20 /usr/local/lib/gcc-lib/arm-elf/3.2.2/libgcc.a(_div_df.o)
 .debug_aranges
                0x00000520       0x20 /usr/local/lib/gcc-lib/arm-elf/3.2.2/libgcc.a(_eq_df.o)
 .debug_aranges
                0x00000540       0x20 /usr/local/lib/gcc-lib/arm-elf/3.2.2/libgcc.a(_ne_df.o)
 .debug_aranges
                0x00000560       0x20 /usr/local/lib/gcc-lib/arm-elf/3.2.2/libgcc.a(_gt_df.o)
 .debug_aranges
                0x00000580       0x20 /usr/local/lib/gcc-lib/arm-elf/3.2.2/libgcc.a(_ge_df.o)
 .debug_aranges
                0x000005a0       0x20 /usr/local/lib/gcc-lib/arm-elf/3.2.2/libgcc.a(_lt_df.o)
 .debug_aranges
                0x000005c0       0x20 /usr/local/lib/gcc-lib/arm-elf/3.2.2/libgcc.a(_si_to_df.o)
 .debug_aranges
                0x000005e0       0x20 /usr/local/lib/gcc-lib/arm-elf/3.2.2/libgcc.a(_df_to_si.o)
 .debug_aranges
                0x00000600       0x20 /usr/local/lib/gcc-lib/arm-elf/3.2.2/libgcc.a(_negate_df.o)
 .debug_aranges
                0x00000620       0x20 /usr/local/lib/gcc-lib/arm-elf/3.2.2/libgcc.a(_lshrdi3.o)
 .debug_aranges
                0x00000640       0x20 /usr/local/lib/gcc-lib/arm-elf/3.2.2/libgcc.a(_pack_df.o)
 .debug_aranges
                0x00000660       0x20 /usr/local/lib/gcc-lib/arm-elf/3.2.2/libgcc.a(_unpack_df.o)
 .debug_aranges
                0x00000680       0x20 /usr/local/lib/gcc-lib/arm-elf/3.2.2/libgcc.a(_fpcmp_parts_df.o)
 .debug_aranges
                0x000006a0       0x20 /usr/local/lib/gcc-lib/arm-elf/3.2.2/libgcc.a(_ashldi3.o)

.debug_pubnames
                0x00000000      0xbc9
 *(.debug_pubnames)
 .debug_pubnames
                0x00000000       0x31 /usr/local/lib/gcc-lib/arm-elf/3.2.2/../../../../arm-elf/lib/libc.a(vsnprintf.o)
 .debug_pubnames
                0x00000031       0x39 /usr/local/lib/gcc-lib/arm-elf/3.2.2/../../../../arm-elf/lib/libc.a(impure.o)
 .debug_pubnames
                0x0000006a       0x2f /usr/local/lib/gcc-lib/arm-elf/3.2.2/../../../../arm-elf/lib/libc.a(vfprintf.o)
 .debug_pubnames
                0x00000099       0x2d /usr/local/lib/gcc-lib/arm-elf/3.2.2/../../../../arm-elf/lib/libc.a(wcrtomb.o)
 .debug_pubnames
                0x000000c6       0x31 /usr/local/lib/gcc-lib/arm-elf/3.2.2/../../../../arm-elf/lib/libc.a(wcsrtombs.o)
 .debug_pubnames
                0x000000f7       0x20 /usr/local/lib/gcc-lib/arm-elf/3.2.2/../../../../arm-elf/lib/libc.a(wctomb_r.o)
 .debug_pubnames
                0x00000117       0x20 /usr/local/lib/gcc-lib/arm-elf/3.2.2/../../../../arm-elf/lib/libc.a(wsetup.o)
 .debug_pubnames
                0x00000137       0x1e /usr/local/lib/gcc-lib/arm-elf/3.2.2/../../../../arm-elf/lib/libc.a(dtoa.o)
 .debug_pubnames
                0x00000155       0x1d /usr/local/lib/gcc-lib/arm-elf/3.2.2/../../../../arm-elf/lib/libc.a(fflush.o)
 .debug_pubnames
                0x00000172       0xa9 /usr/local/lib/gcc-lib/arm-elf/3.2.2/../../../../arm-elf/lib/libc.a(findfp.o)
 .debug_pubnames
                0x0000021b       0x31 /usr/local/lib/gcc-lib/arm-elf/3.2.2/../../../../arm-elf/lib/libc.a(freer.o)
 .debug_pubnames
                0x0000024c       0x21 /usr/local/lib/gcc-lib/arm-elf/3.2.2/../../../../arm-elf/lib/libc.a(fvwrite.o)
 .debug_pubnames
                0x0000026d       0x2e /usr/local/lib/gcc-lib/arm-elf/3.2.2/../../../../arm-elf/lib/libc.a(fwalk.o)
 .debug_pubnames
                0x0000029b       0xc3 /usr/local/lib/gcc-lib/arm-elf/3.2.2/../../../../arm-elf/lib/libc.a(locale.o)
 .debug_pubnames
                0x0000035e       0x21 /usr/local/lib/gcc-lib/arm-elf/3.2.2/../../../../arm-elf/lib/libc.a(makebuf.o)
 .debug_pubnames
                0x0000037f       0xce /usr/local/lib/gcc-lib/arm-elf/3.2.2/../../../../arm-elf/lib/libc.a(mallocr.o)
 .debug_pubnames
                0x0000044d       0x1d /usr/local/lib/gcc-lib/arm-elf/3.2.2/../../../../arm-elf/lib/libc.a(memchr.o)
 .debug_pubnames
                0x0000046a       0x1d /usr/local/lib/gcc-lib/arm-elf/3.2.2/../../../../arm-elf/lib/libc.a(memcpy.o)
 .debug_pubnames
                0x00000487       0x1e /usr/local/lib/gcc-lib/arm-elf/3.2.2/../../../../arm-elf/lib/libc.a(memmove.o)
 .debug_pubnames
                0x000004a5       0x1d /usr/local/lib/gcc-lib/arm-elf/3.2.2/../../../../arm-elf/lib/libc.a(memset.o)
 .debug_pubnames
                0x000004c2       0x38 /usr/local/lib/gcc-lib/arm-elf/3.2.2/../../../../arm-elf/lib/libc.a(mlock.o)
 .debug_pubnames
                0x000004fa      0x112 /usr/local/lib/gcc-lib/arm-elf/3.2.2/../../../../arm-elf/lib/libc.a(mprec.o)
 .debug_pubnames
                0x0000060c       0x21 /usr/local/lib/gcc-lib/arm-elf/3.2.2/../../../../arm-elf/lib/libc.a(reallocr.o)
 .debug_pubnames
                0x0000062d       0x1c /usr/local/lib/gcc-lib/arm-elf/3.2.2/../../../../arm-elf/lib/libc.a(s_isinf.o)
 .debug_pubnames
                0x00000649       0x1c /usr/local/lib/gcc-lib/arm-elf/3.2.2/../../../../arm-elf/lib/libc.a(s_isnan.o)
 .debug_pubnames
                0x00000665       0x1e /usr/local/lib/gcc-lib/arm-elf/3.2.2/../../../../arm-elf/lib/libc.a(sbrkr.o)
 .debug_pubnames
                0x00000683       0x44 /usr/local/lib/gcc-lib/arm-elf/3.2.2/../../../../arm-elf/lib/libc.a(stdio.o)
 .debug_pubnames
                0x000006c7       0x1d /usr/local/lib/gcc-lib/arm-elf/3.2.2/../../../../arm-elf/lib/libc.a(strcmp.o)
 .debug_pubnames
                0x000006e4       0x1d /usr/local/lib/gcc-lib/arm-elf/3.2.2/../../../../arm-elf/lib/libc.a(strlen.o)
 .debug_pubnames
                0x00000701      0x14a /usr/local/lib/gcc-lib/arm-elf/3.2.2/../../../../arm-elf/lib/libc.a(syscalls.o)
 .debug_pubnames
                0x0000084b       0x1f /usr/local/lib/gcc-lib/arm-elf/3.2.2/../../../../arm-elf/lib/libc.a(writer.o)
 .debug_pubnames
                0x0000086a       0x20 /usr/local/lib/gcc-lib/arm-elf/3.2.2/../../../../arm-elf/lib/libc.a(callocr.o)
 .debug_pubnames
                0x0000088a       0x1f /usr/local/lib/gcc-lib/arm-elf/3.2.2/../../../../arm-elf/lib/libc.a(closer.o)
 .debug_pubnames
                0x000008a9       0x1e /usr/local/lib/gcc-lib/arm-elf/3.2.2/../../../../arm-elf/lib/libc.a(errno.o)
 .debug_pubnames
                0x000008c7       0x2b /usr/local/lib/gcc-lib/arm-elf/3.2.2/../../../../arm-elf/lib/libc.a(fclose.o)
 .debug_pubnames
                0x000008f2       0x1f /usr/local/lib/gcc-lib/arm-elf/3.2.2/../../../../arm-elf/lib/libc.a(fstatr.o)
 .debug_pubnames
                0x00000911       0x1f /usr/local/lib/gcc-lib/arm-elf/3.2.2/../../../../arm-elf/lib/libc.a(lseekr.o)
 .debug_pubnames
                0x00000930       0x1e /usr/local/lib/gcc-lib/arm-elf/3.2.2/../../../../arm-elf/lib/libc.a(readr.o)
 .debug_pubnames
                0x0000094e       0x52 /usr/local/lib/gcc-lib/arm-elf/3.2.2/../../../../arm-elf/lib/libc.a(reent.o)
 .debug_pubnames
                0x000009a0       0x2c /usr/local/lib/gcc-lib/arm-elf/3.2.2/libgcc.a(_addsub_df.o)
 .debug_pubnames
                0x000009cc       0x1f /usr/local/lib/gcc-lib/arm-elf/3.2.2/libgcc.a(_mul_df.o)
 .debug_pubnames
                0x000009eb       0x1f /usr/local/lib/gcc-lib/arm-elf/3.2.2/libgcc.a(_div_df.o)
 .debug_pubnames
                0x00000a0a       0x1e /usr/local/lib/gcc-lib/arm-elf/3.2.2/libgcc.a(_eq_df.o)
 .debug_pubnames
                0x00000a28       0x1e /usr/local/lib/gcc-lib/arm-elf/3.2.2/libgcc.a(_ne_df.o)
 .debug_pubnames
                0x00000a46       0x1e /usr/local/lib/gcc-lib/arm-elf/3.2.2/libgcc.a(_gt_df.o)
 .debug_pubnames
                0x00000a64       0x1e /usr/local/lib/gcc-lib/arm-elf/3.2.2/libgcc.a(_ge_df.o)
 .debug_pubnames
                0x00000a82       0x1e /usr/local/lib/gcc-lib/arm-elf/3.2.2/libgcc.a(_lt_df.o)
 .debug_pubnames
                0x00000aa0       0x22 /usr/local/lib/gcc-lib/arm-elf/3.2.2/libgcc.a(_si_to_df.o)
 .debug_pubnames
                0x00000ac2       0x20 /usr/local/lib/gcc-lib/arm-elf/3.2.2/libgcc.a(_df_to_si.o)
 .debug_pubnames
                0x00000ae2       0x1f /usr/local/lib/gcc-lib/arm-elf/3.2.2/libgcc.a(_negate_df.o)
 .debug_pubnames
                0x00000b01       0x22 /usr/local/lib/gcc-lib/arm-elf/3.2.2/libgcc.a(_thenan_df.o)
 .debug_pubnames
                0x00000b23       0x20 /usr/local/lib/gcc-lib/arm-elf/3.2.2/libgcc.a(_lshrdi3.o)
 .debug_pubnames
                0x00000b43       0x1f /usr/local/lib/gcc-lib/arm-elf/3.2.2/libgcc.a(_pack_df.o)
 .debug_pubnames
                0x00000b62       0x21 /usr/local/lib/gcc-lib/arm-elf/3.2.2/libgcc.a(_unpack_df.o)
 .debug_pubnames
                0x00000b83       0x26 /usr/local/lib/gcc-lib/arm-elf/3.2.2/libgcc.a(_fpcmp_parts_df.o)
 .debug_pubnames
                0x00000ba9       0x20 /usr/local/lib/gcc-lib/arm-elf/3.2.2/libgcc.a(_ashldi3.o)

.debug_info     0x00000000    0x25f5f
 *(.debug_info)
 .debug_info    0x00000000      0xc76 /usr/local/lib/gcc-lib/arm-elf/3.2.2/../../../../arm-elf/lib/libc.a(vsnprintf.o)
 .debug_info    0x00000c76      0x9c4 /usr/local/lib/gcc-lib/arm-elf/3.2.2/../../../../arm-elf/lib/libc.a(impure.o)
 .debug_info    0x0000163a     0x17d7 /usr/local/lib/gcc-lib/arm-elf/3.2.2/../../../../arm-elf/lib/libc.a(vfprintf.o)
 .debug_info    0x00002e11      0xcf6 /usr/local/lib/gcc-lib/arm-elf/3.2.2/../../../../arm-elf/lib/libc.a(wcrtomb.o)
 .debug_info    0x00003b07      0xd7d /usr/local/lib/gcc-lib/arm-elf/3.2.2/../../../../arm-elf/lib/libc.a(wcsrtombs.o)
 .debug_info    0x00004884      0xbe5 /usr/local/lib/gcc-lib/arm-elf/3.2.2/../../../../arm-elf/lib/libc.a(wctomb_r.o)
 .debug_info    0x00005469      0xc4f /usr/local/lib/gcc-lib/arm-elf/3.2.2/../../../../arm-elf/lib/libc.a(wsetup.o)
 .debug_info    0x000060b8     0x1377 /usr/local/lib/gcc-lib/arm-elf/3.2.2/../../../../arm-elf/lib/libc.a(dtoa.o)
 .debug_info    0x0000742f      0xc83 /usr/local/lib/gcc-lib/arm-elf/3.2.2/../../../../arm-elf/lib/libc.a(fflush.o)
 .debug_info    0x000080b2     0x10d2 /usr/local/lib/gcc-lib/arm-elf/3.2.2/../../../../arm-elf/lib/libc.a(findfp.o)
 .debug_info    0x00009184      0xe20 /usr/local/lib/gcc-lib/arm-elf/3.2.2/../../../../arm-elf/lib/libc.a(freer.o)
 .debug_info    0x00009fa4      0xd67 /usr/local/lib/gcc-lib/arm-elf/3.2.2/../../../../arm-elf/lib/libc.a(fvwrite.o)
 .debug_info    0x0000ad0b      0xd9f /usr/local/lib/gcc-lib/arm-elf/3.2.2/../../../../arm-elf/lib/libc.a(fwalk.o)
 .debug_info    0x0000baaa      0xc0d /usr/local/lib/gcc-lib/arm-elf/3.2.2/../../../../arm-elf/lib/libc.a(locale.o)
 .debug_info    0x0000c6b7      0xe45 /usr/local/lib/gcc-lib/arm-elf/3.2.2/../../../../arm-elf/lib/libc.a(makebuf.o)
 .debug_info    0x0000d4fc      0xee0 /usr/local/lib/gcc-lib/arm-elf/3.2.2/../../../../arm-elf/lib/libc.a(mallocr.o)
 .debug_info    0x0000e3dc      0x9f0 /usr/local/lib/gcc-lib/arm-elf/3.2.2/../../../../arm-elf/lib/libc.a(memchr.o)
 .debug_info    0x0000edcc      0x11a /usr/local/lib/gcc-lib/arm-elf/3.2.2/../../../../arm-elf/lib/libc.a(memcpy.o)
 .debug_info    0x0000eee6      0xa00 /usr/local/lib/gcc-lib/arm-elf/3.2.2/../../../../arm-elf/lib/libc.a(memmove.o)
 .debug_info    0x0000f8e6      0x9c9 /usr/local/lib/gcc-lib/arm-elf/3.2.2/../../../../arm-elf/lib/libc.a(memset.o)
 .debug_info    0x000102af      0xa38 /usr/local/lib/gcc-lib/arm-elf/3.2.2/../../../../arm-elf/lib/libc.a(mlock.o)
 .debug_info    0x00010ce7     0x188c /usr/local/lib/gcc-lib/arm-elf/3.2.2/../../../../arm-elf/lib/libc.a(mprec.o)
 .debug_info    0x00012573      0xea2 /usr/local/lib/gcc-lib/arm-elf/3.2.2/../../../../arm-elf/lib/libc.a(reallocr.o)
 .debug_info    0x00013415      0xced /usr/local/lib/gcc-lib/arm-elf/3.2.2/../../../../arm-elf/lib/libc.a(s_isinf.o)
 .debug_info    0x00014102      0xced /usr/local/lib/gcc-lib/arm-elf/3.2.2/../../../../arm-elf/lib/libc.a(s_isnan.o)
 .debug_info    0x00014def      0xbc0 /usr/local/lib/gcc-lib/arm-elf/3.2.2/../../../../arm-elf/lib/libc.a(sbrkr.o)
 .debug_info    0x000159af     0x1005 /usr/local/lib/gcc-lib/arm-elf/3.2.2/../../../../arm-elf/lib/libc.a(stdio.o)
 .debug_info    0x000169b4      0x998 /usr/local/lib/gcc-lib/arm-elf/3.2.2/../../../../arm-elf/lib/libc.a(strcmp.o)
 .debug_info    0x0001734c      0x996 /usr/local/lib/gcc-lib/arm-elf/3.2.2/../../../../arm-elf/lib/libc.a(strlen.o)
 .debug_info    0x00017ce2     0x18c3 /usr/local/lib/gcc-lib/arm-elf/3.2.2/../../../../arm-elf/lib/libc.a(syscalls.o)
 .debug_info    0x000195a5      0xbe2 /usr/local/lib/gcc-lib/arm-elf/3.2.2/../../../../arm-elf/lib/libc.a(writer.o)
 .debug_info    0x0001a187      0xd38 /usr/local/lib/gcc-lib/arm-elf/3.2.2/../../../../arm-elf/lib/libc.a(callocr.o)
 .debug_info    0x0001aebf      0xbb3 /usr/local/lib/gcc-lib/arm-elf/3.2.2/../../../../arm-elf/lib/libc.a(closer.o)
 .debug_info    0x0001ba72      0x9c0 /usr/local/lib/gcc-lib/arm-elf/3.2.2/../../../../arm-elf/lib/libc.a(errno.o)
 .debug_info    0x0001c432      0xc8f /usr/local/lib/gcc-lib/arm-elf/3.2.2/../../../../arm-elf/lib/libc.a(fclose.o)
 .debug_info    0x0001d0c1      0xd86 /usr/local/lib/gcc-lib/arm-elf/3.2.2/../../../../arm-elf/lib/libc.a(fstatr.o)
 .debug_info    0x0001de47      0xbd4 /usr/local/lib/gcc-lib/arm-elf/3.2.2/../../../../arm-elf/lib/libc.a(lseekr.o)
 .debug_info    0x0001ea1b      0xbdb /usr/local/lib/gcc-lib/arm-elf/3.2.2/../../../../arm-elf/lib/libc.a(readr.o)
 .debug_info    0x0001f5f6      0xb35 /usr/local/lib/gcc-lib/arm-elf/3.2.2/../../../../arm-elf/lib/libc.a(reent.o)
 .debug_info    0x0002012b      0x736 /usr/local/lib/gcc-lib/arm-elf/3.2.2/libgcc.a(_addsub_df.o)
 .debug_info    0x00020861      0x772 /usr/local/lib/gcc-lib/arm-elf/3.2.2/libgcc.a(_mul_df.o)
 .debug_info    0x00020fd3      0x68c /usr/local/lib/gcc-lib/arm-elf/3.2.2/libgcc.a(_div_df.o)
 .debug_info    0x0002165f      0x567 /usr/local/lib/gcc-lib/arm-elf/3.2.2/libgcc.a(_eq_df.o)
 .debug_info    0x00021bc6      0x567 /usr/local/lib/gcc-lib/arm-elf/3.2.2/libgcc.a(_ne_df.o)
 .debug_info    0x0002212d      0x567 /usr/local/lib/gcc-lib/arm-elf/3.2.2/libgcc.a(_gt_df.o)
 .debug_info    0x00022694      0x567 /usr/local/lib/gcc-lib/arm-elf/3.2.2/libgcc.a(_ge_df.o)
 .debug_info    0x00022bfb      0x567 /usr/local/lib/gcc-lib/arm-elf/3.2.2/libgcc.a(_lt_df.o)
 .debug_info    0x00023162      0x4f2 /usr/local/lib/gcc-lib/arm-elf/3.2.2/libgcc.a(_si_to_df.o)
 .debug_info    0x00023654      0x5b3 /usr/local/lib/gcc-lib/arm-elf/3.2.2/libgcc.a(_df_to_si.o)
 .debug_info    0x00023c07      0x530 /usr/local/lib/gcc-lib/arm-elf/3.2.2/libgcc.a(_negate_df.o)
 .debug_info    0x00024137      0x4b7 /usr/local/lib/gcc-lib/arm-elf/3.2.2/libgcc.a(_thenan_df.o)
 .debug_info    0x000245ee      0x459 /usr/local/lib/gcc-lib/arm-elf/3.2.2/libgcc.a(_lshrdi3.o)
 .debug_info    0x00024a47      0x600 /usr/local/lib/gcc-lib/arm-elf/3.2.2/libgcc.a(_pack_df.o)
 .debug_info    0x00025047      0x52a /usr/local/lib/gcc-lib/arm-elf/3.2.2/libgcc.a(_unpack_df.o)
 .debug_info    0x00025571      0x58f /usr/local/lib/gcc-lib/arm-elf/3.2.2/libgcc.a(_fpcmp_parts_df.o)
 .debug_info    0x00025b00      0x45f /usr/local/lib/gcc-lib/arm-elf/3.2.2/libgcc.a(_ashldi3.o)

.debug_abbrev   0x00000000     0x6187
 *(.debug_abbrev)
 .debug_abbrev  0x00000000      0x1ad /usr/local/lib/gcc-lib/arm-elf/3.2.2/../../../../arm-elf/lib/libc.a(vsnprintf.o)
 .debug_abbrev  0x000001ad      0x169 /usr/local/lib/gcc-lib/arm-elf/3.2.2/../../../../arm-elf/lib/libc.a(impure.o)
 .debug_abbrev  0x00000316      0x308 /usr/local/lib/gcc-lib/arm-elf/3.2.2/../../../../arm-elf/lib/libc.a(vfprintf.o)
 .debug_abbrev  0x0000061e      0x1a0 /usr/local/lib/gcc-lib/arm-elf/3.2.2/../../../../arm-elf/lib/libc.a(wcrtomb.o)
 .debug_abbrev  0x000007be      0x1a7 /usr/local/lib/gcc-lib/arm-elf/3.2.2/../../../../arm-elf/lib/libc.a(wcsrtombs.o)
 .debug_abbrev  0x00000965      0x1af /usr/local/lib/gcc-lib/arm-elf/3.2.2/../../../../arm-elf/lib/libc.a(wctomb_r.o)
 .debug_abbrev  0x00000b14      0x182 /usr/local/lib/gcc-lib/arm-elf/3.2.2/../../../../arm-elf/lib/libc.a(wsetup.o)
 .debug_abbrev  0x00000c96      0x253 /usr/local/lib/gcc-lib/arm-elf/3.2.2/../../../../arm-elf/lib/libc.a(dtoa.o)
 .debug_abbrev  0x00000ee9      0x191 /usr/local/lib/gcc-lib/arm-elf/3.2.2/../../../../arm-elf/lib/libc.a(fflush.o)
 .debug_abbrev  0x0000107a      0x223 /usr/local/lib/gcc-lib/arm-elf/3.2.2/../../../../arm-elf/lib/libc.a(findfp.o)
 .debug_abbrev  0x0000129d      0x1eb /usr/local/lib/gcc-lib/arm-elf/3.2.2/../../../../arm-elf/lib/libc.a(freer.o)
 .debug_abbrev  0x00001488      0x1bb /usr/local/lib/gcc-lib/arm-elf/3.2.2/../../../../arm-elf/lib/libc.a(fvwrite.o)
 .debug_abbrev  0x00001643      0x1b3 /usr/local/lib/gcc-lib/arm-elf/3.2.2/../../../../arm-elf/lib/libc.a(fwalk.o)
 .debug_abbrev  0x000017f6      0x1f0 /usr/local/lib/gcc-lib/arm-elf/3.2.2/../../../../arm-elf/lib/libc.a(locale.o)
 .debug_abbrev  0x000019e6      0x1ad /usr/local/lib/gcc-lib/arm-elf/3.2.2/../../../../arm-elf/lib/libc.a(makebuf.o)
 .debug_abbrev  0x00001b93      0x1e9 /usr/local/lib/gcc-lib/arm-elf/3.2.2/../../../../arm-elf/lib/libc.a(mallocr.o)
 .debug_abbrev  0x00001d7c      0x191 /usr/local/lib/gcc-lib/arm-elf/3.2.2/../../../../arm-elf/lib/libc.a(memchr.o)
 .debug_abbrev  0x00001f0d       0xa6 /usr/local/lib/gcc-lib/arm-elf/3.2.2/../../../../arm-elf/lib/libc.a(memcpy.o)
 .debug_abbrev  0x00001fb3      0x182 /usr/local/lib/gcc-lib/arm-elf/3.2.2/../../../../arm-elf/lib/libc.a(memmove.o)
 .debug_abbrev  0x00002135      0x18a /usr/local/lib/gcc-lib/arm-elf/3.2.2/../../../../arm-elf/lib/libc.a(memset.o)
 .debug_abbrev  0x000022bf      0x16a /usr/local/lib/gcc-lib/arm-elf/3.2.2/../../../../arm-elf/lib/libc.a(mlock.o)
 .debug_abbrev  0x00002429      0x278 /usr/local/lib/gcc-lib/arm-elf/3.2.2/../../../../arm-elf/lib/libc.a(mprec.o)
 .debug_abbrev  0x000026a1      0x1e2 /usr/local/lib/gcc-lib/arm-elf/3.2.2/../../../../arm-elf/lib/libc.a(reallocr.o)
 .debug_abbrev  0x00002883      0x1c7 /usr/local/lib/gcc-lib/arm-elf/3.2.2/../../../../arm-elf/lib/libc.a(s_isinf.o)
 .debug_abbrev  0x00002a4a      0x1c7 /usr/local/lib/gcc-lib/arm-elf/3.2.2/../../../../arm-elf/lib/libc.a(s_isnan.o)
 .debug_abbrev  0x00002c11      0x1b3 /usr/local/lib/gcc-lib/arm-elf/3.2.2/../../../../arm-elf/lib/libc.a(sbrkr.o)
 .debug_abbrev  0x00002dc4      0x1bc /usr/local/lib/gcc-lib/arm-elf/3.2.2/../../../../arm-elf/lib/libc.a(stdio.o)
 .debug_abbrev  0x00002f80      0x16e /usr/local/lib/gcc-lib/arm-elf/3.2.2/../../../../arm-elf/lib/libc.a(strcmp.o)
 .debug_abbrev  0x000030ee      0x16e /usr/local/lib/gcc-lib/arm-elf/3.2.2/../../../../arm-elf/lib/libc.a(strlen.o)
 .debug_abbrev  0x0000325c      0x324 /usr/local/lib/gcc-lib/arm-elf/3.2.2/../../../../arm-elf/lib/libc.a(syscalls.o)
 .debug_abbrev  0x00003580      0x1ac /usr/local/lib/gcc-lib/arm-elf/3.2.2/../../../../arm-elf/lib/libc.a(writer.o)
 .debug_abbrev  0x0000372c      0x1ca /usr/local/lib/gcc-lib/arm-elf/3.2.2/../../../../arm-elf/lib/libc.a(callocr.o)
 .debug_abbrev  0x000038f6      0x1a7 /usr/local/lib/gcc-lib/arm-elf/3.2.2/../../../../arm-elf/lib/libc.a(closer.o)
 .debug_abbrev  0x00003a9d      0x171 /usr/local/lib/gcc-lib/arm-elf/3.2.2/../../../../arm-elf/lib/libc.a(errno.o)
 .debug_abbrev  0x00003c0e      0x1a0 /usr/local/lib/gcc-lib/arm-elf/3.2.2/../../../../arm-elf/lib/libc.a(fclose.o)
 .debug_abbrev  0x00003dae      0x1c5 /usr/local/lib/gcc-lib/arm-elf/3.2.2/../../../../arm-elf/lib/libc.a(fstatr.o)
 .debug_abbrev  0x00003f73      0x1b6 /usr/local/lib/gcc-lib/arm-elf/3.2.2/../../../../arm-elf/lib/libc.a(lseekr.o)
 .debug_abbrev  0x00004129      0x1a7 /usr/local/lib/gcc-lib/arm-elf/3.2.2/../../../../arm-elf/lib/libc.a(readr.o)
 .debug_abbrev  0x000042d0      0x1d2 /usr/local/lib/gcc-lib/arm-elf/3.2.2/../../../../arm-elf/lib/libc.a(reent.o)
 .debug_abbrev  0x000044a2      0x21c /usr/local/lib/gcc-lib/arm-elf/3.2.2/libgcc.a(_addsub_df.o)
 .debug_abbrev  0x000046be      0x229 /usr/local/lib/gcc-lib/arm-elf/3.2.2/libgcc.a(_mul_df.o)
 .debug_abbrev  0x000048e7      0x216 /usr/local/lib/gcc-lib/arm-elf/3.2.2/libgcc.a(_div_df.o)
 .debug_abbrev  0x00004afd      0x1b5 /usr/local/lib/gcc-lib/arm-elf/3.2.2/libgcc.a(_eq_df.o)
 .debug_abbrev  0x00004cb2      0x1b5 /usr/local/lib/gcc-lib/arm-elf/3.2.2/libgcc.a(_ne_df.o)
 .debug_abbrev  0x00004e67      0x1b5 /usr/local/lib/gcc-lib/arm-elf/3.2.2/libgcc.a(_gt_df.o)
 .debug_abbrev  0x0000501c      0x1b5 /usr/local/lib/gcc-lib/arm-elf/3.2.2/libgcc.a(_ge_df.o)
 .debug_abbrev  0x000051d1      0x1b5 /usr/local/lib/gcc-lib/arm-elf/3.2.2/libgcc.a(_lt_df.o)
 .debug_abbrev  0x00005386      0x17d /usr/local/lib/gcc-lib/arm-elf/3.2.2/libgcc.a(_si_to_df.o)
 .debug_abbrev  0x00005503      0x1c2 /usr/local/lib/gcc-lib/arm-elf/3.2.2/libgcc.a(_df_to_si.o)
 .debug_abbrev  0x000056c5      0x1b3 /usr/local/lib/gcc-lib/arm-elf/3.2.2/libgcc.a(_negate_df.o)
 .debug_abbrev  0x00005878      0x146 /usr/local/lib/gcc-lib/arm-elf/3.2.2/libgcc.a(_thenan_df.o)
 .debug_abbrev  0x000059be      0x14f /usr/local/lib/gcc-lib/arm-elf/3.2.2/libgcc.a(_lshrdi3.o)
 .debug_abbrev  0x00005b0d      0x1ee /usr/local/lib/gcc-lib/arm-elf/3.2.2/libgcc.a(_pack_df.o)
 .debug_abbrev  0x00005cfb      0x197 /usr/local/lib/gcc-lib/arm-elf/3.2.2/libgcc.a(_unpack_df.o)
 .debug_abbrev  0x00005e92      0x1a6 /usr/local/lib/gcc-lib/arm-elf/3.2.2/libgcc.a(_fpcmp_parts_df.o)
 .debug_abbrev  0x00006038      0x14f /usr/local/lib/gcc-lib/arm-elf/3.2.2/libgcc.a(_ashldi3.o)

.debug_line     0x00000000     0xb3e5
 *(.debug_line)
 .debug_line    0x00000000      0x282 /usr/local/lib/gcc-lib/arm-elf/3.2.2/../../../../arm-elf/lib/libc.a(vsnprintf.o)
 .debug_line    0x00000282      0x149 /usr/local/lib/gcc-lib/arm-elf/3.2.2/../../../../arm-elf/lib/libc.a(impure.o)
 .debug_line    0x000003cb     0x110e /usr/local/lib/gcc-lib/arm-elf/3.2.2/../../../../arm-elf/lib/libc.a(vfprintf.o)
 .debug_line    0x000014d9      0x211 /usr/local/lib/gcc-lib/arm-elf/3.2.2/../../../../arm-elf/lib/libc.a(wcrtomb.o)
 .debug_line    0x000016ea      0x2f9 /usr/local/lib/gcc-lib/arm-elf/3.2.2/../../../../arm-elf/lib/libc.a(wcsrtombs.o)
 .debug_line    0x000019e3      0x4e2 /usr/local/lib/gcc-lib/arm-elf/3.2.2/../../../../arm-elf/lib/libc.a(wctomb_r.o)
 .debug_line    0x00001ec5      0x22f /usr/local/lib/gcc-lib/arm-elf/3.2.2/../../../../arm-elf/lib/libc.a(wsetup.o)
 .debug_line    0x000020f4     0x13f5 /usr/local/lib/gcc-lib/arm-elf/3.2.2/../../../../arm-elf/lib/libc.a(dtoa.o)
 .debug_line    0x000034e9      0x225 /usr/local/lib/gcc-lib/arm-elf/3.2.2/../../../../arm-elf/lib/libc.a(fflush.o)
 .debug_line    0x0000370e      0x4bc /usr/local/lib/gcc-lib/arm-elf/3.2.2/../../../../arm-elf/lib/libc.a(findfp.o)
 .debug_line    0x00003bca      0x459 /usr/local/lib/gcc-lib/arm-elf/3.2.2/../../../../arm-elf/lib/libc.a(freer.o)
 .debug_line    0x00004023      0x4e2 /usr/local/lib/gcc-lib/arm-elf/3.2.2/../../../../arm-elf/lib/libc.a(fvwrite.o)
 .debug_line    0x00004505      0x265 /usr/local/lib/gcc-lib/arm-elf/3.2.2/../../../../arm-elf/lib/libc.a(fwalk.o)
 .debug_line    0x0000476a      0x1e6 /usr/local/lib/gcc-lib/arm-elf/3.2.2/../../../../arm-elf/lib/libc.a(locale.o)
 .debug_line    0x00004950      0x294 /usr/local/lib/gcc-lib/arm-elf/3.2.2/../../../../arm-elf/lib/libc.a(makebuf.o)
 .debug_line    0x00004be4      0x793 /usr/local/lib/gcc-lib/arm-elf/3.2.2/../../../../arm-elf/lib/libc.a(mallocr.o)
 .debug_line    0x00005377      0x1e1 /usr/local/lib/gcc-lib/arm-elf/3.2.2/../../../../arm-elf/lib/libc.a(memchr.o)
 .debug_line    0x00005558      0x164 /usr/local/lib/gcc-lib/arm-elf/3.2.2/../../../../arm-elf/lib/libc.a(memcpy.o)
 .debug_line    0x000056bc      0x20e /usr/local/lib/gcc-lib/arm-elf/3.2.2/../../../../arm-elf/lib/libc.a(memmove.o)
 .debug_line    0x000058ca      0x1b9 /usr/local/lib/gcc-lib/arm-elf/3.2.2/../../../../arm-elf/lib/libc.a(memset.o)
 .debug_line    0x00005a83      0x132 /usr/local/lib/gcc-lib/arm-elf/3.2.2/../../../../arm-elf/lib/libc.a(mlock.o)
 .debug_line    0x00005bb5     0x102a /usr/local/lib/gcc-lib/arm-elf/3.2.2/../../../../arm-elf/lib/libc.a(mprec.o)
 .debug_line    0x00006bdf      0x4cf /usr/local/lib/gcc-lib/arm-elf/3.2.2/../../../../arm-elf/lib/libc.a(reallocr.o)
 .debug_line    0x000070ae      0x19d /usr/local/lib/gcc-lib/arm-elf/3.2.2/../../../../arm-elf/lib/libc.a(s_isinf.o)
 .debug_line    0x0000724b      0x19d /usr/local/lib/gcc-lib/arm-elf/3.2.2/../../../../arm-elf/lib/libc.a(s_isnan.o)
 .debug_line    0x000073e8      0x193 /usr/local/lib/gcc-lib/arm-elf/3.2.2/../../../../arm-elf/lib/libc.a(sbrkr.o)
 .debug_line    0x0000757b      0x2dc /usr/local/lib/gcc-lib/arm-elf/3.2.2/../../../../arm-elf/lib/libc.a(stdio.o)
 .debug_line    0x00007857      0x16d /usr/local/lib/gcc-lib/arm-elf/3.2.2/../../../../arm-elf/lib/libc.a(strcmp.o)
 .debug_line    0x000079c4      0x159 /usr/local/lib/gcc-lib/arm-elf/3.2.2/../../../../arm-elf/lib/libc.a(strlen.o)
 .debug_line    0x00007b1d      0xa70 /usr/local/lib/gcc-lib/arm-elf/3.2.2/../../../../arm-elf/lib/libc.a(syscalls.o)
 .debug_line    0x0000858d      0x194 /usr/local/lib/gcc-lib/arm-elf/3.2.2/../../../../arm-elf/lib/libc.a(writer.o)
 .debug_line    0x00008721      0x19c /usr/local/lib/gcc-lib/arm-elf/3.2.2/../../../../arm-elf/lib/libc.a(callocr.o)
 .debug_line    0x000088bd      0x194 /usr/local/lib/gcc-lib/arm-elf/3.2.2/../../../../arm-elf/lib/libc.a(closer.o)
 .debug_line    0x00008a51      0x143 /usr/local/lib/gcc-lib/arm-elf/3.2.2/../../../../arm-elf/lib/libc.a(errno.o)
 .debug_line    0x00008b94      0x21d /usr/local/lib/gcc-lib/arm-elf/3.2.2/../../../../arm-elf/lib/libc.a(fclose.o)
 .debug_line    0x00008db1      0x19b /usr/local/lib/gcc-lib/arm-elf/3.2.2/../../../../arm-elf/lib/libc.a(fstatr.o)
 .debug_line    0x00008f4c      0x194 /usr/local/lib/gcc-lib/arm-elf/3.2.2/../../../../arm-elf/lib/libc.a(lseekr.o)
 .debug_line    0x000090e0      0x193 /usr/local/lib/gcc-lib/arm-elf/3.2.2/../../../../arm-elf/lib/libc.a(readr.o)
 .debug_line    0x00009273      0x296 /usr/local/lib/gcc-lib/arm-elf/3.2.2/../../../../arm-elf/lib/libc.a(reent.o)
 .debug_line    0x00009509      0x474 /usr/local/lib/gcc-lib/arm-elf/3.2.2/libgcc.a(_addsub_df.o)
 .debug_line    0x0000997d      0x4c0 /usr/local/lib/gcc-lib/arm-elf/3.2.2/libgcc.a(_mul_df.o)
 .debug_line    0x00009e3d      0x314 /usr/local/lib/gcc-lib/arm-elf/3.2.2/libgcc.a(_div_df.o)
 .debug_line    0x0000a151      0x12d /usr/local/lib/gcc-lib/arm-elf/3.2.2/libgcc.a(_eq_df.o)
 .debug_line    0x0000a27e      0x12d /usr/local/lib/gcc-lib/arm-elf/3.2.2/libgcc.a(_ne_df.o)
 .debug_line    0x0000a3ab      0x12d /usr/local/lib/gcc-lib/arm-elf/3.2.2/libgcc.a(_gt_df.o)
 .debug_line    0x0000a4d8      0x12d /usr/local/lib/gcc-lib/arm-elf/3.2.2/libgcc.a(_ge_df.o)
 .debug_line    0x0000a605      0x12d /usr/local/lib/gcc-lib/arm-elf/3.2.2/libgcc.a(_lt_df.o)
 .debug_line    0x0000a732      0x134 /usr/local/lib/gcc-lib/arm-elf/3.2.2/libgcc.a(_si_to_df.o)
 .debug_line    0x0000a866      0x19f /usr/local/lib/gcc-lib/arm-elf/3.2.2/libgcc.a(_df_to_si.o)
 .debug_line    0x0000aa05       0xf5 /usr/local/lib/gcc-lib/arm-elf/3.2.2/libgcc.a(_negate_df.o)
 .debug_line    0x0000aafa       0x77 /usr/local/lib/gcc-lib/arm-elf/3.2.2/libgcc.a(_thenan_df.o)
 .debug_line    0x0000ab71      0x114 /usr/local/lib/gcc-lib/arm-elf/3.2.2/libgcc.a(_lshrdi3.o)
 .debug_line    0x0000ac85      0x2ab /usr/local/lib/gcc-lib/arm-elf/3.2.2/libgcc.a(_pack_df.o)
 .debug_line    0x0000af30      0x1e2 /usr/local/lib/gcc-lib/arm-elf/3.2.2/libgcc.a(_unpack_df.o)
 .debug_line    0x0000b112      0x1bf /usr/local/lib/gcc-lib/arm-elf/3.2.2/libgcc.a(_fpcmp_parts_df.o)
 .debug_line    0x0000b2d1      0x114 /usr/local/lib/gcc-lib/arm-elf/3.2.2/libgcc.a(_ashldi3.o)

.debug_frame    0x00000000     0x1b84
 *(.debug_frame)
 .debug_frame   0x00000000       0x68 /usr/local/lib/gcc-lib/arm-elf/3.2.2/../../../../arm-elf/lib/libc.a(vsnprintf.o)
 .debug_frame   0x00000068       0x10 /usr/local/lib/gcc-lib/arm-elf/3.2.2/../../../../arm-elf/lib/libc.a(impure.o)
 .debug_frame   0x00000078      0x124 /usr/local/lib/gcc-lib/arm-elf/3.2.2/../../../../arm-elf/lib/libc.a(vfprintf.o)
 .debug_frame   0x0000019c       0x60 /usr/local/lib/gcc-lib/arm-elf/3.2.2/../../../../arm-elf/lib/libc.a(wcrtomb.o)
 .debug_frame   0x000001fc       0x78 /usr/local/lib/gcc-lib/arm-elf/3.2.2/../../../../arm-elf/lib/libc.a(wcsrtombs.o)
 .debug_frame   0x00000274       0x44 /usr/local/lib/gcc-lib/arm-elf/3.2.2/../../../../arm-elf/lib/libc.a(wctomb_r.o)
 .debug_frame   0x000002b8       0x40 /usr/local/lib/gcc-lib/arm-elf/3.2.2/../../../../arm-elf/lib/libc.a(wsetup.o)
 .debug_frame   0x000002f8       0x80 /usr/local/lib/gcc-lib/arm-elf/3.2.2/../../../../arm-elf/lib/libc.a(dtoa.o)
 .debug_frame   0x00000378       0x40 /usr/local/lib/gcc-lib/arm-elf/3.2.2/../../../../arm-elf/lib/libc.a(fflush.o)
 .debug_frame   0x000003b8      0x184 /usr/local/lib/gcc-lib/arm-elf/3.2.2/../../../../arm-elf/lib/libc.a(findfp.o)
 .debug_frame   0x0000053c       0x7c /usr/local/lib/gcc-lib/arm-elf/3.2.2/../../../../arm-elf/lib/libc.a(freer.o)
 .debug_frame   0x000005b8       0x48 /usr/local/lib/gcc-lib/arm-elf/3.2.2/../../../../arm-elf/lib/libc.a(fvwrite.o)
 .debug_frame   0x00000600       0xdc /usr/local/lib/gcc-lib/arm-elf/3.2.2/../../../../arm-elf/lib/libc.a(fwalk.o)
 .debug_frame   0x000006dc       0x9c /usr/local/lib/gcc-lib/arm-elf/3.2.2/../../../../arm-elf/lib/libc.a(locale.o)
 .debug_frame   0x00000778       0x44 /usr/local/lib/gcc-lib/arm-elf/3.2.2/../../../../arm-elf/lib/libc.a(makebuf.o)
 .debug_frame   0x000007bc       0x80 /usr/local/lib/gcc-lib/arm-elf/3.2.2/../../../../arm-elf/lib/libc.a(mallocr.o)
 .debug_frame   0x0000083c       0x30 /usr/local/lib/gcc-lib/arm-elf/3.2.2/../../../../arm-elf/lib/libc.a(memchr.o)
 .debug_frame   0x0000086c       0x2c /usr/local/lib/gcc-lib/arm-elf/3.2.2/../../../../arm-elf/lib/libc.a(memcpy.o)
 .debug_frame   0x00000898       0x2c /usr/local/lib/gcc-lib/arm-elf/3.2.2/../../../../arm-elf/lib/libc.a(memmove.o)
 .debug_frame   0x000008c4       0x20 /usr/local/lib/gcc-lib/arm-elf/3.2.2/../../../../arm-elf/lib/libc.a(memset.o)
 .debug_frame   0x000008e4       0x30 /usr/local/lib/gcc-lib/arm-elf/3.2.2/../../../../arm-elf/lib/libc.a(mlock.o)
 .debug_frame   0x00000914      0x2dc /usr/local/lib/gcc-lib/arm-elf/3.2.2/../../../../arm-elf/lib/libc.a(mprec.o)
 .debug_frame   0x00000bf0       0x48 /usr/local/lib/gcc-lib/arm-elf/3.2.2/../../../../arm-elf/lib/libc.a(reallocr.o)
 .debug_frame   0x00000c38       0x20 /usr/local/lib/gcc-lib/arm-elf/3.2.2/../../../../arm-elf/lib/libc.a(s_isinf.o)
 .debug_frame   0x00000c58       0x20 /usr/local/lib/gcc-lib/arm-elf/3.2.2/../../../../arm-elf/lib/libc.a(s_isnan.o)
 .debug_frame   0x00000c78       0x40 /usr/local/lib/gcc-lib/arm-elf/3.2.2/../../../../arm-elf/lib/libc.a(sbrkr.o)
 .debug_frame   0x00000cb8       0xb8 /usr/local/lib/gcc-lib/arm-elf/3.2.2/../../../../arm-elf/lib/libc.a(stdio.o)
 .debug_frame   0x00000d70       0x2c /usr/local/lib/gcc-lib/arm-elf/3.2.2/../../../../arm-elf/lib/libc.a(strcmp.o)
 .debug_frame   0x00000d9c       0x2c /usr/local/lib/gcc-lib/arm-elf/3.2.2/../../../../arm-elf/lib/libc.a(strlen.o)
 .debug_frame   0x00000dc8      0x48c /usr/local/lib/gcc-lib/arm-elf/3.2.2/../../../../arm-elf/lib/libc.a(syscalls.o)
 .debug_frame   0x00001254       0x40 /usr/local/lib/gcc-lib/arm-elf/3.2.2/../../../../arm-elf/lib/libc.a(writer.o)
 .debug_frame   0x00001294       0x3c /usr/local/lib/gcc-lib/arm-elf/3.2.2/../../../../arm-elf/lib/libc.a(callocr.o)
 .debug_frame   0x000012d0       0x40 /usr/local/lib/gcc-lib/arm-elf/3.2.2/../../../../arm-elf/lib/libc.a(closer.o)
 .debug_frame   0x00001310       0x20 /usr/local/lib/gcc-lib/arm-elf/3.2.2/../../../../arm-elf/lib/libc.a(errno.o)
 .debug_frame   0x00001330       0x5c /usr/local/lib/gcc-lib/arm-elf/3.2.2/../../../../arm-elf/lib/libc.a(fclose.o)
 .debug_frame   0x0000138c       0x40 /usr/local/lib/gcc-lib/arm-elf/3.2.2/../../../../arm-elf/lib/libc.a(fstatr.o)
 .debug_frame   0x000013cc       0x40 /usr/local/lib/gcc-lib/arm-elf/3.2.2/../../../../arm-elf/lib/libc.a(lseekr.o)
 .debug_frame   0x0000140c       0x40 /usr/local/lib/gcc-lib/arm-elf/3.2.2/../../../../arm-elf/lib/libc.a(readr.o)
 .debug_frame   0x0000144c       0xa4 /usr/local/lib/gcc-lib/arm-elf/3.2.2/../../../../arm-elf/lib/libc.a(reent.o)
 .debug_frame   0x000014f0       0xf0 /usr/local/lib/gcc-lib/arm-elf/3.2.2/libgcc.a(_addsub_df.o)
 .debug_frame   0x000015e0       0xbc /usr/local/lib/gcc-lib/arm-elf/3.2.2/libgcc.a(_mul_df.o)
 .debug_frame   0x0000169c       0xbc /usr/local/lib/gcc-lib/arm-elf/3.2.2/libgcc.a(_div_df.o)
 .debug_frame   0x00001758       0x54 /usr/local/lib/gcc-lib/arm-elf/3.2.2/libgcc.a(_eq_df.o)
 .debug_frame   0x000017ac       0x54 /usr/local/lib/gcc-lib/arm-elf/3.2.2/libgcc.a(_ne_df.o)
 .debug_frame   0x00001800       0x54 /usr/local/lib/gcc-lib/arm-elf/3.2.2/libgcc.a(_gt_df.o)
 .debug_frame   0x00001854       0x54 /usr/local/lib/gcc-lib/arm-elf/3.2.2/libgcc.a(_ge_df.o)
 .debug_frame   0x000018a8       0x54 /usr/local/lib/gcc-lib/arm-elf/3.2.2/libgcc.a(_lt_df.o)
 .debug_frame   0x000018fc       0x3c /usr/local/lib/gcc-lib/arm-elf/3.2.2/libgcc.a(_si_to_df.o)
 .debug_frame   0x00001938       0x70 /usr/local/lib/gcc-lib/arm-elf/3.2.2/libgcc.a(_df_to_si.o)
 .debug_frame   0x000019a8       0x4c /usr/local/lib/gcc-lib/arm-elf/3.2.2/libgcc.a(_negate_df.o)
 .debug_frame   0x000019f4       0x10 /usr/local/lib/gcc-lib/arm-elf/3.2.2/libgcc.a(_thenan_df.o)
 .debug_frame   0x00001a04       0x30 /usr/local/lib/gcc-lib/arm-elf/3.2.2/libgcc.a(_lshrdi3.o)
 .debug_frame   0x00001a34       0x78 /usr/local/lib/gcc-lib/arm-elf/3.2.2/libgcc.a(_pack_df.o)
 .debug_frame   0x00001aac       0x38 /usr/local/lib/gcc-lib/arm-elf/3.2.2/libgcc.a(_unpack_df.o)
 .debug_frame   0x00001ae4       0x70 /usr/local/lib/gcc-lib/arm-elf/3.2.2/libgcc.a(_fpcmp_parts_df.o)
 .debug_frame   0x00001b54       0x30 /usr/local/lib/gcc-lib/arm-elf/3.2.2/libgcc.a(_ashldi3.o)

.debug_str      0x00000000     0x1f76
 *(.debug_str)
 .debug_str     0x00000000      0x588 /usr/local/lib/gcc-lib/arm-elf/3.2.2/../../../../arm-elf/lib/libc.a(vsnprintf.o)
                                0x661 (size before relaxing)
 .debug_str     0x00000588       0x84 /usr/local/lib/gcc-lib/arm-elf/3.2.2/../../../../arm-elf/lib/libc.a(impure.o)
                                0x518 (size before relaxing)
 .debug_str     0x0000060c      0x3e7 /usr/local/lib/gcc-lib/arm-elf/3.2.2/../../../../arm-elf/lib/libc.a(vfprintf.o)
                                0xa92 (size before relaxing)
 .debug_str     0x000009f3       0x7b /usr/local/lib/gcc-lib/arm-elf/3.2.2/../../../../arm-elf/lib/libc.a(wcrtomb.o)
                                0x683 (size before relaxing)
 .debug_str     0x00000a6e       0x52 /usr/local/lib/gcc-lib/arm-elf/3.2.2/../../../../arm-elf/lib/libc.a(wcsrtombs.o)
                                0x698 (size before relaxing)
 .debug_str     0x00000ac0       0x51 /usr/local/lib/gcc-lib/arm-elf/3.2.2/../../../../arm-elf/lib/libc.a(wctomb_r.o)
                                0x617 (size before relaxing)
 .debug_str     0x00000b11       0x31 /usr/local/lib/gcc-lib/arm-elf/3.2.2/../../../../arm-elf/lib/libc.a(wsetup.o)
                                0x666 (size before relaxing)
 .debug_str     0x00000b42       0xef /usr/local/lib/gcc-lib/arm-elf/3.2.2/../../../../arm-elf/lib/libc.a(dtoa.o)
                                0x87b (size before relaxing)
 .debug_str     0x00000c31       0x2e /usr/local/lib/gcc-lib/arm-elf/3.2.2/../../../../arm-elf/lib/libc.a(fflush.o)
                                0x676 (size before relaxing)
 .debug_str     0x00000c5f      0x18c /usr/local/lib/gcc-lib/arm-elf/3.2.2/../../../../arm-elf/lib/libc.a(findfp.o)
                                0x841 (size before relaxing)
 .debug_str     0x00000deb      0x148 /usr/local/lib/gcc-lib/arm-elf/3.2.2/../../../../arm-elf/lib/libc.a(freer.o)
                                0x77b (size before relaxing)
 .debug_str     0x00000f33       0x49 /usr/local/lib/gcc-lib/arm-elf/3.2.2/../../../../arm-elf/lib/libc.a(fvwrite.o)
                                0x6ba (size before relaxing)
 .debug_str     0x00000f7c       0x4b /usr/local/lib/gcc-lib/arm-elf/3.2.2/../../../../arm-elf/lib/libc.a(fwalk.o)
                                0x699 (size before relaxing)
 .debug_str     0x00000fc7       0xe5 /usr/local/lib/gcc-lib/arm-elf/3.2.2/../../../../arm-elf/lib/libc.a(locale.o)
                                0x6a7 (size before relaxing)
 .debug_str     0x000010ac       0x3e /usr/local/lib/gcc-lib/arm-elf/3.2.2/../../../../arm-elf/lib/libc.a(makebuf.o)
                                0x753 (size before relaxing)
 .debug_str     0x000010ea       0xe9 /usr/local/lib/gcc-lib/arm-elf/3.2.2/../../../../arm-elf/lib/libc.a(mallocr.o)
                                0x829 (size before relaxing)
 .debug_str     0x000011d3       0x83 /usr/local/lib/gcc-lib/arm-elf/3.2.2/../../../../arm-elf/lib/libc.a(memchr.o)
                                0x4de (size before relaxing)
 .debug_str     0x00001256       0x56 /usr/local/lib/gcc-lib/arm-elf/3.2.2/../../../../arm-elf/lib/libc.a(memcpy.o)
                                 0xda (size before relaxing)
 .debug_str     0x000012ac       0x3a /usr/local/lib/gcc-lib/arm-elf/3.2.2/../../../../arm-elf/lib/libc.a(memmove.o)
                                0x502 (size before relaxing)
 .debug_str     0x000012e6       0x3c /usr/local/lib/gcc-lib/arm-elf/3.2.2/../../../../arm-elf/lib/libc.a(memset.o)
                                0x4d1 (size before relaxing)
 .debug_str     0x00001322       0x5a /usr/local/lib/gcc-lib/arm-elf/3.2.2/../../../../arm-elf/lib/libc.a(mlock.o)
                                0x53e (size before relaxing)
 .debug_str     0x0000137c       0xc0 /usr/local/lib/gcc-lib/arm-elf/3.2.2/../../../../arm-elf/lib/libc.a(mprec.o)
                                0x868 (size before relaxing)
 .debug_str     0x0000143c       0x61 /usr/local/lib/gcc-lib/arm-elf/3.2.2/../../../../arm-elf/lib/libc.a(reallocr.o)
                                0x751 (size before relaxing)
 .debug_str     0x0000149d       0x6f /usr/local/lib/gcc-lib/arm-elf/3.2.2/../../../../arm-elf/lib/libc.a(s_isinf.o)
                                0x6d6 (size before relaxing)
 .debug_str     0x0000150c       0x2d /usr/local/lib/gcc-lib/arm-elf/3.2.2/../../../../arm-elf/lib/libc.a(s_isnan.o)
                                0x6d6 (size before relaxing)
 .debug_str     0x00001539       0x39 /usr/local/lib/gcc-lib/arm-elf/3.2.2/../../../../arm-elf/lib/libc.a(sbrkr.o)
                                0x62b (size before relaxing)
 .debug_str     0x00001572       0x48 /usr/local/lib/gcc-lib/arm-elf/3.2.2/../../../../arm-elf/lib/libc.a(stdio.o)
                                0x7b2 (size before relaxing)
 .debug_str     0x000015ba       0x2f /usr/local/lib/gcc-lib/arm-elf/3.2.2/../../../../arm-elf/lib/libc.a(strcmp.o)
                                0x4bd (size before relaxing)
 .debug_str     0x000015e9       0x2f /usr/local/lib/gcc-lib/arm-elf/3.2.2/../../../../arm-elf/lib/libc.a(strlen.o)
                                0x4d0 (size before relaxing)
 .debug_str     0x00001618      0x245 /usr/local/lib/gcc-lib/arm-elf/3.2.2/../../../../arm-elf/lib/libc.a(syscalls.o)
                                0x98b (size before relaxing)
 .debug_str     0x0000185d       0x30 /usr/local/lib/gcc-lib/arm-elf/3.2.2/../../../../arm-elf/lib/libc.a(writer.o)
                                0x622 (size before relaxing)
 .debug_str     0x0000188d       0x19 /usr/local/lib/gcc-lib/arm-elf/3.2.2/../../../../arm-elf/lib/libc.a(callocr.o)
                                0x6d8 (size before relaxing)
 .debug_str     0x000018a6       0x30 /usr/local/lib/gcc-lib/arm-elf/3.2.2/../../../../arm-elf/lib/libc.a(closer.o)
                                0x622 (size before relaxing)
 .debug_str     0x000018d6       0x6c /usr/local/lib/gcc-lib/arm-elf/3.2.2/../../../../arm-elf/lib/libc.a(errno.o)
                                0x508 (size before relaxing)
 .debug_str     0x00001942       0x38 /usr/local/lib/gcc-lib/arm-elf/3.2.2/../../../../arm-elf/lib/libc.a(fclose.o)
                                0x672 (size before relaxing)
 .debug_str     0x0000197a       0x36 /usr/local/lib/gcc-lib/arm-elf/3.2.2/../../../../arm-elf/lib/libc.a(fstatr.o)
                                0x70a (size before relaxing)
 .debug_str     0x000019b0       0x30 /usr/local/lib/gcc-lib/arm-elf/3.2.2/../../../../arm-elf/lib/libc.a(lseekr.o)
                                0x630 (size before relaxing)
 .debug_str     0x000019e0       0x2e /usr/local/lib/gcc-lib/arm-elf/3.2.2/../../../../arm-elf/lib/libc.a(readr.o)
                                0x620 (size before relaxing)
 .debug_str     0x00001a0e       0x60 /usr/local/lib/gcc-lib/arm-elf/3.2.2/../../../../arm-elf/lib/libc.a(reent.o)
                                0x55f (size before relaxing)
 .debug_str     0x00001a6e      0x3ac /usr/local/lib/gcc-lib/arm-elf/3.2.2/libgcc.a(_addsub_df.o)
                                0x490 (size before relaxing)
 .debug_str     0x00001e1a       0x45 /usr/local/lib/gcc-lib/arm-elf/3.2.2/libgcc.a(_mul_df.o)
                                0x477 (size before relaxing)
 .debug_str     0x00001e5f       0x35 /usr/local/lib/gcc-lib/arm-elf/3.2.2/libgcc.a(_div_df.o)
                                0x467 (size before relaxing)
 .debug_str     0x00001e94        0x8 /usr/local/lib/gcc-lib/arm-elf/3.2.2/libgcc.a(_eq_df.o)
                                0x42d (size before relaxing)
 .debug_str     0x00001e9c        0x8 /usr/local/lib/gcc-lib/arm-elf/3.2.2/libgcc.a(_ne_df.o)
                                0x42d (size before relaxing)
 .debug_str     0x00001ea4        0x8 /usr/local/lib/gcc-lib/arm-elf/3.2.2/libgcc.a(_gt_df.o)
                                0x42d (size before relaxing)
 .debug_str     0x00001eac        0x8 /usr/local/lib/gcc-lib/arm-elf/3.2.2/libgcc.a(_ge_df.o)
                                0x42d (size before relaxing)
 .debug_str     0x00001eb4        0x8 /usr/local/lib/gcc-lib/arm-elf/3.2.2/libgcc.a(_lt_df.o)
                                0x42d (size before relaxing)
 .debug_str     0x00001ebc        0xc /usr/local/lib/gcc-lib/arm-elf/3.2.2/libgcc.a(_si_to_df.o)
                                0x425 (size before relaxing)
 .debug_str     0x00001ec8        0xa /usr/local/lib/gcc-lib/arm-elf/3.2.2/libgcc.a(_df_to_si.o)
                                0x436 (size before relaxing)
 .debug_str     0x00001ed2       0x13 /usr/local/lib/gcc-lib/arm-elf/3.2.2/libgcc.a(_negate_df.o)
                                0x42c (size before relaxing)
 .debug_str     0x00001ee5       0x54 /usr/local/lib/gcc-lib/arm-elf/3.2.2/libgcc.a(_lshrdi3.o)
                                0x3d0 (size before relaxing)
 .debug_str     0x00001f39       0x10 /usr/local/lib/gcc-lib/arm-elf/3.2.2/libgcc.a(_pack_df.o)
                                0x43c (size before relaxing)
 .debug_str     0x00001f49       0x13 /usr/local/lib/gcc-lib/arm-elf/3.2.2/libgcc.a(_unpack_df.o)
                                0x426 (size before relaxing)
 .debug_str     0x00001f5c       0x10 /usr/local/lib/gcc-lib/arm-elf/3.2.2/libgcc.a(_fpcmp_parts_df.o)
                                0x436 (size before relaxing)
 .debug_str     0x00001f6c        0xa /usr/local/lib/gcc-lib/arm-elf/3.2.2/libgcc.a(_ashldi3.o)
                                0x3d0 (size before relaxing)

.debug_loc
 *(.debug_loc)

.debug_macinfo
 *(.debug_macinfo)

.debug_weaknames
 *(.debug_weaknames)

.debug_funcnames
 *(.debug_funcnames)

.debug_typenames
 *(.debug_typenames)

.debug_varnames
 *(.debug_varnames)
                0x00000880                PROVIDE (___data_size, SIZEOF (.data))
OUTPUT(fpgatest.elf elf32-littlearm)

.debug_ranges   0x00000000      0x1e0
 .debug_ranges  0x00000000       0x30 /usr/local/lib/gcc-lib/arm-elf/3.2.2/../../../../arm-elf/lib/libc.a(vfprintf.o)
 .debug_ranges  0x00000030       0x18 /usr/local/lib/gcc-lib/arm-elf/3.2.2/../../../../arm-elf/lib/libc.a(wcsrtombs.o)
 .debug_ranges  0x00000048       0x38 /usr/local/lib/gcc-lib/arm-elf/3.2.2/../../../../arm-elf/lib/libc.a(wctomb_r.o)
 .debug_ranges  0x00000080       0x78 /usr/local/lib/gcc-lib/arm-elf/3.2.2/../../../../arm-elf/lib/libc.a(reallocr.o)
 .debug_ranges  0x000000f8       0x18 /usr/local/lib/gcc-lib/arm-elf/3.2.2/../../../../arm-elf/lib/libc.a(callocr.o)
 .debug_ranges  0x00000110       0x18 /usr/local/lib/gcc-lib/arm-elf/3.2.2/libgcc.a(_addsub_df.o)
 .debug_ranges  0x00000128       0x70 /usr/local/lib/gcc-lib/arm-elf/3.2.2/libgcc.a(_mul_df.o)
 .debug_ranges  0x00000198       0x18 /usr/local/lib/gcc-lib/arm-elf/3.2.2/libgcc.a(_lshrdi3.o)
 .debug_ranges  0x000001b0       0x18 /usr/local/lib/gcc-lib/arm-elf/3.2.2/libgcc.a(_pack_df.o)
 .debug_ranges  0x000001c8       0x18 /usr/local/lib/gcc-lib/arm-elf/3.2.2/libgcc.a(_ashldi3.o)
