 
****************************************
Report : qor
Design : pmcon_APBIF
Version: V-2004.06
Date   : Fri Feb  9 10:30:59 2007
****************************************


  Timing Path Group 'M_PCLK'
  -----------------------------------
  Levels of Logic:              19.00
  Critical Path Length:          2.00
  Critical Path Slack:           0.00
  Total Negative Slack:          0.00
  No. of Violating Paths:        0.00
  -----------------------------------

  Timing Path Group 'R_PCLK'
  -----------------------------------
  Levels of Logic:               0.00
  Critical Path Length:          0.60
  Critical Path Slack:           3.40
  Total Negative Slack:          0.00
  No. of Violating Paths:        0.00
  -----------------------------------


  Cell Count
  -----------------------------------
  Hierarchial Cell Count:           3
  Hierarchial Port Count:         462
  Leaf Cell Count:                964
  -----------------------------------


  Area
  -----------------------------------
  Combinational Area:     6119.155762
  Noncombinational Area:  7673.931641
  Net Area:                  0.000000
  -----------------------------------
  Cell Area:             13793.072266
  Design Area:           13793.072266


  Design Rules
  -----------------------------------
  Total Number of Nets:          1206
  Nets With Violations:             0
  -----------------------------------


  Hostname: soc1.shmt.co.kr

  Compile CPU Statistics
  -----------------------------------
  Resource Sharing:              0.01
  Logic Optimization:           14.60
  Mapping Optimization:          7.28
  -----------------------------------
  Overall Compile Time:         26.83

1
