 
****************************************
Report : timing
        -path full
        -delay min
        -nworst 10
        -input_pins
        -nets
        -max_paths 10
        -transition_time
        -capacitance
Design : pmcon_APBIF
Version: V-2004.06
Date   : Fri Feb  9 10:31:00 2007
****************************************

 * Some/all delay information is back-annotated.

Operating Conditions: slow   Library: USERLIB
Wire Load Model Mode: top

  Startpoint: M_PADDR[3] (input port clocked by M_PCLK)
  Endpoint: pmcon_STM/ADR_reg_2_
            (rising edge-triggered flip-flop clocked by M_PCLK)
  Path Group: M_PCLK
  Path Type: min

  Point                                       Fanout       Cap     Trans      Incr       Path
  ----------------------------------------------------------------------------------------------
  clock M_PCLK (rise edge)                                                    0.00       0.00
  clock network delay (ideal)                                                 0.00       0.00
  input external delay                                                        0.00       0.00 f
  M_PADDR[3] (in)                                                   1.00      0.00       0.00 f
  M_PADDR[3] (net)                              2         0.01                0.00       0.00 f
  pmcon_STM/PADDR[3] (pmcon_STM_ADDRESSWIDTH22)                               0.00       0.00 f
  pmcon_STM/PADDR[3] (net)                                0.01                0.00       0.00 f
  pmcon_STM/U2312/A (INVX3)                                         1.00      0.00       0.00 f
  pmcon_STM/U2312/Y (INVX3)                                         0.16      0.15       0.15 r
  pmcon_STM/n3681 (net)                         2         0.01                0.00       0.15 r
  pmcon_STM/U2587/B (MXI2X1)                                        0.16      0.00       0.15 r
  pmcon_STM/U2587/Y (MXI2X1)                                        0.06      0.09       0.24 f
  pmcon_STM/n2599 (net)                         1         0.00                0.00       0.24 f
  pmcon_STM/ADR_reg_2_/D (DFFRX1)                                   0.06      0.00       0.24 f
  data arrival time                                                                      0.24

  clock M_PCLK (rise edge)                                                    0.00       0.00
  clock network delay (ideal)                                                 0.00       0.00
  pmcon_STM/ADR_reg_2_/CK (DFFRX1)                                            0.00       0.00 r
  library hold time                                                          -0.02      -0.02
  data required time                                                                    -0.02
  ----------------------------------------------------------------------------------------------
  data required time                                                                    -0.02
  data arrival time                                                                     -0.24
  ----------------------------------------------------------------------------------------------
  slack (MET)                                                                            0.27


  Startpoint: M_PENABLE (input port clocked by M_PCLK)
  Endpoint: pmcon_STM/PREADY_reg
            (rising edge-triggered flip-flop clocked by M_PCLK)
  Path Group: M_PCLK
  Path Type: min

  Point                                       Fanout       Cap     Trans      Incr       Path
  ----------------------------------------------------------------------------------------------
  clock M_PCLK (rise edge)                                                    0.00       0.00
  clock network delay (ideal)                                                 0.00       0.00
  input external delay                                                        0.00       0.00 r
  M_PENABLE (in)                                                    1.00      0.00       0.00 r
  M_PENABLE (net)                               4         0.01                0.00       0.00 r
  pmcon_STM/PENABLE (pmcon_STM_ADDRESSWIDTH22)                                0.00       0.00 r
  pmcon_STM/PENABLE (net)                                 0.01                0.00       0.00 r
  pmcon_STM/U2357/D (NAND4BX1)                                      1.00      0.00       0.00 r
  pmcon_STM/U2357/Y (NAND4BX1)                                      0.12      0.17       0.17 f
  pmcon_STM/n3542 (net)                         1         0.00                0.00       0.17 f
  pmcon_STM/U2664/A (INVX1)                                         0.12      0.00       0.17 f
  pmcon_STM/U2664/Y (INVX1)                                         0.08      0.09       0.25 r
  pmcon_STM/n3541 (net)                         1         0.00                0.00       0.25 r
  pmcon_STM/U2662/S0 (MXI2X1)                                       0.08      0.00       0.25 r
  pmcon_STM/U2662/Y (MXI2X1)                                        0.05      0.06       0.31 f
  pmcon_STM/n2632 (net)                         1         0.00                0.00       0.31 f
  pmcon_STM/PREADY_reg/D (DFFSX1)                                   0.05      0.00       0.31 f
  data arrival time                                                                      0.31

  clock M_PCLK (rise edge)                                                    0.00       0.00
  clock network delay (ideal)                                                 0.00       0.00
  pmcon_STM/PREADY_reg/CK (DFFSX1)                                            0.00       0.00 r
  library hold time                                                          -0.01      -0.01
  data required time                                                                    -0.01
  ----------------------------------------------------------------------------------------------
  data required time                                                                    -0.01
  data arrival time                                                                     -0.31
  ----------------------------------------------------------------------------------------------
  slack (MET)                                                                            0.31


  Startpoint: M_PADDR[5] (input port clocked by M_PCLK)
  Endpoint: pmcon_STM/ADR_reg_4_
            (rising edge-triggered flip-flop clocked by M_PCLK)
  Path Group: M_PCLK
  Path Type: min

  Point                                       Fanout       Cap     Trans      Incr       Path
  ----------------------------------------------------------------------------------------------
  clock M_PCLK (rise edge)                                                    0.00       0.00
  clock network delay (ideal)                                                 0.00       0.00
  input external delay                                                        0.00       0.00 f
  M_PADDR[5] (in)                                                   1.00      0.00       0.00 f
  M_PADDR[5] (net)                              3         0.01                0.00       0.00 f
  pmcon_STM/PADDR[5] (pmcon_STM_ADDRESSWIDTH22)                               0.00       0.00 f
  pmcon_STM/PADDR[5] (net)                                0.01                0.00       0.00 f
  pmcon_STM/U2618/A (INVX1)                                         1.00      0.00       0.00 f
  pmcon_STM/U2618/Y (INVX1)                                         0.19      0.21       0.21 r
  pmcon_STM/n3685 (net)                         1         0.00                0.00       0.21 r
  pmcon_STM/U2616/B (MXI2X1)                                        0.19      0.00       0.21 r
  pmcon_STM/U2616/Y (MXI2X1)                                        0.06      0.10       0.31 f
  pmcon_STM/n2597 (net)                         1         0.00                0.00       0.31 f
  pmcon_STM/ADR_reg_4_/D (DFFRX1)                                   0.06      0.00       0.31 f
  data arrival time                                                                      0.31

  clock M_PCLK (rise edge)                                                    0.00       0.00
  clock network delay (ideal)                                                 0.00       0.00
  pmcon_STM/ADR_reg_4_/CK (DFFRX1)                                            0.00       0.00 r
  library hold time                                                          -0.02      -0.02
  data required time                                                                    -0.02
  ----------------------------------------------------------------------------------------------
  data required time                                                                    -0.02
  data arrival time                                                                     -0.31
  ----------------------------------------------------------------------------------------------
  slack (MET)                                                                            0.33


  Startpoint: M_PADDR[6] (input port clocked by M_PCLK)
  Endpoint: pmcon_STM/ADR_reg_5_
            (rising edge-triggered flip-flop clocked by M_PCLK)
  Path Group: M_PCLK
  Path Type: min

  Point                                       Fanout       Cap     Trans      Incr       Path
  ----------------------------------------------------------------------------------------------
  clock M_PCLK (rise edge)                                                    0.00       0.00
  clock network delay (ideal)                                                 0.00       0.00
  input external delay                                                        0.00       0.00 f
  M_PADDR[6] (in)                                                   1.00      0.00       0.00 f
  M_PADDR[6] (net)                              3         0.01                0.00       0.00 f
  pmcon_STM/PADDR[6] (pmcon_STM_ADDRESSWIDTH22)                               0.00       0.00 f
  pmcon_STM/PADDR[6] (net)                                0.01                0.00       0.00 f
  pmcon_STM/U2615/A (INVX1)                                         1.00      0.00       0.00 f
  pmcon_STM/U2615/Y (INVX1)                                         0.19      0.21       0.21 r
  pmcon_STM/n3687 (net)                         1         0.00                0.00       0.21 r
  pmcon_STM/U2613/B (MXI2X1)                                        0.19      0.00       0.21 r
  pmcon_STM/U2613/Y (MXI2X1)                                        0.06      0.10       0.31 f
  pmcon_STM/n2596 (net)                         1         0.00                0.00       0.31 f
  pmcon_STM/ADR_reg_5_/D (DFFRX1)                                   0.06      0.00       0.31 f
  data arrival time                                                                      0.31

  clock M_PCLK (rise edge)                                                    0.00       0.00
  clock network delay (ideal)                                                 0.00       0.00
  pmcon_STM/ADR_reg_5_/CK (DFFRX1)                                            0.00       0.00 r
  library hold time                                                          -0.02      -0.02
  data required time                                                                    -0.02
  ----------------------------------------------------------------------------------------------
  data required time                                                                    -0.02
  data arrival time                                                                     -0.31
  ----------------------------------------------------------------------------------------------
  slack (MET)                                                                            0.33


  Startpoint: M_PADDR[14]
              (input port clocked by M_PCLK)
  Endpoint: pmcon_STM/ADR_reg_13_
            (rising edge-triggered flip-flop clocked by M_PCLK)
  Path Group: M_PCLK
  Path Type: min

  Point                                       Fanout       Cap     Trans      Incr       Path
  ----------------------------------------------------------------------------------------------
  clock M_PCLK (rise edge)                                                    0.00       0.00
  clock network delay (ideal)                                                 0.00       0.00
  input external delay                                                        0.00       0.00 f
  M_PADDR[14] (in)                                                  1.00      0.00       0.00 f
  M_PADDR[14] (net)                             3         0.01                0.00       0.00 f
  pmcon_STM/PADDR[14] (pmcon_STM_ADDRESSWIDTH22)                              0.00       0.00 f
  pmcon_STM/PADDR[14] (net)                               0.01                0.00       0.00 f
  pmcon_STM/U2609/A (INVX1)                                         1.00      0.00       0.00 f
  pmcon_STM/U2609/Y (INVX1)                                         0.19      0.21       0.21 r
  pmcon_STM/n3703 (net)                         1         0.00                0.00       0.21 r
  pmcon_STM/U2607/B (MXI2X1)                                        0.19      0.00       0.21 r
  pmcon_STM/U2607/Y (MXI2X1)                                        0.08      0.10       0.31 f
  pmcon_STM/n2588 (net)                         1         0.00                0.00       0.31 f
  pmcon_STM/ADR_reg_13_/D (DFFRX1)                                  0.08      0.00       0.31 f
  data arrival time                                                                      0.31

  clock M_PCLK (rise edge)                                                    0.00       0.00
  clock network delay (ideal)                                                 0.00       0.00
  pmcon_STM/ADR_reg_13_/CK (DFFRX1)                                           0.00       0.00 r
  library hold time                                                          -0.03      -0.03
  data required time                                                                    -0.03
  ----------------------------------------------------------------------------------------------
  data required time                                                                    -0.03
  data arrival time                                                                     -0.31
  ----------------------------------------------------------------------------------------------
  slack (MET)                                                                            0.33


  Startpoint: M_PADDR[16]
              (input port clocked by M_PCLK)
  Endpoint: pmcon_STM/ADR_reg_15_
            (rising edge-triggered flip-flop clocked by M_PCLK)
  Path Group: M_PCLK
  Path Type: min

  Point                                       Fanout       Cap     Trans      Incr       Path
  ----------------------------------------------------------------------------------------------
  clock M_PCLK (rise edge)                                                    0.00       0.00
  clock network delay (ideal)                                                 0.00       0.00
  input external delay                                                        0.00       0.00 f
  M_PADDR[16] (in)                                                  1.00      0.00       0.00 f
  M_PADDR[16] (net)                             3         0.01                0.00       0.00 f
  pmcon_STM/PADDR[16] (pmcon_STM_ADDRESSWIDTH22)                              0.00       0.00 f
  pmcon_STM/PADDR[16] (net)                               0.01                0.00       0.00 f
  pmcon_STM/U2603/A (INVX1)                                         1.00      0.00       0.00 f
  pmcon_STM/U2603/Y (INVX1)                                         0.19      0.21       0.21 r
  pmcon_STM/n3707 (net)                         1         0.00                0.00       0.21 r
  pmcon_STM/U2601/B (MXI2X1)                                        0.19      0.00       0.21 r
  pmcon_STM/U2601/Y (MXI2X1)                                        0.08      0.10       0.31 f
  pmcon_STM/n2586 (net)                         1         0.00                0.00       0.31 f
  pmcon_STM/ADR_reg_15_/D (DFFRX1)                                  0.08      0.00       0.31 f
  data arrival time                                                                      0.31

  clock M_PCLK (rise edge)                                                    0.00       0.00
  clock network delay (ideal)                                                 0.00       0.00
  pmcon_STM/ADR_reg_15_/CK (DFFRX1)                                           0.00       0.00 r
  library hold time                                                          -0.03      -0.03
  data required time                                                                    -0.03
  ----------------------------------------------------------------------------------------------
  data required time                                                                    -0.03
  data arrival time                                                                     -0.31
  ----------------------------------------------------------------------------------------------
  slack (MET)                                                                            0.33


  Startpoint: M_PADDR[18]
              (input port clocked by M_PCLK)
  Endpoint: pmcon_STM/ADR_reg_17_
            (rising edge-triggered flip-flop clocked by M_PCLK)
  Path Group: M_PCLK
  Path Type: min

  Point                                       Fanout       Cap     Trans      Incr       Path
  ----------------------------------------------------------------------------------------------
  clock M_PCLK (rise edge)                                                    0.00       0.00
  clock network delay (ideal)                                                 0.00       0.00
  input external delay                                                        0.00       0.00 f
  M_PADDR[18] (in)                                                  1.00      0.00       0.00 f
  M_PADDR[18] (net)                             3         0.01                0.00       0.00 f
  pmcon_STM/PADDR[18] (pmcon_STM_ADDRESSWIDTH22)                              0.00       0.00 f
  pmcon_STM/PADDR[18] (net)                               0.01                0.00       0.00 f
  pmcon_STM/U2597/A (INVX1)                                         1.00      0.00       0.00 f
  pmcon_STM/U2597/Y (INVX1)                                         0.19      0.21       0.21 r
  pmcon_STM/n3711 (net)                         1         0.00                0.00       0.21 r
  pmcon_STM/U2595/B (MXI2X1)                                        0.19      0.00       0.21 r
  pmcon_STM/U2595/Y (MXI2X1)                                        0.08      0.10       0.31 f
  pmcon_STM/n2584 (net)                         1         0.00                0.00       0.31 f
  pmcon_STM/ADR_reg_17_/D (DFFRX1)                                  0.08      0.00       0.31 f
  data arrival time                                                                      0.31

  clock M_PCLK (rise edge)                                                    0.00       0.00
  clock network delay (ideal)                                                 0.00       0.00
  pmcon_STM/ADR_reg_17_/CK (DFFRX1)                                           0.00       0.00 r
  library hold time                                                          -0.03      -0.03
  data required time                                                                    -0.03
  ----------------------------------------------------------------------------------------------
  data required time                                                                    -0.03
  data arrival time                                                                     -0.31
  ----------------------------------------------------------------------------------------------
  slack (MET)                                                                            0.33


  Startpoint: M_PADDR[20]
              (input port clocked by M_PCLK)
  Endpoint: pmcon_STM/ADR_reg_19_
            (rising edge-triggered flip-flop clocked by M_PCLK)
  Path Group: M_PCLK
  Path Type: min

  Point                                       Fanout       Cap     Trans      Incr       Path
  ----------------------------------------------------------------------------------------------
  clock M_PCLK (rise edge)                                                    0.00       0.00
  clock network delay (ideal)                                                 0.00       0.00
  input external delay                                                        0.00       0.00 f
  M_PADDR[20] (in)                                                  1.00      0.00       0.00 f
  M_PADDR[20] (net)                             3         0.01                0.00       0.00 f
  pmcon_STM/PADDR[20] (pmcon_STM_ADDRESSWIDTH22)                              0.00       0.00 f
  pmcon_STM/PADDR[20] (net)                               0.01                0.00       0.00 f
  pmcon_STM/U2591/A (INVX1)                                         1.00      0.00       0.00 f
  pmcon_STM/U2591/Y (INVX1)                                         0.19      0.21       0.21 r
  pmcon_STM/n3715 (net)                         1         0.00                0.00       0.21 r
  pmcon_STM/U2589/B (MXI2X1)                                        0.19      0.00       0.21 r
  pmcon_STM/U2589/Y (MXI2X1)                                        0.08      0.10       0.31 f
  pmcon_STM/n2582 (net)                         1         0.00                0.00       0.31 f
  pmcon_STM/ADR_reg_19_/D (DFFRX1)                                  0.08      0.00       0.31 f
  data arrival time                                                                      0.31

  clock M_PCLK (rise edge)                                                    0.00       0.00
  clock network delay (ideal)                                                 0.00       0.00
  pmcon_STM/ADR_reg_19_/CK (DFFRX1)                                           0.00       0.00 r
  library hold time                                                          -0.03      -0.03
  data required time                                                                    -0.03
  ----------------------------------------------------------------------------------------------
  data required time                                                                    -0.03
  data arrival time                                                                     -0.31
  ----------------------------------------------------------------------------------------------
  slack (MET)                                                                            0.33


  Startpoint: M_PADDR[13]
              (input port clocked by M_PCLK)
  Endpoint: pmcon_STM/ADR_reg_12_
            (rising edge-triggered flip-flop clocked by M_PCLK)
  Path Group: M_PCLK
  Path Type: min

  Point                                       Fanout       Cap     Trans      Incr       Path
  ----------------------------------------------------------------------------------------------
  clock M_PCLK (rise edge)                                                    0.00       0.00
  clock network delay (ideal)                                                 0.00       0.00
  input external delay                                                        0.00       0.00 f
  M_PADDR[13] (in)                                                  1.00      0.00       0.00 f
  M_PADDR[13] (net)                             3         0.01                0.00       0.00 f
  pmcon_STM/PADDR[13] (pmcon_STM_ADDRESSWIDTH22)                              0.00       0.00 f
  pmcon_STM/PADDR[13] (net)                               0.01                0.00       0.00 f
  pmcon_STM/U2612/A (INVX1)                                         1.00      0.00       0.00 f
  pmcon_STM/U2612/Y (INVX1)                                         0.19      0.21       0.21 r
  pmcon_STM/n3701 (net)                         1         0.00                0.00       0.21 r
  pmcon_STM/U2610/B (MXI2X1)                                        0.19      0.00       0.21 r
  pmcon_STM/U2610/Y (MXI2X1)                                        0.08      0.10       0.31 f
  pmcon_STM/n2589 (net)                         1         0.00                0.00       0.31 f
  pmcon_STM/ADR_reg_12_/D (DFFRX1)                                  0.08      0.00       0.31 f
  data arrival time                                                                      0.31

  clock M_PCLK (rise edge)                                                    0.00       0.00
  clock network delay (ideal)                                                 0.00       0.00
  pmcon_STM/ADR_reg_12_/CK (DFFRX1)                                           0.00       0.00 r
  library hold time                                                          -0.03      -0.03
  data required time                                                                    -0.03
  ----------------------------------------------------------------------------------------------
  data required time                                                                    -0.03
  data arrival time                                                                     -0.31
  ----------------------------------------------------------------------------------------------
  slack (MET)                                                                            0.33


  Startpoint: M_PADDR[15]
              (input port clocked by M_PCLK)
  Endpoint: pmcon_STM/ADR_reg_14_
            (rising edge-triggered flip-flop clocked by M_PCLK)
  Path Group: M_PCLK
  Path Type: min

  Point                                       Fanout       Cap     Trans      Incr       Path
  ----------------------------------------------------------------------------------------------
  clock M_PCLK (rise edge)                                                    0.00       0.00
  clock network delay (ideal)                                                 0.00       0.00
  input external delay                                                        0.00       0.00 f
  M_PADDR[15] (in)                                                  1.00      0.00       0.00 f
  M_PADDR[15] (net)                             3         0.01                0.00       0.00 f
  pmcon_STM/PADDR[15] (pmcon_STM_ADDRESSWIDTH22)                              0.00       0.00 f
  pmcon_STM/PADDR[15] (net)                               0.01                0.00       0.00 f
  pmcon_STM/U2606/A (INVX1)                                         1.00      0.00       0.00 f
  pmcon_STM/U2606/Y (INVX1)                                         0.19      0.21       0.21 r
  pmcon_STM/n3705 (net)                         1         0.00                0.00       0.21 r
  pmcon_STM/U2604/B (MXI2X1)                                        0.19      0.00       0.21 r
  pmcon_STM/U2604/Y (MXI2X1)                                        0.08      0.10       0.31 f
  pmcon_STM/n2587 (net)                         1         0.00                0.00       0.31 f
  pmcon_STM/ADR_reg_14_/D (DFFRX1)                                  0.08      0.00       0.31 f
  data arrival time                                                                      0.31

  clock M_PCLK (rise edge)                                                    0.00       0.00
  clock network delay (ideal)                                                 0.00       0.00
  pmcon_STM/ADR_reg_14_/CK (DFFRX1)                                           0.00       0.00 r
  library hold time                                                          -0.03      -0.03
  data required time                                                                    -0.03
  ----------------------------------------------------------------------------------------------
  data required time                                                                    -0.03
  data arrival time                                                                     -0.31
  ----------------------------------------------------------------------------------------------
  slack (MET)                                                                            0.33


  Startpoint: R_PWDATA[1]
              (input port clocked by R_PCLK)
  Endpoint: pmcon_REGIF/PowerupClr_reg
            (rising edge-triggered flip-flop clocked by R_PCLK)
  Path Group: R_PCLK
  Path Type: min

  Point                                       Fanout       Cap     Trans      Incr       Path
  ----------------------------------------------------------------------------------------------
  clock R_PCLK (rise edge)                                                    0.00       0.00
  clock network delay (ideal)                                                 0.00       0.00
  input external delay                                                        0.00       0.00 r
  R_PWDATA[1] (in)                                                  1.00      0.00       0.00 r
  R_PWDATA[1] (net)                             4         0.01                0.00       0.00 r
  pmcon_REGIF/PWDATA[1] (pmcon_REGIF)                                         0.00       0.00 r
  pmcon_REGIF/PWDATA[1] (net)                             0.01                0.00       0.00 r
  pmcon_REGIF/U527/A (NOR2X1)                                       1.00      0.00       0.00 r
  pmcon_REGIF/U527/Y (NOR2X1)                                       0.08      0.08       0.08 f
  pmcon_REGIF/nextPowerupClr (net)              1         0.00                0.00       0.08 f
  pmcon_REGIF/PowerupClr_reg/D (DFFRX1)                             0.08      0.00       0.08 f
  data arrival time                                                                      0.08

  clock R_PCLK (rise edge)                                                    0.00       0.00
  clock network delay (ideal)                                                 0.00       0.00
  pmcon_REGIF/PowerupClr_reg/CK (DFFRX1)                                      0.00       0.00 r
  library hold time                                                          -0.03      -0.03
  data required time                                                                    -0.03
  ----------------------------------------------------------------------------------------------
  data required time                                                                    -0.03
  data arrival time                                                                     -0.08
  ----------------------------------------------------------------------------------------------
  slack (MET)                                                                            0.11


  Startpoint: R_PWDATA[1]
              (input port clocked by R_PCLK)
  Endpoint: pmcon_REGIF/PSRAMTOUT_reg_1_
            (rising edge-triggered flip-flop clocked by R_PCLK)
  Path Group: R_PCLK
  Path Type: min

  Point                                       Fanout       Cap     Trans      Incr       Path
  ----------------------------------------------------------------------------------------------
  clock R_PCLK (rise edge)                                                    0.00       0.00
  clock network delay (ideal)                                                 0.00       0.00
  input external delay                                                        0.00       0.00 r
  R_PWDATA[1] (in)                                                  1.00      0.00       0.00 r
  R_PWDATA[1] (net)                             4         0.01                0.00       0.00 r
  pmcon_REGIF/PWDATA[1] (pmcon_REGIF)                                         0.00       0.00 r
  pmcon_REGIF/PWDATA[1] (net)                             0.01                0.00       0.00 r
  pmcon_REGIF/U583/B1 (AO22X1)                                      1.00      0.00       0.00 r
  pmcon_REGIF/U583/Y (AO22X1)                                       0.07      0.26       0.26 r
  pmcon_REGIF/n638 (net)                        1         0.00                0.00       0.26 r
  pmcon_REGIF/PSRAMTOUT_reg_1_/D (DFFSX1)                           0.07      0.00       0.26 r
  data arrival time                                                                      0.26

  clock R_PCLK (rise edge)                                                    0.00       0.00
  clock network delay (ideal)                                                 0.00       0.00
  pmcon_REGIF/PSRAMTOUT_reg_1_/CK (DFFSX1)                                    0.00       0.00 r
  library hold time                                                          -0.04      -0.04
  data required time                                                                    -0.04
  ----------------------------------------------------------------------------------------------
  data required time                                                                    -0.04
  data arrival time                                                                     -0.26
  ----------------------------------------------------------------------------------------------
  slack (MET)                                                                            0.30


  Startpoint: R_PWDATA[8]
              (input port clocked by R_PCLK)
  Endpoint: pmcon_REGIF/PSRAMTCON_reg_8_
            (rising edge-triggered flip-flop clocked by R_PCLK)
  Path Group: R_PCLK
  Path Type: min

  Point                                       Fanout       Cap     Trans      Incr       Path
  ----------------------------------------------------------------------------------------------
  clock R_PCLK (rise edge)                                                    0.00       0.00
  clock network delay (ideal)                                                 0.00       0.00
  input external delay                                                        0.00       0.00 r
  R_PWDATA[8] (in)                                                  1.00      0.00       0.00 r
  R_PWDATA[8] (net)                             2         0.00                0.00       0.00 r
  pmcon_REGIF/PWDATA[8] (pmcon_REGIF)                                         0.00       0.00 r
  pmcon_REGIF/PWDATA[8] (net)                             0.00                0.00       0.00 r
  pmcon_REGIF/U572/B1 (AO22X1)                                      1.00      0.00       0.00 r
  pmcon_REGIF/U572/Y (AO22X1)                                       0.07      0.26       0.26 r
  pmcon_REGIF/n620 (net)                        1         0.00                0.00       0.26 r
  pmcon_REGIF/PSRAMTCON_reg_8_/D (DFFSX1)                           0.07      0.00       0.26 r
  data arrival time                                                                      0.26

  clock R_PCLK (rise edge)                                                    0.00       0.00
  clock network delay (ideal)                                                 0.00       0.00
  pmcon_REGIF/PSRAMTCON_reg_8_/CK (DFFSX1)                                    0.00       0.00 r
  library hold time                                                          -0.04      -0.04
  data required time                                                                    -0.04
  ----------------------------------------------------------------------------------------------
  data required time                                                                    -0.04
  data arrival time                                                                     -0.26
  ----------------------------------------------------------------------------------------------
  slack (MET)                                                                            0.30


  Startpoint: R_PWDATA[0]
              (input port clocked by R_PCLK)
  Endpoint: pmcon_REGIF/PSRAMTCON_reg_0_
            (rising edge-triggered flip-flop clocked by R_PCLK)
  Path Group: R_PCLK
  Path Type: min

  Point                                       Fanout       Cap     Trans      Incr       Path
  ----------------------------------------------------------------------------------------------
  clock R_PCLK (rise edge)                                                    0.00       0.00
  clock network delay (ideal)                                                 0.00       0.00
  input external delay                                                        0.00       0.00 r
  R_PWDATA[0] (in)                                                  1.00      0.00       0.00 r
  R_PWDATA[0] (net)                             3         0.00                0.00       0.00 r
  pmcon_REGIF/PWDATA[0] (pmcon_REGIF)                                         0.00       0.00 r
  pmcon_REGIF/PWDATA[0] (net)                             0.00                0.00       0.00 r
  pmcon_REGIF/U580/B1 (AO22X1)                                      1.00      0.00       0.00 r
  pmcon_REGIF/U580/Y (AO22X1)                                       0.07      0.26       0.26 r
  pmcon_REGIF/n628 (net)                        1         0.00                0.00       0.26 r
  pmcon_REGIF/PSRAMTCON_reg_0_/D (DFFSX1)                           0.07      0.00       0.26 r
  data arrival time                                                                      0.26

  clock R_PCLK (rise edge)                                                    0.00       0.00
  clock network delay (ideal)                                                 0.00       0.00
  pmcon_REGIF/PSRAMTCON_reg_0_/CK (DFFSX1)                                    0.00       0.00 r
  library hold time                                                          -0.04      -0.04
  data required time                                                                    -0.04
  ----------------------------------------------------------------------------------------------
  data required time                                                                    -0.04
  data arrival time                                                                     -0.26
  ----------------------------------------------------------------------------------------------
  slack (MET)                                                                            0.30


  Startpoint: R_PWDATA[2]
              (input port clocked by R_PCLK)
  Endpoint: pmcon_REGIF/PSRAMTCON_reg_2_
            (rising edge-triggered flip-flop clocked by R_PCLK)
  Path Group: R_PCLK
  Path Type: min

  Point                                       Fanout       Cap     Trans      Incr       Path
  ----------------------------------------------------------------------------------------------
  clock R_PCLK (rise edge)                                                    0.00       0.00
  clock network delay (ideal)                                                 0.00       0.00
  input external delay                                                        0.00       0.00 r
  R_PWDATA[2] (in)                                                  1.00      0.00       0.00 r
  R_PWDATA[2] (net)                             3         0.00                0.00       0.00 r
  pmcon_REGIF/PWDATA[2] (pmcon_REGIF)                                         0.00       0.00 r
  pmcon_REGIF/PWDATA[2] (net)                             0.00                0.00       0.00 r
  pmcon_REGIF/U578/B1 (AO22X1)                                      1.00      0.00       0.00 r
  pmcon_REGIF/U578/Y (AO22X1)                                       0.07      0.26       0.26 r
  pmcon_REGIF/n626 (net)                        1         0.00                0.00       0.26 r
  pmcon_REGIF/PSRAMTCON_reg_2_/D (DFFSX1)                           0.07      0.00       0.26 r
  data arrival time                                                                      0.26

  clock R_PCLK (rise edge)                                                    0.00       0.00
  clock network delay (ideal)                                                 0.00       0.00
  pmcon_REGIF/PSRAMTCON_reg_2_/CK (DFFSX1)                                    0.00       0.00 r
  library hold time                                                          -0.04      -0.04
  data required time                                                                    -0.04
  ----------------------------------------------------------------------------------------------
  data required time                                                                    -0.04
  data arrival time                                                                     -0.26
  ----------------------------------------------------------------------------------------------
  slack (MET)                                                                            0.30


  Startpoint: R_PWDATA[3]
              (input port clocked by R_PCLK)
  Endpoint: pmcon_REGIF/PSRAMTCON_reg_3_
            (rising edge-triggered flip-flop clocked by R_PCLK)
  Path Group: R_PCLK
  Path Type: min

  Point                                       Fanout       Cap     Trans      Incr       Path
  ----------------------------------------------------------------------------------------------
  clock R_PCLK (rise edge)                                                    0.00       0.00
  clock network delay (ideal)                                                 0.00       0.00
  input external delay                                                        0.00       0.00 r
  R_PWDATA[3] (in)                                                  1.00      0.00       0.00 r
  R_PWDATA[3] (net)                             3         0.00                0.00       0.00 r
  pmcon_REGIF/PWDATA[3] (pmcon_REGIF)                                         0.00       0.00 r
  pmcon_REGIF/PWDATA[3] (net)                             0.00                0.00       0.00 r
  pmcon_REGIF/U577/B1 (AO22X1)                                      1.00      0.00       0.00 r
  pmcon_REGIF/U577/Y (AO22X1)                                       0.07      0.26       0.26 r
  pmcon_REGIF/n625 (net)                        1         0.00                0.00       0.26 r
  pmcon_REGIF/PSRAMTCON_reg_3_/D (DFFSX1)                           0.07      0.00       0.26 r
  data arrival time                                                                      0.26

  clock R_PCLK (rise edge)                                                    0.00       0.00
  clock network delay (ideal)                                                 0.00       0.00
  pmcon_REGIF/PSRAMTCON_reg_3_/CK (DFFSX1)                                    0.00       0.00 r
  library hold time                                                          -0.04      -0.04
  data required time                                                                    -0.04
  ----------------------------------------------------------------------------------------------
  data required time                                                                    -0.04
  data arrival time                                                                     -0.26
  ----------------------------------------------------------------------------------------------
  slack (MET)                                                                            0.30


  Startpoint: R_PWDATA[4]
              (input port clocked by R_PCLK)
  Endpoint: pmcon_REGIF/PSRAMTCON_reg_4_
            (rising edge-triggered flip-flop clocked by R_PCLK)
  Path Group: R_PCLK
  Path Type: min

  Point                                       Fanout       Cap     Trans      Incr       Path
  ----------------------------------------------------------------------------------------------
  clock R_PCLK (rise edge)                                                    0.00       0.00
  clock network delay (ideal)                                                 0.00       0.00
  input external delay                                                        0.00       0.00 r
  R_PWDATA[4] (in)                                                  1.00      0.00       0.00 r
  R_PWDATA[4] (net)                             3         0.00                0.00       0.00 r
  pmcon_REGIF/PWDATA[4] (pmcon_REGIF)                                         0.00       0.00 r
  pmcon_REGIF/PWDATA[4] (net)                             0.00                0.00       0.00 r
  pmcon_REGIF/U576/B1 (AO22X1)                                      1.00      0.00       0.00 r
  pmcon_REGIF/U576/Y (AO22X1)                                       0.07      0.26       0.26 r
  pmcon_REGIF/n624 (net)                        1         0.00                0.00       0.26 r
  pmcon_REGIF/PSRAMTCON_reg_4_/D (DFFSX1)                           0.07      0.00       0.26 r
  data arrival time                                                                      0.26

  clock R_PCLK (rise edge)                                                    0.00       0.00
  clock network delay (ideal)                                                 0.00       0.00
  pmcon_REGIF/PSRAMTCON_reg_4_/CK (DFFSX1)                                    0.00       0.00 r
  library hold time                                                          -0.04      -0.04
  data required time                                                                    -0.04
  ----------------------------------------------------------------------------------------------
  data required time                                                                    -0.04
  data arrival time                                                                     -0.26
  ----------------------------------------------------------------------------------------------
  slack (MET)                                                                            0.30


  Startpoint: R_PWDATA[5]
              (input port clocked by R_PCLK)
  Endpoint: pmcon_REGIF/PSRAMTCON_reg_5_
            (rising edge-triggered flip-flop clocked by R_PCLK)
  Path Group: R_PCLK
  Path Type: min

  Point                                       Fanout       Cap     Trans      Incr       Path
  ----------------------------------------------------------------------------------------------
  clock R_PCLK (rise edge)                                                    0.00       0.00
  clock network delay (ideal)                                                 0.00       0.00
  input external delay                                                        0.00       0.00 r
  R_PWDATA[5] (in)                                                  1.00      0.00       0.00 r
  R_PWDATA[5] (net)                             3         0.00                0.00       0.00 r
  pmcon_REGIF/PWDATA[5] (pmcon_REGIF)                                         0.00       0.00 r
  pmcon_REGIF/PWDATA[5] (net)                             0.00                0.00       0.00 r
  pmcon_REGIF/U575/B1 (AO22X1)                                      1.00      0.00       0.00 r
  pmcon_REGIF/U575/Y (AO22X1)                                       0.07      0.26       0.26 r
  pmcon_REGIF/n623 (net)                        1         0.00                0.00       0.26 r
  pmcon_REGIF/PSRAMTCON_reg_5_/D (DFFSX1)                           0.07      0.00       0.26 r
  data arrival time                                                                      0.26

  clock R_PCLK (rise edge)                                                    0.00       0.00
  clock network delay (ideal)                                                 0.00       0.00
  pmcon_REGIF/PSRAMTCON_reg_5_/CK (DFFSX1)                                    0.00       0.00 r
  library hold time                                                          -0.04      -0.04
  data required time                                                                    -0.04
  ----------------------------------------------------------------------------------------------
  data required time                                                                    -0.04
  data arrival time                                                                     -0.26
  ----------------------------------------------------------------------------------------------
  slack (MET)                                                                            0.30


  Startpoint: R_PWDATA[6]
              (input port clocked by R_PCLK)
  Endpoint: pmcon_REGIF/PSRAMTCON_reg_6_
            (rising edge-triggered flip-flop clocked by R_PCLK)
  Path Group: R_PCLK
  Path Type: min

  Point                                       Fanout       Cap     Trans      Incr       Path
  ----------------------------------------------------------------------------------------------
  clock R_PCLK (rise edge)                                                    0.00       0.00
  clock network delay (ideal)                                                 0.00       0.00
  input external delay                                                        0.00       0.00 r
  R_PWDATA[6] (in)                                                  1.00      0.00       0.00 r
  R_PWDATA[6] (net)                             3         0.00                0.00       0.00 r
  pmcon_REGIF/PWDATA[6] (pmcon_REGIF)                                         0.00       0.00 r
  pmcon_REGIF/PWDATA[6] (net)                             0.00                0.00       0.00 r
  pmcon_REGIF/U574/B1 (AO22X1)                                      1.00      0.00       0.00 r
  pmcon_REGIF/U574/Y (AO22X1)                                       0.07      0.26       0.26 r
  pmcon_REGIF/n622 (net)                        1         0.00                0.00       0.26 r
  pmcon_REGIF/PSRAMTCON_reg_6_/D (DFFSX1)                           0.07      0.00       0.26 r
  data arrival time                                                                      0.26

  clock R_PCLK (rise edge)                                                    0.00       0.00
  clock network delay (ideal)                                                 0.00       0.00
  pmcon_REGIF/PSRAMTCON_reg_6_/CK (DFFSX1)                                    0.00       0.00 r
  library hold time                                                          -0.04      -0.04
  data required time                                                                    -0.04
  ----------------------------------------------------------------------------------------------
  data required time                                                                    -0.04
  data arrival time                                                                     -0.26
  ----------------------------------------------------------------------------------------------
  slack (MET)                                                                            0.30


  Startpoint: R_PWDATA[0]
              (input port clocked by R_PCLK)
  Endpoint: pmcon_REGIF/PSRAMTOUT_reg_0_
            (rising edge-triggered flip-flop clocked by R_PCLK)
  Path Group: R_PCLK
  Path Type: min

  Point                                       Fanout       Cap     Trans      Incr       Path
  ----------------------------------------------------------------------------------------------
  clock R_PCLK (rise edge)                                                    0.00       0.00
  clock network delay (ideal)                                                 0.00       0.00
  input external delay                                                        0.00       0.00 r
  R_PWDATA[0] (in)                                                  1.00      0.00       0.00 r
  R_PWDATA[0] (net)                             3         0.00                0.00       0.00 r
  pmcon_REGIF/PWDATA[0] (pmcon_REGIF)                                         0.00       0.00 r
  pmcon_REGIF/PWDATA[0] (net)                             0.00                0.00       0.00 r
  pmcon_REGIF/U584/B1 (AO22X1)                                      1.00      0.00       0.00 r
  pmcon_REGIF/U584/Y (AO22X1)                                       0.07      0.26       0.26 r
  pmcon_REGIF/n639 (net)                        1         0.00                0.00       0.26 r
  pmcon_REGIF/PSRAMTOUT_reg_0_/D (DFFSX1)                           0.07      0.00       0.26 r
  data arrival time                                                                      0.26

  clock R_PCLK (rise edge)                                                    0.00       0.00
  clock network delay (ideal)                                                 0.00       0.00
  pmcon_REGIF/PSRAMTOUT_reg_0_/CK (DFFSX1)                                    0.00       0.00 r
  library hold time                                                          -0.04      -0.04
  data required time                                                                    -0.04
  ----------------------------------------------------------------------------------------------
  data required time                                                                    -0.04
  data arrival time                                                                     -0.26
  ----------------------------------------------------------------------------------------------
  slack (MET)                                                                            0.30


1
