 
****************************************
Report : timing
        -path full
        -delay max
        -nworst 10
        -input_pins
        -nets
        -max_paths 10
        -transition_time
        -capacitance
Design : pmcon_APBIF
Version: V-2004.06
Date   : Fri Feb  9 10:30:59 2007
****************************************

 * Some/all delay information is back-annotated.

Operating Conditions: slow   Library: USERLIB
Wire Load Model Mode: top

  Startpoint: M_PENABLE (input port clocked by M_PCLK)
  Endpoint: pmcon_STM/ADR_reg_7_
            (rising edge-triggered flip-flop clocked by M_PCLK)
  Path Group: M_PCLK
  Path Type: max

  Point                                       Fanout       Cap     Trans      Incr       Path
  ----------------------------------------------------------------------------------------------
  clock M_PCLK (rise edge)                                                    0.00       0.00
  clock network delay (ideal)                                                 0.00       0.00
  input external delay                                                        7.00       7.00 f
  M_PENABLE (in)                                                    1.00      0.00       7.00 f
  M_PENABLE (net)                               4         0.01                0.00       7.00 f
  pmcon_MEMIF/PENABLE (pmcon_MEMIF_ADDRESSWIDTH22)                            0.00       7.00 f
  pmcon_MEMIF/PENABLE (net)                               0.01                0.00       7.00 f
  pmcon_MEMIF/U19/A (OR2X2)                                         1.00      0.00       7.00 f
  pmcon_MEMIF/U19/Y (OR2X2)                                         0.09      0.40       7.40 f
  pmcon_MEMIF/n73 (net)                         1         0.01                0.00       7.40 f
  pmcon_MEMIF/U21/A (NOR2X2)                                        0.09      0.00       7.40 f
  pmcon_MEMIF/U21/Y (NOR2X2)                                        0.11      0.08       7.49 r
  pmcon_MEMIF/n74 (net)                         1         0.01                0.00       7.49 r
  pmcon_MEMIF/U18/A (BUFX6)                                         0.11      0.00       7.49 r
  pmcon_MEMIF/U18/Y (BUFX6)                                         0.15      0.16       7.65 r
  pmcon_MEMIF/Write (net)                      39         0.07                0.00       7.65 r
  pmcon_MEMIF/Write (pmcon_MEMIF_ADDRESSWIDTH22)                              0.00       7.65 r
  Write (net)                                             0.07                0.00       7.65 r
  pmcon_STM/Write (pmcon_STM_ADDRESSWIDTH22)                                  0.00       7.65 r
  pmcon_STM/Write (net)                                   0.07                0.00       7.65 r
  pmcon_STM/U2381/A (INVX4)                                         0.15      0.00       7.65 r
  pmcon_STM/U2381/Y (INVX4)                                         0.04      0.05       7.70 f
  pmcon_STM/n3232 (net)                         1         0.01                0.00       7.70 f
  pmcon_STM/U2562/B (NAND2X2)                                       0.04      0.00       7.70 f
  pmcon_STM/U2562/Y (NAND2X2)                                       0.08      0.06       7.76 r
  pmcon_STM/n3815 (net)                         1         0.01                0.00       7.76 r
  pmcon_STM/U2375/C (NAND3X2)                                       0.08      0.00       7.76 r
  pmcon_STM/U2375/Y (NAND3X2)                                       0.10      0.09       7.86 f
  pmcon_STM/n3650 (net)                         2         0.01                0.00       7.86 f
  pmcon_STM/U2371/A (NAND3X2)                                       0.10      0.00       7.86 f
  pmcon_STM/U2371/Y (NAND3X2)                                       0.13      0.09       7.95 r
  pmcon_STM/n3608 (net)                         3         0.01                0.00       7.95 r
  pmcon_STM/U2331/A (INVX2)                                         0.13      0.00       7.95 r
  pmcon_STM/U2331/Y (INVX2)                                         0.10      0.10       8.04 f
  pmcon_STM/n3519 (net)                         6         0.02                0.00       8.04 f
  pmcon_STM/U2363/A (NAND2X2)                                       0.10      0.00       8.04 f
  pmcon_STM/U2363/Y (NAND2X2)                                       0.09      0.08       8.12 r
  pmcon_STM/n3585 (net)                         2         0.01                0.00       8.12 r
  pmcon_STM/U2313/A (INVX3)                                         0.09      0.00       8.12 r
  pmcon_STM/U2313/Y (INVX3)                                         0.04      0.04       8.16 f
  pmcon_STM/n3728 (net)                         1         0.01                0.00       8.16 f
  pmcon_STM/U2355/A (NOR3X2)                                        0.04      0.00       8.16 f
  pmcon_STM/U2355/Y (NOR3X2)                                        0.17      0.09       8.26 r
  pmcon_STM/n3727 (net)                         1         0.01                0.00       8.26 r
  pmcon_STM/U2374/D (NAND4X2)                                       0.17      0.00       8.26 r
  pmcon_STM/U2374/Y (NAND4X2)                                       0.13      0.14       8.40 f
  pmcon_STM/n3630 (net)                         3         0.01                0.00       8.40 f
  pmcon_STM/U2439/A (NAND2X1)                                       0.13      0.00       8.40 f
  pmcon_STM/U2439/Y (NAND2X1)                                       0.15      0.12       8.52 r
  pmcon_STM/n3673 (net)                         3         0.01                0.00       8.52 r
  pmcon_STM/U2391/A (INVX1)                                         0.15      0.00       8.52 r
  pmcon_STM/U2391/Y (INVX1)                                         0.08      0.08       8.60 f
  pmcon_STM/n3679 (net)                         3         0.01                0.00       8.60 f
  pmcon_STM/U2330/A (BUFX4)                                         0.08      0.00       8.60 f
  pmcon_STM/U2330/Y (BUFX4)                                         0.08      0.15       8.75 f
  pmcon_STM/n3842 (net)                         8         0.03                0.00       8.75 f
  pmcon_STM/U2346/A (INVX1)                                         0.08      0.00       8.75 f
  pmcon_STM/U2346/Y (INVX1)                                         0.10      0.08       8.83 r
  pmcon_STM/n3507 (net)                         2         0.01                0.00       8.83 r
  pmcon_STM/U2343/B (NAND2X1)                                       0.10      0.00       8.83 r
  pmcon_STM/U2343/Y (NAND2X1)                                       0.08      0.06       8.89 f
  pmcon_STM/n3508 (net)                         1         0.00                0.00       8.89 f
  pmcon_STM/U2345/A (NAND2X1)                                       0.08      0.00       8.89 f
  pmcon_STM/U2345/Y (NAND2X1)                                       0.08      0.07       8.96 r
  pmcon_STM/n3510 (net)                         1         0.00                0.00       8.96 r
  pmcon_STM/U2347/A (INVX1)                                         0.08      0.00       8.96 r
  pmcon_STM/U2347/Y (INVX1)                                         0.03      0.04       9.00 f
  pmcon_STM/n2594 (net)                         1         0.00                0.00       9.00 f
  pmcon_STM/ADR_reg_7_/D (DFFRX1)                                   0.03      0.00       9.00 f
  data arrival time                                                                      9.00

  clock M_PCLK (rise edge)                                                   10.00      10.00
  clock network delay (ideal)                                                 0.00      10.00
  clock uncertainty                                                          -0.80       9.20
  pmcon_STM/ADR_reg_7_/CK (DFFRX1)                                            0.00       9.20 r
  library setup time                                                         -0.20       9.00
  data required time                                                                     9.00
  ----------------------------------------------------------------------------------------------
  data required time                                                                     9.00
  data arrival time                                                                     -9.00
  ----------------------------------------------------------------------------------------------
  slack (MET)                                                                            0.00


  Startpoint: M_PENABLE (input port clocked by M_PCLK)
  Endpoint: pmcon_STM/ADR_reg_9_
            (rising edge-triggered flip-flop clocked by M_PCLK)
  Path Group: M_PCLK
  Path Type: max

  Point                                       Fanout       Cap     Trans      Incr       Path
  ----------------------------------------------------------------------------------------------
  clock M_PCLK (rise edge)                                                    0.00       0.00
  clock network delay (ideal)                                                 0.00       0.00
  input external delay                                                        7.00       7.00 f
  M_PENABLE (in)                                                    1.00      0.00       7.00 f
  M_PENABLE (net)                               4         0.01                0.00       7.00 f
  pmcon_MEMIF/PENABLE (pmcon_MEMIF_ADDRESSWIDTH22)                            0.00       7.00 f
  pmcon_MEMIF/PENABLE (net)                               0.01                0.00       7.00 f
  pmcon_MEMIF/U19/A (OR2X2)                                         1.00      0.00       7.00 f
  pmcon_MEMIF/U19/Y (OR2X2)                                         0.09      0.40       7.40 f
  pmcon_MEMIF/n73 (net)                         1         0.01                0.00       7.40 f
  pmcon_MEMIF/U21/A (NOR2X2)                                        0.09      0.00       7.40 f
  pmcon_MEMIF/U21/Y (NOR2X2)                                        0.11      0.08       7.49 r
  pmcon_MEMIF/n74 (net)                         1         0.01                0.00       7.49 r
  pmcon_MEMIF/U18/A (BUFX6)                                         0.11      0.00       7.49 r
  pmcon_MEMIF/U18/Y (BUFX6)                                         0.15      0.16       7.65 r
  pmcon_MEMIF/Write (net)                      39         0.07                0.00       7.65 r
  pmcon_MEMIF/Write (pmcon_MEMIF_ADDRESSWIDTH22)                              0.00       7.65 r
  Write (net)                                             0.07                0.00       7.65 r
  pmcon_STM/Write (pmcon_STM_ADDRESSWIDTH22)                                  0.00       7.65 r
  pmcon_STM/Write (net)                                   0.07                0.00       7.65 r
  pmcon_STM/U2381/A (INVX4)                                         0.15      0.00       7.65 r
  pmcon_STM/U2381/Y (INVX4)                                         0.04      0.05       7.70 f
  pmcon_STM/n3232 (net)                         1         0.01                0.00       7.70 f
  pmcon_STM/U2562/B (NAND2X2)                                       0.04      0.00       7.70 f
  pmcon_STM/U2562/Y (NAND2X2)                                       0.08      0.06       7.76 r
  pmcon_STM/n3815 (net)                         1         0.01                0.00       7.76 r
  pmcon_STM/U2375/C (NAND3X2)                                       0.08      0.00       7.76 r
  pmcon_STM/U2375/Y (NAND3X2)                                       0.10      0.09       7.86 f
  pmcon_STM/n3650 (net)                         2         0.01                0.00       7.86 f
  pmcon_STM/U2371/A (NAND3X2)                                       0.10      0.00       7.86 f
  pmcon_STM/U2371/Y (NAND3X2)                                       0.13      0.09       7.95 r
  pmcon_STM/n3608 (net)                         3         0.01                0.00       7.95 r
  pmcon_STM/U2331/A (INVX2)                                         0.13      0.00       7.95 r
  pmcon_STM/U2331/Y (INVX2)                                         0.10      0.10       8.04 f
  pmcon_STM/n3519 (net)                         6         0.02                0.00       8.04 f
  pmcon_STM/U2363/A (NAND2X2)                                       0.10      0.00       8.04 f
  pmcon_STM/U2363/Y (NAND2X2)                                       0.09      0.08       8.12 r
  pmcon_STM/n3585 (net)                         2         0.01                0.00       8.12 r
  pmcon_STM/U2313/A (INVX3)                                         0.09      0.00       8.12 r
  pmcon_STM/U2313/Y (INVX3)                                         0.04      0.04       8.16 f
  pmcon_STM/n3728 (net)                         1         0.01                0.00       8.16 f
  pmcon_STM/U2355/A (NOR3X2)                                        0.04      0.00       8.16 f
  pmcon_STM/U2355/Y (NOR3X2)                                        0.17      0.09       8.26 r
  pmcon_STM/n3727 (net)                         1         0.01                0.00       8.26 r
  pmcon_STM/U2374/D (NAND4X2)                                       0.17      0.00       8.26 r
  pmcon_STM/U2374/Y (NAND4X2)                                       0.13      0.14       8.40 f
  pmcon_STM/n3630 (net)                         3         0.01                0.00       8.40 f
  pmcon_STM/U2439/A (NAND2X1)                                       0.13      0.00       8.40 f
  pmcon_STM/U2439/Y (NAND2X1)                                       0.15      0.12       8.52 r
  pmcon_STM/n3673 (net)                         3         0.01                0.00       8.52 r
  pmcon_STM/U2391/A (INVX1)                                         0.15      0.00       8.52 r
  pmcon_STM/U2391/Y (INVX1)                                         0.08      0.08       8.60 f
  pmcon_STM/n3679 (net)                         3         0.01                0.00       8.60 f
  pmcon_STM/U2330/A (BUFX4)                                         0.08      0.00       8.60 f
  pmcon_STM/U2330/Y (BUFX4)                                         0.08      0.15       8.75 f
  pmcon_STM/n3842 (net)                         8         0.03                0.00       8.75 f
  pmcon_STM/U2346/A (INVX1)                                         0.08      0.00       8.75 f
  pmcon_STM/U2346/Y (INVX1)                                         0.10      0.08       8.83 r
  pmcon_STM/n3507 (net)                         2         0.01                0.00       8.83 r
  pmcon_STM/U2348/B (NAND2X1)                                       0.10      0.00       8.83 r
  pmcon_STM/U2348/Y (NAND2X1)                                       0.08      0.06       8.89 f
  pmcon_STM/n3511 (net)                         1         0.00                0.00       8.89 f
  pmcon_STM/U2350/A (NAND2X1)                                       0.08      0.00       8.89 f
  pmcon_STM/U2350/Y (NAND2X1)                                       0.08      0.07       8.96 r
  pmcon_STM/n3513 (net)                         1         0.00                0.00       8.96 r
  pmcon_STM/U2351/A (INVX1)                                         0.08      0.00       8.96 r
  pmcon_STM/U2351/Y (INVX1)                                         0.03      0.04       9.00 f
  pmcon_STM/n2592 (net)                         1         0.00                0.00       9.00 f
  pmcon_STM/ADR_reg_9_/D (DFFRX1)                                   0.03      0.00       9.00 f
  data arrival time                                                                      9.00

  clock M_PCLK (rise edge)                                                   10.00      10.00
  clock network delay (ideal)                                                 0.00      10.00
  clock uncertainty                                                          -0.80       9.20
  pmcon_STM/ADR_reg_9_/CK (DFFRX1)                                            0.00       9.20 r
  library setup time                                                         -0.20       9.00
  data required time                                                                     9.00
  ----------------------------------------------------------------------------------------------
  data required time                                                                     9.00
  data arrival time                                                                     -9.00
  ----------------------------------------------------------------------------------------------
  slack (MET)                                                                            0.00


  Startpoint: M_PENABLE (input port clocked by M_PCLK)
  Endpoint: pmcon_STM/ADR_reg_1_
            (rising edge-triggered flip-flop clocked by M_PCLK)
  Path Group: M_PCLK
  Path Type: max

  Point                                       Fanout       Cap     Trans      Incr       Path
  ----------------------------------------------------------------------------------------------
  clock M_PCLK (rise edge)                                                    0.00       0.00
  clock network delay (ideal)                                                 0.00       0.00
  input external delay                                                        7.00       7.00 f
  M_PENABLE (in)                                                    1.00      0.00       7.00 f
  M_PENABLE (net)                               4         0.01                0.00       7.00 f
  pmcon_MEMIF/PENABLE (pmcon_MEMIF_ADDRESSWIDTH22)                            0.00       7.00 f
  pmcon_MEMIF/PENABLE (net)                               0.01                0.00       7.00 f
  pmcon_MEMIF/U19/A (OR2X2)                                         1.00      0.00       7.00 f
  pmcon_MEMIF/U19/Y (OR2X2)                                         0.09      0.40       7.40 f
  pmcon_MEMIF/n73 (net)                         1         0.01                0.00       7.40 f
  pmcon_MEMIF/U21/A (NOR2X2)                                        0.09      0.00       7.40 f
  pmcon_MEMIF/U21/Y (NOR2X2)                                        0.11      0.08       7.49 r
  pmcon_MEMIF/n74 (net)                         1         0.01                0.00       7.49 r
  pmcon_MEMIF/U18/A (BUFX6)                                         0.11      0.00       7.49 r
  pmcon_MEMIF/U18/Y (BUFX6)                                         0.15      0.16       7.65 r
  pmcon_MEMIF/Write (net)                      39         0.07                0.00       7.65 r
  pmcon_MEMIF/Write (pmcon_MEMIF_ADDRESSWIDTH22)                              0.00       7.65 r
  Write (net)                                             0.07                0.00       7.65 r
  pmcon_STM/Write (pmcon_STM_ADDRESSWIDTH22)                                  0.00       7.65 r
  pmcon_STM/Write (net)                                   0.07                0.00       7.65 r
  pmcon_STM/U2381/A (INVX4)                                         0.15      0.00       7.65 r
  pmcon_STM/U2381/Y (INVX4)                                         0.04      0.05       7.70 f
  pmcon_STM/n3232 (net)                         1         0.01                0.00       7.70 f
  pmcon_STM/U2562/B (NAND2X2)                                       0.04      0.00       7.70 f
  pmcon_STM/U2562/Y (NAND2X2)                                       0.08      0.06       7.76 r
  pmcon_STM/n3815 (net)                         1         0.01                0.00       7.76 r
  pmcon_STM/U2375/C (NAND3X2)                                       0.08      0.00       7.76 r
  pmcon_STM/U2375/Y (NAND3X2)                                       0.10      0.09       7.86 f
  pmcon_STM/n3650 (net)                         2         0.01                0.00       7.86 f
  pmcon_STM/U2371/A (NAND3X2)                                       0.10      0.00       7.86 f
  pmcon_STM/U2371/Y (NAND3X2)                                       0.13      0.09       7.95 r
  pmcon_STM/n3608 (net)                         3         0.01                0.00       7.95 r
  pmcon_STM/U2331/A (INVX2)                                         0.13      0.00       7.95 r
  pmcon_STM/U2331/Y (INVX2)                                         0.10      0.10       8.04 f
  pmcon_STM/n3519 (net)                         6         0.02                0.00       8.04 f
  pmcon_STM/U2363/A (NAND2X2)                                       0.10      0.00       8.04 f
  pmcon_STM/U2363/Y (NAND2X2)                                       0.09      0.08       8.12 r
  pmcon_STM/n3585 (net)                         2         0.01                0.00       8.12 r
  pmcon_STM/U2313/A (INVX3)                                         0.09      0.00       8.12 r
  pmcon_STM/U2313/Y (INVX3)                                         0.04      0.04       8.16 f
  pmcon_STM/n3728 (net)                         1         0.01                0.00       8.16 f
  pmcon_STM/U2355/A (NOR3X2)                                        0.04      0.00       8.16 f
  pmcon_STM/U2355/Y (NOR3X2)                                        0.17      0.09       8.26 r
  pmcon_STM/n3727 (net)                         1         0.01                0.00       8.26 r
  pmcon_STM/U2374/D (NAND4X2)                                       0.17      0.00       8.26 r
  pmcon_STM/U2374/Y (NAND4X2)                                       0.13      0.14       8.40 f
  pmcon_STM/n3630 (net)                         3         0.01                0.00       8.40 f
  pmcon_STM/U2439/A (NAND2X1)                                       0.13      0.00       8.40 f
  pmcon_STM/U2439/Y (NAND2X1)                                       0.15      0.12       8.52 r
  pmcon_STM/n3673 (net)                         3         0.01                0.00       8.52 r
  pmcon_STM/U2391/A (INVX1)                                         0.15      0.00       8.52 r
  pmcon_STM/U2391/Y (INVX1)                                         0.08      0.08       8.60 f
  pmcon_STM/n3679 (net)                         3         0.01                0.00       8.60 f
  pmcon_STM/U2382/A (BUFX2)                                         0.08      0.00       8.60 f
  pmcon_STM/U2382/Y (BUFX2)                                         0.13      0.21       8.81 f
  pmcon_STM/n3841 (net)                         7         0.03                0.00       8.81 f
  pmcon_STM/U2572/S0 (MXI2X1)                                       0.13      0.00       8.81 f
  pmcon_STM/U2572/Y (MXI2X1)                                        0.13      0.16       8.97 f
  pmcon_STM/n2600 (net)                         1         0.00                0.00       8.97 f
  pmcon_STM/ADR_reg_1_/D (DFFRX1)                                   0.13      0.00       8.97 f
  data arrival time                                                                      8.97

  clock M_PCLK (rise edge)                                                   10.00      10.00
  clock network delay (ideal)                                                 0.00      10.00
  clock uncertainty                                                          -0.80       9.20
  pmcon_STM/ADR_reg_1_/CK (DFFRX1)                                            0.00       9.20 r
  library setup time                                                         -0.22       8.98
  data required time                                                                     8.98
  ----------------------------------------------------------------------------------------------
  data required time                                                                     8.98
  data arrival time                                                                     -8.97
  ----------------------------------------------------------------------------------------------
  slack (MET)                                                                            0.01


  Startpoint: M_PENABLE (input port clocked by M_PCLK)
  Endpoint: pmcon_STM/ADR_reg_10_
            (rising edge-triggered flip-flop clocked by M_PCLK)
  Path Group: M_PCLK
  Path Type: max

  Point                                       Fanout       Cap     Trans      Incr       Path
  ----------------------------------------------------------------------------------------------
  clock M_PCLK (rise edge)                                                    0.00       0.00
  clock network delay (ideal)                                                 0.00       0.00
  input external delay                                                        7.00       7.00 f
  M_PENABLE (in)                                                    1.00      0.00       7.00 f
  M_PENABLE (net)                               4         0.01                0.00       7.00 f
  pmcon_MEMIF/PENABLE (pmcon_MEMIF_ADDRESSWIDTH22)                            0.00       7.00 f
  pmcon_MEMIF/PENABLE (net)                               0.01                0.00       7.00 f
  pmcon_MEMIF/U19/A (OR2X2)                                         1.00      0.00       7.00 f
  pmcon_MEMIF/U19/Y (OR2X2)                                         0.09      0.40       7.40 f
  pmcon_MEMIF/n73 (net)                         1         0.01                0.00       7.40 f
  pmcon_MEMIF/U21/A (NOR2X2)                                        0.09      0.00       7.40 f
  pmcon_MEMIF/U21/Y (NOR2X2)                                        0.11      0.08       7.49 r
  pmcon_MEMIF/n74 (net)                         1         0.01                0.00       7.49 r
  pmcon_MEMIF/U18/A (BUFX6)                                         0.11      0.00       7.49 r
  pmcon_MEMIF/U18/Y (BUFX6)                                         0.15      0.16       7.65 r
  pmcon_MEMIF/Write (net)                      39         0.07                0.00       7.65 r
  pmcon_MEMIF/Write (pmcon_MEMIF_ADDRESSWIDTH22)                              0.00       7.65 r
  Write (net)                                             0.07                0.00       7.65 r
  pmcon_STM/Write (pmcon_STM_ADDRESSWIDTH22)                                  0.00       7.65 r
  pmcon_STM/Write (net)                                   0.07                0.00       7.65 r
  pmcon_STM/U2381/A (INVX4)                                         0.15      0.00       7.65 r
  pmcon_STM/U2381/Y (INVX4)                                         0.04      0.05       7.70 f
  pmcon_STM/n3232 (net)                         1         0.01                0.00       7.70 f
  pmcon_STM/U2562/B (NAND2X2)                                       0.04      0.00       7.70 f
  pmcon_STM/U2562/Y (NAND2X2)                                       0.08      0.06       7.76 r
  pmcon_STM/n3815 (net)                         1         0.01                0.00       7.76 r
  pmcon_STM/U2375/C (NAND3X2)                                       0.08      0.00       7.76 r
  pmcon_STM/U2375/Y (NAND3X2)                                       0.10      0.09       7.86 f
  pmcon_STM/n3650 (net)                         2         0.01                0.00       7.86 f
  pmcon_STM/U2371/A (NAND3X2)                                       0.10      0.00       7.86 f
  pmcon_STM/U2371/Y (NAND3X2)                                       0.13      0.09       7.95 r
  pmcon_STM/n3608 (net)                         3         0.01                0.00       7.95 r
  pmcon_STM/U2331/A (INVX2)                                         0.13      0.00       7.95 r
  pmcon_STM/U2331/Y (INVX2)                                         0.10      0.10       8.04 f
  pmcon_STM/n3519 (net)                         6         0.02                0.00       8.04 f
  pmcon_STM/U2363/A (NAND2X2)                                       0.10      0.00       8.04 f
  pmcon_STM/U2363/Y (NAND2X2)                                       0.09      0.08       8.12 r
  pmcon_STM/n3585 (net)                         2         0.01                0.00       8.12 r
  pmcon_STM/U2313/A (INVX3)                                         0.09      0.00       8.12 r
  pmcon_STM/U2313/Y (INVX3)                                         0.04      0.04       8.16 f
  pmcon_STM/n3728 (net)                         1         0.01                0.00       8.16 f
  pmcon_STM/U2355/A (NOR3X2)                                        0.04      0.00       8.16 f
  pmcon_STM/U2355/Y (NOR3X2)                                        0.17      0.09       8.26 r
  pmcon_STM/n3727 (net)                         1         0.01                0.00       8.26 r
  pmcon_STM/U2374/D (NAND4X2)                                       0.17      0.00       8.26 r
  pmcon_STM/U2374/Y (NAND4X2)                                       0.13      0.14       8.40 f
  pmcon_STM/n3630 (net)                         3         0.01                0.00       8.40 f
  pmcon_STM/U2439/A (NAND2X1)                                       0.13      0.00       8.40 f
  pmcon_STM/U2439/Y (NAND2X1)                                       0.15      0.12       8.52 r
  pmcon_STM/n3673 (net)                         3         0.01                0.00       8.52 r
  pmcon_STM/U2391/A (INVX1)                                         0.15      0.00       8.52 r
  pmcon_STM/U2391/Y (INVX1)                                         0.08      0.08       8.60 f
  pmcon_STM/n3679 (net)                         3         0.01                0.00       8.60 f
  pmcon_STM/U2382/A (BUFX2)                                         0.08      0.00       8.60 f
  pmcon_STM/U2382/Y (BUFX2)                                         0.13      0.21       8.81 f
  pmcon_STM/n3841 (net)                         7         0.03                0.00       8.81 f
  pmcon_STM/U2576/S0 (MXI2X1)                                       0.13      0.00       8.81 f
  pmcon_STM/U2576/Y (MXI2X1)                                        0.13      0.16       8.97 f
  pmcon_STM/n2591 (net)                         1         0.00                0.00       8.97 f
  pmcon_STM/ADR_reg_10_/D (DFFRX1)                                  0.13      0.00       8.97 f
  data arrival time                                                                      8.97

  clock M_PCLK (rise edge)                                                   10.00      10.00
  clock network delay (ideal)                                                 0.00      10.00
  clock uncertainty                                                          -0.80       9.20
  pmcon_STM/ADR_reg_10_/CK (DFFRX1)                                           0.00       9.20 r
  library setup time                                                         -0.22       8.98
  data required time                                                                     8.98
  ----------------------------------------------------------------------------------------------
  data required time                                                                     8.98
  data arrival time                                                                     -8.97
  ----------------------------------------------------------------------------------------------
  slack (MET)                                                                            0.01


  Startpoint: M_PENABLE (input port clocked by M_PCLK)
  Endpoint: pmcon_STM/ADR_reg_12_
            (rising edge-triggered flip-flop clocked by M_PCLK)
  Path Group: M_PCLK
  Path Type: max

  Point                                       Fanout       Cap     Trans      Incr       Path
  ----------------------------------------------------------------------------------------------
  clock M_PCLK (rise edge)                                                    0.00       0.00
  clock network delay (ideal)                                                 0.00       0.00
  input external delay                                                        7.00       7.00 f
  M_PENABLE (in)                                                    1.00      0.00       7.00 f
  M_PENABLE (net)                               4         0.01                0.00       7.00 f
  pmcon_MEMIF/PENABLE (pmcon_MEMIF_ADDRESSWIDTH22)                            0.00       7.00 f
  pmcon_MEMIF/PENABLE (net)                               0.01                0.00       7.00 f
  pmcon_MEMIF/U19/A (OR2X2)                                         1.00      0.00       7.00 f
  pmcon_MEMIF/U19/Y (OR2X2)                                         0.09      0.40       7.40 f
  pmcon_MEMIF/n73 (net)                         1         0.01                0.00       7.40 f
  pmcon_MEMIF/U21/A (NOR2X2)                                        0.09      0.00       7.40 f
  pmcon_MEMIF/U21/Y (NOR2X2)                                        0.11      0.08       7.49 r
  pmcon_MEMIF/n74 (net)                         1         0.01                0.00       7.49 r
  pmcon_MEMIF/U18/A (BUFX6)                                         0.11      0.00       7.49 r
  pmcon_MEMIF/U18/Y (BUFX6)                                         0.15      0.16       7.65 r
  pmcon_MEMIF/Write (net)                      39         0.07                0.00       7.65 r
  pmcon_MEMIF/Write (pmcon_MEMIF_ADDRESSWIDTH22)                              0.00       7.65 r
  Write (net)                                             0.07                0.00       7.65 r
  pmcon_STM/Write (pmcon_STM_ADDRESSWIDTH22)                                  0.00       7.65 r
  pmcon_STM/Write (net)                                   0.07                0.00       7.65 r
  pmcon_STM/U2381/A (INVX4)                                         0.15      0.00       7.65 r
  pmcon_STM/U2381/Y (INVX4)                                         0.04      0.05       7.70 f
  pmcon_STM/n3232 (net)                         1         0.01                0.00       7.70 f
  pmcon_STM/U2562/B (NAND2X2)                                       0.04      0.00       7.70 f
  pmcon_STM/U2562/Y (NAND2X2)                                       0.08      0.06       7.76 r
  pmcon_STM/n3815 (net)                         1         0.01                0.00       7.76 r
  pmcon_STM/U2375/C (NAND3X2)                                       0.08      0.00       7.76 r
  pmcon_STM/U2375/Y (NAND3X2)                                       0.10      0.09       7.86 f
  pmcon_STM/n3650 (net)                         2         0.01                0.00       7.86 f
  pmcon_STM/U2371/A (NAND3X2)                                       0.10      0.00       7.86 f
  pmcon_STM/U2371/Y (NAND3X2)                                       0.13      0.09       7.95 r
  pmcon_STM/n3608 (net)                         3         0.01                0.00       7.95 r
  pmcon_STM/U2331/A (INVX2)                                         0.13      0.00       7.95 r
  pmcon_STM/U2331/Y (INVX2)                                         0.10      0.10       8.04 f
  pmcon_STM/n3519 (net)                         6         0.02                0.00       8.04 f
  pmcon_STM/U2363/A (NAND2X2)                                       0.10      0.00       8.04 f
  pmcon_STM/U2363/Y (NAND2X2)                                       0.09      0.08       8.12 r
  pmcon_STM/n3585 (net)                         2         0.01                0.00       8.12 r
  pmcon_STM/U2313/A (INVX3)                                         0.09      0.00       8.12 r
  pmcon_STM/U2313/Y (INVX3)                                         0.04      0.04       8.16 f
  pmcon_STM/n3728 (net)                         1         0.01                0.00       8.16 f
  pmcon_STM/U2355/A (NOR3X2)                                        0.04      0.00       8.16 f
  pmcon_STM/U2355/Y (NOR3X2)                                        0.17      0.09       8.26 r
  pmcon_STM/n3727 (net)                         1         0.01                0.00       8.26 r
  pmcon_STM/U2374/D (NAND4X2)                                       0.17      0.00       8.26 r
  pmcon_STM/U2374/Y (NAND4X2)                                       0.13      0.14       8.40 f
  pmcon_STM/n3630 (net)                         3         0.01                0.00       8.40 f
  pmcon_STM/U2439/A (NAND2X1)                                       0.13      0.00       8.40 f
  pmcon_STM/U2439/Y (NAND2X1)                                       0.15      0.12       8.52 r
  pmcon_STM/n3673 (net)                         3         0.01                0.00       8.52 r
  pmcon_STM/U2391/A (INVX1)                                         0.15      0.00       8.52 r
  pmcon_STM/U2391/Y (INVX1)                                         0.08      0.08       8.60 f
  pmcon_STM/n3679 (net)                         3         0.01                0.00       8.60 f
  pmcon_STM/U2382/A (BUFX2)                                         0.08      0.00       8.60 f
  pmcon_STM/U2382/Y (BUFX2)                                         0.13      0.21       8.81 f
  pmcon_STM/n3841 (net)                         7         0.03                0.00       8.81 f
  pmcon_STM/U2610/S0 (MXI2X1)                                       0.13      0.00       8.81 f
  pmcon_STM/U2610/Y (MXI2X1)                                        0.13      0.16       8.97 f
  pmcon_STM/n2589 (net)                         1         0.00                0.00       8.97 f
  pmcon_STM/ADR_reg_12_/D (DFFRX1)                                  0.13      0.00       8.97 f
  data arrival time                                                                      8.97

  clock M_PCLK (rise edge)                                                   10.00      10.00
  clock network delay (ideal)                                                 0.00      10.00
  clock uncertainty                                                          -0.80       9.20
  pmcon_STM/ADR_reg_12_/CK (DFFRX1)                                           0.00       9.20 r
  library setup time                                                         -0.22       8.98
  data required time                                                                     8.98
  ----------------------------------------------------------------------------------------------
  data required time                                                                     8.98
  data arrival time                                                                     -8.97
  ----------------------------------------------------------------------------------------------
  slack (MET)                                                                            0.01


  Startpoint: M_PENABLE (input port clocked by M_PCLK)
  Endpoint: pmcon_STM/ADR_reg_14_
            (rising edge-triggered flip-flop clocked by M_PCLK)
  Path Group: M_PCLK
  Path Type: max

  Point                                       Fanout       Cap     Trans      Incr       Path
  ----------------------------------------------------------------------------------------------
  clock M_PCLK (rise edge)                                                    0.00       0.00
  clock network delay (ideal)                                                 0.00       0.00
  input external delay                                                        7.00       7.00 f
  M_PENABLE (in)                                                    1.00      0.00       7.00 f
  M_PENABLE (net)                               4         0.01                0.00       7.00 f
  pmcon_MEMIF/PENABLE (pmcon_MEMIF_ADDRESSWIDTH22)                            0.00       7.00 f
  pmcon_MEMIF/PENABLE (net)                               0.01                0.00       7.00 f
  pmcon_MEMIF/U19/A (OR2X2)                                         1.00      0.00       7.00 f
  pmcon_MEMIF/U19/Y (OR2X2)                                         0.09      0.40       7.40 f
  pmcon_MEMIF/n73 (net)                         1         0.01                0.00       7.40 f
  pmcon_MEMIF/U21/A (NOR2X2)                                        0.09      0.00       7.40 f
  pmcon_MEMIF/U21/Y (NOR2X2)                                        0.11      0.08       7.49 r
  pmcon_MEMIF/n74 (net)                         1         0.01                0.00       7.49 r
  pmcon_MEMIF/U18/A (BUFX6)                                         0.11      0.00       7.49 r
  pmcon_MEMIF/U18/Y (BUFX6)                                         0.15      0.16       7.65 r
  pmcon_MEMIF/Write (net)                      39         0.07                0.00       7.65 r
  pmcon_MEMIF/Write (pmcon_MEMIF_ADDRESSWIDTH22)                              0.00       7.65 r
  Write (net)                                             0.07                0.00       7.65 r
  pmcon_STM/Write (pmcon_STM_ADDRESSWIDTH22)                                  0.00       7.65 r
  pmcon_STM/Write (net)                                   0.07                0.00       7.65 r
  pmcon_STM/U2381/A (INVX4)                                         0.15      0.00       7.65 r
  pmcon_STM/U2381/Y (INVX4)                                         0.04      0.05       7.70 f
  pmcon_STM/n3232 (net)                         1         0.01                0.00       7.70 f
  pmcon_STM/U2562/B (NAND2X2)                                       0.04      0.00       7.70 f
  pmcon_STM/U2562/Y (NAND2X2)                                       0.08      0.06       7.76 r
  pmcon_STM/n3815 (net)                         1         0.01                0.00       7.76 r
  pmcon_STM/U2375/C (NAND3X2)                                       0.08      0.00       7.76 r
  pmcon_STM/U2375/Y (NAND3X2)                                       0.10      0.09       7.86 f
  pmcon_STM/n3650 (net)                         2         0.01                0.00       7.86 f
  pmcon_STM/U2371/A (NAND3X2)                                       0.10      0.00       7.86 f
  pmcon_STM/U2371/Y (NAND3X2)                                       0.13      0.09       7.95 r
  pmcon_STM/n3608 (net)                         3         0.01                0.00       7.95 r
  pmcon_STM/U2331/A (INVX2)                                         0.13      0.00       7.95 r
  pmcon_STM/U2331/Y (INVX2)                                         0.10      0.10       8.04 f
  pmcon_STM/n3519 (net)                         6         0.02                0.00       8.04 f
  pmcon_STM/U2363/A (NAND2X2)                                       0.10      0.00       8.04 f
  pmcon_STM/U2363/Y (NAND2X2)                                       0.09      0.08       8.12 r
  pmcon_STM/n3585 (net)                         2         0.01                0.00       8.12 r
  pmcon_STM/U2313/A (INVX3)                                         0.09      0.00       8.12 r
  pmcon_STM/U2313/Y (INVX3)                                         0.04      0.04       8.16 f
  pmcon_STM/n3728 (net)                         1         0.01                0.00       8.16 f
  pmcon_STM/U2355/A (NOR3X2)                                        0.04      0.00       8.16 f
  pmcon_STM/U2355/Y (NOR3X2)                                        0.17      0.09       8.26 r
  pmcon_STM/n3727 (net)                         1         0.01                0.00       8.26 r
  pmcon_STM/U2374/D (NAND4X2)                                       0.17      0.00       8.26 r
  pmcon_STM/U2374/Y (NAND4X2)                                       0.13      0.14       8.40 f
  pmcon_STM/n3630 (net)                         3         0.01                0.00       8.40 f
  pmcon_STM/U2439/A (NAND2X1)                                       0.13      0.00       8.40 f
  pmcon_STM/U2439/Y (NAND2X1)                                       0.15      0.12       8.52 r
  pmcon_STM/n3673 (net)                         3         0.01                0.00       8.52 r
  pmcon_STM/U2391/A (INVX1)                                         0.15      0.00       8.52 r
  pmcon_STM/U2391/Y (INVX1)                                         0.08      0.08       8.60 f
  pmcon_STM/n3679 (net)                         3         0.01                0.00       8.60 f
  pmcon_STM/U2382/A (BUFX2)                                         0.08      0.00       8.60 f
  pmcon_STM/U2382/Y (BUFX2)                                         0.13      0.21       8.81 f
  pmcon_STM/n3841 (net)                         7         0.03                0.00       8.81 f
  pmcon_STM/U2604/S0 (MXI2X1)                                       0.13      0.00       8.81 f
  pmcon_STM/U2604/Y (MXI2X1)                                        0.13      0.16       8.97 f
  pmcon_STM/n2587 (net)                         1         0.00                0.00       8.97 f
  pmcon_STM/ADR_reg_14_/D (DFFRX1)                                  0.13      0.00       8.97 f
  data arrival time                                                                      8.97

  clock M_PCLK (rise edge)                                                   10.00      10.00
  clock network delay (ideal)                                                 0.00      10.00
  clock uncertainty                                                          -0.80       9.20
  pmcon_STM/ADR_reg_14_/CK (DFFRX1)                                           0.00       9.20 r
  library setup time                                                         -0.22       8.98
  data required time                                                                     8.98
  ----------------------------------------------------------------------------------------------
  data required time                                                                     8.98
  data arrival time                                                                     -8.97
  ----------------------------------------------------------------------------------------------
  slack (MET)                                                                            0.01


  Startpoint: M_PENABLE (input port clocked by M_PCLK)
  Endpoint: pmcon_STM/ADR_reg_16_
            (rising edge-triggered flip-flop clocked by M_PCLK)
  Path Group: M_PCLK
  Path Type: max

  Point                                       Fanout       Cap     Trans      Incr       Path
  ----------------------------------------------------------------------------------------------
  clock M_PCLK (rise edge)                                                    0.00       0.00
  clock network delay (ideal)                                                 0.00       0.00
  input external delay                                                        7.00       7.00 f
  M_PENABLE (in)                                                    1.00      0.00       7.00 f
  M_PENABLE (net)                               4         0.01                0.00       7.00 f
  pmcon_MEMIF/PENABLE (pmcon_MEMIF_ADDRESSWIDTH22)                            0.00       7.00 f
  pmcon_MEMIF/PENABLE (net)                               0.01                0.00       7.00 f
  pmcon_MEMIF/U19/A (OR2X2)                                         1.00      0.00       7.00 f
  pmcon_MEMIF/U19/Y (OR2X2)                                         0.09      0.40       7.40 f
  pmcon_MEMIF/n73 (net)                         1         0.01                0.00       7.40 f
  pmcon_MEMIF/U21/A (NOR2X2)                                        0.09      0.00       7.40 f
  pmcon_MEMIF/U21/Y (NOR2X2)                                        0.11      0.08       7.49 r
  pmcon_MEMIF/n74 (net)                         1         0.01                0.00       7.49 r
  pmcon_MEMIF/U18/A (BUFX6)                                         0.11      0.00       7.49 r
  pmcon_MEMIF/U18/Y (BUFX6)                                         0.15      0.16       7.65 r
  pmcon_MEMIF/Write (net)                      39         0.07                0.00       7.65 r
  pmcon_MEMIF/Write (pmcon_MEMIF_ADDRESSWIDTH22)                              0.00       7.65 r
  Write (net)                                             0.07                0.00       7.65 r
  pmcon_STM/Write (pmcon_STM_ADDRESSWIDTH22)                                  0.00       7.65 r
  pmcon_STM/Write (net)                                   0.07                0.00       7.65 r
  pmcon_STM/U2381/A (INVX4)                                         0.15      0.00       7.65 r
  pmcon_STM/U2381/Y (INVX4)                                         0.04      0.05       7.70 f
  pmcon_STM/n3232 (net)                         1         0.01                0.00       7.70 f
  pmcon_STM/U2562/B (NAND2X2)                                       0.04      0.00       7.70 f
  pmcon_STM/U2562/Y (NAND2X2)                                       0.08      0.06       7.76 r
  pmcon_STM/n3815 (net)                         1         0.01                0.00       7.76 r
  pmcon_STM/U2375/C (NAND3X2)                                       0.08      0.00       7.76 r
  pmcon_STM/U2375/Y (NAND3X2)                                       0.10      0.09       7.86 f
  pmcon_STM/n3650 (net)                         2         0.01                0.00       7.86 f
  pmcon_STM/U2371/A (NAND3X2)                                       0.10      0.00       7.86 f
  pmcon_STM/U2371/Y (NAND3X2)                                       0.13      0.09       7.95 r
  pmcon_STM/n3608 (net)                         3         0.01                0.00       7.95 r
  pmcon_STM/U2331/A (INVX2)                                         0.13      0.00       7.95 r
  pmcon_STM/U2331/Y (INVX2)                                         0.10      0.10       8.04 f
  pmcon_STM/n3519 (net)                         6         0.02                0.00       8.04 f
  pmcon_STM/U2363/A (NAND2X2)                                       0.10      0.00       8.04 f
  pmcon_STM/U2363/Y (NAND2X2)                                       0.09      0.08       8.12 r
  pmcon_STM/n3585 (net)                         2         0.01                0.00       8.12 r
  pmcon_STM/U2313/A (INVX3)                                         0.09      0.00       8.12 r
  pmcon_STM/U2313/Y (INVX3)                                         0.04      0.04       8.16 f
  pmcon_STM/n3728 (net)                         1         0.01                0.00       8.16 f
  pmcon_STM/U2355/A (NOR3X2)                                        0.04      0.00       8.16 f
  pmcon_STM/U2355/Y (NOR3X2)                                        0.17      0.09       8.26 r
  pmcon_STM/n3727 (net)                         1         0.01                0.00       8.26 r
  pmcon_STM/U2374/D (NAND4X2)                                       0.17      0.00       8.26 r
  pmcon_STM/U2374/Y (NAND4X2)                                       0.13      0.14       8.40 f
  pmcon_STM/n3630 (net)                         3         0.01                0.00       8.40 f
  pmcon_STM/U2439/A (NAND2X1)                                       0.13      0.00       8.40 f
  pmcon_STM/U2439/Y (NAND2X1)                                       0.15      0.12       8.52 r
  pmcon_STM/n3673 (net)                         3         0.01                0.00       8.52 r
  pmcon_STM/U2391/A (INVX1)                                         0.15      0.00       8.52 r
  pmcon_STM/U2391/Y (INVX1)                                         0.08      0.08       8.60 f
  pmcon_STM/n3679 (net)                         3         0.01                0.00       8.60 f
  pmcon_STM/U2382/A (BUFX2)                                         0.08      0.00       8.60 f
  pmcon_STM/U2382/Y (BUFX2)                                         0.13      0.21       8.81 f
  pmcon_STM/n3841 (net)                         7         0.03                0.00       8.81 f
  pmcon_STM/U2598/S0 (MXI2X1)                                       0.13      0.00       8.81 f
  pmcon_STM/U2598/Y (MXI2X1)                                        0.13      0.16       8.97 f
  pmcon_STM/n2585 (net)                         1         0.00                0.00       8.97 f
  pmcon_STM/ADR_reg_16_/D (DFFRX1)                                  0.13      0.00       8.97 f
  data arrival time                                                                      8.97

  clock M_PCLK (rise edge)                                                   10.00      10.00
  clock network delay (ideal)                                                 0.00      10.00
  clock uncertainty                                                          -0.80       9.20
  pmcon_STM/ADR_reg_16_/CK (DFFRX1)                                           0.00       9.20 r
  library setup time                                                         -0.22       8.98
  data required time                                                                     8.98
  ----------------------------------------------------------------------------------------------
  data required time                                                                     8.98
  data arrival time                                                                     -8.97
  ----------------------------------------------------------------------------------------------
  slack (MET)                                                                            0.01


  Startpoint: M_PENABLE (input port clocked by M_PCLK)
  Endpoint: pmcon_STM/ADR_reg_18_
            (rising edge-triggered flip-flop clocked by M_PCLK)
  Path Group: M_PCLK
  Path Type: max

  Point                                       Fanout       Cap     Trans      Incr       Path
  ----------------------------------------------------------------------------------------------
  clock M_PCLK (rise edge)                                                    0.00       0.00
  clock network delay (ideal)                                                 0.00       0.00
  input external delay                                                        7.00       7.00 f
  M_PENABLE (in)                                                    1.00      0.00       7.00 f
  M_PENABLE (net)                               4         0.01                0.00       7.00 f
  pmcon_MEMIF/PENABLE (pmcon_MEMIF_ADDRESSWIDTH22)                            0.00       7.00 f
  pmcon_MEMIF/PENABLE (net)                               0.01                0.00       7.00 f
  pmcon_MEMIF/U19/A (OR2X2)                                         1.00      0.00       7.00 f
  pmcon_MEMIF/U19/Y (OR2X2)                                         0.09      0.40       7.40 f
  pmcon_MEMIF/n73 (net)                         1         0.01                0.00       7.40 f
  pmcon_MEMIF/U21/A (NOR2X2)                                        0.09      0.00       7.40 f
  pmcon_MEMIF/U21/Y (NOR2X2)                                        0.11      0.08       7.49 r
  pmcon_MEMIF/n74 (net)                         1         0.01                0.00       7.49 r
  pmcon_MEMIF/U18/A (BUFX6)                                         0.11      0.00       7.49 r
  pmcon_MEMIF/U18/Y (BUFX6)                                         0.15      0.16       7.65 r
  pmcon_MEMIF/Write (net)                      39         0.07                0.00       7.65 r
  pmcon_MEMIF/Write (pmcon_MEMIF_ADDRESSWIDTH22)                              0.00       7.65 r
  Write (net)                                             0.07                0.00       7.65 r
  pmcon_STM/Write (pmcon_STM_ADDRESSWIDTH22)                                  0.00       7.65 r
  pmcon_STM/Write (net)                                   0.07                0.00       7.65 r
  pmcon_STM/U2381/A (INVX4)                                         0.15      0.00       7.65 r
  pmcon_STM/U2381/Y (INVX4)                                         0.04      0.05       7.70 f
  pmcon_STM/n3232 (net)                         1         0.01                0.00       7.70 f
  pmcon_STM/U2562/B (NAND2X2)                                       0.04      0.00       7.70 f
  pmcon_STM/U2562/Y (NAND2X2)                                       0.08      0.06       7.76 r
  pmcon_STM/n3815 (net)                         1         0.01                0.00       7.76 r
  pmcon_STM/U2375/C (NAND3X2)                                       0.08      0.00       7.76 r
  pmcon_STM/U2375/Y (NAND3X2)                                       0.10      0.09       7.86 f
  pmcon_STM/n3650 (net)                         2         0.01                0.00       7.86 f
  pmcon_STM/U2371/A (NAND3X2)                                       0.10      0.00       7.86 f
  pmcon_STM/U2371/Y (NAND3X2)                                       0.13      0.09       7.95 r
  pmcon_STM/n3608 (net)                         3         0.01                0.00       7.95 r
  pmcon_STM/U2331/A (INVX2)                                         0.13      0.00       7.95 r
  pmcon_STM/U2331/Y (INVX2)                                         0.10      0.10       8.04 f
  pmcon_STM/n3519 (net)                         6         0.02                0.00       8.04 f
  pmcon_STM/U2363/A (NAND2X2)                                       0.10      0.00       8.04 f
  pmcon_STM/U2363/Y (NAND2X2)                                       0.09      0.08       8.12 r
  pmcon_STM/n3585 (net)                         2         0.01                0.00       8.12 r
  pmcon_STM/U2313/A (INVX3)                                         0.09      0.00       8.12 r
  pmcon_STM/U2313/Y (INVX3)                                         0.04      0.04       8.16 f
  pmcon_STM/n3728 (net)                         1         0.01                0.00       8.16 f
  pmcon_STM/U2355/A (NOR3X2)                                        0.04      0.00       8.16 f
  pmcon_STM/U2355/Y (NOR3X2)                                        0.17      0.09       8.26 r
  pmcon_STM/n3727 (net)                         1         0.01                0.00       8.26 r
  pmcon_STM/U2374/D (NAND4X2)                                       0.17      0.00       8.26 r
  pmcon_STM/U2374/Y (NAND4X2)                                       0.13      0.14       8.40 f
  pmcon_STM/n3630 (net)                         3         0.01                0.00       8.40 f
  pmcon_STM/U2439/A (NAND2X1)                                       0.13      0.00       8.40 f
  pmcon_STM/U2439/Y (NAND2X1)                                       0.15      0.12       8.52 r
  pmcon_STM/n3673 (net)                         3         0.01                0.00       8.52 r
  pmcon_STM/U2391/A (INVX1)                                         0.15      0.00       8.52 r
  pmcon_STM/U2391/Y (INVX1)                                         0.08      0.08       8.60 f
  pmcon_STM/n3679 (net)                         3         0.01                0.00       8.60 f
  pmcon_STM/U2382/A (BUFX2)                                         0.08      0.00       8.60 f
  pmcon_STM/U2382/Y (BUFX2)                                         0.13      0.21       8.81 f
  pmcon_STM/n3841 (net)                         7         0.03                0.00       8.81 f
  pmcon_STM/U2592/S0 (MXI2X1)                                       0.13      0.00       8.81 f
  pmcon_STM/U2592/Y (MXI2X1)                                        0.13      0.16       8.97 f
  pmcon_STM/n2583 (net)                         1         0.00                0.00       8.97 f
  pmcon_STM/ADR_reg_18_/D (DFFRX1)                                  0.13      0.00       8.97 f
  data arrival time                                                                      8.97

  clock M_PCLK (rise edge)                                                   10.00      10.00
  clock network delay (ideal)                                                 0.00      10.00
  clock uncertainty                                                          -0.80       9.20
  pmcon_STM/ADR_reg_18_/CK (DFFRX1)                                           0.00       9.20 r
  library setup time                                                         -0.22       8.98
  data required time                                                                     8.98
  ----------------------------------------------------------------------------------------------
  data required time                                                                     8.98
  data arrival time                                                                     -8.97
  ----------------------------------------------------------------------------------------------
  slack (MET)                                                                            0.01


  Startpoint: M_PADDR[1] (input port clocked by M_PCLK)
  Endpoint: pmcon_STM/cur_CS_reg
            (rising edge-triggered flip-flop clocked by M_PCLK)
  Path Group: M_PCLK
  Path Type: max

  Point                                       Fanout       Cap     Trans      Incr       Path
  ----------------------------------------------------------------------------------------------
  clock M_PCLK (rise edge)                                                    0.00       0.00
  clock network delay (ideal)                                                 0.00       0.00
  input external delay                                                        7.00       7.00 f
  M_PADDR[1] (in)                                                   1.00      0.00       7.00 f
  M_PADDR[1] (net)                              3         0.01                0.00       7.00 f
  pmcon_STM/PADDR[1] (pmcon_STM_ADDRESSWIDTH22)                               0.00       7.00 f
  pmcon_STM/PADDR[1] (net)                                0.01                0.00       7.00 f
  pmcon_STM/U2334/A (INVX1)                                         1.00      0.00       7.00 f
  pmcon_STM/U2334/Y (INVX1)                                         0.22      0.24       7.24 r
  pmcon_STM/n3504 (net)                         2         0.00                0.00       7.24 r
  pmcon_STM/U2332/B (NAND2X1)                                       0.22      0.00       7.24 r
  pmcon_STM/U2332/Y (NAND2X1)                                       0.07      0.08       7.32 f
  pmcon_STM/n3505 (net)                         1         0.00                0.00       7.32 f
  pmcon_STM/U2333/A (NAND2X1)                                       0.07      0.00       7.32 f
  pmcon_STM/U2333/Y (NAND2X1)                                       0.10      0.07       7.38 r
  pmcon_STM/n3758 (net)                         1         0.00                0.00       7.38 r
  pmcon_STM/U2336/B (NOR2X1)                                        0.10      0.00       7.38 r
  pmcon_STM/U2336/Y (NOR2X1)                                        0.05      0.06       7.44 f
  pmcon_STM/n3514 (net)                         1         0.00                0.00       7.44 f
  pmcon_STM/U2335/A (INVX1)                                         0.05      0.00       7.44 f
  pmcon_STM/U2335/Y (INVX1)                                         0.07      0.06       7.50 r
  pmcon_STM/n3515 (net)                         1         0.00                0.00       7.50 r
  pmcon_STM/U2342/A (NOR2X1)                                        0.07      0.00       7.50 r
  pmcon_STM/U2342/Y (NOR2X1)                                        0.13      0.08       7.58 f
  pmcon_STM/n3753 (net)                         1         0.01                0.00       7.58 f
  pmcon_STM/U2878/A0 (OAI21X4)                                      0.13      0.00       7.58 f
  pmcon_STM/U2878/Y (OAI21X4)                                       0.23      0.18       7.76 r
  pmcon_STM/n3749 (net)                         1         0.03                0.00       7.76 r
  pmcon_STM/U2877/A (MXI2X8)                                        0.23      0.00       7.76 r
  pmcon_STM/U2877/Y (MXI2X8)                                        0.17      0.10       7.87 f
  pmcon_STM/n3588 (net)                         9         0.02                0.00       7.87 f
  pmcon_STM/U2457/B (NAND2X1)                                       0.17      0.00       7.87 f
  pmcon_STM/U2457/Y (NAND2X1)                                       0.10      0.11       7.97 r
  pmcon_STM/n3730 (net)                         1         0.00                0.00       7.97 r
  pmcon_STM/U2456/B (NAND2X1)                                       0.10      0.00       7.97 r
  pmcon_STM/U2456/Y (NAND2X1)                                       0.13      0.08       8.06 f
  pmcon_STM/n3729 (net)                         1         0.01                0.00       8.06 f
  pmcon_STM/U2361/C (NAND3X2)                                       0.13      0.00       8.06 f
  pmcon_STM/U2361/Y (NAND3X2)                                       0.14      0.13       8.18 r
  pmcon_STM/n3653 (net)                         2         0.01                0.00       8.18 r
  pmcon_STM/U2369/A (NAND2X2)                                       0.14      0.00       8.18 r
  pmcon_STM/U2369/Y (NAND2X2)                                       0.09      0.09       8.27 f
  pmcon_STM/n3845 (net)                         4         0.01                0.00       8.27 f
  pmcon_STM/U2437/B (NAND2X1)                                       0.09      0.00       8.27 f
  pmcon_STM/U2437/Y (NAND2X1)                                       0.09      0.09       8.36 r
  pmcon_STM/n3646 (net)                         1         0.00                0.00       8.36 r
  pmcon_STM/U2316/A (NAND2X1)                                       0.09      0.00       8.36 r
  pmcon_STM/U2316/Y (NAND2X1)                                       0.09      0.08       8.44 f
  pmcon_STM/n3591 (net)                         3         0.01                0.00       8.44 f
  pmcon_STM/U2392/A (INVX1)                                         0.09      0.00       8.44 f
  pmcon_STM/U2392/Y (INVX1)                                         0.11      0.09       8.53 r
  pmcon_STM/n3616 (net)                         2         0.01                0.00       8.53 r
  pmcon_STM/U2526/A0 (OAI22X1)                                      0.11      0.00       8.53 r
  pmcon_STM/U2526/Y (OAI22X1)                                       0.10      0.08       8.61 f
  pmcon_STM/n3621 (net)                         1         0.00                0.00       8.61 f
  pmcon_STM/U2367/B (NOR2X1)                                        0.10      0.00       8.61 f
  pmcon_STM/U2367/Y (NOR2X1)                                        0.10      0.10       8.71 r
  pmcon_STM/n3516 (net)                         1         0.00                0.00       8.71 r
  pmcon_STM/U2368/A (INVX1)                                         0.10      0.00       8.71 r
  pmcon_STM/U2368/Y (INVX1)                                         0.04      0.05       8.76 f
  pmcon_STM/n3517 (net)                         1         0.00                0.00       8.76 f
  pmcon_STM/U2341/A (NOR2X1)                                        0.04      0.00       8.76 f
  pmcon_STM/U2341/Y (NOR2X1)                                        0.13      0.09       8.85 r
  pmcon_STM/n3618 (net)                         1         0.00                0.00       8.85 r
  pmcon_STM/U2424/S0 (MXI2X1)                                       0.13      0.00       8.85 r
  pmcon_STM/U2424/Y (MXI2X1)                                        0.13      0.16       9.01 f
  pmcon_STM/n2626 (net)                         1         0.00                0.00       9.01 f
  pmcon_STM/cur_CS_reg/D (DFFSX1)                                   0.13      0.00       9.01 f
  data arrival time                                                                      9.01

  clock M_PCLK (rise edge)                                                   10.00      10.00
  clock network delay (ideal)                                                 0.00      10.00
  clock uncertainty                                                          -0.80       9.20
  pmcon_STM/cur_CS_reg/CK (DFFSX1)                                            0.00       9.20 r
  library setup time                                                         -0.17       9.03
  data required time                                                                     9.03
  ----------------------------------------------------------------------------------------------
  data required time                                                                     9.03
  data arrival time                                                                     -9.01
  ----------------------------------------------------------------------------------------------
  slack (MET)                                                                            0.02


  Startpoint: M_PENABLE (input port clocked by M_PCLK)
  Endpoint: pmcon_STM/cur_CS_reg
            (rising edge-triggered flip-flop clocked by M_PCLK)
  Path Group: M_PCLK
  Path Type: max

  Point                                       Fanout       Cap     Trans      Incr       Path
  ----------------------------------------------------------------------------------------------
  clock M_PCLK (rise edge)                                                    0.00       0.00
  clock network delay (ideal)                                                 0.00       0.00
  input external delay                                                        7.00       7.00 f
  M_PENABLE (in)                                                    1.00      0.00       7.00 f
  M_PENABLE (net)                               4         0.01                0.00       7.00 f
  pmcon_MEMIF/PENABLE (pmcon_MEMIF_ADDRESSWIDTH22)                            0.00       7.00 f
  pmcon_MEMIF/PENABLE (net)                               0.01                0.00       7.00 f
  pmcon_MEMIF/U19/A (OR2X2)                                         1.00      0.00       7.00 f
  pmcon_MEMIF/U19/Y (OR2X2)                                         0.09      0.40       7.40 f
  pmcon_MEMIF/n73 (net)                         1         0.01                0.00       7.40 f
  pmcon_MEMIF/U21/A (NOR2X2)                                        0.09      0.00       7.40 f
  pmcon_MEMIF/U21/Y (NOR2X2)                                        0.11      0.08       7.49 r
  pmcon_MEMIF/n74 (net)                         1         0.01                0.00       7.49 r
  pmcon_MEMIF/U18/A (BUFX6)                                         0.11      0.00       7.49 r
  pmcon_MEMIF/U18/Y (BUFX6)                                         0.15      0.16       7.65 r
  pmcon_MEMIF/Write (net)                      39         0.07                0.00       7.65 r
  pmcon_MEMIF/Write (pmcon_MEMIF_ADDRESSWIDTH22)                              0.00       7.65 r
  Write (net)                                             0.07                0.00       7.65 r
  pmcon_STM/Write (pmcon_STM_ADDRESSWIDTH22)                                  0.00       7.65 r
  pmcon_STM/Write (net)                                   0.07                0.00       7.65 r
  pmcon_STM/U2381/A (INVX4)                                         0.15      0.00       7.65 r
  pmcon_STM/U2381/Y (INVX4)                                         0.04      0.05       7.70 f
  pmcon_STM/n3232 (net)                         1         0.01                0.00       7.70 f
  pmcon_STM/U2562/B (NAND2X2)                                       0.04      0.00       7.70 f
  pmcon_STM/U2562/Y (NAND2X2)                                       0.08      0.06       7.76 r
  pmcon_STM/n3815 (net)                         1         0.01                0.00       7.76 r
  pmcon_STM/U2375/C (NAND3X2)                                       0.08      0.00       7.76 r
  pmcon_STM/U2375/Y (NAND3X2)                                       0.10      0.09       7.86 f
  pmcon_STM/n3650 (net)                         2         0.01                0.00       7.86 f
  pmcon_STM/U2315/A (BUFX3)                                         0.10      0.00       7.86 f
  pmcon_STM/U2315/Y (BUFX3)                                         0.05      0.13       7.99 f
  pmcon_STM/n3839 (net)                         3         0.01                0.00       7.99 f
  pmcon_STM/U2327/C (NOR3X1)                                        0.05      0.00       7.99 f
  pmcon_STM/U2327/Y (NOR3X1)                                        0.19      0.16       8.15 r
  pmcon_STM/n3656 (net)                         1         0.00                0.00       8.15 r
  pmcon_STM/U2358/B (NAND2X1)                                       0.19      0.00       8.15 r
  pmcon_STM/U2358/Y (NAND2X1)                                       0.09      0.09       8.24 f
  pmcon_STM/n3654 (net)                         1         0.01                0.00       8.24 f
  pmcon_STM/U2369/B (NAND2X2)                                       0.09      0.00       8.24 f
  pmcon_STM/U2369/Y (NAND2X2)                                       0.12      0.10       8.34 r
  pmcon_STM/n3845 (net)                         4         0.01                0.00       8.34 r
  pmcon_STM/U2437/B (NAND2X1)                                       0.12      0.00       8.34 r
  pmcon_STM/U2437/Y (NAND2X1)                                       0.06      0.07       8.41 f
  pmcon_STM/n3646 (net)                         1         0.00                0.00       8.41 f
  pmcon_STM/U2316/A (NAND2X1)                                       0.06      0.00       8.41 f
  pmcon_STM/U2316/Y (NAND2X1)                                       0.14      0.10       8.51 r
  pmcon_STM/n3591 (net)                         3         0.01                0.00       8.51 r
  pmcon_STM/U2392/A (INVX1)                                         0.14      0.00       8.51 r
  pmcon_STM/U2392/Y (INVX1)                                         0.07      0.07       8.58 f
  pmcon_STM/n3616 (net)                         2         0.01                0.00       8.58 f
  pmcon_STM/U2526/A0 (OAI22X1)                                      0.07      0.00       8.58 f
  pmcon_STM/U2526/Y (OAI22X1)                                       0.22      0.10       8.68 r
  pmcon_STM/n3621 (net)                         1         0.00                0.00       8.68 r
  pmcon_STM/U2367/B (NOR2X1)                                        0.22      0.00       8.68 r
  pmcon_STM/U2367/Y (NOR2X1)                                        0.07      0.08       8.76 f
  pmcon_STM/n3516 (net)                         1         0.00                0.00       8.76 f
  pmcon_STM/U2368/A (INVX1)                                         0.07      0.00       8.76 f
  pmcon_STM/U2368/Y (INVX1)                                         0.07      0.06       8.82 r
  pmcon_STM/n3517 (net)                         1         0.00                0.00       8.82 r
  pmcon_STM/U2341/A (NOR2X1)                                        0.07      0.00       8.82 r
  pmcon_STM/U2341/Y (NOR2X1)                                        0.06      0.05       8.87 f
  pmcon_STM/n3618 (net)                         1         0.00                0.00       8.87 f
  pmcon_STM/U2424/S0 (MXI2X1)                                       0.06      0.00       8.87 f
  pmcon_STM/U2424/Y (MXI2X1)                                        0.13      0.14       9.01 f
  pmcon_STM/n2626 (net)                         1         0.00                0.00       9.01 f
  pmcon_STM/cur_CS_reg/D (DFFSX1)                                   0.13      0.00       9.01 f
  data arrival time                                                                      9.01

  clock M_PCLK (rise edge)                                                   10.00      10.00
  clock network delay (ideal)                                                 0.00      10.00
  clock uncertainty                                                          -0.80       9.20
  pmcon_STM/cur_CS_reg/CK (DFFSX1)                                            0.00       9.20 r
  library setup time                                                         -0.17       9.03
  data required time                                                                     9.03
  ----------------------------------------------------------------------------------------------
  data required time                                                                     9.03
  data arrival time                                                                     -9.01
  ----------------------------------------------------------------------------------------------
  slack (MET)                                                                            0.02


  Startpoint: pmcon_REGIF/PRDATA_reg_0_
              (rising edge-triggered flip-flop clocked by R_PCLK)
  Endpoint: R_PRDATA[0]
            (output port clocked by R_PCLK)
  Path Group: R_PCLK
  Path Type: max

  Point                                       Fanout       Cap     Trans      Incr       Path
  ----------------------------------------------------------------------------------------------
  clock R_PCLK (rise edge)                                                    0.00       0.00
  clock network delay (ideal)                                                 0.00       0.00
  pmcon_REGIF/PRDATA_reg_0_/CK (DFFRX1)                             0.00      0.00       0.00 r
  pmcon_REGIF/PRDATA_reg_0_/Q (DFFRX1)                              0.19      0.60       0.60 f
  pmcon_REGIF/PRDATA[0] (net)                   1         0.02                0.00       0.60 f
  pmcon_REGIF/PRDATA[0] (pmcon_REGIF)                                         0.00       0.60 f
  R_PRDATA[0] (net)                                       0.02                0.00       0.60 f
  R_PRDATA[0] (out)                                                 0.19      0.00       0.60 f
  data arrival time                                                                      0.60

  clock R_PCLK (rise edge)                                                   20.00      20.00
  clock network delay (ideal)                                                 0.00      20.00
  output external delay                                                     -16.00       4.00
  data required time                                                                     4.00
  ----------------------------------------------------------------------------------------------
  data required time                                                                     4.00
  data arrival time                                                                     -0.60
  ----------------------------------------------------------------------------------------------
  slack (MET)                                                                            3.40


  Startpoint: pmcon_REGIF/PRDATA_reg_1_
              (rising edge-triggered flip-flop clocked by R_PCLK)
  Endpoint: R_PRDATA[1]
            (output port clocked by R_PCLK)
  Path Group: R_PCLK
  Path Type: max

  Point                                       Fanout       Cap     Trans      Incr       Path
  ----------------------------------------------------------------------------------------------
  clock R_PCLK (rise edge)                                                    0.00       0.00
  clock network delay (ideal)                                                 0.00       0.00
  pmcon_REGIF/PRDATA_reg_1_/CK (DFFRX1)                             0.00      0.00       0.00 r
  pmcon_REGIF/PRDATA_reg_1_/Q (DFFRX1)                              0.19      0.60       0.60 f
  pmcon_REGIF/PRDATA[1] (net)                   1         0.02                0.00       0.60 f
  pmcon_REGIF/PRDATA[1] (pmcon_REGIF)                                         0.00       0.60 f
  R_PRDATA[1] (net)                                       0.02                0.00       0.60 f
  R_PRDATA[1] (out)                                                 0.19      0.00       0.60 f
  data arrival time                                                                      0.60

  clock R_PCLK (rise edge)                                                   20.00      20.00
  clock network delay (ideal)                                                 0.00      20.00
  output external delay                                                     -16.00       4.00
  data required time                                                                     4.00
  ----------------------------------------------------------------------------------------------
  data required time                                                                     4.00
  data arrival time                                                                     -0.60
  ----------------------------------------------------------------------------------------------
  slack (MET)                                                                            3.40


  Startpoint: pmcon_REGIF/PRDATA_reg_2_
              (rising edge-triggered flip-flop clocked by R_PCLK)
  Endpoint: R_PRDATA[2]
            (output port clocked by R_PCLK)
  Path Group: R_PCLK
  Path Type: max

  Point                                       Fanout       Cap     Trans      Incr       Path
  ----------------------------------------------------------------------------------------------
  clock R_PCLK (rise edge)                                                    0.00       0.00
  clock network delay (ideal)                                                 0.00       0.00
  pmcon_REGIF/PRDATA_reg_2_/CK (DFFRX1)                             0.00      0.00       0.00 r
  pmcon_REGIF/PRDATA_reg_2_/Q (DFFRX1)                              0.19      0.60       0.60 f
  pmcon_REGIF/PRDATA[2] (net)                   1         0.02                0.00       0.60 f
  pmcon_REGIF/PRDATA[2] (pmcon_REGIF)                                         0.00       0.60 f
  R_PRDATA[2] (net)                                       0.02                0.00       0.60 f
  R_PRDATA[2] (out)                                                 0.19      0.00       0.60 f
  data arrival time                                                                      0.60

  clock R_PCLK (rise edge)                                                   20.00      20.00
  clock network delay (ideal)                                                 0.00      20.00
  output external delay                                                     -16.00       4.00
  data required time                                                                     4.00
  ----------------------------------------------------------------------------------------------
  data required time                                                                     4.00
  data arrival time                                                                     -0.60
  ----------------------------------------------------------------------------------------------
  slack (MET)                                                                            3.40


  Startpoint: pmcon_REGIF/PRDATA_reg_3_
              (rising edge-triggered flip-flop clocked by R_PCLK)
  Endpoint: R_PRDATA[3]
            (output port clocked by R_PCLK)
  Path Group: R_PCLK
  Path Type: max

  Point                                       Fanout       Cap     Trans      Incr       Path
  ----------------------------------------------------------------------------------------------
  clock R_PCLK (rise edge)                                                    0.00       0.00
  clock network delay (ideal)                                                 0.00       0.00
  pmcon_REGIF/PRDATA_reg_3_/CK (DFFRX1)                             0.00      0.00       0.00 r
  pmcon_REGIF/PRDATA_reg_3_/Q (DFFRX1)                              0.19      0.60       0.60 f
  pmcon_REGIF/PRDATA[3] (net)                   1         0.02                0.00       0.60 f
  pmcon_REGIF/PRDATA[3] (pmcon_REGIF)                                         0.00       0.60 f
  R_PRDATA[3] (net)                                       0.02                0.00       0.60 f
  R_PRDATA[3] (out)                                                 0.19      0.00       0.60 f
  data arrival time                                                                      0.60

  clock R_PCLK (rise edge)                                                   20.00      20.00
  clock network delay (ideal)                                                 0.00      20.00
  output external delay                                                     -16.00       4.00
  data required time                                                                     4.00
  ----------------------------------------------------------------------------------------------
  data required time                                                                     4.00
  data arrival time                                                                     -0.60
  ----------------------------------------------------------------------------------------------
  slack (MET)                                                                            3.40


  Startpoint: pmcon_REGIF/PRDATA_reg_4_
              (rising edge-triggered flip-flop clocked by R_PCLK)
  Endpoint: R_PRDATA[4]
            (output port clocked by R_PCLK)
  Path Group: R_PCLK
  Path Type: max

  Point                                       Fanout       Cap     Trans      Incr       Path
  ----------------------------------------------------------------------------------------------
  clock R_PCLK (rise edge)                                                    0.00       0.00
  clock network delay (ideal)                                                 0.00       0.00
  pmcon_REGIF/PRDATA_reg_4_/CK (DFFRX1)                             0.00      0.00       0.00 r
  pmcon_REGIF/PRDATA_reg_4_/Q (DFFRX1)                              0.19      0.60       0.60 f
  pmcon_REGIF/PRDATA[4] (net)                   1         0.02                0.00       0.60 f
  pmcon_REGIF/PRDATA[4] (pmcon_REGIF)                                         0.00       0.60 f
  R_PRDATA[4] (net)                                       0.02                0.00       0.60 f
  R_PRDATA[4] (out)                                                 0.19      0.00       0.60 f
  data arrival time                                                                      0.60

  clock R_PCLK (rise edge)                                                   20.00      20.00
  clock network delay (ideal)                                                 0.00      20.00
  output external delay                                                     -16.00       4.00
  data required time                                                                     4.00
  ----------------------------------------------------------------------------------------------
  data required time                                                                     4.00
  data arrival time                                                                     -0.60
  ----------------------------------------------------------------------------------------------
  slack (MET)                                                                            3.40


  Startpoint: pmcon_REGIF/PRDATA_reg_5_
              (rising edge-triggered flip-flop clocked by R_PCLK)
  Endpoint: R_PRDATA[5]
            (output port clocked by R_PCLK)
  Path Group: R_PCLK
  Path Type: max

  Point                                       Fanout       Cap     Trans      Incr       Path
  ----------------------------------------------------------------------------------------------
  clock R_PCLK (rise edge)                                                    0.00       0.00
  clock network delay (ideal)                                                 0.00       0.00
  pmcon_REGIF/PRDATA_reg_5_/CK (DFFRX1)                             0.00      0.00       0.00 r
  pmcon_REGIF/PRDATA_reg_5_/Q (DFFRX1)                              0.19      0.60       0.60 f
  pmcon_REGIF/PRDATA[5] (net)                   1         0.02                0.00       0.60 f
  pmcon_REGIF/PRDATA[5] (pmcon_REGIF)                                         0.00       0.60 f
  R_PRDATA[5] (net)                                       0.02                0.00       0.60 f
  R_PRDATA[5] (out)                                                 0.19      0.00       0.60 f
  data arrival time                                                                      0.60

  clock R_PCLK (rise edge)                                                   20.00      20.00
  clock network delay (ideal)                                                 0.00      20.00
  output external delay                                                     -16.00       4.00
  data required time                                                                     4.00
  ----------------------------------------------------------------------------------------------
  data required time                                                                     4.00
  data arrival time                                                                     -0.60
  ----------------------------------------------------------------------------------------------
  slack (MET)                                                                            3.40


  Startpoint: pmcon_REGIF/PRDATA_reg_6_
              (rising edge-triggered flip-flop clocked by R_PCLK)
  Endpoint: R_PRDATA[6]
            (output port clocked by R_PCLK)
  Path Group: R_PCLK
  Path Type: max

  Point                                       Fanout       Cap     Trans      Incr       Path
  ----------------------------------------------------------------------------------------------
  clock R_PCLK (rise edge)                                                    0.00       0.00
  clock network delay (ideal)                                                 0.00       0.00
  pmcon_REGIF/PRDATA_reg_6_/CK (DFFRX1)                             0.00      0.00       0.00 r
  pmcon_REGIF/PRDATA_reg_6_/Q (DFFRX1)                              0.19      0.60       0.60 f
  pmcon_REGIF/PRDATA[6] (net)                   1         0.02                0.00       0.60 f
  pmcon_REGIF/PRDATA[6] (pmcon_REGIF)                                         0.00       0.60 f
  R_PRDATA[6] (net)                                       0.02                0.00       0.60 f
  R_PRDATA[6] (out)                                                 0.19      0.00       0.60 f
  data arrival time                                                                      0.60

  clock R_PCLK (rise edge)                                                   20.00      20.00
  clock network delay (ideal)                                                 0.00      20.00
  output external delay                                                     -16.00       4.00
  data required time                                                                     4.00
  ----------------------------------------------------------------------------------------------
  data required time                                                                     4.00
  data arrival time                                                                     -0.60
  ----------------------------------------------------------------------------------------------
  slack (MET)                                                                            3.40


  Startpoint: pmcon_REGIF/PRDATA_reg_7_
              (rising edge-triggered flip-flop clocked by R_PCLK)
  Endpoint: R_PRDATA[7]
            (output port clocked by R_PCLK)
  Path Group: R_PCLK
  Path Type: max

  Point                                       Fanout       Cap     Trans      Incr       Path
  ----------------------------------------------------------------------------------------------
  clock R_PCLK (rise edge)                                                    0.00       0.00
  clock network delay (ideal)                                                 0.00       0.00
  pmcon_REGIF/PRDATA_reg_7_/CK (DFFRX1)                             0.00      0.00       0.00 r
  pmcon_REGIF/PRDATA_reg_7_/Q (DFFRX1)                              0.19      0.60       0.60 f
  pmcon_REGIF/PRDATA[7] (net)                   1         0.02                0.00       0.60 f
  pmcon_REGIF/PRDATA[7] (pmcon_REGIF)                                         0.00       0.60 f
  R_PRDATA[7] (net)                                       0.02                0.00       0.60 f
  R_PRDATA[7] (out)                                                 0.19      0.00       0.60 f
  data arrival time                                                                      0.60

  clock R_PCLK (rise edge)                                                   20.00      20.00
  clock network delay (ideal)                                                 0.00      20.00
  output external delay                                                     -16.00       4.00
  data required time                                                                     4.00
  ----------------------------------------------------------------------------------------------
  data required time                                                                     4.00
  data arrival time                                                                     -0.60
  ----------------------------------------------------------------------------------------------
  slack (MET)                                                                            3.40


  Startpoint: pmcon_REGIF/PRDATA_reg_8_
              (rising edge-triggered flip-flop clocked by R_PCLK)
  Endpoint: R_PRDATA[8]
            (output port clocked by R_PCLK)
  Path Group: R_PCLK
  Path Type: max

  Point                                       Fanout       Cap     Trans      Incr       Path
  ----------------------------------------------------------------------------------------------
  clock R_PCLK (rise edge)                                                    0.00       0.00
  clock network delay (ideal)                                                 0.00       0.00
  pmcon_REGIF/PRDATA_reg_8_/CK (DFFRX1)                             0.00      0.00       0.00 r
  pmcon_REGIF/PRDATA_reg_8_/Q (DFFRX1)                              0.19      0.60       0.60 f
  pmcon_REGIF/PRDATA[8] (net)                   1         0.02                0.00       0.60 f
  pmcon_REGIF/PRDATA[8] (pmcon_REGIF)                                         0.00       0.60 f
  R_PRDATA[8] (net)                                       0.02                0.00       0.60 f
  R_PRDATA[8] (out)                                                 0.19      0.00       0.60 f
  data arrival time                                                                      0.60

  clock R_PCLK (rise edge)                                                   20.00      20.00
  clock network delay (ideal)                                                 0.00      20.00
  output external delay                                                     -16.00       4.00
  data required time                                                                     4.00
  ----------------------------------------------------------------------------------------------
  data required time                                                                     4.00
  data arrival time                                                                     -0.60
  ----------------------------------------------------------------------------------------------
  slack (MET)                                                                            3.40


  Startpoint: pmcon_REGIF/PRDATA_reg_9_
              (rising edge-triggered flip-flop clocked by R_PCLK)
  Endpoint: R_PRDATA[9]
            (output port clocked by R_PCLK)
  Path Group: R_PCLK
  Path Type: max

  Point                                       Fanout       Cap     Trans      Incr       Path
  ----------------------------------------------------------------------------------------------
  clock R_PCLK (rise edge)                                                    0.00       0.00
  clock network delay (ideal)                                                 0.00       0.00
  pmcon_REGIF/PRDATA_reg_9_/CK (DFFRX1)                             0.00      0.00       0.00 r
  pmcon_REGIF/PRDATA_reg_9_/Q (DFFRX1)                              0.19      0.60       0.60 f
  pmcon_REGIF/PRDATA[9] (net)                   1         0.02                0.00       0.60 f
  pmcon_REGIF/PRDATA[9] (pmcon_REGIF)                                         0.00       0.60 f
  R_PRDATA[9] (net)                                       0.02                0.00       0.60 f
  R_PRDATA[9] (out)                                                 0.19      0.00       0.60 f
  data arrival time                                                                      0.60

  clock R_PCLK (rise edge)                                                   20.00      20.00
  clock network delay (ideal)                                                 0.00      20.00
  output external delay                                                     -16.00       4.00
  data required time                                                                     4.00
  ----------------------------------------------------------------------------------------------
  data required time                                                                     4.00
  data arrival time                                                                     -0.60
  ----------------------------------------------------------------------------------------------
  slack (MET)                                                                            3.40


1
