 
****************************************
Report : net fanout
        -threshold 8
Design : pmcon_APBIF
Version: V-2004.06
Date   : Fri Feb  9 10:30:59 2007
****************************************


Operating Conditions: slow   Library: USERLIB
Wire Load Model Mode: top


Attributes:
   dr - drc disabled
    c - annotated capacitance
    d - dont_touch
    i - ideal_net
    I - ideal_network
    p - includes pin load
    r - annotated resistance
    h - high fanout

Net                 Fanout   Attributes   Capacitance   Driver
--------------------------------------------------------------------------------
R_PCLK                  83   dr, d            0.11      R_PCLK
PRESETn                241   d, i             0.00      PRESETn
R_PADDR[1]              10                    0.02      R_PADDR[1]
R_PADDR[0]               9                    0.02      R_PADDR[0]
M_PCLK                 158   dr, d            0.19      M_PCLK
CSb                     13                    0.04      pmcon_STM/U2766/Y
Write                   39                    0.07      pmcon_MEMIF/U18/Y
pmcon_REGIF/n649         9                    0.02      pmcon_REGIF/U517/Y
pmcon_REGIF/n652        12                    0.02      pmcon_REGIF/U513/Y
pmcon_REGIF/n653        11                    0.01      pmcon_REGIF/U508/Y
pmcon_REGIF/n656        32                    0.04      pmcon_REGIF/U507/Y
pmcon_REGIF/n709        11                    0.03      pmcon_REGIF/U532/Y
pmcon_REGIF/n710        10                    0.03      pmcon_REGIF/U534/Y
pmcon_REGIF/n713        14                    0.02      pmcon_REGIF/U515/Y
pmcon_REGIF/n714        14                    0.02      pmcon_REGIF/U514/Y
pmcon_STM/n3206         25                    0.04      pmcon_STM/U2400/Y
pmcon_STM/n3295         16                    0.05      pmcon_STM/U2428/Y
pmcon_STM/n3297         16                    0.05      pmcon_STM/U2427/Y
pmcon_STM/n3299         16                    0.05      pmcon_STM/U2473/Y
pmcon_STM/n3339         32                    0.04      pmcon_STM/U2412/Y
pmcon_STM/n3520         33                    0.04      pmcon_STM/U2380/Y
pmcon_STM/n3526         11                    0.01      pmcon_STM/U2513/Y
pmcon_STM/n3535         16                    0.02      pmcon_STM/U2505/Y
pmcon_STM/n3588          9                    0.02      pmcon_STM/U2877/Y
pmcon_STM/n3846         14                    0.02      pmcon_STM/U2493/Y
pmcon_STM/n3847         14                    0.02      pmcon_STM/U2492/Y
1
