 
****************************************
Report : reference
Design : SmcCore
Version: 2000.11
Date   : Sun Jul  8 12:37:05 2001
****************************************

Attributes:
    b - black box (unknown)
   bo - allows boundary optimization
    d - dont_touch
   mo - map_only
    h - hierarchical
    n - noncombinational
    r - removable
    s - synthetic operator
    u - contains unmapped logic

Reference          Library       Unit Area   Count    Total Area   Attributes
-----------------------------------------------------------------------------
SmcAhbif                       5804.500000       1   5804.500000  h, n
SmcEIB                         2512.250000       1   2512.250000  h, n
SmcSynchroniser                  40.000000       1     40.000000  h, n
SmcTSM                          532.750000       1    532.750000  h, n
SmcTimerWaitCont                327.250000       1    327.250000  h, n
SmcWrEnGen                       55.000000       1     55.000000  h, n
buffd7             cb25os163_max
                                  2.250000       2      4.500000  
-----------------------------------------------------------------------------
Total 7 references                                   9276.250000
