Information: Checking 'no_clock'.
Warning: There are 545 register clock pins with no clock.

Clock Pin
------------------------------------------------------------
uUWBTOP/MACTOP_MODULE/A_MACCORE_TOP/B_PC/C_SFC/s_sys_uclk : 1 us clock source
------------------------------------------------------------
uUWBTOP/MACTOP_MODULE/A_MACCORE_TOP/B_PC/C_SFC/s_baseq_num_reg[0]/CK
uUWBTOP/MACTOP_MODULE/A_MACCORE_TOP/B_PC/C_SFC/s_baseq_num_reg[1]/CK
uUWBTOP/MACTOP_MODULE/A_MACCORE_TOP/B_PC/C_SFC/s_baseq_num_reg[2]/CK
uUWBTOP/MACTOP_MODULE/A_MACCORE_TOP/B_PC/C_SFC/s_baseq_num_reg[3]/CK
uUWBTOP/MACTOP_MODULE/A_MACCORE_TOP/B_PC/C_SFC/s_baseq_num_reg[4]/CK
uUWBTOP/MACTOP_MODULE/A_MACCORE_TOP/B_PC/C_SFC/s_baseq_num_reg[5]/CK
uUWBTOP/MACTOP_MODULE/A_MACCORE_TOP/B_PC/C_SFC/s_bc_length_cnt_reg[0]/CK
uUWBTOP/MACTOP_MODULE/A_MACCORE_TOP/B_PC/C_SFC/s_bc_length_cnt_reg[1]/CK
uUWBTOP/MACTOP_MODULE/A_MACCORE_TOP/B_PC/C_SFC/s_bc_length_cnt_reg[2]/CK
uUWBTOP/MACTOP_MODULE/A_MACCORE_TOP/B_PC/C_SFC/s_bc_length_cnt_reg[3]/CK
uUWBTOP/MACTOP_MODULE/A_MACCORE_TOP/B_PC/C_SFC/s_bc_length_cnt_reg[4]/CK
uUWBTOP/MACTOP_MODULE/A_MACCORE_TOP/B_PC/C_SFC/s_bc_length_cnt_reg[5]/CK
uUWBTOP/MACTOP_MODULE/A_MACCORE_TOP/B_PC/C_SFC/s_bc_length_cnt_reg[6]/CK
uUWBTOP/MACTOP_MODULE/A_MACCORE_TOP/B_PC/C_SFC/s_current_bc_slot_reg[0]/CK
uUWBTOP/MACTOP_MODULE/A_MACCORE_TOP/B_PC/C_SFC/s_current_bc_slot_reg[1]/CK
uUWBTOP/MACTOP_MODULE/A_MACCORE_TOP/B_PC/C_SFC/s_current_bc_slot_reg[2]/CK
uUWBTOP/MACTOP_MODULE/A_MACCORE_TOP/B_PC/C_SFC/s_current_bc_slot_reg[3]/CK
uUWBTOP/MACTOP_MODULE/A_MACCORE_TOP/B_PC/C_SFC/s_current_bc_slot_reg[4]/CK
uUWBTOP/MACTOP_MODULE/A_MACCORE_TOP/B_PC/C_SFC/s_current_bc_slot_reg[5]/CK
uUWBTOP/MACTOP_MODULE/A_MACCORE_TOP/B_PC/C_SFC/s_current_bc_slot_reg[6]/CK
uUWBTOP/MACTOP_MODULE/A_MACCORE_TOP/B_PC/C_SFC/s_current_bc_slot_reg[7]/CK
uUWBTOP/MACTOP_MODULE/A_MACCORE_TOP/B_PC/C_SFC/s_mas_cnt_reg[0]/CK
uUWBTOP/MACTOP_MODULE/A_MACCORE_TOP/B_PC/C_SFC/s_mas_cnt_reg[1]/CK
uUWBTOP/MACTOP_MODULE/A_MACCORE_TOP/B_PC/C_SFC/s_mas_cnt_reg[2]/CK
uUWBTOP/MACTOP_MODULE/A_MACCORE_TOP/B_PC/C_SFC/s_mas_cnt_reg[3]/CK
uUWBTOP/MACTOP_MODULE/A_MACCORE_TOP/B_PC/C_SFC/s_mas_start_reg/CK
uUWBTOP/MACTOP_MODULE/A_MACCORE_TOP/B_PC/C_SFC/s_mas_tx_en_reg/CK
uUWBTOP/MACTOP_MODULE/A_MACCORE_TOP/B_PC/C_SFC/s_mas_valid_reg/CK
uUWBTOP/MACTOP_MODULE/A_MACCORE_TOP/B_PC/C_SFC/s_masinfo_rd_done_reg/CK
uUWBTOP/MACTOP_MODULE/A_MACCORE_TOP/B_PC/C_SFC/s_remain_time_reg[0]/CK
uUWBTOP/MACTOP_MODULE/A_MACCORE_TOP/B_PC/C_SFC/s_remain_time_reg[1]/CK
uUWBTOP/MACTOP_MODULE/A_MACCORE_TOP/B_PC/C_SFC/s_remain_time_reg[2]/CK
uUWBTOP/MACTOP_MODULE/A_MACCORE_TOP/B_PC/C_SFC/s_remain_time_reg[3]/CK
uUWBTOP/MACTOP_MODULE/A_MACCORE_TOP/B_PC/C_SFC/s_remain_time_reg[4]/CK
uUWBTOP/MACTOP_MODULE/A_MACCORE_TOP/B_PC/C_SFC/s_remain_time_reg[5]/CK
uUWBTOP/MACTOP_MODULE/A_MACCORE_TOP/B_PC/C_SFC/s_remain_time_reg[6]/CK
uUWBTOP/MACTOP_MODULE/A_MACCORE_TOP/B_PC/C_SFC/s_remain_time_reg[7]/CK
uUWBTOP/MACTOP_MODULE/A_MACCORE_TOP/B_PC/C_SFC/s_remain_time_reg[8]/CK
uUWBTOP/MACTOP_MODULE/A_MACCORE_TOP/B_PC/C_SFC/s_remain_time_reg[9]/CK
uUWBTOP/MACTOP_MODULE/A_MACCORE_TOP/B_PC/C_SFC/s_remain_time_reg[10]/CK
uUWBTOP/MACTOP_MODULE/A_MACCORE_TOP/B_PC/C_SFC/s_reservation_type_reg[0]/CK
uUWBTOP/MACTOP_MODULE/A_MACCORE_TOP/B_PC/C_SFC/s_reservation_type_reg[1]/CK
uUWBTOP/MACTOP_MODULE/A_MACCORE_TOP/B_PC/C_SFC/s_reservation_type_reg[2]/CK
uUWBTOP/MACTOP_MODULE/A_MACCORE_TOP/B_PC/C_SFC/s_superframe_cnt_reg[0]/CK
uUWBTOP/MACTOP_MODULE/A_MACCORE_TOP/B_PC/C_SFC/s_superframe_cnt_reg[1]/CK
uUWBTOP/MACTOP_MODULE/A_MACCORE_TOP/B_PC/C_SFC/s_superframe_cnt_reg[2]/CK
uUWBTOP/MACTOP_MODULE/A_MACCORE_TOP/B_PC/C_SFC/s_superframe_cnt_reg[3]/CK
uUWBTOP/MACTOP_MODULE/A_MACCORE_TOP/B_PC/C_SFC/s_superframe_cnt_reg[4]/CK
uUWBTOP/MACTOP_MODULE/A_MACCORE_TOP/B_PC/C_SFC/s_superframe_cnt_reg[5]/CK
uUWBTOP/MACTOP_MODULE/A_MACCORE_TOP/B_PC/C_SFC/s_superframe_cnt_reg[6]/CK
uUWBTOP/MACTOP_MODULE/A_MACCORE_TOP/B_PC/C_SFC/s_superframe_cnt_reg[7]/CK
uUWBTOP/MACTOP_MODULE/A_MACCORE_TOP/B_PC/C_SFC/s_superframe_cnt_reg[8]/CK
uUWBTOP/MACTOP_MODULE/A_MACCORE_TOP/B_PC/C_SFC/s_superframe_cnt_reg[9]/CK
uUWBTOP/MACTOP_MODULE/A_MACCORE_TOP/B_PC/C_SFC/s_superframe_cnt_reg[10]/CK
uUWBTOP/MACTOP_MODULE/A_MACCORE_TOP/B_PC/C_SFC/s_superframe_cnt_reg[11]/CK
uUWBTOP/MACTOP_MODULE/A_MACCORE_TOP/B_PC/C_SFC/s_superframe_cnt_reg[12]/CK
uUWBTOP/MACTOP_MODULE/A_MACCORE_TOP/B_PC/C_SFC/s_superframe_cnt_reg[13]/CK
uUWBTOP/MACTOP_MODULE/A_MACCORE_TOP/B_PC/C_SFC/s_superframe_cnt_reg[14]/CK
uUWBTOP/MACTOP_MODULE/A_MACCORE_TOP/B_PC/C_SFC/s_superframe_cnt_reg[15]/CK
uUWBTOP/MACTOP_MODULE/A_MACCORE_TOP/B_PC/C_SFC/s_synch_done_reg/CK
uUWBTOP/MACTOP_MODULE/A_MACCORE_TOP/B_PC/C_SFC/s_target_owner_reg/CK
uUWBTOP/MACTOP_MODULE/A_MACCORE_TOP/B_PC/C_SFC/s_zone_cnt_reg[0]/CK
uUWBTOP/MACTOP_MODULE/A_MACCORE_TOP/B_PC/C_SFC/s_zone_cnt_reg[1]/CK
uUWBTOP/MACTOP_MODULE/A_MACCORE_TOP/B_PC/C_SFC/s_zone_cnt_reg[2]/CK
uUWBTOP/MACTOP_MODULE/A_MACCORE_TOP/B_PC/C_SFC/s_zone_cnt_reg[3]/CK
uUWBTOP/MACTOP_MODULE/A_MACCORE_TOP/B_PC/C_SFC/sfc_sf_start_reg/CK


------------------------------------------------------------
uUWBTOP/MACTOP_MODULE/A_MACCORE_TOP/B_RX/C_FILTER/s_chk_crc32 : status
------------------------------------------------------------
uUWBTOP/MACTOP_MODULE/A_MACCORE_TOP/B_RX/C_FILTER/s_fi_crcerr_cnt_reg[0]/CK
uUWBTOP/MACTOP_MODULE/A_MACCORE_TOP/B_RX/C_FILTER/s_fi_crcerr_cnt_reg[1]/CK
uUWBTOP/MACTOP_MODULE/A_MACCORE_TOP/B_RX/C_FILTER/s_fi_crcerr_cnt_reg[2]/CK
uUWBTOP/MACTOP_MODULE/A_MACCORE_TOP/B_RX/C_FILTER/s_fi_crcerr_cnt_reg[3]/CK
uUWBTOP/MACTOP_MODULE/A_MACCORE_TOP/B_RX/C_FILTER/s_fi_crcerr_cnt_reg[4]/CK
uUWBTOP/MACTOP_MODULE/A_MACCORE_TOP/B_RX/C_FILTER/s_fi_crcerr_cnt_reg[5]/CK
uUWBTOP/MACTOP_MODULE/A_MACCORE_TOP/B_RX/C_FILTER/s_fi_crcerr_cnt_reg[6]/CK
uUWBTOP/MACTOP_MODULE/A_MACCORE_TOP/B_RX/C_FILTER/s_fi_crcerr_cnt_reg[7]/CK
uUWBTOP/MACTOP_MODULE/A_MACCORE_TOP/B_RX/C_FILTER/s_fi_crcerr_cnt_reg[8]/CK
uUWBTOP/MACTOP_MODULE/A_MACCORE_TOP/B_RX/C_FILTER/s_fi_crcerr_cnt_reg[9]/CK
uUWBTOP/MACTOP_MODULE/A_MACCORE_TOP/B_RX/C_FILTER/s_fi_crcerr_cnt_reg[10]/CK
uUWBTOP/MACTOP_MODULE/A_MACCORE_TOP/B_RX/C_FILTER/s_fi_crcerr_cnt_reg[11]/CK
uUWBTOP/MACTOP_MODULE/A_MACCORE_TOP/B_RX/C_FILTER/s_fi_crcerr_cnt_reg[12]/CK
uUWBTOP/MACTOP_MODULE/A_MACCORE_TOP/B_RX/C_FILTER/s_fi_crcerr_cnt_reg[13]/CK
uUWBTOP/MACTOP_MODULE/A_MACCORE_TOP/B_RX/C_FILTER/s_fi_crcerr_cnt_reg[14]/CK
uUWBTOP/MACTOP_MODULE/A_MACCORE_TOP/B_RX/C_FILTER/s_fi_crcerr_cnt_reg[15]/CK

------------------------------------------------------------
uUWBTOP/MACTOP_MODULE/A_MACCORE_TOP/B_RX/C_FILTER/s_chk_len : status
------------------------------------------------------------
uUWBTOP/MACTOP_MODULE/A_MACCORE_TOP/B_RX/C_FILTER/s_fi_lenerr_cnt_reg[0]/CK
uUWBTOP/MACTOP_MODULE/A_MACCORE_TOP/B_RX/C_FILTER/s_fi_lenerr_cnt_reg[1]/CK
uUWBTOP/MACTOP_MODULE/A_MACCORE_TOP/B_RX/C_FILTER/s_fi_lenerr_cnt_reg[2]/CK
uUWBTOP/MACTOP_MODULE/A_MACCORE_TOP/B_RX/C_FILTER/s_fi_lenerr_cnt_reg[3]/CK
uUWBTOP/MACTOP_MODULE/A_MACCORE_TOP/B_RX/C_FILTER/s_fi_lenerr_cnt_reg[4]/CK
uUWBTOP/MACTOP_MODULE/A_MACCORE_TOP/B_RX/C_FILTER/s_fi_lenerr_cnt_reg[5]/CK
uUWBTOP/MACTOP_MODULE/A_MACCORE_TOP/B_RX/C_FILTER/s_fi_lenerr_cnt_reg[6]/CK
uUWBTOP/MACTOP_MODULE/A_MACCORE_TOP/B_RX/C_FILTER/s_fi_lenerr_cnt_reg[7]/CK
uUWBTOP/MACTOP_MODULE/A_MACCORE_TOP/B_RX/C_FILTER/s_fi_lenerr_cnt_reg[8]/CK
uUWBTOP/MACTOP_MODULE/A_MACCORE_TOP/B_RX/C_FILTER/s_fi_lenerr_cnt_reg[9]/CK
uUWBTOP/MACTOP_MODULE/A_MACCORE_TOP/B_RX/C_FILTER/s_fi_lenerr_cnt_reg[10]/CK
uUWBTOP/MACTOP_MODULE/A_MACCORE_TOP/B_RX/C_FILTER/s_fi_lenerr_cnt_reg[11]/CK
uUWBTOP/MACTOP_MODULE/A_MACCORE_TOP/B_RX/C_FILTER/s_fi_lenerr_cnt_reg[12]/CK
uUWBTOP/MACTOP_MODULE/A_MACCORE_TOP/B_RX/C_FILTER/s_fi_lenerr_cnt_reg[13]/CK
uUWBTOP/MACTOP_MODULE/A_MACCORE_TOP/B_RX/C_FILTER/s_fi_lenerr_cnt_reg[14]/CK
uUWBTOP/MACTOP_MODULE/A_MACCORE_TOP/B_RX/C_FILTER/s_fi_lenerr_cnt_reg[15]/CK

------------------------------------------------------------
uUWBTOP/MACTOP_MODULE/A_MACCORE_TOP/B_RX/C_FILTER/s_phyrx_err : status
------------------------------------------------------------
uUWBTOP/MACTOP_MODULE/A_MACCORE_TOP/B_RX/C_FILTER/s_fi_phyrxerr_cnt_reg[0]/CK
uUWBTOP/MACTOP_MODULE/A_MACCORE_TOP/B_RX/C_FILTER/s_fi_phyrxerr_cnt_reg[1]/CK
uUWBTOP/MACTOP_MODULE/A_MACCORE_TOP/B_RX/C_FILTER/s_fi_phyrxerr_cnt_reg[2]/CK
uUWBTOP/MACTOP_MODULE/A_MACCORE_TOP/B_RX/C_FILTER/s_fi_phyrxerr_cnt_reg[3]/CK
uUWBTOP/MACTOP_MODULE/A_MACCORE_TOP/B_RX/C_FILTER/s_fi_phyrxerr_cnt_reg[4]/CK
uUWBTOP/MACTOP_MODULE/A_MACCORE_TOP/B_RX/C_FILTER/s_fi_phyrxerr_cnt_reg[5]/CK
uUWBTOP/MACTOP_MODULE/A_MACCORE_TOP/B_RX/C_FILTER/s_fi_phyrxerr_cnt_reg[6]/CK
uUWBTOP/MACTOP_MODULE/A_MACCORE_TOP/B_RX/C_FILTER/s_fi_phyrxerr_cnt_reg[7]/CK
uUWBTOP/MACTOP_MODULE/A_MACCORE_TOP/B_RX/C_FILTER/s_fi_phyrxerr_cnt_reg[8]/CK
uUWBTOP/MACTOP_MODULE/A_MACCORE_TOP/B_RX/C_FILTER/s_fi_phyrxerr_cnt_reg[9]/CK
uUWBTOP/MACTOP_MODULE/A_MACCORE_TOP/B_RX/C_FILTER/s_fi_phyrxerr_cnt_reg[10]/CK
uUWBTOP/MACTOP_MODULE/A_MACCORE_TOP/B_RX/C_FILTER/s_fi_phyrxerr_cnt_reg[11]/CK
uUWBTOP/MACTOP_MODULE/A_MACCORE_TOP/B_RX/C_FILTER/s_fi_phyrxerr_cnt_reg[12]/CK
uUWBTOP/MACTOP_MODULE/A_MACCORE_TOP/B_RX/C_FILTER/s_fi_phyrxerr_cnt_reg[13]/CK
uUWBTOP/MACTOP_MODULE/A_MACCORE_TOP/B_RX/C_FILTER/s_fi_phyrxerr_cnt_reg[14]/CK
uUWBTOP/MACTOP_MODULE/A_MACCORE_TOP/B_RX/C_FILTER/s_fi_phyrxerr_cnt_reg[15]/CK

------------------------------------------------------------
uUWBTOP/MACTOP_MODULE/A_MACCORE_TOP/B_RX/C_FILTER/s_fi_proc_done2 : status
------------------------------------------------------------
uUWBTOP/MACTOP_MODULE/A_MACCORE_TOP/B_RX/C_FILTER/s_fi_rxfail_cnt_reg[0]/CK
uUWBTOP/MACTOP_MODULE/A_MACCORE_TOP/B_RX/C_FILTER/s_fi_rxfail_cnt_reg[1]/CK
uUWBTOP/MACTOP_MODULE/A_MACCORE_TOP/B_RX/C_FILTER/s_fi_rxfail_cnt_reg[2]/CK
uUWBTOP/MACTOP_MODULE/A_MACCORE_TOP/B_RX/C_FILTER/s_fi_rxfail_cnt_reg[3]/CK
uUWBTOP/MACTOP_MODULE/A_MACCORE_TOP/B_RX/C_FILTER/s_fi_rxfail_cnt_reg[4]/CK
uUWBTOP/MACTOP_MODULE/A_MACCORE_TOP/B_RX/C_FILTER/s_fi_rxfail_cnt_reg[5]/CK
uUWBTOP/MACTOP_MODULE/A_MACCORE_TOP/B_RX/C_FILTER/s_fi_rxfail_cnt_reg[6]/CK
uUWBTOP/MACTOP_MODULE/A_MACCORE_TOP/B_RX/C_FILTER/s_fi_rxfail_cnt_reg[7]/CK
uUWBTOP/MACTOP_MODULE/A_MACCORE_TOP/B_RX/C_FILTER/s_fi_rxfail_cnt_reg[8]/CK
uUWBTOP/MACTOP_MODULE/A_MACCORE_TOP/B_RX/C_FILTER/s_fi_rxfail_cnt_reg[9]/CK
uUWBTOP/MACTOP_MODULE/A_MACCORE_TOP/B_RX/C_FILTER/s_fi_rxfail_cnt_reg[10]/CK
uUWBTOP/MACTOP_MODULE/A_MACCORE_TOP/B_RX/C_FILTER/s_fi_rxfail_cnt_reg[11]/CK
uUWBTOP/MACTOP_MODULE/A_MACCORE_TOP/B_RX/C_FILTER/s_fi_rxfail_cnt_reg[12]/CK
uUWBTOP/MACTOP_MODULE/A_MACCORE_TOP/B_RX/C_FILTER/s_fi_rxfail_cnt_reg[13]/CK
uUWBTOP/MACTOP_MODULE/A_MACCORE_TOP/B_RX/C_FILTER/s_fi_rxfail_cnt_reg[14]/CK
uUWBTOP/MACTOP_MODULE/A_MACCORE_TOP/B_RX/C_FILTER/s_fi_rxfail_cnt_reg[15]/CK
uUWBTOP/MACTOP_MODULE/A_MACCORE_TOP/B_RX/C_FILTER/s_fi_rxsuccess_cnt_reg[0]/CK
uUWBTOP/MACTOP_MODULE/A_MACCORE_TOP/B_RX/C_FILTER/s_fi_rxsuccess_cnt_reg[1]/CK
uUWBTOP/MACTOP_MODULE/A_MACCORE_TOP/B_RX/C_FILTER/s_fi_rxsuccess_cnt_reg[2]/CK
uUWBTOP/MACTOP_MODULE/A_MACCORE_TOP/B_RX/C_FILTER/s_fi_rxsuccess_cnt_reg[3]/CK
uUWBTOP/MACTOP_MODULE/A_MACCORE_TOP/B_RX/C_FILTER/s_fi_rxsuccess_cnt_reg[4]/CK
uUWBTOP/MACTOP_MODULE/A_MACCORE_TOP/B_RX/C_FILTER/s_fi_rxsuccess_cnt_reg[5]/CK
uUWBTOP/MACTOP_MODULE/A_MACCORE_TOP/B_RX/C_FILTER/s_fi_rxsuccess_cnt_reg[6]/CK
uUWBTOP/MACTOP_MODULE/A_MACCORE_TOP/B_RX/C_FILTER/s_fi_rxsuccess_cnt_reg[7]/CK
uUWBTOP/MACTOP_MODULE/A_MACCORE_TOP/B_RX/C_FILTER/s_fi_rxsuccess_cnt_reg[8]/CK
uUWBTOP/MACTOP_MODULE/A_MACCORE_TOP/B_RX/C_FILTER/s_fi_rxsuccess_cnt_reg[9]/CK
uUWBTOP/MACTOP_MODULE/A_MACCORE_TOP/B_RX/C_FILTER/s_fi_rxsuccess_cnt_reg[10]/CK
uUWBTOP/MACTOP_MODULE/A_MACCORE_TOP/B_RX/C_FILTER/s_fi_rxsuccess_cnt_reg[11]/CK
uUWBTOP/MACTOP_MODULE/A_MACCORE_TOP/B_RX/C_FILTER/s_fi_rxsuccess_cnt_reg[12]/CK
uUWBTOP/MACTOP_MODULE/A_MACCORE_TOP/B_RX/C_FILTER/s_fi_rxsuccess_cnt_reg[13]/CK
uUWBTOP/MACTOP_MODULE/A_MACCORE_TOP/B_RX/C_FILTER/s_fi_rxsuccess_cnt_reg[14]/CK
uUWBTOP/MACTOP_MODULE/A_MACCORE_TOP/B_RX/C_FILTER/s_fi_rxsuccess_cnt_reg[15]/CK
