BREAKDOWN OF BUNDLE PL093-BU-00000-r0p3-00rel0

This directory contains bundled deliverables from ARM. Bundled deliverables
are a way of grouping deliverables together for ease of use but which also
need to be identified separately for contractual reasons. This file shows
the breakdown of the bundled data into its constituent deliverables and
files.  It is provided mainly for information for delivery tracking, but
may be useful in the event of problems being found with particular files
and tracing the origin of the files for communication with ARM's support
group.

PL093-DA-03001-r0p3-00rel0:

  PL093_VC/ssmc_pl093/
  PL093_VC/ssmc_pl093/docs/
  PL093_VC/ssmc_pl093/docs/ARM_DDI_0236G.pdf

PL093-DC-01001-r0p3-00rel0:

  PL093_SW/PL093_TREP_1000.pdf

PL093-DC-02001-r0p3-00rel0:

  PL093_SW/PL093_ISPC_1000.pdf

PL093-DC-02002-r0p3-00rel0:

  PL093_VC/ssmc_pl093/
  PL093_VC/ssmc_pl093/docs/
  PL093_VC/ssmc_pl093/docs/PL093_DDES_0000.pdf

PL093-DC-06002-r0p3-00rel0:

  PL093_VC/PL093-DC-06002-r0p3-00rel0.pdf

PL093-DC-08001-r0p3-00rel0:

  PL093_VC/ssmc_pl093/
  PL093_VC/ssmc_pl093/docs/
  PL093_VC/ssmc_pl093/docs/PL093_USGD_0000.pdf

PL093-DC-10002-r0p3-00rel0:

  PL093_VC/ssmc_pl093/
  PL093_VC/ssmc_pl093/docs/
  PL093_VC/ssmc_pl093/docs/PL093_INTM_0000.pdf

PL093-MN-01002-r0p3-00rel0:

  PL093_VC/ssmc_pl093/
  PL093_VC/ssmc_pl093/synopsys/
  PL093_VC/ssmc_pl093/synopsys/log/
  PL093_VC/ssmc_pl093/synopsys/log/Ssmc_scaninsert_vhdl_verilog_synth.log
  PL093_VC/ssmc_pl093/synopsys/log/Ssmc_noscan_vhdl_verilog_synth.log
  PL093_VC/ssmc_pl093/synopsys/log/Ssmc_noscan_vhdl_verilog_run.log
  PL093_VC/ssmc_pl093/synopsys/log/Ssmc_scaninsert_vhdl_verilog_run.log
  PL093_VC/ssmc_pl093/synopsys/log/Ssmc_noscan_verilog_verilog_run.log
  PL093_VC/ssmc_pl093/synopsys/log/Ssmc_scaninsert_verilog_verilog_run.log
  PL093_VC/ssmc_pl093/synopsys/log/Ssmc_noscan_verilog_verilog_synth.log
  PL093_VC/ssmc_pl093/synopsys/log/Ssmc_scaninsert_verilog_verilog_synth.log
  PL093_VC/ssmc_pl093/synopsys/report/
  PL093_VC/ssmc_pl093/synopsys/report/Ssmc_noscan_verilog_verilog.latch
  PL093_VC/ssmc_pl093/synopsys/report/Ssmc_noscan_verilog_verilog.min
  PL093_VC/ssmc_pl093/synopsys/report/Ssmc_scaninsert_verilog_verilog.scan
  PL093_VC/ssmc_pl093/synopsys/report/Ssmc_noscan_vhdl_verilog.vio
  PL093_VC/ssmc_pl093/synopsys/report/Ssmc_scaninsert_verilog_verilog.PreviewScript
  PL093_VC/ssmc_pl093/synopsys/report/Ssmc_scaninsert_verilog_verilog.area
  PL093_VC/ssmc_pl093/synopsys/report/Ssmc_scaninsert_verilog_verilog.resettree
  PL093_VC/ssmc_pl093/synopsys/report/Ssmc_scaninsert_vhdl_verilog.PreviewAll
  PL093_VC/ssmc_pl093/synopsys/report/Ssmc_noscan_vhdl_verilog.clocktree
  PL093_VC/ssmc_pl093/synopsys/report/Ssmc_noscan_vhdl_verilog.min
  PL093_VC/ssmc_pl093/synopsys/report/Ssmc_noscan_verilog_verilog.cell
  PL093_VC/ssmc_pl093/synopsys/report/Ssmc_scaninsert_vhdl_verilog.cell
  PL093_VC/ssmc_pl093/synopsys/report/Ssmc_scaninsert_vhdl_verilog.ports
  PL093_VC/ssmc_pl093/synopsys/report/Ssmc_scaninsert_vhdl_verilog.max
  PL093_VC/ssmc_pl093/synopsys/report/Ssmc_scaninsert_verilog_verilog.ref
  PL093_VC/ssmc_pl093/synopsys/report/Ssmc_noscan_verilog_verilog.hier
  PL093_VC/ssmc_pl093/synopsys/report/Ssmc_scaninsert_verilog_verilog.PreviewAll
  PL093_VC/ssmc_pl093/synopsys/report/Ssmc_noscan_verilog_verilog.ports
  PL093_VC/ssmc_pl093/synopsys/report/Ssmc_noscan_verilog_verilog.ref
  PL093_VC/ssmc_pl093/synopsys/report/Ssmc_scaninsert_vhdl_verilog.hier
  PL093_VC/ssmc_pl093/synopsys/report/Ssmc_noscan_vhdl_verilog.area
  PL093_VC/ssmc_pl093/synopsys/report/Ssmc_scaninsert_vhdl_verilog.vio
  PL093_VC/ssmc_pl093/synopsys/report/Ssmc_scaninsert_verilog_verilog.latch
  PL093_VC/ssmc_pl093/synopsys/report/Ssmc_noscan_verilog_verilog.constr
  PL093_VC/ssmc_pl093/synopsys/report/Ssmc_noscan_vhdl_verilog.resettree
  PL093_VC/ssmc_pl093/synopsys/report/Ssmc_noscan_verilog_verilog.clocktree
  PL093_VC/ssmc_pl093/synopsys/report/Ssmc_scaninsert_vhdl_verilog.clocktree
  PL093_VC/ssmc_pl093/synopsys/report/Ssmc_scaninsert_verilog_verilog.cell
  PL093_VC/ssmc_pl093/synopsys/report/Ssmc_noscan_vhdl_verilog.ref
  PL093_VC/ssmc_pl093/synopsys/report/Ssmc_scaninsert_vhdl_verilog.min
  PL093_VC/ssmc_pl093/synopsys/report/Ssmc_noscan_vhdl_verilog.latch
  PL093_VC/ssmc_pl093/synopsys/report/Ssmc_scaninsert_verilog_verilog.hier
  PL093_VC/ssmc_pl093/synopsys/report/Ssmc_scaninsert_vhdl_verilog.stil
  PL093_VC/ssmc_pl093/synopsys/report/Ssmc_scaninsert_verilog_verilog.max
  PL093_VC/ssmc_pl093/synopsys/report/Ssmc_scaninsert_vhdl_verilog.scan
  PL093_VC/ssmc_pl093/synopsys/report/Ssmc_noscan_verilog_verilog.max
  PL093_VC/ssmc_pl093/synopsys/report/Ssmc_scaninsert_verilog_verilog.ports
  PL093_VC/ssmc_pl093/synopsys/report/Ssmc_scaninsert_verilog_verilog.constr
  PL093_VC/ssmc_pl093/synopsys/report/Ssmc_noscan_verilog_verilog.resettree
  PL093_VC/ssmc_pl093/synopsys/report/Ssmc_scaninsert_vhdl_verilog.resettree
  PL093_VC/ssmc_pl093/synopsys/report/Ssmc_scaninsert_vhdl_verilog.constr
  PL093_VC/ssmc_pl093/synopsys/report/Ssmc_noscan_vhdl_verilog.cell
  PL093_VC/ssmc_pl093/synopsys/report/Ssmc_scaninsert_vhdl_verilog.PreviewScript
  PL093_VC/ssmc_pl093/synopsys/report/Ssmc_noscan_vhdl_verilog.constr
  PL093_VC/ssmc_pl093/synopsys/report/Ssmc_scaninsert_verilog_verilog.vio
  PL093_VC/ssmc_pl093/synopsys/report/Ssmc_noscan_verilog_verilog.area
  PL093_VC/ssmc_pl093/synopsys/report/Ssmc_scaninsert_vhdl_verilog.area
  PL093_VC/ssmc_pl093/synopsys/report/Ssmc_noscan_verilog_verilog.vio
  PL093_VC/ssmc_pl093/synopsys/report/Ssmc_scaninsert_verilog_verilog.clocktree
  PL093_VC/ssmc_pl093/synopsys/report/Ssmc_noscan_vhdl_verilog.hier
  PL093_VC/ssmc_pl093/synopsys/report/Ssmc_scaninsert_vhdl_verilog.ref
  PL093_VC/ssmc_pl093/synopsys/report/Ssmc_scaninsert_verilog_verilog.stil
  PL093_VC/ssmc_pl093/synopsys/report/Ssmc_noscan_vhdl_verilog.max
  PL093_VC/ssmc_pl093/synopsys/report/Ssmc_scaninsert_vhdl_verilog.latch
  PL093_VC/ssmc_pl093/synopsys/report/Ssmc_noscan_vhdl_verilog.ports
  PL093_VC/ssmc_pl093/synopsys/report/Ssmc_scaninsert_verilog_verilog.min
  PL093_VC/ssmc_pl093/synopsys/scripts/
  PL093_VC/ssmc_pl093/synopsys/scripts/Ssmc_exceptions.scr
  PL093_VC/ssmc_pl093/synopsys/scripts/Ssmc.cmd
  PL093_VC/ssmc_pl093/synopsys/scripts/Ssmc_scan.cmd
  PL093_VC/ssmc_pl093/synopsys/scripts/Ssmc.scr
  PL093_VC/ssmc_pl093/synopsys/scripts/ahb_slave.scr
  PL093_VC/ssmc_pl093/synopsys/scripts/amba_params.scr
  PL093_VC/ssmc_pl093/synopsys/scripts/ahb_master.scr
  PL093_VC/ssmc_pl093/synopsys/makefile
  PL093_VC/ssmc_pl093/synopsys/README
  PL093_VC/ssmc_pl093/synopsys/db/
  PL093_VC/ssmc_pl093/synopsys/db/Ssmc_noscan_verilog_verilog.db
  PL093_VC/ssmc_pl093/synopsys/db/Ssmc_scaninsert_verilog_verilog.db
  PL093_VC/ssmc_pl093/synopsys/db/Ssmc_noscan_vhdl_verilog.db
  PL093_VC/ssmc_pl093/synopsys/db/Ssmc_scaninsert_vhdl_verilog.db
  PL093_VC/global/
  PL093_VC/global/synopsys_shared/
  PL093_VC/global/synopsys_shared/scr_common/
  PL093_VC/global/synopsys_shared/scr_common/name_rules.scr
  PL093_VC/global/synopsys_shared/scr_common/apb_slave.scr
  PL093_VC/global/synopsys_shared/scr_common/apb_params.scr
  PL093_VC/global/synopsys_shared/scr_common/apb_master_constraints.tcl
  PL093_VC/global/synopsys_shared/scr_common/avanti_cb18.tcl
  PL093_VC/global/synopsys_shared/scr_common/setup.scr
  PL093_VC/global/synopsys_shared/scr_common/library_avanti_cb18_v1.0.scr
  PL093_VC/global/synopsys_shared/scr_common/setup.tcl
  PL093_VC/global/synopsys_shared/scr_common/amba_parameters.tcl
  PL093_VC/global/synopsys_shared/scr_common/ahb_slave.scr
  PL093_VC/global/synopsys_shared/scr_common/amba_params.scr
  PL093_VC/global/synopsys_shared/scr_common/artisan_tsmc18.tcl
  PL093_VC/global/synopsys_shared/scr_common/ahb_master.scr
  PL093_VC/global/synopsys_shared/scr_common/functions.tcl
  PL093_VC/global/synopsys_shared/scr_common/avanti_cb25.tcl
  PL093_VC/global/synopsys_shared/scr_common/ahb_slave_constraints.tcl
  PL093_VC/global/synopsys_shared/scr_common/library_avanti_cb25_v2.1.scr
  PL093_VC/global/synopsys_shared/scr_common/ahb_master_constraints.tcl
  PL093_VC/global/synopsys_shared/scr_common/design_rules.tcl
  PL093_VC/global/synopsys_shared/scr_common/apb_slave_constraints.tcl
  PL093_VC/global/synopsys_shared/scr_common/global.scr
  PL093_VC/global/bin/
  PL093_VC/global/bin/verilog_net_patch
  PL093_VC/global/bin/remove_prot
  PL093_VC/global/bin/vhdl_sdf_patch
  PL093_VC/global/bin/do_all.scr

PL093-MN-22001-r0p3-00rel0:

  PL093_VC/ssmc_pl093/
  PL093_VC/ssmc_pl093/verilog/
  PL093_VC/ssmc_pl093/verilog/rtl_source/
  PL093_VC/ssmc_pl093/verilog/rtl_source/SsmcRevAnd.v
  PL093_VC/ssmc_pl093/verilog/rtl_source/SsmcClockOr.v
  PL093_VC/ssmc_pl093/verilog/rtl_source/SsmcParams.v
  PL093_VC/ssmc_pl093/verilog/rtl_source/SsmcPadMux.v
  PL093_VC/ssmc_pl093/verilog/rtl_source/SsmcSynchroniser.v
  PL093_VC/ssmc_pl093/verilog/rtl_source/SsmcAhbSlvRegIf.v
  PL093_VC/ssmc_pl093/verilog/rtl_source/SsmcPadIf.v
  PL093_VC/ssmc_pl093/verilog/rtl_source/SsmcCore.v
  PL093_VC/ssmc_pl093/verilog/rtl_source/makefile
  PL093_VC/ssmc_pl093/verilog/rtl_source/SsmcTIC.v
  PL093_VC/ssmc_pl093/verilog/rtl_source/SsmcDerivedClk.v
  PL093_VC/ssmc_pl093/verilog/rtl_source/SsmcAhbSlvMemIf.v
  PL093_VC/ssmc_pl093/verilog/rtl_source/Ssmc.v
  PL093_VC/ssmc_pl093/verilog/rtl_source/SsmcDBI.v
  PL093_VC/ssmc_pl093/verilog/rtl_source/SsmcMemTSM.v
  PL093_VC/ssmc_pl093/verilog/netlist/
  PL093_VC/ssmc_pl093/verilog/netlist/makefile
  PL093_VC/ssmc_pl093/verilog/makefile
  PL093_VC/ssmc_pl093/makefile
  PL093_VC/global/
  PL093_VC/global/LDV/
  PL093_VC/global/LDV/DirMakefile.mk
  PL093_VC/global/LDV/vxl_tictalk.files
  PL093_VC/global/LDV/vxl_tictalk_asb.files
  PL093_VC/global/LDV/DirSimMakefile.mk
  PL093_VC/global/LDV/vxl_tictalk_ahb.files
  PL093_VC/global/LDV/SimMakefile.mk
  PL093_VC/global/LDV/RtlMakefile.mk
  PL093_VC/global/LDV/vxl_bustalk_ahb.files
  PL093_VC/global/LDV/vxl_bustalk.files
  PL093_VC/global/LDV/vxl_bustalk_apb.files
  PL093_VC/global/modelsim/
  PL093_VC/global/modelsim/SimMakefile.mk
  PL093_VC/global/modelsim/RtlMakefile.mk
  PL093_VC/global/modelsim/libmap
  PL093_VC/global/modelsim/modelsim_tictalk.ini
  PL093_VC/global/modelsim/modelsim_bustalk.ini
  PL093_VC/global/modelsim/DirSimMakefile.mk
  PL093_VC/global/modelsim/modelsim.ini
  PL093_VC/global/modelsim/DirMakefile.mk
  PL093_VC/global/modelsim/init.do

PL093-MN-22010-r0p3-00rel0:

  PL093_VC/ssmc_pl093/
  PL093_VC/ssmc_pl093/verification/
  PL093_VC/ssmc_pl093/verification/verilog/
  PL093_VC/ssmc_pl093/verification/verilog/Ssmc_rtl/
  PL093_VC/ssmc_pl093/verification/verilog/Ssmc_rtl/DenaliTests_rtl_clk11_modelsim.log
  PL093_VC/ssmc_pl093/verification/verilog/Ssmc_rtl/DenaliTests3_rtl_clk12_LDV.log
  PL093_VC/ssmc_pl093/verification/verilog/Ssmc_rtl/DenaliTests1_rtl_clk13_modelsim.log
  PL093_VC/ssmc_pl093/verification/verilog/Ssmc_rtl/all_rtl_clk13_modelsim.log
  PL093_VC/ssmc_pl093/verification/verilog/Ssmc_rtl/DenaliTests3_rtl_clk13_LDV.log
  PL093_VC/ssmc_pl093/verification/verilog/Ssmc_rtl/DenaliTests1_rtl_clk11_LDV.log
  PL093_VC/ssmc_pl093/verification/verilog/Ssmc_rtl/DenaliTests1_rtl_clk12_modelsim.log
  PL093_VC/ssmc_pl093/verification/verilog/Ssmc_rtl/all_rtl_clk12_modelsim.log
  PL093_VC/ssmc_pl093/verification/verilog/Ssmc_rtl/DenaliTests1_rtl_clk12_LDV.log
  PL093_VC/ssmc_pl093/verification/verilog/Ssmc_rtl/DenaliTests1_rtl_clk11_modelsim.log
  PL093_VC/ssmc_pl093/verification/verilog/Ssmc_rtl/DenaliTests3_rtl_clk13_modelsim.log
  PL093_VC/ssmc_pl093/verification/verilog/Ssmc_rtl/all_rtl_clk11_modelsim.log
  PL093_VC/ssmc_pl093/verification/verilog/Ssmc_rtl/DenaliTests1_rtl_clk13_LDV.log
  PL093_VC/ssmc_pl093/verification/verilog/Ssmc_rtl/DenaliTests_rtl_clk11_LDV.log
  PL093_VC/ssmc_pl093/verification/verilog/Ssmc_rtl/DenaliTests3_rtl_clk12_modelsim.log
  PL093_VC/ssmc_pl093/verification/verilog/Ssmc_rtl/DenaliTests_rtl_clk12_LDV.log
  PL093_VC/ssmc_pl093/verification/verilog/Ssmc_rtl/all_rtl_clk11_LDV.log
  PL093_VC/ssmc_pl093/verification/verilog/Ssmc_rtl/DenaliTests3_rtl_clk11_modelsim.log
  PL093_VC/ssmc_pl093/verification/verilog/Ssmc_rtl/DenaliTests_rtl_clk13_modelsim.log
  PL093_VC/ssmc_pl093/verification/verilog/Ssmc_rtl/DenaliTests_rtl_clk13_LDV.log
  PL093_VC/ssmc_pl093/verification/verilog/Ssmc_rtl/all_rtl_clk12_LDV.log
  PL093_VC/ssmc_pl093/verification/verilog/Ssmc_rtl/DenaliTests_rtl_clk12_modelsim.log
  PL093_VC/ssmc_pl093/verification/verilog/Ssmc_rtl/all_rtl_clk13_LDV.log
  PL093_VC/ssmc_pl093/verification/verilog/Ssmc_rtl/DenaliTests3_rtl_clk11_LDV.log
  PL093_VC/ssmc_pl093/verification/verilog/vxl_bustalk_ahb.files
  PL093_VC/ssmc_pl093/verification/verilog/tbench/
  PL093_VC/ssmc_pl093/verification/verilog/tbench/mrom2.v
  PL093_VC/ssmc_pl093/verification/verilog/tbench/ahbslave_tb.v
  PL093_VC/ssmc_pl093/verification/verilog/tbench/decoder.v
  PL093_VC/ssmc_pl093/verification/verilog/tbench/timing_denali.v
  PL093_VC/ssmc_pl093/verification/verilog/tbench/README
  PL093_VC/ssmc_pl093/verification/verilog/tbench/buswatchmaster.v
  PL093_VC/ssmc_pl093/verification/verilog/tbench/tbench_denali.v
  PL093_VC/ssmc_pl093/verification/verilog/tbench/timing_tbench.v
  PL093_VC/ssmc_pl093/verification/verilog/tbench/S_28f6408W30B70_flash.v
  PL093_VC/ssmc_pl093/verification/verilog/tbench/sram1.v
  PL093_VC/ssmc_pl093/verification/verilog/tbench/tbench_denali1.v
  PL093_VC/ssmc_pl093/verification/verilog/tbench/flash1.v
  PL093_VC/ssmc_pl093/verification/verilog/tbench/sram2.v
  PL093_VC/ssmc_pl093/verification/verilog/tbench/tbench_denali2.v
  PL093_VC/ssmc_pl093/verification/verilog/tbench/flash2.v
  PL093_VC/ssmc_pl093/verification/verilog/tbench/timingmaster.v
  PL093_VC/ssmc_pl093/verification/verilog/tbench/sram3.v
  PL093_VC/ssmc_pl093/verification/verilog/tbench/timing.v
  PL093_VC/ssmc_pl093/verification/verilog/tbench/makefile
  PL093_VC/ssmc_pl093/verification/verilog/tbench/sram4.v
  PL093_VC/ssmc_pl093/verification/verilog/tbench/tbench.v
  PL093_VC/ssmc_pl093/verification/verilog/tbench/defslave.v
  PL093_VC/ssmc_pl093/verification/verilog/tbench/buswmaster_pck.v
  PL093_VC/ssmc_pl093/verification/verilog/tbench/mrom1.v
  PL093_VC/ssmc_pl093/verification/verilog/trickbox/
  PL093_VC/ssmc_pl093/verification/verilog/trickbox/SsmcTrParams.v
  PL093_VC/ssmc_pl093/verification/verilog/trickbox/SsmcTrick_denali.v
  PL093_VC/ssmc_pl093/verification/verilog/trickbox/SsmcTrPackage.v
  PL093_VC/ssmc_pl093/verification/verilog/trickbox/SsmcTrWaitCntl.v
  PL093_VC/ssmc_pl093/verification/verilog/trickbox/makefile
  PL093_VC/ssmc_pl093/verification/verilog/trickbox/SsmcTrMemRdWrCtl.v
  PL093_VC/ssmc_pl093/verification/verilog/trickbox/SsmcTrMemArray.v
  PL093_VC/ssmc_pl093/verification/verilog/trickbox/SsmcTrMemory.v
  PL093_VC/ssmc_pl093/verification/verilog/trickbox/SsmcTrickMem.v
  PL093_VC/ssmc_pl093/verification/verilog/trickbox/SsmcTrAhbIfReg.v
  PL093_VC/ssmc_pl093/verification/verilog/trickbox/SsmcTrExtArb.v
  PL093_VC/ssmc_pl093/verification/verilog/trickbox/SsmcTrMemClkGen.v
  PL093_VC/ssmc_pl093/verification/verilog/trickbox/SsmcTrProtChkr.v
  PL093_VC/ssmc_pl093/verification/verilog/trickbox/SsmcTrick.v
  PL093_VC/ssmc_pl093/verification/verilog/trickbox/SsmcTrMemAhbIfReg.v
  PL093_VC/ssmc_pl093/verification/verilog/vr/
  PL093_VC/ssmc_pl093/verification/verilog/vr/makefile
  PL093_VC/ssmc_pl093/verification/verilog/Ssmc_noscan_vhdl_net_min/
  PL093_VC/ssmc_pl093/verification/verilog/Ssmc_noscan_vhdl_net_min/DenaliTests3_noscan_vhdl_verilog_net_min_modelsim.log
  PL093_VC/ssmc_pl093/verification/verilog/Ssmc_noscan_vhdl_net_min/RegisterTests_noscan_vhdl_verilog_net_min_modelsim.log
  PL093_VC/ssmc_pl093/verification/verilog/buswatcher/
  PL093_VC/ssmc_pl093/verification/verilog/buswatcher/makefile
  PL093_VC/ssmc_pl093/verification/verilog/DirSimMakefile_modelsim.mk
  PL093_VC/ssmc_pl093/verification/verilog/modelsim_bustalk.ini
  PL093_VC/ssmc_pl093/verification/verilog/makefile
  PL093_VC/ssmc_pl093/verification/verilog/common/
  PL093_VC/ssmc_pl093/verification/verilog/common/makefile
  PL093_VC/ssmc_pl093/verification/verilog/Ssmc_scaninsert_verilog_net_max/
  PL093_VC/ssmc_pl093/verification/verilog/Ssmc_scaninsert_verilog_net_max/DenaliTests1_scaninsert_verilog_verilog_net_max_LDV.log
  PL093_VC/ssmc_pl093/verification/verilog/Ssmc_scaninsert_verilog_net_max/DenaliTests3_scaninsert_verilog_verilog_net_max_LDV.log
  PL093_VC/ssmc_pl093/verification/verilog/Ssmc_scaninsert_verilog_net_max/RegisterTests_scaninsert_verilog_verilog_net_max_LDV.log
  PL093_VC/ssmc_pl093/verification/verilog/DirSimMakefile_LDV.mk
  PL093_VC/ssmc_pl093/verification/verilog/Ssmc_noscan_verilog_net_min/
  PL093_VC/ssmc_pl093/verification/verilog/Ssmc_noscan_verilog_net_min/DenaliTests3_noscan_verilog_verilog_net_min_modelsim.log
  PL093_VC/ssmc_pl093/verification/verilog/Ssmc_noscan_verilog_net_min/DenaliTests1_noscan_verilog_verilog_net_min_modelsim.log
  PL093_VC/ssmc_pl093/verification/verilog/Ssmc_noscan_verilog_net_min/RegisterTests_noscan_verilog_verilog_net_min_modelsim.log
  PL093_VC/ssmc_pl093/verification/verilog/reader/
  PL093_VC/ssmc_pl093/verification/verilog/reader/makefile
  PL093_VC/ssmc_pl093/verification/verilog/bid/
  PL093_VC/ssmc_pl093/verification/verilog/bid/makefile
  PL093_VC/ssmc_pl093/verification/makefile
  PL093_VC/global/
  PL093_VC/global/LDV/
  PL093_VC/global/LDV/DirMakefile.mk
  PL093_VC/global/LDV/vxl_tictalk.files
  PL093_VC/global/LDV/vxl_tictalk_asb.files
  PL093_VC/global/LDV/DirSimMakefile.mk
  PL093_VC/global/LDV/vxl_tictalk_ahb.files
  PL093_VC/global/LDV/SimMakefile.mk
  PL093_VC/global/LDV/RtlMakefile.mk
  PL093_VC/global/LDV/vxl_bustalk_ahb.files
  PL093_VC/global/LDV/vxl_bustalk.files
  PL093_VC/global/LDV/vxl_bustalk_apb.files
  PL093_VC/global/modelsim/
  PL093_VC/global/modelsim/SimMakefile.mk
  PL093_VC/global/modelsim/RtlMakefile.mk
  PL093_VC/global/modelsim/libmap
  PL093_VC/global/modelsim/modelsim_tictalk.ini
  PL093_VC/global/modelsim/modelsim_bustalk.ini
  PL093_VC/global/modelsim/DirSimMakefile.mk
  PL093_VC/global/modelsim/modelsim.ini
  PL093_VC/global/modelsim/DirMakefile.mk
  PL093_VC/global/modelsim/init.do
  PL093_VC/global/bustalk_ahb/
  PL093_VC/global/bustalk_ahb/verilog/
  PL093_VC/global/bustalk_ahb/verilog/bid/
  PL093_VC/global/bustalk_ahb/verilog/bid/reset_driver.v
  PL093_VC/global/bustalk_ahb/verilog/bid/split.v
  PL093_VC/global/bustalk_ahb/verilog/bid/cyc_drivers.v
  PL093_VC/global/bustalk_ahb/verilog/common/
  PL093_VC/global/bustalk_ahb/verilog/common/funcsmaster.v
  PL093_VC/global/bustalk_ahb/verilog/common/configmaster.v
  PL093_VC/global/bustalk_ahb/verilog/common/countdown.v
  PL093_VC/global/bustalk_ahb/verilog/common/clockgen.v
  PL093_VC/global/bustalk_ahb/verilog/common/funcs.v
  PL093_VC/global/bustalk_ahb/verilog/common/defs.v
  PL093_VC/global/bustalk_ahb/verilog/vr/
  PL093_VC/global/bustalk_ahb/verilog/vr/Reg.v
  PL093_VC/global/bustalk_ahb/verilog/vr/VRCycDrivers.v
  PL093_VC/global/bustalk_ahb/verilog/vr/VIODriver.v
  PL093_VC/global/bustalk_ahb/verilog/vr/linedrv.v
  PL093_VC/global/bustalk_ahb/verilog/buswatcher/
  PL093_VC/global/bustalk_ahb/verilog/buswatcher/buswatch.v
  PL093_VC/global/bustalk_ahb/verilog/reader/
  PL093_VC/global/bustalk_ahb/verilog/reader/command_reader.v
  PL093_VC/global/bustalk_ahb/verilog/reader/reader.v
  PL093_VC/global/bustalk_apb/
  PL093_VC/global/bustalk_apb/verilog/
  PL093_VC/global/bustalk_apb/verilog/common/
  PL093_VC/global/bustalk_apb/verilog/common/defs.v
  PL093_VC/global/bustalk_apb/verilog/common/clockgen.v
  PL093_VC/global/bustalk_apb/verilog/common/countdown.v
  PL093_VC/global/bustalk_apb/verilog/bid/
  PL093_VC/global/bustalk_apb/verilog/bid/data_driver.v
  PL093_VC/global/bustalk_apb/verilog/bid/penable_driver.v
  PL093_VC/global/bustalk_apb/verilog/bid/addrctl_driver.v
  PL093_VC/global/bustalk_apb/verilog/bid/buscyc_drivers.v
  PL093_VC/global/bustalk_apb/verilog/bid/reset_driver.v
  PL093_VC/global/bustalk_apb/verilog/bid/busline_drivers.v
  PL093_VC/global/bustalk_apb/verilog/reader/
  PL093_VC/global/bustalk_apb/verilog/reader/reader.v
  PL093_VC/global/bustalk_apb/verilog/reader/command_reader.v
  PL093_VC/global/bustalk_apb/verilog/vr/
  PL093_VC/global/bustalk_apb/verilog/vr/linedrv.v
  PL093_VC/global/bustalk_apb/verilog/vr/vio_driver.v
  PL093_VC/global/bustalk_apb/verilog/vr/viregcyc_drivers.v
  PL093_VC/global/bustalk_apb/verilog/vr/reg.v
  PL093_VC/global/bustalk_apb/verilog/buswatcher/
  PL093_VC/global/bustalk_apb/verilog/buswatcher/buswatch.v
  PL093_VC/global/bustalk/
  PL093_VC/global/bustalk/vhdl/
  PL093_VC/global/bustalk/vhdl/common/
  PL093_VC/global/bustalk/vhdl/common/funcs.vhd
  PL093_VC/global/bustalk/vhdl/common/countdown.vhd
  PL093_VC/global/bustalk/vhdl/common/defs.vhd
  PL093_VC/global/bustalk/vhdl/common/clockgen.vhd
  PL093_VC/global/bustalk/vhdl/buswatcher/
  PL093_VC/global/bustalk/vhdl/buswatcher/buswatch.vhd
  PL093_VC/global/bustalk/vhdl/buswatcher/busw_pck.vhd
  PL093_VC/global/bustalk/vhdl/bid/
  PL093_VC/global/bustalk/vhdl/bid/penable_driver.vhd
  PL093_VC/global/bustalk/vhdl/bid/addrctl_driver.vhd
  PL093_VC/global/bustalk/vhdl/bid/busline_drivers.vhd
  PL093_VC/global/bustalk/vhdl/bid/reset_driver.vhd
  PL093_VC/global/bustalk/vhdl/bid/buscyc_drivers.vhd
  PL093_VC/global/bustalk/vhdl/bid/data_driver.vhd
  PL093_VC/global/bustalk/vhdl/vr/
  PL093_VC/global/bustalk/vhdl/vr/linedrv.vhd
  PL093_VC/global/bustalk/vhdl/vr/vregbank.vhd
  PL093_VC/global/bustalk/vhdl/vr/reg.vhd
  PL093_VC/global/bustalk/vhdl/vr/vio_driver.vhd
  PL093_VC/global/bustalk/vhdl/vr/viregcyc_drivers.vhd
  PL093_VC/global/bustalk/vhdl/reader/
  PL093_VC/global/bustalk/vhdl/reader/reader.vhd
  PL093_VC/global/bustalk/vhdl/reader/readline.vhd
  PL093_VC/global/bustalk/verilog/
  PL093_VC/global/bustalk/verilog/bid/
  PL093_VC/global/bustalk/verilog/bid/data_driver.v
  PL093_VC/global/bustalk/verilog/bid/penable_driver.v
  PL093_VC/global/bustalk/verilog/bid/addrctl_driver.v
  PL093_VC/global/bustalk/verilog/bid/reset_driver.v
  PL093_VC/global/bustalk/verilog/bid/busline_drivers.v
  PL093_VC/global/bustalk/verilog/bid/buscyc_drivers.v
  PL093_VC/global/bustalk/verilog/common/
  PL093_VC/global/bustalk/verilog/common/defs.v
  PL093_VC/global/bustalk/verilog/common/clockgen.v
  PL093_VC/global/bustalk/verilog/common/countdown.v
  PL093_VC/global/bustalk/verilog/reader/
  PL093_VC/global/bustalk/verilog/reader/command_reader.v
  PL093_VC/global/bustalk/verilog/reader/reader.v
  PL093_VC/global/bustalk/verilog/vr/
  PL093_VC/global/bustalk/verilog/vr/viregcyc_drivers.v
  PL093_VC/global/bustalk/verilog/vr/vio_driver.v
  PL093_VC/global/bustalk/verilog/vr/linedrv.v
  PL093_VC/global/bustalk/verilog/vr/reg.v
  PL093_VC/global/bustalk/verilog/buswatcher/
  PL093_VC/global/bustalk/verilog/buswatcher/buswatch.v

PL093-MN-22012-r0p3-00rel0:

  PL093_VC/ssmc_pl093/
  PL093_VC/ssmc_pl093/integration/
  PL093_VC/ssmc_pl093/integration/verilog/
  PL093_VC/ssmc_pl093/integration/verilog/common/
  PL093_VC/ssmc_pl093/integration/verilog/common/funcsmaster.v
  PL093_VC/ssmc_pl093/integration/verilog/common/funcs.v
  PL093_VC/ssmc_pl093/integration/verilog/common/clockgen.v
  PL093_VC/ssmc_pl093/integration/verilog/common/countdown.v
  PL093_VC/ssmc_pl093/integration/verilog/common/configmaster.v
  PL093_VC/ssmc_pl093/integration/verilog/common/defs.v
  PL093_VC/ssmc_pl093/integration/verilog/trickbox/
  PL093_VC/ssmc_pl093/integration/verilog/trickbox/Ahbif.v
  PL093_VC/ssmc_pl093/integration/verilog/trickbox/makefile
  PL093_VC/ssmc_pl093/integration/verilog/trickbox/AhbRegBlock.v
  PL093_VC/ssmc_pl093/integration/verilog/trickbox/AhbSlave.v
  PL093_VC/ssmc_pl093/integration/verilog/trickbox/Ahbparam.v
  PL093_VC/ssmc_pl093/integration/verilog/tbench/
  PL093_VC/ssmc_pl093/integration/verilog/tbench/Ticbox.v
  PL093_VC/ssmc_pl093/integration/verilog/tbench/makefile
  PL093_VC/ssmc_pl093/integration/verilog/tbench/tbench.v
  PL093_VC/ssmc_pl093/integration/verilog/tbench/README
  PL093_VC/ssmc_pl093/integration/verilog/ticbox/
  PL093_VC/ssmc_pl093/integration/verilog/ticbox/makefile
  PL093_VC/ssmc_pl093/integration/verilog/chip/
  PL093_VC/ssmc_pl093/integration/verilog/chip/TicWatcher.v
  PL093_VC/ssmc_pl093/integration/verilog/chip/EASY.v
  PL093_VC/ssmc_pl093/integration/verilog/chip/RPS.v
  PL093_VC/ssmc_pl093/integration/verilog/chip/buswmaster_pck.v
  PL093_VC/ssmc_pl093/integration/verilog/chip/buswatchmaster.v
  PL093_VC/ssmc_pl093/integration/verilog/chip/timing.v
  PL093_VC/ssmc_pl093/integration/verilog/chip/makefile
  PL093_VC/ssmc_pl093/integration/verilog/chip/timingmaster.v
  PL093_VC/ssmc_pl093/integration/verilog/Ssmc_rtl/
  PL093_VC/ssmc_pl093/integration/verilog/Ssmc_rtl/vxl_LDV.files
  PL093_VC/ssmc_pl093/integration/verilog/Ssmc_rtl/Ssmc_rtl_LDV.log
  PL093_VC/ssmc_pl093/integration/verilog/Ssmc_rtl/Ssmc_rtl_modelsim.log
  PL093_VC/ssmc_pl093/integration/verilog/DirSimMakefile_LDV.mk
  PL093_VC/ssmc_pl093/integration/verilog/makefile
  PL093_VC/ssmc_pl093/integration/verilog/sys/
  PL093_VC/ssmc_pl093/integration/verilog/sys/makefile
  PL093_VC/ssmc_pl093/integration/verilog/DirSimMakefile_modelsim.mk
  PL093_VC/ssmc_pl093/integration/makefile
  PL093_VC/global/
  PL093_VC/global/LDV/
  PL093_VC/global/LDV/DirMakefile.mk
  PL093_VC/global/LDV/vxl_tictalk.files
  PL093_VC/global/LDV/vxl_tictalk_asb.files
  PL093_VC/global/LDV/DirSimMakefile.mk
  PL093_VC/global/LDV/vxl_tictalk_ahb.files
  PL093_VC/global/LDV/SimMakefile.mk
  PL093_VC/global/LDV/RtlMakefile.mk
  PL093_VC/global/LDV/vxl_bustalk_ahb.files
  PL093_VC/global/LDV/vxl_bustalk.files
  PL093_VC/global/LDV/vxl_bustalk_apb.files
  PL093_VC/global/modelsim/
  PL093_VC/global/modelsim/SimMakefile.mk
  PL093_VC/global/modelsim/RtlMakefile.mk
  PL093_VC/global/modelsim/libmap
  PL093_VC/global/modelsim/modelsim_tictalk.ini
  PL093_VC/global/modelsim/modelsim_bustalk.ini
  PL093_VC/global/modelsim/DirSimMakefile.mk
  PL093_VC/global/modelsim/modelsim.ini
  PL093_VC/global/modelsim/DirMakefile.mk
  PL093_VC/global/modelsim/init.do
  PL093_VC/global/tictalk_asb/
  PL093_VC/global/tictalk_asb/verilog/
  PL093_VC/global/tictalk_asb/verilog/common/
  PL093_VC/global/tictalk_asb/verilog/common/Defs.v
  PL093_VC/global/tictalk_asb/verilog/sys/
  PL093_VC/global/tictalk_asb/verilog/sys/arbiter.v
  PL093_VC/global/tictalk_asb/verilog/sys/buswatch.v
  PL093_VC/global/tictalk_asb/verilog/sys/rem_pause.v
  PL093_VC/global/tictalk_asb/verilog/sys/decoder.v
  PL093_VC/global/tictalk_asb/verilog/sys/res_cntl.v
  PL093_VC/global/tictalk_asb/verilog/sys/tic.v
  PL093_VC/global/tictalk_asb/verilog/sys/apbif.v
  PL093_VC/global/tictalk_ahb/
  PL093_VC/global/tictalk_ahb/verilog/
  PL093_VC/global/tictalk_ahb/verilog/sys/
  PL093_VC/global/tictalk_ahb/verilog/sys/MuxP2B.v
  PL093_VC/global/tictalk_ahb/verilog/sys/ResCntl.v
  PL093_VC/global/tictalk_ahb/verilog/sys/MuxS2M.v
  PL093_VC/global/tictalk_ahb/verilog/sys/TIC.v
  PL093_VC/global/tictalk_ahb/verilog/sys/SMI.v
  PL093_VC/global/tictalk_ahb/verilog/sys/Arbiter.v
  PL093_VC/global/tictalk_ahb/verilog/sys/APBif.v
  PL093_VC/global/tictalk_ahb/verilog/sys/MuxM2S.v
  PL093_VC/global/tictalk_ahb/verilog/sys/DefaultSlave.v
  PL093_VC/global/tictalk_ahb/verilog/sys/RemPause.v
  PL093_VC/global/tictalk_ahb/verilog/sys/Decoder.v
  PL093_VC/global/tictalk_ahb/verilog/ticbox/
  PL093_VC/global/tictalk_ahb/verilog/ticbox/Ticbox.v
  PL093_VC/global/tictalk/
  PL093_VC/global/tictalk/vhdl/
  PL093_VC/global/tictalk/vhdl/sys/
  PL093_VC/global/tictalk/vhdl/sys/buswatch_params.vhd
  PL093_VC/global/tictalk/vhdl/sys/apbmux.vhd
  PL093_VC/global/tictalk/vhdl/sys/arbiter.vhd
  PL093_VC/global/tictalk/vhdl/sys/res_cntl.vhd
  PL093_VC/global/tictalk/vhdl/sys/rem_pause.vhd
  PL093_VC/global/tictalk/vhdl/sys/apbif.vhd
  PL093_VC/global/tictalk/vhdl/sys/tic.vhd
  PL093_VC/global/tictalk/vhdl/sys/decoder.vhd
  PL093_VC/global/tictalk/vhdl/sys/decoder_mindec.vhd
  PL093_VC/global/tictalk/vhdl/sys/buswatch.vhd
  PL093_VC/global/tictalk/vhdl/common/
  PL093_VC/global/tictalk/vhdl/common/params.vhd
  PL093_VC/global/tictalk/vhdl/common/defs.vhd
  PL093_VC/global/tictalk/verilog/
  PL093_VC/global/tictalk/verilog/sys/
  PL093_VC/global/tictalk/verilog/sys/apbif.v
  PL093_VC/global/tictalk/verilog/sys/decoder.v
  PL093_VC/global/tictalk/verilog/sys/buswatch.v
  PL093_VC/global/tictalk/verilog/sys/makefile
  PL093_VC/global/tictalk/verilog/sys/tic.v
  PL093_VC/global/tictalk/verilog/sys/res_cntl.v
  PL093_VC/global/tictalk/verilog/sys/arbiter.v
  PL093_VC/global/tictalk/verilog/sys/rem_pause.v
  PL093_VC/global/tictalk/verilog/common/
  PL093_VC/global/tictalk/verilog/common/Defs.v

PL093-MN-23001-r0p3-00rel0:

  PL093_VC/ssmc_pl093/
  PL093_VC/ssmc_pl093/makefile
  PL093_VC/ssmc_pl093/vhdl/
  PL093_VC/ssmc_pl093/vhdl/rtl_source/
  PL093_VC/ssmc_pl093/vhdl/rtl_source/SsmcAhbSlvRegIf.vhd
  PL093_VC/ssmc_pl093/vhdl/rtl_source/SsmcPadMux.vhd
  PL093_VC/ssmc_pl093/vhdl/rtl_source/SsmcMemTSM.vhd
  PL093_VC/ssmc_pl093/vhdl/rtl_source/SsmcDBI.vhd
  PL093_VC/ssmc_pl093/vhdl/rtl_source/SsmcPackage.vhd
  PL093_VC/ssmc_pl093/vhdl/rtl_source/SsmcClockOr.vhd
  PL093_VC/ssmc_pl093/vhdl/rtl_source/SsmcTIC.vhd
  PL093_VC/ssmc_pl093/vhdl/rtl_source/SsmcAhbSlvMemIf.vhd
  PL093_VC/ssmc_pl093/vhdl/rtl_source/Ssmc.vhd
  PL093_VC/ssmc_pl093/vhdl/rtl_source/SsmcDerivedClk.vhd
  PL093_VC/ssmc_pl093/vhdl/rtl_source/SsmcSynchroniser.vhd
  PL093_VC/ssmc_pl093/vhdl/rtl_source/SsmcPadIf.vhd
  PL093_VC/ssmc_pl093/vhdl/rtl_source/makefile
  PL093_VC/ssmc_pl093/vhdl/rtl_source/SsmcRevAnd.vhd
  PL093_VC/ssmc_pl093/vhdl/rtl_source/SsmcCore.vhd
  PL093_VC/ssmc_pl093/vhdl/makefile
  PL093_VC/global/
  PL093_VC/global/modelsim/
  PL093_VC/global/modelsim/SimMakefile.mk
  PL093_VC/global/modelsim/RtlMakefile.mk
  PL093_VC/global/modelsim/libmap
  PL093_VC/global/modelsim/modelsim_tictalk.ini
  PL093_VC/global/modelsim/modelsim_bustalk.ini
  PL093_VC/global/modelsim/DirSimMakefile.mk
  PL093_VC/global/modelsim/modelsim.ini
  PL093_VC/global/modelsim/DirMakefile.mk
  PL093_VC/global/modelsim/init.do

PL093-MN-23010-r0p3-00rel0:

  PL093_VC/ssmc_pl093/
  PL093_VC/ssmc_pl093/verification/
  PL093_VC/ssmc_pl093/verification/makefile
  PL093_VC/ssmc_pl093/verification/vhdl/
  PL093_VC/ssmc_pl093/verification/vhdl/tbench/
  PL093_VC/ssmc_pl093/verification/vhdl/tbench/buswatchmaster.vhd
  PL093_VC/ssmc_pl093/verification/vhdl/tbench/tbench_denali.vhd
  PL093_VC/ssmc_pl093/verification/vhdl/tbench/flash2.vhd
  PL093_VC/ssmc_pl093/verification/vhdl/tbench/defslave.vhd
  PL093_VC/ssmc_pl093/verification/vhdl/tbench/timing.vhd
  PL093_VC/ssmc_pl093/verification/vhdl/tbench/buswmaster_pck.vhd
  PL093_VC/ssmc_pl093/verification/vhdl/tbench/sram2.vhd
  PL093_VC/ssmc_pl093/verification/vhdl/tbench/28f6408W30B70_flash.vhd
  PL093_VC/ssmc_pl093/verification/vhdl/tbench/mrom1.vhd
  PL093_VC/ssmc_pl093/verification/vhdl/tbench/timing_denali.vhd
  PL093_VC/ssmc_pl093/verification/vhdl/tbench/ahbslave_tb.vhd
  PL093_VC/ssmc_pl093/verification/vhdl/tbench/sram3.vhd
  PL093_VC/ssmc_pl093/verification/vhdl/tbench/tbench_denali1.vhd
  PL093_VC/ssmc_pl093/verification/vhdl/tbench/tbench.vhd
  PL093_VC/ssmc_pl093/verification/vhdl/tbench/makefile
  PL093_VC/ssmc_pl093/verification/vhdl/tbench/timingmaster.vhd
  PL093_VC/ssmc_pl093/verification/vhdl/tbench/mrom2.vhd
  PL093_VC/ssmc_pl093/verification/vhdl/tbench/README
  PL093_VC/ssmc_pl093/verification/vhdl/tbench/timing_tbench.vhd
  PL093_VC/ssmc_pl093/verification/vhdl/tbench/flash1.vhd
  PL093_VC/ssmc_pl093/verification/vhdl/tbench/decoder.vhd
  PL093_VC/ssmc_pl093/verification/vhdl/tbench/sram4.vhd
  PL093_VC/ssmc_pl093/verification/vhdl/tbench/tbench_denali2.vhd
  PL093_VC/ssmc_pl093/verification/vhdl/tbench/sram1.vhd
  PL093_VC/ssmc_pl093/verification/vhdl/Ssmc_rtl/
  PL093_VC/ssmc_pl093/verification/vhdl/Ssmc_rtl/all_rtl_clk13_modelsim.log
  PL093_VC/ssmc_pl093/verification/vhdl/Ssmc_rtl/DenaliTests1_rtl_clk13_modelsim.log
  PL093_VC/ssmc_pl093/verification/vhdl/Ssmc_rtl/all_rtl_clk12_modelsim.log
  PL093_VC/ssmc_pl093/verification/vhdl/Ssmc_rtl/DenaliTests1_rtl_clk12_modelsim.log
  PL093_VC/ssmc_pl093/verification/vhdl/Ssmc_rtl/DenaliTests_rtl_clk13_modelsim.log
  PL093_VC/ssmc_pl093/verification/vhdl/Ssmc_rtl/all_rtl_clk11_modelsim.log
  PL093_VC/ssmc_pl093/verification/vhdl/Ssmc_rtl/DenaliTests1_rtl_clk11_modelsim.log
  PL093_VC/ssmc_pl093/verification/vhdl/Ssmc_rtl/DenaliTests3_rtl_clk13_modelsim.log
  PL093_VC/ssmc_pl093/verification/vhdl/Ssmc_rtl/DenaliTests_rtl_clk12_modelsim.log
  PL093_VC/ssmc_pl093/verification/vhdl/Ssmc_rtl/DenaliTests3_rtl_clk12_modelsim.log
  PL093_VC/ssmc_pl093/verification/vhdl/Ssmc_rtl/DenaliTests_rtl_clk11_modelsim.log
  PL093_VC/ssmc_pl093/verification/vhdl/Ssmc_rtl/DenaliTests3_rtl_clk11_modelsim.log
  PL093_VC/ssmc_pl093/verification/vhdl/vr/
  PL093_VC/ssmc_pl093/verification/vhdl/vr/makefile
  PL093_VC/ssmc_pl093/verification/vhdl/trickbox/
  PL093_VC/ssmc_pl093/verification/vhdl/trickbox/SsmcTrWaitCntl.vhd
  PL093_VC/ssmc_pl093/verification/vhdl/trickbox/makefile
  PL093_VC/ssmc_pl093/verification/vhdl/trickbox/SsmcTrProtChkr.vhd
  PL093_VC/ssmc_pl093/verification/vhdl/trickbox/SsmcTrExtArb.vhd
  PL093_VC/ssmc_pl093/verification/vhdl/trickbox/SsmcTrPackage.vhd
  PL093_VC/ssmc_pl093/verification/vhdl/trickbox/SsmcTrMemArray.vhd
  PL093_VC/ssmc_pl093/verification/vhdl/trickbox/SsmcTrick_denali.vhd
  PL093_VC/ssmc_pl093/verification/vhdl/trickbox/SsmcTrMemRdWrCtl.vhd
  PL093_VC/ssmc_pl093/verification/vhdl/trickbox/SsmcTrick.vhd
  PL093_VC/ssmc_pl093/verification/vhdl/trickbox/SsmcTrAhbIfReg.vhd
  PL093_VC/ssmc_pl093/verification/vhdl/trickbox/SsmcTrMemory.vhd
  PL093_VC/ssmc_pl093/verification/vhdl/trickbox/SsmcTrMemAhbIfReg.vhd
  PL093_VC/ssmc_pl093/verification/vhdl/trickbox/SsmcTrickMem.vhd
  PL093_VC/ssmc_pl093/verification/vhdl/trickbox/SsmcTrMemClkGen.vhd
  PL093_VC/ssmc_pl093/verification/vhdl/bid/
  PL093_VC/ssmc_pl093/verification/vhdl/bid/makefile
  PL093_VC/ssmc_pl093/verification/vhdl/makefile
  PL093_VC/ssmc_pl093/verification/vhdl/common/
  PL093_VC/ssmc_pl093/verification/vhdl/common/makefile
  PL093_VC/ssmc_pl093/verification/vhdl/reader/
  PL093_VC/ssmc_pl093/verification/vhdl/reader/makefile
  PL093_VC/ssmc_pl093/verification/vhdl/buswatcher/
  PL093_VC/ssmc_pl093/verification/vhdl/buswatcher/makefile
  PL093_VC/ssmc_pl093/verification/vhdl/DirSimMakefile_modelsim.mk
  PL093_VC/global/
  PL093_VC/global/modelsim/
  PL093_VC/global/modelsim/SimMakefile.mk
  PL093_VC/global/modelsim/RtlMakefile.mk
  PL093_VC/global/modelsim/libmap
  PL093_VC/global/modelsim/modelsim_tictalk.ini
  PL093_VC/global/modelsim/modelsim_bustalk.ini
  PL093_VC/global/modelsim/DirSimMakefile.mk
  PL093_VC/global/modelsim/modelsim.ini
  PL093_VC/global/modelsim/DirMakefile.mk
  PL093_VC/global/modelsim/init.do
  PL093_VC/global/bustalk_ahb/
  PL093_VC/global/bustalk_ahb/vhdl/
  PL093_VC/global/bustalk_ahb/vhdl/buswatcher/
  PL093_VC/global/bustalk_ahb/vhdl/buswatcher/buswatch.vhd
  PL093_VC/global/bustalk_ahb/vhdl/buswatcher/busw_pck.vhd
  PL093_VC/global/bustalk_ahb/vhdl/common/
  PL093_VC/global/bustalk_ahb/vhdl/common/defs.vhd
  PL093_VC/global/bustalk_ahb/vhdl/common/configmaster.vhd
  PL093_VC/global/bustalk_ahb/vhdl/common/defsmaster.vhd
  PL093_VC/global/bustalk_ahb/vhdl/common/countdown.vhd
  PL093_VC/global/bustalk_ahb/vhdl/common/clockgen.vhd
  PL093_VC/global/bustalk_ahb/vhdl/common/funcs.vhd
  PL093_VC/global/bustalk_ahb/vhdl/common/funcsmaster.vhd
  PL093_VC/global/bustalk_ahb/vhdl/reader/
  PL093_VC/global/bustalk_ahb/vhdl/reader/readline.vhd
  PL093_VC/global/bustalk_ahb/vhdl/reader/reader.vhd
  PL093_VC/global/bustalk_ahb/vhdl/vr/
  PL093_VC/global/bustalk_ahb/vhdl/vr/linedrv.vhd
  PL093_VC/global/bustalk_ahb/vhdl/vr/VRCycDrivers.vhd
  PL093_VC/global/bustalk_ahb/vhdl/vr/reg.vhd
  PL093_VC/global/bustalk_ahb/vhdl/vr/vregbank.vhd
  PL093_VC/global/bustalk_ahb/vhdl/vr/VIODriver.vhd
  PL093_VC/global/bustalk_ahb/vhdl/bid/
  PL093_VC/global/bustalk_ahb/vhdl/bid/split.vhd
  PL093_VC/global/bustalk_ahb/vhdl/bid/cyc_drivers.vhd
  PL093_VC/global/bustalk_ahb/vhdl/bid/reset_driver.vhd
  PL093_VC/global/bustalk_apb/
  PL093_VC/global/bustalk_apb/vhdl/
  PL093_VC/global/bustalk_apb/vhdl/common/
  PL093_VC/global/bustalk_apb/vhdl/common/countdown.vhd
  PL093_VC/global/bustalk_apb/vhdl/common/defs.vhd
  PL093_VC/global/bustalk_apb/vhdl/common/clockgen.vhd
  PL093_VC/global/bustalk_apb/vhdl/common/funcs.vhd
  PL093_VC/global/bustalk_apb/vhdl/buswatcher/
  PL093_VC/global/bustalk_apb/vhdl/buswatcher/busw_pck.vhd
  PL093_VC/global/bustalk_apb/vhdl/buswatcher/buswatch.vhd
  PL093_VC/global/bustalk_apb/vhdl/vr/
  PL093_VC/global/bustalk_apb/vhdl/vr/vio_driver.vhd
  PL093_VC/global/bustalk_apb/vhdl/vr/reg.vhd
  PL093_VC/global/bustalk_apb/vhdl/vr/vregbank.vhd
  PL093_VC/global/bustalk_apb/vhdl/vr/linedrv.vhd
  PL093_VC/global/bustalk_apb/vhdl/vr/viregcyc_drivers.vhd
  PL093_VC/global/bustalk_apb/vhdl/bid/
  PL093_VC/global/bustalk_apb/vhdl/bid/buscyc_drivers.vhd
  PL093_VC/global/bustalk_apb/vhdl/bid/data_driver.vhd
  PL093_VC/global/bustalk_apb/vhdl/bid/penable_driver.vhd
  PL093_VC/global/bustalk_apb/vhdl/bid/addrctl_driver.vhd
  PL093_VC/global/bustalk_apb/vhdl/bid/reset_driver.vhd
  PL093_VC/global/bustalk_apb/vhdl/bid/busline_drivers.vhd
  PL093_VC/global/bustalk_apb/vhdl/reader/
  PL093_VC/global/bustalk_apb/vhdl/reader/readline.vhd
  PL093_VC/global/bustalk_apb/vhdl/reader/reader.vhd
  PL093_VC/global/bustalk/
  PL093_VC/global/bustalk/vhdl/
  PL093_VC/global/bustalk/vhdl/common/
  PL093_VC/global/bustalk/vhdl/common/funcs.vhd
  PL093_VC/global/bustalk/vhdl/common/countdown.vhd
  PL093_VC/global/bustalk/vhdl/common/defs.vhd
  PL093_VC/global/bustalk/vhdl/common/clockgen.vhd
  PL093_VC/global/bustalk/vhdl/buswatcher/
  PL093_VC/global/bustalk/vhdl/buswatcher/buswatch.vhd
  PL093_VC/global/bustalk/vhdl/buswatcher/busw_pck.vhd
  PL093_VC/global/bustalk/vhdl/bid/
  PL093_VC/global/bustalk/vhdl/bid/penable_driver.vhd
  PL093_VC/global/bustalk/vhdl/bid/addrctl_driver.vhd
  PL093_VC/global/bustalk/vhdl/bid/busline_drivers.vhd
  PL093_VC/global/bustalk/vhdl/bid/reset_driver.vhd
  PL093_VC/global/bustalk/vhdl/bid/buscyc_drivers.vhd
  PL093_VC/global/bustalk/vhdl/bid/data_driver.vhd
  PL093_VC/global/bustalk/vhdl/vr/
  PL093_VC/global/bustalk/vhdl/vr/linedrv.vhd
  PL093_VC/global/bustalk/vhdl/vr/vregbank.vhd
  PL093_VC/global/bustalk/vhdl/vr/reg.vhd
  PL093_VC/global/bustalk/vhdl/vr/vio_driver.vhd
  PL093_VC/global/bustalk/vhdl/vr/viregcyc_drivers.vhd
  PL093_VC/global/bustalk/vhdl/reader/
  PL093_VC/global/bustalk/vhdl/reader/reader.vhd
  PL093_VC/global/bustalk/vhdl/reader/readline.vhd
  PL093_VC/global/bustalk/verilog/
  PL093_VC/global/bustalk/verilog/bid/
  PL093_VC/global/bustalk/verilog/bid/data_driver.v
  PL093_VC/global/bustalk/verilog/bid/penable_driver.v
  PL093_VC/global/bustalk/verilog/bid/addrctl_driver.v
  PL093_VC/global/bustalk/verilog/bid/reset_driver.v
  PL093_VC/global/bustalk/verilog/bid/busline_drivers.v
  PL093_VC/global/bustalk/verilog/bid/buscyc_drivers.v
  PL093_VC/global/bustalk/verilog/common/
  PL093_VC/global/bustalk/verilog/common/defs.v
  PL093_VC/global/bustalk/verilog/common/clockgen.v
  PL093_VC/global/bustalk/verilog/common/countdown.v
  PL093_VC/global/bustalk/verilog/reader/
  PL093_VC/global/bustalk/verilog/reader/command_reader.v
  PL093_VC/global/bustalk/verilog/reader/reader.v
  PL093_VC/global/bustalk/verilog/vr/
  PL093_VC/global/bustalk/verilog/vr/viregcyc_drivers.v
  PL093_VC/global/bustalk/verilog/vr/vio_driver.v
  PL093_VC/global/bustalk/verilog/vr/linedrv.v
  PL093_VC/global/bustalk/verilog/vr/reg.v
  PL093_VC/global/bustalk/verilog/buswatcher/
  PL093_VC/global/bustalk/verilog/buswatcher/buswatch.v

PL093-MN-23012-r0p3-00rel0:

  PL093_VC/ssmc_pl093/
  PL093_VC/ssmc_pl093/integration/
  PL093_VC/ssmc_pl093/integration/makefile
  PL093_VC/ssmc_pl093/integration/vhdl/
  PL093_VC/ssmc_pl093/integration/vhdl/chip/
  PL093_VC/ssmc_pl093/integration/vhdl/chip/buswatchmaster.vhd
  PL093_VC/ssmc_pl093/integration/vhdl/chip/timingmaster.vhd
  PL093_VC/ssmc_pl093/integration/vhdl/chip/buswmaster_pck.vhd
  PL093_VC/ssmc_pl093/integration/vhdl/chip/TicWatcher.vhd
  PL093_VC/ssmc_pl093/integration/vhdl/chip/makefile
  PL093_VC/ssmc_pl093/integration/vhdl/chip/RPS.vhd
  PL093_VC/ssmc_pl093/integration/vhdl/chip/timing.vhd
  PL093_VC/ssmc_pl093/integration/vhdl/chip/EASY.vhd
  PL093_VC/ssmc_pl093/integration/vhdl/common/
  PL093_VC/ssmc_pl093/integration/vhdl/common/funcsmaster.vhd
  PL093_VC/ssmc_pl093/integration/vhdl/common/makefile
  PL093_VC/ssmc_pl093/integration/vhdl/common/configmaster.vhd
  PL093_VC/ssmc_pl093/integration/vhdl/common/defs.vhd
  PL093_VC/ssmc_pl093/integration/vhdl/common/funcs.vhd
  PL093_VC/ssmc_pl093/integration/vhdl/common/defsmaster.vhd
  PL093_VC/ssmc_pl093/integration/vhdl/tbench/
  PL093_VC/ssmc_pl093/integration/vhdl/tbench/makefile
  PL093_VC/ssmc_pl093/integration/vhdl/tbench/tbench.vhd
  PL093_VC/ssmc_pl093/integration/vhdl/tbench/README
  PL093_VC/ssmc_pl093/integration/vhdl/tbench/Ticbox.vhd
  PL093_VC/ssmc_pl093/integration/vhdl/sys/
  PL093_VC/ssmc_pl093/integration/vhdl/sys/makefile
  PL093_VC/ssmc_pl093/integration/vhdl/DirSimMakefile_modelsim.mk
  PL093_VC/ssmc_pl093/integration/vhdl/trickbox/
  PL093_VC/ssmc_pl093/integration/vhdl/trickbox/AhbSlave.vhd
  PL093_VC/ssmc_pl093/integration/vhdl/trickbox/Ahbparam.vhd
  PL093_VC/ssmc_pl093/integration/vhdl/trickbox/Ahbif.vhd
  PL093_VC/ssmc_pl093/integration/vhdl/trickbox/makefile
  PL093_VC/ssmc_pl093/integration/vhdl/trickbox/AhbRegBlock.vhd
  PL093_VC/ssmc_pl093/integration/vhdl/Ssmc_rtl/
  PL093_VC/ssmc_pl093/integration/vhdl/Ssmc_rtl/Ssmc_rtl_modelsim.log
  PL093_VC/ssmc_pl093/integration/vhdl/ticbox/
  PL093_VC/ssmc_pl093/integration/vhdl/ticbox/makefile
  PL093_VC/ssmc_pl093/integration/vhdl/makefile
  PL093_VC/global/
  PL093_VC/global/modelsim/
  PL093_VC/global/modelsim/SimMakefile.mk
  PL093_VC/global/modelsim/RtlMakefile.mk
  PL093_VC/global/modelsim/libmap
  PL093_VC/global/modelsim/modelsim_tictalk.ini
  PL093_VC/global/modelsim/modelsim_bustalk.ini
  PL093_VC/global/modelsim/DirSimMakefile.mk
  PL093_VC/global/modelsim/modelsim.ini
  PL093_VC/global/modelsim/DirMakefile.mk
  PL093_VC/global/modelsim/init.do
  PL093_VC/global/tictalk_asb/
  PL093_VC/global/tictalk_asb/vhdl/
  PL093_VC/global/tictalk_asb/vhdl/sys/
  PL093_VC/global/tictalk_asb/vhdl/sys/buswatch.vhd
  PL093_VC/global/tictalk_asb/vhdl/sys/rem_pause.vhd
  PL093_VC/global/tictalk_asb/vhdl/sys/arbiter.vhd
  PL093_VC/global/tictalk_asb/vhdl/sys/tic.vhd
  PL093_VC/global/tictalk_asb/vhdl/sys/res_cntl.vhd
  PL093_VC/global/tictalk_asb/vhdl/sys/apbif.vhd
  PL093_VC/global/tictalk_asb/vhdl/sys/buswatch_params.vhd
  PL093_VC/global/tictalk_asb/vhdl/sys/apbmux.vhd
  PL093_VC/global/tictalk_asb/vhdl/sys/decoder_mindec.vhd
  PL093_VC/global/tictalk_asb/vhdl/sys/decoder.vhd
  PL093_VC/global/tictalk_asb/vhdl/common/
  PL093_VC/global/tictalk_asb/vhdl/common/defs.vhd
  PL093_VC/global/tictalk_asb/vhdl/common/params.vhd
  PL093_VC/global/tictalk_ahb/
  PL093_VC/global/tictalk_ahb/vhdl/
  PL093_VC/global/tictalk_ahb/vhdl/common/
  PL093_VC/global/tictalk_ahb/vhdl/common/Conv.vhd
  PL093_VC/global/tictalk_ahb/vhdl/sys/
  PL093_VC/global/tictalk_ahb/vhdl/sys/DefaultSlave.vhd
  PL093_VC/global/tictalk_ahb/vhdl/sys/MuxM2S.vhd
  PL093_VC/global/tictalk_ahb/vhdl/sys/MuxS2M.vhd
  PL093_VC/global/tictalk_ahb/vhdl/sys/Decoder.vhd
  PL093_VC/global/tictalk_ahb/vhdl/sys/APBif.vhd
  PL093_VC/global/tictalk_ahb/vhdl/sys/RemPause.vhd
  PL093_VC/global/tictalk_ahb/vhdl/sys/ResCntl.vhd
  PL093_VC/global/tictalk_ahb/vhdl/sys/Arbiter.vhd
  PL093_VC/global/tictalk_ahb/vhdl/sys/MuxP2B.vhd
  PL093_VC/global/tictalk_ahb/vhdl/sys/TIC.vhd
  PL093_VC/global/tictalk_ahb/vhdl/sys/SMI.vhd
  PL093_VC/global/tictalk_ahb/vhdl/ticbox/
  PL093_VC/global/tictalk_ahb/vhdl/ticbox/Ticbox.vhd
  PL093_VC/global/tictalk/
  PL093_VC/global/tictalk/vhdl/
  PL093_VC/global/tictalk/vhdl/sys/
  PL093_VC/global/tictalk/vhdl/sys/buswatch_params.vhd
  PL093_VC/global/tictalk/vhdl/sys/apbmux.vhd
  PL093_VC/global/tictalk/vhdl/sys/arbiter.vhd
  PL093_VC/global/tictalk/vhdl/sys/res_cntl.vhd
  PL093_VC/global/tictalk/vhdl/sys/rem_pause.vhd
  PL093_VC/global/tictalk/vhdl/sys/apbif.vhd
  PL093_VC/global/tictalk/vhdl/sys/tic.vhd
  PL093_VC/global/tictalk/vhdl/sys/decoder.vhd
  PL093_VC/global/tictalk/vhdl/sys/decoder_mindec.vhd
  PL093_VC/global/tictalk/vhdl/sys/buswatch.vhd
  PL093_VC/global/tictalk/vhdl/common/
  PL093_VC/global/tictalk/vhdl/common/params.vhd
  PL093_VC/global/tictalk/vhdl/common/defs.vhd
  PL093_VC/global/tictalk/verilog/
  PL093_VC/global/tictalk/verilog/sys/
  PL093_VC/global/tictalk/verilog/sys/apbif.v
  PL093_VC/global/tictalk/verilog/sys/decoder.v
  PL093_VC/global/tictalk/verilog/sys/buswatch.v
  PL093_VC/global/tictalk/verilog/sys/makefile
  PL093_VC/global/tictalk/verilog/sys/tic.v
  PL093_VC/global/tictalk/verilog/sys/res_cntl.v
  PL093_VC/global/tictalk/verilog/sys/arbiter.v
  PL093_VC/global/tictalk/verilog/sys/rem_pause.v
  PL093_VC/global/tictalk/verilog/common/
  PL093_VC/global/tictalk/verilog/common/Defs.v

PL093-MN-28001-r0p3-00rel0:

  PL093_VC/ssmc_pl093/
  PL093_VC/ssmc_pl093/verification/
  PL093_VC/ssmc_pl093/verification/denali/
  PL093_VC/ssmc_pl093/verification/denali/mrom1.spc
  PL093_VC/ssmc_pl093/verification/denali/mrom1.dat
  PL093_VC/ssmc_pl093/verification/denali/flash1.spc
  PL093_VC/ssmc_pl093/verification/denali/sram3.spc
  PL093_VC/ssmc_pl093/verification/denali/28f6408W30B70_flash.spc
  PL093_VC/ssmc_pl093/verification/denali/flash1.dat
  PL093_VC/ssmc_pl093/verification/denali/sram3.dat
  PL093_VC/ssmc_pl093/verification/denali/28f6408W30B70_flash.dat
  PL093_VC/ssmc_pl093/verification/denali/mrom2.spc
  PL093_VC/ssmc_pl093/verification/denali/mrom2.dat
  PL093_VC/ssmc_pl093/verification/denali/flash2.spc
  PL093_VC/ssmc_pl093/verification/denali/sram4.spc
  PL093_VC/ssmc_pl093/verification/denali/flash2.dat
  PL093_VC/ssmc_pl093/verification/denali/sram1.spc
  PL093_VC/ssmc_pl093/verification/denali/sram4.dat
  PL093_VC/ssmc_pl093/verification/denali/sram1.dat
  PL093_VC/ssmc_pl093/verification/denali/sram2.spc
  PL093_VC/ssmc_pl093/verification/denali/sram2.dat

PL093-SW-02001-r0p3-00rel0:

  PL093_SW/appl093/
  PL093_SW/appl093/pl093.c
  PL093_SW/appl093/pl093.h
  PL093_SW/appl093/appl093.h
  PL093_SW/appl093/pl093tst.c

PL093-VE-01010-r0p3-00rel0:

  PL093_VC/ssmc_pl093/
  PL093_VC/ssmc_pl093/verification/
  PL093_VC/ssmc_pl093/verification/makefile
  PL093_VC/ssmc_pl093/verification/bustest/
  PL093_VC/ssmc_pl093/verification/bustest/SyBusAccessTests.c
  PL093_VC/ssmc_pl093/verification/bustest/SyBurstWaitTests.c
  PL093_VC/ssmc_pl093/verification/bustest/SsmcSMWAITTests.c
  PL093_VC/ssmc_pl093/verification/bustest/BusAccessTests.c
  PL093_VC/ssmc_pl093/verification/bustest/ROMTests.c
  PL093_VC/ssmc_pl093/verification/bustest/AsyBankCrossingTests.c
  PL093_VC/ssmc_pl093/verification/bustest/SyEndianTests.c
  PL093_VC/ssmc_pl093/verification/bustest/AddrToggleTests.c
  PL093_VC/ssmc_pl093/verification/bustest/SyBankCrossingTests.c
  PL093_VC/ssmc_pl093/verification/bustest/DelayValueTests.c
  PL093_VC/ssmc_pl093/verification/bustest/RegisterTests.c
  PL093_VC/ssmc_pl093/verification/bustest/SyRandomTests.c
  PL093_VC/ssmc_pl093/verification/bustest/SyCSTests.c
  PL093_VC/ssmc_pl093/verification/bustest/SsmcTranSeqTests.c
  PL093_VC/ssmc_pl093/verification/bustest/AsyWRRDTests.c
  PL093_VC/ssmc_pl093/verification/bustest/SyAddrToggleTests.c
  PL093_VC/ssmc_pl093/verification/bustest/ProtectionTests.c
  PL093_VC/ssmc_pl093/verification/bustest/AddrAdvanceTests.c
  PL093_VC/ssmc_pl093/verification/bustest/ResetTests.c
  PL093_VC/ssmc_pl093/verification/bustest/DenaliTests.c
  PL093_VC/ssmc_pl093/verification/bustest/AddrValidTests.c
  PL093_VC/ssmc_pl093/verification/bustest/SyWRRDTests.c
  PL093_VC/ssmc_pl093/verification/bustest/WrapReadTests.c
  PL093_VC/ssmc_pl093/verification/bustest/BusGntTests.c
  PL093_VC/ssmc_pl093/verification/bustest/RBLETests.c
  PL093_VC/ssmc_pl093/verification/bustest/SsmcEndianTests.c
  PL093_VC/ssmc_pl093/verification/bustest/MemoryBankTests.c
  PL093_VC/ssmc_pl093/verification/bustest/Ssmc.c
  PL093_VC/ssmc_pl093/verification/bustest/RandomTests.c
  PL093_VC/ssmc_pl093/verification/bustest/Ssmc.h
  PL093_VC/ssmc_pl093/verification/bustest/BankCrossingTests.c
  PL093_VC/ssmc_pl093/verification/bustest/SyMemoryBankTests.c
  PL093_VC/ssmc_pl093/verification/bustest/SyBROMTests.c
  PL093_VC/ssmc_pl093/verification/bustest/BusTalkMakefile.mk
  PL093_VC/ssmc_pl093/verification/bustest/DenaliTests1.c
  PL093_VC/ssmc_pl093/verification/bustest/makefile
  PL093_VC/ssmc_pl093/verification/bustest/PerformanceTests.c
  PL093_VC/ssmc_pl093/verification/bustest/TransferTests.c
  PL093_VC/ssmc_pl093/verification/bustest/SMWAITFlagTests.c
  PL093_VC/ssmc_pl093/verification/bustest/DenaliTests3.c
  PL093_VC/ssmc_pl093/verification/bustest/SyROMTests.c
  PL093_VC/ssmc_pl093/verification/bustest/BROMTests.c
  PL093_VC/ssmc_pl093/verification/bustest/SsmcCommon.c
  PL093_VC/ssmc_pl093/verification/bustest/CSTests.c
  PL093_VC/global/
  PL093_VC/global/bustalk_ahb/
  PL093_VC/global/bustalk_ahb/bustest/
  PL093_VC/global/bustalk_ahb/bustest/addargs_script
  PL093_VC/global/bustalk_ahb/bustest/bif2sim.awk
  PL093_VC/global/bustalk_ahb/bustest/include.h
  PL093_VC/global/bustalk_ahb/bustest/tif2sim.awk
  PL093_VC/global/bustalk_ahb/bustest/BusTalkMakefile.mk
  PL093_VC/global/bustalk_ahb/bustest/busheader.h
  PL093_VC/global/bustalk_ahb/bustest/busmacros.c
  PL093_VC/global/bustalk_ahb/bustest/busmacros.h
  PL093_VC/global/bustalk_ahb/bustest/tif2bif
  PL093_VC/global/bustalk_ahb/bustest/config.h
  PL093_VC/global/bustalk_apb/
  PL093_VC/global/bustalk_apb/bustest/
  PL093_VC/global/bustalk_apb/bustest/tif2sim.awk
  PL093_VC/global/bustalk_apb/bustest/busheader.h
  PL093_VC/global/bustalk_apb/bustest/addargs_script
  PL093_VC/global/bustalk_apb/bustest/busmacros.c
  PL093_VC/global/bustalk_apb/bustest/busmacros.h
  PL093_VC/global/bustalk_apb/bustest/config.h
  PL093_VC/global/bustalk_apb/bustest/include.h
  PL093_VC/global/bustalk_apb/bustest/tif2bif
  PL093_VC/global/bustalk_apb/bustest/BusTalkMakefile.mk
  PL093_VC/global/bustalk_apb/bustest/bif2sim.awk

PL093-VE-01012-r0p3-00rel0:

  PL093_VC/ssmc_pl093/
  PL093_VC/ssmc_pl093/integration/
  PL093_VC/ssmc_pl093/integration/makefile
  PL093_VC/ssmc_pl093/integration/bustest/
  PL093_VC/ssmc_pl093/integration/bustest/README
  PL093_VC/ssmc_pl093/integration/bustest/IntegrationTests.c
  PL093_VC/ssmc_pl093/integration/bustest/TransferTests.c
  PL093_VC/ssmc_pl093/integration/bustest/SsmcCommon.c
  PL093_VC/ssmc_pl093/integration/bustest/makefile
  PL093_VC/ssmc_pl093/integration/bustest/BusTalkMakefile.mk
  PL093_VC/ssmc_pl093/integration/bustest/Ssmc.c
  PL093_VC/ssmc_pl093/integration/bustest/Ssmc.h
  PL093_VC/ssmc_pl093/integration/bustest/ResponseTests.c
  PL093_VC/ssmc_pl093/integration/bustest/busmacros.c
  PL093_VC/global/
  PL093_VC/global/bustalk_ahb/
  PL093_VC/global/bustalk_ahb/bustest/
  PL093_VC/global/bustalk_ahb/bustest/addargs_script
  PL093_VC/global/bustalk_ahb/bustest/bif2sim.awk
  PL093_VC/global/bustalk_ahb/bustest/include.h
  PL093_VC/global/bustalk_ahb/bustest/tif2sim.awk
  PL093_VC/global/bustalk_ahb/bustest/BusTalkMakefile.mk
  PL093_VC/global/bustalk_ahb/bustest/busheader.h
  PL093_VC/global/bustalk_ahb/bustest/busmacros.c
  PL093_VC/global/bustalk_ahb/bustest/busmacros.h
  PL093_VC/global/bustalk_ahb/bustest/tif2bif
  PL093_VC/global/bustalk_ahb/bustest/config.h
  PL093_VC/global/bustalk_apb/
  PL093_VC/global/bustalk_apb/bustest/
  PL093_VC/global/bustalk_apb/bustest/tif2sim.awk
  PL093_VC/global/bustalk_apb/bustest/busheader.h
  PL093_VC/global/bustalk_apb/bustest/addargs_script
  PL093_VC/global/bustalk_apb/bustest/busmacros.c
  PL093_VC/global/bustalk_apb/bustest/busmacros.h
  PL093_VC/global/bustalk_apb/bustest/config.h
  PL093_VC/global/bustalk_apb/bustest/include.h
  PL093_VC/global/bustalk_apb/bustest/tif2bif
  PL093_VC/global/bustalk_apb/bustest/BusTalkMakefile.mk
  PL093_VC/global/bustalk_apb/bustest/bif2sim.awk

