BREAKDOWN OF BUNDLE PL220-BU-01000-r0p0-00ltd0

This directory contains bundled deliverables from ARM. Bundled deliverables
are a way of grouping deliverables together for ease of use but which also
need to be identified separately for contractual reasons. This file shows
the breakdown of the bundled data into its constituent deliverables and
files.  It is provided mainly for information for delivery tracking, but
may be useful in the event of problems being found with particular files
and tracing the origin of the files for communication with ARM's support
group.

- - - - - - - - - - - - - - - - - - - - - - - - - - - - - -

PL220-DA-03001-r0p0-00ltd0 :

  ebi_pl220/
  ebi_pl220/docs/
  ebi_pl220/docs/PL220-DDI-0249A.pdf

PL220-DC-02002-r0p0-00ltd0 :

  ebi_pl220/
  ebi_pl220/docs/
  ebi_pl220/docs/PL220-DDES-0000.pdf

PL220-DC-06002-r0p0-00ltd0 :

  PL220-DC-06002-r0p0-00ltd0.pdf

PL220-DC-08001-r0p0-00ltd0 :

  ebi_pl220/
  ebi_pl220/docs/
  ebi_pl220/docs/PL220-USGD-0000.pdf

PL220-DC-10002-r0p0-00ltd0 :

  ebi_pl220/
  ebi_pl220/docs/
  ebi_pl220/docs/PL220-INTM-0000.pdf

PL220-DC-11001-r0p0-00ltd0 :

  ebi_pl220/
  ebi_pl220/docs/
  ebi_pl220/docs/PL220-DEI-0000.pdf

PL220-MN-01002-r0p0-00ltd0 :

  ebi_pl220/
  ebi_pl220/synopsys/
  ebi_pl220/synopsys/db/
  ebi_pl220/synopsys/db/Ebi_noscan_verilog_verilog.db
  ebi_pl220/synopsys/db/Ebi_noscan_vhdl_verilog.db
  ebi_pl220/synopsys/db/Ebi_scaninsert_verilog_verilog.db
  ebi_pl220/synopsys/db/Ebi_scaninsert_vhdl_verilog.db
  ebi_pl220/synopsys/log/
  ebi_pl220/synopsys/log/Ebi_noscan_verilog_verilog_run.log
  ebi_pl220/synopsys/log/Ebi_noscan_verilog_verilog_synth.log
  ebi_pl220/synopsys/log/Ebi_noscan_vhdl_verilog_run.log
  ebi_pl220/synopsys/log/Ebi_noscan_vhdl_verilog_synth.log
  ebi_pl220/synopsys/log/Ebi_scaninsert_verilog_verilog_run.log
  ebi_pl220/synopsys/log/Ebi_scaninsert_verilog_verilog_synth.log
  ebi_pl220/synopsys/log/Ebi_scaninsert_vhdl_verilog_run.log
  ebi_pl220/synopsys/log/Ebi_scaninsert_vhdl_verilog_synth.log
  ebi_pl220/synopsys/makefile
  ebi_pl220/synopsys/README
  ebi_pl220/synopsys/report/
  ebi_pl220/synopsys/report/Ebi_noscan_verilog_verilog.area
  ebi_pl220/synopsys/report/Ebi_noscan_verilog_verilog.Cell
  ebi_pl220/synopsys/report/Ebi_noscan_verilog_verilog.ClockTree
  ebi_pl220/synopsys/report/Ebi_noscan_verilog_verilog.constr
  ebi_pl220/synopsys/report/Ebi_noscan_verilog_verilog.Hier
  ebi_pl220/synopsys/report/Ebi_noscan_verilog_verilog.latch
  ebi_pl220/synopsys/report/Ebi_noscan_verilog_verilog.max
  ebi_pl220/synopsys/report/Ebi_noscan_verilog_verilog.min
  ebi_pl220/synopsys/report/Ebi_noscan_verilog_verilog.ports
  ebi_pl220/synopsys/report/Ebi_noscan_verilog_verilog.Ref
  ebi_pl220/synopsys/report/Ebi_noscan_verilog_verilog.ResetTree
  ebi_pl220/synopsys/report/Ebi_noscan_verilog_verilog.vio
  ebi_pl220/synopsys/report/Ebi_noscan_vhdl_verilog.area
  ebi_pl220/synopsys/report/Ebi_noscan_vhdl_verilog.Cell
  ebi_pl220/synopsys/report/Ebi_noscan_vhdl_verilog.ClockTree
  ebi_pl220/synopsys/report/Ebi_noscan_vhdl_verilog.constr
  ebi_pl220/synopsys/report/Ebi_noscan_vhdl_verilog.Hier
  ebi_pl220/synopsys/report/Ebi_noscan_vhdl_verilog.latch
  ebi_pl220/synopsys/report/Ebi_noscan_vhdl_verilog.max
  ebi_pl220/synopsys/report/Ebi_noscan_vhdl_verilog.min
  ebi_pl220/synopsys/report/Ebi_noscan_vhdl_verilog.ports
  ebi_pl220/synopsys/report/Ebi_noscan_vhdl_verilog.Ref
  ebi_pl220/synopsys/report/Ebi_noscan_vhdl_verilog.ResetTree
  ebi_pl220/synopsys/report/Ebi_noscan_vhdl_verilog.vio
  ebi_pl220/synopsys/report/Ebi_scaninsert_verilog_verilog.area
  ebi_pl220/synopsys/report/Ebi_scaninsert_verilog_verilog.Cell
  ebi_pl220/synopsys/report/Ebi_scaninsert_verilog_verilog.ClockTree
  ebi_pl220/synopsys/report/Ebi_scaninsert_verilog_verilog.constr
  ebi_pl220/synopsys/report/Ebi_scaninsert_verilog_verilog.default.stil
  ebi_pl220/synopsys/report/Ebi_scaninsert_verilog_verilog.Hier
  ebi_pl220/synopsys/report/Ebi_scaninsert_verilog_verilog.latch
  ebi_pl220/synopsys/report/Ebi_scaninsert_verilog_verilog.max
  ebi_pl220/synopsys/report/Ebi_scaninsert_verilog_verilog.min
  ebi_pl220/synopsys/report/Ebi_scaninsert_verilog_verilog.ports
  ebi_pl220/synopsys/report/Ebi_scaninsert_verilog_verilog.PreviewAll
  ebi_pl220/synopsys/report/Ebi_scaninsert_verilog_verilog.PreviewScript
  ebi_pl220/synopsys/report/Ebi_scaninsert_verilog_verilog.Ref
  ebi_pl220/synopsys/report/Ebi_scaninsert_verilog_verilog.ResetTree
  ebi_pl220/synopsys/report/Ebi_scaninsert_verilog_verilog.scan
  ebi_pl220/synopsys/report/Ebi_scaninsert_verilog_verilog.stil
  ebi_pl220/synopsys/report/Ebi_scaninsert_verilog_verilog.TestArea
  ebi_pl220/synopsys/report/Ebi_scaninsert_verilog_verilog.TestFaults
  ebi_pl220/synopsys/report/Ebi_scaninsert_verilog_verilog.TestState
  ebi_pl220/synopsys/report/Ebi_scaninsert_verilog_verilog.TestTim
  ebi_pl220/synopsys/report/Ebi_scaninsert_verilog_verilog.vio
  ebi_pl220/synopsys/report/Ebi_scaninsert_vhdl_verilog.area
  ebi_pl220/synopsys/report/Ebi_scaninsert_vhdl_verilog.Cell
  ebi_pl220/synopsys/report/Ebi_scaninsert_vhdl_verilog.ClockTree
  ebi_pl220/synopsys/report/Ebi_scaninsert_vhdl_verilog.constr
  ebi_pl220/synopsys/report/Ebi_scaninsert_vhdl_verilog.default.stil
  ebi_pl220/synopsys/report/Ebi_scaninsert_vhdl_verilog.Hier
  ebi_pl220/synopsys/report/Ebi_scaninsert_vhdl_verilog.latch
  ebi_pl220/synopsys/report/Ebi_scaninsert_vhdl_verilog.max
  ebi_pl220/synopsys/report/Ebi_scaninsert_vhdl_verilog.min
  ebi_pl220/synopsys/report/Ebi_scaninsert_vhdl_verilog.ports
  ebi_pl220/synopsys/report/Ebi_scaninsert_vhdl_verilog.PreviewAll
  ebi_pl220/synopsys/report/Ebi_scaninsert_vhdl_verilog.PreviewScript
  ebi_pl220/synopsys/report/Ebi_scaninsert_vhdl_verilog.Ref
  ebi_pl220/synopsys/report/Ebi_scaninsert_vhdl_verilog.ResetTree
  ebi_pl220/synopsys/report/Ebi_scaninsert_vhdl_verilog.scan
  ebi_pl220/synopsys/report/Ebi_scaninsert_vhdl_verilog.stil
  ebi_pl220/synopsys/report/Ebi_scaninsert_vhdl_verilog.TestArea
  ebi_pl220/synopsys/report/Ebi_scaninsert_vhdl_verilog.TestState
  ebi_pl220/synopsys/report/Ebi_scaninsert_vhdl_verilog.TestTim
  ebi_pl220/synopsys/report/Ebi_scaninsert_vhdl_verilog.vio
  ebi_pl220/synopsys/scripts/
  ebi_pl220/synopsys/scripts/Ebi.cmd
  ebi_pl220/synopsys/scripts/Ebi.scr
  ebi_pl220/synopsys/scripts/Ebi_exceptions.scr
  ebi_pl220/synopsys/scripts/Ebi_scan.cmd
  ebi_pl220/synopsys/scripts/README
  global/
  global/bin/
  global/bin/do_all.scr
  global/bin/remove_prot
  global/bin/verilog_net_patch
  global/bin/vhdl_sdf_patch
  global/synopsys_shared/
  global/synopsys_shared/scr_common/
  global/synopsys_shared/scr_common/ahb_master.scr
  global/synopsys_shared/scr_common/ahb_slave.scr
  global/synopsys_shared/scr_common/amba_params.scr
  global/synopsys_shared/scr_common/apb_params.scr
  global/synopsys_shared/scr_common/apb_slave.scr
  global/synopsys_shared/scr_common/global.scr
  global/synopsys_shared/scr_common/library_avanti_cb18_v1.0.scr
  global/synopsys_shared/scr_common/library_avanti_cb25_v2.1.scr
  global/synopsys_shared/scr_common/name_rules.scr
  global/synopsys_shared/scr_common/setup.scr

PL220-MN-22001-r0p0-00ltd0 :

  ebi_pl220/
  ebi_pl220/makefile
  ebi_pl220/README.txt
  ebi_pl220/verilog/
  ebi_pl220/verilog/makefile
  ebi_pl220/verilog/netlist/
  ebi_pl220/verilog/netlist/makefile
  ebi_pl220/verilog/rtl_source/
  ebi_pl220/verilog/rtl_source/Ebi.v
  ebi_pl220/verilog/rtl_source/EbiArbCntl.v
  ebi_pl220/verilog/rtl_source/EbiMux.v
  ebi_pl220/verilog/rtl_source/EbiParams.v
  ebi_pl220/verilog/rtl_source/makefile
  global/
  global/LDV/
  global/LDV/DirMakefile.mk
  global/LDV/DirSimMakefile.mk
  global/LDV/RtlMakefile.mk
  global/LDV/SimMakefile.mk
  global/LDV/vxl_bustalk.files
  global/LDV/vxl_bustalk_ahb.files
  global/LDV/vxl_bustalk_apb.files
  global/LDV/vxl_tictalk.files
  global/LDV/vxl_tictalk_ahb.files
  global/LDV/vxl_tictalk_asb.files
  global/modelsim/
  global/modelsim/DirMakefile.mk
  global/modelsim/DirSimMakefile.mk
  global/modelsim/init.do
  global/modelsim/libmap
  global/modelsim/modelsim.ini
  global/modelsim/modelsim_bustalk.ini
  global/modelsim/modelsim_tictalk.ini
  global/modelsim/RtlMakefile.mk
  global/modelsim/SimMakefile.mk

PL220-MN-22010-r0p0-00ltd0 :

  ebi_pl220/
  ebi_pl220/verification/
  ebi_pl220/verification/makefile
  ebi_pl220/verification/verilog/
  ebi_pl220/verification/verilog/bid/
  ebi_pl220/verification/verilog/bid/makefile
  ebi_pl220/verification/verilog/buswatcher/
  ebi_pl220/verification/verilog/buswatcher/makefile
  ebi_pl220/verification/verilog/common/
  ebi_pl220/verification/verilog/common/makefile
  ebi_pl220/verification/verilog/Ebi_noscan_verilog_net_min/
  ebi_pl220/verification/verilog/Ebi_noscan_verilog_net_min/Ebi_noscan_verilog_verilog_net_min_modelsim.log
  ebi_pl220/verification/verilog/Ebi_rtl/
  ebi_pl220/verification/verilog/Ebi_rtl/Ebi_rtl_LDV.log
  ebi_pl220/verification/verilog/Ebi_rtl/Ebi_rtl_modelsim.log
  ebi_pl220/verification/verilog/Ebi_scaninsert_verilog_net_typ/
  ebi_pl220/verification/verilog/Ebi_scaninsert_verilog_net_typ/Ebi_scaninsert_verilog_verilog_net_typ_LDV.log
  ebi_pl220/verification/verilog/makefile
  ebi_pl220/verification/verilog/reader/
  ebi_pl220/verification/verilog/reader/makefile
  ebi_pl220/verification/verilog/tbench/
  ebi_pl220/verification/verilog/tbench/ahbslave_tb.v
  ebi_pl220/verification/verilog/tbench/buswatchmaster.v
  ebi_pl220/verification/verilog/tbench/buswmaster_pck.v
  ebi_pl220/verification/verilog/tbench/decoder.v
  ebi_pl220/verification/verilog/tbench/defslave.v
  ebi_pl220/verification/verilog/tbench/makefile
  ebi_pl220/verification/verilog/tbench/README
  ebi_pl220/verification/verilog/tbench/tbench.v
  ebi_pl220/verification/verilog/tbench/timing.v
  ebi_pl220/verification/verilog/tbench/timingmaster.v
  ebi_pl220/verification/verilog/trickbox/
  ebi_pl220/verification/verilog/trickbox/EbiTrAhbif.v
  ebi_pl220/verification/verilog/trickbox/EbiTrArbtCtl.v
  ebi_pl220/verification/verilog/trickbox/EbiTrClkResGen.v
  ebi_pl220/verification/verilog/trickbox/EbiTrComparator.v
  ebi_pl220/verification/verilog/trickbox/EbiTrick.v
  ebi_pl220/verification/verilog/trickbox/EbiTrMirEbi.v
  ebi_pl220/verification/verilog/trickbox/EbiTrMultBlk.v
  ebi_pl220/verification/verilog/trickbox/EbiTrParams.v
  ebi_pl220/verification/verilog/trickbox/EbiTrProChkr.v
  ebi_pl220/verification/verilog/trickbox/EbiTrRegBlk.v
  ebi_pl220/verification/verilog/trickbox/EbiTrReqIndctr.v
  ebi_pl220/verification/verilog/trickbox/makefile
  ebi_pl220/verification/verilog/vr/
  ebi_pl220/verification/verilog/vr/makefile
  global/
  global/bustalk/
  global/bustalk/verilog/
  global/bustalk/verilog/bid/
  global/bustalk/verilog/bid/addrctl_driver.v
  global/bustalk/verilog/bid/buscyc_drivers.v
  global/bustalk/verilog/bid/busline_drivers.v
  global/bustalk/verilog/bid/data_driver.v
  global/bustalk/verilog/bid/penable_driver.v
  global/bustalk/verilog/bid/reset_driver.v
  global/bustalk/verilog/buswatcher/
  global/bustalk/verilog/buswatcher/buswatch.v
  global/bustalk/verilog/common/
  global/bustalk/verilog/common/clockgen.v
  global/bustalk/verilog/common/countdown.v
  global/bustalk/verilog/common/defs.v
  global/bustalk/verilog/reader/
  global/bustalk/verilog/reader/command_reader.v
  global/bustalk/verilog/reader/reader.v
  global/bustalk/verilog/vr/
  global/bustalk/verilog/vr/linedrv.v
  global/bustalk/verilog/vr/reg.v
  global/bustalk/verilog/vr/vio_driver.v
  global/bustalk/verilog/vr/viregcyc_drivers.v
  global/bustalk/vhdl/
  global/bustalk/vhdl/bid/
  global/bustalk/vhdl/bid/addrctl_driver.vhd
  global/bustalk/vhdl/bid/buscyc_drivers.vhd
  global/bustalk/vhdl/bid/busline_drivers.vhd
  global/bustalk/vhdl/bid/data_driver.vhd
  global/bustalk/vhdl/bid/penable_driver.vhd
  global/bustalk/vhdl/bid/reset_driver.vhd
  global/bustalk/vhdl/buswatcher/
  global/bustalk/vhdl/buswatcher/busw_pck.vhd
  global/bustalk/vhdl/buswatcher/buswatch.vhd
  global/bustalk/vhdl/common/
  global/bustalk/vhdl/common/clockgen.vhd
  global/bustalk/vhdl/common/countdown.vhd
  global/bustalk/vhdl/common/defs.vhd
  global/bustalk/vhdl/common/funcs.vhd
  global/bustalk/vhdl/reader/
  global/bustalk/vhdl/reader/reader.vhd
  global/bustalk/vhdl/reader/readline.vhd
  global/bustalk/vhdl/vr/
  global/bustalk/vhdl/vr/linedrv.vhd
  global/bustalk/vhdl/vr/reg.vhd
  global/bustalk/vhdl/vr/vio_driver.vhd
  global/bustalk/vhdl/vr/viregcyc_drivers.vhd
  global/bustalk/vhdl/vr/vregbank.vhd
  global/bustalk_ahb/
  global/bustalk_ahb/verilog/
  global/bustalk_ahb/verilog/bid/
  global/bustalk_ahb/verilog/bid/cyc_drivers.v
  global/bustalk_ahb/verilog/bid/reset_driver.v
  global/bustalk_ahb/verilog/bid/split.v
  global/bustalk_ahb/verilog/buswatcher/
  global/bustalk_ahb/verilog/buswatcher/buswatch.v
  global/bustalk_ahb/verilog/common/
  global/bustalk_ahb/verilog/common/clockgen.v
  global/bustalk_ahb/verilog/common/configmaster.v
  global/bustalk_ahb/verilog/common/countdown.v
  global/bustalk_ahb/verilog/common/defs.v
  global/bustalk_ahb/verilog/common/funcs.v
  global/bustalk_ahb/verilog/common/funcsmaster.v
  global/bustalk_ahb/verilog/reader/
  global/bustalk_ahb/verilog/reader/command_reader.v
  global/bustalk_ahb/verilog/reader/reader.v
  global/bustalk_ahb/verilog/vr/
  global/bustalk_ahb/verilog/vr/linedrv.v
  global/bustalk_ahb/verilog/vr/Reg.v
  global/bustalk_ahb/verilog/vr/VIODriver.v
  global/bustalk_ahb/verilog/vr/VRCycDrivers.v
  global/bustalk_apb/
  global/bustalk_apb/verilog/
  global/bustalk_apb/verilog/bid/
  global/bustalk_apb/verilog/bid/addrctl_driver.v
  global/bustalk_apb/verilog/bid/buscyc_drivers.v
  global/bustalk_apb/verilog/bid/busline_drivers.v
  global/bustalk_apb/verilog/bid/data_driver.v
  global/bustalk_apb/verilog/bid/penable_driver.v
  global/bustalk_apb/verilog/bid/reset_driver.v
  global/bustalk_apb/verilog/buswatcher/
  global/bustalk_apb/verilog/buswatcher/buswatch.v
  global/bustalk_apb/verilog/common/
  global/bustalk_apb/verilog/common/clockgen.v
  global/bustalk_apb/verilog/common/countdown.v
  global/bustalk_apb/verilog/common/defs.v
  global/bustalk_apb/verilog/reader/
  global/bustalk_apb/verilog/reader/command_reader.v
  global/bustalk_apb/verilog/reader/reader.v
  global/bustalk_apb/verilog/vr/
  global/bustalk_apb/verilog/vr/linedrv.v
  global/bustalk_apb/verilog/vr/reg.v
  global/bustalk_apb/verilog/vr/vio_driver.v
  global/bustalk_apb/verilog/vr/viregcyc_drivers.v
  global/LDV/
  global/LDV/DirMakefile.mk
  global/LDV/DirSimMakefile.mk
  global/LDV/RtlMakefile.mk
  global/LDV/SimMakefile.mk
  global/LDV/vxl_bustalk.files
  global/LDV/vxl_bustalk_ahb.files
  global/LDV/vxl_bustalk_apb.files
  global/LDV/vxl_tictalk.files
  global/LDV/vxl_tictalk_ahb.files
  global/LDV/vxl_tictalk_asb.files
  global/modelsim/
  global/modelsim/DirMakefile.mk
  global/modelsim/DirSimMakefile.mk
  global/modelsim/init.do
  global/modelsim/libmap
  global/modelsim/modelsim.ini
  global/modelsim/modelsim_bustalk.ini
  global/modelsim/modelsim_tictalk.ini
  global/modelsim/RtlMakefile.mk
  global/modelsim/SimMakefile.mk

PL220-MN-23001-r0p0-00ltd0 :

  ebi_pl220/
  ebi_pl220/makefile
  ebi_pl220/README.txt
  ebi_pl220/vhdl/
  ebi_pl220/vhdl/makefile
  ebi_pl220/vhdl/rtl_source/
  ebi_pl220/vhdl/rtl_source/Ebi.vhd
  ebi_pl220/vhdl/rtl_source/EbiArbCntl.vhd
  ebi_pl220/vhdl/rtl_source/EbiMux.vhd
  ebi_pl220/vhdl/rtl_source/EbiPackage.vhd
  ebi_pl220/vhdl/rtl_source/makefile
  global/
  global/modelsim/
  global/modelsim/DirMakefile.mk
  global/modelsim/DirSimMakefile.mk
  global/modelsim/init.do
  global/modelsim/libmap
  global/modelsim/modelsim.ini
  global/modelsim/modelsim_bustalk.ini
  global/modelsim/modelsim_tictalk.ini
  global/modelsim/RtlMakefile.mk
  global/modelsim/SimMakefile.mk

PL220-MN-23010-r0p0-00ltd0 :

  ebi_pl220/
  ebi_pl220/verification/
  ebi_pl220/verification/makefile
  ebi_pl220/verification/vhdl/
  ebi_pl220/verification/vhdl/bid/
  ebi_pl220/verification/vhdl/bid/makefile
  ebi_pl220/verification/vhdl/buswatcher/
  ebi_pl220/verification/vhdl/buswatcher/makefile
  ebi_pl220/verification/vhdl/common/
  ebi_pl220/verification/vhdl/common/makefile
  ebi_pl220/verification/vhdl/Ebi_rtl/
  ebi_pl220/verification/vhdl/Ebi_rtl/Ebi_rtl_modelsim.log
  ebi_pl220/verification/vhdl/Ebi_scaninsert_vhdl_net_max/
  ebi_pl220/verification/vhdl/Ebi_scaninsert_vhdl_net_max/Ebi_scaninsert_vhdl_vhdl_net_max_modelsim.log
  ebi_pl220/verification/vhdl/makefile
  ebi_pl220/verification/vhdl/reader/
  ebi_pl220/verification/vhdl/reader/makefile
  ebi_pl220/verification/vhdl/tbench/
  ebi_pl220/verification/vhdl/tbench/ahbslave_tb.vhd
  ebi_pl220/verification/vhdl/tbench/buswatchmaster.vhd
  ebi_pl220/verification/vhdl/tbench/buswmaster_pck.vhd
  ebi_pl220/verification/vhdl/tbench/decoder.vhd
  ebi_pl220/verification/vhdl/tbench/defslave.vhd
  ebi_pl220/verification/vhdl/tbench/makefile
  ebi_pl220/verification/vhdl/tbench/README
  ebi_pl220/verification/vhdl/tbench/tbench.vhd
  ebi_pl220/verification/vhdl/tbench/timing.vhd
  ebi_pl220/verification/vhdl/tbench/timingmaster.vhd
  ebi_pl220/verification/vhdl/trickbox/
  ebi_pl220/verification/vhdl/trickbox/EbiTrAhbif.vhd
  ebi_pl220/verification/vhdl/trickbox/EbiTrArbtCtl.vhd
  ebi_pl220/verification/vhdl/trickbox/EbiTrClkResGen.vhd
  ebi_pl220/verification/vhdl/trickbox/EbiTrComparator.vhd
  ebi_pl220/verification/vhdl/trickbox/EbiTrick.vhd
  ebi_pl220/verification/vhdl/trickbox/EbiTrMirEbi.vhd
  ebi_pl220/verification/vhdl/trickbox/EbiTrMultBlk.vhd
  ebi_pl220/verification/vhdl/trickbox/EbiTrPackage.vhd
  ebi_pl220/verification/vhdl/trickbox/EbiTrProChkr.vhd
  ebi_pl220/verification/vhdl/trickbox/EbiTrRegBlk.vhd
  ebi_pl220/verification/vhdl/trickbox/EbiTrReqIndctr.vhd
  ebi_pl220/verification/vhdl/trickbox/makefile
  ebi_pl220/verification/vhdl/vr/
  ebi_pl220/verification/vhdl/vr/makefile
  global/
  global/bustalk/
  global/bustalk/verilog/
  global/bustalk/verilog/bid/
  global/bustalk/verilog/bid/addrctl_driver.v
  global/bustalk/verilog/bid/buscyc_drivers.v
  global/bustalk/verilog/bid/busline_drivers.v
  global/bustalk/verilog/bid/data_driver.v
  global/bustalk/verilog/bid/penable_driver.v
  global/bustalk/verilog/bid/reset_driver.v
  global/bustalk/verilog/buswatcher/
  global/bustalk/verilog/buswatcher/buswatch.v
  global/bustalk/verilog/common/
  global/bustalk/verilog/common/clockgen.v
  global/bustalk/verilog/common/countdown.v
  global/bustalk/verilog/common/defs.v
  global/bustalk/verilog/reader/
  global/bustalk/verilog/reader/command_reader.v
  global/bustalk/verilog/reader/reader.v
  global/bustalk/verilog/vr/
  global/bustalk/verilog/vr/linedrv.v
  global/bustalk/verilog/vr/reg.v
  global/bustalk/verilog/vr/vio_driver.v
  global/bustalk/verilog/vr/viregcyc_drivers.v
  global/bustalk/vhdl/
  global/bustalk/vhdl/bid/
  global/bustalk/vhdl/bid/addrctl_driver.vhd
  global/bustalk/vhdl/bid/buscyc_drivers.vhd
  global/bustalk/vhdl/bid/busline_drivers.vhd
  global/bustalk/vhdl/bid/data_driver.vhd
  global/bustalk/vhdl/bid/penable_driver.vhd
  global/bustalk/vhdl/bid/reset_driver.vhd
  global/bustalk/vhdl/buswatcher/
  global/bustalk/vhdl/buswatcher/busw_pck.vhd
  global/bustalk/vhdl/buswatcher/buswatch.vhd
  global/bustalk/vhdl/common/
  global/bustalk/vhdl/common/clockgen.vhd
  global/bustalk/vhdl/common/countdown.vhd
  global/bustalk/vhdl/common/defs.vhd
  global/bustalk/vhdl/common/funcs.vhd
  global/bustalk/vhdl/reader/
  global/bustalk/vhdl/reader/reader.vhd
  global/bustalk/vhdl/reader/readline.vhd
  global/bustalk/vhdl/vr/
  global/bustalk/vhdl/vr/linedrv.vhd
  global/bustalk/vhdl/vr/reg.vhd
  global/bustalk/vhdl/vr/vio_driver.vhd
  global/bustalk/vhdl/vr/viregcyc_drivers.vhd
  global/bustalk/vhdl/vr/vregbank.vhd
  global/bustalk_ahb/
  global/bustalk_ahb/vhdl/
  global/bustalk_ahb/vhdl/bid/
  global/bustalk_ahb/vhdl/bid/cyc_drivers.vhd
  global/bustalk_ahb/vhdl/bid/reset_driver.vhd
  global/bustalk_ahb/vhdl/bid/split.vhd
  global/bustalk_ahb/vhdl/buswatcher/
  global/bustalk_ahb/vhdl/buswatcher/busw_pck.vhd
  global/bustalk_ahb/vhdl/buswatcher/buswatch.vhd
  global/bustalk_ahb/vhdl/common/
  global/bustalk_ahb/vhdl/common/clockgen.vhd
  global/bustalk_ahb/vhdl/common/configmaster.vhd
  global/bustalk_ahb/vhdl/common/countdown.vhd
  global/bustalk_ahb/vhdl/common/defs.vhd
  global/bustalk_ahb/vhdl/common/defsmaster.vhd
  global/bustalk_ahb/vhdl/common/funcs.vhd
  global/bustalk_ahb/vhdl/common/funcsmaster.vhd
  global/bustalk_ahb/vhdl/reader/
  global/bustalk_ahb/vhdl/reader/reader.vhd
  global/bustalk_ahb/vhdl/reader/readline.vhd
  global/bustalk_ahb/vhdl/vr/
  global/bustalk_ahb/vhdl/vr/linedrv.vhd
  global/bustalk_ahb/vhdl/vr/reg.vhd
  global/bustalk_ahb/vhdl/vr/VIODriver.vhd
  global/bustalk_ahb/vhdl/vr/VRCycDrivers.vhd
  global/bustalk_ahb/vhdl/vr/vregbank.vhd
  global/bustalk_apb/
  global/bustalk_apb/vhdl/
  global/bustalk_apb/vhdl/bid/
  global/bustalk_apb/vhdl/bid/addrctl_driver.vhd
  global/bustalk_apb/vhdl/bid/buscyc_drivers.vhd
  global/bustalk_apb/vhdl/bid/busline_drivers.vhd
  global/bustalk_apb/vhdl/bid/data_driver.vhd
  global/bustalk_apb/vhdl/bid/penable_driver.vhd
  global/bustalk_apb/vhdl/bid/reset_driver.vhd
  global/bustalk_apb/vhdl/buswatcher/
  global/bustalk_apb/vhdl/buswatcher/busw_pck.vhd
  global/bustalk_apb/vhdl/buswatcher/buswatch.vhd
  global/bustalk_apb/vhdl/common/
  global/bustalk_apb/vhdl/common/clockgen.vhd
  global/bustalk_apb/vhdl/common/countdown.vhd
  global/bustalk_apb/vhdl/common/defs.vhd
  global/bustalk_apb/vhdl/common/funcs.vhd
  global/bustalk_apb/vhdl/reader/
  global/bustalk_apb/vhdl/reader/reader.vhd
  global/bustalk_apb/vhdl/reader/readline.vhd
  global/bustalk_apb/vhdl/vr/
  global/bustalk_apb/vhdl/vr/linedrv.vhd
  global/bustalk_apb/vhdl/vr/reg.vhd
  global/bustalk_apb/vhdl/vr/vio_driver.vhd
  global/bustalk_apb/vhdl/vr/viregcyc_drivers.vhd
  global/bustalk_apb/vhdl/vr/vregbank.vhd
  global/modelsim/
  global/modelsim/DirMakefile.mk
  global/modelsim/DirSimMakefile.mk
  global/modelsim/init.do
  global/modelsim/libmap
  global/modelsim/modelsim.ini
  global/modelsim/modelsim_bustalk.ini
  global/modelsim/modelsim_tictalk.ini
  global/modelsim/RtlMakefile.mk
  global/modelsim/SimMakefile.mk

PL220-VE-01010-r0p0-00ltd0 :

  ebi_pl220/
  ebi_pl220/verification/
  ebi_pl220/verification/bustest/
  ebi_pl220/verification/bustest/Common.c
  ebi_pl220/verification/bustest/Ebi.c
  ebi_pl220/verification/bustest/Ebi.h
  ebi_pl220/verification/bustest/EbiM1M2M3Eq2Hck.c
  ebi_pl220/verification/bustest/EbiMck1Mck2Eq2Hck.c
  ebi_pl220/verification/bustest/EbiMck1Mck3Eq2Hck.c
  ebi_pl220/verification/bustest/EbiMck2Mck3Eq2Hck.c
  ebi_pl220/verification/bustest/EbiMclk1Eq2Hclk.c
  ebi_pl220/verification/bustest/EbiMclk2Eq2Hclk.c
  ebi_pl220/verification/bustest/EbiMclk3Eq2Hclk.c
  ebi_pl220/verification/bustest/EbiMclkEqHclk.c
  ebi_pl220/verification/bustest/EbiRandom.c
  ebi_pl220/verification/bustest/makefile
  ebi_pl220/verification/makefile
  global/
  global/bustalk_ahb/
  global/bustalk_ahb/bustest/
  global/bustalk_ahb/bustest/addargs_script
  global/bustalk_ahb/bustest/bif2sim.awk
  global/bustalk_ahb/bustest/busheader.h
  global/bustalk_ahb/bustest/busmacros.c
  global/bustalk_ahb/bustest/busmacros.h
  global/bustalk_ahb/bustest/BusTalkMakefile.mk
  global/bustalk_ahb/bustest/config.h
  global/bustalk_ahb/bustest/include.h
  global/bustalk_ahb/bustest/tif2bif
  global/bustalk_ahb/bustest/tif2sim.awk
  global/bustalk_apb/
  global/bustalk_apb/bustest/
  global/bustalk_apb/bustest/addargs_script
  global/bustalk_apb/bustest/bif2sim.awk
  global/bustalk_apb/bustest/busheader.h
  global/bustalk_apb/bustest/busmacros.c
  global/bustalk_apb/bustest/busmacros.h
  global/bustalk_apb/bustest/BusTalkMakefile.mk
  global/bustalk_apb/bustest/config.h
  global/bustalk_apb/bustest/include.h
  global/bustalk_apb/bustest/tif2bif
  global/bustalk_apb/bustest/tif2sim.awk

