 
****************************************
Report : timing
        -path full
        -delay min
        -nworst 10
        -input_pins
        -nets
        -max_paths 10
        -transition_time
        -capacitance
Design : MMCTop
Version: V-2004.06
Date   : Wed May  9 09:40:33 2007
****************************************

 * Some/all delay information is back-annotated.

Operating Conditions: slow   Library: USERLIB
Wire Load Model Mode: top

  Startpoint: PWDATA[0] (input port clocked by PCLK)
  Endpoint: DataFifo_DMA/mmcFifo/FIFORAM
            (rising edge-triggered flip-flop clocked by PCLK)
  Path Group: PCLK
  Path Type: min

  Point                                       Fanout       Cap     Trans      Incr       Path
  ----------------------------------------------------------------------------------------------
  clock PCLK (rise edge)                                                      0.00       0.00
  clock network delay (ideal)                                                 0.00       0.00
  input external delay                                                        0.00       0.00 r
  PWDATA[0] (in)                                                    1.00      0.00       0.00 r
  PWDATA[0] (net)                               5         0.01                0.00       0.00 r
  DataFifo_DMA/PWData[0] (mmc_FifoDmaCtr)                                     0.00       0.00 r
  DataFifo_DMA/PWData[0] (net)                            0.01                0.00       0.00 r
  DataFifo_DMA/U290/A0 (AO22X1)                                     1.00      0.00       0.00 r
  DataFifo_DMA/U290/Y (AO22X1)                                      0.09      0.24       0.24 r
  DataFifo_DMA/FIFOWdata[0] (net)               1         0.00                0.00       0.24 r
  DataFifo_DMA/mmcFifo/FIFOWrData[0] (mmc_Fifo_FIFO_AW5)                      0.00       0.24 r
  DataFifo_DMA/mmcFifo/FIFOWrData[0] (net)                0.00                0.00       0.24 r
  DataFifo_DMA/mmcFifo/FIFORAM/DB[0] (RF2SH32x32)                   0.09      0.00       0.24 r
  data arrival time                                                                      0.24

  clock PCLK (rise edge)                                                      0.00       0.00
  clock network delay (ideal)                                                 0.00       0.00
  DataFifo_DMA/mmcFifo/FIFORAM/CLKB (RF2SH32x32)                              0.00       0.00 r
  library hold time                                                           0.21       0.21
  data required time                                                                     0.21
  ----------------------------------------------------------------------------------------------
  data required time                                                                     0.21
  data arrival time                                                                     -0.24
  ----------------------------------------------------------------------------------------------
  slack (MET)                                                                            0.03


  Startpoint: PWDATA[1] (input port clocked by PCLK)
  Endpoint: DataFifo_DMA/mmcFifo/FIFORAM
            (rising edge-triggered flip-flop clocked by PCLK)
  Path Group: PCLK
  Path Type: min

  Point                                       Fanout       Cap     Trans      Incr       Path
  ----------------------------------------------------------------------------------------------
  clock PCLK (rise edge)                                                      0.00       0.00
  clock network delay (ideal)                                                 0.00       0.00
  input external delay                                                        0.00       0.00 r
  PWDATA[1] (in)                                                    1.00      0.00       0.00 r
  PWDATA[1] (net)                               4         0.01                0.00       0.00 r
  DataFifo_DMA/PWData[1] (mmc_FifoDmaCtr)                                     0.00       0.00 r
  DataFifo_DMA/PWData[1] (net)                            0.01                0.00       0.00 r
  DataFifo_DMA/U291/A0 (AO22X1)                                     1.00      0.00       0.00 r
  DataFifo_DMA/U291/Y (AO22X1)                                      0.09      0.24       0.24 r
  DataFifo_DMA/FIFOWdata[1] (net)               1         0.00                0.00       0.24 r
  DataFifo_DMA/mmcFifo/FIFOWrData[1] (mmc_Fifo_FIFO_AW5)                      0.00       0.24 r
  DataFifo_DMA/mmcFifo/FIFOWrData[1] (net)                0.00                0.00       0.24 r
  DataFifo_DMA/mmcFifo/FIFORAM/DB[1] (RF2SH32x32)                   0.09      0.00       0.24 r
  data arrival time                                                                      0.24

  clock PCLK (rise edge)                                                      0.00       0.00
  clock network delay (ideal)                                                 0.00       0.00
  DataFifo_DMA/mmcFifo/FIFORAM/CLKB (RF2SH32x32)                              0.00       0.00 r
  library hold time                                                           0.21       0.21
  data required time                                                                     0.21
  ----------------------------------------------------------------------------------------------
  data required time                                                                     0.21
  data arrival time                                                                     -0.24
  ----------------------------------------------------------------------------------------------
  slack (MET)                                                                            0.03


  Startpoint: PWDATA[2] (input port clocked by PCLK)
  Endpoint: DataFifo_DMA/mmcFifo/FIFORAM
            (rising edge-triggered flip-flop clocked by PCLK)
  Path Group: PCLK
  Path Type: min

  Point                                       Fanout       Cap     Trans      Incr       Path
  ----------------------------------------------------------------------------------------------
  clock PCLK (rise edge)                                                      0.00       0.00
  clock network delay (ideal)                                                 0.00       0.00
  input external delay                                                        0.00       0.00 r
  PWDATA[2] (in)                                                    1.00      0.00       0.00 r
  PWDATA[2] (net)                               4         0.01                0.00       0.00 r
  DataFifo_DMA/PWData[2] (mmc_FifoDmaCtr)                                     0.00       0.00 r
  DataFifo_DMA/PWData[2] (net)                            0.01                0.00       0.00 r
  DataFifo_DMA/U292/A0 (AO22X1)                                     1.00      0.00       0.00 r
  DataFifo_DMA/U292/Y (AO22X1)                                      0.09      0.24       0.24 r
  DataFifo_DMA/FIFOWdata[2] (net)               1         0.00                0.00       0.24 r
  DataFifo_DMA/mmcFifo/FIFOWrData[2] (mmc_Fifo_FIFO_AW5)                      0.00       0.24 r
  DataFifo_DMA/mmcFifo/FIFOWrData[2] (net)                0.00                0.00       0.24 r
  DataFifo_DMA/mmcFifo/FIFORAM/DB[2] (RF2SH32x32)                   0.09      0.00       0.24 r
  data arrival time                                                                      0.24

  clock PCLK (rise edge)                                                      0.00       0.00
  clock network delay (ideal)                                                 0.00       0.00
  DataFifo_DMA/mmcFifo/FIFORAM/CLKB (RF2SH32x32)                              0.00       0.00 r
  library hold time                                                           0.21       0.21
  data required time                                                                     0.21
  ----------------------------------------------------------------------------------------------
  data required time                                                                     0.21
  data arrival time                                                                     -0.24
  ----------------------------------------------------------------------------------------------
  slack (MET)                                                                            0.03


  Startpoint: PWDATA[3] (input port clocked by PCLK)
  Endpoint: DataFifo_DMA/mmcFifo/FIFORAM
            (rising edge-triggered flip-flop clocked by PCLK)
  Path Group: PCLK
  Path Type: min

  Point                                       Fanout       Cap     Trans      Incr       Path
  ----------------------------------------------------------------------------------------------
  clock PCLK (rise edge)                                                      0.00       0.00
  clock network delay (ideal)                                                 0.00       0.00
  input external delay                                                        0.00       0.00 r
  PWDATA[3] (in)                                                    1.00      0.00       0.00 r
  PWDATA[3] (net)                               4         0.01                0.00       0.00 r
  DataFifo_DMA/PWData[3] (mmc_FifoDmaCtr)                                     0.00       0.00 r
  DataFifo_DMA/PWData[3] (net)                            0.01                0.00       0.00 r
  DataFifo_DMA/U293/A0 (AO22X1)                                     1.00      0.00       0.00 r
  DataFifo_DMA/U293/Y (AO22X1)                                      0.09      0.24       0.24 r
  DataFifo_DMA/FIFOWdata[3] (net)               1         0.00                0.00       0.24 r
  DataFifo_DMA/mmcFifo/FIFOWrData[3] (mmc_Fifo_FIFO_AW5)                      0.00       0.24 r
  DataFifo_DMA/mmcFifo/FIFOWrData[3] (net)                0.00                0.00       0.24 r
  DataFifo_DMA/mmcFifo/FIFORAM/DB[3] (RF2SH32x32)                   0.09      0.00       0.24 r
  data arrival time                                                                      0.24

  clock PCLK (rise edge)                                                      0.00       0.00
  clock network delay (ideal)                                                 0.00       0.00
  DataFifo_DMA/mmcFifo/FIFORAM/CLKB (RF2SH32x32)                              0.00       0.00 r
  library hold time                                                           0.21       0.21
  data required time                                                                     0.21
  ----------------------------------------------------------------------------------------------
  data required time                                                                     0.21
  data arrival time                                                                     -0.24
  ----------------------------------------------------------------------------------------------
  slack (MET)                                                                            0.03


  Startpoint: PWDATA[4] (input port clocked by PCLK)
  Endpoint: DataFifo_DMA/mmcFifo/FIFORAM
            (rising edge-triggered flip-flop clocked by PCLK)
  Path Group: PCLK
  Path Type: min

  Point                                       Fanout       Cap     Trans      Incr       Path
  ----------------------------------------------------------------------------------------------
  clock PCLK (rise edge)                                                      0.00       0.00
  clock network delay (ideal)                                                 0.00       0.00
  input external delay                                                        0.00       0.00 r
  PWDATA[4] (in)                                                    1.00      0.00       0.00 r
  PWDATA[4] (net)                               3         0.01                0.00       0.00 r
  DataFifo_DMA/PWData[4] (mmc_FifoDmaCtr)                                     0.00       0.00 r
  DataFifo_DMA/PWData[4] (net)                            0.01                0.00       0.00 r
  DataFifo_DMA/U294/A0 (AO22X1)                                     1.00      0.00       0.00 r
  DataFifo_DMA/U294/Y (AO22X1)                                      0.09      0.24       0.24 r
  DataFifo_DMA/FIFOWdata[4] (net)               1         0.00                0.00       0.24 r
  DataFifo_DMA/mmcFifo/FIFOWrData[4] (mmc_Fifo_FIFO_AW5)                      0.00       0.24 r
  DataFifo_DMA/mmcFifo/FIFOWrData[4] (net)                0.00                0.00       0.24 r
  DataFifo_DMA/mmcFifo/FIFORAM/DB[4] (RF2SH32x32)                   0.09      0.00       0.24 r
  data arrival time                                                                      0.24

  clock PCLK (rise edge)                                                      0.00       0.00
  clock network delay (ideal)                                                 0.00       0.00
  DataFifo_DMA/mmcFifo/FIFORAM/CLKB (RF2SH32x32)                              0.00       0.00 r
  library hold time                                                           0.21       0.21
  data required time                                                                     0.21
  ----------------------------------------------------------------------------------------------
  data required time                                                                     0.21
  data arrival time                                                                     -0.24
  ----------------------------------------------------------------------------------------------
  slack (MET)                                                                            0.03


  Startpoint: PWDATA[5] (input port clocked by PCLK)
  Endpoint: DataFifo_DMA/mmcFifo/FIFORAM
            (rising edge-triggered flip-flop clocked by PCLK)
  Path Group: PCLK
  Path Type: min

  Point                                       Fanout       Cap     Trans      Incr       Path
  ----------------------------------------------------------------------------------------------
  clock PCLK (rise edge)                                                      0.00       0.00
  clock network delay (ideal)                                                 0.00       0.00
  input external delay                                                        0.00       0.00 r
  PWDATA[5] (in)                                                    1.00      0.00       0.00 r
  PWDATA[5] (net)                               3         0.01                0.00       0.00 r
  DataFifo_DMA/PWData[5] (mmc_FifoDmaCtr)                                     0.00       0.00 r
  DataFifo_DMA/PWData[5] (net)                            0.01                0.00       0.00 r
  DataFifo_DMA/U295/A0 (AO22X1)                                     1.00      0.00       0.00 r
  DataFifo_DMA/U295/Y (AO22X1)                                      0.09      0.24       0.24 r
  DataFifo_DMA/FIFOWdata[5] (net)               1         0.00                0.00       0.24 r
  DataFifo_DMA/mmcFifo/FIFOWrData[5] (mmc_Fifo_FIFO_AW5)                      0.00       0.24 r
  DataFifo_DMA/mmcFifo/FIFOWrData[5] (net)                0.00                0.00       0.24 r
  DataFifo_DMA/mmcFifo/FIFORAM/DB[5] (RF2SH32x32)                   0.09      0.00       0.24 r
  data arrival time                                                                      0.24

  clock PCLK (rise edge)                                                      0.00       0.00
  clock network delay (ideal)                                                 0.00       0.00
  DataFifo_DMA/mmcFifo/FIFORAM/CLKB (RF2SH32x32)                              0.00       0.00 r
  library hold time                                                           0.21       0.21
  data required time                                                                     0.21
  ----------------------------------------------------------------------------------------------
  data required time                                                                     0.21
  data arrival time                                                                     -0.24
  ----------------------------------------------------------------------------------------------
  slack (MET)                                                                            0.03


  Startpoint: PWDATA[6] (input port clocked by PCLK)
  Endpoint: DataFifo_DMA/mmcFifo/FIFORAM
            (rising edge-triggered flip-flop clocked by PCLK)
  Path Group: PCLK
  Path Type: min

  Point                                       Fanout       Cap     Trans      Incr       Path
  ----------------------------------------------------------------------------------------------
  clock PCLK (rise edge)                                                      0.00       0.00
  clock network delay (ideal)                                                 0.00       0.00
  input external delay                                                        0.00       0.00 r
  PWDATA[6] (in)                                                    1.00      0.00       0.00 r
  PWDATA[6] (net)                               3         0.01                0.00       0.00 r
  DataFifo_DMA/PWData[6] (mmc_FifoDmaCtr)                                     0.00       0.00 r
  DataFifo_DMA/PWData[6] (net)                            0.01                0.00       0.00 r
  DataFifo_DMA/U296/A0 (AO22X1)                                     1.00      0.00       0.00 r
  DataFifo_DMA/U296/Y (AO22X1)                                      0.09      0.24       0.24 r
  DataFifo_DMA/FIFOWdata[6] (net)               1         0.00                0.00       0.24 r
  DataFifo_DMA/mmcFifo/FIFOWrData[6] (mmc_Fifo_FIFO_AW5)                      0.00       0.24 r
  DataFifo_DMA/mmcFifo/FIFOWrData[6] (net)                0.00                0.00       0.24 r
  DataFifo_DMA/mmcFifo/FIFORAM/DB[6] (RF2SH32x32)                   0.09      0.00       0.24 r
  data arrival time                                                                      0.24

  clock PCLK (rise edge)                                                      0.00       0.00
  clock network delay (ideal)                                                 0.00       0.00
  DataFifo_DMA/mmcFifo/FIFORAM/CLKB (RF2SH32x32)                              0.00       0.00 r
  library hold time                                                           0.21       0.21
  data required time                                                                     0.21
  ----------------------------------------------------------------------------------------------
  data required time                                                                     0.21
  data arrival time                                                                     -0.24
  ----------------------------------------------------------------------------------------------
  slack (MET)                                                                            0.03


  Startpoint: PWDATA[7] (input port clocked by PCLK)
  Endpoint: DataFifo_DMA/mmcFifo/FIFORAM
            (rising edge-triggered flip-flop clocked by PCLK)
  Path Group: PCLK
  Path Type: min

  Point                                       Fanout       Cap     Trans      Incr       Path
  ----------------------------------------------------------------------------------------------
  clock PCLK (rise edge)                                                      0.00       0.00
  clock network delay (ideal)                                                 0.00       0.00
  input external delay                                                        0.00       0.00 r
  PWDATA[7] (in)                                                    1.00      0.00       0.00 r
  PWDATA[7] (net)                               3         0.01                0.00       0.00 r
  DataFifo_DMA/PWData[7] (mmc_FifoDmaCtr)                                     0.00       0.00 r
  DataFifo_DMA/PWData[7] (net)                            0.01                0.00       0.00 r
  DataFifo_DMA/U297/A0 (AO22X1)                                     1.00      0.00       0.00 r
  DataFifo_DMA/U297/Y (AO22X1)                                      0.09      0.24       0.24 r
  DataFifo_DMA/FIFOWdata[7] (net)               1         0.00                0.00       0.24 r
  DataFifo_DMA/mmcFifo/FIFOWrData[7] (mmc_Fifo_FIFO_AW5)                      0.00       0.24 r
  DataFifo_DMA/mmcFifo/FIFOWrData[7] (net)                0.00                0.00       0.24 r
  DataFifo_DMA/mmcFifo/FIFORAM/DB[7] (RF2SH32x32)                   0.09      0.00       0.24 r
  data arrival time                                                                      0.24

  clock PCLK (rise edge)                                                      0.00       0.00
  clock network delay (ideal)                                                 0.00       0.00
  DataFifo_DMA/mmcFifo/FIFORAM/CLKB (RF2SH32x32)                              0.00       0.00 r
  library hold time                                                           0.21       0.21
  data required time                                                                     0.21
  ----------------------------------------------------------------------------------------------
  data required time                                                                     0.21
  data arrival time                                                                     -0.24
  ----------------------------------------------------------------------------------------------
  slack (MET)                                                                            0.03


  Startpoint: PWDATA[8] (input port clocked by PCLK)
  Endpoint: DataFifo_DMA/mmcFifo/FIFORAM
            (rising edge-triggered flip-flop clocked by PCLK)
  Path Group: PCLK
  Path Type: min

  Point                                       Fanout       Cap     Trans      Incr       Path
  ----------------------------------------------------------------------------------------------
  clock PCLK (rise edge)                                                      0.00       0.00
  clock network delay (ideal)                                                 0.00       0.00
  input external delay                                                        0.00       0.00 r
  PWDATA[8] (in)                                                    1.00      0.00       0.00 r
  PWDATA[8] (net)                               4         0.01                0.00       0.00 r
  DataFifo_DMA/PWData[8] (mmc_FifoDmaCtr)                                     0.00       0.00 r
  DataFifo_DMA/PWData[8] (net)                            0.01                0.00       0.00 r
  DataFifo_DMA/U298/A0 (AO22X1)                                     1.00      0.00       0.00 r
  DataFifo_DMA/U298/Y (AO22X1)                                      0.09      0.24       0.24 r
  DataFifo_DMA/FIFOWdata[8] (net)               1         0.00                0.00       0.24 r
  DataFifo_DMA/mmcFifo/FIFOWrData[8] (mmc_Fifo_FIFO_AW5)                      0.00       0.24 r
  DataFifo_DMA/mmcFifo/FIFOWrData[8] (net)                0.00                0.00       0.24 r
  DataFifo_DMA/mmcFifo/FIFORAM/DB[8] (RF2SH32x32)                   0.09      0.00       0.24 r
  data arrival time                                                                      0.24

  clock PCLK (rise edge)                                                      0.00       0.00
  clock network delay (ideal)                                                 0.00       0.00
  DataFifo_DMA/mmcFifo/FIFORAM/CLKB (RF2SH32x32)                              0.00       0.00 r
  library hold time                                                           0.21       0.21
  data required time                                                                     0.21
  ----------------------------------------------------------------------------------------------
  data required time                                                                     0.21
  data arrival time                                                                     -0.24
  ----------------------------------------------------------------------------------------------
  slack (MET)                                                                            0.03


  Startpoint: PWDATA[9] (input port clocked by PCLK)
  Endpoint: DataFifo_DMA/mmcFifo/FIFORAM
            (rising edge-triggered flip-flop clocked by PCLK)
  Path Group: PCLK
  Path Type: min

  Point                                       Fanout       Cap     Trans      Incr       Path
  ----------------------------------------------------------------------------------------------
  clock PCLK (rise edge)                                                      0.00       0.00
  clock network delay (ideal)                                                 0.00       0.00
  input external delay                                                        0.00       0.00 r
  PWDATA[9] (in)                                                    1.00      0.00       0.00 r
  PWDATA[9] (net)                               3         0.01                0.00       0.00 r
  DataFifo_DMA/PWData[9] (mmc_FifoDmaCtr)                                     0.00       0.00 r
  DataFifo_DMA/PWData[9] (net)                            0.01                0.00       0.00 r
  DataFifo_DMA/U299/A0 (AO22X1)                                     1.00      0.00       0.00 r
  DataFifo_DMA/U299/Y (AO22X1)                                      0.09      0.24       0.24 r
  DataFifo_DMA/FIFOWdata[9] (net)               1         0.00                0.00       0.24 r
  DataFifo_DMA/mmcFifo/FIFOWrData[9] (mmc_Fifo_FIFO_AW5)                      0.00       0.24 r
  DataFifo_DMA/mmcFifo/FIFOWrData[9] (net)                0.00                0.00       0.24 r
  DataFifo_DMA/mmcFifo/FIFORAM/DB[9] (RF2SH32x32)                   0.09      0.00       0.24 r
  data arrival time                                                                      0.24

  clock PCLK (rise edge)                                                      0.00       0.00
  clock network delay (ideal)                                                 0.00       0.00
  DataFifo_DMA/mmcFifo/FIFORAM/CLKB (RF2SH32x32)                              0.00       0.00 r
  library hold time                                                           0.21       0.21
  data required time                                                                     0.21
  ----------------------------------------------------------------------------------------------
  data required time                                                                     0.21
  data arrival time                                                                     -0.24
  ----------------------------------------------------------------------------------------------
  slack (MET)                                                                            0.03


1
