 
****************************************
Report : net fanout
        -threshold 8
Design : MMCTop
Version: V-2004.06
Date   : Wed May  9 09:40:32 2007
****************************************


Operating Conditions: slow   Library: USERLIB
Wire Load Model Mode: top


Attributes:
   dr - drc disabled
    c - annotated capacitance
    d - dont_touch
    i - ideal_net
    I - ideal_network
    p - includes pin load
    r - annotated resistance
    h - high fanout

Net                 Fanout   Attributes   Capacitance   Driver
--------------------------------------------------------------------------------
SDIDatCon_20_           15                    0.04      mmc_APBRegisterIF/iSDIDatCon_reg_20_/Q
DatMode[0]               9                    0.02      mmc_APBRegisterIF/iSDIDatCon_reg_16_/Q
PCLK                   845   dr, d            1.09      PCLK
PRESETn                851   d, i             0.00      PRESETn
SDreset                101                    0.23      mmc_APBRegisterIF/U3253/Y
neg_CKPulse             13                    0.04      Prescaler/U181/Y
CKPulse                 10                    0.03      Prescaler/U180/Y
PADDR[5]                 9                    0.02      PADDR[5]
PADDR[4]                 9                    0.02      PADDR[4]
FFCNT[4]                10                    0.03      DataFifo_DMA/mmcFifo/mmc_IntFIFOCtl/DatCnt_reg_4_/Q
FFCNT[3]                11                    0.03      DataFifo_DMA/mmcFifo/mmc_IntFIFOCtl/DatCnt_reg_3_/Q
FFCNT[2]                10                    0.03      DataFifo_DMA/mmcFifo/mmc_IntFIFOCtl/DatCnt_reg_2_/Q
FFCNT[0]                 9                    0.03      DataFifo_DMA/mmcFifo/mmc_IntFIFOCtl/DatCnt_reg_0_/Q
RxRdPtrInc              33                    0.05      mmc_APBRegisterIF/U3204/Y
iFBCLK_BUF               9   dr, d            0.01      FBCLK_BUF/Y
DATIN[0]                14                    0.04      FeedBackSync/DATIN_reg_0_/Q
Prescaler/n420           9                    0.01      Prescaler/U182/Y
Prescaler/n422           9                    0.01      Prescaler/U184/Y
mmc_APBRegisterIF/n5816
                        34                    0.06      mmc_APBRegisterIF/SDreset_reg/Q
mmc_APBRegisterIF/n5831
                        19                    0.02      mmc_APBRegisterIF/U3275/Y
mmc_APBRegisterIF/n5880
                        31                    0.04      mmc_APBRegisterIF/U3268/Y
mmc_APBRegisterIF/n5882
                        14                    0.02      mmc_APBRegisterIF/U3263/Y
mmc_APBRegisterIF/n5889
                        23                    0.03      mmc_APBRegisterIF/U3273/Y
mmc_APBRegisterIF/n5908
                        10                    0.02      mmc_APBRegisterIF/U3236/Y
mmc_APBRegisterIF/n5915
                         9                    0.02      mmc_APBRegisterIF/U3290/Y
mmc_APBRegisterIF/n5924
                        18                    0.02      mmc_APBRegisterIF/U3249/Y
mmc_APBRegisterIF/n5930
                        14                    0.04      mmc_APBRegisterIF/U3278/Y
mmc_APBRegisterIF/n5932
                        13                    0.03      mmc_APBRegisterIF/U3274/Y
mmc_APBRegisterIF/n5933
                        32                    0.08      mmc_APBRegisterIF/U3181/Y
mmc_APBRegisterIF/n5936
                        14                    0.05      mmc_APBRegisterIF/U3289/Y
mmc_APBRegisterIF/n5941
                        32                    0.08      mmc_APBRegisterIF/U3182/Y
mmc_APBRegisterIF/n5943
                        32                    0.07      mmc_APBRegisterIF/U3179/Y
mmc_APBRegisterIF/n5944
                        32                    0.07      mmc_APBRegisterIF/U3239/Y
mmc_APBRegisterIF/n5945
                        33                    0.08      mmc_APBRegisterIF/U3252/Y
mmc_APBRegisterIF/n5949
                        31                    0.10      mmc_APBRegisterIF/U3271/Y
mmc_APBRegisterIF/n5953
                        23                    0.03      mmc_APBRegisterIF/U3192/Y
mmc_APBRegisterIF/n5955
                        33                    0.08      mmc_APBRegisterIF/U3203/Y
mmc_APBRegisterIF/n5956
                        12                    0.04      mmc_APBRegisterIF/U3280/Y
mmc_APBRegisterIF/n5962
                        11                    0.03      mmc_APBRegisterIF/U3191/Y
mmc_APBRegisterIF/n5988
                        11                    0.04      mmc_APBRegisterIF/U3190/Y
mmc_APBRegisterIF/n6071
                         9                    0.02      mmc_APBRegisterIF/U3276/Y
mmc_APBRegisterIF/n6140
                        15                    0.05      mmc_APBRegisterIF/U3193/Y
mmc_APBRegisterIF/n6279
                        16                    0.02      mmc_APBRegisterIF/U3310/Y
mmc_APBRegisterIF/n6283
                        14                    0.02      mmc_APBRegisterIF/U3288/Y
mmc_APBRegisterIF/n6284
                        13                    0.02      mmc_APBRegisterIF/U3270/Y
mmc_APBRegisterIF/n6285
                        32                    0.05      mmc_APBRegisterIF/U3267/Y
mmc_APBRegisterIF/n6303
                        16                    0.02      mmc_APBRegisterIF/U3259/Y
mmc_APBRegisterIF/n6335
                        19                    0.03      mmc_APBRegisterIF/U3213/Y
mmc_APBRegisterIF/n6344
                        19                    0.05      mmc_APBRegisterIF/SDreset_reg/QN
mmc_APBRegisterIF/n6385
                        25                    0.07      mmc_APBRegisterIF/U3226/Y
mmc_APBRegisterIF/n6387
                        18                    0.02      mmc_APBRegisterIF/U3230/Y
mmc_APBRegisterIF/n6388
                        19                    0.03      mmc_APBRegisterIF/U3251/Y
mmc_APBRegisterIF/n6389
                         9                    0.02      mmc_APBRegisterIF/U3237/Y
mmc_APBRegisterIF/n6394
                        17                    0.02      mmc_APBRegisterIF/U3309/Y
mmc_APBRegisterIF/n6395
                         9                    0.01      mmc_APBRegisterIF/U3227/Y
mmc_APBRegisterIF/n6400
                        16                    0.02      mmc_APBRegisterIF/U3311/Y
DataFifo_DMA/n387       33                    0.04      DataFifo_DMA/U280/Y
DataFifo_DMA/n441       37                    0.06      DataFifo_DMA/U269/Y
DataFifo_DMA/mmcFifo/n76
                        12                    0.03      DataFifo_DMA/mmcFifo/U10/Y
DataFifo_DMA/mmcFifo/mmc_IntFIFOCtl/n784
                        10                    0.04      DataFifo_DMA/mmcFifo/mmc_IntFIFOCtl/U399/Y
DataFifo_DMA/mmcFifo/mmc_IntFIFOCtl/n854
                         9                    0.03      DataFifo_DMA/mmcFifo/mmc_IntFIFOCtl/U397/Y
FeedBackSync/n111        9                    0.02      FeedBackSync/U58/Y
AutoRead/n1398          47                    0.07      AutoRead/U838/Y
AutoRead/n1399          40                    0.06      AutoRead/U844/Y
AutoRead/n1426          32                    0.05      AutoRead/U822/Y
AutoRead/n1427          32                    0.04      AutoRead/U829/Y
AutoRead/n1436          34                    0.04      AutoRead/U842/Y
AutoRead/n1454          49                    0.06      AutoRead/U858/Y
AutoRead/n1455           9                    0.02      AutoRead/U942/Y
CommandControl/n3261
                        18                    0.05      CommandControl/U2047/Y
CommandControl/n3269
                        15                    0.04      CommandControl/U2048/Y
CommandControl/n3299
                        17                    0.02      CommandControl/U2043/Y
CommandControl/n3301
                        26                    0.04      CommandControl/U2086/Y
CommandControl/n3302
                        25                    0.03      CommandControl/U2084/Y
CommandControl/n3409
                         9                    0.01      CommandControl/U2032/Y
CommandControl/n3411
                        32                    0.04      CommandControl/U2022/Y
CommandControl/n3412
                        24                    0.03      CommandControl/U2040/Y
CommandControl/n3415
                         9                    0.01      CommandControl/U2081/Y
CommandControl/n3416
                        33                    0.05      CommandControl/U2038/Y
CommandControl/n3417
                        24                    0.03      CommandControl/U2023/Y
CommandControl/n3422
                        27                    0.04      CommandControl/U2058/Y
CommandControl/n3423
                        25                    0.03      CommandControl/U2039/Y
CommandControl/n3442
                        32                    0.05      CommandControl/U2021/Y
CommandControl/n3452
                        24                    0.03      CommandControl/U2036/Y
CommandControl/n3529
                        10                    0.02      CommandControl/U2017/Y
CommandControl/n3530
                        10                    0.01      CommandControl/U2018/Y
CommandControl/n3542
                         9                    0.01      CommandControl/U2083/Y
DataControl/TxCRCCal
                        14                    0.02      DataControl/TxCRCCal_reg/Q
DataControl/n9254       11                    0.03      DataControl/U6095/Y
DataControl/n9273        9                    0.03      DataControl/U5939/Y
DataControl/n9295       35                    0.10      DataControl/U5955/Y
DataControl/n9361        9                    0.02      DataControl/U5979/Y
DataControl/n9451       38                    0.06      DataControl/U5877/Y
DataControl/n9465       15                    0.05      DataControl/U5925/Y
DataControl/n9555       13                    0.03      DataControl/U5892/Y
DataControl/n9556       12                    0.04      DataControl/U6129/Y
DataControl/n9558        9                    0.03      DataControl/U6155/Y
DataControl/n9574       23                    0.08      DataControl/U5874/Y
DataControl/n9575       23                    0.08      DataControl/U5872/Y
DataControl/n9582       18                    0.05      DataControl/U5996/Y
DataControl/n9583       10                    0.03      DataControl/U6136/Y
DataControl/n9584        9                    0.02      DataControl/U5903/Y
DataControl/n9591       20                    0.07      DataControl/U5911/Y
DataControl/n9657        9                    0.03      DataControl/U5986/Y
DataControl/n9659        9                    0.01      DataControl/U6252/Y
DataControl/n9695       15                    0.05      DataControl/U5942/Y
DataControl/n9700       31                    0.04      DataControl/U5859/Y
DataControl/n9716       28                    0.07      DataControl/U5867/Y
DataControl/n9795       16                    0.02      DataControl/U5904/Y
DataControl/n9798       18                    0.03      DataControl/U5868/Y
DataControl/n9799       16                    0.02      DataControl/U5906/Y
DataControl/n9824       15                    0.02      DataControl/U5860/Y
DataControl/n9826       15                    0.02      DataControl/U5873/Y
DataControl/n9827       15                    0.02      DataControl/U5909/Y
DataControl/n9906       10                    0.03      DataControl/U6151/Y
DataControl/n9907       10                    0.03      DataControl/U6841/Y
DataControl/n10324      14                    0.02      DataControl/TxCRCCal_reg/QN
DataControl/n10367      12                    0.01      DataControl/U5858/Y
DataControl/n10433      23                    0.06      DataControl/U5888/Y
DataControl/n10457      13                    0.03      DataControl/U5973/Y
DataControl/n10458      14                    0.04      DataControl/U5928/Y
DataControl/n10459      12                    0.04      DataControl/U5931/Y
DataControl/n10460      44                    0.07      DataControl/U5863/Y
DataControl/n10461      49                    0.08      DataControl/U5862/Y
DataControl/n10462      16                    0.05      DataControl/U6152/Y
DataControl/n10463      15                    0.05      DataControl/U6154/Y
DataControl/n10464      11                    0.03      DataControl/U6150/Y
DataControl/n10465      11                    0.03      DataControl/U6149/Y
DataControl/n10466      11                    0.03      DataControl/U6832/Y
DataControl/n10467      11                    0.03      DataControl/U6831/Y
DataControl/n10473      28                    0.03      DataControl/U5938/Y
DataControl/n10474      28                    0.03      DataControl/U5936/Y
DataControl/n10475      28                    0.03      DataControl/U5937/Y
1
