 
****************************************
Report : qor
Design : MMCTop
Version: V-2004.06
Date   : Wed May  9 09:40:32 2007
****************************************


  Timing Path Group 'PCLK'
  -----------------------------------
  Levels of Logic:              15.00
  Critical Path Length:          1.99
  Critical Path Slack:           0.00
  Total Negative Slack:          0.00
  No. of Violating Paths:        0.00
  -----------------------------------


  Cell Count
  -----------------------------------
  Hierarchial Cell Count:          15
  Hierarchial Port Count:        1353
  Leaf Cell Count:               3601
  -----------------------------------


  Area
  -----------------------------------
  Combinational Area:    24998.994141
  Noncombinational Area: 45179.980469
  Net Area:                  0.000000
  -----------------------------------
  Cell Area:             70179.640625
  Design Area:           70179.640625


  Design Rules
  -----------------------------------
  Total Number of Nets:          4116
  Nets With Violations:             0
  -----------------------------------


  Hostname: soc5.localdomain

  Compile CPU Statistics
  -----------------------------------
  Resource Sharing:              0.02
  Logic Optimization:            4.74
  Mapping Optimization:         11.21
  -----------------------------------
  Overall Compile Time:         20.34

1
