 
****************************************
Report : area
Design : MMCTop
Version: V-2004.06
Date   : Wed May  9 09:40:32 2007
****************************************

Library(s) Used:

    slow (File: /zoo/HomeM1P0/dikwon/NewMMC/Syn/SynDB/slow.db)
    USERLIB (File: /zoo/HomeM1P0/dikwon/NewMMC/Syn/SynDB/RF2SH32x32_slow_syn.db)

Number of ports:               99
Number of nets:               624
Number of cells:               34
Number of references:          20

Combinational area:       24998.994141
Noncombinational area:    45179.980469
Net Interconnect area:      undefined  (No wire load specified)

Total cell area:          70179.640625
Total area:                 undefined

Information: This design contains black box (unknown) components. (RPT-8)
1
