Warning: In design 'EgAPBSlave', port 'SCANENABLE' is not connected to any nets. (LINT-28)
Warning: In design 'EgAPBSlave', port 'SCANINPCLK' is not connected to any nets. (LINT-28)
Warning: In design 'EgAPBSlave', port 'SCANOUTPCLK' is not connected to any nets. (LINT-28)
Warning: In design 'EgAPBSlave', a pin on submodule 'u0RevAnd' is connected to logic 1 or logic 0. (LINT-32)
   Pin 'TieOff1' is connected to logic 0. 
   Pin 'TieOff2' is connected to logic 0. 
Warning: In design 'EgAPBSlave', the same net is connected to more than one pin on submodule 'u0RevAnd'. (LINT-33)
   Net 'PeripheralID_31' is connected to pins 'TieOff1', 'TieOff2'. 
Warning: In design 'EgAPBSlave', a pin on submodule 'u1RevAnd' is connected to logic 1 or logic 0. (LINT-32)
   Pin 'TieOff1' is connected to logic 0. 
   Pin 'TieOff2' is connected to logic 0. 
Warning: In design 'EgAPBSlave', the same net is connected to more than one pin on submodule 'u1RevAnd'. (LINT-33)
   Net 'PeripheralID_31' is connected to pins 'TieOff1', 'TieOff2'. 
Warning: In design 'EgAPBSlave', a pin on submodule 'u2RevAnd' is connected to logic 1 or logic 0. (LINT-32)
   Pin 'TieOff1' is connected to logic 0. 
   Pin 'TieOff2' is connected to logic 0. 
Warning: In design 'EgAPBSlave', the same net is connected to more than one pin on submodule 'u2RevAnd'. (LINT-33)
   Net 'PeripheralID_31' is connected to pins 'TieOff1', 'TieOff2'. 
Warning: In design 'EgAPBSlave', a pin on submodule 'u3RevAnd' is connected to logic 1 or logic 0. (LINT-32)
   Pin 'TieOff1' is connected to logic 0. 
   Pin 'TieOff2' is connected to logic 0. 
Warning: In design 'EgAPBSlave', the same net is connected to more than one pin on submodule 'u3RevAnd'. (LINT-33)
   Net 'PeripheralID_31' is connected to pins 'TieOff1', 'TieOff2'. 
************
check_timing
************

Warning: Design 'EgAPBSlave' contains unmapped cells.
	Use report_cell to list unmapped cells in the design. (OPT-309)

***********
report_cell
***********

Error: Could not read the following target libraries:
cb18os120_generic_max.db 
 (UIO-3)
 
****************************************
Report : cell
Design : EgAPBSlave
Version: V-2003.12-SP1
Date   : Fri Jun 18 13:13:08 2004
****************************************

Attributes:
    b - black box (unknown)
    c - control logic
    d - dont_touch
    h - hierarchical
    n - noncombinational
    r - removable
    s - synthetic operator
    u - contains unmapped logic

Cell                      Reference       Library             Area  Attributes
--------------------------------------------------------------------------------
R0_reg_0                  **SEQGEN**                      0.000000  n, u
R0_reg_1                  **SEQGEN**                      0.000000  n, u
R0_reg_2                  **SEQGEN**                      0.000000  n, u
R0_reg_3                  **SEQGEN**                      0.000000  n, u
R0_reg_4                  **SEQGEN**                      0.000000  n, u
R0_reg_5                  **SEQGEN**                      0.000000  n, u
R0_reg_6                  **SEQGEN**                      0.000000  n, u
R0_reg_7                  **SEQGEN**                      0.000000  n, u
R0_reg_8                  **SEQGEN**                      0.000000  n, u
R0_reg_9                  **SEQGEN**                      0.000000  n, u
R0_reg_10                 **SEQGEN**                      0.000000  n, u
R0_reg_11                 **SEQGEN**                      0.000000  n, u
R0_reg_12                 **SEQGEN**                      0.000000  n, u
R0_reg_13                 **SEQGEN**                      0.000000  n, u
R0_reg_14                 **SEQGEN**                      0.000000  n, u
R0_reg_15                 **SEQGEN**                      0.000000  n, u
R0_reg_16                 **SEQGEN**                      0.000000  n, u
R0_reg_17                 **SEQGEN**                      0.000000  n, u
R0_reg_18                 **SEQGEN**                      0.000000  n, u
R0_reg_19                 **SEQGEN**                      0.000000  n, u
R0_reg_20                 **SEQGEN**                      0.000000  n, u
R0_reg_21                 **SEQGEN**                      0.000000  n, u
R0_reg_22                 **SEQGEN**                      0.000000  n, u
R0_reg_23                 **SEQGEN**                      0.000000  n, u
R0_reg_24                 **SEQGEN**                      0.000000  n, u
R0_reg_25                 **SEQGEN**                      0.000000  n, u
R0_reg_26                 **SEQGEN**                      0.000000  n, u
R0_reg_27                 **SEQGEN**                      0.000000  n, u
R0_reg_28                 **SEQGEN**                      0.000000  n, u
R0_reg_29                 **SEQGEN**                      0.000000  n, u
R0_reg_30                 **SEQGEN**                      0.000000  n, u
R0_reg_31                 **SEQGEN**                      0.000000  n, u
R1_reg_0                  **SEQGEN**                      0.000000  n, u
R1_reg_1                  **SEQGEN**                      0.000000  n, u
R1_reg_2                  **SEQGEN**                      0.000000  n, u
R1_reg_3                  **SEQGEN**                      0.000000  n, u
R1_reg_4                  **SEQGEN**                      0.000000  n, u
R1_reg_5                  **SEQGEN**                      0.000000  n, u
R1_reg_6                  **SEQGEN**                      0.000000  n, u
R1_reg_7                  **SEQGEN**                      0.000000  n, u
R1_reg_8                  **SEQGEN**                      0.000000  n, u
R1_reg_9                  **SEQGEN**                      0.000000  n, u
R1_reg_10                 **SEQGEN**                      0.000000  n, u
R1_reg_11                 **SEQGEN**                      0.000000  n, u
R1_reg_12                 **SEQGEN**                      0.000000  n, u
R1_reg_13                 **SEQGEN**                      0.000000  n, u
R1_reg_14                 **SEQGEN**                      0.000000  n, u
R1_reg_15                 **SEQGEN**                      0.000000  n, u
R1_reg_16                 **SEQGEN**                      0.000000  n, u
R1_reg_17                 **SEQGEN**                      0.000000  n, u
R1_reg_18                 **SEQGEN**                      0.000000  n, u
R1_reg_19                 **SEQGEN**                      0.000000  n, u
R1_reg_20                 **SEQGEN**                      0.000000  n, u
R1_reg_21                 **SEQGEN**                      0.000000  n, u
R1_reg_22                 **SEQGEN**                      0.000000  n, u
R1_reg_23                 **SEQGEN**                      0.000000  n, u
R1_reg_24                 **SEQGEN**                      0.000000  n, u
R1_reg_25                 **SEQGEN**                      0.000000  n, u
R1_reg_26                 **SEQGEN**                      0.000000  n, u
R1_reg_27                 **SEQGEN**                      0.000000  n, u
R1_reg_28                 **SEQGEN**                      0.000000  n, u
R1_reg_29                 **SEQGEN**                      0.000000  n, u
R1_reg_30                 **SEQGEN**                      0.000000  n, u
R1_reg_31                 **SEQGEN**                      0.000000  n, u
R2_reg_0                  **SEQGEN**                      0.000000  n, u
R2_reg_1                  **SEQGEN**                      0.000000  n, u
R2_reg_2                  **SEQGEN**                      0.000000  n, u
R2_reg_3                  **SEQGEN**                      0.000000  n, u
R2_reg_4                  **SEQGEN**                      0.000000  n, u
R2_reg_5                  **SEQGEN**                      0.000000  n, u
R2_reg_6                  **SEQGEN**                      0.000000  n, u
R2_reg_7                  **SEQGEN**                      0.000000  n, u
R2_reg_8                  **SEQGEN**                      0.000000  n, u
R2_reg_9                  **SEQGEN**                      0.000000  n, u
R2_reg_10                 **SEQGEN**                      0.000000  n, u
R2_reg_11                 **SEQGEN**                      0.000000  n, u
R2_reg_12                 **SEQGEN**                      0.000000  n, u
R2_reg_13                 **SEQGEN**                      0.000000  n, u
R2_reg_14                 **SEQGEN**                      0.000000  n, u
R2_reg_15                 **SEQGEN**                      0.000000  n, u
R2_reg_16                 **SEQGEN**                      0.000000  n, u
R2_reg_17                 **SEQGEN**                      0.000000  n, u
R2_reg_18                 **SEQGEN**                      0.000000  n, u
R2_reg_19                 **SEQGEN**                      0.000000  n, u
R2_reg_20                 **SEQGEN**                      0.000000  n, u
R2_reg_21                 **SEQGEN**                      0.000000  n, u
R2_reg_22                 **SEQGEN**                      0.000000  n, u
R2_reg_23                 **SEQGEN**                      0.000000  n, u
R2_reg_24                 **SEQGEN**                      0.000000  n, u
R2_reg_25                 **SEQGEN**                      0.000000  n, u
R2_reg_26                 **SEQGEN**                      0.000000  n, u
R2_reg_27                 **SEQGEN**                      0.000000  n, u
R2_reg_28                 **SEQGEN**                      0.000000  n, u
R2_reg_29                 **SEQGEN**                      0.000000  n, u
R2_reg_30                 **SEQGEN**                      0.000000  n, u
R2_reg_31                 **SEQGEN**                      0.000000  n, u
R3_reg_0                  **SEQGEN**                      0.000000  n, u
R3_reg_1                  **SEQGEN**                      0.000000  n, u
R3_reg_2                  **SEQGEN**                      0.000000  n, u
R3_reg_3                  **SEQGEN**                      0.000000  n, u
R3_reg_4                  **SEQGEN**                      0.000000  n, u
R3_reg_5                  **SEQGEN**                      0.000000  n, u
R3_reg_6                  **SEQGEN**                      0.000000  n, u
R3_reg_7                  **SEQGEN**                      0.000000  n, u
R3_reg_8                  **SEQGEN**                      0.000000  n, u
R3_reg_9                  **SEQGEN**                      0.000000  n, u
R3_reg_10                 **SEQGEN**                      0.000000  n, u
R3_reg_11                 **SEQGEN**                      0.000000  n, u
R3_reg_12                 **SEQGEN**                      0.000000  n, u
R3_reg_13                 **SEQGEN**                      0.000000  n, u
R3_reg_14                 **SEQGEN**                      0.000000  n, u
R3_reg_15                 **SEQGEN**                      0.000000  n, u
R3_reg_16                 **SEQGEN**                      0.000000  n, u
R3_reg_17                 **SEQGEN**                      0.000000  n, u
R3_reg_18                 **SEQGEN**                      0.000000  n, u
R3_reg_19                 **SEQGEN**                      0.000000  n, u
R3_reg_20                 **SEQGEN**                      0.000000  n, u
R3_reg_21                 **SEQGEN**                      0.000000  n, u
R3_reg_22                 **SEQGEN**                      0.000000  n, u
R3_reg_23                 **SEQGEN**                      0.000000  n, u
R3_reg_24                 **SEQGEN**                      0.000000  n, u
R3_reg_25                 **SEQGEN**                      0.000000  n, u
R3_reg_26                 **SEQGEN**                      0.000000  n, u
R3_reg_27                 **SEQGEN**                      0.000000  n, u
R3_reg_28                 **SEQGEN**                      0.000000  n, u
R3_reg_29                 **SEQGEN**                      0.000000  n, u
R3_reg_30                 **SEQGEN**                      0.000000  n, u
R3_reg_31                 **SEQGEN**                      0.000000  n, u
S_0                       GTECH_NOT       gtech           0.000000  u
S_1                       GTECH_AND2      gtech           0.000000  u
S_2                       GTECH_NOT       gtech           0.000000  u
S_3                       GTECH_NOT       gtech           0.000000  u
S_4                       GTECH_NOT       gtech           0.000000  u
S_5                       GTECH_NOT       gtech           0.000000  u
S_6                       GTECH_AND2      gtech           0.000000  u
S_7                       GTECH_AND2      gtech           0.000000  u
S_8                       GTECH_AND2      gtech           0.000000  u
S_9                       GTECH_AND2      gtech           0.000000  u
S_10                      GTECH_AND2      gtech           0.000000  u
S_11                      GTECH_BUF       gtech           0.000000  c, u
S_12                      GTECH_NOT       gtech           0.000000  c, u
S_13                      *SELECT_OP_2.1_2.1_1            0.000000  s, u
S_15                      GTECH_NOT       gtech           0.000000  u
S_16                      GTECH_NOT       gtech           0.000000  u
S_17                      GTECH_NOT       gtech           0.000000  u
S_18                      GTECH_AND2      gtech           0.000000  u
S_19                      GTECH_AND2      gtech           0.000000  u
S_20                      GTECH_AND2      gtech           0.000000  u
S_21                      GTECH_AND2      gtech           0.000000  u
S_22                      GTECH_AND2      gtech           0.000000  u
S_23                      GTECH_BUF       gtech           0.000000  c, u
S_24                      GTECH_NOT       gtech           0.000000  c, u
S_25                      *SELECT_OP_2.1_2.1_1            0.000000  s, u
S_27                      GTECH_NOT       gtech           0.000000  u
S_28                      GTECH_NOT       gtech           0.000000  u
S_29                      GTECH_NOT       gtech           0.000000  u
S_30                      GTECH_AND2      gtech           0.000000  u
S_31                      GTECH_AND2      gtech           0.000000  u
S_32                      GTECH_AND2      gtech           0.000000  u
S_33                      GTECH_AND2      gtech           0.000000  u
S_34                      GTECH_AND2      gtech           0.000000  u
S_35                      GTECH_BUF       gtech           0.000000  c, u
S_36                      GTECH_NOT       gtech           0.000000  c, u
S_37                      *SELECT_OP_2.1_2.1_1            0.000000  s, u
S_39                      GTECH_NOT       gtech           0.000000  u
S_40                      GTECH_NOT       gtech           0.000000  u
S_41                      GTECH_AND2      gtech           0.000000  u
S_42                      GTECH_AND2      gtech           0.000000  u
S_43                      GTECH_AND2      gtech           0.000000  u
S_44                      GTECH_AND2      gtech           0.000000  u
S_45                      GTECH_AND2      gtech           0.000000  u
S_46                      GTECH_BUF       gtech           0.000000  c, u
S_47                      GTECH_NOT       gtech           0.000000  c, u
S_48                      *SELECT_OP_2.1_2.1_1            0.000000  s, u
S_50                      GTECH_BUF       gtech           0.000000  c, u
S_51                      GTECH_NOT       gtech           0.000000  c, u
S_53                      *SELECT_OP_2.1_2.1_1            0.000000  s, u
S_54                      GTECH_BUF       gtech           0.000000  c, u
S_55                      GTECH_NOT       gtech           0.000000  c, u
S_57                      *SELECT_OP_2.1_2.1_1            0.000000  s, u
S_58                      GTECH_BUF       gtech           0.000000  c, u
S_59                      GTECH_NOT       gtech           0.000000  c, u
S_61                      *SELECT_OP_2.1_2.1_1            0.000000  s, u
S_62                      GTECH_BUF       gtech           0.000000  c, u
S_63                      GTECH_NOT       gtech           0.000000  c, u
S_65                      *SELECT_OP_2.1_2.1_1            0.000000  s, u
S_66                      GTECH_NOT       gtech           0.000000  u
S_67                      GTECH_NOT       gtech           0.000000  u
S_68                      GTECH_NOT       gtech           0.000000  u
S_69                      GTECH_NOT       gtech           0.000000  u
S_70                      GTECH_NOT       gtech           0.000000  u
S_71                      GTECH_NOT       gtech           0.000000  u
S_72                      GTECH_NOT       gtech           0.000000  u
S_73                      GTECH_NOT       gtech           0.000000  u
S_74                      GTECH_NOT       gtech           0.000000  u
S_75                      GTECH_NOT       gtech           0.000000  u
S_76                      GTECH_NOT       gtech           0.000000  u
S_77                      GTECH_NOT       gtech           0.000000  u
S_78                      GTECH_NOT       gtech           0.000000  u
S_79                      GTECH_NOT       gtech           0.000000  u
S_80                      GTECH_NOT       gtech           0.000000  u
S_81                      GTECH_NOT       gtech           0.000000  u
S_82                      GTECH_NOT       gtech           0.000000  u
S_83                      GTECH_NOT       gtech           0.000000  u
S_84                      GTECH_NOT       gtech           0.000000  u
S_85                      GTECH_NOT       gtech           0.000000  u
S_86                      GTECH_NOT       gtech           0.000000  u
S_87                      GTECH_NOT       gtech           0.000000  u
S_88                      GTECH_NOT       gtech           0.000000  u
S_89                      GTECH_NOT       gtech           0.000000  u
S_90                      GTECH_NOT       gtech           0.000000  u
S_91                      GTECH_NOT       gtech           0.000000  u
S_92                      GTECH_NOT       gtech           0.000000  u
S_93                      GTECH_NOT       gtech           0.000000  u
S_94                      GTECH_NOT       gtech           0.000000  u
S_95                      GTECH_NOT       gtech           0.000000  u
S_96                      GTECH_NOT       gtech           0.000000  u
S_97                      GTECH_NOT       gtech           0.000000  u
S_98                      GTECH_AND2      gtech           0.000000  u
S_99                      GTECH_AND2      gtech           0.000000  u
S_100                     GTECH_AND2      gtech           0.000000  u
S_101                     GTECH_AND2      gtech           0.000000  u
S_102                     GTECH_AND2      gtech           0.000000  u
S_103                     GTECH_AND2      gtech           0.000000  u
S_104                     GTECH_AND2      gtech           0.000000  u
S_105                     GTECH_AND2      gtech           0.000000  u
S_106                     GTECH_AND2      gtech           0.000000  u
S_107                     GTECH_AND2      gtech           0.000000  u
S_108                     GTECH_AND2      gtech           0.000000  u
S_109                     GTECH_AND2      gtech           0.000000  u
S_110                     GTECH_AND2      gtech           0.000000  u
S_111                     GTECH_AND2      gtech           0.000000  u
S_112                     GTECH_AND2      gtech           0.000000  u
S_113                     GTECH_AND2      gtech           0.000000  u
S_114                     GTECH_AND2      gtech           0.000000  u
S_115                     GTECH_AND2      gtech           0.000000  u
S_116                     GTECH_AND2      gtech           0.000000  u
S_117                     GTECH_AND2      gtech           0.000000  u
S_118                     GTECH_AND2      gtech           0.000000  u
S_119                     GTECH_AND2      gtech           0.000000  u
S_120                     GTECH_AND2      gtech           0.000000  u
S_121                     GTECH_AND2      gtech           0.000000  u
S_122                     GTECH_AND2      gtech           0.000000  u
S_123                     GTECH_AND2      gtech           0.000000  u
S_124                     GTECH_AND2      gtech           0.000000  u
S_125                     GTECH_AND2      gtech           0.000000  u
S_126                     GTECH_AND2      gtech           0.000000  u
S_127                     GTECH_AND2      gtech           0.000000  u
S_128                     GTECH_AND2      gtech           0.000000  u
S_129                     GTECH_AND2      gtech           0.000000  u
S_130                     GTECH_OR2       gtech           0.000000  u
S_131                     GTECH_OR2       gtech           0.000000  u
S_132                     GTECH_OR2       gtech           0.000000  u
S_133                     GTECH_OR2       gtech           0.000000  u
S_134                     GTECH_OR2       gtech           0.000000  u
S_135                     GTECH_OR2       gtech           0.000000  u
S_136                     GTECH_OR2       gtech           0.000000  u
S_137                     GTECH_OR2       gtech           0.000000  u
S_138                     GTECH_OR2       gtech           0.000000  u
S_139                     GTECH_OR2       gtech           0.000000  u
S_140                     GTECH_OR2       gtech           0.000000  u
S_141                     GTECH_OR2       gtech           0.000000  u
S_142                     GTECH_OR2       gtech           0.000000  u
S_143                     GTECH_OR2       gtech           0.000000  u
S_144                     GTECH_OR2       gtech           0.000000  u
S_145                     GTECH_OR2       gtech           0.000000  u
S_146                     GTECH_OR2       gtech           0.000000  u
S_147                     GTECH_OR2       gtech           0.000000  u
S_148                     GTECH_OR2       gtech           0.000000  u
S_149                     GTECH_OR2       gtech           0.000000  u
S_150                     GTECH_OR2       gtech           0.000000  u
S_151                     GTECH_OR2       gtech           0.000000  u
S_152                     GTECH_OR2       gtech           0.000000  u
S_153                     GTECH_OR2       gtech           0.000000  u
S_154                     GTECH_OR2       gtech           0.000000  u
S_155                     GTECH_OR2       gtech           0.000000  u
S_156                     GTECH_OR2       gtech           0.000000  u
S_157                     GTECH_OR2       gtech           0.000000  u
S_158                     GTECH_OR2       gtech           0.000000  u
S_159                     GTECH_OR2       gtech           0.000000  u
S_160                     GTECH_OR2       gtech           0.000000  u
S_161                     GTECH_OR2       gtech           0.000000  u
S_162                     GTECH_XOR2      gtech           0.000000  u
S_163                     GTECH_XOR2      gtech           0.000000  u
S_164                     GTECH_XOR2      gtech           0.000000  u
S_165                     GTECH_XOR2      gtech           0.000000  u
S_166                     GTECH_XOR2      gtech           0.000000  u
S_167                     GTECH_XOR2      gtech           0.000000  u
S_168                     GTECH_XOR2      gtech           0.000000  u
S_169                     GTECH_XOR2      gtech           0.000000  u
S_170                     GTECH_XOR2      gtech           0.000000  u
S_171                     GTECH_XOR2      gtech           0.000000  u
S_172                     GTECH_XOR2      gtech           0.000000  u
S_173                     GTECH_XOR2      gtech           0.000000  u
S_174                     GTECH_XOR2      gtech           0.000000  u
S_175                     GTECH_XOR2      gtech           0.000000  u
S_176                     GTECH_XOR2      gtech           0.000000  u
S_177                     GTECH_XOR2      gtech           0.000000  u
S_178                     GTECH_XOR2      gtech           0.000000  u
S_179                     GTECH_XOR2      gtech           0.000000  u
S_180                     GTECH_XOR2      gtech           0.000000  u
S_181                     GTECH_XOR2      gtech           0.000000  u
S_182                     GTECH_XOR2      gtech           0.000000  u
S_183                     GTECH_XOR2      gtech           0.000000  u
S_184                     GTECH_XOR2      gtech           0.000000  u
S_185                     GTECH_XOR2      gtech           0.000000  u
S_186                     GTECH_XOR2      gtech           0.000000  u
S_187                     GTECH_XOR2      gtech           0.000000  u
S_188                     GTECH_XOR2      gtech           0.000000  u
S_189                     GTECH_XOR2      gtech           0.000000  u
S_190                     GTECH_XOR2      gtech           0.000000  u
S_191                     GTECH_XOR2      gtech           0.000000  u
S_192                     GTECH_XOR2      gtech           0.000000  u
S_193                     GTECH_XOR2      gtech           0.000000  u
S_194                     GTECH_AND2      gtech           0.000000  u
S_195                     GTECH_AND2      gtech           0.000000  u
S_196                     GTECH_AND2      gtech           0.000000  u
S_197                     GTECH_AND2      gtech           0.000000  u
S_198                     GTECH_AND2      gtech           0.000000  u
S_199                     GTECH_AND2      gtech           0.000000  u
S_200                     GTECH_AND2      gtech           0.000000  u
S_201                     GTECH_AND2      gtech           0.000000  u
S_202                     GTECH_AND2      gtech           0.000000  u
S_203                     GTECH_AND2      gtech           0.000000  u
S_204                     GTECH_AND2      gtech           0.000000  u
S_205                     GTECH_AND2      gtech           0.000000  u
S_206                     GTECH_AND2      gtech           0.000000  u
S_207                     GTECH_AND2      gtech           0.000000  u
S_208                     GTECH_AND2      gtech           0.000000  u
S_209                     GTECH_AND2      gtech           0.000000  u
S_210                     GTECH_AND2      gtech           0.000000  u
S_211                     GTECH_AND2      gtech           0.000000  u
S_212                     GTECH_AND2      gtech           0.000000  u
S_213                     GTECH_AND2      gtech           0.000000  u
S_214                     GTECH_AND2      gtech           0.000000  u
S_215                     GTECH_AND2      gtech           0.000000  u
S_216                     GTECH_AND2      gtech           0.000000  u
S_217                     GTECH_AND2      gtech           0.000000  u
S_218                     GTECH_AND2      gtech           0.000000  u
S_219                     GTECH_AND2      gtech           0.000000  u
S_220                     GTECH_AND2      gtech           0.000000  u
S_221                     GTECH_AND2      gtech           0.000000  u
S_222                     GTECH_AND2      gtech           0.000000  u
S_223                     GTECH_AND2      gtech           0.000000  u
S_224                     GTECH_AND2      gtech           0.000000  u
S_225                     GTECH_AND2      gtech           0.000000  u
S_226                     GTECH_AND2      gtech           0.000000  u
S_227                     GTECH_AND2      gtech           0.000000  u
S_228                     GTECH_AND2      gtech           0.000000  u
S_229                     GTECH_AND2      gtech           0.000000  u
S_230                     GTECH_AND2      gtech           0.000000  u
S_231                     GTECH_AND2      gtech           0.000000  u
S_232                     GTECH_AND2      gtech           0.000000  u
S_233                     GTECH_AND2      gtech           0.000000  u
S_234                     GTECH_AND2      gtech           0.000000  u
S_235                     GTECH_AND2      gtech           0.000000  u
S_236                     GTECH_AND2      gtech           0.000000  u
S_237                     GTECH_AND2      gtech           0.000000  u
S_238                     GTECH_AND2      gtech           0.000000  u
S_239                     GTECH_AND2      gtech           0.000000  u
S_240                     GTECH_AND2      gtech           0.000000  u
S_241                     GTECH_AND2      gtech           0.000000  u
S_242                     GTECH_AND2      gtech           0.000000  u
S_243                     GTECH_AND2      gtech           0.000000  u
S_244                     GTECH_AND2      gtech           0.000000  u
S_245                     GTECH_AND2      gtech           0.000000  u
S_246                     GTECH_AND2      gtech           0.000000  u
S_247                     GTECH_AND2      gtech           0.000000  u
S_248                     GTECH_AND2      gtech           0.000000  u
S_249                     GTECH_AND2      gtech           0.000000  u
S_250                     GTECH_AND2      gtech           0.000000  u
S_251                     GTECH_AND2      gtech           0.000000  u
S_252                     GTECH_AND2      gtech           0.000000  u
S_253                     GTECH_AND2      gtech           0.000000  u
S_254                     GTECH_AND2      gtech           0.000000  u
S_255                     GTECH_AND2      gtech           0.000000  u
S_256                     GTECH_AND2      gtech           0.000000  u
S_257                     GTECH_AND2      gtech           0.000000  u
S_258                     GTECH_AND2      gtech           0.000000  u
S_259                     GTECH_AND2      gtech           0.000000  u
S_260                     GTECH_AND2      gtech           0.000000  u
S_261                     GTECH_AND2      gtech           0.000000  u
S_262                     GTECH_AND2      gtech           0.000000  u
S_263                     GTECH_AND2      gtech           0.000000  u
S_264                     GTECH_AND2      gtech           0.000000  u
S_265                     GTECH_AND2      gtech           0.000000  u
S_266                     GTECH_AND2      gtech           0.000000  u
S_267                     GTECH_AND2      gtech           0.000000  u
S_268                     GTECH_AND2      gtech           0.000000  u
S_269                     GTECH_AND2      gtech           0.000000  u
S_270                     GTECH_AND2      gtech           0.000000  u
S_271                     GTECH_AND2      gtech           0.000000  u
S_272                     GTECH_AND2      gtech           0.000000  u
S_273                     GTECH_AND2      gtech           0.000000  u
S_274                     GTECH_AND2      gtech           0.000000  u
S_275                     GTECH_AND2      gtech           0.000000  u
S_276                     GTECH_AND2      gtech           0.000000  u
S_277                     GTECH_AND2      gtech           0.000000  u
S_278                     GTECH_AND2      gtech           0.000000  u
S_279                     GTECH_AND2      gtech           0.000000  u
S_280                     GTECH_AND2      gtech           0.000000  u
S_281                     GTECH_AND2      gtech           0.000000  u
S_282                     GTECH_AND2      gtech           0.000000  u
S_283                     GTECH_AND2      gtech           0.000000  u
S_284                     GTECH_AND2      gtech           0.000000  u
S_285                     GTECH_AND2      gtech           0.000000  u
S_286                     GTECH_AND2      gtech           0.000000  u
S_287                     GTECH_AND2      gtech           0.000000  u
S_288                     GTECH_AND2      gtech           0.000000  u
S_289                     GTECH_AND2      gtech           0.000000  u
S_290                     GTECH_OR2       gtech           0.000000  u
S_291                     GTECH_OR2       gtech           0.000000  u
S_292                     GTECH_OR2       gtech           0.000000  u
S_293                     GTECH_OR2       gtech           0.000000  u
S_294                     GTECH_OR2       gtech           0.000000  u
S_295                     GTECH_OR2       gtech           0.000000  u
S_296                     GTECH_OR2       gtech           0.000000  u
S_297                     GTECH_OR2       gtech           0.000000  u
S_298                     GTECH_OR2       gtech           0.000000  u
S_299                     GTECH_OR2       gtech           0.000000  u
S_300                     GTECH_OR2       gtech           0.000000  u
S_301                     GTECH_OR2       gtech           0.000000  u
S_302                     GTECH_OR2       gtech           0.000000  u
S_303                     GTECH_OR2       gtech           0.000000  u
S_304                     GTECH_OR2       gtech           0.000000  u
S_305                     GTECH_OR2       gtech           0.000000  u
S_306                     GTECH_OR2       gtech           0.000000  u
S_307                     GTECH_OR2       gtech           0.000000  u
S_308                     GTECH_OR2       gtech           0.000000  u
S_309                     GTECH_OR2       gtech           0.000000  u
S_310                     GTECH_OR2       gtech           0.000000  u
S_311                     GTECH_OR2       gtech           0.000000  u
S_312                     GTECH_OR2       gtech           0.000000  u
S_313                     GTECH_OR2       gtech           0.000000  u
S_314                     GTECH_OR2       gtech           0.000000  u
S_315                     GTECH_OR2       gtech           0.000000  u
S_316                     GTECH_OR2       gtech           0.000000  u
S_317                     GTECH_OR2       gtech           0.000000  u
S_318                     GTECH_OR2       gtech           0.000000  u
S_319                     GTECH_OR2       gtech           0.000000  u
S_320                     GTECH_OR2       gtech           0.000000  u
S_321                     GTECH_OR2       gtech           0.000000  u
S_322                     GTECH_OR2       gtech           0.000000  u
S_323                     GTECH_OR2       gtech           0.000000  u
S_324                     GTECH_OR2       gtech           0.000000  u
S_325                     GTECH_OR2       gtech           0.000000  u
S_326                     GTECH_OR2       gtech           0.000000  u
S_327                     GTECH_OR2       gtech           0.000000  u
S_328                     GTECH_OR2       gtech           0.000000  u
S_329                     GTECH_OR2       gtech           0.000000  u
S_330                     GTECH_OR2       gtech           0.000000  u
S_331                     GTECH_OR2       gtech           0.000000  u
S_332                     GTECH_OR2       gtech           0.000000  u
S_333                     GTECH_OR2       gtech           0.000000  u
S_334                     GTECH_OR2       gtech           0.000000  u
S_335                     GTECH_OR2       gtech           0.000000  u
S_336                     GTECH_OR2       gtech           0.000000  u
S_337                     GTECH_OR2       gtech           0.000000  u
S_338                     GTECH_OR2       gtech           0.000000  u
S_339                     GTECH_OR2       gtech           0.000000  u
S_340                     GTECH_OR2       gtech           0.000000  u
S_341                     GTECH_OR2       gtech           0.000000  u
S_342                     GTECH_OR2       gtech           0.000000  u
S_343                     GTECH_OR2       gtech           0.000000  u
S_344                     GTECH_OR2       gtech           0.000000  u
S_345                     GTECH_OR2       gtech           0.000000  u
S_346                     GTECH_OR2       gtech           0.000000  u
S_347                     GTECH_OR2       gtech           0.000000  u
S_348                     GTECH_OR2       gtech           0.000000  u
S_349                     GTECH_OR2       gtech           0.000000  u
S_350                     GTECH_OR2       gtech           0.000000  u
S_351                     GTECH_OR2       gtech           0.000000  u
S_352                     GTECH_OR2       gtech           0.000000  u
S_353                     GTECH_OR2       gtech           0.000000  u
S_354                     GTECH_OR2       gtech           0.000000  u
S_355                     GTECH_OR2       gtech           0.000000  u
S_356                     GTECH_OR2       gtech           0.000000  u
S_357                     GTECH_OR2       gtech           0.000000  u
S_358                     GTECH_OR2       gtech           0.000000  u
S_359                     GTECH_OR2       gtech           0.000000  u
S_360                     GTECH_OR2       gtech           0.000000  u
S_361                     GTECH_OR2       gtech           0.000000  u
S_362                     GTECH_OR2       gtech           0.000000  u
S_363                     GTECH_OR2       gtech           0.000000  u
S_364                     GTECH_OR2       gtech           0.000000  u
S_365                     GTECH_OR2       gtech           0.000000  u
S_366                     GTECH_OR2       gtech           0.000000  u
S_367                     GTECH_OR2       gtech           0.000000  u
S_368                     GTECH_OR2       gtech           0.000000  u
S_369                     GTECH_OR2       gtech           0.000000  u
S_370                     GTECH_OR2       gtech           0.000000  u
S_371                     GTECH_OR2       gtech           0.000000  u
S_372                     GTECH_OR2       gtech           0.000000  u
S_373                     GTECH_OR2       gtech           0.000000  u
S_374                     GTECH_OR2       gtech           0.000000  u
S_375                     GTECH_OR2       gtech           0.000000  u
S_376                     GTECH_OR2       gtech           0.000000  u
S_377                     GTECH_OR2       gtech           0.000000  u
S_378                     GTECH_OR2       gtech           0.000000  u
S_379                     GTECH_OR2       gtech           0.000000  u
S_380                     GTECH_OR2       gtech           0.000000  u
S_381                     GTECH_OR2       gtech           0.000000  u
S_382                     GTECH_OR2       gtech           0.000000  u
S_383                     GTECH_OR2       gtech           0.000000  u
S_384                     GTECH_OR2       gtech           0.000000  u
S_385                     GTECH_OR2       gtech           0.000000  u
S_386                     GTECH_XOR2      gtech           0.000000  u
S_387                     GTECH_XOR2      gtech           0.000000  u
S_388                     GTECH_XOR2      gtech           0.000000  u
S_389                     GTECH_XOR2      gtech           0.000000  u
S_390                     GTECH_XOR2      gtech           0.000000  u
S_391                     GTECH_XOR2      gtech           0.000000  u
S_392                     GTECH_XOR2      gtech           0.000000  u
S_393                     GTECH_XOR2      gtech           0.000000  u
S_394                     GTECH_XOR2      gtech           0.000000  u
S_395                     GTECH_XOR2      gtech           0.000000  u
S_396                     GTECH_XOR2      gtech           0.000000  u
S_397                     GTECH_XOR2      gtech           0.000000  u
S_398                     GTECH_XOR2      gtech           0.000000  u
S_399                     GTECH_XOR2      gtech           0.000000  u
S_400                     GTECH_XOR2      gtech           0.000000  u
S_401                     GTECH_XOR2      gtech           0.000000  u
S_402                     GTECH_XOR2      gtech           0.000000  u
S_403                     GTECH_XOR2      gtech           0.000000  u
S_404                     GTECH_XOR2      gtech           0.000000  u
S_405                     GTECH_XOR2      gtech           0.000000  u
S_406                     GTECH_XOR2      gtech           0.000000  u
S_407                     GTECH_XOR2      gtech           0.000000  u
S_408                     GTECH_XOR2      gtech           0.000000  u
S_409                     GTECH_XOR2      gtech           0.000000  u
S_410                     GTECH_XOR2      gtech           0.000000  u
S_411                     GTECH_XOR2      gtech           0.000000  u
S_412                     GTECH_XOR2      gtech           0.000000  u
S_413                     GTECH_XOR2      gtech           0.000000  u
S_414                     GTECH_XOR2      gtech           0.000000  u
S_415                     GTECH_XOR2      gtech           0.000000  u
S_416                     GTECH_XOR2      gtech           0.000000  u
S_417                     GTECH_XOR2      gtech           0.000000  u
S_418                     GTECH_XOR2      gtech           0.000000  u
S_419                     GTECH_XOR2      gtech           0.000000  u
S_420                     GTECH_XOR2      gtech           0.000000  u
S_421                     GTECH_XOR2      gtech           0.000000  u
S_422                     GTECH_XOR2      gtech           0.000000  u
S_423                     GTECH_XOR2      gtech           0.000000  u
S_424                     GTECH_XOR2      gtech           0.000000  u
S_425                     GTECH_XOR2      gtech           0.000000  u
S_426                     GTECH_XOR2      gtech           0.000000  u
S_427                     GTECH_XOR2      gtech           0.000000  u
S_428                     GTECH_XOR2      gtech           0.000000  u
S_429                     GTECH_XOR2      gtech           0.000000  u
S_430                     GTECH_XOR2      gtech           0.000000  u
S_431                     GTECH_XOR2      gtech           0.000000  u
S_432                     GTECH_XOR2      gtech           0.000000  u
S_433                     GTECH_XOR2      gtech           0.000000  u
S_434                     GTECH_XOR2      gtech           0.000000  u
S_435                     GTECH_XOR2      gtech           0.000000  u
S_436                     GTECH_XOR2      gtech           0.000000  u
S_437                     GTECH_XOR2      gtech           0.000000  u
S_438                     GTECH_XOR2      gtech           0.000000  u
S_439                     GTECH_XOR2      gtech           0.000000  u
S_440                     GTECH_XOR2      gtech           0.000000  u
S_441                     GTECH_XOR2      gtech           0.000000  u
S_442                     GTECH_XOR2      gtech           0.000000  u
S_443                     GTECH_XOR2      gtech           0.000000  u
S_444                     GTECH_XOR2      gtech           0.000000  u
S_445                     GTECH_XOR2      gtech           0.000000  u
S_446                     GTECH_XOR2      gtech           0.000000  u
S_447                     GTECH_XOR2      gtech           0.000000  u
S_448                     GTECH_XOR2      gtech           0.000000  u
S_449                     GTECH_XOR2      gtech           0.000000  u
S_450                     GTECH_XOR2      gtech           0.000000  u
S_451                     GTECH_XOR2      gtech           0.000000  u
S_452                     GTECH_XOR2      gtech           0.000000  u
S_453                     GTECH_XOR2      gtech           0.000000  u
S_454                     GTECH_XOR2      gtech           0.000000  u
S_455                     GTECH_XOR2      gtech           0.000000  u
S_456                     GTECH_XOR2      gtech           0.000000  u
S_457                     GTECH_XOR2      gtech           0.000000  u
S_458                     GTECH_XOR2      gtech           0.000000  u
S_459                     GTECH_XOR2      gtech           0.000000  u
S_460                     GTECH_XOR2      gtech           0.000000  u
S_461                     GTECH_XOR2      gtech           0.000000  u
S_462                     GTECH_XOR2      gtech           0.000000  u
S_463                     GTECH_XOR2      gtech           0.000000  u
S_464                     GTECH_XOR2      gtech           0.000000  u
S_465                     GTECH_XOR2      gtech           0.000000  u
S_466                     GTECH_XOR2      gtech           0.000000  u
S_467                     GTECH_XOR2      gtech           0.000000  u
S_468                     GTECH_XOR2      gtech           0.000000  u
S_469                     GTECH_XOR2      gtech           0.000000  u
S_470                     GTECH_XOR2      gtech           0.000000  u
S_471                     GTECH_XOR2      gtech           0.000000  u
S_472                     GTECH_XOR2      gtech           0.000000  u
S_473                     GTECH_XOR2      gtech           0.000000  u
S_474                     GTECH_XOR2      gtech           0.000000  u
S_475                     GTECH_XOR2      gtech           0.000000  u
S_476                     GTECH_XOR2      gtech           0.000000  u
S_477                     GTECH_XOR2      gtech           0.000000  u
S_478                     GTECH_XOR2      gtech           0.000000  u
S_479                     GTECH_XOR2      gtech           0.000000  u
S_480                     GTECH_XOR2      gtech           0.000000  u
S_481                     GTECH_XOR2      gtech           0.000000  u
S_482                     GTECH_NOT       gtech           0.000000  u
S_483                     GTECH_AND2      gtech           0.000000  u
S_484                     GTECH_BUF       gtech           0.000000  c, u
S_485                     GTECH_NOT       gtech           0.000000  c, u
S_487                     *SELECT_OP_2.1_2.1_1            0.000000  s, u
U12                       GTECH_NOT       gtech           0.000000  c, u
U13                       GTECH_BUF       gtech           0.000000  c, u
U26                       GTECH_NOT       gtech           0.000000  c, u
U27                       GTECH_BUF       gtech           0.000000  c, u
U40                       GTECH_NOT       gtech           0.000000  c, u
U41                       GTECH_BUF       gtech           0.000000  c, u
U54                       GTECH_NOT       gtech           0.000000  c, u
U55                       GTECH_BUF       gtech           0.000000  c, u
U82                       GTECH_NOT       gtech           0.000000  c, u
U83                       GTECH_AND_NOT   gtech           0.000000  c, u
U84                       GTECH_AND_NOT   gtech           0.000000  c, u
U85                       GTECH_AND_NOT   gtech           0.000000  c, u
U86                       GTECH_AND_NOT   gtech           0.000000  c, u
U87                       GTECH_AND_NOT   gtech           0.000000  c, u
U88                       GTECH_AND2      gtech           0.000000  c, u
U89                       GTECH_AND2      gtech           0.000000  c, u
U90                       GTECH_AND2      gtech           0.000000  c, u
U91                       GTECH_AND2      gtech           0.000000  c, u
U92                       GTECH_AND2      gtech           0.000000  c, u
U93                       GTECH_OR_NOT    gtech           0.000000  c, u
U94                       GTECH_OR_NOT    gtech           0.000000  c, u
U95                       GTECH_OR_NOT    gtech           0.000000  c, u
U96                       GTECH_OR_NOT    gtech           0.000000  c, u
U97                       GTECH_OR2       gtech           0.000000  c, u
U98                       GTECH_OR2       gtech           0.000000  c, u
U99                       GTECH_OR2       gtech           0.000000  c, u
U100                      GTECH_OR2       gtech           0.000000  c, u
U101                      GTECH_MUX2      gtech           0.000000  c, u
U102                      *SELECT_OP_3.32_3.1_32          0.000000  s, u
U103                      *SELECT_OP_1_1_1                0.000000  s, u
U139                      GTECH_NOT       gtech           0.000000  c, u
U140                      GTECH_AND_NOT   gtech           0.000000  c, u
U141                      GTECH_AND_NOT   gtech           0.000000  c, u
U142                      GTECH_AND_NOT   gtech           0.000000  c, u
U143                      GTECH_AND2      gtech           0.000000  c, u
U144                      GTECH_AND2      gtech           0.000000  c, u
U145                      GTECH_AND_NOT   gtech           0.000000  c, u
U146                      GTECH_AND2      gtech           0.000000  c, u
U147                      GTECH_AND2      gtech           0.000000  c, u
U148                      GTECH_AND_NOT   gtech           0.000000  c, u
U149                      GTECH_AND_NOT   gtech           0.000000  c, u
U150                      GTECH_AND2      gtech           0.000000  c, u
U151                      GTECH_AND2      gtech           0.000000  c, u
U152                      GTECH_AND_NOT   gtech           0.000000  c, u
U153                      GTECH_AND2      gtech           0.000000  c, u
U154                      GTECH_AND_NOT   gtech           0.000000  c, u
U155                      GTECH_AND_NOT   gtech           0.000000  c, u
U156                      GTECH_AND_NOT   gtech           0.000000  c, u
U157                      GTECH_AND2      gtech           0.000000  c, u
U158                      GTECH_AND2      gtech           0.000000  c, u
U159                      GTECH_AND_NOT   gtech           0.000000  c, u
U160                      GTECH_AND2      gtech           0.000000  c, u
U161                      GTECH_MUX2      gtech           0.000000  c, u
U162                      GTECH_MUX2      gtech           0.000000  c, u
U163                      *SELECT_OP_12.32_12.1_32        0.000000  s, u
U188                      GTECH_AND_NOT   gtech           0.000000  c, u
U189                      GTECH_AND_NOT   gtech           0.000000  c, u
U190                      GTECH_AND_NOT   gtech           0.000000  c, u
U191                      GTECH_AND2      gtech           0.000000  c, u
U192                      GTECH_AND2      gtech           0.000000  c, u
U193                      GTECH_AND_NOT   gtech           0.000000  c, u
U194                      GTECH_AND2      gtech           0.000000  c, u
U195                      GTECH_AND2      gtech           0.000000  c, u
U196                      GTECH_AND_NOT   gtech           0.000000  c, u
U197                      GTECH_AND_NOT   gtech           0.000000  c, u
U198                      GTECH_AND2      gtech           0.000000  c, u
U199                      GTECH_AND2      gtech           0.000000  c, u
U200                      GTECH_AND_NOT   gtech           0.000000  c, u
U201                      GTECH_AND2      gtech           0.000000  c, u
U202                      GTECH_NOT       gtech           0.000000  c, u
U203                      *SELECT_OP_8.8_8.1_8            0.000000  s, u
U213                      GTECH_NOT       gtech           0.000000  c, u
U214                      GTECH_BUF       gtech           0.000000  c, u
U250                      GTECH_NOT       gtech           0.000000  u
U282                      GTECH_NOT       gtech           0.000000  u
U314                      GTECH_NOT       gtech           0.000000  u
U346                      GTECH_NOT       gtech           0.000000  u
U378                      GTECH_NOT       gtech           0.000000  u
U379                      GTECH_NOT       gtech           0.000000  u
U380                      GTECH_NOT       gtech           0.000000  u
U381                      GTECH_NOT       gtech           0.000000  u
U382                      GTECH_NOT       gtech           0.000000  u
U383                      GTECH_NOT       gtech           0.000000  u
U384                      GTECH_NOT       gtech           0.000000  u
U385                      GTECH_NOT       gtech           0.000000  u
U386                      GTECH_NOT       gtech           0.000000  u
U387                      GTECH_NOT       gtech           0.000000  u
U388                      GTECH_NOT       gtech           0.000000  u
U389                      GTECH_NOT       gtech           0.000000  u
U390                      GTECH_NOT       gtech           0.000000  u
U391                      GTECH_NOT       gtech           0.000000  u
U392                      GTECH_NOT       gtech           0.000000  u
U393                      GTECH_NOT       gtech           0.000000  u
U394                      GTECH_NOT       gtech           0.000000  u
U395                      GTECH_NOT       gtech           0.000000  u
U396                      GTECH_NOT       gtech           0.000000  u
U397                      GTECH_NOT       gtech           0.000000  u
U398                      GTECH_NOT       gtech           0.000000  u
U399                      GTECH_NOT       gtech           0.000000  u
U400                      GTECH_NOT       gtech           0.000000  u
U401                      GTECH_NOT       gtech           0.000000  u
U402                      GTECH_NOT       gtech           0.000000  u
U403                      GTECH_NOT       gtech           0.000000  u
U404                      GTECH_NOT       gtech           0.000000  u
U405                      GTECH_NOT       gtech           0.000000  u
U406                      GTECH_NOT       gtech           0.000000  u
U407                      GTECH_NOT       gtech           0.000000  u
U408                      GTECH_NOT       gtech           0.000000  u
U409                      GTECH_NOT       gtech           0.000000  u
U410                      GTECH_NOT       gtech           0.000000  u
U411                      GTECH_NOT       gtech           0.000000  u
U412                      GTECH_NOT       gtech           0.000000  u
U413                      GTECH_NOT       gtech           0.000000  u
U414                      GTECH_NOT       gtech           0.000000  u
U415                      GTECH_NOT       gtech           0.000000  u
U416                      GTECH_NOT       gtech           0.000000  u
U417                      GTECH_NOT       gtech           0.000000  u
U418                      GTECH_NOT       gtech           0.000000  u
U419                      GTECH_NOT       gtech           0.000000  u
U420                      GTECH_NOT       gtech           0.000000  u
U421                      GTECH_NOT       gtech           0.000000  u
U422                      GTECH_NOT       gtech           0.000000  u
U423                      GTECH_NOT       gtech           0.000000  u
U424                      GTECH_NOT       gtech           0.000000  u
U425                      GTECH_NOT       gtech           0.000000  u
U426                      GTECH_NOT       gtech           0.000000  u
U427                      GTECH_NOT       gtech           0.000000  u
U428                      GTECH_NOT       gtech           0.000000  u
U429                      GTECH_NOT       gtech           0.000000  u
U430                      GTECH_NOT       gtech           0.000000  u
U431                      GTECH_NOT       gtech           0.000000  u
U432                      GTECH_NOT       gtech           0.000000  u
U433                      GTECH_NOT       gtech           0.000000  u
U434                      GTECH_NOT       gtech           0.000000  u
U435                      GTECH_NOT       gtech           0.000000  u
U436                      GTECH_NOT       gtech           0.000000  u
U437                      GTECH_NOT       gtech           0.000000  u
U438                      GTECH_NOT       gtech           0.000000  u
U439                      GTECH_NOT       gtech           0.000000  u
U440                      GTECH_NOT       gtech           0.000000  u
U441                      GTECH_NOT       gtech           0.000000  u
U442                      GTECH_NOT       gtech           0.000000  u
U443                      GTECH_NOT       gtech           0.000000  u
U444                      GTECH_NOT       gtech           0.000000  u
U445                      GTECH_NOT       gtech           0.000000  u
U446                      GTECH_NOT       gtech           0.000000  u
U447                      GTECH_NOT       gtech           0.000000  u
U448                      GTECH_NOT       gtech           0.000000  u
U449                      GTECH_NOT       gtech           0.000000  u
U450                      GTECH_NOT       gtech           0.000000  u
U451                      GTECH_NOT       gtech           0.000000  u
U452                      GTECH_NOT       gtech           0.000000  u
U453                      GTECH_NOT       gtech           0.000000  u
U454                      GTECH_NOT       gtech           0.000000  u
U455                      GTECH_NOT       gtech           0.000000  u
U456                      GTECH_NOT       gtech           0.000000  u
U457                      GTECH_NOT       gtech           0.000000  u
U458                      GTECH_NOT       gtech           0.000000  u
U459                      GTECH_NOT       gtech           0.000000  u
U460                      GTECH_NOT       gtech           0.000000  u
U461                      GTECH_NOT       gtech           0.000000  u
U462                      GTECH_NOT       gtech           0.000000  u
U463                      GTECH_NOT       gtech           0.000000  u
U464                      GTECH_NOT       gtech           0.000000  u
U465                      GTECH_NOT       gtech           0.000000  u
U466                      GTECH_NOT       gtech           0.000000  u
U467                      GTECH_NOT       gtech           0.000000  u
U468                      GTECH_NOT       gtech           0.000000  u
U469                      GTECH_NOT       gtech           0.000000  u
U470                      GTECH_NOT       gtech           0.000000  u
U471                      GTECH_NOT       gtech           0.000000  u
U472                      GTECH_NOT       gtech           0.000000  u
U473                      GTECH_NOT       gtech           0.000000  u
U474                      GTECH_NOT       gtech           0.000000  u
U475                      GTECH_NOT       gtech           0.000000  u
U476                      GTECH_NOT       gtech           0.000000  u
U477                      GTECH_NOT       gtech           0.000000  u
U478                      GTECH_NOT       gtech           0.000000  u
U479                      GTECH_NOT       gtech           0.000000  u
U480                      GTECH_NOT       gtech           0.000000  u
U481                      GTECH_NOT       gtech           0.000000  u
U482                      GTECH_NOT       gtech           0.000000  u
U483                      GTECH_NOT       gtech           0.000000  u
U484                      GTECH_NOT       gtech           0.000000  u
U485                      GTECH_NOT       gtech           0.000000  u
U486                      GTECH_NOT       gtech           0.000000  u
U487                      GTECH_NOT       gtech           0.000000  u
U488                      GTECH_NOT       gtech           0.000000  u
U489                      GTECH_NOT       gtech           0.000000  u
U490                      GTECH_NOT       gtech           0.000000  u
U491                      GTECH_NOT       gtech           0.000000  u
U492                      GTECH_NOT       gtech           0.000000  u
U493                      GTECH_NOT       gtech           0.000000  u
U494                      GTECH_NOT       gtech           0.000000  u
U495                      GTECH_NOT       gtech           0.000000  u
U496                      GTECH_NOT       gtech           0.000000  u
U497                      GTECH_NOT       gtech           0.000000  u
U498                      GTECH_NOT       gtech           0.000000  u
U499                      GTECH_NOT       gtech           0.000000  u
U500                      GTECH_NOT       gtech           0.000000  u
U501                      GTECH_NOT       gtech           0.000000  u
U502                      GTECH_NOT       gtech           0.000000  u
U503                      GTECH_NOT       gtech           0.000000  u
U504                      GTECH_NOT       gtech           0.000000  u
U505                      GTECH_NOT       gtech           0.000000  u
U506                      GTECH_NOT       gtech           0.000000  u
U507                      GTECH_NOT       gtech           0.000000  u
U508                      GTECH_NOT       gtech           0.000000  u
U509                      GTECH_NOT       gtech           0.000000  u
U510                      GTECH_NOT       gtech           0.000000  u
U511                      GTECH_NOT       gtech           0.000000  u
U512                      GTECH_NOT       gtech           0.000000  u
U513                      GTECH_NOT       gtech           0.000000  u
U514                      GTECH_NOT       gtech           0.000000  u
U515                      GTECH_NOT       gtech           0.000000  u
U516                      GTECH_NOT       gtech           0.000000  u
U517                      GTECH_NOT       gtech           0.000000  u
U518                      GTECH_NOT       gtech           0.000000  u
U519                      GTECH_NOT       gtech           0.000000  u
U520                      GTECH_NOT       gtech           0.000000  u
U521                      GTECH_NOT       gtech           0.000000  u
U522                      GTECH_NOT       gtech           0.000000  u
U523                      GTECH_NOT       gtech           0.000000  u
U524                      GTECH_NOT       gtech           0.000000  u
U525                      GTECH_NOT       gtech           0.000000  u
U526                      GTECH_NOT       gtech           0.000000  u
U527                      GTECH_NOT       gtech           0.000000  u
U528                      GTECH_NOT       gtech           0.000000  u
U529                      GTECH_NOT       gtech           0.000000  u
U530                      GTECH_NOT       gtech           0.000000  u
U531                      GTECH_NOT       gtech           0.000000  u
U532                      GTECH_NOT       gtech           0.000000  u
U533                      GTECH_NOT       gtech           0.000000  u
U534                      *GEN*37                         0.000000  u
U543                      *GEN*39                         0.000000  c, u
U546                      *GEN*41                         0.000000  c, u
iPRDATA_reg_0             **SEQGEN**                      0.000000  n, u
iPRDATA_reg_1             **SEQGEN**                      0.000000  n, u
iPRDATA_reg_2             **SEQGEN**                      0.000000  n, u
iPRDATA_reg_3             **SEQGEN**                      0.000000  n, u
iPRDATA_reg_4             **SEQGEN**                      0.000000  n, u
iPRDATA_reg_5             **SEQGEN**                      0.000000  n, u
iPRDATA_reg_6             **SEQGEN**                      0.000000  n, u
iPRDATA_reg_7             **SEQGEN**                      0.000000  n, u
iPRDATA_reg_8             **SEQGEN**                      0.000000  n, u
iPRDATA_reg_9             **SEQGEN**                      0.000000  n, u
iPRDATA_reg_10            **SEQGEN**                      0.000000  n, u
iPRDATA_reg_11            **SEQGEN**                      0.000000  n, u
iPRDATA_reg_12            **SEQGEN**                      0.000000  n, u
iPRDATA_reg_13            **SEQGEN**                      0.000000  n, u
iPRDATA_reg_14            **SEQGEN**                      0.000000  n, u
iPRDATA_reg_15            **SEQGEN**                      0.000000  n, u
iPRDATA_reg_16            **SEQGEN**                      0.000000  n, u
iPRDATA_reg_17            **SEQGEN**                      0.000000  n, u
iPRDATA_reg_18            **SEQGEN**                      0.000000  n, u
iPRDATA_reg_19            **SEQGEN**                      0.000000  n, u
iPRDATA_reg_20            **SEQGEN**                      0.000000  n, u
iPRDATA_reg_21            **SEQGEN**                      0.000000  n, u
iPRDATA_reg_22            **SEQGEN**                      0.000000  n, u
iPRDATA_reg_23            **SEQGEN**                      0.000000  n, u
iPRDATA_reg_24            **SEQGEN**                      0.000000  n, u
iPRDATA_reg_25            **SEQGEN**                      0.000000  n, u
iPRDATA_reg_26            **SEQGEN**                      0.000000  n, u
iPRDATA_reg_27            **SEQGEN**                      0.000000  n, u
iPRDATA_reg_28            **SEQGEN**                      0.000000  n, u
iPRDATA_reg_29            **SEQGEN**                      0.000000  n, u
iPRDATA_reg_30            **SEQGEN**                      0.000000  n, u
iPRDATA_reg_31            **SEQGEN**                      0.000000  n, u
u0RevAnd                  RevAnd_3_EgAPBSlave             0.000000  d, h, u
u1RevAnd                  RevAnd_2_EgAPBSlave             0.000000  d, h, u
u2RevAnd                  RevAnd_1_EgAPBSlave             0.000000  d, h, u
u3RevAnd                  RevAnd_0_EgAPBSlave             0.000000  d, h, u
--------------------------------------------------------------------------------
Total 879 cells                                           0.000000

****************
report_reference
****************

 
****************************************
Report : reference
Design : EgAPBSlave
Version: V-2003.12-SP1
Date   : Fri Jun 18 13:13:10 2004
****************************************

Attributes:
    b - black box (unknown)
   bo - allows boundary optimization
    d - dont_touch
   mo - map_only
    h - hierarchical
    n - noncombinational
    r - removable
    s - synthetic operator
    u - contains unmapped logic

Reference          Library       Unit Area   Count    Total Area   Attributes
-----------------------------------------------------------------------------
**SEQGEN**                        0.000000     160      0.000000  n, u
*GEN*37                           0.000000       1      0.000000  u
*GEN*39                           0.000000       1      0.000000  u
*GEN*41                           0.000000       1      0.000000  u
*SELECT_OP_1_1_1                  0.000000       1      0.000000  s, u
*SELECT_OP_2.1_2.1_1              0.000000       9      0.000000  s, u
*SELECT_OP_3.32_3.1_32            0.000000       1      0.000000  s, u
*SELECT_OP_8.8_8.1_8              0.000000       1      0.000000  s, u
*SELECT_OP_12.32_12.1_32          0.000000       1      0.000000  s, u
GTECH_AND2         gtech          0.000000     172      0.000000  u
GTECH_AND_NOT      gtech          0.000000      23      0.000000  u
GTECH_BUF          gtech          0.000000      14      0.000000  u
GTECH_MUX2         gtech          0.000000       3      0.000000  u
GTECH_NOT          gtech          0.000000     223      0.000000  u
GTECH_OR2          gtech          0.000000     132      0.000000  u
GTECH_OR_NOT       gtech          0.000000       4      0.000000  u
GTECH_XOR2         gtech          0.000000     128      0.000000  u
RevAnd_0_EgAPBSlave               0.000000       1      0.000000  d, h, u
RevAnd_1_EgAPBSlave               0.000000       1      0.000000  d, h, u
RevAnd_2_EgAPBSlave               0.000000       1      0.000000  d, h, u
RevAnd_3_EgAPBSlave               0.000000       1      0.000000  d, h, u
-----------------------------------------------------------------------------
Total 21 references                                     0.000000

****************
report_hierarchy
****************

 
****************************************
Report : hierarchy
Design : EgAPBSlave
Version: V-2003.12-SP1
Date   : Fri Jun 18 13:13:10 2004
****************************************

Information: This design contains unmapped logic. (RPT-7)

EgAPBSlave
    GTECH_AND2                  gtech
    GTECH_AND_NOT               gtech
    GTECH_BUF                   gtech
    GTECH_MUX2                  gtech
    GTECH_NOT                   gtech
    GTECH_OR2                   gtech
    GTECH_OR_NOT                gtech
    GTECH_XOR2                  gtech
    RevAnd_0_EgAPBSlave
        GTECH_AND2              gtech
    RevAnd_1_EgAPBSlave
        GTECH_AND2              gtech
    RevAnd_2_EgAPBSlave
        GTECH_AND2              gtech
    RevAnd_3_EgAPBSlave
        GTECH_AND2              gtech

***********
report_area
***********

Warning: Can't read link_library file 'cb18os120_generic_max.db'. (UID-3)
Warning: Can't read link_library file 'conditions_1.8v.db'. (UID-3)
Warning: Can't read link_library file 'cb18os120_generic_max.db'. (UID-3)
Warning: Can't read link_library file 'conditions_1.8v.db'. (UID-3)
 
****************************************
Report : area
Design : EgAPBSlave
Version: V-2003.12-SP1
Date   : Fri Jun 18 13:13:10 2004
****************************************

Library(s) Used:

    gtech (File: /edatools/synopsys/2003.12-SP1/libraries/syn/gtech.db)

Number of ports:               82
Number of nets:               987
Number of cells:              879
Number of references:          21

Combinational area:          0.000000
Noncombinational area:       0.000000
Net Interconnect area:      undefined  (No wire load specified)

Total cell area:             0.000000
Total area:                 undefined

Information: This design contains unmapped logic. (RPT-7)

