--------------------------------------------------------------------------------
Release  Trace 
Copyright (c) 1995-2006 Xilinx, Inc.  All rights reserved.

D:\Xilinx\bin\nt\trce.exe -ise
E:/ENCODER/USC_CONNECTION/USB_CONNECTION/USB_CONNECTION.ise -intstyle ise -e 3
-l 3 -s 10 -xml USB_20 USB_20.ncd -o USB_20.twr USB_20.pcf -ucf USB_20.ucf

Design file:              usb_20.ncd
Physical constraint file: usb_20.pcf
Device,speed:             xc4vlx200,-10 (PRODUCTION 1.60 2006-05-03, STEPPING level 1)
Report level:             error report

Environment Variable      Effect 
--------------------      ------ 
NONE                      No environment variables were set
--------------------------------------------------------------------------------

INFO:Timing:2698 - No timing constraints found, doing default enumeration.
INFO:Timing:2752 - To get complete path coverage, use the unconstrained paths 
   option. All paths that are not constrained will be reported in the 
   unconstrained paths section(s) of the report.



Data Sheet report:
-----------------
All values displayed in nanoseconds (ns)

Clock CLOCK_50 to Pad
---------------+------------+------------------+--------+
               | clk (edge) |                  | Clock  |
Destination    |   to PAD   |Internal Clock(s) | Phase  |
---------------+------------+------------------+--------+
USB_CHRGVBUS   |   13.275(R)|CLOCK_50_BUFGP    |   0.000|
USB_CLKOUT     |   11.895(R)|CLOCK_50_BUFGP    |   0.000|
USB_DATA<0>    |   12.155(R)|CLOCK_50_BUFGP    |   0.000|
USB_DATA<1>    |   12.112(R)|CLOCK_50_BUFGP    |   0.000|
USB_DATA<2>    |   12.088(R)|CLOCK_50_BUFGP    |   0.000|
USB_DATA<3>    |   12.262(R)|CLOCK_50_BUFGP    |   0.000|
USB_DATA<4>    |   11.918(R)|CLOCK_50_BUFGP    |   0.000|
USB_DATA<5>    |   11.908(R)|CLOCK_50_BUFGP    |   0.000|
USB_DATA<6>    |   11.883(R)|CLOCK_50_BUFGP    |   0.000|
USB_DATA<7>    |   12.060(R)|CLOCK_50_BUFGP    |   0.000|
USB_DISCHRGVBUS|   13.099(R)|CLOCK_50_BUFGP    |   0.000|
USB_DMPD       |   11.873(R)|CLOCK_50_BUFGP    |   0.000|
USB_DPPD       |   11.727(R)|CLOCK_50_BUFGP    |   0.000|
USB_HOSTDISC   |   11.724(R)|CLOCK_50_BUFGP    |   0.000|
USB_IDDIG      |   11.718(R)|CLOCK_50_BUFGP    |   0.000|
USB_IDPULLUP   |   11.695(R)|CLOCK_50_BUFGP    |   0.000|
USB_LS<0>      |   12.064(R)|CLOCK_50_BUFGP    |   0.000|
USB_LS<1>      |   12.115(R)|CLOCK_50_BUFGP    |   0.000|
USB_OPM<0>     |   12.098(R)|CLOCK_50_BUFGP    |   0.000|
USB_OPM<1>     |   12.308(R)|CLOCK_50_BUFGP    |   0.000|
USB_RESET      |   12.128(R)|CLOCK_50_BUFGP    |   0.000|
USB_RXACTIVE   |   12.600(R)|CLOCK_50_BUFGP    |   0.000|
USB_RXERROR    |   12.123(R)|CLOCK_50_BUFGP    |   0.000|
USB_RXVALID    |   12.731(R)|CLOCK_50_BUFGP    |   0.000|
USB_SESSEND    |   11.682(R)|CLOCK_50_BUFGP    |   0.000|
USB_SESSVALID  |   12.154(R)|CLOCK_50_BUFGP    |   0.000|
USB_TERM       |   12.112(R)|CLOCK_50_BUFGP    |   0.000|
USB_TXREADY    |   12.662(R)|CLOCK_50_BUFGP    |   0.000|
USB_TXVALID    |   12.570(R)|CLOCK_50_BUFGP    |   0.000|
USB_VBUSVALID  |   13.066(R)|CLOCK_50_BUFGP    |   0.000|
USB_XCVR0      |   11.881(R)|CLOCK_50_BUFGP    |   0.000|
USB_XCVR1      |   12.569(R)|CLOCK_50_BUFGP    |   0.000|
USB_nSUSPEND   |   12.119(R)|CLOCK_50_BUFGP    |   0.000|
---------------+------------+------------------+--------+

Clock to Setup on destination clock CLOCK_50
---------------+---------+---------+---------+---------+
               | Src:Rise| Src:Fall| Src:Rise| Src:Fall|
Source Clock   |Dest:Rise|Dest:Rise|Dest:Fall|Dest:Fall|
---------------+---------+---------+---------+---------+
CLOCK_50       |    2.024|         |         |         |
---------------+---------+---------+---------+---------+


Analysis completed Thu Dec 28 16:53:37 2006
--------------------------------------------------------------------------------

Trace Settings:
-------------------------
Trace Settings 

Peak Memory Usage: 388 MB



