BREAKDOWN OF BUNDLE LF054-BU-70303-r3p0-00rel0

This directory contains bundled deliverables from ARM. Bundled deliverables
are a way of grouping deliverables together for ease of use but which also
need to be identified separately for contractual reasons. This file shows
the breakdown of the bundled data into its constituent deliverables and
files.  It is provided mainly for information for delivery tracking, but
may be useful in the event of problems being found with particular files
and tracing the origin of the files for communication with ARM's support
group.

AT010-LA-05105-3A.06:

  ARM7TDMI/
  ARM7TDMI/layout/
  ARM7TDMI/layout/arm/
  ARM7TDMI/layout/arm/pfc/
  ARM7TDMI/layout/arm/pfc/ARM7TDMI_CL018G.pfc

AT010-LA-23105-3A.06:

  ARM7TDMI/
  ARM7TDMI/layout/
  ARM7TDMI/layout/synopsys/
  ARM7TDMI/layout/synopsys/libs/
  ARM7TDMI/layout/synopsys/libs/ARM7TDMI_CL018G_ff1_max.lib
  ARM7TDMI/layout/synopsys/libs/ARM7TDMI_CL018G_ff1_min.lib
  ARM7TDMI/layout/synopsys/libs/ARM7TDMI_CL018G_ff2_max.lib
  ARM7TDMI/layout/synopsys/libs/ARM7TDMI_CL018G_ff2_min.lib
  ARM7TDMI/layout/synopsys/libs/ARM7TDMI_CL018G_ss_max.lib
  ARM7TDMI/layout/synopsys/libs/ARM7TDMI_CL018G_ss_min.lib
  ARM7TDMI/layout/synopsys/libs/ARM7TDMI_CL018G_tt_max.lib
  ARM7TDMI/layout/synopsys/libs/ARM7TDMI_CL018G_tt_min.lib
  ARM7TDMI/layout/synopsys/libs/ARM7TDMI_CL018G_ff1_max.db
  ARM7TDMI/layout/synopsys/libs/ARM7TDMI_CL018G_ff1_min.db
  ARM7TDMI/layout/synopsys/libs/ARM7TDMI_CL018G_ff2_max.db
  ARM7TDMI/layout/synopsys/libs/ARM7TDMI_CL018G_ff2_min.db
  ARM7TDMI/layout/synopsys/libs/ARM7TDMI_CL018G_ss_max.db
  ARM7TDMI/layout/synopsys/libs/ARM7TDMI_CL018G_ss_min.db
  ARM7TDMI/layout/synopsys/libs/ARM7TDMI_CL018G_tt_max.db
  ARM7TDMI/layout/synopsys/libs/ARM7TDMI_CL018G_tt_min.db

AT010-LA-35105-3A.10:

  ARM7TDMI/
  ARM7TDMI/layout/
  ARM7TDMI/layout/cadence/
  ARM7TDMI/layout/cadence/lef/
  ARM7TDMI/layout/cadence/lef/ARM7TDMI.lef

AT010-LA-36105-3A.09:

  ARM7TDMI/
  ARM7TDMI/layout/
  ARM7TDMI/layout/synopsys/
  ARM7TDMI/layout/synopsys/fram/
  ARM7TDMI/layout/synopsys/fram/ARM7TDMI.tar.gz

AT010-LA-37105-3A.06:

  ARM7TDMI/
  ARM7TDMI/doc/
  ARM7TDMI/doc/performance_summary/
  ARM7TDMI/doc/performance_summary/LF054_ARM7TDMI_CL018G_summary.pdf

AT010-LA-41105-3A.06:

  ARM7TDMI/
  ARM7TDMI/layout/
  ARM7TDMI/layout/synopsys/
  ARM7TDMI/layout/synopsys/clf/
  ARM7TDMI/layout/synopsys/clf/ARM7TDMI_CL018G_ff1_max.clf
  ARM7TDMI/layout/synopsys/clf/ARM7TDMI_CL018G_ff1_min.clf
  ARM7TDMI/layout/synopsys/clf/ARM7TDMI_CL018G_ff2_max.clf
  ARM7TDMI/layout/synopsys/clf/ARM7TDMI_CL018G_ff2_min.clf
  ARM7TDMI/layout/synopsys/clf/ARM7TDMI_CL018G_ss_max.clf
  ARM7TDMI/layout/synopsys/clf/ARM7TDMI_CL018G_ss_min.clf
  ARM7TDMI/layout/synopsys/clf/ARM7TDMI_CL018G_tt_max.clf
  ARM7TDMI/layout/synopsys/clf/ARM7TDMI_CL018G_tt_min.clf

LF054-DC-70318-r3p0-00rel0:

  LF054_DS_RELEASE_NOTE.txt

