  Loading test protocol
  Loading design 'rc8051RtlTop'
  State of design is scan existing
  State of design is scan routed
  Post-DFT DRC enabled

Information: Starting test design rule checking. (TEST-222)
  ...basic checks...
  ...basic sequential cell checks...
  ...checking vector rules...
  ...checking clock rules...
  ...checking scan chain rules...
  ...checking X-state rules...
  ...checking tristate rules...
  ...extracting scan details...

-----------------------------------------------------------------
Begin Modeling violations...

Warning: Cell uBisted_SPSRAM256X8/WRAPPED_RAM_i0/SRAM_i0 (SPSRAM256X8) is unknown (black box) because functionality for output pin Q[7] is bad or incomplete. (TEST-451)

Modeling violations completed...
-----------------------------------------------------------------

-----------------------------------------------------------------
Begin Topology violations...

Warning: Three-state net uBisted_SPSRAM256X8/WRAPPED_RAM_i0/Q[7] is not properly driven. (TEST-115)
Information: There are 7 other nets with the same violation. (TEST-289)

Topology violations completed...
-----------------------------------------------------------------

-----------------------------------------------------------------
Begin Clock violations...

 Warning: Clock rst_p can capture new data on LS input G of DLAT U3_cpu/U1_datapath/U1_sfr/U27_int/latch_int_reg_0_. (C5-1)
         Source of violation: input RN of DFF U3_cpu/U1_datapath/U1_sfr/U_tcon/tcon_ie0_reg.
Information: There are 10 other cells with the same violation. (TEST-171)
 Warning: Clock clk can capture new data on TE input CK of DFF U3_cpu/xdat_en_reg. (C6-1)
         Source of violation: input CK of DFF U3_cpu/U0_con/extend_wr_reg.
Information: There is 1 other cell with the same violation. (TEST-173)
 Warning: rst_p clock path affected by new capture on LS input G of DLAT U3_cpu/U1_datapath/U1_sfr/U27_int/latch_int_reg_0_. (C8-1)
         Source of violation: input RN of DFF U3_cpu/U1_datapath/code_reg_4_.
Information: There are 10 other cells with the same violation. (TEST-171)
 Warning: Clock rst_p connects to LS clock/data inputs G/D of DLAT U3_cpu/U1_datapath/U1_sfr/U27_int/latch_int_reg_0_. (C11-1)
Information: There are 10 other cells with the same violation. (TEST-171)
 Warning: Clock clk is connected to primary output clkb. (C17-1)
 Warning: Clock rst_p used as data is different than capture clock clk for inputs CK/D of stable DFF (U3_cpu/U1_datapath/alu_r_reg_3_). (C26-1)
Information: There are 220 other cells with the same violation. (TEST-171)

Clock violations completed...
-----------------------------------------------------------------

-----------------------------------------------------------------
Begin tristate violations...

 Warning: Enable of bidi bus driver PB_p1_io_7 connected to scan cell gate (U3_cpu/U1_datapath/U1_sfr/U_port1/p1_out_reg_7_). (Z9-1)
Information: There are 7 other cells with the same violation. (TEST-171)

Tristate violations completed...
-----------------------------------------------------------------

-----------------------------------------------------------------
Begin Other violations...

Warning: Cell U3_cpu/U1_datapath/U3_alu/U9_DW_mult_pipe/clk_r_REG64_S1 has constant 0 value. (TEST-504)
Information: There are 2 other cells with the same violation. (TEST-171)

Other violations completed...
-----------------------------------------------------------------

-----------------------------------------------------------------
  DRC Report

  Total violations: 277

-----------------------------------------------------------------

1 MODELING VIOLATION
     1 Cell has unknown model violation (TEST-451)

8 TOPOLOGY VIOLATIONS
     8 Improperly driven three-state net violations (TEST-115)

257 CLOCK VIOLATIONS
    11 Level sensitive port captured data affected by new capture violations (C5)
     2 Trailing edge port captured data affected by new capture violations (C6)
    11 Level sensitive port clock path affected by new capture violations (C8)
    11 Level sensitive port captured data affected by clock violations (C11)
     1 Clock connected to primary output violation (C17)
   221 Clock as data different from capture clock for stable cell violations (C26)

8 TRISTATE VIOLATIONS
     8 Bidi bus driver enable affected by scan cell violations (Z9)

3 OTHER VIOLATIONS
     3 Cell is constant 0 violations (TEST-504)


Warning: Violations occurred during test design rule checking. (TEST-124)

-----------------------------------------------------------------
  Sequential Cell Report

  16 out of 560 sequential cells have violations

-----------------------------------------------------------------

SEQUENTIAL CELLS WITH VIOLATIONS
      *   3 cells have constant 0 value
      *  13 cells have capture violations
SEQUENTIAL CELLS WITHOUT VIOLATIONS
      * 544 cells are valid scan cells

Information: Test design rule checking completed. (TEST-123)
  Running test coverage estimation...
 44514 faults were added to fault list.
 ATPG performed for stuck fault model using internal pattern source.
 ----------------------------------------------------------
 #patterns     #faults     #ATPG faults  test      process
 stored     detect/active  red/au/abort  coverage  CPU time
 ---------  -------------  ------------  --------  --------
 Begin deterministic ATPG: #uncollapsed_faults=34909, abort_limit=10...
 0           18881  16028         0/0/0    58.19%      0.29
 0            3542  12471         0/4/2    66.56%      0.49
 0            2539   9925         4/6/5    72.53%      0.68
 0            1711   8208         7/7/6    76.52%      0.86
 0             971   7233         9/9/9    78.85%      1.03
 0             840   6383      13/11/11    80.77%      1.21
 0             646   5729      15/17/15    82.30%      1.40
 0             517   5024     19/133/20    83.55%      1.62
 0             425   4579     25/137/23    84.58%      1.81
 0             411   4146     27/141/29    85.55%      2.02
 Warning: 1 patterns rejected due to 1 bidi postclock contentions (ID=4909, pat1=14). (M181)
 0             303   3830     33/142/31    86.29%      2.18
 Warning: 1 patterns rejected due to 1 bus postclock contentions (ID=4898, pat1=13). (M181)
 0             339   3477     40/144/34    87.10%      2.46
 0             288   3181     44/146/40    87.80%      2.66
 Warning: 1 patterns rejected due to 1 bidi postclock contentions (ID=4876, pat1=11). (M181)
 0             256   2911     49/150/45    88.42%      2.87
 0             277   2620     56/152/45    89.10%      3.03
 0             201   2399     64/155/52    89.60%      3.27
 0             116   2239     74/167/56    89.91%      3.56
 0             134   2040     99/175/63    90.33%      4.05
 0             102   1909    111/177/69    90.62%      4.28
 0             165   1718    121/180/76    91.05%      4.59
 0             139   1562    129/183/86    91.41%      4.86
 0             126   1269   179/188/107    92.04%      5.29
 0              78   1130   197/199/112    92.30%      5.73
 0             106    892   234/237/128    92.66%      7.00
 0              65    811   240/241/137    92.83%      7.29
 0              83    681   262/247/143    93.09%      7.64
 Warning: 1 patterns rejected due to 1 bus postclock contentions (ID=4865, pat1=22). (M181)
 Warning: 1 patterns rejected due to 1 bidi postclock contentions (ID=4887, pat1=28). (M181)
 0              85    567   268/260/148    93.31%      7.95
 Warning: 1 patterns rejected due to 1 bus postclock contentions (ID=4844, pat1=19). (M181)
 0              74    470   278/268/161    93.51%      8.28
 Warning: 1 patterns rejected due to 1 bidi postclock contentions (ID=4833, pat1=1). (M181)
 0              44    410   291/270/167    93.65%      8.46
 0              48    350   296/274/172    93.78%      8.69
 0               4    329   296/281/173    93.79%      8.80
 
            Pattern Summary Report
 -----------------------------------------------
 #internal patterns                           0
 -----------------------------------------------

     Uncollapsed Stuck Fault Summary Report
 -----------------------------------------------
 fault class                     code   #faults
 ------------------------------  ----  ---------
 Detected                         DT      39223
 Possibly detected                PT        107
 Undetectable                     UD       2635
 ATPG untestable                  AU       2278
 Not detected                     ND        271
 -----------------------------------------------
 total faults                             44514
 test coverage                            93.79%
 -----------------------------------------------
  Information: The test coverage above may be inferior
               than the real test coverage with customized
               protocol and test simulation library.
1
