 
****************************************
Report : test
          -scan_path
Design : rc8051RtlTop
Version: V-2004.06-SP2
Date   : Fri Jul  1 13:43:30 2005
****************************************

  (*) indicates change of polarity in scan data
  (c) indicates cell is scan controllable only
  (o) indicates cell is scan observable only
  (x) indicates cell cannot capture

Complete scan chain #1 (rom_data_i[0] --> rom_adr_o[0]) contains 37 cells:

  rom_data_i[0]	->
  U3_cpu/U0_con/extend_mux_reg	->
  U3_cpu/U0_con/extend_rd_reg	->
  U3_cpu/U0_con/extend_wr_reg	->
  U3_cpu/U0_con/itcnt_reg_0_	->
  U3_cpu/U0_con/itcnt_reg_1_	->
  U3_cpu/U0_con/itcnt_reg_2_	->
  U3_cpu/U0_con/one_shot_en_int/d_del_reg	->
  U3_cpu/U0_con/t_2_reg_0_	->
  U3_cpu/U0_con/t_2_reg_1_	->
  U3_cpu/U0_con/t_2_reg_2_	->
  U3_cpu/U0_con/t_2_reg_3_	->
  U3_cpu/U0_con/timing_cnt_reg_0_	->
  U3_cpu/U0_con/timing_cnt_reg_1_	->
  U3_cpu/U0_con/timing_cnt_reg_2_	->
  U3_cpu/U0_con/timing_cnt_reg_3_	->
  U3_cpu/U1_datapath/U0_pc/out_pc_r_reg_0_	->
  U3_cpu/U1_datapath/U0_pc/out_pc_r_reg_1_	->
  U3_cpu/U1_datapath/U0_pc/out_pc_r_reg_2_	->
  U3_cpu/U1_datapath/U0_pc/out_pc_r_reg_3_	->
  U3_cpu/U1_datapath/U0_pc/out_pc_r_reg_4_	->
  U3_cpu/U1_datapath/U0_pc/out_pc_r_reg_5_	->
  U3_cpu/U1_datapath/U0_pc/out_pc_r_reg_6_	->
  U3_cpu/U1_datapath/U0_pc/out_pc_r_reg_7_	->
  U3_cpu/U1_datapath/U0_pc/out_pc_r_reg_8_	->
  U3_cpu/U1_datapath/U0_pc/out_pc_r_reg_9_	->
  U3_cpu/U1_datapath/U0_pc/out_pc_r_reg_10_	->
  U3_cpu/U1_datapath/U0_pc/out_pc_r_reg_11_	->
  U3_cpu/U1_datapath/U0_pc/out_pc_r_reg_12_	->
  U3_cpu/U1_datapath/U0_pc/out_pc_r_reg_13_	->
  U3_cpu/U1_datapath/U0_pc/out_pc_r_reg_14_	->
  U3_cpu/U1_datapath/U0_pc/out_pc_r_reg_15_	->
  U3_cpu/U1_datapath/U1_sfr/U0_sp/out_sp_reg_0_	->
  U3_cpu/U1_datapath/U1_sfr/U0_sp/out_sp_reg_1_	->
  U3_cpu/U1_datapath/U1_sfr/U0_sp/out_sp_reg_2_	->
  U3_cpu/U1_datapath/U1_sfr/U0_sp/out_sp_reg_3_	->
  U3_cpu/U1_datapath/U1_sfr/U0_sp/out_sp_reg_4_	->
  U3_cpu/U1_datapath/U1_sfr/U0_sp/out_sp_reg_5_	->
  rom_adr_o[0]

Complete scan chain #2 (rom_data_i[1] --> rom_adr_o[1]) contains 2 cells:

  rom_data_i[1]	->
  U3_cpu/ale_reg	->
  U3_cpu/xdat_en_reg	->
  rom_adr_o[1]

Complete scan chain #3 (rom_data_i[2] --> rom_adr_o[2]) contains 37 cells:

  rom_data_i[2]	->
  U3_cpu/U1_datapath/U1_sfr/U0_sp/out_sp_reg_6_	->
  U3_cpu/U1_datapath/U1_sfr/U0_sp/out_sp_reg_7_	->
  U3_cpu/U1_datapath/U1_sfr/U1_dimod/out_dimod_reg_0_	->
  U3_cpu/U1_datapath/U1_sfr/U1_dimod/out_dimod_reg_1_	->
  U3_cpu/U1_datapath/U1_sfr/U1_dimod/out_dimod_reg_2_	->
  U3_cpu/U1_datapath/U1_sfr/U1_dimod/out_dimod_reg_3_	->
  U3_cpu/U1_datapath/U1_sfr/U1_dimod/out_dimod_reg_4_	->
  U3_cpu/U1_datapath/U1_sfr/U1_dimod/out_dimod_reg_5_	->
  U3_cpu/U1_datapath/U1_sfr/U1_dimod/out_dimod_reg_6_	->
  U3_cpu/U1_datapath/U1_sfr/U1_dimod/out_dimod_reg_7_	->
  U3_cpu/U1_datapath/U1_sfr/U1_dptr/out_dptr_reg_0_	->
  U3_cpu/U1_datapath/U1_sfr/U1_dptr/out_dptr_reg_1_	->
  U3_cpu/U1_datapath/U1_sfr/U1_dptr/out_dptr_reg_2_	->
  U3_cpu/U1_datapath/U1_sfr/U1_dptr/out_dptr_reg_3_	->
  U3_cpu/U1_datapath/U1_sfr/U1_dptr/out_dptr_reg_4_	->
  U3_cpu/U1_datapath/U1_sfr/U1_dptr/out_dptr_reg_5_	->
  U3_cpu/U1_datapath/U1_sfr/U1_dptr/out_dptr_reg_6_	->
  U3_cpu/U1_datapath/U1_sfr/U1_dptr/out_dptr_reg_7_	->
  U3_cpu/U1_datapath/U1_sfr/U1_dptr/out_dptr_reg_8_	->
  U3_cpu/U1_datapath/U1_sfr/U1_dptr/out_dptr_reg_9_	->
  U3_cpu/U1_datapath/U1_sfr/U1_dptr/out_dptr_reg_10_	->
  U3_cpu/U1_datapath/U1_sfr/U1_dptr/out_dptr_reg_11_	->
  U3_cpu/U1_datapath/U1_sfr/U1_dptr/out_dptr_reg_12_	->
  U3_cpu/U1_datapath/U1_sfr/U1_dptr/out_dptr_reg_13_	->
  U3_cpu/U1_datapath/U1_sfr/U1_dptr/out_dptr_reg_14_	->
  U3_cpu/U1_datapath/U1_sfr/U1_dptr/out_dptr_reg_15_	->
  U3_cpu/U1_datapath/U1_sfr/U2_acc/out_acc_r_reg_0_	->
  U3_cpu/U1_datapath/U1_sfr/U2_acc/out_acc_r_reg_1_	->
  U3_cpu/U1_datapath/U1_sfr/U2_acc/out_acc_r_reg_2_	->
  U3_cpu/U1_datapath/U1_sfr/U2_acc/out_acc_r_reg_3_	->
  U3_cpu/U1_datapath/U1_sfr/U2_acc/out_acc_r_reg_4_	->
  U3_cpu/U1_datapath/U1_sfr/U2_acc/out_acc_r_reg_5_	->
  U3_cpu/U1_datapath/U1_sfr/U2_acc/out_acc_r_reg_6_	->
  U3_cpu/U1_datapath/U1_sfr/U2_acc/out_acc_r_reg_7_	->
  U3_cpu/U1_datapath/U1_sfr/U3_psw/out_psw_reg_1_	->
  U3_cpu/U1_datapath/U1_sfr/U3_psw/out_psw_reg_2_	->
  U3_cpu/U1_datapath/U1_sfr/U3_psw/out_psw_reg_3_	->
  rom_adr_o[2]

Complete scan chain #4 (rom_data_i[3] --> rom_adr_o[3]) contains 37 cells:

  rom_data_i[3]	->
  U3_cpu/U1_datapath/U1_sfr/U3_psw/out_psw_reg_4_	->
  U3_cpu/U1_datapath/U1_sfr/U3_psw/out_psw_reg_5_	->
  U3_cpu/U1_datapath/U1_sfr/U3_psw/out_psw_reg_6_	->
  U3_cpu/U1_datapath/U1_sfr/U3_psw/out_psw_reg_7_	->
  U3_cpu/U1_datapath/U1_sfr/U4_b/out_b_reg_0_	->
  U3_cpu/U1_datapath/U1_sfr/U4_b/out_b_reg_1_	->
  U3_cpu/U1_datapath/U1_sfr/U4_b/out_b_reg_2_	->
  U3_cpu/U1_datapath/U1_sfr/U4_b/out_b_reg_3_	->
  U3_cpu/U1_datapath/U1_sfr/U4_b/out_b_reg_4_	->
  U3_cpu/U1_datapath/U1_sfr/U4_b/out_b_reg_5_	->
  U3_cpu/U1_datapath/U1_sfr/U4_b/out_b_reg_6_	->
  U3_cpu/U1_datapath/U1_sfr/U4_b/out_b_reg_7_	->
  U3_cpu/U1_datapath/U1_sfr/U12_u_tc/div12_reg_0_	->
  U3_cpu/U1_datapath/U1_sfr/U12_u_tc/div12_reg_1_	->
  U3_cpu/U1_datapath/U1_sfr/U12_u_tc/div12_reg_2_	->
  U3_cpu/U1_datapath/U1_sfr/U12_u_tc/div12_reg_3_	->
  U3_cpu/U1_datapath/U1_sfr/U12_u_tc/shift12_reg	->
  U3_cpu/U1_datapath/U1_sfr/U12_u_tc/t0_pin_r_reg	->
  U3_cpu/U1_datapath/U1_sfr/U12_u_tc/t1_pin_r_reg	->
  U3_cpu/U1_datapath/U1_sfr/U12_u_tc/tf0_reg	->
  U3_cpu/U1_datapath/U1_sfr/U12_u_tc/tf1_0_reg	->
  U3_cpu/U1_datapath/U1_sfr/U12_u_tc/tf1_1_reg	->
  U3_cpu/U1_datapath/U1_sfr/U12_u_tc/th0_reg_0_	->
  U3_cpu/U1_datapath/U1_sfr/U12_u_tc/th0_reg_1_	->
  U3_cpu/U1_datapath/U1_sfr/U12_u_tc/th0_reg_2_	->
  U3_cpu/U1_datapath/U1_sfr/U12_u_tc/th0_reg_3_	->
  U3_cpu/U1_datapath/U1_sfr/U12_u_tc/th0_reg_4_	->
  U3_cpu/U1_datapath/U1_sfr/U12_u_tc/th0_reg_5_	->
  U3_cpu/U1_datapath/U1_sfr/U12_u_tc/th0_reg_6_	->
  U3_cpu/U1_datapath/U1_sfr/U12_u_tc/th0_reg_7_	->
  U3_cpu/U1_datapath/U1_sfr/U12_u_tc/th1_reg_0_	->
  U3_cpu/U1_datapath/U1_sfr/U12_u_tc/th1_reg_1_	->
  U3_cpu/U1_datapath/U1_sfr/U12_u_tc/th1_reg_2_	->
  U3_cpu/U1_datapath/U1_sfr/U12_u_tc/th1_reg_3_	->
  U3_cpu/U1_datapath/U1_sfr/U12_u_tc/th1_reg_4_	->
  U3_cpu/U1_datapath/U1_sfr/U12_u_tc/th1_reg_5_	->
  U3_cpu/U1_datapath/U1_sfr/U12_u_tc/th1_reg_6_	->
  rom_adr_o[3]

Complete scan chain #5 (rom_data_i[4] --> rom_adr_o[4]) contains 37 cells:

  rom_data_i[4]	->
  U3_cpu/U1_datapath/U1_sfr/U12_u_tc/th1_reg_7_	->
  U3_cpu/U1_datapath/U1_sfr/U12_u_tc/tl0_reg_0_	->
  U3_cpu/U1_datapath/U1_sfr/U12_u_tc/tl0_reg_1_	->
  U3_cpu/U1_datapath/U1_sfr/U12_u_tc/tl0_reg_2_	->
  U3_cpu/U1_datapath/U1_sfr/U12_u_tc/tl0_reg_3_	->
  U3_cpu/U1_datapath/U1_sfr/U12_u_tc/tl0_reg_4_	->
  U3_cpu/U1_datapath/U1_sfr/U12_u_tc/tl0_reg_5_	->
  U3_cpu/U1_datapath/U1_sfr/U12_u_tc/tl0_reg_6_	->
  U3_cpu/U1_datapath/U1_sfr/U12_u_tc/tl0_reg_7_	->
  U3_cpu/U1_datapath/U1_sfr/U12_u_tc/tl1_reg_0_	->
  U3_cpu/U1_datapath/U1_sfr/U12_u_tc/tl1_reg_1_	->
  U3_cpu/U1_datapath/U1_sfr/U12_u_tc/tl1_reg_2_	->
  U3_cpu/U1_datapath/U1_sfr/U12_u_tc/tl1_reg_3_	->
  U3_cpu/U1_datapath/U1_sfr/U12_u_tc/tl1_reg_4_	->
  U3_cpu/U1_datapath/U1_sfr/U12_u_tc/tl1_reg_5_	->
  U3_cpu/U1_datapath/U1_sfr/U12_u_tc/tl1_reg_6_	->
  U3_cpu/U1_datapath/U1_sfr/U12_u_tc/tl1_reg_7_	->
  U3_cpu/U1_datapath/U1_sfr/U27_int/prio/int_dept_reg_0_	->
  U3_cpu/U1_datapath/U1_sfr/U27_int/prio/int_dept_reg_1_	->
  U3_cpu/U1_datapath/U1_sfr/U27_int/prio/int_lev_reg	->
  U3_cpu/U1_datapath/U1_sfr/U27_int/prio/int_lev_reg0	->
  U3_cpu/U1_datapath/U1_sfr/U27_int/prio/int_proc_reg	->
  U3_cpu/U1_datapath/U1_sfr/U27_int/prio/int_vec_reg_0_	->
  U3_cpu/U1_datapath/U1_sfr/U27_int/prio/int_vec_reg_1_	->
  U3_cpu/U1_datapath/U1_sfr/U27_int/prio/int_vec_reg_2_	->
  U3_cpu/U1_datapath/U1_sfr/U27_int/prio/isrc_reg	->
  U3_cpu/U1_datapath/U1_sfr/U27_int/prio/isrc_reg0	->
  U3_cpu/U1_datapath/U1_sfr/U27_int/prio/isrc_reg1	->
  U3_cpu/U1_datapath/U1_sfr/U27_int/prio/isrc_reg2	->
  U3_cpu/U1_datapath/U1_sfr/U27_int/prio/isrc_reg3	->
  U3_cpu/U1_datapath/U1_sfr/U27_int/prio/isrc_reg4	->
  U3_cpu/U1_datapath/U1_sfr/U27_int/prio/one_shot_reti/d_del_reg	->
  U3_cpu/U1_datapath/U1_sfr/U27_int/smpl0/tmp1_reg	->
  U3_cpu/U1_datapath/U1_sfr/U27_int/smpl0/tmp_reg	->
  U3_cpu/U1_datapath/U1_sfr/U27_int/smpl1/tmp1_reg	->
  U3_cpu/U1_datapath/U1_sfr/U27_int/smpl1/tmp_reg	->
  U3_cpu/U1_datapath/U1_sfr/U_ie/out_ie_reg_0_	->
  rom_adr_o[4]

Complete scan chain #6 (rom_data_i[5] --> rom_adr_o[5]) contains 36 cells:

  rom_data_i[5]	->
  U3_cpu/U1_datapath/U1_sfr/U_ie/out_ie_reg_1_	->
  U3_cpu/U1_datapath/U1_sfr/U_ie/out_ie_reg_2_	->
  U3_cpu/U1_datapath/U1_sfr/U_ie/out_ie_reg_3_	->
  U3_cpu/U1_datapath/U1_sfr/U_ie/out_ie_reg_4_	->
  U3_cpu/U1_datapath/U1_sfr/U_ie/out_ie_reg_5_	->
  U3_cpu/U1_datapath/U1_sfr/U_ie/out_ie_reg_6_	->
  U3_cpu/U1_datapath/U1_sfr/U_ie/out_ie_reg_7_	->
  U3_cpu/U1_datapath/U1_sfr/U_ip/out_ip_reg_0_	->
  U3_cpu/U1_datapath/U1_sfr/U_ip/out_ip_reg_1_	->
  U3_cpu/U1_datapath/U1_sfr/U_ip/out_ip_reg_2_	->
  U3_cpu/U1_datapath/U1_sfr/U_ip/out_ip_reg_3_	->
  U3_cpu/U1_datapath/U1_sfr/U_ip/out_ip_reg_4_	->
  U3_cpu/U1_datapath/U1_sfr/U_ip/out_ip_reg_5_	->
  U3_cpu/U1_datapath/U1_sfr/U_ip/out_ip_reg_6_	->
  U3_cpu/U1_datapath/U1_sfr/U_ip/out_ip_reg_7_	->
  U3_cpu/U1_datapath/U1_sfr/U_port0/p0_out_reg_0_	->
  U3_cpu/U1_datapath/U1_sfr/U_port0/p0_out_reg_1_	->
  U3_cpu/U1_datapath/U1_sfr/U_port0/p0_out_reg_2_	->
  U3_cpu/U1_datapath/U1_sfr/U_port0/p0_out_reg_3_	->
  U3_cpu/U1_datapath/U1_sfr/U_port0/p0_out_reg_4_	->
  U3_cpu/U1_datapath/U1_sfr/U_port0/p0_out_reg_5_	->
  U3_cpu/U1_datapath/U1_sfr/U_port0/p0_out_reg_6_	->
  U3_cpu/U1_datapath/U1_sfr/U_port0/p0_out_reg_7_	->
  U3_cpu/U1_datapath/U1_sfr/U_port1/p1_out_reg_0_	->
  U3_cpu/U1_datapath/U1_sfr/U_port1/p1_out_reg_1_	->
  U3_cpu/U1_datapath/U1_sfr/U_port1/p1_out_reg_2_	->
  U3_cpu/U1_datapath/U1_sfr/U_port1/p1_out_reg_3_	->
  U3_cpu/U1_datapath/U1_sfr/U_port1/p1_out_reg_4_	->
  U3_cpu/U1_datapath/U1_sfr/U_port1/p1_out_reg_5_	->
  U3_cpu/U1_datapath/U1_sfr/U_port1/p1_out_reg_6_	->
  U3_cpu/U1_datapath/U1_sfr/U_port1/p1_out_reg_7_	->
  U3_cpu/U1_datapath/U1_sfr/U_port2/p2_out_reg_0_	->
  U3_cpu/U1_datapath/U1_sfr/U_port2/p2_out_reg_1_	->
  U3_cpu/U1_datapath/U1_sfr/U_port2/p2_out_reg_2_	->
  U3_cpu/U1_datapath/U1_sfr/U_port2/p2_out_reg_3_	->
  U3_cpu/U1_datapath/U1_sfr/U_port2/p2_out_reg_4_	->
  rom_adr_o[5]

Complete scan chain #7 (rom_data_i[6] --> rom_adr_o[6]) contains 36 cells:

  rom_data_i[6]	->
  U3_cpu/U1_datapath/U1_sfr/U_port2/p2_out_reg_5_	->
  U3_cpu/U1_datapath/U1_sfr/U_port2/p2_out_reg_6_	->
  U3_cpu/U1_datapath/U1_sfr/U_port2/p2_out_reg_7_	->
  U3_cpu/U1_datapath/U1_sfr/U_port3/p3_out_reg_0_	->
  U3_cpu/U1_datapath/U1_sfr/U_port3/p3_out_reg_1_	->
  U3_cpu/U1_datapath/U1_sfr/U_port3/p3_out_reg_2_	->
  U3_cpu/U1_datapath/U1_sfr/U_port3/p3_out_reg_3_	->
  U3_cpu/U1_datapath/U1_sfr/U_port3/p3_out_reg_4_	->
  U3_cpu/U1_datapath/U1_sfr/U_port3/p3_out_reg_5_	->
  U3_cpu/U1_datapath/U1_sfr/U_port3/p3_out_reg_6_	->
  U3_cpu/U1_datapath/U1_sfr/U_port3/p3_out_reg_7_	->
  U3_cpu/U1_datapath/U1_sfr/U_tcon/set_ie0_d1_reg	->
  U3_cpu/U1_datapath/U1_sfr/U_tcon/set_ie0_d2_reg	->
  U3_cpu/U1_datapath/U1_sfr/U_tcon/set_ie1_d1_reg	->
  U3_cpu/U1_datapath/U1_sfr/U_tcon/set_ie1_d2_reg	->
  U3_cpu/U1_datapath/U1_sfr/U_tcon/set_tf0_d1_reg	->
  U3_cpu/U1_datapath/U1_sfr/U_tcon/set_tf0_d2_reg	->
  U3_cpu/U1_datapath/U1_sfr/U_tcon/set_tf1_d1_reg	->
  U3_cpu/U1_datapath/U1_sfr/U_tcon/set_tf1_d2_reg	->
  U3_cpu/U1_datapath/U1_sfr/U_tcon/tcon_ie0_reg	->
  U3_cpu/U1_datapath/U1_sfr/U_tcon/tcon_ie1_reg	->
  U3_cpu/U1_datapath/U1_sfr/U_tcon/tcon_reg_0_	->
  U3_cpu/U1_datapath/U1_sfr/U_tcon/tcon_reg_1_	->
  U3_cpu/U1_datapath/U1_sfr/U_tcon/tcon_reg_2_	->
  U3_cpu/U1_datapath/U1_sfr/U_tcon/tcon_reg_3_	->
  U3_cpu/U1_datapath/U1_sfr/U_tcon/tcon_tf0_reg	->
  U3_cpu/U1_datapath/U1_sfr/U_tcon/tcon_tf1_reg	->
  U3_cpu/U1_datapath/U1_sfr/U_tmod/out_tmod_reg_0_	->
  U3_cpu/U1_datapath/U1_sfr/U_tmod/out_tmod_reg_1_	->
  U3_cpu/U1_datapath/U1_sfr/U_tmod/out_tmod_reg_2_	->
  U3_cpu/U1_datapath/U1_sfr/U_tmod/out_tmod_reg_3_	->
  U3_cpu/U1_datapath/U1_sfr/U_tmod/out_tmod_reg_4_	->
  U3_cpu/U1_datapath/U1_sfr/U_tmod/out_tmod_reg_5_	->
  U3_cpu/U1_datapath/U1_sfr/U_tmod/out_tmod_reg_6_	->
  U3_cpu/U1_datapath/U1_sfr/U_tmod/out_tmod_reg_7_	->
  U3_cpu/U1_datapath/U1_sfr/U_uart/cnt0_4_reg_0_	->
  rom_adr_o[6]

Complete scan chain #8 (rom_data_i[7] --> rom_adr_o[7]) contains 36 cells:

  rom_data_i[7]	->
  U3_cpu/U1_datapath/U1_sfr/U_uart/cnt0_4_reg_1_	->
  U3_cpu/U1_datapath/U1_sfr/U_uart/cnt0_4_reg_2_	->
  U3_cpu/U1_datapath/U1_sfr/U_uart/cnt0_4_reg_3_	->
  U3_cpu/U1_datapath/U1_sfr/U_uart/cnt1_8_reg_0_	->
  U3_cpu/U1_datapath/U1_sfr/U_uart/cnt1_8_reg_1_	->
  U3_cpu/U1_datapath/U1_sfr/U_uart/cnt1_8_reg_2_	->
  U3_cpu/U1_datapath/U1_sfr/U_uart/cnt1_8_reg_3_	->
  U3_cpu/U1_datapath/U1_sfr/U_uart/cnt1_8_reg_4_	->
  U3_cpu/U1_datapath/U1_sfr/U_uart/cnt1_8_reg_5_	->
  U3_cpu/U1_datapath/U1_sfr/U_uart/cnt1_8_reg_6_	->
  U3_cpu/U1_datapath/U1_sfr/U_uart/cnt1_8_reg_7_	->
  U3_cpu/U1_datapath/U1_sfr/U_uart/div12_reg	->
  U3_cpu/U1_datapath/U1_sfr/U_uart/pcon_reg_0_	->
  U3_cpu/U1_datapath/U1_sfr/U_uart/pcon_reg_1_	->
  U3_cpu/U1_datapath/U1_sfr/U_uart/pcon_reg_2_	->
  U3_cpu/U1_datapath/U1_sfr/U_uart/pcon_reg_3_	->
  U3_cpu/U1_datapath/U1_sfr/U_uart/pcon_reg_4_	->
  U3_cpu/U1_datapath/U1_sfr/U_uart/pcon_reg_5_	->
  U3_cpu/U1_datapath/U1_sfr/U_uart/pcon_reg_6_	->
  U3_cpu/U1_datapath/U1_sfr/U_uart/pcon_reg_7_	->
  U3_cpu/U1_datapath/U1_sfr/U_uart/rec_cnt_reg_0_	->
  U3_cpu/U1_datapath/U1_sfr/U_uart/rec_cnt_reg_1_	->
  U3_cpu/U1_datapath/U1_sfr/U_uart/rec_cnt_reg_2_	->
  U3_cpu/U1_datapath/U1_sfr/U_uart/rec_cnt_reg_3_	->
  U3_cpu/U1_datapath/U1_sfr/U_uart/rec_sync_reg	->
  U3_cpu/U1_datapath/U1_sfr/U_uart/receive_reg	->
  U3_cpu/U1_datapath/U1_sfr/U_uart/rx_done_reg	->
  U3_cpu/U1_datapath/U1_sfr/U_uart/rx_same_reg_0_	->
  U3_cpu/U1_datapath/U1_sfr/U_uart/rx_same_reg_1_	->
  U3_cpu/U1_datapath/U1_sfr/U_uart/rxdi_r_reg	->
  U3_cpu/U1_datapath/U1_sfr/U_uart/sbuf_rxd_reg_0_	->
  U3_cpu/U1_datapath/U1_sfr/U_uart/sbuf_rxd_reg_1_	->
  U3_cpu/U1_datapath/U1_sfr/U_uart/sbuf_rxd_reg_2_	->
  U3_cpu/U1_datapath/U1_sfr/U_uart/sbuf_rxd_reg_3_	->
  U3_cpu/U1_datapath/U1_sfr/U_uart/sbuf_rxd_reg_4_	->
  U3_cpu/U1_datapath/U1_sfr/U_uart/sbuf_rxd_reg_5_	->
  rom_adr_o[7]

Complete scan chain #9 (in_xdat_a[0] --> rom_adr_o[8]) contains 36 cells:

  in_xdat_a[0]	->
  U3_cpu/U1_datapath/U1_sfr/U_uart/sbuf_rxd_reg_6_	->
  U3_cpu/U1_datapath/U1_sfr/U_uart/sbuf_rxd_reg_7_	->
  U3_cpu/U1_datapath/U1_sfr/U_uart/sbuf_rxd_tmp_reg_0_	->
  U3_cpu/U1_datapath/U1_sfr/U_uart/sbuf_rxd_tmp_reg_1_	->
  U3_cpu/U1_datapath/U1_sfr/U_uart/sbuf_rxd_tmp_reg_2_	->
  U3_cpu/U1_datapath/U1_sfr/U_uart/sbuf_rxd_tmp_reg_3_	->
  U3_cpu/U1_datapath/U1_sfr/U_uart/sbuf_rxd_tmp_reg_4_	->
  U3_cpu/U1_datapath/U1_sfr/U_uart/sbuf_rxd_tmp_reg_5_	->
  U3_cpu/U1_datapath/U1_sfr/U_uart/sbuf_rxd_tmp_reg_6_	->
  U3_cpu/U1_datapath/U1_sfr/U_uart/sbuf_rxd_tmp_reg_7_	->
  U3_cpu/U1_datapath/U1_sfr/U_uart/sbuf_rxd_tmp_reg_8_	->
  U3_cpu/U1_datapath/U1_sfr/U_uart/sbuf_rxd_tmp_reg_9_	->
  U3_cpu/U1_datapath/U1_sfr/U_uart/sbuf_rxd_tmp_reg_10_	->
  U3_cpu/U1_datapath/U1_sfr/U_uart/sbuf_rxd_tmp_reg_11_	->
  U3_cpu/U1_datapath/U1_sfr/U_uart/sbuf_txd_reg_0_	->
  U3_cpu/U1_datapath/U1_sfr/U_uart/sbuf_txd_reg_1_	->
  U3_cpu/U1_datapath/U1_sfr/U_uart/sbuf_txd_reg_2_	->
  U3_cpu/U1_datapath/U1_sfr/U_uart/sbuf_txd_reg_3_	->
  U3_cpu/U1_datapath/U1_sfr/U_uart/sbuf_txd_reg_4_	->
  U3_cpu/U1_datapath/U1_sfr/U_uart/sbuf_txd_reg_5_	->
  U3_cpu/U1_datapath/U1_sfr/U_uart/sbuf_txd_reg_6_	->
  U3_cpu/U1_datapath/U1_sfr/U_uart/sbuf_txd_reg_7_	->
  U3_cpu/U1_datapath/U1_sfr/U_uart/sbuf_txd_reg_8_	->
  U3_cpu/U1_datapath/U1_sfr/U_uart/sbuf_txd_reg_9_	->
  U3_cpu/U1_datapath/U1_sfr/U_uart/sbuf_txd_reg_10_	->
  U3_cpu/U1_datapath/U1_sfr/U_uart/scon_reg_0_	->
  U3_cpu/U1_datapath/U1_sfr/U_uart/scon_reg_1_	->
  U3_cpu/U1_datapath/U1_sfr/U_uart/scon_reg_2_	->
  U3_cpu/U1_datapath/U1_sfr/U_uart/scon_reg_3_	->
  U3_cpu/U1_datapath/U1_sfr/U_uart/scon_reg_4_	->
  U3_cpu/U1_datapath/U1_sfr/U_uart/scon_reg_5_	->
  U3_cpu/U1_datapath/U1_sfr/U_uart/scon_reg_6_	->
  U3_cpu/U1_datapath/U1_sfr/U_uart/scon_reg_7_	->
  U3_cpu/U1_datapath/U1_sfr/U_uart/shift12_1_reg	->
  U3_cpu/U1_datapath/U1_sfr/U_uart/shift_rec_reg	->
  U3_cpu/U1_datapath/U1_sfr/U_uart/shift_trans_reg	->
  rom_adr_o[8]

Complete scan chain #10 (in_xdat_a[1] --> rom_adr_o[9]) contains 36 cells:

  in_xdat_a[1]	->
  U3_cpu/U1_datapath/U1_sfr/U_uart/smod_clk_rec_reg	->
  U3_cpu/U1_datapath/U1_sfr/U_uart/smod_clk_trans_reg	->
  U3_cpu/U1_datapath/U1_sfr/U_uart/trans1_reg	->
  U3_cpu/U1_datapath/U1_sfr/U_uart/trans2_reg	->
  U3_cpu/U1_datapath/U1_sfr/U_uart/trans3_reg	->
  U3_cpu/U1_datapath/U1_sfr/U_uart/trans_cnt_reg_0_	->
  U3_cpu/U1_datapath/U1_sfr/U_uart/trans_cnt_reg_1_	->
  U3_cpu/U1_datapath/U1_sfr/U_uart/trans_cnt_reg_2_	->
  U3_cpu/U1_datapath/U1_sfr/U_uart/trans_cnt_reg_3_	->
  U3_cpu/U1_datapath/U1_sfr/U_uart/trans_reg	->
  U3_cpu/U1_datapath/U1_sfr/U_uart/tx_done_reg	->
  U3_cpu/U1_datapath/U1_sfr/U_uart/txd_reg	->
  U3_cpu/U1_datapath/U1_sfr/one_shot_tf0/d_del_reg	->
  U3_cpu/U1_datapath/U1_sfr/one_shot_tf1/d_del_reg	->
  U3_cpu/U1_datapath/U3_alu/U8_div/CurrentCount_reg_0_	->
  U3_cpu/U1_datapath/U3_alu/U8_div/CurrentCount_reg_1_	->
  U3_cpu/U1_datapath/U3_alu/U8_div/CurrentCount_reg_2_	->
  U3_cpu/U1_datapath/U3_alu/U8_div/CurrentCount_reg_3_	->
  U3_cpu/U1_datapath/U3_alu/U8_div/CurrentCount_reg_4_	->
  U3_cpu/U1_datapath/U3_alu/U8_div/CurrentCount_reg_5_	->
  U3_cpu/U1_datapath/U3_alu/U8_div/CurrentState_reg_0_	->
  U3_cpu/U1_datapath/U3_alu/U8_div/CurrentState_reg_1_	->
  U3_cpu/U1_datapath/U3_alu/U8_div/CurrentState_reg_2_	->
  U3_cpu/U1_datapath/U3_alu/U8_div/RegA_reg_0_	->
  U3_cpu/U1_datapath/U3_alu/U8_div/RegA_reg_1_	->
  U3_cpu/U1_datapath/U3_alu/U8_div/RegA_reg_2_	->
  U3_cpu/U1_datapath/U3_alu/U8_div/RegA_reg_3_	->
  U3_cpu/U1_datapath/U3_alu/U8_div/RegA_reg_4_	->
  U3_cpu/U1_datapath/U3_alu/U8_div/RegA_reg_5_	->
  U3_cpu/U1_datapath/U3_alu/U8_div/RegA_reg_6_	->
  U3_cpu/U1_datapath/U3_alu/U8_div/RegA_reg_7_	->
  U3_cpu/U1_datapath/U3_alu/U8_div/RegA_reg_8_	->
  U3_cpu/U1_datapath/U3_alu/U8_div/RegA_reg_9_	->
  U3_cpu/U1_datapath/U3_alu/U8_div/RegA_reg_10_	->
  U3_cpu/U1_datapath/U3_alu/U8_div/RegA_reg_11_	->
  U3_cpu/U1_datapath/U3_alu/U8_div/RegA_reg_12_	->
  rom_adr_o[9]

Complete scan chain #11 (in_xdat_a[2] --> rom_adr_o[10]) contains 36 cells:

  in_xdat_a[2]	->
  U3_cpu/U1_datapath/U3_alu/U8_div/RegA_reg_13_	->
  U3_cpu/U1_datapath/U3_alu/U8_div/RegA_reg_14_	->
  U3_cpu/U1_datapath/U3_alu/U8_div/RegA_reg_15_	->
  U3_cpu/U1_datapath/U3_alu/U8_div/RegB_reg_0_	->
  U3_cpu/U1_datapath/U3_alu/U8_div/RegB_reg_1_	->
  U3_cpu/U1_datapath/U3_alu/U8_div/RegB_reg_2_	->
  U3_cpu/U1_datapath/U3_alu/U8_div/RegB_reg_3_	->
  U3_cpu/U1_datapath/U3_alu/U8_div/RegB_reg_4_	->
  U3_cpu/U1_datapath/U3_alu/U8_div/RegB_reg_5_	->
  U3_cpu/U1_datapath/U3_alu/U8_div/RegB_reg_6_	->
  U3_cpu/U1_datapath/U3_alu/U8_div/RegB_reg_7_	->
  U3_cpu/U1_datapath/U3_alu/U9_DW_mult_pipe/clk_r_REG0_S1	->
  U3_cpu/U1_datapath/U3_alu/U9_DW_mult_pipe/clk_r_REG1_S2	->
  U3_cpu/U1_datapath/U3_alu/U9_DW_mult_pipe/clk_r_REG2_S3	->
  U3_cpu/U1_datapath/U3_alu/U9_DW_mult_pipe/clk_r_REG3_S4	->
  U3_cpu/U1_datapath/U3_alu/U9_DW_mult_pipe/clk_r_REG4_S2	->
  U3_cpu/U1_datapath/U3_alu/U9_DW_mult_pipe/clk_r_REG5_S3	->
  U3_cpu/U1_datapath/U3_alu/U9_DW_mult_pipe/clk_r_REG6_S4	->
  U3_cpu/U1_datapath/U3_alu/U9_DW_mult_pipe/clk_r_REG7_S2	->
  U3_cpu/U1_datapath/U3_alu/U9_DW_mult_pipe/clk_r_REG8_S3	->
  U3_cpu/U1_datapath/U3_alu/U9_DW_mult_pipe/clk_r_REG9_S4	->
  U3_cpu/U1_datapath/U3_alu/U9_DW_mult_pipe/clk_r_REG10_S2	->
  U3_cpu/U1_datapath/U3_alu/U9_DW_mult_pipe/clk_r_REG11_S3	->
  U3_cpu/U1_datapath/U3_alu/U9_DW_mult_pipe/clk_r_REG12_S4	->
  U3_cpu/U1_datapath/U3_alu/U9_DW_mult_pipe/clk_r_REG13_S2	->
  U3_cpu/U1_datapath/U3_alu/U9_DW_mult_pipe/clk_r_REG14_S3	->
  U3_cpu/U1_datapath/U3_alu/U9_DW_mult_pipe/clk_r_REG15_S4	->
  U3_cpu/U1_datapath/U3_alu/U9_DW_mult_pipe/clk_r_REG16_S2	->
  U3_cpu/U1_datapath/U3_alu/U9_DW_mult_pipe/clk_r_REG17_S3	->
  U3_cpu/U1_datapath/U3_alu/U9_DW_mult_pipe/clk_r_REG18_S4	->
  U3_cpu/U1_datapath/U3_alu/U9_DW_mult_pipe/clk_r_REG19_S2	->
  U3_cpu/U1_datapath/U3_alu/U9_DW_mult_pipe/clk_r_REG20_S3	->
  U3_cpu/U1_datapath/U3_alu/U9_DW_mult_pipe/clk_r_REG21_S4	->
  U3_cpu/U1_datapath/U3_alu/U9_DW_mult_pipe/clk_r_REG22_S2	->
  U3_cpu/U1_datapath/U3_alu/U9_DW_mult_pipe/clk_r_REG23_S3	->
  U3_cpu/U1_datapath/U3_alu/U9_DW_mult_pipe/clk_r_REG24_S4	->
  rom_adr_o[10]

Complete scan chain #12 (in_xdat_a[3] --> rom_adr_o[11]) contains 36 cells:

  in_xdat_a[3]	->
  U3_cpu/U1_datapath/U3_alu/U9_DW_mult_pipe/clk_r_REG25_S2	->
  U3_cpu/U1_datapath/U3_alu/U9_DW_mult_pipe/clk_r_REG26_S3	->
  U3_cpu/U1_datapath/U3_alu/U9_DW_mult_pipe/clk_r_REG27_S4	->
  U3_cpu/U1_datapath/U3_alu/U9_DW_mult_pipe/clk_r_REG28_S2	->
  U3_cpu/U1_datapath/U3_alu/U9_DW_mult_pipe/clk_r_REG29_S3	->
  U3_cpu/U1_datapath/U3_alu/U9_DW_mult_pipe/clk_r_REG30_S4	->
  U3_cpu/U1_datapath/U3_alu/U9_DW_mult_pipe/clk_r_REG31_S2	->
  U3_cpu/U1_datapath/U3_alu/U9_DW_mult_pipe/clk_r_REG32_S3	->
  U3_cpu/U1_datapath/U3_alu/U9_DW_mult_pipe/clk_r_REG33_S4	->
  U3_cpu/U1_datapath/U3_alu/U9_DW_mult_pipe/clk_r_REG34_S2	->
  U3_cpu/U1_datapath/U3_alu/U9_DW_mult_pipe/clk_r_REG35_S3	->
  U3_cpu/U1_datapath/U3_alu/U9_DW_mult_pipe/clk_r_REG36_S4	->
  U3_cpu/U1_datapath/U3_alu/U9_DW_mult_pipe/clk_r_REG37_S2	->
  U3_cpu/U1_datapath/U3_alu/U9_DW_mult_pipe/clk_r_REG38_S3	->
  U3_cpu/U1_datapath/U3_alu/U9_DW_mult_pipe/clk_r_REG39_S4	->
  U3_cpu/U1_datapath/U3_alu/U9_DW_mult_pipe/clk_r_REG40_S2	->
  U3_cpu/U1_datapath/U3_alu/U9_DW_mult_pipe/clk_r_REG41_S3	->
  U3_cpu/U1_datapath/U3_alu/U9_DW_mult_pipe/clk_r_REG42_S4	->
  U3_cpu/U1_datapath/U3_alu/U9_DW_mult_pipe/clk_r_REG43_S2	->
  U3_cpu/U1_datapath/U3_alu/U9_DW_mult_pipe/clk_r_REG44_S3	->
  U3_cpu/U1_datapath/U3_alu/U9_DW_mult_pipe/clk_r_REG45_S4	->
  U3_cpu/U1_datapath/U3_alu/U9_DW_mult_pipe/clk_r_REG46_S2	->
  U3_cpu/U1_datapath/U3_alu/U9_DW_mult_pipe/clk_r_REG47_S3	->
  U3_cpu/U1_datapath/U3_alu/U9_DW_mult_pipe/clk_r_REG48_S4	->
  U3_cpu/U1_datapath/U3_alu/U9_DW_mult_pipe/clk_r_REG49_S1	->
  U3_cpu/U1_datapath/U3_alu/U9_DW_mult_pipe/clk_r_REG50_S1	->
  U3_cpu/U1_datapath/U3_alu/U9_DW_mult_pipe/clk_r_REG51_S1	->
  U3_cpu/U1_datapath/U3_alu/U9_DW_mult_pipe/clk_r_REG52_S1	->
  U3_cpu/U1_datapath/U3_alu/U9_DW_mult_pipe/clk_r_REG53_S1	->
  U3_cpu/U1_datapath/U3_alu/U9_DW_mult_pipe/clk_r_REG54_S1	->
  U3_cpu/U1_datapath/U3_alu/U9_DW_mult_pipe/clk_r_REG55_S1	->
  U3_cpu/U1_datapath/U3_alu/U9_DW_mult_pipe/clk_r_REG56_S1	->
  U3_cpu/U1_datapath/U3_alu/U9_DW_mult_pipe/clk_r_REG57_S1	->
  U3_cpu/U1_datapath/U3_alu/U9_DW_mult_pipe/clk_r_REG58_S1	->
  U3_cpu/U1_datapath/U3_alu/U9_DW_mult_pipe/clk_r_REG59_S1	->
  U3_cpu/U1_datapath/U3_alu/U9_DW_mult_pipe/clk_r_REG60_S1	->
  rom_adr_o[11]

Complete scan chain #13 (in_xdat_a[4] --> rom_adr_o[12]) contains 36 cells:

  in_xdat_a[4]	->
  U3_cpu/U1_datapath/U3_alu/U9_DW_mult_pipe/clk_r_REG61_S1	->
  U3_cpu/U1_datapath/U3_alu/U9_DW_mult_pipe/clk_r_REG62_S1	->
  U3_cpu/U1_datapath/U3_alu/U9_DW_mult_pipe/clk_r_REG63_S1	->
  U3_cpu/U1_datapath/addr2_r_reg_0_	->
  U3_cpu/U1_datapath/addr2_r_reg_1_	->
  U3_cpu/U1_datapath/addr2_r_reg_2_	->
  U3_cpu/U1_datapath/addr2_r_reg_3_	->
  U3_cpu/U1_datapath/addr2_r_reg_4_	->
  U3_cpu/U1_datapath/addr2_r_reg_5_	->
  U3_cpu/U1_datapath/addr2_r_reg_6_	->
  U3_cpu/U1_datapath/addr2_r_reg_7_	->
  U3_cpu/U1_datapath/alu_r_reg_0_	->
  U3_cpu/U1_datapath/alu_r_reg_1_	->
  U3_cpu/U1_datapath/alu_r_reg_2_	->
  U3_cpu/U1_datapath/alu_r_reg_3_	->
  U3_cpu/U1_datapath/alu_r_reg_4_	->
  U3_cpu/U1_datapath/alu_r_reg_5_	->
  U3_cpu/U1_datapath/alu_r_reg_6_	->
  U3_cpu/U1_datapath/alu_r_reg_7_	->
  U3_cpu/U1_datapath/bit_dat_in_r_reg	->
  U3_cpu/U1_datapath/code_reg_0_	->
  U3_cpu/U1_datapath/code_reg_1_	->
  U3_cpu/U1_datapath/code_reg_2_	->
  U3_cpu/U1_datapath/code_reg_3_	->
  U3_cpu/U1_datapath/code_reg_4_	->
  U3_cpu/U1_datapath/code_reg_5_	->
  U3_cpu/U1_datapath/code_reg_6_	->
  U3_cpu/U1_datapath/code_reg_7_	->
  U3_cpu/U1_datapath/in_idat1_r_reg_0_	->
  U3_cpu/U1_datapath/in_idat1_r_reg_1_	->
  U3_cpu/U1_datapath/in_idat1_r_reg_2_	->
  U3_cpu/U1_datapath/in_idat1_r_reg_3_	->
  U3_cpu/U1_datapath/in_idat1_r_reg_4_	->
  U3_cpu/U1_datapath/in_idat1_r_reg_5_	->
  U3_cpu/U1_datapath/in_idat1_r_reg_6_	->
  U3_cpu/U1_datapath/in_idat1_r_reg_7_	->
  rom_adr_o[12]

Complete scan chain #14 (in_xdat_a[5] --> rom_adr_o[13]) contains 36 cells:

  in_xdat_a[5]	->
  U3_cpu/U1_datapath/in_idat_r_reg_0_	->
  U3_cpu/U1_datapath/in_idat_r_reg_1_	->
  U3_cpu/U1_datapath/in_idat_r_reg_2_	->
  U3_cpu/U1_datapath/in_idat_r_reg_3_	->
  U3_cpu/U1_datapath/in_idat_r_reg_4_	->
  U3_cpu/U1_datapath/in_idat_r_reg_5_	->
  U3_cpu/U1_datapath/in_idat_r_reg_6_	->
  U3_cpu/U1_datapath/in_idat_r_reg_7_	->
  U3_cpu/U1_datapath/in_xrom1_r_reg_0_	->
  U3_cpu/U1_datapath/in_xrom1_r_reg_1_	->
  U3_cpu/U1_datapath/in_xrom1_r_reg_2_	->
  U3_cpu/U1_datapath/in_xrom1_r_reg_3_	->
  U3_cpu/U1_datapath/in_xrom1_r_reg_4_	->
  U3_cpu/U1_datapath/in_xrom1_r_reg_5_	->
  U3_cpu/U1_datapath/in_xrom1_r_reg_6_	->
  U3_cpu/U1_datapath/in_xrom1_r_reg_7_	->
  U3_cpu/U1_datapath/in_xrom_r_reg_0_	->
  U3_cpu/U1_datapath/in_xrom_r_reg_1_	->
  U3_cpu/U1_datapath/in_xrom_r_reg_2_	->
  U3_cpu/U1_datapath/in_xrom_r_reg_3_	->
  U3_cpu/U1_datapath/in_xrom_r_reg_4_	->
  U3_cpu/U1_datapath/in_xrom_r_reg_5_	->
  U3_cpu/U1_datapath/in_xrom_r_reg_6_	->
  U3_cpu/U1_datapath/in_xrom_r_reg_7_	->
  U3_cpu/U1_datapath/int_vec1_reg_0_	->
  U3_cpu/U1_datapath/int_vec1_reg_1_	->
  U3_cpu/U1_datapath/int_vec1_reg_2_	->
  U3_cpu/U1_datapath/int_vec2_reg_0_	->
  U3_cpu/U1_datapath/int_vec2_reg_1_	->
  U3_cpu/U1_datapath/int_vec2_reg_2_	->
  U3_cpu/U1_datapath/int_vec3_reg_0_	->
  U3_cpu/U1_datapath/int_vec3_reg_1_	->
  U3_cpu/U1_datapath/int_vec3_reg_2_	->
  U3_cpu/U1_datapath/latch_acc_reg_0_	->
  U3_cpu/U1_datapath/latch_acc_reg_1_	->
  U3_cpu/U1_datapath/latch_acc_reg_2_	->
  rom_adr_o[13]

Complete scan chain #15 (in_xdat_a[6] --> rom_adr_o[14]) contains 36 cells:

  in_xdat_a[6]	->
  U3_cpu/U1_datapath/latch_acc_reg_3_	->
  U3_cpu/U1_datapath/latch_acc_reg_4_	->
  U3_cpu/U1_datapath/latch_acc_reg_5_	->
  U3_cpu/U1_datapath/latch_acc_reg_6_	->
  U3_cpu/U1_datapath/latch_acc_reg_7_	->
  U3_cpu/U1_datapath/latch_pc_reg_0_	->
  U3_cpu/U1_datapath/latch_pc_reg_1_	->
  U3_cpu/U1_datapath/latch_pc_reg_2_	->
  U3_cpu/U1_datapath/latch_pc_reg_3_	->
  U3_cpu/U1_datapath/latch_pc_reg_4_	->
  U3_cpu/U1_datapath/latch_pc_reg_5_	->
  U3_cpu/U1_datapath/latch_pc_reg_6_	->
  U3_cpu/U1_datapath/latch_pc_reg_7_	->
  U3_cpu/U1_datapath/latch_pc_reg_8_	->
  U3_cpu/U1_datapath/latch_pc_reg_9_	->
  U3_cpu/U1_datapath/latch_pc_reg_10_	->
  U3_cpu/U1_datapath/latch_pc_reg_11_	->
  U3_cpu/U1_datapath/latch_pc_reg_12_	->
  U3_cpu/U1_datapath/latch_pc_reg_13_	->
  U3_cpu/U1_datapath/latch_pc_reg_14_	->
  U3_cpu/U1_datapath/latch_pc_reg_15_	->
  U3_cpu/U1_datapath/out_sfr_r_reg_0_	->
  U3_cpu/U1_datapath/out_sfr_r_reg_1_	->
  U3_cpu/U1_datapath/out_sfr_r_reg_2_	->
  U3_cpu/U1_datapath/out_sfr_r_reg_3_	->
  U3_cpu/U1_datapath/out_sfr_r_reg_4_	->
  U3_cpu/U1_datapath/out_sfr_r_reg_5_	->
  U3_cpu/U1_datapath/out_sfr_r_reg_6_	->
  U3_cpu/U1_datapath/out_sfr_r_reg_7_	->
  addr_xdat_reg_0_	->
  addr_xdat_reg_1_	->
  addr_xdat_reg_2_	->
  addr_xdat_reg_3_	->
  addr_xdat_reg_4_	->
  addr_xdat_reg_5_	->
  addr_xdat_reg_6_	->
  rom_adr_o[14]

Complete scan chain #16 (in_xdat_a[7] --> rom_adr_o[15]) contains 36 cells:

  in_xdat_a[7]	->
  addr_xdat_reg_7_	->
  addr_xdat_reg_8_	->
  addr_xdat_reg_9_	->
  addr_xdat_reg_10_	->
  addr_xdat_reg_11_	->
  addr_xdat_reg_12_	->
  addr_xdat_reg_13_	->
  addr_xdat_reg_14_	->
  addr_xdat_reg_15_	->
  ale_d1_reg	->
  en_xdat_reg	->
  uBisted_SPSRAM256X8/BistCtrl_i0/S48/S5_reg_0_	->
  uBisted_SPSRAM256X8/BistCtrl_i0/S48/S5_reg_1_	->
  uBisted_SPSRAM256X8/BistCtrl_i0/S48/S5_reg_2_	->
  uBisted_SPSRAM256X8/BistCtrl_i0/S48/S5_reg_3_	->
  uBisted_SPSRAM256X8/BistCtrl_i0/S48/S5_reg_4_	->
  uBisted_SPSRAM256X8/BistCtrl_i0/S48/S5_reg_5_	->
  uBisted_SPSRAM256X8/BistCtrl_i0/S48/S5_reg_6_	->
  uBisted_SPSRAM256X8/BistCtrl_i0/S48/S5_reg_7_	->
  uBisted_SPSRAM256X8/BistCtrl_i0/S49/Finish_reg	->
  uBisted_SPSRAM256X8/BistCtrl_i0/S49/S36_reg	->
  uBisted_SPSRAM256X8/BistCtrl_i0/S49/State_reg_0_	->
  uBisted_SPSRAM256X8/BistCtrl_i0/S49/State_reg_1_	->
  uBisted_SPSRAM256X8/BistCtrl_i0/S49/State_reg_2_	->
  uBisted_SPSRAM256X8/BistCtrl_i0/S49/State_reg_3_	->
  uBisted_SPSRAM256X8/BistCtrl_i0/ST_MAL_i0/S16_reg	->
  uBisted_SPSRAM256X8/BistCtrl_i0/ST_MAL_i0/S17_reg	->
  wr_xdat_d1_reg	->
  xaddr_low_reg_0_	->
  xaddr_low_reg_1_	->
  xaddr_low_reg_2_	->
  xaddr_low_reg_3_	->
  xaddr_low_reg_4_	->
  xaddr_low_reg_5_	->
  xaddr_low_reg_6_	->
  xaddr_low_reg_7_	->
  rom_adr_o[15]

1
