Release 7.1i - xst H.38
Copyright (c) 1995-2005 Xilinx, Inc.  All rights reserved.
--> Parameter TMPDIR set to __projnav
CPU : 0.00 / 2.86 s | Elapsed : 0.00 / 2.00 s
 
--> Parameter xsthdpdir set to ./xst
CPU : 0.00 / 2.86 s | Elapsed : 0.00 / 2.00 s
 
--> Reading design: OR5.prj

TABLE OF CONTENTS
  1) Synthesis Options Summary
  2) HDL Compilation
  3) HDL Analysis
  4) HDL Synthesis
  5) Advanced HDL Synthesis
     5.1) HDL Synthesis Report
  6) Low Level Synthesis
  7) Final Report
     7.1) Device utilization summary
     7.2) TIMING REPORT


=========================================================================
*                      Synthesis Options Summary                        *
=========================================================================
---- Source Parameters
Input File Name                    : "OR5.prj"
Input Format                       : mixed
Ignore Synthesis Constraint File   : NO

---- Target Parameters
Output File Name                   : "OR5"
Output Format                      : NGC
Target Device                      : xc4vlx200-11-ff1513

---- Source Options
Top Module Name                    : OR5
Automatic FSM Extraction           : YES
FSM Encoding Algorithm             : Auto
FSM Style                          : lut
RAM Extraction                     : Yes
RAM Style                          : Auto
ROM Extraction                     : Yes
ROM Style                          : Auto
Mux Extraction                     : YES
Decoder Extraction                 : YES
Priority Encoder Extraction        : YES
Shift Register Extraction          : YES
Logical Shifter Extraction         : YES
XOR Collapsing                     : YES
Resource Sharing                   : YES
Automatic Register Balancing       : No

---- Target Options
Add IO Buffers                     : YES
Global Maximum Fanout              : 500
Add Generic Clock Buffer(BUFG)     : 32
Number of Regional Clock Buffers   : Default
Register Duplication               : YES
Equivalent register Removal        : YES
Slice Packing                      : YES
Pack IO Registers into IOBs        : auto

---- General Options
Optimization Goal                  : Speed
Optimization Effort                : 1
Keep Hierarchy                     : NO
Global Optimization                : AllClockNets
RTL Output                         : Yes
Write Timing Constraints           : NO
Hierarchy Separator                : /
Bus Delimiter                      : <>
Case Specifier                     : maintain
Slice Utilization Ratio            : 100
Slice Utilization Ratio Delta      : 5

---- Other Options
lso                                : OR5.lso
Read Cores                         : YES
cross_clock_analysis               : NO
verilog2001                        : YES
safe_implementation                : No
use_dsp48                          : auto
Optimize Instantiated Primitives   : NO
use_clock_enable                   : Auto
use_sync_set                       : Auto
use_sync_reset                     : Auto
enable_auto_floorplanning          : No

=========================================================================


=========================================================================
*                          HDL Compilation                              *
=========================================================================
Compiling verilog file "SEIP15_XILNX.v"
Module <SEIP> compiled
Module <PIF> compiled
Module <ESP> compiled
Module <TSP> compiled
Module <WMA> compiled
Module <CHOFRG> compiled
Module <GPMREG> compiled
Module <SYNCG> compiled
Module <EQACC> compiled
Module <ETREG> compiled
Module <EDBMX> compiled
Module <ERREG> compiled
Module <ESOPU> compiled
Module <ERXD> compiled
Module <EOREG> compiled
Module <ETXD> compiled
Module <EEMIF> compiled
Module <ESPCV> compiled
Module <ESPSQ> compiled
Module <EIMCT> compiled
Module <TROMIF> compiled
Module <TWEXP> compiled
Module <TSOPU> compiled
Module <TIMCT> compiled
Module <TDBMX> compiled
Module <TSPSQ> compiled
Module <TOACC> compiled
Module <WLCDCT> compiled
Module <WMAG> compiled
Module <WIMCNT> compiled
Module <WDBMX> compiled
Module <WEMIF> compiled
Module <WMOPU> compiled
Module <WMD> compiled
Module <WPTLP> compiled
Module <WMASQ> compiled
Module <WMREG> compiled
Module <DC08> compiled
Module <DS164> compiled
Module <PDL4> compiled
Module <OFR8> compiled
Module <DC04P> compiled
Module <SR1R> compiled
Module <EN16> compiled
Module <FE16R> compiled
Module <FE11R> compiled
Module <FE08RB> compiled
Module <GPDEC> compiled
Module <FE08R> compiled
Module <CO05> compiled
Module <CO06> compiled
Module <CO01> compiled
Module <DS203> compiled
Module <RG2016> compiled
Module <FE20R> compiled
Module <DS206> compiled
Module <INC16> compiled
Module <RDLGC> compiled
Module <BS2014> compiled
Module <DS202> compiled
Module <DC08P> compiled
Module <DS204> compiled
Module <DS082> compiled
Module <DS083> compiled
Module <BS203> compiled
Module <BS20U2> compiled
Module <DS032> compiled
Module <FE03S> compiled
Module <FS075> compiled
Module <BA08> compiled
Module <MLT03> compiled
Module <INV20> compiled
Module <ADD20C> compiled
Module <LM20> compiled
Module <LMCNT> compiled
Module <FE21R> compiled
Module <FG20> compiled
Module <FE09R> compiled
Module <DS162> compiled
Module <MPX24> compiled
Module <PSCKG> compiled
Module <FE1R> compiled
Module <ADD16> compiled
Module <DCR16> compiled
Module <SPC24> compiled
Module <SDLTG> compiled
Module <SPCKG> compiled
Module <CO03> compiled
Module <CO02> compiled
Module <DC08B> compiled
Module <AD6D2> compiled
Module <EEMDEC> compiled
Module <ESQLGC> compiled
Module <DC24> compiled
Module <CL07> compiled
Module <CO05L> compiled
Module <CO04> compiled
Module <COU1> compiled
Module <DS086> compiled
Module <CO04L> compiled
Module <EWADEC> compiled
Module <CL06> compiled
Module <DCO04> compiled
Module <AD9> compiled
Module <AD7> compiled
Module <DS163> compiled
Module <DS092> compiled
Module <MLT02> compiled
Module <DS102> compiled
Module <EXPCNV> compiled
Module <FE10R> compiled
Module <FE04S> compiled
Module <DS042> compiled
Module <DSL20> compiled
Module <DS103> compiled
Module <MSIV> compiled
Module <BS205L> compiled
Module <DSH12> compiled
Module <DS123> compiled
Module <DS122> compiled
Module <FE04R> compiled
Module <DS033> compiled
Module <TSPTG> compiled
Module <FE07R> compiled
Module <FE04RC> compiled
Module <FE02RC> compiled
Module <DC06> compiled
Module <UD04> compiled
Module <FE02R> compiled
Module <ADD20> compiled
Module <WPDEC> compiled
Module <PW42> compiled
Module <ADD16C> compiled
Module <INV16> compiled
Module <RG204> compiled
Module <BS084> compiled
Module <EN08> compiled
Module <WCSPL> compiled
Module <PTLGC> compiled
Module <WMATG> compiled
Module <PTEXP> compiled
Module <FE4R> compiled
Module <OFRU> compiled
Module <DS044> compiled
Module <RG44> compiled
Module <INC08> compiled
Module <INC08C> compiled
Module <DS42> compiled
Module <DS32> compiled
Module <FE1S> compiled
Module <PP20LS> compiled
Module <PP20> compiled
Module <QA1> compiled
Module <ADD24> compiled
Module <PG20C> compiled
Module <CS20> compiled
Module <FS1R> compiled
Module <PG16> compiled
Module <CS16> compiled
Module <DC08E> compiled
Module <CO07L> compiled
Module <COU1L> compiled
Module <CO06L> compiled
Module <FE06R> compiled
Module <PPLSB> compiled
Module <PP16> compiled
Module <PA1> compiled
Module <ADD22> compiled
Module <EXPDEC> compiled
Module <BS042> compiled
Module <INV49> compiled
Module <ADD08> compiled
Module <DS43> compiled
Module <OFD04> compiled
Module <DS33> compiled
Module <ADD04> compiled
Module <PG20> compiled
Module <PG16C> compiled
Module <DS22> compiled
Module <EN02> compiled
Module <EN04> compiled
Module <EN02N> compiled
Module <FSR1> compiled
Module <FER1> compiled
Module <PPU4> compiled
Module <PG24> compiled
Module <CS24D> compiled
Module <ODD8> compiled
Module <CODD4> compiled
Module <CS22> compiled
Module <PG22> compiled
Module <AD5> compiled
Module <AD6> compiled
Module <AD8> compiled
Module <AO2222D2> compiled
Module <ND5> compiled
Module <ND6> compiled
Module <ND6D2> compiled
Module <ND8> compiled
Module <ND8D2> compiled
Module <NR5> compiled
Module <NR6> compiled
Module <OR5D2> compiled
Module <OR6D2> compiled
Module <XN3> compiled
Module <XN3D2> compiled
Module <ND5D2> compiled
Module <OR5> compiled
Module <AD5D2> compiled
Module <NR6D2> compiled
Module <OA321> compiled
Module <DL1D2> compiled
Module <BUFX1> compiled
Module <BUFX2> compiled
Module <BUFX3> compiled
Module <BUFX4> compiled
Module <BUFX8> compiled
Module <DLY1X1> compiled
Module <INVX1> compiled
Module <INVX2> compiled
Module <INVX3> compiled
Module <INVX4> compiled
Module <INVX8> compiled
Module <AND2X1> compiled
Module <AND3X1> compiled
Module <AND4X1> compiled
Module <AND2X2> compiled
Module <AND2X4> compiled
Module <AND3X2> compiled
Module <AND4X2> compiled
Module <OR2X1> compiled
Module <OR3X1> compiled
Module <OR4X1> compiled
Module <OR2X2> compiled
Module <OR3X2> compiled
Module <OR4X2> compiled
Module <AOI21X1> compiled
Module <AOI21X2> compiled
Module <AOI31X1> compiled
Module <AOI22X1> compiled
Module <AOI22X2> compiled
Module <AOI32X1> compiled
Module <AOI211X1> compiled
Module <AOI221X1> compiled
Module <AOI222X2> compiled
Module <OAI21X1> compiled
Module <OAI21X2> compiled
Module <OAI31X1> compiled
Module <OAI22X1> compiled
Module <OAI22X2> compiled
Module <NOR2X1> compiled
Module <NOR3X1> compiled
Module <NOR4X1> compiled
Module <NOR2X2> compiled
Module <NOR2BX2> compiled
Module <NOR3X2> compiled
Module <NOR4X2> compiled
Module <NAND2X1> compiled
Module <NAND3X1> compiled
Module <NAND4X1> compiled
Module <NAND2X2> compiled
Module <NAND2X4> compiled
Module <NAND3X2> compiled
Module <NAND4X2> compiled
Module <XOR2X1> compiled
Module <XOR2X2> compiled
Module <XNOR2X1> compiled
Module <XNOR2X2> compiled
Module <MX2X1> compiled
Module <MX2X2> compiled
Module <MX4X1> compiled
Module <SDFFRHQX2> compiled
Module <SDFFRX2> compiled
Module <SDFFSHQX1> compiled
Module <ADDHX1> compiled
Module <ADDFHX1> compiled
Module <TIEHI> compiled
Module <TIELO> compiled
No errors in compilation
Analysis of file <"OR5.prj"> succeeded.
 

=========================================================================
*                            HDL Analysis                               *
=========================================================================
Analyzing top module <OR5>.
Module <OR5> is correct for synthesis.
 
Analyzing module <NAND2X1>.
Module <NAND2X1> is correct for synthesis.
 
Analyzing module <NOR2X1>.
Module <NOR2X1> is correct for synthesis.
 
Analyzing module <NOR3X1>.
Module <NOR3X1> is correct for synthesis.
 

=========================================================================
*                           HDL Synthesis                               *
=========================================================================

Synthesizing Unit <NOR3X1>.
    Related source file is "SEIP15_XILNX.v".
Unit <NOR3X1> synthesized.


Synthesizing Unit <NOR2X1>.
    Related source file is "SEIP15_XILNX.v".
Unit <NOR2X1> synthesized.


Synthesizing Unit <NAND2X1>.
    Related source file is "SEIP15_XILNX.v".
Unit <NAND2X1> synthesized.


Synthesizing Unit <OR5>.
    Related source file is "SEIP15_XILNX.v".
Unit <OR5> synthesized.


=========================================================================
*                       Advanced HDL Synthesis                          *
=========================================================================

Advanced RAM inference ...
MAC inference ...
Advanced multiplier inference ...
Advanced Registered AddSub inference ...
DSP optimizations ...
Dynamic shift register inference ...

=========================================================================
HDL Synthesis Report

Found no macro
=========================================================================
WARNING:Xst:79 - Model 'OR5' has different characteristics in destination library
WARNING:Xst:80 - Model name has been changed to 'OR51'

=========================================================================
*                         Low Level Synthesis                           *
=========================================================================

Optimizing unit <OR51> ...
Loading device for application Rf_Device from file '4vlx200.nph' in environment C:/Xilinx.

Mapping all equations...
Building and optimizing final netlist ...
Found area constraint ratio of 100 (+ 5) on block OR51, actual ratio is 0.

=========================================================================
*                            Final Report                               *
=========================================================================
Final Results
RTL Top Level Output File Name     : OR5.ngr
Top Level Output File Name         : OR5
Output Format                      : NGC
Optimization Goal                  : Speed
Keep Hierarchy                     : NO

Design Statistics
# IOs                              : 6

Cell Usage :
# BELS                             : 2
#      LUT2                        : 1
#      LUT4                        : 1
# IO Buffers                       : 6
#      IBUF                        : 5
#      OBUF                        : 1
=========================================================================

Device utilization summary:
---------------------------

Selected Device : 4vlx200ff1513-11 

 Number of Slices:                       1  out of  89088     0%  
 Number of 4 input LUTs:                 2  out of  178176     0%  
 Number of bonded IOBs:                  6  out of    964     0%  


=========================================================================
TIMING REPORT

NOTE: THESE TIMING NUMBERS ARE ONLY A SYNTHESIS ESTIMATE.
      FOR ACCURATE TIMING INFORMATION PLEASE REFER TO THE TRACE REPORT
      GENERATED AFTER PLACE-and-ROUTE.

Clock Information:
------------------
No clock signals found in this design

Timing Summary:
---------------
Speed Grade: -11

   Minimum period: No path found
   Minimum input arrival time before clock: No path found
   Maximum output required time after clock: No path found
   Maximum combinational path delay: 5.715ns

Timing Detail:
--------------
All values displayed in nanoseconds (ns)

=========================================================================
Timing constraint: Default path analysis
  Total number of paths / destination ports: 5 / 1
-------------------------------------------------------------------------
Delay:               5.715ns (Levels of Logic = 4)
  Source:            B (PAD)
  Destination:       Y (PAD)

  Data Path: B to Y
                                Gate     Net
    Cell:in->out      fanout   Delay   Delay  Logical Name (Net Name)
    ----------------------------------------  ------------
     IBUF:I->O             1   0.867   0.661  B_IBUF (B_IBUF)
     LUT4:I0->O            1   0.166   0.616  A09/Y1 (N0)
     LUT2:I1->O            1   0.166   0.464  A09/Y2 (Y_OBUF)
     OBUF:I->O                 2.775          Y_OBUF (Y)
    ----------------------------------------
    Total                      5.715ns (3.974ns logic, 1.741ns route)
                                       (69.5% logic, 30.5% route)

=========================================================================
CPU : 21.70 / 24.91 s | Elapsed : 22.00 / 24.00 s
 
--> 

Total memory usage is 367864 kilobytes

Number of errors   :    0 (   0 filtered)
Number of warnings :    2 (   0 filtered)
Number of infos    :    0 (   0 filtered)

