Release 7.1i Map H.38
Xilinx Mapping Report File for Design 'OR51'

Design Information
------------------
Command Line   : C:/Xilinx/bin/nt/map.exe -ise
d:\project\ct-500\xilinx_seip\seip\seip.ise -intstyle ise -p xc4vlx200-ff1513-11
-cm area -pr b -k 4 -c 100 -o OR5_map.ncd OR5.ngd OR5.pcf 
Target Device  : xc4vlx200
Target Package : ff1513
Target Speed   : -11
Mapper Version : virtex4 -- $Revision: 1.26.6.3 $
Mapped Date    : Wed Dec 13 14:10:22 2006

Design Summary
--------------
Number of errors:      0
Number of warnings:   36
Logic Utilization:
  Number of 4 input LUTs:               2 out of 178,176    1%
Logic Distribution:
  Number of occupied Slices:                            1 out of  89,088    1%
    Number of Slices containing only related logic:       1 out of       1  100%
    Number of Slices containing unrelated logic:          0 out of       1    0%
      *See NOTES below for an explanation of the effects of unrelated logic
Total Number of 4 input LUTs:           2 out of 178,176    1%
  Number of bonded IOBs:                6 out of     960    1%

Total equivalent gate count for design:  12
Additional JTAG gate count for IOBs:  288
Peak Memory Usage:  359 MB

NOTES:

   Related logic is defined as being logic that shares connectivity - e.g. two
   LUTs are "related" if they share common inputs.  When assembling slices,
   Map gives priority to combine logic that is related.  Doing so results in
   the best timing performance.

   Unrelated logic shares no connectivity.  Map will only begin packing
   unrelated logic into a slice once 99% of the slices are occupied through
   related logic packing.

   Note that once logic distribution reaches the 99% level through related
   logic packing, this does not mean the device is completely utilized.
   Unrelated logic packing will then begin, continuing until all usable LUTs
   and FFs are occupied.  Depending on your timing budget, increased levels of
   unrelated logic packing may adversely affect the overall timing performance
   of your design.

Table of Contents
-----------------
Section 1 - Errors
Section 2 - Warnings
Section 3 - Informational
Section 4 - Removed Logic Summary
Section 5 - Removed Logic
Section 6 - IOB Properties
Section 7 - RPMs
Section 8 - Guide Report
Section 9 - Area Group Summary
Section 10 - Modular Design Summary
Section 11 - Timing Report
Section 12 - Configuration String Information
Section 13 - Additional Device Resource Counts

Section 1 - Errors
------------------

Section 2 - Warnings
--------------------
WARNING:PhysDesignRules:367 - The signal <XIL_ML_UNUSED_DCM_CLKFX_1> is
   incomplete. The signal does not drive any load pins in the design.
WARNING:PhysDesignRules:367 - The signal <XIL_ML_UNUSED_DCM_CLKOUT_1> is
   incomplete. The signal does not drive any load pins in the design.
WARNING:PhysDesignRules:367 - The signal <XIL_ML_UNUSED_DCM_CLKFX_2> is
   incomplete. The signal does not drive any load pins in the design.
WARNING:PhysDesignRules:367 - The signal <XIL_ML_UNUSED_DCM_CLKOUT_2> is
   incomplete. The signal does not drive any load pins in the design.
WARNING:PhysDesignRules:367 - The signal <XIL_ML_UNUSED_DCM_CLKFX_3> is
   incomplete. The signal does not drive any load pins in the design.
WARNING:PhysDesignRules:367 - The signal <XIL_ML_UNUSED_DCM_CLKOUT_3> is
   incomplete. The signal does not drive any load pins in the design.
WARNING:PhysDesignRules:367 - The signal <XIL_ML_UNUSED_DCM_CLKFX_4> is
   incomplete. The signal does not drive any load pins in the design.
WARNING:PhysDesignRules:367 - The signal <XIL_ML_UNUSED_DCM_CLKOUT_4> is
   incomplete. The signal does not drive any load pins in the design.
WARNING:PhysDesignRules:367 - The signal <XIL_ML_UNUSED_DCM_CLKFX_5> is
   incomplete. The signal does not drive any load pins in the design.
WARNING:PhysDesignRules:367 - The signal <XIL_ML_UNUSED_DCM_CLKOUT_5> is
   incomplete. The signal does not drive any load pins in the design.
WARNING:PhysDesignRules:367 - The signal <XIL_ML_UNUSED_DCM_CLKFX_6> is
   incomplete. The signal does not drive any load pins in the design.
WARNING:PhysDesignRules:367 - The signal <XIL_ML_UNUSED_DCM_CLKOUT_6> is
   incomplete. The signal does not drive any load pins in the design.
WARNING:PhysDesignRules:367 - The signal <XIL_ML_UNUSED_DCM_CLKFX_7> is
   incomplete. The signal does not drive any load pins in the design.
WARNING:PhysDesignRules:367 - The signal <XIL_ML_UNUSED_DCM_CLKOUT_7> is
   incomplete. The signal does not drive any load pins in the design.
WARNING:PhysDesignRules:367 - The signal <XIL_ML_UNUSED_DCM_CLKFX_8> is
   incomplete. The signal does not drive any load pins in the design.
WARNING:PhysDesignRules:367 - The signal <XIL_ML_UNUSED_DCM_CLKOUT_8> is
   incomplete. The signal does not drive any load pins in the design.
WARNING:PhysDesignRules:367 - The signal <XIL_ML_UNUSED_DCM_CLKFX_9> is
   incomplete. The signal does not drive any load pins in the design.
WARNING:PhysDesignRules:367 - The signal <XIL_ML_UNUSED_DCM_CLKOUT_9> is
   incomplete. The signal does not drive any load pins in the design.
WARNING:PhysDesignRules:367 - The signal <XIL_ML_UNUSED_DCM_CLKFX_10> is
   incomplete. The signal does not drive any load pins in the design.
WARNING:PhysDesignRules:367 - The signal <XIL_ML_UNUSED_DCM_CLKOUT_10> is
   incomplete. The signal does not drive any load pins in the design.
WARNING:PhysDesignRules:367 - The signal <XIL_ML_UNUSED_DCM_CLKFX_11> is
   incomplete. The signal does not drive any load pins in the design.
WARNING:PhysDesignRules:367 - The signal <XIL_ML_UNUSED_DCM_CLKOUT_11> is
   incomplete. The signal does not drive any load pins in the design.
WARNING:PhysDesignRules:367 - The signal <XIL_ML_UNUSED_DCM_CLKFX_12> is
   incomplete. The signal does not drive any load pins in the design.
WARNING:PhysDesignRules:367 - The signal <XIL_ML_UNUSED_DCM_CLKOUT_12> is
   incomplete. The signal does not drive any load pins in the design.
WARNING:PhysDesignRules - Dangling pins on
   block:<XIL_ML_UNUSED_DCM_1/XIL_ML_UNUSED_DCM_1>:<DCM_ADV_DCM_ADV>.
   For VARIABLE or DIRECT phase shifting the phase shift pins PSEN PSCLK and
   PSDONE should be connected to active signals.
WARNING:PhysDesignRules - Dangling pins on
   block:<XIL_ML_UNUSED_DCM_2/XIL_ML_UNUSED_DCM_2>:<DCM_ADV_DCM_ADV>.
   For VARIABLE or DIRECT phase shifting the phase shift pins PSEN PSCLK and
   PSDONE should be connected to active signals.
WARNING:PhysDesignRules - Dangling pins on
   block:<XIL_ML_UNUSED_DCM_3/XIL_ML_UNUSED_DCM_3>:<DCM_ADV_DCM_ADV>.
   For VARIABLE or DIRECT phase shifting the phase shift pins PSEN PSCLK and
   PSDONE should be connected to active signals.
WARNING:PhysDesignRules - Dangling pins on
   block:<XIL_ML_UNUSED_DCM_4/XIL_ML_UNUSED_DCM_4>:<DCM_ADV_DCM_ADV>.
   For VARIABLE or DIRECT phase shifting the phase shift pins PSEN PSCLK and
   PSDONE should be connected to active signals.
WARNING:PhysDesignRules - Dangling pins on
   block:<XIL_ML_UNUSED_DCM_5/XIL_ML_UNUSED_DCM_5>:<DCM_ADV_DCM_ADV>.
   For VARIABLE or DIRECT phase shifting the phase shift pins PSEN PSCLK and
   PSDONE should be connected to active signals.
WARNING:PhysDesignRules - Dangling pins on
   block:<XIL_ML_UNUSED_DCM_6/XIL_ML_UNUSED_DCM_6>:<DCM_ADV_DCM_ADV>.
   For VARIABLE or DIRECT phase shifting the phase shift pins PSEN PSCLK and
   PSDONE should be connected to active signals.
WARNING:PhysDesignRules - Dangling pins on
   block:<XIL_ML_UNUSED_DCM_7/XIL_ML_UNUSED_DCM_7>:<DCM_ADV_DCM_ADV>.
   For VARIABLE or DIRECT phase shifting the phase shift pins PSEN PSCLK and
   PSDONE should be connected to active signals.
WARNING:PhysDesignRules - Dangling pins on
   block:<XIL_ML_UNUSED_DCM_8/XIL_ML_UNUSED_DCM_8>:<DCM_ADV_DCM_ADV>.
   For VARIABLE or DIRECT phase shifting the phase shift pins PSEN PSCLK and
   PSDONE should be connected to active signals.
WARNING:PhysDesignRules - Dangling pins on
   block:<XIL_ML_UNUSED_DCM_9/XIL_ML_UNUSED_DCM_9>:<DCM_ADV_DCM_ADV>.
   For VARIABLE or DIRECT phase shifting the phase shift pins PSEN PSCLK and
   PSDONE should be connected to active signals.
WARNING:PhysDesignRules - Dangling pins on
   block:<XIL_ML_UNUSED_DCM_10/XIL_ML_UNUSED_DCM_10>:<DCM_ADV_DCM_ADV>.
   For VARIABLE or DIRECT phase shifting the phase shift pins PSEN PSCLK and
   PSDONE should be connected to active signals.
WARNING:PhysDesignRules - Dangling pins on
   block:<XIL_ML_UNUSED_DCM_11/XIL_ML_UNUSED_DCM_11>:<DCM_ADV_DCM_ADV>.
   For VARIABLE or DIRECT phase shifting the phase shift pins PSEN PSCLK and
   PSDONE should be connected to active signals.
WARNING:PhysDesignRules - Dangling pins on
   block:<XIL_ML_UNUSED_DCM_12/XIL_ML_UNUSED_DCM_12>:<DCM_ADV_DCM_ADV>.
   For VARIABLE or DIRECT phase shifting the phase shift pins PSEN PSCLK and
   PSDONE should be connected to active signals.

Section 3 - Informational
-------------------------
INFO:MapLib:562 - No environment variables are currently set.
INFO:LIT:244 - All of the single ended outputs in this design are using slew
   rate limited output drivers. The delay on speed critical single ended outputs
   can be dramatically reduced by designating them as fast outputs in the
   schematic.
INFO:PhysDesignRules:727 - To achieve optimal frequency synthesis performance
   with the CLKFX and CLKFX180 outputs of the DCM_ADV comp
   XIL_ML_UNUSED_DCM_1/XIL_ML_UNUSED_DCM_1, consult the device Interactive Data
   Sheet.
INFO:PhysDesignRules:727 - To achieve optimal frequency synthesis performance
   with the CLKFX and CLKFX180 outputs of the DCM_ADV comp
   XIL_ML_UNUSED_DCM_2/XIL_ML_UNUSED_DCM_2, consult the device Interactive Data
   Sheet.
INFO:PhysDesignRules:727 - To achieve optimal frequency synthesis performance
   with the CLKFX and CLKFX180 outputs of the DCM_ADV comp
   XIL_ML_UNUSED_DCM_3/XIL_ML_UNUSED_DCM_3, consult the device Interactive Data
   Sheet.
INFO:PhysDesignRules:727 - To achieve optimal frequency synthesis performance
   with the CLKFX and CLKFX180 outputs of the DCM_ADV comp
   XIL_ML_UNUSED_DCM_4/XIL_ML_UNUSED_DCM_4, consult the device Interactive Data
   Sheet.
INFO:PhysDesignRules:727 - To achieve optimal frequency synthesis performance
   with the CLKFX and CLKFX180 outputs of the DCM_ADV comp
   XIL_ML_UNUSED_DCM_5/XIL_ML_UNUSED_DCM_5, consult the device Interactive Data
   Sheet.
INFO:PhysDesignRules:727 - To achieve optimal frequency synthesis performance
   with the CLKFX and CLKFX180 outputs of the DCM_ADV comp
   XIL_ML_UNUSED_DCM_6/XIL_ML_UNUSED_DCM_6, consult the device Interactive Data
   Sheet.
INFO:PhysDesignRules:727 - To achieve optimal frequency synthesis performance
   with the CLKFX and CLKFX180 outputs of the DCM_ADV comp
   XIL_ML_UNUSED_DCM_7/XIL_ML_UNUSED_DCM_7, consult the device Interactive Data
   Sheet.
INFO:PhysDesignRules:727 - To achieve optimal frequency synthesis performance
   with the CLKFX and CLKFX180 outputs of the DCM_ADV comp
   XIL_ML_UNUSED_DCM_8/XIL_ML_UNUSED_DCM_8, consult the device Interactive Data
   Sheet.
INFO:PhysDesignRules:727 - To achieve optimal frequency synthesis performance
   with the CLKFX and CLKFX180 outputs of the DCM_ADV comp
   XIL_ML_UNUSED_DCM_9/XIL_ML_UNUSED_DCM_9, consult the device Interactive Data
   Sheet.
INFO:PhysDesignRules:727 - To achieve optimal frequency synthesis performance
   with the CLKFX and CLKFX180 outputs of the DCM_ADV comp
   XIL_ML_UNUSED_DCM_10/XIL_ML_UNUSED_DCM_10, consult the device Interactive
   Data Sheet.
INFO:PhysDesignRules:727 - To achieve optimal frequency synthesis performance
   with the CLKFX and CLKFX180 outputs of the DCM_ADV comp
   XIL_ML_UNUSED_DCM_11/XIL_ML_UNUSED_DCM_11, consult the device Interactive
   Data Sheet.
INFO:PhysDesignRules:727 - To achieve optimal frequency synthesis performance
   with the CLKFX and CLKFX180 outputs of the DCM_ADV comp
   XIL_ML_UNUSED_DCM_12/XIL_ML_UNUSED_DCM_12, consult the device Interactive
   Data Sheet.

Section 4 - Removed Logic Summary
---------------------------------

Section 5 - Removed Logic
-------------------------

Section 6 - IOB Properties
--------------------------

+----------------------------------------------------------------------------------------------------------------------------------------+
| IOB Name                           | Type             | Direction | IO Standard | Drive    | Slew | Reg (s)      | Resistor | IOB      |
|                                    |                  |           |             | Strength | Rate |              |          | Delay    |
+----------------------------------------------------------------------------------------------------------------------------------------+
| A                                  | IOB              | INPUT     | LVCMOS25    |          |      |              |          |          |
| B                                  | IOB              | INPUT     | LVCMOS25    |          |      |              |          |          |
| C                                  | IOB              | INPUT     | LVCMOS25    |          |      |              |          |          |
| D                                  | IOB              | INPUT     | LVCMOS25    |          |      |              |          |          |
| E                                  | IOB              | INPUT     | LVCMOS25    |          |      |              |          |          |
| Y                                  | IOB              | OUTPUT    | LVCMOS25    | 12       | SLOW |              |          |          |
+----------------------------------------------------------------------------------------------------------------------------------------+

Section 7 - RPMs
----------------

Section 8 - Guide Report
------------------------
Guide not run on this design.

Section 9 - Area Group Summary
------------------------------
No area groups were found in this design.

Section 10 - Modular Design Summary
-----------------------------------
Modular Design not used for this design.

Section 11 - Timing Report
--------------------------
This design was not run using timing mode.

Section 12 - Configuration String Details
--------------------------
Use the "-detail" map option to print out Configuration Strings

Section 13 - Additional Device Resource Counts
----------------------------------------------
Number of JTAG Gates for IOBs = 6
Number of Equivalent Gates for Design = 12
Number of RPM Macros = 0
Number of Hard Macros = 0
PMV = 0
USR_ACCESS_VIRTEX4 = 0
BUFIO = 0
GT11CLK = 0
GT11 = 0
IDELAYCTRL = 0
FRAME_ECC_VIRTEX4 = 0
STARTUP_VIRTEX4 = 0
JTAGPPC = 0
ICAP_VIRTEX4 = 0
DPM = 0
DCI_TEST = 0
DCIRESET = 0
CAPTURE_VIRTEX4 = 0
BSCAN_VIRTEX4 = 0
OSERDES = 0
ISERDES = 0
BUFR = 0
EMAC = 0
PPC405_ADV = 0
MONITOR = 0
PMCD = 0
DCM_ADV = 0
DSP48 = 0
Unbonded IOBs = 0
Bonded IOBs = 6
XORs = 0
CARRY_INITs = 0
CARRY_SKIPs = 0
CARRY_MUXes = 0
Shift Registers = 0
Static Shift Registers = 0
Dynamic Shift Registers = 0
16x1 ROMs = 0
16x1 RAMs = 0
32x1 RAMs = 0
Dual Port RAMs = 0
MUXFs = 0
MULT_ANDs = 0
4 input LUTs used as Route-Thrus = 0
4 input LUTs = 2
Slice Latches not driven by LUTs = 0
Slice Latches = 0
Slice Flip Flops not driven by LUTs = 0
Slice Flip Flops = 0
SliceMs = 0
SliceLs = 1
Slices = 1
F6 Muxes = 0
F5 Muxes = 0
F8 Muxes = 0
F7 Muxes = 0
Number of LUT signals with 4 loads = 0
Number of LUT signals with 3 loads = 0
Number of LUT signals with 2 loads = 0
Number of LUT signals with 1 load = 2
NGM Average fanout of LUT = 1.00
NGM Maximum fanout of LUT = 1
NGM Average fanin for LUT = 3.0000
Number of LUT symbols = 2
