--------------------------------------------------------------------------------
Release 7.1i Trace H.38
Copyright (c) 1995-2005 Xilinx, Inc.  All rights reserved.

C:/Xilinx/bin/nt/trce.exe -ise d:\project\ct-500\xilinx_seip\seip\seip.ise
-intstyle ise -e 3 -l 3 -s 11 -xml OR5 OR5.ncd -o OR5.twr OR5.pcf


Design file:              or5.ncd
Physical constraint file: or5.pcf
Device,speed:             xc4vlx200,-11 (ADVANCED 1.52 2005-01-22, STEPPING level 0)
Report level:             error report

Environment Variable      Effect 
--------------------      ------ 
NONE                      No environment variables were set
--------------------------------------------------------------------------------

INFO:Timing:2698 - No timing constraints found, doing default enumeration.
INFO:Timing:2752 - To get complete path coverage, use the unconstrained paths
   option. All paths that are not constrained will be reported in the
   unconstrained paths section(s) of the report.


Data Sheet report:
-----------------
All values displayed in nanoseconds (ns)

Pad to Pad
---------------+---------------+---------+
Source Pad     |Destination Pad|  Delay  |
---------------+---------------+---------+
A              |Y              |    5.430|
B              |Y              |    5.862|
C              |Y              |    5.749|
D              |Y              |    5.847|
E              |Y              |    5.696|
---------------+---------------+---------+

Analysis completed Wed Dec 13 14:12:11 2006
--------------------------------------------------------------------------------



Peak Memory Usage: 348 MB
