--------------------------------------------------------------------------------
Release 7.1i Trace H.38
Copyright (c) 1995-2005 Xilinx, Inc.  All rights reserved.

C:/Xilinx/bin/nt/trce.exe -ise d:\project\ct-500\xilinx_seip\seip\seip.ise
-intstyle ise -e 3 -l 3 -s 11 -xml SEIP SEIP.ncd -o SEIP.twr SEIP.pcf


Design file:              seip.ncd
Physical constraint file: seip.pcf
Device,speed:             xc4vlx200,-11 (ADVANCED 1.52 2005-01-22, STEPPING level 0)
Report level:             error report

Environment Variable      Effect 
--------------------      ------ 
NONE                      No environment variables were set
--------------------------------------------------------------------------------

INFO:Timing:2698 - No timing constraints found, doing default enumeration.
INFO:Timing:2752 - To get complete path coverage, use the unconstrained paths
   option. All paths that are not constrained will be reported in the
   unconstrained paths section(s) of the report.


Data Sheet report:
-----------------
All values displayed in nanoseconds (ns)

Setup/Hold to clock MCK
------------+------------+------------+------------------+--------+
            |  Setup to  |  Hold to   |                  |  Clock |
Source      | clk (edge) | clk (edge) |Internal Clock(s) |  Phase |
------------+------------+------------+------------------+--------+
EIMO<0>     |    6.106(R)|    2.727(R)|MCK_BUFGP         |   0.000|
EIMO<10>    |    6.617(R)|    2.767(R)|MCK_BUFGP         |   0.000|
EIMO<11>    |    6.454(R)|    2.478(R)|MCK_BUFGP         |   0.000|
EIMO<12>    |    7.208(R)|    0.897(R)|MCK_BUFGP         |   0.000|
EIMO<13>    |    6.410(R)|    2.430(R)|MCK_BUFGP         |   0.000|
EIMO<14>    |    6.641(R)|    2.790(R)|MCK_BUFGP         |   0.000|
EIMO<15>    |    6.631(R)|    2.042(R)|MCK_BUFGP         |   0.000|
EIMO<1>     |    6.599(R)|    2.211(R)|MCK_BUFGP         |   0.000|
EIMO<2>     |    6.449(R)|    1.947(R)|MCK_BUFGP         |   0.000|
EIMO<3>     |    6.553(R)|    1.634(R)|MCK_BUFGP         |   0.000|
EIMO<4>     |    6.236(R)|    1.989(R)|MCK_BUFGP         |   0.000|
EIMO<5>     |    5.989(R)|    1.444(R)|MCK_BUFGP         |   0.000|
EIMO<6>     |    6.129(R)|    2.845(R)|MCK_BUFGP         |   0.000|
EIMO<7>     |    7.309(R)|    2.716(R)|MCK_BUFGP         |   0.000|
EIMO<8>     |    6.349(R)|    2.728(R)|MCK_BUFGP         |   0.000|
EIMO<9>     |    5.835(R)|    2.723(R)|MCK_BUFGP         |   0.000|
PIA<0>      |    4.285(R)|    1.391(R)|MCK_BUFGP         |   0.000|
PIA<10>     |    4.065(R)|    3.109(R)|MCK_BUFGP         |   0.000|
PIA<1>      |    3.765(R)|    2.680(R)|MCK_BUFGP         |   0.000|
PIA<2>      |    3.482(R)|    1.536(R)|MCK_BUFGP         |   0.000|
PIA<3>      |    3.994(R)|    1.308(R)|MCK_BUFGP         |   0.000|
PIA<4>      |    5.340(R)|    0.953(R)|MCK_BUFGP         |   0.000|
PIA<5>      |    3.443(R)|    2.352(R)|MCK_BUFGP         |   0.000|
PIA<6>      |    2.503(R)|    2.821(R)|MCK_BUFGP         |   0.000|
PIA<7>      |    2.497(R)|    2.948(R)|MCK_BUFGP         |   0.000|
PIA<8>      |    3.917(R)|    3.358(R)|MCK_BUFGP         |   0.000|
PIA<9>      |    4.113(R)|    3.640(R)|MCK_BUFGP         |   0.000|
PIDI<0>     |    1.036(R)|    2.066(R)|MCK_BUFGP         |   0.000|
PIDI<10>    |   -0.821(R)|    3.443(R)|MCK_BUFGP         |   0.000|
PIDI<11>    |   -0.849(R)|    3.295(R)|MCK_BUFGP         |   0.000|
PIDI<12>    |   -1.063(R)|    3.455(R)|MCK_BUFGP         |   0.000|
PIDI<13>    |   -1.123(R)|    3.470(R)|MCK_BUFGP         |   0.000|
PIDI<14>    |   -1.165(R)|    3.607(R)|MCK_BUFGP         |   0.000|
PIDI<15>    |   -1.192(R)|    3.334(R)|MCK_BUFGP         |   0.000|
PIDI<1>     |    2.209(R)|    1.186(R)|MCK_BUFGP         |   0.000|
PIDI<2>     |    2.459(R)|    1.194(R)|MCK_BUFGP         |   0.000|
PIDI<3>     |    2.248(R)|    1.202(R)|MCK_BUFGP         |   0.000|
PIDI<4>     |    0.786(R)|    1.810(R)|MCK_BUFGP         |   0.000|
PIDI<5>     |   -0.325(R)|    3.492(R)|MCK_BUFGP         |   0.000|
PIDI<6>     |   -0.261(R)|    3.609(R)|MCK_BUFGP         |   0.000|
PIDI<7>     |   -0.464(R)|    3.516(R)|MCK_BUFGP         |   0.000|
PIDI<8>     |   -0.205(R)|    3.295(R)|MCK_BUFGP         |   0.000|
PIDI<9>     |   -0.336(R)|    3.318(R)|MCK_BUFGP         |   0.000|
RXD<0>      |   -1.955(R)|    3.506(R)|MCK_BUFGP         |   0.000|
RXD<10>     |   -1.745(R)|    3.328(R)|MCK_BUFGP         |   0.000|
RXD<11>     |   -1.428(R)|    3.051(R)|MCK_BUFGP         |   0.000|
RXD<12>     |   -1.785(R)|    3.354(R)|MCK_BUFGP         |   0.000|
RXD<13>     |   -1.628(R)|    3.218(R)|MCK_BUFGP         |   0.000|
RXD<14>     |   -1.640(R)|    3.227(R)|MCK_BUFGP         |   0.000|
RXD<15>     |   -1.586(R)|    3.181(R)|MCK_BUFGP         |   0.000|
RXD<16>     |   -1.663(R)|    3.246(R)|MCK_BUFGP         |   0.000|
RXD<17>     |   -1.780(R)|    3.348(R)|MCK_BUFGP         |   0.000|
RXD<18>     |   -1.561(R)|    3.162(R)|MCK_BUFGP         |   0.000|
RXD<19>     |   -1.399(R)|    3.032(R)|MCK_BUFGP         |   0.000|
RXD<1>      |   -1.330(R)|    2.970(R)|MCK_BUFGP         |   0.000|
RXD<20>     |   -1.788(R)|    3.363(R)|MCK_BUFGP         |   0.000|
RXD<21>     |   -1.209(R)|    2.872(R)|MCK_BUFGP         |   0.000|
RXD<22>     |   -1.513(R)|    3.126(R)|MCK_BUFGP         |   0.000|
RXD<23>     |   -1.217(R)|    2.855(R)|MCK_BUFGP         |   0.000|
RXD<24>     |   -1.730(R)|    3.290(R)|MCK_BUFGP         |   0.000|
RXD<25>     |   -1.672(R)|    3.241(R)|MCK_BUFGP         |   0.000|
RXD<26>     |   -1.728(R)|    3.313(R)|MCK_BUFGP         |   0.000|
RXD<27>     |   -1.601(R)|    3.205(R)|MCK_BUFGP         |   0.000|
RXD<28>     |   -0.592(R)|    2.346(R)|MCK_BUFGP         |   0.000|
RXD<29>     |   -1.648(R)|    3.236(R)|MCK_BUFGP         |   0.000|
RXD<2>      |   -1.520(R)|    3.132(R)|MCK_BUFGP         |   0.000|
RXD<30>     |   -0.955(R)|    2.648(R)|MCK_BUFGP         |   0.000|
RXD<31>     |   -1.466(R)|    3.082(R)|MCK_BUFGP         |   0.000|
RXD<3>      |   -1.535(R)|    3.148(R)|MCK_BUFGP         |   0.000|
RXD<4>      |   -1.685(R)|    3.276(R)|MCK_BUFGP         |   0.000|
RXD<5>      |   -1.472(R)|    3.095(R)|MCK_BUFGP         |   0.000|
RXD<6>      |   -1.750(R)|    3.331(R)|MCK_BUFGP         |   0.000|
RXD<7>      |   -1.692(R)|    3.279(R)|MCK_BUFGP         |   0.000|
RXD<8>      |   -1.609(R)|    3.209(R)|MCK_BUFGP         |   0.000|
RXD<9>      |   -1.769(R)|    3.344(R)|MCK_BUFGP         |   0.000|
RXWE        |    0.223(R)|    2.883(R)|MCK_BUFGP         |   0.000|
SDI1        |   -0.381(R)|    2.125(R)|MCK_BUFGP         |   0.000|
SDI2        |   -0.397(R)|    2.137(R)|MCK_BUFGP         |   0.000|
TE          |   12.878(R)|    0.268(R)|MCK_BUFGP         |   0.000|
TI0         |   -0.814(R)|    2.431(R)|MCK_BUFGP         |   0.000|
TI1         |   -1.338(R)|    2.955(R)|MCK_BUFGP         |   0.000|
TI2         |   -1.183(R)|    2.729(R)|MCK_BUFGP         |   0.000|
TI3         |   -1.558(R)|    3.260(R)|MCK_BUFGP         |   0.000|
TI4         |    0.671(R)|    2.690(R)|MCK_BUFGP         |   0.000|
TIMO<0>     |    4.191(R)|    2.210(R)|MCK_BUFGP         |   0.000|
TIMO<10>    |    3.231(R)|    2.813(R)|MCK_BUFGP         |   0.000|
TIMO<11>    |    4.112(R)|    2.714(R)|MCK_BUFGP         |   0.000|
TIMO<12>    |    4.284(R)|    2.267(R)|MCK_BUFGP         |   0.000|
TIMO<13>    |    3.752(R)|    2.457(R)|MCK_BUFGP         |   0.000|
TIMO<14>    |    4.407(R)|    2.434(R)|MCK_BUFGP         |   0.000|
TIMO<15>    |    3.310(R)|    2.845(R)|MCK_BUFGP         |   0.000|
TIMO<16>    |    2.763(R)|    2.883(R)|MCK_BUFGP         |   0.000|
TIMO<17>    |    3.343(R)|    2.654(R)|MCK_BUFGP         |   0.000|
TIMO<18>    |    2.995(R)|    2.968(R)|MCK_BUFGP         |   0.000|
TIMO<19>    |    4.424(R)|    2.308(R)|MCK_BUFGP         |   0.000|
TIMO<1>     |    6.379(R)|    0.738(R)|MCK_BUFGP         |   0.000|
TIMO<20>    |    0.866(R)|    1.047(R)|MCK_BUFGP         |   0.000|
TIMO<21>    |   -0.238(R)|    1.975(R)|MCK_BUFGP         |   0.000|
TIMO<22>    |    0.102(R)|    1.689(R)|MCK_BUFGP         |   0.000|
TIMO<23>    |    0.414(R)|    1.425(R)|MCK_BUFGP         |   0.000|
TIMO<2>     |    4.556(R)|    3.294(R)|MCK_BUFGP         |   0.000|
TIMO<3>     |    4.892(R)|    3.015(R)|MCK_BUFGP         |   0.000|
TIMO<4>     |    4.414(R)|    2.675(R)|MCK_BUFGP         |   0.000|
TIMO<5>     |    4.749(R)|    2.273(R)|MCK_BUFGP         |   0.000|
TIMO<6>     |    4.027(R)|    2.317(R)|MCK_BUFGP         |   0.000|
TIMO<7>     |    4.763(R)|    2.100(R)|MCK_BUFGP         |   0.000|
TIMO<8>     |    5.233(R)|    2.174(R)|MCK_BUFGP         |   0.000|
TIMO<9>     |    4.545(R)|    2.472(R)|MCK_BUFGP         |   0.000|
TROMO<0>    |    9.825(R)|    1.844(R)|MCK_BUFGP         |   0.000|
TROMO<1>    |   11.310(R)|   -0.009(R)|MCK_BUFGP         |   0.000|
TROMO<2>    |    7.310(R)|    1.980(R)|MCK_BUFGP         |   0.000|
TROMO<3>    |    7.129(R)|    2.564(R)|MCK_BUFGP         |   0.000|
TROMO<4>    |    8.998(R)|    1.384(R)|MCK_BUFGP         |   0.000|
TROMO<5>    |    6.792(R)|    1.897(R)|MCK_BUFGP         |   0.000|
TROMO<6>    |    9.614(R)|    1.926(R)|MCK_BUFGP         |   0.000|
TROMO<7>    |   11.178(R)|   -0.355(R)|MCK_BUFGP         |   0.000|
TXRDY       |   -1.512(R)|    3.098(R)|MCK_BUFGP         |   0.000|
WEMDO<0>    |   -1.310(R)|    2.907(R)|MCK_BUFGP         |   0.000|
WEMDO<1>    |   -1.702(R)|    3.229(R)|MCK_BUFGP         |   0.000|
WEMDO<2>    |   -0.411(R)|    2.135(R)|MCK_BUFGP         |   0.000|
WEMDO<3>    |   -1.570(R)|    3.118(R)|MCK_BUFGP         |   0.000|
WEMDO<4>    |   -0.935(R)|    2.571(R)|MCK_BUFGP         |   0.000|
WEMDO<5>    |   -1.686(R)|    3.211(R)|MCK_BUFGP         |   0.000|
WEMDO<6>    |   -1.068(R)|    2.671(R)|MCK_BUFGP         |   0.000|
WEMDO<7>    |   -0.527(R)|    2.226(R)|MCK_BUFGP         |   0.000|
WIMD<0>     |    6.485(R)|    2.669(R)|MCK_BUFGP         |   0.000|
WIMD<10>    |    5.391(R)|    2.874(R)|MCK_BUFGP         |   0.000|
WIMD<11>    |    4.172(R)|    2.147(R)|MCK_BUFGP         |   0.000|
WIMD<12>    |    4.273(R)|    2.764(R)|MCK_BUFGP         |   0.000|
WIMD<13>    |    3.915(R)|    1.866(R)|MCK_BUFGP         |   0.000|
WIMD<14>    |    4.305(R)|    2.144(R)|MCK_BUFGP         |   0.000|
WIMD<15>    |    4.513(R)|    2.191(R)|MCK_BUFGP         |   0.000|
WIMD<1>     |    6.966(R)|    2.564(R)|MCK_BUFGP         |   0.000|
WIMD<2>     |    5.004(R)|    2.885(R)|MCK_BUFGP         |   0.000|
WIMD<3>     |    5.515(R)|    2.859(R)|MCK_BUFGP         |   0.000|
WIMD<4>     |    7.106(R)|    2.855(R)|MCK_BUFGP         |   0.000|
WIMD<5>     |    6.617(R)|    2.652(R)|MCK_BUFGP         |   0.000|
WIMD<6>     |    5.769(R)|    2.770(R)|MCK_BUFGP         |   0.000|
WIMD<7>     |    6.018(R)|    2.780(R)|MCK_BUFGP         |   0.000|
WIMD<8>     |    5.296(R)|    3.071(R)|MCK_BUFGP         |   0.000|
WIMD<9>     |    5.279(R)|    3.057(R)|MCK_BUFGP         |   0.000|
XPWE        |    5.878(R)|    1.723(R)|MCK_BUFGP         |   0.000|
XRST        |    8.838(R)|   -0.710(R)|MCK_BUFGP         |   0.000|
------------+------------+------------+------------------+--------+

Clock MCK to Pad
------------+------------+------------------+--------+
            | clk (edge) |                  |  Clock |
Destination | to PAD     |Internal Clock(s) |  Phase |
------------+------------+------------------+--------+
ADMCK       |   10.953(R)|MCK_BUFGP         |   0.000|
EEMA<0>     |   15.027(R)|MCK_BUFGP         |   0.000|
EEMA<10>    |   19.074(R)|MCK_BUFGP         |   0.000|
EEMA<11>    |   20.260(R)|MCK_BUFGP         |   0.000|
EEMA<12>    |   20.354(R)|MCK_BUFGP         |   0.000|
EEMA<13>    |   19.757(R)|MCK_BUFGP         |   0.000|
EEMA<14>    |   20.528(R)|MCK_BUFGP         |   0.000|
EEMA<15>    |   21.169(R)|MCK_BUFGP         |   0.000|
EEMA<1>     |   16.194(R)|MCK_BUFGP         |   0.000|
EEMA<2>     |   16.190(R)|MCK_BUFGP         |   0.000|
EEMA<3>     |   16.449(R)|MCK_BUFGP         |   0.000|
EEMA<4>     |   17.269(R)|MCK_BUFGP         |   0.000|
EEMA<5>     |   17.373(R)|MCK_BUFGP         |   0.000|
EEMA<6>     |   17.670(R)|MCK_BUFGP         |   0.000|
EEMA<7>     |   18.263(R)|MCK_BUFGP         |   0.000|
EEMA<8>     |   18.837(R)|MCK_BUFGP         |   0.000|
EEMA<9>     |   18.640(R)|MCK_BUFGP         |   0.000|
EEMDI<0>    |   15.053(R)|MCK_BUFGP         |   0.000|
EEMDI<10>   |   15.195(R)|MCK_BUFGP         |   0.000|
EEMDI<11>   |   14.471(R)|MCK_BUFGP         |   0.000|
EEMDI<12>   |   15.006(R)|MCK_BUFGP         |   0.000|
EEMDI<13>   |   14.950(R)|MCK_BUFGP         |   0.000|
EEMDI<14>   |   14.858(R)|MCK_BUFGP         |   0.000|
EEMDI<15>   |   14.266(R)|MCK_BUFGP         |   0.000|
EEMDI<1>    |   14.548(R)|MCK_BUFGP         |   0.000|
EEMDI<2>    |   14.886(R)|MCK_BUFGP         |   0.000|
EEMDI<3>    |   15.385(R)|MCK_BUFGP         |   0.000|
EEMDI<4>    |   14.856(R)|MCK_BUFGP         |   0.000|
EEMDI<5>    |   15.103(R)|MCK_BUFGP         |   0.000|
EEMDI<6>    |   14.983(R)|MCK_BUFGP         |   0.000|
EEMDI<7>    |   15.031(R)|MCK_BUFGP         |   0.000|
EEMDI<8>    |   15.963(R)|MCK_BUFGP         |   0.000|
EEMDI<9>    |   15.956(R)|MCK_BUFGP         |   0.000|
EIMA<0>     |   18.331(R)|MCK_BUFGP         |   0.000|
EIMA<1>     |   19.229(R)|MCK_BUFGP         |   0.000|
EIMA<2>     |   19.687(R)|MCK_BUFGP         |   0.000|
EIMA<3>     |   20.988(R)|MCK_BUFGP         |   0.000|
EIMA<4>     |   19.327(R)|MCK_BUFGP         |   0.000|
EIMA<5>     |   18.929(R)|MCK_BUFGP         |   0.000|
EIMA<6>     |   18.921(R)|MCK_BUFGP         |   0.000|
EIMA<7>     |   18.731(R)|MCK_BUFGP         |   0.000|
EIMDI<0>    |   27.864(R)|MCK_BUFGP         |   0.000|
EIMDI<10>   |   28.270(R)|MCK_BUFGP         |   0.000|
EIMDI<11>   |   28.313(R)|MCK_BUFGP         |   0.000|
EIMDI<12>   |   28.880(R)|MCK_BUFGP         |   0.000|
EIMDI<13>   |   28.068(R)|MCK_BUFGP         |   0.000|
EIMDI<14>   |   28.072(R)|MCK_BUFGP         |   0.000|
EIMDI<15>   |   28.189(R)|MCK_BUFGP         |   0.000|
EIMDI<1>    |   26.855(R)|MCK_BUFGP         |   0.000|
EIMDI<2>    |   27.006(R)|MCK_BUFGP         |   0.000|
EIMDI<3>    |   27.426(R)|MCK_BUFGP         |   0.000|
EIMDI<4>    |   27.431(R)|MCK_BUFGP         |   0.000|
EIMDI<5>    |   28.245(R)|MCK_BUFGP         |   0.000|
EIMDI<6>    |   28.216(R)|MCK_BUFGP         |   0.000|
EIMDI<7>    |   28.025(R)|MCK_BUFGP         |   0.000|
EIMDI<8>    |   28.901(R)|MCK_BUFGP         |   0.000|
EIMDI<9>    |   27.464(R)|MCK_BUFGP         |   0.000|
EXMBIH      |   10.575(R)|MCK_BUFGP         |   0.000|
LRCKO       |   10.762(R)|MCK_BUFGP         |   0.000|
MLRCK       |   11.313(R)|MCK_BUFGP         |   0.000|
MSCK        |   10.780(R)|MCK_BUFGP         |   0.000|
PIDO<0>     |   13.191(R)|MCK_BUFGP         |   0.000|
PIDO<10>    |   13.809(R)|MCK_BUFGP         |   0.000|
PIDO<11>    |   13.666(R)|MCK_BUFGP         |   0.000|
PIDO<12>    |   13.317(R)|MCK_BUFGP         |   0.000|
PIDO<13>    |   13.808(R)|MCK_BUFGP         |   0.000|
PIDO<14>    |   13.519(R)|MCK_BUFGP         |   0.000|
PIDO<15>    |   14.048(R)|MCK_BUFGP         |   0.000|
PIDO<1>     |   13.701(R)|MCK_BUFGP         |   0.000|
PIDO<2>     |   13.199(R)|MCK_BUFGP         |   0.000|
PIDO<3>     |   13.318(R)|MCK_BUFGP         |   0.000|
PIDO<4>     |   12.543(R)|MCK_BUFGP         |   0.000|
PIDO<5>     |   12.946(R)|MCK_BUFGP         |   0.000|
PIDO<6>     |   12.635(R)|MCK_BUFGP         |   0.000|
PIDO<7>     |   14.337(R)|MCK_BUFGP         |   0.000|
PIDO<8>     |   13.749(R)|MCK_BUFGP         |   0.000|
PIDO<9>     |   13.745(R)|MCK_BUFGP         |   0.000|
PRDY        |   10.908(R)|MCK_BUFGP         |   0.000|
RXRDY       |   11.920(R)|MCK_BUFGP         |   0.000|
RXSYNC      |   16.094(R)|MCK_BUFGP         |   0.000|
SCKO        |   10.785(R)|MCK_BUFGP         |   0.000|
SD1O        |   17.596(R)|MCK_BUFGP         |   0.000|
SD2O        |   17.077(R)|MCK_BUFGP         |   0.000|
TIMA<0>     |   13.328(R)|MCK_BUFGP         |   0.000|
TIMA<1>     |   13.416(R)|MCK_BUFGP         |   0.000|
TIMA<2>     |   14.137(R)|MCK_BUFGP         |   0.000|
TIMA<3>     |   14.003(R)|MCK_BUFGP         |   0.000|
TIMA<4>     |   13.816(R)|MCK_BUFGP         |   0.000|
TIMA<5>     |   13.842(R)|MCK_BUFGP         |   0.000|
TIMA<6>     |   13.646(R)|MCK_BUFGP         |   0.000|
TIMA<7>     |   12.563(R)|MCK_BUFGP         |   0.000|
TIMA<8>     |   13.223(R)|MCK_BUFGP         |   0.000|
TIMI<0>     |   18.016(R)|MCK_BUFGP         |   0.000|
TIMI<10>    |   17.915(R)|MCK_BUFGP         |   0.000|
TIMI<11>    |   18.642(R)|MCK_BUFGP         |   0.000|
TIMI<12>    |   17.430(R)|MCK_BUFGP         |   0.000|
TIMI<13>    |   17.770(R)|MCK_BUFGP         |   0.000|
TIMI<14>    |   18.255(R)|MCK_BUFGP         |   0.000|
TIMI<15>    |   18.750(R)|MCK_BUFGP         |   0.000|
TIMI<16>    |   17.652(R)|MCK_BUFGP         |   0.000|
TIMI<17>    |   16.680(R)|MCK_BUFGP         |   0.000|
TIMI<18>    |   17.109(R)|MCK_BUFGP         |   0.000|
TIMI<19>    |   18.817(R)|MCK_BUFGP         |   0.000|
TIMI<1>     |   18.022(R)|MCK_BUFGP         |   0.000|
TIMI<20>    |   16.663(R)|MCK_BUFGP         |   0.000|
TIMI<21>    |   16.414(R)|MCK_BUFGP         |   0.000|
TIMI<22>    |   16.303(R)|MCK_BUFGP         |   0.000|
TIMI<23>    |   16.733(R)|MCK_BUFGP         |   0.000|
TIMI<2>     |   18.638(R)|MCK_BUFGP         |   0.000|
TIMI<3>     |   19.007(R)|MCK_BUFGP         |   0.000|
TIMI<4>     |   18.899(R)|MCK_BUFGP         |   0.000|
TIMI<5>     |   17.964(R)|MCK_BUFGP         |   0.000|
TIMI<6>     |   18.392(R)|MCK_BUFGP         |   0.000|
TIMI<7>     |   19.013(R)|MCK_BUFGP         |   0.000|
TIMI<8>     |   18.268(R)|MCK_BUFGP         |   0.000|
TIMI<9>     |   18.475(R)|MCK_BUFGP         |   0.000|
TO0         |    9.780(R)|MCK_BUFGP         |   0.000|
TO1         |   10.381(R)|MCK_BUFGP         |   0.000|
TO2         |   10.330(R)|MCK_BUFGP         |   0.000|
TO3         |   10.744(R)|MCK_BUFGP         |   0.000|
TO4         |   10.247(R)|MCK_BUFGP         |   0.000|
TROMA<0>    |   16.137(R)|MCK_BUFGP         |   0.000|
TROMA<1>    |   16.265(R)|MCK_BUFGP         |   0.000|
TROMA<2>    |   16.362(R)|MCK_BUFGP         |   0.000|
TROMA<3>    |   16.128(R)|MCK_BUFGP         |   0.000|
TROMA<4>    |   14.747(R)|MCK_BUFGP         |   0.000|
TROMA<5>    |   15.899(R)|MCK_BUFGP         |   0.000|
TROMA<6>    |   16.034(R)|MCK_BUFGP         |   0.000|
TROMA<7>    |   15.772(R)|MCK_BUFGP         |   0.000|
TROMA<8>    |   18.227(R)|MCK_BUFGP         |   0.000|
TXD<0>      |    9.683(R)|MCK_BUFGP         |   0.000|
TXD<10>     |   10.408(R)|MCK_BUFGP         |   0.000|
TXD<11>     |   10.139(R)|MCK_BUFGP         |   0.000|
TXD<12>     |   10.354(R)|MCK_BUFGP         |   0.000|
TXD<13>     |    9.889(R)|MCK_BUFGP         |   0.000|
TXD<14>     |    9.885(R)|MCK_BUFGP         |   0.000|
TXD<15>     |    9.456(R)|MCK_BUFGP         |   0.000|
TXD<16>     |   10.081(R)|MCK_BUFGP         |   0.000|
TXD<17>     |    9.970(R)|MCK_BUFGP         |   0.000|
TXD<18>     |   10.109(R)|MCK_BUFGP         |   0.000|
TXD<19>     |    9.742(R)|MCK_BUFGP         |   0.000|
TXD<1>      |   10.164(R)|MCK_BUFGP         |   0.000|
TXD<20>     |    9.979(R)|MCK_BUFGP         |   0.000|
TXD<21>     |    9.809(R)|MCK_BUFGP         |   0.000|
TXD<22>     |   10.193(R)|MCK_BUFGP         |   0.000|
TXD<23>     |    9.618(R)|MCK_BUFGP         |   0.000|
TXD<24>     |    9.793(R)|MCK_BUFGP         |   0.000|
TXD<25>     |   10.143(R)|MCK_BUFGP         |   0.000|
TXD<26>     |   10.009(R)|MCK_BUFGP         |   0.000|
TXD<27>     |    9.872(R)|MCK_BUFGP         |   0.000|
TXD<28>     |   10.009(R)|MCK_BUFGP         |   0.000|
TXD<29>     |    9.998(R)|MCK_BUFGP         |   0.000|
TXD<2>      |    9.939(R)|MCK_BUFGP         |   0.000|
TXD<30>     |    9.827(R)|MCK_BUFGP         |   0.000|
TXD<31>     |    9.612(R)|MCK_BUFGP         |   0.000|
TXD<3>      |    9.736(R)|MCK_BUFGP         |   0.000|
TXD<4>      |    9.800(R)|MCK_BUFGP         |   0.000|
TXD<5>      |    9.934(R)|MCK_BUFGP         |   0.000|
TXD<6>      |   10.411(R)|MCK_BUFGP         |   0.000|
TXD<7>      |   10.079(R)|MCK_BUFGP         |   0.000|
TXD<8>      |    9.799(R)|MCK_BUFGP         |   0.000|
TXD<9>      |   10.235(R)|MCK_BUFGP         |   0.000|
TXRD        |   13.301(R)|MCK_BUFGP         |   0.000|
TXSYNC      |   16.310(R)|MCK_BUFGP         |   0.000|
WEMA<0>     |   10.423(R)|MCK_BUFGP         |   0.000|
WEMA<10>    |   10.692(R)|MCK_BUFGP         |   0.000|
WEMA<11>    |   10.449(R)|MCK_BUFGP         |   0.000|
WEMA<12>    |   10.278(R)|MCK_BUFGP         |   0.000|
WEMA<13>    |   10.039(R)|MCK_BUFGP         |   0.000|
WEMA<14>    |   10.022(R)|MCK_BUFGP         |   0.000|
WEMA<15>    |   10.364(R)|MCK_BUFGP         |   0.000|
WEMA<16>    |   10.020(R)|MCK_BUFGP         |   0.000|
WEMA<17>    |   10.175(R)|MCK_BUFGP         |   0.000|
WEMA<18>    |   10.385(R)|MCK_BUFGP         |   0.000|
WEMA<19>    |   10.364(R)|MCK_BUFGP         |   0.000|
WEMA<1>     |   10.657(R)|MCK_BUFGP         |   0.000|
WEMA<20>    |   10.592(R)|MCK_BUFGP         |   0.000|
WEMA<21>    |   10.456(R)|MCK_BUFGP         |   0.000|
WEMA<22>    |   10.583(R)|MCK_BUFGP         |   0.000|
WEMA<23>    |   10.592(R)|MCK_BUFGP         |   0.000|
WEMA<2>     |   10.792(R)|MCK_BUFGP         |   0.000|
WEMA<3>     |   10.783(R)|MCK_BUFGP         |   0.000|
WEMA<4>     |   10.609(R)|MCK_BUFGP         |   0.000|
WEMA<5>     |   10.415(R)|MCK_BUFGP         |   0.000|
WEMA<6>     |   10.825(R)|MCK_BUFGP         |   0.000|
WEMA<7>     |   10.668(R)|MCK_BUFGP         |   0.000|
WEMA<8>     |   10.829(R)|MCK_BUFGP         |   0.000|
WEMA<9>     |   10.526(R)|MCK_BUFGP         |   0.000|
WEMDI<0>    |   10.198(R)|MCK_BUFGP         |   0.000|
WEMDI<1>    |   10.130(R)|MCK_BUFGP         |   0.000|
WEMDI<2>    |   10.075(R)|MCK_BUFGP         |   0.000|
WEMDI<3>    |   10.148(R)|MCK_BUFGP         |   0.000|
WEMDI<4>    |   10.320(R)|MCK_BUFGP         |   0.000|
WEMDI<5>    |   10.385(R)|MCK_BUFGP         |   0.000|
WEMDI<6>    |   10.776(R)|MCK_BUFGP         |   0.000|
WEMDI<7>    |   10.867(R)|MCK_BUFGP         |   0.000|
WIMA<0>     |   13.374(R)|MCK_BUFGP         |   0.000|
WIMA<1>     |   13.331(R)|MCK_BUFGP         |   0.000|
WIMA<2>     |   13.754(R)|MCK_BUFGP         |   0.000|
WIMA<3>     |   14.045(R)|MCK_BUFGP         |   0.000|
WIMA<4>     |   13.277(R)|MCK_BUFGP         |   0.000|
WIMA<5>     |   13.941(R)|MCK_BUFGP         |   0.000|
WIMA<6>     |   13.947(R)|MCK_BUFGP         |   0.000|
WIMA<7>     |   13.713(R)|MCK_BUFGP         |   0.000|
WIMA<8>     |   13.913(R)|MCK_BUFGP         |   0.000|
WIMDI<0>    |   18.876(R)|MCK_BUFGP         |   0.000|
WIMDI<10>   |   19.254(R)|MCK_BUFGP         |   0.000|
WIMDI<11>   |   18.476(R)|MCK_BUFGP         |   0.000|
WIMDI<12>   |   19.219(R)|MCK_BUFGP         |   0.000|
WIMDI<13>   |   18.918(R)|MCK_BUFGP         |   0.000|
WIMDI<14>   |   19.941(R)|MCK_BUFGP         |   0.000|
WIMDI<15>   |   18.460(R)|MCK_BUFGP         |   0.000|
WIMDI<1>    |   19.790(R)|MCK_BUFGP         |   0.000|
WIMDI<2>    |   18.225(R)|MCK_BUFGP         |   0.000|
WIMDI<3>    |   19.332(R)|MCK_BUFGP         |   0.000|
WIMDI<4>    |   19.817(R)|MCK_BUFGP         |   0.000|
WIMDI<5>    |   18.812(R)|MCK_BUFGP         |   0.000|
WIMDI<6>    |   19.046(R)|MCK_BUFGP         |   0.000|
WIMDI<7>    |   18.782(R)|MCK_BUFGP         |   0.000|
WIMDI<8>    |   19.203(R)|MCK_BUFGP         |   0.000|
WIMDI<9>    |   19.201(R)|MCK_BUFGP         |   0.000|
XEEMWE      |   13.898(R)|MCK_BUFGP         |   0.000|
XEIMWE      |   16.001(R)|MCK_BUFGP         |   0.000|
XTIMWE      |   17.147(R)|MCK_BUFGP         |   0.000|
XWEMOC      |   10.713(R)|MCK_BUFGP         |   0.000|
XWEMWE      |   10.221(R)|MCK_BUFGP         |   0.000|
XWIMWE      |   19.227(R)|MCK_BUFGP         |   0.000|
------------+------------+------------------+--------+

Clock to Setup on destination clock MCK
---------------+---------+---------+---------+---------+
               | Src:Rise| Src:Fall| Src:Rise| Src:Fall|
Source Clock   |Dest:Rise|Dest:Rise|Dest:Fall|Dest:Fall|
---------------+---------+---------+---------+---------+
MCK            |   19.791|         |         |         |
---------------+---------+---------+---------+---------+

Pad to Pad
---------------+---------------+---------+
Source Pad     |Destination Pad|  Delay  |
---------------+---------------+---------+
EEMDO<0>       |EIMDI<0>       |    8.804|
EEMDO<10>      |EIMDI<10>      |    9.763|
EEMDO<11>      |EIMDI<11>      |    9.306|
EEMDO<12>      |EIMDI<12>      |    9.006|
EEMDO<13>      |EIMDI<13>      |    9.413|
EEMDO<14>      |EIMDI<14>      |    9.237|
EEMDO<15>      |EIMDI<15>      |    9.250|
EEMDO<1>       |EIMDI<1>       |    9.065|
EEMDO<2>       |EIMDI<2>       |    9.689|
EEMDO<3>       |EIMDI<3>       |    9.474|
EEMDO<4>       |EIMDI<4>       |    9.720|
EEMDO<5>       |EIMDI<5>       |    8.974|
EEMDO<6>       |EIMDI<6>       |    9.279|
EEMDO<7>       |EIMDI<7>       |    8.971|
EEMDO<8>       |EIMDI<8>       |    9.493|
EEMDO<9>       |EIMDI<9>       |    8.889|
EIMO<0>        |EIMDI<0>       |   13.848|
EIMO<0>        |EIMDI<10>      |   13.127|
EIMO<0>        |EIMDI<11>      |   13.419|
EIMO<0>        |EIMDI<12>      |   13.460|
EIMO<0>        |EIMDI<13>      |   12.708|
EIMO<0>        |EIMDI<14>      |   13.523|
EIMO<0>        |EIMDI<15>      |   13.648|
EIMO<0>        |EIMDI<1>       |   12.666|
EIMO<0>        |EIMDI<2>       |   12.283|
EIMO<0>        |EIMDI<3>       |   12.512|
EIMO<0>        |EIMDI<4>       |   12.604|
EIMO<0>        |EIMDI<5>       |   12.788|
EIMO<0>        |EIMDI<6>       |   12.934|
EIMO<0>        |EIMDI<7>       |   12.685|
EIMO<0>        |EIMDI<8>       |   14.045|
EIMO<0>        |EIMDI<9>       |   12.480|
EIMO<10>       |EIMDI<10>      |   15.480|
EIMO<10>       |EIMDI<11>      |   15.850|
EIMO<10>       |EIMDI<12>      |   15.976|
EIMO<10>       |EIMDI<13>      |   15.434|
EIMO<10>       |EIMDI<14>      |   15.635|
EIMO<10>       |EIMDI<15>      |   15.760|
EIMO<10>       |EIMDI<6>       |   14.864|
EIMO<10>       |EIMDI<7>       |   15.136|
EIMO<10>       |EIMDI<8>       |   16.448|
EIMO<10>       |EIMDI<9>       |   14.982|
EIMO<11>       |EIMDI<10>      |   14.525|
EIMO<11>       |EIMDI<11>      |   15.081|
EIMO<11>       |EIMDI<12>      |   15.236|
EIMO<11>       |EIMDI<13>      |   14.694|
EIMO<11>       |EIMDI<14>      |   14.895|
EIMO<11>       |EIMDI<15>      |   15.020|
EIMO<11>       |EIMDI<7>       |   13.632|
EIMO<11>       |EIMDI<8>       |   15.183|
EIMO<11>       |EIMDI<9>       |   14.036|
EIMO<12>       |EIMDI<0>       |   14.144|
EIMO<12>       |EIMDI<10>      |   15.147|
EIMO<12>       |EIMDI<11>      |   15.984|
EIMO<12>       |EIMDI<12>      |   16.083|
EIMO<12>       |EIMDI<13>      |   15.541|
EIMO<12>       |EIMDI<14>      |   15.742|
EIMO<12>       |EIMDI<15>      |   15.867|
EIMO<12>       |EIMDI<1>       |   13.236|
EIMO<12>       |EIMDI<2>       |   13.131|
EIMO<12>       |EIMDI<3>       |   14.178|
EIMO<12>       |EIMDI<4>       |   14.032|
EIMO<12>       |EIMDI<5>       |   14.525|
EIMO<12>       |EIMDI<6>       |   14.496|
EIMO<12>       |EIMDI<7>       |   14.110|
EIMO<12>       |EIMDI<8>       |   15.119|
EIMO<12>       |EIMDI<9>       |   14.413|
EIMO<13>       |EIMDI<0>       |   14.476|
EIMO<13>       |EIMDI<10>      |   14.882|
EIMO<13>       |EIMDI<11>      |   14.552|
EIMO<13>       |EIMDI<12>      |   15.492|
EIMO<13>       |EIMDI<13>      |   14.731|
EIMO<13>       |EIMDI<14>      |   14.967|
EIMO<13>       |EIMDI<15>      |   14.801|
EIMO<13>       |EIMDI<1>       |   13.467|
EIMO<13>       |EIMDI<2>       |   13.618|
EIMO<13>       |EIMDI<3>       |   14.038|
EIMO<13>       |EIMDI<4>       |   14.043|
EIMO<13>       |EIMDI<5>       |   14.857|
EIMO<13>       |EIMDI<6>       |   14.828|
EIMO<13>       |EIMDI<7>       |   14.442|
EIMO<13>       |EIMDI<8>       |   15.451|
EIMO<13>       |EIMDI<9>       |   14.076|
EIMO<14>       |EIMDI<0>       |   15.308|
EIMO<14>       |EIMDI<10>      |   15.714|
EIMO<14>       |EIMDI<11>      |   15.384|
EIMO<14>       |EIMDI<12>      |   16.324|
EIMO<14>       |EIMDI<13>      |   15.512|
EIMO<14>       |EIMDI<14>      |   15.516|
EIMO<14>       |EIMDI<15>      |   15.633|
EIMO<14>       |EIMDI<1>       |   14.181|
EIMO<14>       |EIMDI<2>       |   14.450|
EIMO<14>       |EIMDI<3>       |   14.870|
EIMO<14>       |EIMDI<4>       |   14.875|
EIMO<14>       |EIMDI<5>       |   15.689|
EIMO<14>       |EIMDI<6>       |   15.660|
EIMO<14>       |EIMDI<7>       |   15.274|
EIMO<14>       |EIMDI<8>       |   16.283|
EIMO<14>       |EIMDI<9>       |   14.908|
EIMO<15>       |EIMDI<0>       |   14.425|
EIMO<15>       |EIMDI<10>      |   14.831|
EIMO<15>       |EIMDI<11>      |   14.501|
EIMO<15>       |EIMDI<12>      |   15.441|
EIMO<15>       |EIMDI<13>      |   14.871|
EIMO<15>       |EIMDI<14>      |   15.072|
EIMO<15>       |EIMDI<15>      |   15.197|
EIMO<15>       |EIMDI<1>       |   13.298|
EIMO<15>       |EIMDI<2>       |   13.567|
EIMO<15>       |EIMDI<3>       |   13.987|
EIMO<15>       |EIMDI<4>       |   13.992|
EIMO<15>       |EIMDI<5>       |   14.806|
EIMO<15>       |EIMDI<6>       |   14.777|
EIMO<15>       |EIMDI<7>       |   14.391|
EIMO<15>       |EIMDI<8>       |   15.400|
EIMO<15>       |EIMDI<9>       |   14.025|
EIMO<1>        |EIMDI<0>       |   13.798|
EIMO<1>        |EIMDI<10>      |   14.204|
EIMO<1>        |EIMDI<11>      |   14.367|
EIMO<1>        |EIMDI<12>      |   14.814|
EIMO<1>        |EIMDI<13>      |   14.002|
EIMO<1>        |EIMDI<14>      |   14.331|
EIMO<1>        |EIMDI<15>      |   14.456|
EIMO<1>        |EIMDI<1>       |   13.243|
EIMO<1>        |EIMDI<2>       |   13.435|
EIMO<1>        |EIMDI<3>       |   13.714|
EIMO<1>        |EIMDI<4>       |   14.075|
EIMO<1>        |EIMDI<5>       |   14.179|
EIMO<1>        |EIMDI<6>       |   14.150|
EIMO<1>        |EIMDI<7>       |   13.764|
EIMO<1>        |EIMDI<8>       |   14.853|
EIMO<1>        |EIMDI<9>       |   13.398|
EIMO<2>        |EIMDI<0>       |   15.675|
EIMO<2>        |EIMDI<10>      |   16.081|
EIMO<2>        |EIMDI<11>      |   15.751|
EIMO<2>        |EIMDI<12>      |   16.691|
EIMO<2>        |EIMDI<13>      |   15.879|
EIMO<2>        |EIMDI<14>      |   15.883|
EIMO<2>        |EIMDI<15>      |   16.000|
EIMO<2>        |EIMDI<1>       |   15.120|
EIMO<2>        |EIMDI<2>       |   14.997|
EIMO<2>        |EIMDI<3>       |   15.591|
EIMO<2>        |EIMDI<4>       |   15.502|
EIMO<2>        |EIMDI<5>       |   16.056|
EIMO<2>        |EIMDI<6>       |   16.027|
EIMO<2>        |EIMDI<7>       |   15.641|
EIMO<2>        |EIMDI<8>       |   16.650|
EIMO<2>        |EIMDI<9>       |   15.275|
EIMO<3>        |EIMDI<0>       |   14.728|
EIMO<3>        |EIMDI<10>      |   15.134|
EIMO<3>        |EIMDI<11>      |   14.804|
EIMO<3>        |EIMDI<12>      |   15.744|
EIMO<3>        |EIMDI<13>      |   14.932|
EIMO<3>        |EIMDI<14>      |   14.936|
EIMO<3>        |EIMDI<15>      |   15.053|
EIMO<3>        |EIMDI<1>       |   14.407|
EIMO<3>        |EIMDI<2>       |   14.144|
EIMO<3>        |EIMDI<3>       |   14.523|
EIMO<3>        |EIMDI<4>       |   14.818|
EIMO<3>        |EIMDI<5>       |   15.109|
EIMO<3>        |EIMDI<6>       |   15.080|
EIMO<3>        |EIMDI<7>       |   14.694|
EIMO<3>        |EIMDI<8>       |   15.703|
EIMO<3>        |EIMDI<9>       |   14.328|
EIMO<4>        |EIMDI<0>       |   13.978|
EIMO<4>        |EIMDI<10>      |   13.795|
EIMO<4>        |EIMDI<11>      |   13.606|
EIMO<4>        |EIMDI<12>      |   13.757|
EIMO<4>        |EIMDI<13>      |   13.727|
EIMO<4>        |EIMDI<14>      |   14.569|
EIMO<4>        |EIMDI<15>      |   14.694|
EIMO<4>        |EIMDI<1>       |   12.796|
EIMO<4>        |EIMDI<2>       |   12.413|
EIMO<4>        |EIMDI<3>       |   12.642|
EIMO<4>        |EIMDI<4>       |   12.734|
EIMO<4>        |EIMDI<5>       |   12.918|
EIMO<4>        |EIMDI<6>       |   13.709|
EIMO<4>        |EIMDI<7>       |   13.753|
EIMO<4>        |EIMDI<8>       |   14.175|
EIMO<4>        |EIMDI<9>       |   13.468|
EIMO<5>        |EIMDI<10>      |   13.325|
EIMO<5>        |EIMDI<11>      |   13.778|
EIMO<5>        |EIMDI<12>      |   14.080|
EIMO<5>        |EIMDI<13>      |   13.538|
EIMO<5>        |EIMDI<14>      |   13.739|
EIMO<5>        |EIMDI<15>      |   13.864|
EIMO<5>        |EIMDI<1>       |   12.546|
EIMO<5>        |EIMDI<2>       |   12.825|
EIMO<5>        |EIMDI<3>       |   12.518|
EIMO<5>        |EIMDI<4>       |   13.465|
EIMO<5>        |EIMDI<5>       |   12.986|
EIMO<5>        |EIMDI<6>       |   13.132|
EIMO<5>        |EIMDI<7>       |   12.883|
EIMO<5>        |EIMDI<8>       |   14.243|
EIMO<5>        |EIMDI<9>       |   12.791|
EIMO<6>        |EIMDI<10>      |   14.733|
EIMO<6>        |EIMDI<11>      |   15.103|
EIMO<6>        |EIMDI<12>      |   15.229|
EIMO<6>        |EIMDI<13>      |   14.687|
EIMO<6>        |EIMDI<14>      |   14.888|
EIMO<6>        |EIMDI<15>      |   15.013|
EIMO<6>        |EIMDI<2>       |   13.923|
EIMO<6>        |EIMDI<3>       |   14.667|
EIMO<6>        |EIMDI<4>       |   14.200|
EIMO<6>        |EIMDI<5>       |   13.840|
EIMO<6>        |EIMDI<6>       |   14.905|
EIMO<6>        |EIMDI<7>       |   14.876|
EIMO<6>        |EIMDI<8>       |   15.752|
EIMO<6>        |EIMDI<9>       |   14.256|
EIMO<7>        |EIMDI<10>      |   15.719|
EIMO<7>        |EIMDI<11>      |   16.275|
EIMO<7>        |EIMDI<12>      |   15.967|
EIMO<7>        |EIMDI<13>      |   15.534|
EIMO<7>        |EIMDI<14>      |   15.675|
EIMO<7>        |EIMDI<15>      |   15.513|
EIMO<7>        |EIMDI<3>       |   14.152|
EIMO<7>        |EIMDI<4>       |   14.325|
EIMO<7>        |EIMDI<5>       |   13.965|
EIMO<7>        |EIMDI<6>       |   15.030|
EIMO<7>        |EIMDI<7>       |   15.001|
EIMO<7>        |EIMDI<8>       |   16.377|
EIMO<7>        |EIMDI<9>       |   15.230|
EIMO<8>        |EIMDI<10>      |   14.288|
EIMO<8>        |EIMDI<11>      |   15.125|
EIMO<8>        |EIMDI<12>      |   15.224|
EIMO<8>        |EIMDI<13>      |   14.682|
EIMO<8>        |EIMDI<14>      |   14.883|
EIMO<8>        |EIMDI<15>      |   15.008|
EIMO<8>        |EIMDI<4>       |   12.244|
EIMO<8>        |EIMDI<5>       |   12.891|
EIMO<8>        |EIMDI<6>       |   13.833|
EIMO<8>        |EIMDI<7>       |   13.877|
EIMO<8>        |EIMDI<8>       |   14.170|
EIMO<8>        |EIMDI<9>       |   13.592|
EIMO<9>        |EIMDI<10>      |   13.827|
EIMO<9>        |EIMDI<11>      |   14.161|
EIMO<9>        |EIMDI<12>      |   14.463|
EIMO<9>        |EIMDI<13>      |   14.156|
EIMO<9>        |EIMDI<14>      |   14.392|
EIMO<9>        |EIMDI<15>      |   14.247|
EIMO<9>        |EIMDI<5>       |   11.667|
EIMO<9>        |EIMDI<6>       |   12.908|
EIMO<9>        |EIMDI<7>       |   12.874|
EIMO<9>        |EIMDI<8>       |   13.695|
EIMO<9>        |EIMDI<9>       |   13.174|
PIA<0>         |PIDO<0>        |   11.897|
PIA<0>         |PIDO<10>       |   12.630|
PIA<0>         |PIDO<11>       |   12.439|
PIA<0>         |PIDO<12>       |   12.528|
PIA<0>         |PIDO<13>       |   12.491|
PIA<0>         |PIDO<14>       |   12.515|
PIA<0>         |PIDO<15>       |   12.529|
PIA<0>         |PIDO<1>        |   12.024|
PIA<0>         |PIDO<2>        |   11.447|
PIA<0>         |PIDO<3>        |   11.591|
PIA<0>         |PIDO<4>        |   11.083|
PIA<0>         |PIDO<5>        |   11.459|
PIA<0>         |PIDO<6>        |   11.619|
PIA<0>         |PIDO<7>        |   13.030|
PIA<0>         |PIDO<8>        |   12.997|
PIA<0>         |PIDO<9>        |   12.922|
PIA<10>        |PIDO<0>        |   12.669|
PIA<10>        |PIDO<10>       |   11.945|
PIA<10>        |PIDO<11>       |   11.586|
PIA<10>        |PIDO<12>       |   11.630|
PIA<10>        |PIDO<13>       |   11.639|
PIA<10>        |PIDO<14>       |   12.428|
PIA<10>        |PIDO<15>       |   11.776|
PIA<10>        |PIDO<1>        |   12.045|
PIA<10>        |PIDO<2>        |   12.343|
PIA<10>        |PIDO<3>        |   12.562|
PIA<10>        |PIDO<4>        |   13.073|
PIA<10>        |PIDO<5>        |   13.067|
PIA<10>        |PIDO<6>        |   12.900|
PIA<10>        |PIDO<7>        |   12.110|
PIA<10>        |PIDO<8>        |   12.882|
PIA<10>        |PIDO<9>        |   12.674|
PIA<1>         |PIDO<0>        |    9.689|
PIA<1>         |PIDO<10>       |    9.728|
PIA<1>         |PIDO<11>       |    9.810|
PIA<1>         |PIDO<12>       |    9.960|
PIA<1>         |PIDO<13>       |   10.373|
PIA<1>         |PIDO<14>       |    9.428|
PIA<1>         |PIDO<15>       |   10.191|
PIA<1>         |PIDO<1>        |    9.771|
PIA<1>         |PIDO<2>        |    9.496|
PIA<1>         |PIDO<3>        |    9.462|
PIA<1>         |PIDO<4>        |    9.601|
PIA<1>         |PIDO<5>        |    9.238|
PIA<1>         |PIDO<6>        |    9.502|
PIA<1>         |PIDO<7>        |   10.928|
PIA<1>         |PIDO<8>        |   10.351|
PIA<1>         |PIDO<9>        |    9.835|
PIA<2>         |PIDO<0>        |   10.085|
PIA<2>         |PIDO<10>       |    9.139|
PIA<2>         |PIDO<11>       |    8.424|
PIA<2>         |PIDO<12>       |    8.473|
PIA<2>         |PIDO<13>       |    8.493|
PIA<2>         |PIDO<14>       |    9.838|
PIA<2>         |PIDO<15>       |    8.622|
PIA<2>         |PIDO<1>        |    9.245|
PIA<2>         |PIDO<2>        |    9.679|
PIA<2>         |PIDO<3>        |    9.420|
PIA<2>         |PIDO<4>        |    9.917|
PIA<2>         |PIDO<5>        |    9.554|
PIA<2>         |PIDO<6>        |    9.818|
PIA<2>         |PIDO<7>        |    9.447|
PIA<2>         |PIDO<8>        |   10.018|
PIA<2>         |PIDO<9>        |    9.516|
PIA<3>         |PIDO<0>        |    9.799|
PIA<3>         |PIDO<10>       |    9.366|
PIA<3>         |PIDO<11>       |    8.763|
PIA<3>         |PIDO<12>       |    8.803|
PIA<3>         |PIDO<13>       |    8.823|
PIA<3>         |PIDO<14>       |    9.549|
PIA<3>         |PIDO<15>       |    8.952|
PIA<3>         |PIDO<1>        |    9.475|
PIA<3>         |PIDO<2>        |    9.994|
PIA<3>         |PIDO<3>        |    9.708|
PIA<3>         |PIDO<4>        |   10.232|
PIA<3>         |PIDO<5>        |    9.869|
PIA<3>         |PIDO<6>        |   10.133|
PIA<3>         |PIDO<7>        |   10.003|
PIA<3>         |PIDO<8>        |    9.631|
PIA<3>         |PIDO<9>        |    9.524|
PIA<4>         |PIDO<0>        |   10.600|
PIA<4>         |PIDO<10>       |    9.876|
PIA<4>         |PIDO<11>       |    9.517|
PIA<4>         |PIDO<12>       |    9.561|
PIA<4>         |PIDO<13>       |    9.570|
PIA<4>         |PIDO<14>       |   10.359|
PIA<4>         |PIDO<15>       |    9.707|
PIA<4>         |PIDO<1>        |    9.976|
PIA<4>         |PIDO<2>        |   10.274|
PIA<4>         |PIDO<3>        |   10.493|
PIA<4>         |PIDO<4>        |   11.004|
PIA<4>         |PIDO<5>        |   10.998|
PIA<4>         |PIDO<6>        |   10.831|
PIA<4>         |PIDO<7>        |   10.041|
PIA<4>         |PIDO<8>        |   10.813|
PIA<4>         |PIDO<9>        |   10.605|
PIA<5>         |PIDO<0>        |   10.732|
PIA<5>         |PIDO<10>       |   10.008|
PIA<5>         |PIDO<11>       |    9.649|
PIA<5>         |PIDO<12>       |    9.693|
PIA<5>         |PIDO<13>       |    9.702|
PIA<5>         |PIDO<14>       |   10.491|
PIA<5>         |PIDO<15>       |    9.839|
PIA<5>         |PIDO<1>        |   10.108|
PIA<5>         |PIDO<2>        |   10.670|
PIA<5>         |PIDO<3>        |   10.625|
PIA<5>         |PIDO<4>        |   11.136|
PIA<5>         |PIDO<5>        |   11.130|
PIA<5>         |PIDO<6>        |   10.963|
PIA<5>         |PIDO<7>        |   10.417|
PIA<5>         |PIDO<8>        |   10.945|
PIA<5>         |PIDO<9>        |   10.737|
PIA<6>         |PIDO<0>        |   10.995|
PIA<6>         |PIDO<10>       |   10.271|
PIA<6>         |PIDO<11>       |    9.912|
PIA<6>         |PIDO<12>       |    9.956|
PIA<6>         |PIDO<13>       |    9.965|
PIA<6>         |PIDO<14>       |   10.754|
PIA<6>         |PIDO<15>       |   10.102|
PIA<6>         |PIDO<1>        |   10.371|
PIA<6>         |PIDO<2>        |   10.669|
PIA<6>         |PIDO<3>        |   10.888|
PIA<6>         |PIDO<4>        |   11.399|
PIA<6>         |PIDO<5>        |   11.393|
PIA<6>         |PIDO<6>        |   11.226|
PIA<6>         |PIDO<7>        |   10.436|
PIA<6>         |PIDO<8>        |   11.208|
PIA<6>         |PIDO<9>        |   11.000|
PIA<7>         |PIDO<0>        |   11.150|
PIA<7>         |PIDO<10>       |   10.426|
PIA<7>         |PIDO<11>       |   10.067|
PIA<7>         |PIDO<12>       |   10.111|
PIA<7>         |PIDO<13>       |   10.120|
PIA<7>         |PIDO<14>       |   10.909|
PIA<7>         |PIDO<15>       |   10.257|
PIA<7>         |PIDO<1>        |   10.526|
PIA<7>         |PIDO<2>        |   10.824|
PIA<7>         |PIDO<3>        |   11.043|
PIA<7>         |PIDO<4>        |   11.554|
PIA<7>         |PIDO<5>        |   11.548|
PIA<7>         |PIDO<6>        |   11.381|
PIA<7>         |PIDO<7>        |   10.591|
PIA<7>         |PIDO<8>        |   11.363|
PIA<7>         |PIDO<9>        |   11.155|
PIA<8>         |PIDO<0>        |   12.521|
PIA<8>         |PIDO<10>       |   11.797|
PIA<8>         |PIDO<11>       |   11.438|
PIA<8>         |PIDO<12>       |   11.482|
PIA<8>         |PIDO<13>       |   11.491|
PIA<8>         |PIDO<14>       |   12.280|
PIA<8>         |PIDO<15>       |   11.628|
PIA<8>         |PIDO<1>        |   11.897|
PIA<8>         |PIDO<2>        |   12.195|
PIA<8>         |PIDO<3>        |   12.414|
PIA<8>         |PIDO<4>        |   12.925|
PIA<8>         |PIDO<5>        |   12.919|
PIA<8>         |PIDO<6>        |   12.752|
PIA<8>         |PIDO<7>        |   11.962|
PIA<8>         |PIDO<8>        |   12.734|
PIA<8>         |PIDO<9>        |   12.526|
PIA<9>         |PIDO<0>        |   12.717|
PIA<9>         |PIDO<10>       |   11.993|
PIA<9>         |PIDO<11>       |   11.634|
PIA<9>         |PIDO<12>       |   11.678|
PIA<9>         |PIDO<13>       |   11.687|
PIA<9>         |PIDO<14>       |   12.476|
PIA<9>         |PIDO<15>       |   11.824|
PIA<9>         |PIDO<1>        |   12.093|
PIA<9>         |PIDO<2>        |   12.391|
PIA<9>         |PIDO<3>        |   12.610|
PIA<9>         |PIDO<4>        |   13.121|
PIA<9>         |PIDO<5>        |   13.115|
PIA<9>         |PIDO<6>        |   12.948|
PIA<9>         |PIDO<7>        |   12.158|
PIA<9>         |PIDO<8>        |   12.930|
PIA<9>         |PIDO<9>        |   12.722|
TIMO<0>        |TIMI<0>        |    9.073|
TIMO<0>        |TIMI<16>       |    9.671|
TIMO<0>        |TIMI<8>        |   10.287|
TIMO<10>       |TIMI<10>       |    9.416|
TIMO<10>       |TIMI<2>        |    9.825|
TIMO<11>       |TIMI<11>       |    9.967|
TIMO<11>       |TIMI<3>        |   10.429|
TIMO<12>       |TIMI<12>       |    9.176|
TIMO<12>       |TIMI<4>        |   10.209|
TIMO<13>       |TIMI<13>       |    9.044|
TIMO<13>       |TIMI<5>        |    8.901|
TIMO<14>       |TIMI<14>       |    9.541|
TIMO<14>       |TIMI<6>        |    9.678|
TIMO<15>       |TIMI<15>       |    8.576|
TIMO<15>       |TIMI<7>        |    8.839|
TIMO<16>       |TIMI<16>       |    8.243|
TIMO<16>       |TIMI<8>        |    8.859|
TIMO<17>       |TIMI<17>       |    7.622|
TIMO<17>       |TIMI<9>        |    9.043|
TIMO<18>       |TIMI<10>       |    8.768|
TIMO<18>       |TIMI<18>       |    8.484|
TIMO<19>       |TIMI<11>       |   10.097|
TIMO<19>       |TIMI<19>       |   10.272|
TIMO<1>        |TIMI<17>       |   10.658|
TIMO<1>        |TIMI<1>        |   10.827|
TIMO<1>        |TIMI<9>        |   12.079|
TIMO<20>       |TIMI<20>       |    7.755|
TIMO<21>       |TIMI<21>       |    6.975|
TIMO<22>       |TIMI<22>       |    6.290|
TIMO<23>       |TIMI<23>       |    6.800|
TIMO<2>        |TIMI<10>       |    9.054|
TIMO<2>        |TIMI<18>       |    8.770|
TIMO<2>        |TIMI<2>        |   10.971|
TIMO<3>        |TIMI<11>       |    9.425|
TIMO<3>        |TIMI<19>       |    9.600|
TIMO<3>        |TIMI<3>        |   10.405|
TIMO<4>        |TIMI<4>        |   10.696|
TIMO<5>        |TIMI<5>        |    9.493|
TIMO<6>        |TIMI<6>        |    9.262|
TIMO<7>        |TIMI<7>        |    8.740|
TIMO<8>        |TIMI<0>        |   10.173|
TIMO<8>        |TIMI<8>        |   10.239|
TIMO<9>        |TIMI<1>        |   10.060|
TIMO<9>        |TIMI<9>        |   10.513|
TROMO<0>       |EIMDI<10>      |   18.669|
TROMO<0>       |EIMDI<11>      |   19.225|
TROMO<0>       |EIMDI<12>      |   18.917|
TROMO<0>       |EIMDI<13>      |   18.484|
TROMO<0>       |EIMDI<14>      |   18.625|
TROMO<0>       |EIMDI<15>      |   18.463|
TROMO<0>       |EIMDI<7>       |   17.776|
TROMO<0>       |EIMDI<8>       |   19.327|
TROMO<0>       |EIMDI<9>       |   18.180|
TROMO<1>       |EIMDI<10>      |   19.249|
TROMO<1>       |EIMDI<11>      |   20.086|
TROMO<1>       |EIMDI<12>      |   20.185|
TROMO<1>       |EIMDI<13>      |   19.643|
TROMO<1>       |EIMDI<14>      |   19.844|
TROMO<1>       |EIMDI<15>      |   19.969|
TROMO<1>       |EIMDI<8>       |   17.619|
TROMO<1>       |EIMDI<9>       |   18.515|
TROMO<2>       |EIMDI<10>      |   15.302|
TROMO<2>       |EIMDI<11>      |   15.165|
TROMO<2>       |EIMDI<12>      |   15.931|
TROMO<2>       |EIMDI<13>      |   15.631|
TROMO<2>       |EIMDI<14>      |   15.867|
TROMO<2>       |EIMDI<15>      |   15.485|
TROMO<2>       |EIMDI<9>       |   13.839|
TROMO<3>       |EIMDI<10>      |   15.475|
TROMO<3>       |EIMDI<11>      |   16.268|
TROMO<3>       |EIMDI<12>      |   15.897|
TROMO<3>       |EIMDI<13>      |   15.984|
TROMO<3>       |EIMDI<14>      |   15.971|
TROMO<3>       |EIMDI<15>      |   15.813|
TROMO<4>       |EIMDI<11>      |   16.162|
TROMO<4>       |EIMDI<12>      |   17.780|
TROMO<4>       |EIMDI<13>      |   17.238|
TROMO<4>       |EIMDI<14>      |   17.439|
TROMO<4>       |EIMDI<15>      |   17.564|
TROMO<5>       |EIMDI<0>       |   16.018|
TROMO<5>       |EIMDI<10>      |   16.424|
TROMO<5>       |EIMDI<11>      |   16.094|
TROMO<5>       |EIMDI<12>      |   17.034|
TROMO<5>       |EIMDI<13>      |   16.402|
TROMO<5>       |EIMDI<14>      |   16.912|
TROMO<5>       |EIMDI<15>      |   16.546|
TROMO<5>       |EIMDI<1>       |   15.110|
TROMO<5>       |EIMDI<2>       |   15.005|
TROMO<5>       |EIMDI<3>       |   16.052|
TROMO<5>       |EIMDI<4>       |   15.906|
TROMO<5>       |EIMDI<5>       |   16.399|
TROMO<5>       |EIMDI<6>       |   16.370|
TROMO<5>       |EIMDI<7>       |   15.984|
TROMO<5>       |EIMDI<8>       |   16.993|
TROMO<5>       |EIMDI<9>       |   15.618|
TROMO<6>       |EIMDI<0>       |   18.663|
TROMO<6>       |EIMDI<10>      |   19.069|
TROMO<6>       |EIMDI<11>      |   18.739|
TROMO<6>       |EIMDI<12>      |   19.679|
TROMO<6>       |EIMDI<13>      |   18.867|
TROMO<6>       |EIMDI<14>      |   18.871|
TROMO<6>       |EIMDI<15>      |   18.988|
TROMO<6>       |EIMDI<1>       |   17.654|
TROMO<6>       |EIMDI<2>       |   17.805|
TROMO<6>       |EIMDI<3>       |   18.225|
TROMO<6>       |EIMDI<4>       |   18.230|
TROMO<6>       |EIMDI<5>       |   19.044|
TROMO<6>       |EIMDI<6>       |   19.015|
TROMO<6>       |EIMDI<7>       |   18.629|
TROMO<6>       |EIMDI<8>       |   19.638|
TROMO<6>       |EIMDI<9>       |   18.263|
TROMO<7>       |EIMDI<0>       |   19.845|
TROMO<7>       |EIMDI<10>      |   20.251|
TROMO<7>       |EIMDI<11>      |   19.921|
TROMO<7>       |EIMDI<12>      |   20.861|
TROMO<7>       |EIMDI<13>      |   20.049|
TROMO<7>       |EIMDI<14>      |   20.053|
TROMO<7>       |EIMDI<15>      |   20.170|
TROMO<7>       |EIMDI<1>       |   18.718|
TROMO<7>       |EIMDI<2>       |   18.987|
TROMO<7>       |EIMDI<3>       |   19.407|
TROMO<7>       |EIMDI<4>       |   19.412|
TROMO<7>       |EIMDI<5>       |   20.226|
TROMO<7>       |EIMDI<6>       |   20.197|
TROMO<7>       |EIMDI<7>       |   19.811|
TROMO<7>       |EIMDI<8>       |   20.820|
TROMO<7>       |EIMDI<9>       |   19.445|
WEMDO<0>       |PIDO<0>        |    6.891|
WEMDO<1>       |PIDO<1>        |    6.753|
WEMDO<2>       |PIDO<2>        |    8.172|
WEMDO<3>       |PIDO<3>        |    6.830|
WEMDO<4>       |PIDO<4>        |    6.805|
WEMDO<5>       |PIDO<5>        |    6.887|
WEMDO<6>       |PIDO<6>        |    6.357|
WEMDO<7>       |PIDO<7>        |    8.785|
WIMD<0>        |WIMDI<0>       |   10.141|
WIMD<10>       |WIMDI<10>      |    9.638|
WIMD<11>       |WIMDI<11>      |    9.538|
WIMD<12>       |WIMDI<12>      |    9.656|
WIMD<13>       |WIMDI<13>      |    9.847|
WIMD<14>       |WIMDI<14>      |   11.524|
WIMD<15>       |WIMDI<15>      |    9.690|
WIMD<1>        |WIMDI<1>       |   11.380|
WIMD<2>        |WIMDI<2>       |    9.166|
WIMD<3>        |WIMDI<3>       |   10.521|
WIMD<4>        |WIMDI<4>       |   12.111|
WIMD<5>        |WIMDI<5>       |   10.000|
WIMD<6>        |WIMDI<6>       |   10.459|
WIMD<7>        |WIMDI<7>       |    9.951|
WIMD<8>        |WIMDI<8>       |    9.947|
WIMD<9>        |WIMDI<9>       |   10.161|
XPOE           |PIDO<0>        |   10.058|
XPOE           |PIDO<10>       |    9.334|
XPOE           |PIDO<11>       |    8.975|
XPOE           |PIDO<12>       |    9.019|
XPOE           |PIDO<13>       |    9.028|
XPOE           |PIDO<14>       |    9.817|
XPOE           |PIDO<15>       |    9.165|
XPOE           |PIDO<1>        |    9.434|
XPOE           |PIDO<2>        |    9.891|
XPOE           |PIDO<3>        |    9.951|
XPOE           |PIDO<4>        |   10.462|
XPOE           |PIDO<5>        |   10.456|
XPOE           |PIDO<6>        |   10.289|
XPOE           |PIDO<7>        |    9.638|
XPOE           |PIDO<8>        |   10.271|
XPOE           |PIDO<9>        |   10.063|
---------------+---------------+---------+

Analysis completed Wed Dec 13 14:33:08 2006
--------------------------------------------------------------------------------



Peak Memory Usage: 461 MB
