	Elaborating the design hierarchy:
		Caching library 'worklib' ....... Done
	inst (
	   |
ncelab: *W,CUVWSP (/home/holelee/openrisc/or1k/orp/orp_soc/rtl/verilog/audio/fifo_4095_16.v,84|4): 6 ports were not connected:
	WR_COUNT
	RD_COUNT
	RD_ACK
	RD_ERR
	WR_ACK
	WR_ERR

	dist_mem	(.A(wa),			
	       |
ncelab: *W,CUVWSP (/home/holelee/openrisc/or1k/orp/orp_soc/lib/xilinx/coregen/XilinxCoreLib/async_fifo_v3_0.v,412|8): 2 ports were not connected:
	QSPO_RST
	QDPO_RST

                qspo1_reg (.D(qspo_ce_int), .CLK(CLK),
                        |
ncelab: *W,CUVWSP (/home/holelee/openrisc/or1k/orp/orp_soc/lib/xilinx/coregen/XilinxCoreLib/C_DIST_MEM_V3_0.v,205|24): 7 ports were not connected:
	CE
	ACLR
	ASET
	AINIT
	SCLR
	SSET
	SINIT

                a_rega (.D(A[C_ADDR_WIDTH - 1-(C_ADDR_WIDTH>4?(4*C_HAS_SPRA):0) : 0]), .CLK(CLK), .CE(a_reg_ice),
                     |
ncelab: *W,CUVWSP (/home/holelee/openrisc/or1k/orp/orp_soc/lib/xilinx/coregen/XilinxCoreLib/C_DIST_MEM_V3_0.v,211|21): 6 ports were not connected:
	ACLR
	ASET
	AINIT
	SCLR
	SSET
	SINIT

                spra_reg (.D(SPRA), .CLK(CLK), .CE(qspo_ce_int),
                       |
ncelab: *W,CUVWSP (/home/holelee/openrisc/or1k/orp/orp_soc/lib/xilinx/coregen/XilinxCoreLib/C_DIST_MEM_V3_0.v,217|23): 6 ports were not connected:
	ACLR
	ASET
	AINIT
	SCLR
	SSET
	SINIT

                we_reg (.D(WE), .CLK(CLK), .CE(wece),
                     |
ncelab: *W,CUVWSP (/home/holelee/openrisc/or1k/orp/orp_soc/lib/xilinx/coregen/XilinxCoreLib/C_DIST_MEM_V3_0.v,223|21): 6 ports were not connected:
	ACLR
	ASET
	AINIT
	SCLR
	SSET
	SINIT

                re_reg (.D(RD_EN), .CLK(CLK),// .CE(qspo_ce_int),
                     |
ncelab: *W,CUVWSP (/home/holelee/openrisc/or1k/orp/orp_soc/lib/xilinx/coregen/XilinxCoreLib/C_DIST_MEM_V3_0.v,229|21): 7 ports were not connected:
	CE
	ACLR
	ASET
	AINIT
	SCLR
	SSET
	SINIT

                	d_reg (.D(D), .CLK(CLK), .CE(ice),
                	    |
ncelab: *W,CUVWSP (/home/holelee/openrisc/or1k/orp/orp_soc/lib/xilinx/coregen/XilinxCoreLib/C_DIST_MEM_V3_0.v,235|21): 6 ports were not connected:
	ACLR
	ASET
	AINIT
	SCLR
	SSET
	SINIT

                dpra_reg (.D(DPRA), .CLK(doclk), .CE(qdpo_ce_int),
                       |
ncelab: *W,CUVWSP (/home/holelee/openrisc/or1k/orp/orp_soc/lib/xilinx/coregen/XilinxCoreLib/C_DIST_MEM_V3_0.v,253|23): 6 ports were not connected:
	ACLR
	ASET
	AINIT
	SCLR
	SSET
	SINIT

                qdpo1_reg (.D(qdpo_ce_int), .CLK(doclk),
                        |
ncelab: *W,CUVWSP (/home/holelee/openrisc/or1k/orp/orp_soc/lib/xilinx/coregen/XilinxCoreLib/C_DIST_MEM_V3_0.v,259|24): 7 ports were not connected:
	CE
	ACLR
	ASET
	AINIT
	SCLR
	SSET
	SINIT

                qspo_reg (.D(spo_pipeend), .CLK(CLK), .CE(qspo_ce_reg),
                       |
ncelab: *W,CUVWSP (/home/holelee/openrisc/or1k/orp/orp_soc/lib/xilinx/coregen/XilinxCoreLib/C_DIST_MEM_V3_0.v,360|23): 5 ports were not connected:
	ASET
	AINIT
	SCLR
	SSET
	SINIT

                qdpo_reg (.D(dpo_pipeend), .CLK(doclk), .CE(qdpo_ce_reg),
                       |
ncelab: *W,CUVWSP (/home/holelee/openrisc/or1k/orp/orp_soc/lib/xilinx/coregen/XilinxCoreLib/C_DIST_MEM_V3_0.v,366|23): 5 ports were not connected:
	ASET
	AINIT
	SCLR
	SSET
	SINIT

		the_addsub (.A(intFBq_or_zero), .B(intB_or_load), .CLK(CLK), .ADD(intUP),
		         |
ncelab: *W,CUVWSP (/home/holelee/openrisc/or1k/orp/orp_soc/lib/xilinx/coregen/XilinxCoreLib/C_COUNTER_BINARY_V3_0.v,304|11): 9 ports were not connected:
	B_IN
	A_SIGNED
	B_SIGNED
	OVFL
	C_OUT
	B_OUT
	Q_OVFL
	Q_C_OUT
	Q_B_OUT

			mxRCSL(.MA(intSINITVAL), .MB(intL), .S(intLOAD), .O(intXLOADMUX));
			     |
ncelab: *W,CUVWSP (/home/holelee/openrisc/or1k/orp/orp_soc/lib/xilinx/coregen/XilinxCoreLib/C_COUNTER_BINARY_V3_0.v,313|8): 40 ports were not connected:
	MC
	MD
	ME
	MF
	MG
	MH
	MAA
	MAB
	MAC
	MAD
	MAE
	MAF
	MAG
	MAH
	MBA
	MBB
	MBC
	MBD
	MBE
	MBF
	MBG
	MBH
	MCA
	MCB
	MCC
	MCD
	MCE
	MCF
	MCG
	MCH
	CLK
	CE
	EN
	ACLR
	ASET
	AINIT
	SCLR
	SSET
	SINIT
	Q

			mxfb(.MA(intFBq), .MB(all_zeros), .S(intXXLOAD), .O(intFBq_or_zero));
			   |
ncelab: *W,CUVWSP (/home/holelee/openrisc/or1k/orp/orp_soc/lib/xilinx/coregen/XilinxCoreLib/C_COUNTER_BINARY_V3_0.v,319|6): 40 ports were not connected:
	MC
	MD
	ME
	MF
	MG
	MH
	MAA
	MAB
	MAC
	MAD
	MAE
	MAF
	MAG
	MAH
	MBA
	MBB
	MBC
	MBD
	MBE
	MBF
	MBG
	MBH
	MCA
	MCB
	MCC
	MCD
	MCE
	MCF
	MCG
	MCH
	CLK
	CE
	EN
	ACLR
	ASET
	AINIT
	SCLR
	SSET
	SINIT
	Q

			mx1(.MA(intB), .MB(intXL), .S(intXXLOAD), .O(tmpintB_or_load));
			  |
ncelab: *W,CUVWSP (/home/holelee/openrisc/or1k/orp/orp_soc/lib/xilinx/coregen/XilinxCoreLib/C_COUNTER_BINARY_V3_0.v,325|5): 40 ports were not connected:
	MC
	MD
	ME
	MF
	MG
	MH
	MAA
	MAB
	MAC
	MAD
	MAE
	MAF
	MAG
	MAH
	MBA
	MBB
	MBC
	MBD
	MBE
	MBF
	MBG
	MBH
	MCA
	MCB
	MCC
	MCD
	MCE
	MCF
	MCG
	MCH
	CLK
	CE
	EN
	ACLR
	ASET
	AINIT
	SCLR
	SSET
	SINIT
	Q

			th0(.A(intFBs_or_q), .CLK(CLK), .CE(CE), .ACLR(ACLR), .SCLR(intSCLR_RESET), .A_EQ_B(THRESH0), .QA_EQ_B(Q_THRESH0));
			  |
ncelab: *W,CUVWSP (/home/holelee/openrisc/or1k/orp/orp_soc/lib/xilinx/coregen/XilinxCoreLib/C_COUNTER_BINARY_V3_0.v,332|5): 13 ports were not connected:
	B
	ASET
	SSET
	A_NE_B
	A_LT_B
	A_GT_B
	A_LE_B
	A_GE_B
	QA_NE_B
	QA_LT_B
	QA_GT_B
	QA_LE_B
	QA_GE_B

			th1(.A(intFBs_or_q), .CLK(CLK), .CE(CE), .ACLR(ACLR), .SCLR(intSCLR_RESET), .A_EQ_B(THRESH1), .QA_EQ_B(Q_THRESH1));
			  |
ncelab: *W,CUVWSP (/home/holelee/openrisc/or1k/orp/orp_soc/lib/xilinx/coregen/XilinxCoreLib/C_COUNTER_BINARY_V3_0.v,337|5): 13 ports were not connected:
	B
	ASET
	SSET
	A_NE_B
	A_LT_B
	A_GT_B
	A_LE_B
	A_GE_B
	QA_NE_B
	QA_LT_B
	QA_GT_B
	QA_LE_B
	QA_GE_B

			th_to(.A(intFBs), .CLK(CLK), .CE(CE), .ACLR(ACLR), .SCLR(SCLR), .QA_EQ_B(intCount_to_reached));
			    |
ncelab: *W,CUVWSP (/home/holelee/openrisc/or1k/orp/orp_soc/lib/xilinx/coregen/XilinxCoreLib/C_COUNTER_BINARY_V3_0.v,342|7): 14 ports were not connected:
	B
	ASET
	SSET
	A_EQ_B
	A_NE_B
	A_LT_B
	A_GT_B
	A_LE_B
	A_GE_B
	QA_NE_B
	QA_LT_B
	QA_GT_B
	QA_LE_B
	QA_GE_B

		the_addsub (.A(intFBq_or_zero), .B(intB_or_load), .CLK(CLK), .ADD(intUP),
		         |
ncelab: *W,CUVWSP (/home/holelee/openrisc/or1k/orp/orp_soc/lib/xilinx/coregen/XilinxCoreLib/C_COUNTER_BINARY_V3_0.v,304|11): 9 ports were not connected:
	B_IN
	A_SIGNED
	B_SIGNED
	OVFL
	C_OUT
	B_OUT
	Q_OVFL
	Q_C_OUT
	Q_B_OUT

			mxRCSL(.MA(intSINITVAL), .MB(intL), .S(intLOAD), .O(intXLOADMUX));
			     |
ncelab: *W,CUVWSP (/home/holelee/openrisc/or1k/orp/orp_soc/lib/xilinx/coregen/XilinxCoreLib/C_COUNTER_BINARY_V3_0.v,313|8): 40 ports were not connected:
	MC
	MD
	ME
	MF
	MG
	MH
	MAA
	MAB
	MAC
	MAD
	MAE
	MAF
	MAG
	MAH
	MBA
	MBB
	MBC
	MBD
	MBE
	MBF
	MBG
	MBH
	MCA
	MCB
	MCC
	MCD
	MCE
	MCF
	MCG
	MCH
	CLK
	CE
	EN
	ACLR
	ASET
	AINIT
	SCLR
	SSET
	SINIT
	Q

			mxfb(.MA(intFBq), .MB(all_zeros), .S(intXXLOAD), .O(intFBq_or_zero));
			   |
ncelab: *W,CUVWSP (/home/holelee/openrisc/or1k/orp/orp_soc/lib/xilinx/coregen/XilinxCoreLib/C_COUNTER_BINARY_V3_0.v,319|6): 40 ports were not connected:
	MC
	MD
	ME
	MF
	MG
	MH
	MAA
	MAB
	MAC
	MAD
	MAE
	MAF
	MAG
	MAH
	MBA
	MBB
	MBC
	MBD
	MBE
	MBF
	MBG
	MBH
	MCA
	MCB
	MCC
	MCD
	MCE
	MCF
	MCG
	MCH
	CLK
	CE
	EN
	ACLR
	ASET
	AINIT
	SCLR
	SSET
	SINIT
	Q

			mx1(.MA(intB), .MB(intXL), .S(intXXLOAD), .O(tmpintB_or_load));
			  |
ncelab: *W,CUVWSP (/home/holelee/openrisc/or1k/orp/orp_soc/lib/xilinx/coregen/XilinxCoreLib/C_COUNTER_BINARY_V3_0.v,325|5): 40 ports were not connected:
	MC
	MD
	ME
	MF
	MG
	MH
	MAA
	MAB
	MAC
	MAD
	MAE
	MAF
	MAG
	MAH
	MBA
	MBB
	MBC
	MBD
	MBE
	MBF
	MBG
	MBH
	MCA
	MCB
	MCC
	MCD
	MCE
	MCF
	MCG
	MCH
	CLK
	CE
	EN
	ACLR
	ASET
	AINIT
	SCLR
	SSET
	SINIT
	Q

			th0(.A(intFBs_or_q), .CLK(CLK), .CE(CE), .ACLR(ACLR), .SCLR(intSCLR_RESET), .A_EQ_B(THRESH0), .QA_EQ_B(Q_THRESH0));
			  |
ncelab: *W,CUVWSP (/home/holelee/openrisc/or1k/orp/orp_soc/lib/xilinx/coregen/XilinxCoreLib/C_COUNTER_BINARY_V3_0.v,332|5): 13 ports were not connected:
	B
	ASET
	SSET
	A_NE_B
	A_LT_B
	A_GT_B
	A_LE_B
	A_GE_B
	QA_NE_B
	QA_LT_B
	QA_GT_B
	QA_LE_B
	QA_GE_B

			th1(.A(intFBs_or_q), .CLK(CLK), .CE(CE), .ACLR(ACLR), .SCLR(intSCLR_RESET), .A_EQ_B(THRESH1), .QA_EQ_B(Q_THRESH1));
			  |
ncelab: *W,CUVWSP (/home/holelee/openrisc/or1k/orp/orp_soc/lib/xilinx/coregen/XilinxCoreLib/C_COUNTER_BINARY_V3_0.v,337|5): 13 ports were not connected:
	B
	ASET
	SSET
	A_NE_B
	A_LT_B
	A_GT_B
	A_LE_B
	A_GE_B
	QA_NE_B
	QA_LT_B
	QA_GT_B
	QA_LE_B
	QA_GE_B

			th_to(.A(intFBs), .CLK(CLK), .CE(CE), .ACLR(ACLR), .SCLR(SCLR), .QA_EQ_B(intCount_to_reached));
			    |
ncelab: *W,CUVWSP (/home/holelee/openrisc/or1k/orp/orp_soc/lib/xilinx/coregen/XilinxCoreLib/C_COUNTER_BINARY_V3_0.v,342|7): 14 ports were not connected:
	B
	ASET
	SSET
	A_EQ_B
	A_NE_B
	A_LT_B
	A_GT_B
	A_LE_B
	A_GE_B
	QA_NE_B
	QA_LT_B
	QA_GT_B
	QA_LE_B
	QA_GE_B

	.vga_r( vga_r ),
	            |
ncelab: *W,CUVMPW (/home/holelee/openrisc/or1k/orp/orp_soc/bench/verilog/xess_top.v,173|13): port sizes differ in port connection.
	.vga_g( vga_g ),
	            |
ncelab: *W,CUVMPW (/home/holelee/openrisc/or1k/orp/orp_soc/bench/verilog/xess_top.v,174|13): port sizes differ in port connection.
	.vga_b( vga_b ),
	            |
ncelab: *W,CUVMPW (/home/holelee/openrisc/or1k/orp/orp_soc/bench/verilog/xess_top.v,175|13): port sizes differ in port connection.
	.eth_txd( eth_txd ),
	                |
ncelab: *W,CUVMPW (/home/holelee/openrisc/or1k/orp/orp_soc/bench/verilog/xess_top.v,183|17): port sizes differ in port connection.
        .eth_rxd( eth_rxd ),
                        |
ncelab: *W,CUVMPW (/home/holelee/openrisc/or1k/orp/orp_soc/bench/verilog/xess_top.v,187|24): port sizes differ in port connection.
	.wb_adr_i	( wb_ps_adr_i ),
	         	            |
ncelab: *W,CUVMPW (/home/holelee/openrisc/or1k/orp/orp_soc/rtl/verilog/xsv_fpga_top.v,1074|23): port sizes differ in port connection.
	count_bin	(.Q(cnt),
	         	      |
ncelab: *W,CUVMPW (/home/holelee/openrisc/or1k/orp/orp_soc/lib/xilinx/coregen/XilinxCoreLib/async_fifo_v3_0.v,495|17): port sizes differ in port connection.
			.L(dummy_val),
			           |
ncelab: *W,CUVMPW (/home/holelee/openrisc/or1k/orp/orp_soc/lib/xilinx/coregen/XilinxCoreLib/async_fifo_v3_0.v,504|14): port sizes differ in port connection.
			.IV(dummy_val),
			            |
ncelab: *W,CUVMPW (/home/holelee/openrisc/or1k/orp/orp_soc/lib/xilinx/coregen/XilinxCoreLib/async_fifo_v3_0.v,505|15): port sizes differ in port connection.
	count_bin	(.Q(cnt),
	         	      |
ncelab: *W,CUVMPW (/home/holelee/openrisc/or1k/orp/orp_soc/lib/xilinx/coregen/XilinxCoreLib/async_fifo_v3_0.v,495|17): port sizes differ in port connection.
			.L(dummy_val),
			           |
ncelab: *W,CUVMPW (/home/holelee/openrisc/or1k/orp/orp_soc/lib/xilinx/coregen/XilinxCoreLib/async_fifo_v3_0.v,504|14): port sizes differ in port connection.
			.IV(dummy_val),
			            |
ncelab: *W,CUVMPW (/home/holelee/openrisc/or1k/orp/orp_soc/lib/xilinx/coregen/XilinxCoreLib/async_fifo_v3_0.v,505|15): port sizes differ in port connection.
	Building instance overlay tables: .................
                  pipelinea[1]<= sinita_value ;
                          |
ncelab: *W,BNDMEM (/home/holelee/openrisc/or1k/orp/orp_soc/lib/xilinx/coregen/XilinxCoreLib/blkmemdp_v3_0.v,772|26): memory index out of declared bounds [4.2.2(IEEE)].
                  sub_rdy_a[1] <= 0 ;
                          |
ncelab: *W,BNDMEM (/home/holelee/openrisc/or1k/orp/orp_soc/lib/xilinx/coregen/XilinxCoreLib/blkmemdp_v3_0.v,773|26): memory index out of declared bounds [4.2.2(IEEE)].
                 pipelinea[1] <= doa_out ;
                         |
ncelab: *W,BNDMEM (/home/holelee/openrisc/or1k/orp/orp_soc/lib/xilinx/coregen/XilinxCoreLib/blkmemdp_v3_0.v,777|25): memory index out of declared bounds [4.2.2(IEEE)].
                 sub_rdy_a[1]  <= new_data_a_q ;
                         |
ncelab: *W,BNDMEM (/home/holelee/openrisc/or1k/orp/orp_soc/lib/xilinx/coregen/XilinxCoreLib/blkmemdp_v3_0.v,778|25): memory index out of declared bounds [4.2.2(IEEE)].
                    pipelineb[1] <= sinitb_value ;
                            |
ncelab: *W,BNDMEM (/home/holelee/openrisc/or1k/orp/orp_soc/lib/xilinx/coregen/XilinxCoreLib/blkmemdp_v3_0.v,993|28): memory index out of declared bounds [4.2.2(IEEE)].
                    sub_rdy_b[1]   <=  0 ;
                            |
ncelab: *W,BNDMEM (/home/holelee/openrisc/or1k/orp/orp_soc/lib/xilinx/coregen/XilinxCoreLib/blkmemdp_v3_0.v,994|28): memory index out of declared bounds [4.2.2(IEEE)].
                   pipelineb[1] <= dob_out ;
                           |
ncelab: *W,BNDMEM (/home/holelee/openrisc/or1k/orp/orp_soc/lib/xilinx/coregen/XilinxCoreLib/blkmemdp_v3_0.v,998|27): memory index out of declared bounds [4.2.2(IEEE)].
                   sub_rdy_b[1] <= new_data_b_q ;
                           |
ncelab: *W,BNDMEM (/home/holelee/openrisc/or1k/orp/orp_soc/lib/xilinx/coregen/XilinxCoreLib/blkmemdp_v3_0.v,999|27): memory index out of declared bounds [4.2.2(IEEE)].
      $readmemb(C_MEM_INIT_FILE, ram_data);
                                        |
ncelab: *W,MEMODR (/home/holelee/openrisc/or1k/orp/orp_soc/lib/xilinx/coregen/XilinxCoreLib/C_DIST_MEM_V3_0.v,387|40): $readmem default memory order incompatible with IEEE1364.
.
	assign intB_SIGNED = ((C_HAS_B_SIGNED === 0) ? 0 : (((C_HAS_B_SIGNED === 1) && ~((C_B_CONSTANT === 1) && (C_HAS_BYPASS === 0) && (C_B_VALUE[((C_B_WIDTH*8)-1):((C_B_WIDTH-1)*8)] === "0")) ? B_SIGNED : 0))) ;
	                                                                                                                                          |
ncelab: *W,BNDWRN (/home/holelee/openrisc/or1k/orp/orp_soc/lib/xilinx/coregen/XilinxCoreLib/C_ADDSUB_V3_0.v,178|139): bit-select or part-select index out of declared bounds [4.2.1(IEEE)].
	always@(intOVFL or intQ_OVFLpipe[2] or intADD or lastADD)
	                               |
ncelab: *W,BNDWRN (/home/holelee/openrisc/or1k/orp/orp_soc/lib/xilinx/coregen/XilinxCoreLib/C_ADDSUB_V3_0.v,482|32): bit-select or part-select index out of declared bounds [4.2.1(IEEE)].
			intQ_OVFLpipeend <= intQ_OVFLpipe[2];
			                                |
ncelab: *W,BNDWRN (/home/holelee/openrisc/or1k/orp/orp_soc/lib/xilinx/coregen/XilinxCoreLib/C_ADDSUB_V3_0.v,488|35): bit-select or part-select index out of declared bounds [4.2.1(IEEE)].
.
	assign intB_SIGNED = ((C_HAS_B_SIGNED === 0) ? 0 : (((C_HAS_B_SIGNED === 1) && ~((C_B_CONSTANT === 1) && (C_HAS_BYPASS === 0) && (C_B_VALUE[((C_B_WIDTH*8)-1):((C_B_WIDTH-1)*8)] === "0")) ? B_SIGNED : 0))) ;
	                                                                                                                                          |
ncelab: *W,BNDWRN (/home/holelee/openrisc/or1k/orp/orp_soc/lib/xilinx/coregen/XilinxCoreLib/C_ADDSUB_V3_0.v,178|139): bit-select or part-select index out of declared bounds [4.2.1(IEEE)].
	always@(intOVFL or intQ_OVFLpipe[2] or intADD or lastADD)
	                               |
ncelab: *W,BNDWRN (/home/holelee/openrisc/or1k/orp/orp_soc/lib/xilinx/coregen/XilinxCoreLib/C_ADDSUB_V3_0.v,482|32): bit-select or part-select index out of declared bounds [4.2.1(IEEE)].
			intQ_OVFLpipeend <= intQ_OVFLpipe[2];
			                                |
ncelab: *W,BNDWRN (/home/holelee/openrisc/or1k/orp/orp_soc/lib/xilinx/coregen/XilinxCoreLib/C_ADDSUB_V3_0.v,488|35): bit-select or part-select index out of declared bounds [4.2.1(IEEE)].
			$readmemh(lpm_file, mem_data);
			                           |
ncelab: *W,MEMODR (/home/holelee/openrisc/or1k/orp/orp_soc/lib/altera/220model.v,1644|30): $readmem default memory order incompatible with IEEE1364.
			$readmemh(lpm_file, mem_data);
			                           |
ncelab: *W,MEMODR (/home/holelee/openrisc/or1k/orp/orp_soc/lib/altera/220model.v,1829|30): $readmem default memory order incompatible with IEEE1364.
			$readmemh(lpm_file, mem_data);
			                           |
ncelab: *W,MEMODR (/home/holelee/openrisc/or1k/orp/orp_soc/lib/altera/220model.v,2075|30): $readmem default memory order incompatible with IEEE1364.
			$readmemh(lpm_file, mem_data);
			                           |
ncelab: *W,MEMODR (/home/holelee/openrisc/or1k/orp/orp_soc/lib/altera/220model.v,2259|30): $readmem default memory order incompatible with IEEE1364.
. Done
	Generating native compiled code:
		worklib.A512Kx8:v <0x37894e4d>
			streams:  82, words: 38557
		worklib.ASYNC_FIFO_V3_0:v <0x61b30d91>
			streams:   3, words:  1269
		worklib.BLKMEMDP_V3_0:v <0x29e485dc>
			streams: 111, words: 75616
		worklib.BLOCK0:v <0x727d524c>
			streams:   1, words:   317
		worklib.BLOCK1:v <0x54255b8d>
			streams:   2, words:   381
		worklib.BLOCK1A:v <0x1df9faa1>
			streams:   1, words:   204
		worklib.BLOCK2:v <0x54255b8d>
			streams:   2, words:   385
		worklib.BLOCK2A:v <0x1df9faa1>
			streams:   1, words:   209
		worklib.BOOTHCODER_33_32:v <0x2b92d709>
			streams:  35, words:  6354
		worklib.CLKDLL:v <0x504fd1ed>
			streams: 122, words: 63691
		worklib.CRTC_IOB:v <0x59253c4c>
			streams:   3, words:  1769
		worklib.C_ADDSUB_V3_0:v <0x0c257713>
			streams:  81, words: 46033
		worklib.C_ADDSUB_V3_0:v <0x630ce31d>
			streams:  81, words: 45118
		worklib.C_COMPARE_V3_0:v <0x089cec1f>
			streams: 100, words: 65064
		worklib.C_COMPARE_V3_0:v <0x34ce5814>
			streams: 100, words: 56319
		worklib.C_COMPARE_V3_0:v <0x48f0ffb5>
			streams: 100, words: 65058
		worklib.C_COUNTER_BINARY_V3_0:v <0x499fb1de>
			streams:  23, words:  9063
		worklib.C_DIST_MEM_V3_0:v <0x5ffefcde>
			streams:  51, words: 37065
		worklib.C_GATE_BIT_V3_0:v <0x0b611e0e>
			streams:  20, words: 11396
		worklib.C_GATE_BIT_V3_0:v <0x13540f2e>
			streams:  20, words: 11330
		worklib.C_GATE_BIT_V3_0:v <0x2815ce38>
			streams:  20, words: 11915
		worklib.C_GATE_BIT_V3_0:v <0x2f2c34c6>
			streams:  20, words: 11294
		worklib.C_GATE_BIT_V3_0:v <0x52e9d5df>
			streams:  20, words: 11396
		worklib.C_GATE_BIT_V3_0:v <0x571a1a83>
			streams:  20, words: 11330
		worklib.C_GATE_BIT_V3_0:v <0x5e9d9b87>
			streams:  20, words: 11294
		worklib.C_GATE_BIT_V3_0:v <0x7dc663f2>
			streams:  20, words: 11275
		worklib.C_MUX_BUS_V3_0:v <0x0cfc97d4>
			streams: 111, words: 49230
		worklib.C_REG_FD_V3_0:v <0x07bd4a40>
			streams:  30, words: 24604
		worklib.C_REG_FD_V3_0:v <0x080c52d3>
			streams:  30, words: 22952
		worklib.C_REG_FD_V3_0:v <0x0affa35e>
			streams:  30, words: 22019
		worklib.C_REG_FD_V3_0:v <0x0fbd3cae>
			streams:  30, words: 23155
		worklib.C_REG_FD_V3_0:v <0x15e0041c>
			streams:  30, words: 24042
		worklib.C_REG_FD_V3_0:v <0x1668244a>
			streams:  30, words: 24604
		worklib.C_REG_FD_V3_0:v <0x217fa2fa>
			streams:  30, words: 22026
		worklib.C_REG_FD_V3_0:v <0x2877455e>
			streams:  30, words: 24594
		worklib.C_REG_FD_V3_0:v <0x2b32ef8a>
			streams:  30, words: 22026
		worklib.C_REG_FD_V3_0:v <0x2fd6532b>
			streams:  30, words: 22951
		worklib.C_REG_FD_V3_0:v <0x390f1431>
			streams:  30, words: 22026
		worklib.C_REG_FD_V3_0:v <0x3d89bc8a>
			streams:  30, words: 22026
		worklib.C_REG_FD_V3_0:v <0x41c7ab3a>
			streams:  30, words: 24986
		worklib.C_REG_FD_V3_0:v <0x42c260c1>
			streams:  30, words: 22026
		worklib.C_REG_FD_V3_0:v <0x4421221b>
			streams:  30, words: 24042
		worklib.C_REG_FD_V3_0:v <0x66782da7>
			streams:  30, words: 22940
		worklib.C_REG_FD_V3_0:v <0x67178323>
			streams:  30, words: 22027
		worklib.C_REG_FD_V3_0:v <0x6b3cb388>
			streams:  30, words: 22027
		worklib.C_REG_FD_V3_0:v <0x7a41261d>
			streams:  30, words: 24043
		worklib.C_REG_FD_V3_0:v <0x7d4378f1>
			streams:  30, words: 23637
		worklib.DECODER:v <0x41faa1df>
			streams:   1, words:   866
		worklib.FLIPFLOP:v <0x37ae8318>
			streams:   3, words:   986
		worklib.FULL_ADDER:v <0x64c61494>
			streams:   3, words:   580
		worklib.HALF_ADDER:v <0x45fa21f2>
			streams:   1, words:   286
		worklib.INVBLOCK:v <0x6da93cd2>
			streams:   1, words:   130
		worklib.MULTIPLIER_33_32:v <0x3f097e5c>
			streams:   5, words:  1640
		worklib.PP_HIGH:v <0x76a0e6bf>
			streams:   1, words:   376
		worklib.PP_LOW:v <0x4a8454e3>
			streams:   1, words:   268
		worklib.PP_MIDDLE:v <0x12301ae7>
			streams:   1, words:   431
		worklib.RAM32X1D:v <0x5e1a80ba>
			streams:   6, words:  3067
		worklib.RAMB4_S16:v <0x10b1956b>
			streams:  42, words: 48187
		worklib.RAMB4_S16_S16:v <0x4496a2c1>
			streams: 110, words: 100964
		worklib.RAMB4_S2:v <0x74738ad8>
			streams:  30, words: 25782
		worklib.RAMB4_S4:v <0x3be8c6e3>
			streams:  36, words: 32311
		worklib.RAMB4_S8:v <0x7836c82e>
			streams:  26, words: 28619
		worklib.RAMB4_S8_S16:v <0x541d011b>
			streams:  94, words: 83862
		worklib.R_GATE:v <0x7174a547>
			streams:   1, words:   212
		worklib.WALLACE_33_32:v <0x16e2e5c8>
			streams: 130, words: 17436
		worklib.XXOR1:v <0x1df9faa1>
			streams:   1, words:   181
		worklib.almst_empty_v2:v <0x0458a40e>
			streams:  13, words:  5057
		worklib.almst_full_v2:v <0x78d11dfd>
			streams:  13, words:  4989
		worklib.and_a_b_c_notd_v2:v <0x4fe2cadb>
			streams:   1, words:   234
		worklib.and_a_b_notc_v2:v <0x12189bf4>
			streams:   1, words:   203
		worklib.and_a_b_v2:v <0x351dabc8>
			streams:   2, words:   294
		worklib.and_a_notb_fd_v2:v <0x476faab1>
			streams:   2, words:   390
		worklib.and_a_notb_v2:v <0x4cb6be3e>
			streams:   1, words:   162
		worklib.and_fd_v2:v <0x476faab1>
			streams:   2, words:   390
		worklib.audio_codec_if:v <0x633fb757>
			streams:  15, words:  6476
		worklib.audio_top:v <0x57341571>
			streams:   1, words:  1234
		worklib.audio_wb_if:v <0x520ce7df>
			streams:  12, words:  3643
		worklib.bcount_up_ainit_v2:v <0x77390166>
			streams:   1, words:   580
		worklib.binary_to_gray_v2:v <0x1c862647>
			streams:   3, words:  7847
		worklib.codec_model:v <0x55b1b3d6>
			streams:   8, words:  2958
		worklib.count_sub_reg_v2:v <0x6883e3fd>
			streams:   4, words:   758
		worklib.dbg_crc8_d1:v <0x78a68389>
			streams:   5, words:  3672
		worklib.dbg_if_model:v <0x62863483>
			streams:  14, words: 38685
		worklib.dbg_register:v <0x531de3ed>
			streams:   3, words:  1378
		worklib.dbg_registers:v <0x58d07b80>
			streams:  15, words:  4686
		worklib.dbg_sync_clk1_clk2:v <0x2bd3d004>
			streams:  19, words:  8311
		worklib.dbg_sync_clk1_clk2:v <0x2e90c12d>
			streams:  19, words:  8311
		worklib.dbg_top:v <0x18fc21c1>
			streams: 169, words: 91952
		worklib.dbg_trace:v <0x40732633>
			streams:  68, words: 29239
		worklib.empty_flag_reg_v2:v <0x2648025f>
			streams:  12, words:  4425
		worklib.eq_compare_v2:v <0x6a7498cf>
			streams:   1, words:   224
		worklib.eth_clockgen:v <0x5b14ed86>
			streams:  10, words:  4212
		worklib.eth_crc:v <0x2f909746>
			streams:   6, words:  4789
		worklib.eth_fifo:v <0x178aa21d>
			streams:  19, words: 11347
		worklib.eth_maccontrol:v <0x48065141>
			streams:  24, words: 10088
		worklib.eth_macstatus:v <0x4e4b4f8f>
			streams:  54, words: 27636
		worklib.eth_miim:v <0x2b735764>
			streams:  71, words: 37875
		worklib.eth_outputcontrol:v <0x71813937>
			streams:   6, words:  3456
		worklib.eth_random:v <0x4dc5ac65>
			streams:  10, words:  6571
		worklib.eth_receivecontrol:v <0x03121f24>
			streams:  76, words: 40991
		worklib.eth_register:v <0x040dfd2d>
			streams:   4, words:  2564
		worklib.eth_register:v <0x0b65144a>
			streams:   4, words:  2381
		worklib.eth_register:v <0x16082051>
			streams:   4, words:  2576
		worklib.eth_register:v <0x22bc906e>
			streams:   4, words:  2562
		worklib.eth_register:v <0x3584397c>
			streams:   4, words:  2568
		worklib.eth_register:v <0x37934a3c>
			streams:   4, words:  2573
		worklib.eth_register:v <0x3e1a8819>
			streams:   4, words:  2582
		worklib.eth_register:v <0x416b23af>
			streams:   4, words:  2116
		worklib.eth_register:v <0x5977f525>
			streams:   4, words:  2574
		worklib.eth_register:v <0x5c903723>
			streams:   4, words:  2582
		worklib.eth_register:v <0x5d96a144>
			streams:   4, words:  2568
		worklib.eth_register:v <0x638f4c70>
			streams:   4, words:  2116
		worklib.eth_register:v <0x655f69f7>
			streams:   4, words:  2562
		worklib.eth_register:v <0x6c21c889>
			streams:   4, words:  2582
		worklib.eth_register:v <0x6d4844d2>
			streams:   4, words:  2588
		worklib.eth_registers:v <0x6b2fcfc1>
			streams: 157, words: 62404
		worklib.eth_rxaddrcheck:v <0x66d37b79>
			streams:  26, words: 12841
		worklib.eth_rxcounters:v <0x68b438a7>
			streams:  21, words: 10945
		worklib.eth_rxethmac:v <0x1d05f864>
			streams:  48, words: 20325
		worklib.eth_rxstatem:v <0x0c539302>
			streams:  26, words: 14605
		worklib.eth_shiftreg:v <0x7b7a0afa>
			streams:  13, words:  7763
		worklib.eth_spram_256x32:v <0x5c7f8229>
			streams:  10, words:  5937
		worklib.eth_top:v <0x6b9be7ee>
			streams:  72, words: 27820
		worklib.eth_transmitcontrol:v <0x0586ae39>
			streams:  48, words: 24976
		worklib.eth_txcounters:v <0x6e15a9d8>
			streams:  21, words: 11084
		worklib.eth_txethmac:v <0x519a1d8c>
			streams:  59, words: 28557
		worklib.eth_txstatem:v <0x02784eb7>
			streams:  42, words: 24710
		worklib.eth_wishbone:v <0x14f3b6af>
			streams: 555, words: 308382
		worklib.fifo_empty_16:v <0x77efa833>
			streams:   2, words:   524
		worklib.fifoctlr_ns_v2:v <0x04fd7195>
			streams:  24, words:  3405
		worklib.flash_top:v <0x1bb5b548>
			streams:  24, words: 12114
		worklib.full_flag_reg_v2:v <0x2402b6ca>
			streams:  13, words:  4723
		worklib.gray_to_binary_v2:v <0x0b2b47d3>
			streams:   4, words:  8009
		worklib.i28f016s3:v <0x72ec5fcb>
			streams: 102, words: 99437
		worklib.lpm_abs:v <0x345ca915>
			streams:   1, words:   714
		worklib.lpm_add_sub:v <0x1a0ac2af>
			streams:   7, words:  5974
		worklib.lpm_and:v <0x762569bf>
			streams:   1, words:  1406
		worklib.lpm_bipad:v <0x340c0d64>
			streams:   1, words:   668
		worklib.lpm_bustri:v <0x3fcd743d>
			streams:   1, words:  1428
		worklib.lpm_clshift:v <0x166fb9b7>
			streams:   5, words:  5790
		worklib.lpm_compare:v <0x76a509fa>
			streams:  10, words:  6831
		worklib.lpm_constant:v <0x4ebf3972>
			streams:   1, words:   130
		worklib.lpm_counter:v <0x77f6d27f>
			streams:  12, words:  7823
		worklib.lpm_decode:v <0x58118c6d>
			streams:   4, words:  2008
		worklib.lpm_divide:v <0x5b62c201>
			streams:   6, words:  5793
		worklib.lpm_ff:v <0x14a47aec>
			streams:   8, words:  4772
		worklib.lpm_fifo:v <0x3c234240>
			streams:  15, words:  7757
		worklib.lpm_fifo_dc:v <0x3f1610fb>
			streams:  50, words: 17951
		worklib.lpm_fifo_dc_dffpipe:v <0x24edf143>
			streams:   7, words:  3123
		worklib.lpm_fifo_dc_dffpipe:v <0x44d71067>
			streams:   7, words:  3407
		worklib.lpm_fifo_dc_dffpipe:v <0x4e278ff0>
			streams:   7, words:  3123
		worklib.lpm_fifo_dc_dffpipe:v <0x651bb306>
			streams:   7, words:  3127
		worklib.lpm_fifo_dc_fefifo:v <0x502f0ae7>
			streams:   7, words:  2774
		worklib.lpm_fifo_dc_fefifo:v <0x58fa64de>
			streams:   7, words:  2968
		worklib.lpm_inpad:v <0x6aefa90e>
			streams:   1, words:   172
		worklib.lpm_inv:v <0x3932e195>
			streams:   1, words:   170
		worklib.lpm_latch:v <0x52c88e65>
			streams:   4, words:  2303
		worklib.lpm_mult:v <0x61b94529>
			streams:   5, words:  3944
		worklib.lpm_mux:v <0x5b9992c6>
			streams:   4, words:  2408
		worklib.lpm_or:v <0x268b24d3>
			streams:   1, words:  1412
		worklib.lpm_outpad:v <0x75b2de15>
			streams:   1, words:   172
		worklib.lpm_ram_dp:v <0x27b21ea1>
			streams:  26, words: 14065
		worklib.lpm_ram_dq:v <0x36eadc8c>
			streams:  22, words: 11950
		worklib.lpm_ram_io:v <0x55369925>
			streams:  26, words: 12563
		worklib.lpm_rom:v <0x60532dea>
			streams:  17, words:  7841
		worklib.lpm_shiftreg:v <0x16d1f465>
			streams:  15, words:  5827
		worklib.lpm_xor:v <0x3cbd20d2>
			streams:   1, words:  1399
		worklib.memory_v2:v <0x274fee65>
			streams:   2, words:  1024
		worklib.nand_a_notb_fd_v2:v <0x744dc75a>
			streams:   2, words:   390
		worklib.nand_fd_v2:v <0x050ada89>
			streams:   2, words:   390
		worklib.or1200_alu:v <0x4cc5cf11>
			streams:  10, words: 13688
		worklib.or1200_amultp2_32x32:v <0x2ac20fd5>
			streams:   4, words:  7947
		worklib.or1200_cfgr:v <0x357bed95>
			streams:   1, words:  5712
		worklib.or1200_cpu:v <0x22683a02>
			streams:   8, words:  1161
		worklib.or1200_ctrl:v <0x2ae3cac7>
			streams: 110, words: 70507
		worklib.or1200_dc_fsm:v <0x094d53bd>
			streams:  62, words: 32909
		worklib.or1200_dc_ram:v <0x12f2b5d3>
			streams:   1, words:   138
		worklib.or1200_dc_tag:v <0x6b1d5538>
			streams:   1, words:   138
		worklib.or1200_dc_top:v <0x7c9dd569>
			streams:  19, words:  4606
		worklib.or1200_dmmu_tlb:v <0x784a860e>
			streams:   9, words:  3781
		worklib.or1200_dmmu_top:v <0x5df0e69f>
			streams:  17, words:  6468
		worklib.or1200_dpram_32x32:v <0x054817b4>
			streams:   6, words:  3180
		worklib.or1200_du:v <0x6256ba5e>
			streams:  28, words: 16082
		worklib.or1200_except:v <0x34adb118>
			streams: 111, words: 69275
		worklib.or1200_freeze:v <0x1028320e>
			streams:  14, words:  5395
		worklib.or1200_genpc:v <0x31067a0d>
			streams:  12, words:  8561
		worklib.or1200_ic_fsm:v <0x4ba7c290>
			streams:  45, words: 26278
		worklib.or1200_ic_ram:v <0x71fd45db>
			streams:   1, words:   138
		worklib.or1200_ic_tag:v <0x6b1d5538>
			streams:   1, words:   138
		worklib.or1200_ic_top:v <0x142fa5ce>
			streams:  19, words:  4521
		worklib.or1200_if:v <0x55a9208b>
			streams:  18, words: 10014
		worklib.or1200_immu_tlb:v <0x44a6f7f2>
			streams:   9, words:  3339
		worklib.or1200_immu_top:v <0x6cf7b7f1>
			streams:  26, words:  8833
		worklib.or1200_iwb_biu:v <0x76368121>
			streams:  44, words: 20690
		worklib.or1200_lsu:v <0x2fd28171>
			streams:   9, words:  4026
		worklib.or1200_mem2reg:v <0x7ca17ab4>
			streams:   2, words:  1932
		worklib.or1200_monitor:v <0x49c56320>
			streams:   7, words: 21946
		worklib.or1200_mult_mac:v <0x537c4e7a>
			streams:  29, words: 14898
		worklib.or1200_operandmuxes:v <0x2d074046>
			streams:  15, words:  7655
		worklib.or1200_pic:v <0x59d78c01>
			streams:  12, words:  4946
		worklib.or1200_pm:v <0x78e31203>
			streams:  11, words:  4675
		worklib.or1200_qmem_top:v <0x0d6aeed2>
			streams:  41, words: 13300
		worklib.or1200_reg2mem:v <0x3fab7f91>
			streams:   3, words:  1341
		worklib.or1200_rf:v <0x3018b3d6>
			streams:  21, words:  9020
		worklib.or1200_rfram_generic:v <0x3d085811>
			streams:  42, words: 32741
		worklib.or1200_sb:v <0x30be2ad8>
			streams:  10, words:  1276
		worklib.or1200_sb_fifo:v <0x7713a03e>
			streams:  23, words: 18507
		worklib.or1200_spram_1024x32:v <0x3d14a698>
			streams:   6, words:  3187
		worklib.or1200_spram_1024x32_bw:v <0x3f3f3d1b>
			streams:  12, words:  6281
		worklib.or1200_spram_1024x8:v <0x69b51b73>
			streams:   6, words:  2774
		worklib.or1200_spram_2048x32:v <0x2f47e228>
			streams:   6, words:  3456
		worklib.or1200_spram_2048x32_bw:v <0x4c3a7e91>
			streams:  12, words:  6951
		worklib.or1200_spram_2048x8:v <0x32ef656a>
			streams:   6, words:  2774
		worklib.or1200_spram_256x21:v <0x64be4b27>
			streams:   6, words:  3092
		worklib.or1200_spram_512x20:v <0x00388003>
			streams:   6, words:  3267
		worklib.or1200_spram_64x14:v <0x373838f5>
			streams:   6, words:  2854
		worklib.or1200_spram_64x22:v <0x21710363>
			streams:   6, words:  3070
		worklib.or1200_spram_64x24:v <0x530e4f00>
			streams:   6, words:  3070
		worklib.or1200_sprs:v <0x1a76bc03>
			streams:  27, words: 17638
		worklib.or1200_tt:v <0x2412bc3d>
			streams:  16, words:  6290
		worklib.or1200_wb_biu:v <0x2e399e7a>
			streams:  32, words: 14572
		worklib.or1200_wbmux:v <0x7c5aac3e>
			streams:   4, words:  2194
		worklib.or3_fd_v2:v <0x502a17c1>
			streams:   2, words:   420
		worklib.or_a_b_v2:v <0x6da9409a>
			streams:   1, words:   168
		worklib.or_fd_v2:v <0x0598a531>
			streams:   2, words:   391
		worklib.ps2_io_ctrl:v <0x641bdd66>
			streams:   6, words:  2844
		worklib.ps2_keyboard:v <0x544b03cd>
			streams: 106, words: 52355
		worklib.ps2_top:v <0x764eaf32>
			streams:   3, words:   692
		worklib.ps2_translation_table:v <0x751b84b4>
			streams:  14, words:  5859
		worklib.ps2_wb_if:v <0x33451339>
			streams:  96, words: 54813
		worklib.raminfr:v <0x422303b9>
			streams:   3, words:  1220
		worklib.raminfr:v <0x562c379d>
			streams:   3, words:  1294
		worklib.reg_ainit_v2:v <0x0c20202f>
			streams:   1, words:   224
		worklib.reg_ainit_v2:v <0x37372cb7>
			streams:   1, words:   224
		worklib.reg_ainit_v2:v <0x74d25c9a>
			streams:   1, words:   224
		worklib.sram_top:v <0x72425b68>
			streams:  23, words: 14593
		worklib.ssvga_crtc:v <0x70efa133>
			streams:  24, words: 12887
		worklib.ssvga_fifo:v <0x6dfa5ba8>
			streams:  23, words: 11730
		worklib.ssvga_top:v <0x3b0c0000>
			streams:  13, words:  5137
		worklib.ssvga_wbm_if:v <0x63935221>
			streams:  17, words:  6926
		worklib.ssvga_wbs_if:v <0x7d072c28>
			streams:  16, words:  7431
		worklib.tc_mi_to_st:v <0x0c08a0dc>
			streams:  33, words: 22835
		worklib.tc_mi_to_st:v <0x6ec97559>
			streams:  33, words: 21851
		worklib.tc_si_to_mt:v <0x55d8c5db>
			streams:  21, words: 18057
		worklib.tc_top:v <0x219ba9c8>
			streams:  24, words:  4120
		worklib.tdm_slave_if:v <0x1ce6f387>
			streams:  14, words:  9037
		worklib.uart_debug_if:v <0x28db7a8f>
			streams:   1, words:   651
		worklib.uart_receiver:v <0x1656fa78>
			streams:  84, words: 47154
		worklib.uart_regs:v <0x6406c3f6>
			streams: 182, words: 90823
		worklib.uart_rfifo:v <0x1fa11900>
			streams:  37, words: 18533
		worklib.uart_sync_flops:v <0x17a20921>
			streams:   7, words:  3263
		worklib.uart_tfifo:v <0x6650661d>
			streams:  16, words:  8677
		worklib.uart_top:v <0x6498c3d4>
			streams:   2, words:   878
		worklib.uart_transmitter:v <0x69afa8e3>
			streams:  54, words: 30281
		worklib.uart_wb:v <0x586ddf68>
			streams:  28, words: 14973
		worklib.wb_master:v <0x158c3030>
			streams:  37, words: 16367
		worklib.xess_top:v <0x58301c8d>
			streams:   8, words:  4889
		worklib.xor_gate_bit_v2:v <0x4b01a09d>
			streams:   1, words:   127
		worklib.xsv_fpga_top:v <0x0a35358c>
			streams:  24, words: 11337
	Loading native compiled code:     .................... Done
	Building instance specific data structures.
	Design hierarchy summary:
		                  Instances  Unique
		Modules:               2204     224
		Primitives:             518       1
		Resolved nets:            0       1
		Timing outputs:         115      91
		Registers:             4619    1794
		Scalar wires:          6928       -
		Expanded wires:        1349      97
		Vectored wires:        1056       -
		Always blocks:         1675     902
		Initial blocks:         189      51
		Cont. assignments:     5295    1818
		Pseudo assignments:     280     233
		Timing checks:           12       -
		Simulation timescale:   1ps
	Writing initial simulation snapshot: worklib.xess_top:v
