ncprep: 05.10-s006: (c) Copyright 1995-2004 Cadence Design Systems, Inc.
Translating +define+DBG_IF_MODEL+SRAM_GENERIC_REGISTERED to ncvlog option -DEFINE
Translating +access+wr to ncelab option -ACCESS
Translating +tcl+sim.tcl to ncsim option -INPUT
Translating +max_err_count+2 to ncvlog, ncelab, ncsim option -ERRORMAX
Translating +incdir+../../bench/verilog to ncvlog option -INCDIR
Translating +incdir+../../bench/models/28f016s3 to ncvlog option -INCDIR
Translating +incdir+../../rtl/verilog to ncvlog option -INCDIR
Translating +incdir+../../rtl/verilog/audio to ncvlog option -INCDIR
Translating +incdir+../../rtl/verilog/mem_if to ncvlog option -INCDIR
Translating +incdir+../../rtl/verilog/dbg_interface to ncvlog option -INCDIR
Translating +incdir+../../rtl/verilog/ssvga to ncvlog option -INCDIR
Translating +incdir+../../rtl/verilog/ethernet to ncvlog option -INCDIR
Translating +incdir+../../rtl/verilog/uart16550 to ncvlog option -INCDIR
Translating +incdir+../../rtl/verilog/ps2 to ncvlog option -INCDIR
Translating +incdir+../../rtl/verilog/or1200 to ncvlog option -INCDIR
Translating +incdir+../../lib/xilinx/coregen to ncvlog option -INCDIR
Translating +incdir+../../lib/xilinx/unisims to ncvlog option -INCDIR
Translating +incdir+../../lib/altera to ncvlog option -INCDIR
Adding -UPDATE option, to disable update run ncprep with the +noupdate
Translation successful.
