 
cpldfit:  version G.26                              Xilinx Inc.
                                  Fitter Report
Design Name: spi_cpld                            Date:  3- 2-2004,  3:32PM
Device Used: XC2C32-4-VQ44
Fitting Status: Successful

****************************  Resource Summary  ****************************

Macrocells     Product Terms    Registers      Pins           Function Block 
Used           Used             Used           Used           Inputs Used    
26 /32  ( 81%) 54  /112  ( 48%) 20 /32  ( 62%) 15 /33  ( 45%) 40 /80  ( 50%)

PIN RESOURCES:

Signal Type    Required     Mapped  |  Pin Type            Used   Remaining 
------------------------------------|---------------------------------------
Input         :    7           7    |  I/O              :     7       17
Output        :    6           6    |  GCK/IO           :     3        0
Bidirectional :    0           0    |  GTS/IO           :     4        0
GCK           :    1           1    |  GSR/IO           :     1        0
GTS           :    1           1    |  CDR/IO           :     0        0
GSR           :    0           0    |  DGE/IO           :     0        0
                 ----        ----
        Total     15          15

MACROCELL RESOURCES:

Total Macrocells Available                    32
Registered Macrocells                         20
Non-registered Macrocell driving I/O           6

GLOBAL RESOURCES:

Signal 'fpga_cclk' mapped onto global clock net GCK0.
Signal 'ext_spi' mapped onto global output enable net GTS1.
Global set/reset net(s) unused.

End of Resource Summary
*************** Summary of Required Resources ******************

** LOGIC **
Signal              Total Signals Loc     Slew Pin  Pin       Pin     Reg     I/O      I/O       Reg Init
Name                Pt    Used            Rate #    Type      Use     Use     STD      Style     State
dummybits           3       5     FB1_15       20   I/O       (b)     DFF                        RESET
fpga_din            1       2     FB1_1   FAST 38   I/O       O               LVCMOS33           
pres_state_FFD1     4       5     FB1_13       22   I/O       (b)     DFF                        RESET
pres_state_FFD2     3       11    FB1_4        34   GTS/I/O   GTS/I   TFF                        RESET
pres_state_FFD3     3       11    FB2_16       16   I/O       (b)     DFF                        RESET
s_cmd_data          8       7     FB1_16       19   I/O       (b)     DFF                        RESET
s_count<0>          2       3     FB2_10       5    I/O       (b)     TFF                        RESET
s_count<1>          2       4     FB2_11       6    I/O       (b)     TFF                        RESET
s_count<2>          2       5     FB2_12       8    I/O       (b)     TFF                        RESET
s_count<3>          2       6     FB2_13       12   I/O       (b)     TFF                        RESET
s_count<4>          2       7     FB2_14       13   I/O       (b)     TFF                        RESET
s_count<5>          2       8     FB2_15       14   I/O       (b)     TFF                        RESET
s_instcode<0>       2       6     FB1_12       23   I/O       (b)     TFF                        RESET
s_instcode<1>       3       6     FB1_11       27   I/O       (b)     DEFF                       RESET
s_instcode<2>       3       6     FB1_10       28   I/O       (b)     DEFF                       RESET
s_instcode<3>       3       6     FB1_5        33   GTS/I/O   I       DEFF                       RESET
s_instcode<4>       3       6     FB1_9        29   I/O       (b)     DEFF                       RESET
s_instcode<5>       3       6     FB1_8        30   GSR/I/O   I       DEFF                       RESET
s_instcode<6>       3       6     FB1_7        31   GTS/I/O   I       DEFF                       RESET
s_instcode<7>       3       6     FB1_6        32   GTS/I/O   I       DEFF                       RESET
s_spi_sn            3       5     FB1_14       21   I/O       (b)     DFF                        RESET
spi_c               2       3     FB1_2   FAST 37   I/O       O               LVCMOS33 PU        
spi_d               2       3     FB1_3   FAST 36   I/O       O               LVCMOS33           
spi_holdn           1       3     FB2_2   FAST 40   I/O       O               LVCMOS33           
spi_sn              2       3     FB2_1   FAST 39   I/O       O               LVCMOS33           
spi_wn              1       3     FB2_3   FAST 41   I/O       O               LVCMOS33           

** INPUTS **
Signal                            Loc          Pin  Pin       Pin     Reg     I/O      I/O       
Name                                           #    Type      Use     Use     STD      Style     
ext_spi                           FB1_4        34   GTS/I/O   GTS/I           LVCMOS33 S
fpga_cclk                         FB2_5        43   GCK/I/O   GCK/I           LVCMOS33 S
fpga_done                         FB1_5        33   GTS/I/O   I               LVCMOS33 S
fpga_init                         FB1_6        32   GTS/I/O   I               LVCMOS33 S
fpga_io_clk                       FB1_7        31   GTS/I/O   I               LVCMOS33 S
fpga_io_holdn                     FB2_4        42   I/O       I               LVCMOS33 S
fpga_io_sn                        FB2_6        44   GCK/I/O   I               LVCMOS33 S
fpga_io_wn                        FB2_7        1    GCK/I/O   I               LVCMOS33 S
spi_q                             FB1_8        30   GSR/I/O   I               LVCMOS33 S/PU

End of Resources

Legend:
I/O Style - OD    - OpenDrain
          - PU    - Pullup
          - KPR   - Keeper
          - S     - SchmittTrigger
          - DG    - DataGate
Reg Use   - LATCH - Transparent latch
          - DFF   - D-flip-flop
          - DEFF  - D-flip-flop with clock enable
          - TFF   - T-flip-flop
          - TDFF  - Dual-edge-triggered T-flip-flop
          - DDFF  - Dual-edge-triggered flip-flop
          - DDEFF - Dual-edge-triggered flip-flop with clock enable
          /S (after any above flop/latch type) indicates initial state is Set

*********************Function Block Resource Summary***********************
Function    # of        FB Inputs   Signals     Total       O/IO      IO    
Block       Macrocells  Used        Used        Pt Used     Req       Avail 
FB1          16          24          24           40         3/0       16   
FB2          10          16          16           14         3/0       16   
            ----                                -----       -----     ----- 
             26                                   54         6/0       32   
*********************************** FB1 ***********************************
This function block is part of I/O Bank number:               1
Number of signals used by logic mapping into function block:  24
Number of function block inputs used/remaining:               24/16
Number of function block control terms used/remaining:        2/2
Number of PLA product terms used/remaining:                   40/16
Signal                            Total   Loc     Pin   Pin      Pin   
Name                              Pt               #    Type     Use   
fpga_din                          1       FB1_1   38    I/O      O     
spi_c                             2       FB1_2   37    I/O      O     
spi_d                             2       FB1_3   36    I/O      O     
pres_state_FFD2                   3       FB1_4   34    GTS/I/O  GTS/I 
s_instcode<3>                     3       FB1_5   33    GTS/I/O  I     
s_instcode<7>                     3       FB1_6   32    GTS/I/O  I     
s_instcode<6>                     3       FB1_7   31    GTS/I/O  I     
s_instcode<5>                     3       FB1_8   30    GSR/I/O  I     
s_instcode<4>                     3       FB1_9   29    I/O      (b)   
s_instcode<2>                     3       FB1_10  28    I/O      (b)   
s_instcode<1>                     3       FB1_11  27    I/O      (b)   
s_instcode<0>                     2       FB1_12  23    I/O      (b)   
pres_state_FFD1                   4       FB1_13  22    I/O      (b)   
s_spi_sn                          3       FB1_14  21    I/O      (b)   
dummybits                         3       FB1_15  20    I/O      (b)   
s_cmd_data                        8       FB1_16  19    I/O      (b)   

Signals Used by Logic in Function Block
  1: dummybits          9: s_cmd_data        17: s_instcode<1> 
  2: fpga_cclk         10: s_count<0>        18: s_instcode<2> 
  3: fpga_done         11: s_count<1>        19: s_instcode<3> 
  4: fpga_init         12: s_count<2>        20: s_instcode<4> 
  5: fpga_io_clk       13: s_count<3>        21: s_instcode<5> 
  6: pres_state_FFD1   14: s_count<4>        22: s_instcode<6> 
  7: pres_state_FFD2   15: s_count<5>        23: s_instcode<7> 
  8: pres_state_FFD3   16: s_instcode<0>     24: spi_q 

Signal                     1         2         3         4 Signals FB
Name             0----+----0----+----0----+----0----+----0 Used    Inputs
fpga_din          X......................X................ 2       2
spi_c             .XX.X................................... 3       3
spi_d             ..XX....X............................... 3       3
pres_state_FFD2   ..XX.XXX.XXXXXX......................... 11      11
s_instcode<3>     ..XX.XXX.........X...................... 6       6
s_instcode<7>     ..XX.XXX.............X.................. 6       6
s_instcode<6>     ..XX.XXX............X................... 6       6
s_instcode<5>     ..XX.XXX...........X.................... 6       6
s_instcode<4>     ..XX.XXX..........X..................... 6       6
s_instcode<2>     ..XX.XXX........X....................... 6       6
s_instcode<1>     ..XX.XXX.......X........................ 6       6
s_instcode<0>     ..XX.XXX.......X........................ 6       6
pres_state_FFD1   ..XX.XXX................................ 5       5
s_spi_sn          ..XX.XXX................................ 5       5
dummybits         ..XX.XXX................................ 5       5
s_cmd_data        ..XX.XXXX.............X................. 7       7
                 0----+----1----+----2----+----3----+----4
                           0         0         0         0
Legend:
Total Pt     - Total product terms used by the macrocell signal
Loc          - Location where logic was mapped in device
Pin Type/Use - I  - Input             GCK - Global clock
               O  - Output            GTS - Global Output Enable
              (b) - Buried macrocell  GSR - Global Set/Reset
*********************************** FB2 ***********************************
This function block is part of I/O Bank number:               1
Number of signals used by logic mapping into function block:  16
Number of function block inputs used/remaining:               16/24
Number of function block control terms used/remaining:        1/3
Number of PLA product terms used/remaining:                   14/42
Signal                            Total   Loc     Pin   Pin      Pin   
Name                              Pt               #    Type     Use   
spi_sn                            2       FB2_1   39    I/O      O     
spi_holdn                         1       FB2_2   40    I/O      O     
spi_wn                            1       FB2_3   41    I/O      O     
(unused)                          0       FB2_4   42    I/O      I     
(unused)                          0       FB2_5   43    GCK/I/O  GCK/I 
(unused)                          0       FB2_6   44    GCK/I/O  I     
(unused)                          0       FB2_7   1     GCK/I/O  I     
(unused)                          0       FB2_8   2     I/O            
(unused)                          0       FB2_9   3     I/O            
s_count<0>                        2       FB2_10  5     I/O      (b)   
s_count<1>                        2       FB2_11  6     I/O      (b)   
s_count<2>                        2       FB2_12  8     I/O      (b)   
s_count<3>                        2       FB2_13  12    I/O      (b)   
s_count<4>                        2       FB2_14  13    I/O      (b)   
s_count<5>                        2       FB2_15  14    I/O      (b)   
pres_state_FFD3                   3       FB2_16  16    I/O      (b)   

Signals Used by Logic in Function Block
  1: ext_spi            7: pres_state_FFD1   12: s_count<2> 
  2: fpga_done          8: pres_state_FFD2   13: s_count<3> 
  3: fpga_init          9: pres_state_FFD3   14: s_count<4> 
  4: fpga_io_holdn     10: s_count<0>        15: s_count<5> 
  5: fpga_io_sn        11: s_count<1>        16: s_spi_sn 
  6: fpga_io_wn       

Signal                     1         2         3         4 Signals FB
Name             0----+----0----+----0----+----0----+----0 Used    Inputs
spi_sn            .X..X..........X........................ 3       3
spi_holdn         XX.X.................................... 3       3
spi_wn            XX...X.................................. 3       3
s_count<0>        ......XXX............................... 3       3
s_count<1>        ......XXXX.............................. 4       4
s_count<2>        ......XXXXX............................. 5       5
s_count<3>        ......XXXXXX............................ 6       6
s_count<4>        ......XXXXXXX........................... 7       7
s_count<5>        ......XXXXXXXX.......................... 8       8
pres_state_FFD3   .XX...XXXXXXXXX......................... 11      11
                 0----+----1----+----2----+----3----+----4
                           0         0         0         0
Legend:
Total Pt     - Total product terms used by the macrocell signal
Loc          - Location where logic was mapped in device
Pin Type/Use - I  - Input             GCK - Global clock
               O  - Output            GTS - Global Output Enable
              (b) - Buried macrocell  GSR - Global Set/Reset
;;-----------------------------------------------------------------;;
; Implemented Equations.

!fpga_din = !spi_q * !dummybits;
   fpga_din.OE  =  !ext_spi;	// GTS

dummybits := pres_state_FFD1 * !pres_state_FFD3
	# !pres_state_FFD3 * !pres_state_FFD2;
   dummybits.CLK  =  !fpga_cclk;	// GCK
    dummybits.AP = !fpga_init * !fpga_done;

pres_state_FFD1 := pres_state_FFD1 * !pres_state_FFD3
	# pres_state_FFD1 * pres_state_FFD2 * !fpga_done
	# !pres_state_FFD3 * !pres_state_FFD2 * !fpga_done;
   pres_state_FFD1.CLK  =  fpga_cclk;	// GCK
    pres_state_FFD1.AR = !fpga_init * !fpga_done;

pres_state_FFD3 := pres_state_FFD3 * pres_state_FFD2
	# pres_state_FFD1 * pres_state_FFD2 * s_count<0> * 
	s_count<1> * s_count<2> * !s_count<3> * !s_count<4> * 
	s_count<5>;
   pres_state_FFD3.CLK  =  fpga_cclk;	// GCK
    pres_state_FFD3.AR = !fpga_init * !fpga_done;

pres_state_FFD2.T := !pres_state_FFD1 * !pres_state_FFD3 * 
	pres_state_FFD2
	# pres_state_FFD1 * !pres_state_FFD3 * 
	!pres_state_FFD2 * s_count<0> * s_count<1> * s_count<2> * 
	!s_count<3> * !s_count<4> * !s_count<5>;
   pres_state_FFD2.CLK  =  fpga_cclk;	// GCK
    pres_state_FFD2.AR = !fpga_init * !fpga_done;

s_count<0>.T := pres_state_FFD1 * !pres_state_FFD3;
   s_count<0>.CLK  =  fpga_cclk;	// GCK
    s_count<0>.AR = !pres_state_FFD1 * !pres_state_FFD3 * 
	!pres_state_FFD2;

s_count<1>.T := pres_state_FFD1 * !pres_state_FFD3 * s_count<0>;
   s_count<1>.CLK  =  fpga_cclk;	// GCK
    s_count<1>.AR = !pres_state_FFD1 * !pres_state_FFD3 * 
	!pres_state_FFD2;

s_count<2>.T := pres_state_FFD1 * !pres_state_FFD3 * s_count<0> * 
	s_count<1>;
   s_count<2>.CLK  =  fpga_cclk;	// GCK
    s_count<2>.AR = !pres_state_FFD1 * !pres_state_FFD3 * 
	!pres_state_FFD2;

s_count<3>.T := pres_state_FFD1 * !pres_state_FFD3 * s_count<0> * 
	s_count<1> * s_count<2>;
   s_count<3>.CLK  =  fpga_cclk;	// GCK
    s_count<3>.AR = !pres_state_FFD1 * !pres_state_FFD3 * 
	!pres_state_FFD2;

s_count<4>.T := pres_state_FFD1 * !pres_state_FFD3 * s_count<0> * 
	s_count<1> * s_count<2> * s_count<3>;
   s_count<4>.CLK  =  fpga_cclk;	// GCK
    s_count<4>.AR = !pres_state_FFD1 * !pres_state_FFD3 * 
	!pres_state_FFD2;

s_count<5>.T := pres_state_FFD1 * !pres_state_FFD3 * s_count<0> * 
	s_count<1> * s_count<2> * s_count<3> * s_count<4>;
   s_count<5>.CLK  =  fpga_cclk;	// GCK
    s_count<5>.AR = !pres_state_FFD1 * !pres_state_FFD3 * 
	!pres_state_FFD2;

!spi_c = fpga_done * !fpga_io_clk
	# !fpga_done * !fpga_cclk;
   spi_c.OE  =  !ext_spi;	// GTS

!spi_d = !fpga_init * fpga_done
	# !fpga_done * !s_cmd_data;
   spi_d.OE  =  !ext_spi;	// GTS

s_cmd_data := !pres_state_FFD1 * fpga_init * s_cmd_data
	# !pres_state_FFD1 * fpga_done * s_cmd_data
	# pres_state_FFD3 * fpga_init * s_cmd_data
	# pres_state_FFD3 * fpga_done * s_cmd_data
	# !fpga_init * !fpga_done * s_instcode<7>
	# pres_state_FFD1 * !pres_state_FFD3 * 
	!pres_state_FFD2 * s_instcode<7>;
   s_cmd_data.CLK  =  !fpga_cclk;	// GCK
    s_cmd_data.AP = !fpga_init * !fpga_done * s_instcode<7>;
    s_cmd_data.AR = !fpga_init * !fpga_done * !s_instcode<7>;

s_instcode<7> := s_instcode<6>;
   s_instcode<7>.CLK  =  !fpga_cclk;	// GCK
    s_instcode<7>.CE = pres_state_FFD1 * !pres_state_FFD3 * 
	!pres_state_FFD2;
    s_instcode<7>.AR = !fpga_init * !fpga_done;

s_instcode<6> := s_instcode<5>;
   s_instcode<6>.CLK  =  !fpga_cclk;	// GCK
    s_instcode<6>.CE = pres_state_FFD1 * !pres_state_FFD3 * 
	!pres_state_FFD2;
    s_instcode<6>.AR = !fpga_init * !fpga_done;

s_instcode<5> := s_instcode<4>;
   s_instcode<5>.CLK  =  !fpga_cclk;	// GCK
    s_instcode<5>.CE = pres_state_FFD1 * !pres_state_FFD3 * 
	!pres_state_FFD2;
    s_instcode<5>.AR = !fpga_init * !fpga_done;

s_instcode<4> := s_instcode<3>;
   s_instcode<4>.CLK  =  !fpga_cclk;	// GCK
    s_instcode<4>.CE = pres_state_FFD1 * !pres_state_FFD3 * 
	!pres_state_FFD2;
    s_instcode<4>.AR = !fpga_init * !fpga_done;

s_instcode<3> := s_instcode<2>;
   s_instcode<3>.CLK  =  !fpga_cclk;	// GCK
    s_instcode<3>.CE = pres_state_FFD1 * !pres_state_FFD3 * 
	!pres_state_FFD2;
    s_instcode<3>.AP = !fpga_init * !fpga_done;

s_instcode<2> := s_instcode<1>;
   s_instcode<2>.CLK  =  !fpga_cclk;	// GCK
    s_instcode<2>.CE = pres_state_FFD1 * !pres_state_FFD3 * 
	!pres_state_FFD2;
    s_instcode<2>.AR = !fpga_init * !fpga_done;

s_instcode<1> := s_instcode<0>;
   s_instcode<1>.CLK  =  !fpga_cclk;	// GCK
    s_instcode<1>.CE = pres_state_FFD1 * !pres_state_FFD3 * 
	!pres_state_FFD2;
    s_instcode<1>.AP = !fpga_init * !fpga_done;

s_instcode<0>.T := pres_state_FFD1 * !pres_state_FFD3 * 
	!pres_state_FFD2 * s_instcode<0>;
   s_instcode<0>.CLK  =  !fpga_cclk;	// GCK
    s_instcode<0>.AP = !fpga_init * !fpga_done;

!spi_holdn = fpga_done * !ext_spi * !fpga_io_holdn;

!spi_sn = fpga_done * !fpga_io_sn
	# !fpga_done * !s_spi_sn;
   spi_sn.OE  =  !ext_spi;	// GTS

!s_spi_sn := pres_state_FFD1 * !pres_state_FFD3
	# pres_state_FFD1 * pres_state_FFD2;
   s_spi_sn.CLK  =  !fpga_cclk;	// GCK
    s_spi_sn.AP = !fpga_init * !fpga_done;

!spi_wn = fpga_done * !ext_spi * !fpga_io_wn;



Legend:  <signame>.COMB = combinational node mapped to the same physical macrocell
                          as the FastInput "signal" (not logically related)
****************************  Device Pin Out ****************************

Device : XC2C32-4-VQ44


   -----------------------------------  
  /44 43 42 41 40 39 38 37 36 35 34 33 \
 | 1                                32 | 
 | 2                                31 | 
 | 3                                30 | 
 | 4                                29 | 
 | 5           XC2C32-4-VQ44        28 | 
 | 6                                27 | 
 | 7                                26 | 
 | 8                                25 | 
 | 9                                24 | 
 | 10                               23 | 
 | 11                               22 | 
 \ 12 13 14 15 16 17 18 19 20 21 22 23 /
   -----------------------------------  


Pin Signal                         Pin Signal                        
No. Name                           No. Name                          
  1 fpga_io_wn                       23 WPU                           
  2 WPU                              24 TDO                           
  3 WPU                              25 GND                           
  4 GND                              26 VCCIO-3.3                     
  5 WPU                              27 WPU                           
  6 WPU                              28 WPU                           
  7 VCCIO-3.3                        29 WPU                           
  8 WPU                              30 spi_q                         
  9 TDI                              31 fpga_io_clk                   
 10 TMS                              32 fpga_init                     
 11 TCK                              33 fpga_done                     
 12 WPU                              34 ext_spi                       
 13 WPU                              35 VCCAUX                        
 14 WPU                              36 spi_d                         
 15 VCC                              37 spi_c                         
 16 WPU                              38 fpga_din                      
 17 GND                              39 spi_sn                        
 18 WPU                              40 spi_holdn                     
 19 WPU                              41 spi_wn                        
 20 WPU                              42 fpga_io_holdn                 
 21 WPU                              43 fpga_cclk                     
 22 WPU                              44 fpga_io_sn                    


Legend :  NC  = Not Connected, unbonded pin
        PGND  = Unused I/O configured as additional Ground pin
         KPR  = Unused I/O with weak keeper (leave unconnected)
         WPU  = Unused I/O with weak pull up (leave unconnected)
         TIE  = Unused I/O floating -- must tie to VCC, GND or other signal
         VCC  = Dedicated Power Pin
      VCCAUX  = Power supply for JTAG pins
   VCCIO-3.3  = I/O supply voltage for LVTTL, LVCMOS33, SSTL3_I
   VCCIO-2.5  = I/O supply voltage for LVCMOS25, SSTL2_I
   VCCIO-1.8  = I/O supply voltage for LVCMOS18
   VCCIO-1.5  = I/O supply voltage for LVCMOS15, HSTL_I
        VREF  = Reference voltage for indicated input standard
       *VREF  = Reference voltage pin selected by software
         GND  = Dedicated Ground Pin
         TDI  = Test Data In, JTAG pin
         TDO  = Test Data Out, JTAG pin
         TCK  = Test Clock, JTAG pin
         TMS  = Test Mode Select, JTAG pin
  PROHIBITED  = User reserved pin
****************************  Compiler Options  ****************************

Following is a list of all global compiler options used by the fitter run.

Device(s) Specified                         : xc2c32-4-VQ44
Optimization Method                         : DENSITY
Multi-Level Logic Optimization              : ON
Ignore Timing Specifications                : OFF
Default Register Power Up Value             : LOW
Keep User Location Constraints              : ON
What-You-See-Is-What-You-Get                : OFF
Exhaustive Fitting                          : OFF
Keep Unused Inputs                          : OFF
Slew Rate                                   : FAST
Set Unused I/O Pin Termination              : PULLUP
Global Clock Optimization                   : ON
Global Set/Reset Optimization               : ON
Global Ouput Enable Optimization            : ON
Enable Input Registers                      : ON
Function Block Fan-in Limit                 : 38
Use DATA_GATE Attribute                     : ON
Set Tristate Outputs to Termination Mode    : PULLUP
Default Voltage Standard for All Outputs    : LVCMOS33
Input Limit                                 : 32
Pterm Limit                                 : 28
