 
****************************************
Report : timing
        -path full
        -delay max
        -nworst 10
        -input_pins
        -nets
        -max_paths 10
        -transition_time
        -capacitance
Design : DmacFifo
Version: V-2004.06
Date   : Mon Jul  3 17:06:38 2006
****************************************

Operating Conditions: slow   Library: slow
Wire Load Model Mode: top

  Startpoint: ReadIndex_reg_0_
              (rising edge-triggered flip-flop)
  Endpoint: DataOut[17]
            (output port)
  Path Group: (none)
  Path Type: max

  Point                        Fanout       Cap     Trans      Incr       Path
  -------------------------------------------------------------------------------
  ReadIndex_reg_0_/CK (DFFRX4)                       0.00      0.00       0.00 r
  ReadIndex_reg_0_/Q (DFFRX4)                        0.14      0.62       0.62 r
  ReadIndex[0] (net)             8         0.03                0.00       0.62 r
  U3209/A (INVX1)                                    0.14      0.00       0.62 r
  U3209/Y (INVX1)                                    0.16      0.13       0.76 f
  n3618 (net)                    5         0.02                0.00       0.76 f
  U3198/C (NOR3X1)                                   0.16      0.00       0.76 f
  U3198/Y (NOR3X1)                                   3.39      2.03       2.78 r
  n3631 (net)                   33         0.14                0.00       2.78 r
  U3005/B1 (AOI22X1)                                 3.39      0.00       2.78 r
  U3005/Y (AOI22X1)                                  0.50      0.21       2.99 f
  n4237 (net)                    1         0.00                0.00       2.99 f
  U3004/D (NAND4X1)                                  0.50      0.00       2.99 f
  U3004/Y (NAND4X1)                                  0.40      0.38       3.38 r
  ReadData_17_ (net)             5         0.02                0.00       3.38 r
  U2030/B1 (AOI22X1)                                 0.40      0.00       3.38 r
  U2030/Y (AOI22X1)                                  0.33      0.15       3.52 f
  n3557 (net)                    1         0.00                0.00       3.52 f
  U2029/A (INVX1)                                    0.33      0.00       3.52 f
  U2029/Y (INVX1)                                    0.13      0.12       3.64 r
  n3556 (net)                    1         0.00                0.00       3.64 r
  U2028/C0 (AOI221X1)                                0.13      0.00       3.64 r
  U2028/Y (AOI221X1)                                 0.28      0.07       3.72 f
  n3552 (net)                    1         0.00                0.00       3.72 f
  U2027/A (INVX1)                                    0.28      0.00       3.72 f
  U2027/Y (INVX1)                                    0.07      0.08       3.80 r
  DataOut[17] (net)              1         0.00                0.00       3.80 r
  DataOut[17] (out)                                  0.07      0.00       3.80 r
  data arrival time                                                       3.80
  -------------------------------------------------------------------------------
  (Path is unconstrained)


  Startpoint: ReadIndex_reg_0_
              (rising edge-triggered flip-flop)
  Endpoint: DataOut[18]
            (output port)
  Path Group: (none)
  Path Type: max

  Point                        Fanout       Cap     Trans      Incr       Path
  -------------------------------------------------------------------------------
  ReadIndex_reg_0_/CK (DFFRX4)                       0.00      0.00       0.00 r
  ReadIndex_reg_0_/Q (DFFRX4)                        0.14      0.62       0.62 r
  ReadIndex[0] (net)             8         0.03                0.00       0.62 r
  U3209/A (INVX1)                                    0.14      0.00       0.62 r
  U3209/Y (INVX1)                                    0.16      0.13       0.76 f
  n3618 (net)                    5         0.02                0.00       0.76 f
  U3198/C (NOR3X1)                                   0.16      0.00       0.76 f
  U3198/Y (NOR3X1)                                   3.39      2.03       2.78 r
  n3631 (net)                   33         0.14                0.00       2.78 r
  U3144/B1 (AOI22X1)                                 3.39      0.00       2.78 r
  U3144/Y (AOI22X1)                                  0.50      0.21       2.99 f
  n4352 (net)                    1         0.00                0.00       2.99 f
  U3143/D (NAND4X1)                                  0.50      0.00       2.99 f
  U3143/Y (NAND4X1)                                  0.40      0.38       3.38 r
  ReadData_18_ (net)             5         0.02                0.00       3.38 r
  U2034/B1 (AOI22X1)                                 0.40      0.00       3.38 r
  U2034/Y (AOI22X1)                                  0.33      0.15       3.52 f
  n3561 (net)                    1         0.00                0.00       3.52 f
  U2033/A (INVX1)                                    0.33      0.00       3.52 f
  U2033/Y (INVX1)                                    0.13      0.12       3.64 r
  n3560 (net)                    1         0.00                0.00       3.64 r
  U2032/C0 (AOI221X1)                                0.13      0.00       3.64 r
  U2032/Y (AOI221X1)                                 0.28      0.07       3.72 f
  n3558 (net)                    1         0.00                0.00       3.72 f
  U2031/A (INVX1)                                    0.28      0.00       3.72 f
  U2031/Y (INVX1)                                    0.07      0.08       3.80 r
  DataOut[18] (net)              1         0.00                0.00       3.80 r
  DataOut[18] (out)                                  0.07      0.00       3.80 r
  data arrival time                                                       3.80
  -------------------------------------------------------------------------------
  (Path is unconstrained)


  Startpoint: ReadIndex_reg_0_
              (rising edge-triggered flip-flop)
  Endpoint: DataOut[19]
            (output port)
  Path Group: (none)
  Path Type: max

  Point                        Fanout       Cap     Trans      Incr       Path
  -------------------------------------------------------------------------------
  ReadIndex_reg_0_/CK (DFFRX4)                       0.00      0.00       0.00 r
  ReadIndex_reg_0_/Q (DFFRX4)                        0.14      0.62       0.62 r
  ReadIndex[0] (net)             8         0.03                0.00       0.62 r
  U3209/A (INVX1)                                    0.14      0.00       0.62 r
  U3209/Y (INVX1)                                    0.16      0.13       0.76 f
  n3618 (net)                    5         0.02                0.00       0.76 f
  U3198/C (NOR3X1)                                   0.16      0.00       0.76 f
  U3198/Y (NOR3X1)                                   3.39      2.03       2.78 r
  n3631 (net)                   33         0.14                0.00       2.78 r
  U3121/B1 (AOI22X1)                                 3.39      0.00       2.78 r
  U3121/Y (AOI22X1)                                  0.50      0.21       2.99 f
  n4334 (net)                    1         0.00                0.00       2.99 f
  U3120/D (NAND4X1)                                  0.50      0.00       2.99 f
  U3120/Y (NAND4X1)                                  0.40      0.38       3.38 r
  ReadData_19_ (net)             5         0.02                0.00       3.38 r
  U2038/B1 (AOI22X1)                                 0.40      0.00       3.38 r
  U2038/Y (AOI22X1)                                  0.33      0.15       3.52 f
  n3565 (net)                    1         0.00                0.00       3.52 f
  U2037/A (INVX1)                                    0.33      0.00       3.52 f
  U2037/Y (INVX1)                                    0.13      0.12       3.64 r
  n3564 (net)                    1         0.00                0.00       3.64 r
  U2036/C0 (AOI221X1)                                0.13      0.00       3.64 r
  U2036/Y (AOI221X1)                                 0.28      0.07       3.72 f
  n3562 (net)                    1         0.00                0.00       3.72 f
  U2035/A (INVX1)                                    0.28      0.00       3.72 f
  U2035/Y (INVX1)                                    0.07      0.08       3.80 r
  DataOut[19] (net)              1         0.00                0.00       3.80 r
  DataOut[19] (out)                                  0.07      0.00       3.80 r
  data arrival time                                                       3.80
  -------------------------------------------------------------------------------
  (Path is unconstrained)


  Startpoint: ReadIndex_reg_0_
              (rising edge-triggered flip-flop)
  Endpoint: DataOut[20]
            (output port)
  Path Group: (none)
  Path Type: max

  Point                        Fanout       Cap     Trans      Incr       Path
  -------------------------------------------------------------------------------
  ReadIndex_reg_0_/CK (DFFRX4)                       0.00      0.00       0.00 r
  ReadIndex_reg_0_/Q (DFFRX4)                        0.14      0.62       0.62 r
  ReadIndex[0] (net)             8         0.03                0.00       0.62 r
  U3209/A (INVX1)                                    0.14      0.00       0.62 r
  U3209/Y (INVX1)                                    0.16      0.13       0.76 f
  n3618 (net)                    5         0.02                0.00       0.76 f
  U3198/C (NOR3X1)                                   0.16      0.00       0.76 f
  U3198/Y (NOR3X1)                                   3.39      2.03       2.78 r
  n3631 (net)                   33         0.14                0.00       2.78 r
  U3098/B1 (AOI22X1)                                 3.39      0.00       2.78 r
  U3098/Y (AOI22X1)                                  0.50      0.21       2.99 f
  n4316 (net)                    1         0.00                0.00       2.99 f
  U3097/D (NAND4X1)                                  0.50      0.00       2.99 f
  U3097/Y (NAND4X1)                                  0.40      0.38       3.38 r
  ReadData_20_ (net)             5         0.02                0.00       3.38 r
  U2042/B1 (AOI22X1)                                 0.40      0.00       3.38 r
  U2042/Y (AOI22X1)                                  0.33      0.15       3.52 f
  n3569 (net)                    1         0.00                0.00       3.52 f
  U2041/A (INVX1)                                    0.33      0.00       3.52 f
  U2041/Y (INVX1)                                    0.13      0.12       3.64 r
  n3568 (net)                    1         0.00                0.00       3.64 r
  U2040/C0 (AOI221X1)                                0.13      0.00       3.64 r
  U2040/Y (AOI221X1)                                 0.28      0.07       3.72 f
  n3566 (net)                    1         0.00                0.00       3.72 f
  U2039/A (INVX1)                                    0.28      0.00       3.72 f
  U2039/Y (INVX1)                                    0.07      0.08       3.80 r
  DataOut[20] (net)              1         0.00                0.00       3.80 r
  DataOut[20] (out)                                  0.07      0.00       3.80 r
  data arrival time                                                       3.80
  -------------------------------------------------------------------------------
  (Path is unconstrained)


  Startpoint: ReadIndex_reg_0_
              (rising edge-triggered flip-flop)
  Endpoint: DataOut[21]
            (output port)
  Path Group: (none)
  Path Type: max

  Point                        Fanout       Cap     Trans      Incr       Path
  -------------------------------------------------------------------------------
  ReadIndex_reg_0_/CK (DFFRX4)                       0.00      0.00       0.00 r
  ReadIndex_reg_0_/Q (DFFRX4)                        0.14      0.62       0.62 r
  ReadIndex[0] (net)             8         0.03                0.00       0.62 r
  U3209/A (INVX1)                                    0.14      0.00       0.62 r
  U3209/Y (INVX1)                                    0.16      0.13       0.76 f
  n3618 (net)                    5         0.02                0.00       0.76 f
  U3198/C (NOR3X1)                                   0.16      0.00       0.76 f
  U3198/Y (NOR3X1)                                   3.39      2.03       2.78 r
  n3631 (net)                   33         0.14                0.00       2.78 r
  U3075/B1 (AOI22X1)                                 3.39      0.00       2.78 r
  U3075/Y (AOI22X1)                                  0.50      0.21       2.99 f
  n4298 (net)                    1         0.00                0.00       2.99 f
  U3074/D (NAND4X1)                                  0.50      0.00       2.99 f
  U3074/Y (NAND4X1)                                  0.40      0.38       3.38 r
  ReadData_21_ (net)             5         0.02                0.00       3.38 r
  U2046/B1 (AOI22X1)                                 0.40      0.00       3.38 r
  U2046/Y (AOI22X1)                                  0.33      0.15       3.52 f
  n3573 (net)                    1         0.00                0.00       3.52 f
  U2045/A (INVX1)                                    0.33      0.00       3.52 f
  U2045/Y (INVX1)                                    0.13      0.12       3.64 r
  n3572 (net)                    1         0.00                0.00       3.64 r
  U2044/C0 (AOI221X1)                                0.13      0.00       3.64 r
  U2044/Y (AOI221X1)                                 0.28      0.07       3.72 f
  n3570 (net)                    1         0.00                0.00       3.72 f
  U2043/A (INVX1)                                    0.28      0.00       3.72 f
  U2043/Y (INVX1)                                    0.07      0.08       3.80 r
  DataOut[21] (net)              1         0.00                0.00       3.80 r
  DataOut[21] (out)                                  0.07      0.00       3.80 r
  data arrival time                                                       3.80
  -------------------------------------------------------------------------------
  (Path is unconstrained)


  Startpoint: ReadIndex_reg_0_
              (rising edge-triggered flip-flop)
  Endpoint: DataOut[22]
            (output port)
  Path Group: (none)
  Path Type: max

  Point                        Fanout       Cap     Trans      Incr       Path
  -------------------------------------------------------------------------------
  ReadIndex_reg_0_/CK (DFFRX4)                       0.00      0.00       0.00 r
  ReadIndex_reg_0_/Q (DFFRX4)                        0.14      0.62       0.62 r
  ReadIndex[0] (net)             8         0.03                0.00       0.62 r
  U3209/A (INVX1)                                    0.14      0.00       0.62 r
  U3209/Y (INVX1)                                    0.16      0.13       0.76 f
  n3618 (net)                    5         0.02                0.00       0.76 f
  U3198/C (NOR3X1)                                   0.16      0.00       0.76 f
  U3198/Y (NOR3X1)                                   3.39      2.03       2.78 r
  n3631 (net)                   33         0.14                0.00       2.78 r
  U3052/B1 (AOI22X1)                                 3.39      0.00       2.78 r
  U3052/Y (AOI22X1)                                  0.50      0.21       2.99 f
  n4280 (net)                    1         0.00                0.00       2.99 f
  U3051/D (NAND4X1)                                  0.50      0.00       2.99 f
  U3051/Y (NAND4X1)                                  0.40      0.38       3.38 r
  ReadData_22_ (net)             5         0.02                0.00       3.38 r
  U2050/B1 (AOI22X1)                                 0.40      0.00       3.38 r
  U2050/Y (AOI22X1)                                  0.33      0.15       3.52 f
  n3577 (net)                    1         0.00                0.00       3.52 f
  U2049/A (INVX1)                                    0.33      0.00       3.52 f
  U2049/Y (INVX1)                                    0.13      0.12       3.64 r
  n3576 (net)                    1         0.00                0.00       3.64 r
  U2048/C0 (AOI221X1)                                0.13      0.00       3.64 r
  U2048/Y (AOI221X1)                                 0.28      0.07       3.72 f
  n3574 (net)                    1         0.00                0.00       3.72 f
  U2047/A (INVX1)                                    0.28      0.00       3.72 f
  U2047/Y (INVX1)                                    0.07      0.08       3.80 r
  DataOut[22] (net)              1         0.00                0.00       3.80 r
  DataOut[22] (out)                                  0.07      0.00       3.80 r
  data arrival time                                                       3.80
  -------------------------------------------------------------------------------
  (Path is unconstrained)


  Startpoint: ReadIndex_reg_0_
              (rising edge-triggered flip-flop)
  Endpoint: DataOut[23]
            (output port)
  Path Group: (none)
  Path Type: max

  Point                        Fanout       Cap     Trans      Incr       Path
  -------------------------------------------------------------------------------
  ReadIndex_reg_0_/CK (DFFRX4)                       0.00      0.00       0.00 r
  ReadIndex_reg_0_/Q (DFFRX4)                        0.14      0.62       0.62 r
  ReadIndex[0] (net)             8         0.03                0.00       0.62 r
  U3209/A (INVX1)                                    0.14      0.00       0.62 r
  U3209/Y (INVX1)                                    0.16      0.13       0.76 f
  n3618 (net)                    5         0.02                0.00       0.76 f
  U3198/C (NOR3X1)                                   0.16      0.00       0.76 f
  U3198/Y (NOR3X1)                                   3.39      2.03       2.78 r
  n3631 (net)                   33         0.14                0.00       2.78 r
  U3029/B1 (AOI22X1)                                 3.39      0.00       2.78 r
  U3029/Y (AOI22X1)                                  0.50      0.21       2.99 f
  n4262 (net)                    1         0.00                0.00       2.99 f
  U3028/D (NAND4X1)                                  0.50      0.00       2.99 f
  U3028/Y (NAND4X1)                                  0.40      0.38       3.38 r
  ReadData_23_ (net)             5         0.02                0.00       3.38 r
  U2054/B1 (AOI22X1)                                 0.40      0.00       3.38 r
  U2054/Y (AOI22X1)                                  0.33      0.15       3.52 f
  n3581 (net)                    1         0.00                0.00       3.52 f
  U2053/A (INVX1)                                    0.33      0.00       3.52 f
  U2053/Y (INVX1)                                    0.13      0.12       3.64 r
  n3580 (net)                    1         0.00                0.00       3.64 r
  U2052/C0 (AOI221X1)                                0.13      0.00       3.64 r
  U2052/Y (AOI221X1)                                 0.28      0.07       3.72 f
  n3578 (net)                    1         0.00                0.00       3.72 f
  U2051/A (INVX1)                                    0.28      0.00       3.72 f
  U2051/Y (INVX1)                                    0.07      0.08       3.80 r
  DataOut[23] (net)              1         0.00                0.00       3.80 r
  DataOut[23] (out)                                  0.07      0.00       3.80 r
  data arrival time                                                       3.80
  -------------------------------------------------------------------------------
  (Path is unconstrained)


  Startpoint: ReadIndex_reg_0_
              (rising edge-triggered flip-flop)
  Endpoint: DataOut[29]
            (output port)
  Path Group: (none)
  Path Type: max

  Point                        Fanout       Cap     Trans      Incr       Path
  -------------------------------------------------------------------------------
  ReadIndex_reg_0_/CK (DFFRX4)                       0.00      0.00       0.00 r
  ReadIndex_reg_0_/Q (DFFRX4)                        0.14      0.62       0.62 r
  ReadIndex[0] (net)             8         0.03                0.00       0.62 r
  U3209/A (INVX1)                                    0.14      0.00       0.62 r
  U3209/Y (INVX1)                                    0.16      0.13       0.76 f
  n3618 (net)                    5         0.02                0.00       0.76 f
  U3198/C (NOR3X1)                                   0.16      0.00       0.76 f
  U3198/Y (NOR3X1)                                   3.39      2.03       2.78 r
  n3631 (net)                   33         0.14                0.00       2.78 r
  U3091/B1 (AOI22X1)                                 3.39      0.00       2.78 r
  U3091/Y (AOI22X1)                                  0.50      0.21       2.99 f
  n4310 (net)                    1         0.00                0.00       2.99 f
  U3090/D (NAND4X1)                                  0.50      0.00       2.99 f
  U3090/Y (NAND4X1)                                  0.40      0.38       3.37 r
  ReadData_13_ (net)             5         0.02                0.00       3.37 r
  U2077/B1 (AOI22X1)                                 0.40      0.00       3.37 r
  U2077/Y (AOI22X1)                                  0.26      0.15       3.52 f
  n3598 (net)                    1         0.00                0.00       3.52 f
  U2076/A (INVX1)                                    0.26      0.00       3.52 f
  U2076/Y (INVX1)                                    0.12      0.11       3.63 r
  n3597 (net)                    1         0.00                0.00       3.63 r
  U2075/C0 (AOI221X1)                                0.12      0.00       3.63 r
  U2075/Y (AOI221X1)                                 0.33      0.07       3.70 f
  n3596 (net)                    1         0.00                0.00       3.70 f
  U2074/A (INVX1)                                    0.33      0.00       3.70 f
  U2074/Y (INVX1)                                    0.08      0.08       3.79 r
  DataOut[29] (net)              1         0.00                0.00       3.79 r
  DataOut[29] (out)                                  0.08      0.00       3.79 r
  data arrival time                                                       3.79
  -------------------------------------------------------------------------------
  (Path is unconstrained)


  Startpoint: ReadIndex_reg_0_
              (rising edge-triggered flip-flop)
  Endpoint: DataOut[30]
            (output port)
  Path Group: (none)
  Path Type: max

  Point                        Fanout       Cap     Trans      Incr       Path
  -------------------------------------------------------------------------------
  ReadIndex_reg_0_/CK (DFFRX4)                       0.00      0.00       0.00 r
  ReadIndex_reg_0_/Q (DFFRX4)                        0.14      0.62       0.62 r
  ReadIndex[0] (net)             8         0.03                0.00       0.62 r
  U3209/A (INVX1)                                    0.14      0.00       0.62 r
  U3209/Y (INVX1)                                    0.16      0.13       0.76 f
  n3618 (net)                    5         0.02                0.00       0.76 f
  U3198/C (NOR3X1)                                   0.16      0.00       0.76 f
  U3198/Y (NOR3X1)                                   3.39      2.03       2.78 r
  n3631 (net)                   33         0.14                0.00       2.78 r
  U3068/B1 (AOI22X1)                                 3.39      0.00       2.78 r
  U3068/Y (AOI22X1)                                  0.50      0.21       2.99 f
  n4292 (net)                    1         0.00                0.00       2.99 f
  U3067/D (NAND4X1)                                  0.50      0.00       2.99 f
  U3067/Y (NAND4X1)                                  0.40      0.38       3.37 r
  ReadData_14_ (net)             5         0.02                0.00       3.37 r
  U2081/B1 (AOI22X1)                                 0.40      0.00       3.37 r
  U2081/Y (AOI22X1)                                  0.26      0.15       3.52 f
  n3601 (net)                    1         0.00                0.00       3.52 f
  U2080/A (INVX1)                                    0.26      0.00       3.52 f
  U2080/Y (INVX1)                                    0.12      0.11       3.63 r
  n3600 (net)                    1         0.00                0.00       3.63 r
  U2079/C0 (AOI221X1)                                0.12      0.00       3.63 r
  U2079/Y (AOI221X1)                                 0.33      0.07       3.70 f
  n3599 (net)                    1         0.00                0.00       3.70 f
  U2078/A (INVX1)                                    0.33      0.00       3.70 f
  U2078/Y (INVX1)                                    0.08      0.08       3.79 r
  DataOut[30] (net)              1         0.00                0.00       3.79 r
  DataOut[30] (out)                                  0.08      0.00       3.79 r
  data arrival time                                                       3.79
  -------------------------------------------------------------------------------
  (Path is unconstrained)


  Startpoint: ReadIndex_reg_0_
              (rising edge-triggered flip-flop)
  Endpoint: DataOut[31]
            (output port)
  Path Group: (none)
  Path Type: max

  Point                        Fanout       Cap     Trans      Incr       Path
  -------------------------------------------------------------------------------
  ReadIndex_reg_0_/CK (DFFRX4)                       0.00      0.00       0.00 r
  ReadIndex_reg_0_/Q (DFFRX4)                        0.14      0.62       0.62 r
  ReadIndex[0] (net)             8         0.03                0.00       0.62 r
  U3209/A (INVX1)                                    0.14      0.00       0.62 r
  U3209/Y (INVX1)                                    0.16      0.13       0.76 f
  n3618 (net)                    5         0.02                0.00       0.76 f
  U3198/C (NOR3X1)                                   0.16      0.00       0.76 f
  U3198/Y (NOR3X1)                                   3.39      2.03       2.78 r
  n3631 (net)                   33         0.14                0.00       2.78 r
  U3045/B1 (AOI22X1)                                 3.39      0.00       2.78 r
  U3045/Y (AOI22X1)                                  0.50      0.21       2.99 f
  n4274 (net)                    1         0.00                0.00       2.99 f
  U3044/D (NAND4X1)                                  0.50      0.00       2.99 f
  U3044/Y (NAND4X1)                                  0.40      0.38       3.37 r
  ReadData_15_ (net)             5         0.02                0.00       3.37 r
  U2085/B1 (AOI22X1)                                 0.40      0.00       3.37 r
  U2085/Y (AOI22X1)                                  0.26      0.15       3.52 f
  n3604 (net)                    1         0.00                0.00       3.52 f
  U2084/A (INVX1)                                    0.26      0.00       3.52 f
  U2084/Y (INVX1)                                    0.12      0.11       3.63 r
  n3603 (net)                    1         0.00                0.00       3.63 r
  U2083/C0 (AOI221X1)                                0.12      0.00       3.63 r
  U2083/Y (AOI221X1)                                 0.33      0.07       3.70 f
  n3602 (net)                    1         0.00                0.00       3.70 f
  U2082/A (INVX1)                                    0.33      0.00       3.70 f
  U2082/Y (INVX1)                                    0.08      0.08       3.79 r
  DataOut[31] (net)              1         0.00                0.00       3.79 r
  DataOut[31] (out)                                  0.08      0.00       3.79 r
  data arrival time                                                       3.79
  -------------------------------------------------------------------------------
  (Path is unconstrained)


1
