Information: Updating design information... (UID-85)
Warning: Design 'Dmac' contains 2 high-fanout nets. A fanout number of 1000 will be used for delay calculations involving these nets. (TIM-134)
 
****************************************
Report : qor
Design : Dmac
Version: V-2004.06
Date   : Tue Jun 20 16:16:52 2006
****************************************


  Timing Path Group (none)
  -----------------------------------
  Levels of Logic:              10.00
  Critical Path Length:          5.50
  Critical Path Slack:         uninit
  Total Negative Slack:          0.00
  No. of Violating Paths:        0.00
  -----------------------------------


  Cell Count
  -----------------------------------
  Hierarchial Cell Count:          87
  Hierarchial Port Count:       21174
  Leaf Cell Count:              36650
  -----------------------------------


  Area
  -----------------------------------
  Combinational Area:   496735.468750
  Noncombinational Area:
                        516993.093750
  Net Area:                  0.000000
  -----------------------------------
  Cell Area:           1013727.062500
  Design Area:         1013727.062500


  Design Rules
  -----------------------------------
  Total Number of Nets:         36991
  Nets With Violations:             0
  -----------------------------------


  Hostname: smt-sdi

  Compile CPU Statistics
  -----------------------------------
  Resource Sharing:              0.13
  Logic Optimization:            5.17
  Mapping Optimization:          3.90
  -----------------------------------
  Overall Compile Time:         25.97

1
