 
****************************************
Report : timing
        -path full
        -delay max
        -nworst 10
        -input_pins
        -nets
        -max_paths 10
        -transition_time
        -capacitance
Design : Dmac
Version: V-2004.06
Date   : Tue Jun 20 16:17:01 2006
****************************************

 # A fanout number of 1000 was used for high fanout net computations.

Operating Conditions: slow   Library: slow
Wire Load Model Mode: top

  Startpoint: u1DmacAhbMaster/uDmacMasterWrap/HtransHold_reg_1_
              (rising edge-triggered flip-flop)
  Endpoint: HTRANSM1[0]
            (output port)
  Path Group: (none)
  Path Type: max

  Point                                       Fanout       Cap     Trans      Incr       Path
  ----------------------------------------------------------------------------------------------
  u1DmacAhbMaster/uDmacMasterWrap/HtransHold_reg_1_/CK (DFFRX4)     0.00      0.00 #     0.00 r
  u1DmacAhbMaster/uDmacMasterWrap/HtransHold_reg_1_/Q (DFFRX4)      0.05      0.57       0.57 r
  u1DmacAhbMaster/uDmacMasterWrap/HtransHold[1] (net)
                                                1         0.00                0.00       0.57 r
  u1DmacAhbMaster/uDmacMasterWrap/U1503/A (INVX1)                   0.05      0.00       0.57 r
  u1DmacAhbMaster/uDmacMasterWrap/U1503/Y (INVX1)                   0.08      0.06       0.63 f
  u1DmacAhbMaster/uDmacMasterWrap/n3032 (net)
                                                2         0.01                0.00       0.63 f
  u1DmacAhbMaster/uDmacMasterWrap/U1502/A (NOR2X1)                  0.08      0.00       0.63 f
  u1DmacAhbMaster/uDmacMasterWrap/U1502/Y (NOR2X1)                  0.30      0.20       0.83 r
  u1DmacAhbMaster/uDmacMasterWrap/n3150 (net)
                                                3         0.01                0.00       0.83 r
  u1DmacAhbMaster/uDmacMasterWrap/U1501/B (NAND2X1)                 0.30      0.00       0.83 r
  u1DmacAhbMaster/uDmacMasterWrap/U1501/Y (NAND2X1)                 0.12      0.10       0.93 f
  u1DmacAhbMaster/uDmacMasterWrap/n3132 (net)
                                                2         0.01                0.00       0.93 f
  u1DmacAhbMaster/uDmacMasterWrap/U1500/B (NAND2X1)                 0.12      0.00       0.93 f
  u1DmacAhbMaster/uDmacMasterWrap/U1500/Y (NAND2X1)                 2.71      1.53       2.45 r
  u1DmacAhbMaster/uDmacMasterWrap/n3108 (net)
                                               49         0.22                0.00       2.45 r
  u1DmacAhbMaster/uDmacMasterWrap/U1498/A (INVX1)                   2.71      0.00       2.45 r
  u1DmacAhbMaster/uDmacMasterWrap/U1498/Y (INVX1)                   1.57      1.45       3.90 f
  u1DmacAhbMaster/uDmacMasterWrap/n3133 (net)
                                               45         0.21                0.00       3.90 f
  u1DmacAhbMaster/uDmacMasterWrap/U1384/A1 (AOI22X1)                1.57      0.00       3.90 f
  u1DmacAhbMaster/uDmacMasterWrap/U1384/Y (AOI22X1)                 0.58      0.62       4.52 r
  u1DmacAhbMaster/uDmacMasterWrap/n3011 (net)
                                                4         0.02                0.00       4.52 r
  u1DmacAhbMaster/uDmacMasterWrap/U1383/A (INVX1)                   0.58      0.00       4.52 r
  u1DmacAhbMaster/uDmacMasterWrap/U1383/Y (INVX1)                   0.18      0.15       4.67 f
  u1DmacAhbMaster/uDmacMasterWrap/n3022 (net)
                                                3         0.01                0.00       4.67 f
  u1DmacAhbMaster/uDmacMasterWrap/U1358/A1 (AOI32X1)                0.18      0.00       4.67 f
  u1DmacAhbMaster/uDmacMasterWrap/U1358/Y (AOI32X1)                 0.34      0.29       4.96 r
  u1DmacAhbMaster/uDmacMasterWrap/n3009 (net)
                                                2         0.01                0.00       4.96 r
  u1DmacAhbMaster/uDmacMasterWrap/U1350/AN (NOR4BX1)                0.34      0.00       4.96 r
  u1DmacAhbMaster/uDmacMasterWrap/U1350/Y (NOR4BX1)                 0.32      0.27       5.23 r
  u1DmacAhbMaster/uDmacMasterWrap/n3134 (net)
                                                2         0.00                0.00       5.23 r
  u1DmacAhbMaster/uDmacMasterWrap/U1349/C (AND4X1)                  0.32      0.00       5.23 r
  u1DmacAhbMaster/uDmacMasterWrap/U1349/Y (AND4X1)                  0.10      0.27       5.50 r
  u1DmacAhbMaster/uDmacMasterWrap/HTRANS[0] (net)
                                                1         0.00                0.00       5.50 r
  u1DmacAhbMaster/uDmacMasterWrap/HTRANS[0] (DmacMasterWrap_1)                0.00       5.50 r
  u1DmacAhbMaster/HTRANSM[0] (net)                        0.00                0.00       5.50 r
  u1DmacAhbMaster/HTRANSM[0] (DmacAhbMaster_1)                                0.00       5.50 r
  HTRANSM1[0] (net)                                       0.00                0.00       5.50 r
  HTRANSM1[0] (out)                                                 0.10      0.00       5.50 r
  data arrival time                                                                      5.50
  ----------------------------------------------------------------------------------------------
  (Path is unconstrained)


  Startpoint: u2DmacAhbMaster/uDmacMasterWrap/HtransHold_reg_1_
              (rising edge-triggered flip-flop)
  Endpoint: HTRANSM2[0]
            (output port)
  Path Group: (none)
  Path Type: max

  Point                                       Fanout       Cap     Trans      Incr       Path
  ----------------------------------------------------------------------------------------------
  u2DmacAhbMaster/uDmacMasterWrap/HtransHold_reg_1_/CK (DFFRX4)     0.00      0.00 #     0.00 r
  u2DmacAhbMaster/uDmacMasterWrap/HtransHold_reg_1_/Q (DFFRX4)      0.05      0.57       0.57 r
  u2DmacAhbMaster/uDmacMasterWrap/HtransHold[1] (net)
                                                1         0.00                0.00       0.57 r
  u2DmacAhbMaster/uDmacMasterWrap/U1503/A (INVX1)                   0.05      0.00       0.57 r
  u2DmacAhbMaster/uDmacMasterWrap/U1503/Y (INVX1)                   0.08      0.06       0.63 f
  u2DmacAhbMaster/uDmacMasterWrap/n3032 (net)
                                                2         0.01                0.00       0.63 f
  u2DmacAhbMaster/uDmacMasterWrap/U1502/A (NOR2X1)                  0.08      0.00       0.63 f
  u2DmacAhbMaster/uDmacMasterWrap/U1502/Y (NOR2X1)                  0.30      0.20       0.83 r
  u2DmacAhbMaster/uDmacMasterWrap/n3150 (net)
                                                3         0.01                0.00       0.83 r
  u2DmacAhbMaster/uDmacMasterWrap/U1501/B (NAND2X1)                 0.30      0.00       0.83 r
  u2DmacAhbMaster/uDmacMasterWrap/U1501/Y (NAND2X1)                 0.12      0.10       0.93 f
  u2DmacAhbMaster/uDmacMasterWrap/n3132 (net)
                                                2         0.01                0.00       0.93 f
  u2DmacAhbMaster/uDmacMasterWrap/U1500/B (NAND2X1)                 0.12      0.00       0.93 f
  u2DmacAhbMaster/uDmacMasterWrap/U1500/Y (NAND2X1)                 2.71      1.53       2.45 r
  u2DmacAhbMaster/uDmacMasterWrap/n3108 (net)
                                               49         0.22                0.00       2.45 r
  u2DmacAhbMaster/uDmacMasterWrap/U1498/A (INVX1)                   2.71      0.00       2.45 r
  u2DmacAhbMaster/uDmacMasterWrap/U1498/Y (INVX1)                   1.57      1.45       3.90 f
  u2DmacAhbMaster/uDmacMasterWrap/n3133 (net)
                                               45         0.21                0.00       3.90 f
  u2DmacAhbMaster/uDmacMasterWrap/U1384/A1 (AOI22X1)                1.57      0.00       3.90 f
  u2DmacAhbMaster/uDmacMasterWrap/U1384/Y (AOI22X1)                 0.58      0.62       4.52 r
  u2DmacAhbMaster/uDmacMasterWrap/n3011 (net)
                                                4         0.02                0.00       4.52 r
  u2DmacAhbMaster/uDmacMasterWrap/U1383/A (INVX1)                   0.58      0.00       4.52 r
  u2DmacAhbMaster/uDmacMasterWrap/U1383/Y (INVX1)                   0.18      0.15       4.67 f
  u2DmacAhbMaster/uDmacMasterWrap/n3022 (net)
                                                3         0.01                0.00       4.67 f
  u2DmacAhbMaster/uDmacMasterWrap/U1358/A1 (AOI32X1)                0.18      0.00       4.67 f
  u2DmacAhbMaster/uDmacMasterWrap/U1358/Y (AOI32X1)                 0.34      0.29       4.96 r
  u2DmacAhbMaster/uDmacMasterWrap/n3009 (net)
                                                2         0.01                0.00       4.96 r
  u2DmacAhbMaster/uDmacMasterWrap/U1350/AN (NOR4BX1)                0.34      0.00       4.96 r
  u2DmacAhbMaster/uDmacMasterWrap/U1350/Y (NOR4BX1)                 0.32      0.27       5.23 r
  u2DmacAhbMaster/uDmacMasterWrap/n3134 (net)
                                                2         0.00                0.00       5.23 r
  u2DmacAhbMaster/uDmacMasterWrap/U1349/C (AND4X1)                  0.32      0.00       5.23 r
  u2DmacAhbMaster/uDmacMasterWrap/U1349/Y (AND4X1)                  0.10      0.27       5.50 r
  u2DmacAhbMaster/uDmacMasterWrap/HTRANS[0] (net)
                                                1         0.00                0.00       5.50 r
  u2DmacAhbMaster/uDmacMasterWrap/HTRANS[0] (DmacMasterWrap_0)                0.00       5.50 r
  u2DmacAhbMaster/HTRANSM[0] (net)                        0.00                0.00       5.50 r
  u2DmacAhbMaster/HTRANSM[0] (DmacAhbMaster_0)                                0.00       5.50 r
  HTRANSM2[0] (net)                                       0.00                0.00       5.50 r
  HTRANSM2[0] (out)                                                 0.10      0.00       5.50 r
  data arrival time                                                                      5.50
  ----------------------------------------------------------------------------------------------
  (Path is unconstrained)


  Startpoint: u1DmacAhbMaster/uDmacMasterWrap/HtransHold_reg_1_
              (rising edge-triggered flip-flop)
  Endpoint: HTRANSM1[0]
            (output port)
  Path Group: (none)
  Path Type: max

  Point                                       Fanout       Cap     Trans      Incr       Path
  ----------------------------------------------------------------------------------------------
  u1DmacAhbMaster/uDmacMasterWrap/HtransHold_reg_1_/CK (DFFRX4)     0.00      0.00 #     0.00 r
  u1DmacAhbMaster/uDmacMasterWrap/HtransHold_reg_1_/Q (DFFRX4)      0.05      0.57       0.57 r
  u1DmacAhbMaster/uDmacMasterWrap/HtransHold[1] (net)
                                                1         0.00                0.00       0.57 r
  u1DmacAhbMaster/uDmacMasterWrap/U1503/A (INVX1)                   0.05      0.00       0.57 r
  u1DmacAhbMaster/uDmacMasterWrap/U1503/Y (INVX1)                   0.08      0.06       0.63 f
  u1DmacAhbMaster/uDmacMasterWrap/n3032 (net)
                                                2         0.01                0.00       0.63 f
  u1DmacAhbMaster/uDmacMasterWrap/U1502/A (NOR2X1)                  0.08      0.00       0.63 f
  u1DmacAhbMaster/uDmacMasterWrap/U1502/Y (NOR2X1)                  0.30      0.20       0.83 r
  u1DmacAhbMaster/uDmacMasterWrap/n3150 (net)
                                                3         0.01                0.00       0.83 r
  u1DmacAhbMaster/uDmacMasterWrap/U1501/B (NAND2X1)                 0.30      0.00       0.83 r
  u1DmacAhbMaster/uDmacMasterWrap/U1501/Y (NAND2X1)                 0.12      0.10       0.93 f
  u1DmacAhbMaster/uDmacMasterWrap/n3132 (net)
                                                2         0.01                0.00       0.93 f
  u1DmacAhbMaster/uDmacMasterWrap/U1500/B (NAND2X1)                 0.12      0.00       0.93 f
  u1DmacAhbMaster/uDmacMasterWrap/U1500/Y (NAND2X1)                 2.71      1.53       2.45 r
  u1DmacAhbMaster/uDmacMasterWrap/n3108 (net)
                                               49         0.22                0.00       2.45 r
  u1DmacAhbMaster/uDmacMasterWrap/U1498/A (INVX1)                   2.71      0.00       2.45 r
  u1DmacAhbMaster/uDmacMasterWrap/U1498/Y (INVX1)                   1.57      1.45       3.90 f
  u1DmacAhbMaster/uDmacMasterWrap/n3133 (net)
                                               45         0.21                0.00       3.90 f
  u1DmacAhbMaster/uDmacMasterWrap/U1384/A1 (AOI22X1)                1.57      0.00       3.90 f
  u1DmacAhbMaster/uDmacMasterWrap/U1384/Y (AOI22X1)                 0.58      0.62       4.52 r
  u1DmacAhbMaster/uDmacMasterWrap/n3011 (net)
                                                4         0.02                0.00       4.52 r
  u1DmacAhbMaster/uDmacMasterWrap/U1383/A (INVX1)                   0.58      0.00       4.52 r
  u1DmacAhbMaster/uDmacMasterWrap/U1383/Y (INVX1)                   0.18      0.15       4.67 f
  u1DmacAhbMaster/uDmacMasterWrap/n3022 (net)
                                                3         0.01                0.00       4.67 f
  u1DmacAhbMaster/uDmacMasterWrap/U1382/B (NAND2X1)                 0.18      0.00       4.67 f
  u1DmacAhbMaster/uDmacMasterWrap/U1382/Y (NAND2X1)                 0.18      0.15       4.82 r
  u1DmacAhbMaster/uDmacMasterWrap/n3139 (net)
                                                2         0.01                0.00       4.82 r
  u1DmacAhbMaster/uDmacMasterWrap/U1358/B0 (AOI32X1)                0.18      0.00       4.82 r
  u1DmacAhbMaster/uDmacMasterWrap/U1358/Y (AOI32X1)                 0.21      0.10       4.93 f
  u1DmacAhbMaster/uDmacMasterWrap/n3009 (net)
                                                2         0.01                0.00       4.93 f
  u1DmacAhbMaster/uDmacMasterWrap/U1350/AN (NOR4BX1)                0.21      0.00       4.93 f
  u1DmacAhbMaster/uDmacMasterWrap/U1350/Y (NOR4BX1)                 0.11      0.23       5.16 f
  u1DmacAhbMaster/uDmacMasterWrap/n3134 (net)
                                                2         0.00                0.00       5.16 f
  u1DmacAhbMaster/uDmacMasterWrap/U1349/C (AND4X1)                  0.11      0.00       5.16 f
  u1DmacAhbMaster/uDmacMasterWrap/U1349/Y (AND4X1)                  0.09      0.24       5.40 f
  u1DmacAhbMaster/uDmacMasterWrap/HTRANS[0] (net)
                                                1         0.00                0.00       5.40 f
  u1DmacAhbMaster/uDmacMasterWrap/HTRANS[0] (DmacMasterWrap_1)                0.00       5.40 f
  u1DmacAhbMaster/HTRANSM[0] (net)                        0.00                0.00       5.40 f
  u1DmacAhbMaster/HTRANSM[0] (DmacAhbMaster_1)                                0.00       5.40 f
  HTRANSM1[0] (net)                                       0.00                0.00       5.40 f
  HTRANSM1[0] (out)                                                 0.09      0.00       5.40 f
  data arrival time                                                                      5.40
  ----------------------------------------------------------------------------------------------
  (Path is unconstrained)


  Startpoint: u2DmacAhbMaster/uDmacMasterWrap/HtransHold_reg_1_
              (rising edge-triggered flip-flop)
  Endpoint: HTRANSM2[0]
            (output port)
  Path Group: (none)
  Path Type: max

  Point                                       Fanout       Cap     Trans      Incr       Path
  ----------------------------------------------------------------------------------------------
  u2DmacAhbMaster/uDmacMasterWrap/HtransHold_reg_1_/CK (DFFRX4)     0.00      0.00 #     0.00 r
  u2DmacAhbMaster/uDmacMasterWrap/HtransHold_reg_1_/Q (DFFRX4)      0.05      0.57       0.57 r
  u2DmacAhbMaster/uDmacMasterWrap/HtransHold[1] (net)
                                                1         0.00                0.00       0.57 r
  u2DmacAhbMaster/uDmacMasterWrap/U1503/A (INVX1)                   0.05      0.00       0.57 r
  u2DmacAhbMaster/uDmacMasterWrap/U1503/Y (INVX1)                   0.08      0.06       0.63 f
  u2DmacAhbMaster/uDmacMasterWrap/n3032 (net)
                                                2         0.01                0.00       0.63 f
  u2DmacAhbMaster/uDmacMasterWrap/U1502/A (NOR2X1)                  0.08      0.00       0.63 f
  u2DmacAhbMaster/uDmacMasterWrap/U1502/Y (NOR2X1)                  0.30      0.20       0.83 r
  u2DmacAhbMaster/uDmacMasterWrap/n3150 (net)
                                                3         0.01                0.00       0.83 r
  u2DmacAhbMaster/uDmacMasterWrap/U1501/B (NAND2X1)                 0.30      0.00       0.83 r
  u2DmacAhbMaster/uDmacMasterWrap/U1501/Y (NAND2X1)                 0.12      0.10       0.93 f
  u2DmacAhbMaster/uDmacMasterWrap/n3132 (net)
                                                2         0.01                0.00       0.93 f
  u2DmacAhbMaster/uDmacMasterWrap/U1500/B (NAND2X1)                 0.12      0.00       0.93 f
  u2DmacAhbMaster/uDmacMasterWrap/U1500/Y (NAND2X1)                 2.71      1.53       2.45 r
  u2DmacAhbMaster/uDmacMasterWrap/n3108 (net)
                                               49         0.22                0.00       2.45 r
  u2DmacAhbMaster/uDmacMasterWrap/U1498/A (INVX1)                   2.71      0.00       2.45 r
  u2DmacAhbMaster/uDmacMasterWrap/U1498/Y (INVX1)                   1.57      1.45       3.90 f
  u2DmacAhbMaster/uDmacMasterWrap/n3133 (net)
                                               45         0.21                0.00       3.90 f
  u2DmacAhbMaster/uDmacMasterWrap/U1384/A1 (AOI22X1)                1.57      0.00       3.90 f
  u2DmacAhbMaster/uDmacMasterWrap/U1384/Y (AOI22X1)                 0.58      0.62       4.52 r
  u2DmacAhbMaster/uDmacMasterWrap/n3011 (net)
                                                4         0.02                0.00       4.52 r
  u2DmacAhbMaster/uDmacMasterWrap/U1383/A (INVX1)                   0.58      0.00       4.52 r
  u2DmacAhbMaster/uDmacMasterWrap/U1383/Y (INVX1)                   0.18      0.15       4.67 f
  u2DmacAhbMaster/uDmacMasterWrap/n3022 (net)
                                                3         0.01                0.00       4.67 f
  u2DmacAhbMaster/uDmacMasterWrap/U1382/B (NAND2X1)                 0.18      0.00       4.67 f
  u2DmacAhbMaster/uDmacMasterWrap/U1382/Y (NAND2X1)                 0.18      0.15       4.82 r
  u2DmacAhbMaster/uDmacMasterWrap/n3139 (net)
                                                2         0.01                0.00       4.82 r
  u2DmacAhbMaster/uDmacMasterWrap/U1358/B0 (AOI32X1)                0.18      0.00       4.82 r
  u2DmacAhbMaster/uDmacMasterWrap/U1358/Y (AOI32X1)                 0.21      0.10       4.93 f
  u2DmacAhbMaster/uDmacMasterWrap/n3009 (net)
                                                2         0.01                0.00       4.93 f
  u2DmacAhbMaster/uDmacMasterWrap/U1350/AN (NOR4BX1)                0.21      0.00       4.93 f
  u2DmacAhbMaster/uDmacMasterWrap/U1350/Y (NOR4BX1)                 0.11      0.23       5.16 f
  u2DmacAhbMaster/uDmacMasterWrap/n3134 (net)
                                                2         0.00                0.00       5.16 f
  u2DmacAhbMaster/uDmacMasterWrap/U1349/C (AND4X1)                  0.11      0.00       5.16 f
  u2DmacAhbMaster/uDmacMasterWrap/U1349/Y (AND4X1)                  0.09      0.24       5.40 f
  u2DmacAhbMaster/uDmacMasterWrap/HTRANS[0] (net)
                                                1         0.00                0.00       5.40 f
  u2DmacAhbMaster/uDmacMasterWrap/HTRANS[0] (DmacMasterWrap_0)                0.00       5.40 f
  u2DmacAhbMaster/HTRANSM[0] (net)                        0.00                0.00       5.40 f
  u2DmacAhbMaster/HTRANSM[0] (DmacAhbMaster_0)                                0.00       5.40 f
  HTRANSM2[0] (net)                                       0.00                0.00       5.40 f
  HTRANSM2[0] (out)                                                 0.09      0.00       5.40 f
  data arrival time                                                                      5.40
  ----------------------------------------------------------------------------------------------
  (Path is unconstrained)


  Startpoint: u1DmacAhbMaster/uDmacMasterWrap/HtransHold_reg_1_
              (rising edge-triggered flip-flop)
  Endpoint: HTRANSM1[1]
            (output port)
  Path Group: (none)
  Path Type: max

  Point                                       Fanout       Cap     Trans      Incr       Path
  ----------------------------------------------------------------------------------------------
  u1DmacAhbMaster/uDmacMasterWrap/HtransHold_reg_1_/CK (DFFRX4)     0.00      0.00 #     0.00 r
  u1DmacAhbMaster/uDmacMasterWrap/HtransHold_reg_1_/Q (DFFRX4)      0.05      0.57       0.57 r
  u1DmacAhbMaster/uDmacMasterWrap/HtransHold[1] (net)
                                                1         0.00                0.00       0.57 r
  u1DmacAhbMaster/uDmacMasterWrap/U1503/A (INVX1)                   0.05      0.00       0.57 r
  u1DmacAhbMaster/uDmacMasterWrap/U1503/Y (INVX1)                   0.08      0.06       0.63 f
  u1DmacAhbMaster/uDmacMasterWrap/n3032 (net)
                                                2         0.01                0.00       0.63 f
  u1DmacAhbMaster/uDmacMasterWrap/U1502/A (NOR2X1)                  0.08      0.00       0.63 f
  u1DmacAhbMaster/uDmacMasterWrap/U1502/Y (NOR2X1)                  0.30      0.20       0.83 r
  u1DmacAhbMaster/uDmacMasterWrap/n3150 (net)
                                                3         0.01                0.00       0.83 r
  u1DmacAhbMaster/uDmacMasterWrap/U1501/B (NAND2X1)                 0.30      0.00       0.83 r
  u1DmacAhbMaster/uDmacMasterWrap/U1501/Y (NAND2X1)                 0.12      0.10       0.93 f
  u1DmacAhbMaster/uDmacMasterWrap/n3132 (net)
                                                2         0.01                0.00       0.93 f
  u1DmacAhbMaster/uDmacMasterWrap/U1500/B (NAND2X1)                 0.12      0.00       0.93 f
  u1DmacAhbMaster/uDmacMasterWrap/U1500/Y (NAND2X1)                 2.71      1.53       2.45 r
  u1DmacAhbMaster/uDmacMasterWrap/n3108 (net)
                                               49         0.22                0.00       2.45 r
  u1DmacAhbMaster/uDmacMasterWrap/U1498/A (INVX1)                   2.71      0.00       2.45 r
  u1DmacAhbMaster/uDmacMasterWrap/U1498/Y (INVX1)                   1.57      1.45       3.90 f
  u1DmacAhbMaster/uDmacMasterWrap/n3133 (net)
                                               45         0.21                0.00       3.90 f
  u1DmacAhbMaster/uDmacMasterWrap/U1384/A1 (AOI22X1)                1.57      0.00       3.90 f
  u1DmacAhbMaster/uDmacMasterWrap/U1384/Y (AOI22X1)                 0.58      0.62       4.52 r
  u1DmacAhbMaster/uDmacMasterWrap/n3011 (net)
                                                4         0.02                0.00       4.52 r
  u1DmacAhbMaster/uDmacMasterWrap/U1383/A (INVX1)                   0.58      0.00       4.52 r
  u1DmacAhbMaster/uDmacMasterWrap/U1383/Y (INVX1)                   0.18      0.15       4.67 f
  u1DmacAhbMaster/uDmacMasterWrap/n3022 (net)
                                                3         0.01                0.00       4.67 f
  u1DmacAhbMaster/uDmacMasterWrap/U1358/A1 (AOI32X1)                0.18      0.00       4.67 f
  u1DmacAhbMaster/uDmacMasterWrap/U1358/Y (AOI32X1)                 0.34      0.29       4.96 r
  u1DmacAhbMaster/uDmacMasterWrap/n3009 (net)
                                                2         0.01                0.00       4.96 r
  u1DmacAhbMaster/uDmacMasterWrap/U1350/AN (NOR4BX1)                0.34      0.00       4.96 r
  u1DmacAhbMaster/uDmacMasterWrap/U1350/Y (NOR4BX1)                 0.32      0.27       5.23 r
  u1DmacAhbMaster/uDmacMasterWrap/n3134 (net)
                                                2         0.00                0.00       5.23 r
  u1DmacAhbMaster/uDmacMasterWrap/U1348/AN (NOR2BX1)                0.32      0.00       5.23 r
  u1DmacAhbMaster/uDmacMasterWrap/U1348/Y (NOR2BX1)                 0.11      0.16       5.39 r
  u1DmacAhbMaster/uDmacMasterWrap/HTRANS[1] (net)
                                                1         0.00                0.00       5.39 r
  u1DmacAhbMaster/uDmacMasterWrap/HTRANS[1] (DmacMasterWrap_1)                0.00       5.39 r
  u1DmacAhbMaster/HTRANSM[1] (net)                        0.00                0.00       5.39 r
  u1DmacAhbMaster/HTRANSM[1] (DmacAhbMaster_1)                                0.00       5.39 r
  HTRANSM1[1] (net)                                       0.00                0.00       5.39 r
  HTRANSM1[1] (out)                                                 0.11      0.00       5.39 r
  data arrival time                                                                      5.39
  ----------------------------------------------------------------------------------------------
  (Path is unconstrained)


  Startpoint: u2DmacAhbMaster/uDmacMasterWrap/HtransHold_reg_1_
              (rising edge-triggered flip-flop)
  Endpoint: HTRANSM2[1]
            (output port)
  Path Group: (none)
  Path Type: max

  Point                                       Fanout       Cap     Trans      Incr       Path
  ----------------------------------------------------------------------------------------------
  u2DmacAhbMaster/uDmacMasterWrap/HtransHold_reg_1_/CK (DFFRX4)     0.00      0.00 #     0.00 r
  u2DmacAhbMaster/uDmacMasterWrap/HtransHold_reg_1_/Q (DFFRX4)      0.05      0.57       0.57 r
  u2DmacAhbMaster/uDmacMasterWrap/HtransHold[1] (net)
                                                1         0.00                0.00       0.57 r
  u2DmacAhbMaster/uDmacMasterWrap/U1503/A (INVX1)                   0.05      0.00       0.57 r
  u2DmacAhbMaster/uDmacMasterWrap/U1503/Y (INVX1)                   0.08      0.06       0.63 f
  u2DmacAhbMaster/uDmacMasterWrap/n3032 (net)
                                                2         0.01                0.00       0.63 f
  u2DmacAhbMaster/uDmacMasterWrap/U1502/A (NOR2X1)                  0.08      0.00       0.63 f
  u2DmacAhbMaster/uDmacMasterWrap/U1502/Y (NOR2X1)                  0.30      0.20       0.83 r
  u2DmacAhbMaster/uDmacMasterWrap/n3150 (net)
                                                3         0.01                0.00       0.83 r
  u2DmacAhbMaster/uDmacMasterWrap/U1501/B (NAND2X1)                 0.30      0.00       0.83 r
  u2DmacAhbMaster/uDmacMasterWrap/U1501/Y (NAND2X1)                 0.12      0.10       0.93 f
  u2DmacAhbMaster/uDmacMasterWrap/n3132 (net)
                                                2         0.01                0.00       0.93 f
  u2DmacAhbMaster/uDmacMasterWrap/U1500/B (NAND2X1)                 0.12      0.00       0.93 f
  u2DmacAhbMaster/uDmacMasterWrap/U1500/Y (NAND2X1)                 2.71      1.53       2.45 r
  u2DmacAhbMaster/uDmacMasterWrap/n3108 (net)
                                               49         0.22                0.00       2.45 r
  u2DmacAhbMaster/uDmacMasterWrap/U1498/A (INVX1)                   2.71      0.00       2.45 r
  u2DmacAhbMaster/uDmacMasterWrap/U1498/Y (INVX1)                   1.57      1.45       3.90 f
  u2DmacAhbMaster/uDmacMasterWrap/n3133 (net)
                                               45         0.21                0.00       3.90 f
  u2DmacAhbMaster/uDmacMasterWrap/U1384/A1 (AOI22X1)                1.57      0.00       3.90 f
  u2DmacAhbMaster/uDmacMasterWrap/U1384/Y (AOI22X1)                 0.58      0.62       4.52 r
  u2DmacAhbMaster/uDmacMasterWrap/n3011 (net)
                                                4         0.02                0.00       4.52 r
  u2DmacAhbMaster/uDmacMasterWrap/U1383/A (INVX1)                   0.58      0.00       4.52 r
  u2DmacAhbMaster/uDmacMasterWrap/U1383/Y (INVX1)                   0.18      0.15       4.67 f
  u2DmacAhbMaster/uDmacMasterWrap/n3022 (net)
                                                3         0.01                0.00       4.67 f
  u2DmacAhbMaster/uDmacMasterWrap/U1358/A1 (AOI32X1)                0.18      0.00       4.67 f
  u2DmacAhbMaster/uDmacMasterWrap/U1358/Y (AOI32X1)                 0.34      0.29       4.96 r
  u2DmacAhbMaster/uDmacMasterWrap/n3009 (net)
                                                2         0.01                0.00       4.96 r
  u2DmacAhbMaster/uDmacMasterWrap/U1350/AN (NOR4BX1)                0.34      0.00       4.96 r
  u2DmacAhbMaster/uDmacMasterWrap/U1350/Y (NOR4BX1)                 0.32      0.27       5.23 r
  u2DmacAhbMaster/uDmacMasterWrap/n3134 (net)
                                                2         0.00                0.00       5.23 r
  u2DmacAhbMaster/uDmacMasterWrap/U1348/AN (NOR2BX1)                0.32      0.00       5.23 r
  u2DmacAhbMaster/uDmacMasterWrap/U1348/Y (NOR2BX1)                 0.11      0.16       5.39 r
  u2DmacAhbMaster/uDmacMasterWrap/HTRANS[1] (net)
                                                1         0.00                0.00       5.39 r
  u2DmacAhbMaster/uDmacMasterWrap/HTRANS[1] (DmacMasterWrap_0)                0.00       5.39 r
  u2DmacAhbMaster/HTRANSM[1] (net)                        0.00                0.00       5.39 r
  u2DmacAhbMaster/HTRANSM[1] (DmacAhbMaster_0)                                0.00       5.39 r
  HTRANSM2[1] (net)                                       0.00                0.00       5.39 r
  HTRANSM2[1] (out)                                                 0.11      0.00       5.39 r
  data arrival time                                                                      5.39
  ----------------------------------------------------------------------------------------------
  (Path is unconstrained)


  Startpoint: u1DmacAhbMaster/uDmacMasterWrap/HtransHold_reg_1_
              (rising edge-triggered flip-flop)
  Endpoint: HTRANSM1[1]
            (output port)
  Path Group: (none)
  Path Type: max

  Point                                       Fanout       Cap     Trans      Incr       Path
  ----------------------------------------------------------------------------------------------
  u1DmacAhbMaster/uDmacMasterWrap/HtransHold_reg_1_/CK (DFFRX4)     0.00      0.00 #     0.00 r
  u1DmacAhbMaster/uDmacMasterWrap/HtransHold_reg_1_/Q (DFFRX4)      0.05      0.57       0.57 r
  u1DmacAhbMaster/uDmacMasterWrap/HtransHold[1] (net)
                                                1         0.00                0.00       0.57 r
  u1DmacAhbMaster/uDmacMasterWrap/U1503/A (INVX1)                   0.05      0.00       0.57 r
  u1DmacAhbMaster/uDmacMasterWrap/U1503/Y (INVX1)                   0.08      0.06       0.63 f
  u1DmacAhbMaster/uDmacMasterWrap/n3032 (net)
                                                2         0.01                0.00       0.63 f
  u1DmacAhbMaster/uDmacMasterWrap/U1502/A (NOR2X1)                  0.08      0.00       0.63 f
  u1DmacAhbMaster/uDmacMasterWrap/U1502/Y (NOR2X1)                  0.30      0.20       0.83 r
  u1DmacAhbMaster/uDmacMasterWrap/n3150 (net)
                                                3         0.01                0.00       0.83 r
  u1DmacAhbMaster/uDmacMasterWrap/U1501/B (NAND2X1)                 0.30      0.00       0.83 r
  u1DmacAhbMaster/uDmacMasterWrap/U1501/Y (NAND2X1)                 0.12      0.10       0.93 f
  u1DmacAhbMaster/uDmacMasterWrap/n3132 (net)
                                                2         0.01                0.00       0.93 f
  u1DmacAhbMaster/uDmacMasterWrap/U1500/B (NAND2X1)                 0.12      0.00       0.93 f
  u1DmacAhbMaster/uDmacMasterWrap/U1500/Y (NAND2X1)                 2.71      1.53       2.45 r
  u1DmacAhbMaster/uDmacMasterWrap/n3108 (net)
                                               49         0.22                0.00       2.45 r
  u1DmacAhbMaster/uDmacMasterWrap/U1498/A (INVX1)                   2.71      0.00       2.45 r
  u1DmacAhbMaster/uDmacMasterWrap/U1498/Y (INVX1)                   1.57      1.45       3.90 f
  u1DmacAhbMaster/uDmacMasterWrap/n3133 (net)
                                               45         0.21                0.00       3.90 f
  u1DmacAhbMaster/uDmacMasterWrap/U1384/A1 (AOI22X1)                1.57      0.00       3.90 f
  u1DmacAhbMaster/uDmacMasterWrap/U1384/Y (AOI22X1)                 0.58      0.62       4.52 r
  u1DmacAhbMaster/uDmacMasterWrap/n3011 (net)
                                                4         0.02                0.00       4.52 r
  u1DmacAhbMaster/uDmacMasterWrap/U1383/A (INVX1)                   0.58      0.00       4.52 r
  u1DmacAhbMaster/uDmacMasterWrap/U1383/Y (INVX1)                   0.18      0.15       4.67 f
  u1DmacAhbMaster/uDmacMasterWrap/n3022 (net)
                                                3         0.01                0.00       4.67 f
  u1DmacAhbMaster/uDmacMasterWrap/U1382/B (NAND2X1)                 0.18      0.00       4.67 f
  u1DmacAhbMaster/uDmacMasterWrap/U1382/Y (NAND2X1)                 0.18      0.15       4.82 r
  u1DmacAhbMaster/uDmacMasterWrap/n3139 (net)
                                                2         0.01                0.00       4.82 r
  u1DmacAhbMaster/uDmacMasterWrap/U1358/B0 (AOI32X1)                0.18      0.00       4.82 r
  u1DmacAhbMaster/uDmacMasterWrap/U1358/Y (AOI32X1)                 0.21      0.10       4.93 f
  u1DmacAhbMaster/uDmacMasterWrap/n3009 (net)
                                                2         0.01                0.00       4.93 f
  u1DmacAhbMaster/uDmacMasterWrap/U1350/AN (NOR4BX1)                0.21      0.00       4.93 f
  u1DmacAhbMaster/uDmacMasterWrap/U1350/Y (NOR4BX1)                 0.11      0.23       5.16 f
  u1DmacAhbMaster/uDmacMasterWrap/n3134 (net)
                                                2         0.00                0.00       5.16 f
  u1DmacAhbMaster/uDmacMasterWrap/U1348/AN (NOR2BX1)                0.11      0.00       5.16 f
  u1DmacAhbMaster/uDmacMasterWrap/U1348/Y (NOR2BX1)                 0.09      0.17       5.33 f
  u1DmacAhbMaster/uDmacMasterWrap/HTRANS[1] (net)
                                                1         0.00                0.00       5.33 f
  u1DmacAhbMaster/uDmacMasterWrap/HTRANS[1] (DmacMasterWrap_1)                0.00       5.33 f
  u1DmacAhbMaster/HTRANSM[1] (net)                        0.00                0.00       5.33 f
  u1DmacAhbMaster/HTRANSM[1] (DmacAhbMaster_1)                                0.00       5.33 f
  HTRANSM1[1] (net)                                       0.00                0.00       5.33 f
  HTRANSM1[1] (out)                                                 0.09      0.00       5.33 f
  data arrival time                                                                      5.33
  ----------------------------------------------------------------------------------------------
  (Path is unconstrained)


  Startpoint: u2DmacAhbMaster/uDmacMasterWrap/HtransHold_reg_1_
              (rising edge-triggered flip-flop)
  Endpoint: HTRANSM2[1]
            (output port)
  Path Group: (none)
  Path Type: max

  Point                                       Fanout       Cap     Trans      Incr       Path
  ----------------------------------------------------------------------------------------------
  u2DmacAhbMaster/uDmacMasterWrap/HtransHold_reg_1_/CK (DFFRX4)     0.00      0.00 #     0.00 r
  u2DmacAhbMaster/uDmacMasterWrap/HtransHold_reg_1_/Q (DFFRX4)      0.05      0.57       0.57 r
  u2DmacAhbMaster/uDmacMasterWrap/HtransHold[1] (net)
                                                1         0.00                0.00       0.57 r
  u2DmacAhbMaster/uDmacMasterWrap/U1503/A (INVX1)                   0.05      0.00       0.57 r
  u2DmacAhbMaster/uDmacMasterWrap/U1503/Y (INVX1)                   0.08      0.06       0.63 f
  u2DmacAhbMaster/uDmacMasterWrap/n3032 (net)
                                                2         0.01                0.00       0.63 f
  u2DmacAhbMaster/uDmacMasterWrap/U1502/A (NOR2X1)                  0.08      0.00       0.63 f
  u2DmacAhbMaster/uDmacMasterWrap/U1502/Y (NOR2X1)                  0.30      0.20       0.83 r
  u2DmacAhbMaster/uDmacMasterWrap/n3150 (net)
                                                3         0.01                0.00       0.83 r
  u2DmacAhbMaster/uDmacMasterWrap/U1501/B (NAND2X1)                 0.30      0.00       0.83 r
  u2DmacAhbMaster/uDmacMasterWrap/U1501/Y (NAND2X1)                 0.12      0.10       0.93 f
  u2DmacAhbMaster/uDmacMasterWrap/n3132 (net)
                                                2         0.01                0.00       0.93 f
  u2DmacAhbMaster/uDmacMasterWrap/U1500/B (NAND2X1)                 0.12      0.00       0.93 f
  u2DmacAhbMaster/uDmacMasterWrap/U1500/Y (NAND2X1)                 2.71      1.53       2.45 r
  u2DmacAhbMaster/uDmacMasterWrap/n3108 (net)
                                               49         0.22                0.00       2.45 r
  u2DmacAhbMaster/uDmacMasterWrap/U1498/A (INVX1)                   2.71      0.00       2.45 r
  u2DmacAhbMaster/uDmacMasterWrap/U1498/Y (INVX1)                   1.57      1.45       3.90 f
  u2DmacAhbMaster/uDmacMasterWrap/n3133 (net)
                                               45         0.21                0.00       3.90 f
  u2DmacAhbMaster/uDmacMasterWrap/U1384/A1 (AOI22X1)                1.57      0.00       3.90 f
  u2DmacAhbMaster/uDmacMasterWrap/U1384/Y (AOI22X1)                 0.58      0.62       4.52 r
  u2DmacAhbMaster/uDmacMasterWrap/n3011 (net)
                                                4         0.02                0.00       4.52 r
  u2DmacAhbMaster/uDmacMasterWrap/U1383/A (INVX1)                   0.58      0.00       4.52 r
  u2DmacAhbMaster/uDmacMasterWrap/U1383/Y (INVX1)                   0.18      0.15       4.67 f
  u2DmacAhbMaster/uDmacMasterWrap/n3022 (net)
                                                3         0.01                0.00       4.67 f
  u2DmacAhbMaster/uDmacMasterWrap/U1382/B (NAND2X1)                 0.18      0.00       4.67 f
  u2DmacAhbMaster/uDmacMasterWrap/U1382/Y (NAND2X1)                 0.18      0.15       4.82 r
  u2DmacAhbMaster/uDmacMasterWrap/n3139 (net)
                                                2         0.01                0.00       4.82 r
  u2DmacAhbMaster/uDmacMasterWrap/U1358/B0 (AOI32X1)                0.18      0.00       4.82 r
  u2DmacAhbMaster/uDmacMasterWrap/U1358/Y (AOI32X1)                 0.21      0.10       4.93 f
  u2DmacAhbMaster/uDmacMasterWrap/n3009 (net)
                                                2         0.01                0.00       4.93 f
  u2DmacAhbMaster/uDmacMasterWrap/U1350/AN (NOR4BX1)                0.21      0.00       4.93 f
  u2DmacAhbMaster/uDmacMasterWrap/U1350/Y (NOR4BX1)                 0.11      0.23       5.16 f
  u2DmacAhbMaster/uDmacMasterWrap/n3134 (net)
                                                2         0.00                0.00       5.16 f
  u2DmacAhbMaster/uDmacMasterWrap/U1348/AN (NOR2BX1)                0.11      0.00       5.16 f
  u2DmacAhbMaster/uDmacMasterWrap/U1348/Y (NOR2BX1)                 0.09      0.17       5.33 f
  u2DmacAhbMaster/uDmacMasterWrap/HTRANS[1] (net)
                                                1         0.00                0.00       5.33 f
  u2DmacAhbMaster/uDmacMasterWrap/HTRANS[1] (DmacMasterWrap_0)                0.00       5.33 f
  u2DmacAhbMaster/HTRANSM[1] (net)                        0.00                0.00       5.33 f
  u2DmacAhbMaster/HTRANSM[1] (DmacAhbMaster_0)                                0.00       5.33 f
  HTRANSM2[1] (net)                                       0.00                0.00       5.33 f
  HTRANSM2[1] (out)                                                 0.09      0.00       5.33 f
  data arrival time                                                                      5.33
  ----------------------------------------------------------------------------------------------
  (Path is unconstrained)


  Startpoint: u1DmacAhbMaster/uDmacMasterWrap/HtransHold_reg_0_
              (rising edge-triggered flip-flop)
  Endpoint: HTRANSM1[0]
            (output port)
  Path Group: (none)
  Path Type: max

  Point                                       Fanout       Cap     Trans      Incr       Path
  ----------------------------------------------------------------------------------------------
  u1DmacAhbMaster/uDmacMasterWrap/HtransHold_reg_0_/CK (DFFRX4)     0.00      0.00 #     0.00 r
  u1DmacAhbMaster/uDmacMasterWrap/HtransHold_reg_0_/Q (DFFRX4)      0.05      0.44       0.44 f
  u1DmacAhbMaster/uDmacMasterWrap/HtransHold[0] (net)
                                                2         0.01                0.00       0.44 f
  u1DmacAhbMaster/uDmacMasterWrap/U1502/B (NOR2X1)                  0.05      0.00       0.44 f
  u1DmacAhbMaster/uDmacMasterWrap/U1502/Y (NOR2X1)                  0.30      0.21       0.65 r
  u1DmacAhbMaster/uDmacMasterWrap/n3150 (net)
                                                3         0.01                0.00       0.65 r
  u1DmacAhbMaster/uDmacMasterWrap/U1501/B (NAND2X1)                 0.30      0.00       0.65 r
  u1DmacAhbMaster/uDmacMasterWrap/U1501/Y (NAND2X1)                 0.12      0.10       0.74 f
  u1DmacAhbMaster/uDmacMasterWrap/n3132 (net)
                                                2         0.01                0.00       0.74 f
  u1DmacAhbMaster/uDmacMasterWrap/U1500/B (NAND2X1)                 0.12      0.00       0.74 f
  u1DmacAhbMaster/uDmacMasterWrap/U1500/Y (NAND2X1)                 2.71      1.53       2.27 r
  u1DmacAhbMaster/uDmacMasterWrap/n3108 (net)
                                               49         0.22                0.00       2.27 r
  u1DmacAhbMaster/uDmacMasterWrap/U1498/A (INVX1)                   2.71      0.00       2.27 r
  u1DmacAhbMaster/uDmacMasterWrap/U1498/Y (INVX1)                   1.57      1.45       3.72 f
  u1DmacAhbMaster/uDmacMasterWrap/n3133 (net)
                                               45         0.21                0.00       3.72 f
  u1DmacAhbMaster/uDmacMasterWrap/U1384/A1 (AOI22X1)                1.57      0.00       3.72 f
  u1DmacAhbMaster/uDmacMasterWrap/U1384/Y (AOI22X1)                 0.58      0.62       4.34 r
  u1DmacAhbMaster/uDmacMasterWrap/n3011 (net)
                                                4         0.02                0.00       4.34 r
  u1DmacAhbMaster/uDmacMasterWrap/U1383/A (INVX1)                   0.58      0.00       4.34 r
  u1DmacAhbMaster/uDmacMasterWrap/U1383/Y (INVX1)                   0.18      0.15       4.49 f
  u1DmacAhbMaster/uDmacMasterWrap/n3022 (net)
                                                3         0.01                0.00       4.49 f
  u1DmacAhbMaster/uDmacMasterWrap/U1358/A1 (AOI32X1)                0.18      0.00       4.49 f
  u1DmacAhbMaster/uDmacMasterWrap/U1358/Y (AOI32X1)                 0.34      0.29       4.78 r
  u1DmacAhbMaster/uDmacMasterWrap/n3009 (net)
                                                2         0.01                0.00       4.78 r
  u1DmacAhbMaster/uDmacMasterWrap/U1350/AN (NOR4BX1)                0.34      0.00       4.78 r
  u1DmacAhbMaster/uDmacMasterWrap/U1350/Y (NOR4BX1)                 0.32      0.27       5.05 r
  u1DmacAhbMaster/uDmacMasterWrap/n3134 (net)
                                                2         0.00                0.00       5.05 r
  u1DmacAhbMaster/uDmacMasterWrap/U1349/C (AND4X1)                  0.32      0.00       5.05 r
  u1DmacAhbMaster/uDmacMasterWrap/U1349/Y (AND4X1)                  0.10      0.27       5.32 r
  u1DmacAhbMaster/uDmacMasterWrap/HTRANS[0] (net)
                                                1         0.00                0.00       5.32 r
  u1DmacAhbMaster/uDmacMasterWrap/HTRANS[0] (DmacMasterWrap_1)                0.00       5.32 r
  u1DmacAhbMaster/HTRANSM[0] (net)                        0.00                0.00       5.32 r
  u1DmacAhbMaster/HTRANSM[0] (DmacAhbMaster_1)                                0.00       5.32 r
  HTRANSM1[0] (net)                                       0.00                0.00       5.32 r
  HTRANSM1[0] (out)                                                 0.10      0.00       5.32 r
  data arrival time                                                                      5.32
  ----------------------------------------------------------------------------------------------
  (Path is unconstrained)


  Startpoint: u2DmacAhbMaster/uDmacMasterWrap/HtransHold_reg_0_
              (rising edge-triggered flip-flop)
  Endpoint: HTRANSM2[0]
            (output port)
  Path Group: (none)
  Path Type: max

  Point                                       Fanout       Cap     Trans      Incr       Path
  ----------------------------------------------------------------------------------------------
  u2DmacAhbMaster/uDmacMasterWrap/HtransHold_reg_0_/CK (DFFRX4)     0.00      0.00 #     0.00 r
  u2DmacAhbMaster/uDmacMasterWrap/HtransHold_reg_0_/Q (DFFRX4)      0.05      0.44       0.44 f
  u2DmacAhbMaster/uDmacMasterWrap/HtransHold[0] (net)
                                                2         0.01                0.00       0.44 f
  u2DmacAhbMaster/uDmacMasterWrap/U1502/B (NOR2X1)                  0.05      0.00       0.44 f
  u2DmacAhbMaster/uDmacMasterWrap/U1502/Y (NOR2X1)                  0.30      0.21       0.65 r
  u2DmacAhbMaster/uDmacMasterWrap/n3150 (net)
                                                3         0.01                0.00       0.65 r
  u2DmacAhbMaster/uDmacMasterWrap/U1501/B (NAND2X1)                 0.30      0.00       0.65 r
  u2DmacAhbMaster/uDmacMasterWrap/U1501/Y (NAND2X1)                 0.12      0.10       0.74 f
  u2DmacAhbMaster/uDmacMasterWrap/n3132 (net)
                                                2         0.01                0.00       0.74 f
  u2DmacAhbMaster/uDmacMasterWrap/U1500/B (NAND2X1)                 0.12      0.00       0.74 f
  u2DmacAhbMaster/uDmacMasterWrap/U1500/Y (NAND2X1)                 2.71      1.53       2.27 r
  u2DmacAhbMaster/uDmacMasterWrap/n3108 (net)
                                               49         0.22                0.00       2.27 r
  u2DmacAhbMaster/uDmacMasterWrap/U1498/A (INVX1)                   2.71      0.00       2.27 r
  u2DmacAhbMaster/uDmacMasterWrap/U1498/Y (INVX1)                   1.57      1.45       3.72 f
  u2DmacAhbMaster/uDmacMasterWrap/n3133 (net)
                                               45         0.21                0.00       3.72 f
  u2DmacAhbMaster/uDmacMasterWrap/U1384/A1 (AOI22X1)                1.57      0.00       3.72 f
  u2DmacAhbMaster/uDmacMasterWrap/U1384/Y (AOI22X1)                 0.58      0.62       4.34 r
  u2DmacAhbMaster/uDmacMasterWrap/n3011 (net)
                                                4         0.02                0.00       4.34 r
  u2DmacAhbMaster/uDmacMasterWrap/U1383/A (INVX1)                   0.58      0.00       4.34 r
  u2DmacAhbMaster/uDmacMasterWrap/U1383/Y (INVX1)                   0.18      0.15       4.49 f
  u2DmacAhbMaster/uDmacMasterWrap/n3022 (net)
                                                3         0.01                0.00       4.49 f
  u2DmacAhbMaster/uDmacMasterWrap/U1358/A1 (AOI32X1)                0.18      0.00       4.49 f
  u2DmacAhbMaster/uDmacMasterWrap/U1358/Y (AOI32X1)                 0.34      0.29       4.78 r
  u2DmacAhbMaster/uDmacMasterWrap/n3009 (net)
                                                2         0.01                0.00       4.78 r
  u2DmacAhbMaster/uDmacMasterWrap/U1350/AN (NOR4BX1)                0.34      0.00       4.78 r
  u2DmacAhbMaster/uDmacMasterWrap/U1350/Y (NOR4BX1)                 0.32      0.27       5.05 r
  u2DmacAhbMaster/uDmacMasterWrap/n3134 (net)
                                                2         0.00                0.00       5.05 r
  u2DmacAhbMaster/uDmacMasterWrap/U1349/C (AND4X1)                  0.32      0.00       5.05 r
  u2DmacAhbMaster/uDmacMasterWrap/U1349/Y (AND4X1)                  0.10      0.27       5.32 r
  u2DmacAhbMaster/uDmacMasterWrap/HTRANS[0] (net)
                                                1         0.00                0.00       5.32 r
  u2DmacAhbMaster/uDmacMasterWrap/HTRANS[0] (DmacMasterWrap_0)                0.00       5.32 r
  u2DmacAhbMaster/HTRANSM[0] (net)                        0.00                0.00       5.32 r
  u2DmacAhbMaster/HTRANSM[0] (DmacAhbMaster_0)                                0.00       5.32 r
  HTRANSM2[0] (net)                                       0.00                0.00       5.32 r
  HTRANSM2[0] (out)                                                 0.10      0.00       5.32 r
  data arrival time                                                                      5.32
  ----------------------------------------------------------------------------------------------
  (Path is unconstrained)


1
