 
****************************************
Report : net fanout
        -threshold 17
Design : Dmac
Version: V-2004.06
Date   : Tue Jun 20 16:16:53 2006
****************************************


Operating Conditions: slow   Library: slow
Wire Load Model Mode: top


Attributes:
   dr - drc disabled
    c - annotated capacitance
    d - dont_touch
    i - ideal_net
    I - ideal_network
    p - includes pin load
    r - annotated resistance
    h - high fanout

Net                 Fanout   Attributes   Capacitance   Driver
--------------------------------------------------------------------------------
HWDATA[11]              18                    0.08      HWDATA[11]
HWDATA[10]              18                    0.07      HWDATA[10]
HWDATA[9]               18                    0.07      HWDATA[9]
HWDATA[8]               18                    0.07      HWDATA[8]
HWDATA[7]               18                    0.07      HWDATA[7]
HWDATA[6]               18                    0.07      HWDATA[6]
HWDATA[5]               18                    0.07      HWDATA[5]
HWDATA[4]               18                    0.07      HWDATA[4]
HWDATA[3]               18                    0.07      HWDATA[3]
HWDATA[2]               19                    0.08      HWDATA[2]
HWDATA[1]               19                    0.07      HWDATA[1]
HWDATA[0]               27                    0.10      HWDATA[0]
RegHWrite               41                    0.13      uDmacAhbSlaveIf/iRegHWrite_reg/Q
RegAddress[4]           23                    0.10      uDmacAhbSlaveIf/HAddrBuff_reg_4_/Q
RegAddress[3]           29                    0.12      uDmacAhbSlaveIf/HAddrBuff_reg_3_/Q
RegAddress[2]           29                    0.12      uDmacAhbSlaveIf/HAddrBuff_reg_2_/Q
ITEN                    39                    0.17      uDmacAhbSlaveIf/DMACTCR_reg/Q
DMACEn                 131                    0.38      uDmacAhbSlaveIf/DMACConfig_reg_0_/Q
BusAvlblM1              40                    0.17      u1DmacAhbMaster/uDmacLiteMaster/BusAvlblM_reg/Q
BusAvlblM2              40                    0.17      u2DmacAhbMaster/uDmacLiteMaster/BusAvlblM_reg/Q
DataErrorM1             26                    0.11      u1DmacAhbMaster/uDmacLiteMaster/U5794/Y
DataErrorM2             26                    0.12      u2DmacAhbMaster/uDmacLiteMaster/U5794/Y
ChWrDataM1[31]          40                    0.18      u1DmacAhbMaster/uDmacLiteMaster/U5711/Y
ChWrDataM1[30]          40                    0.18      u1DmacAhbMaster/uDmacLiteMaster/U5712/Y
ChWrDataM1[29]          40                    0.18      u1DmacAhbMaster/uDmacLiteMaster/U5715/Y
ChWrDataM1[28]          40                    0.18      u1DmacAhbMaster/uDmacLiteMaster/U5716/Y
ChWrDataM1[27]          40                    0.18      u1DmacAhbMaster/uDmacLiteMaster/U5717/Y
ChWrDataM1[26]          40                    0.18      u1DmacAhbMaster/uDmacLiteMaster/U5718/Y
ChWrDataM1[25]          40                    0.18      u1DmacAhbMaster/uDmacLiteMaster/U5719/Y
ChWrDataM1[24]          40                    0.18      u1DmacAhbMaster/uDmacLiteMaster/U5720/Y
ChWrDataM1[23]          40                    0.17      u1DmacAhbMaster/uDmacLiteMaster/U5722/Y
ChWrDataM1[22]          40                    0.17      u1DmacAhbMaster/uDmacLiteMaster/U5723/Y
ChWrDataM1[21]          40                    0.17      u1DmacAhbMaster/uDmacLiteMaster/U5724/Y
ChWrDataM1[20]          40                    0.17      u1DmacAhbMaster/uDmacLiteMaster/U5725/Y
ChWrDataM1[19]          40                    0.17      u1DmacAhbMaster/uDmacLiteMaster/U5729/Y
ChWrDataM1[18]          40                    0.17      u1DmacAhbMaster/uDmacLiteMaster/U5730/Y
ChWrDataM1[17]          40                    0.17      u1DmacAhbMaster/uDmacLiteMaster/U5731/Y
ChWrDataM1[16]          40                    0.17      u1DmacAhbMaster/uDmacLiteMaster/U5734/Y
ChWrDataM1[15]          40                    0.18      u1DmacAhbMaster/uDmacLiteMaster/U5738/Y
ChWrDataM1[14]          40                    0.18      u1DmacAhbMaster/uDmacLiteMaster/U5742/Y
ChWrDataM1[13]          40                    0.18      u1DmacAhbMaster/uDmacLiteMaster/U5746/Y
ChWrDataM1[12]          40                    0.18      u1DmacAhbMaster/uDmacLiteMaster/U5750/Y
ChWrDataM1[11]          40                    0.18      u1DmacAhbMaster/uDmacLiteMaster/U5754/Y
ChWrDataM1[10]          40                    0.19      u1DmacAhbMaster/uDmacLiteMaster/U5758/Y
ChWrDataM1[9]           40                    0.19      u1DmacAhbMaster/uDmacLiteMaster/U5699/Y
ChWrDataM1[8]           40                    0.19      u1DmacAhbMaster/uDmacLiteMaster/U5700/Y
ChWrDataM1[7]           40                    0.19      u1DmacAhbMaster/uDmacLiteMaster/U5701/Y
ChWrDataM1[6]           40                    0.19      u1DmacAhbMaster/uDmacLiteMaster/U5703/Y
ChWrDataM1[5]           40                    0.19      u1DmacAhbMaster/uDmacLiteMaster/U5705/Y
ChWrDataM1[4]           40                    0.19      u1DmacAhbMaster/uDmacLiteMaster/U5707/Y
ChWrDataM1[3]           40                    0.19      u1DmacAhbMaster/uDmacLiteMaster/U5709/Y
ChWrDataM1[2]           40                    0.19      u1DmacAhbMaster/uDmacLiteMaster/U5713/Y
ChWrDataM1[1]           32                    0.15      u1DmacAhbMaster/uDmacLiteMaster/U5726/Y
ChWrDataM1[0]           40                    0.18      u1DmacAhbMaster/uDmacLiteMaster/U5766/Y
ChWrDataM2[31]          40                    0.19      u2DmacAhbMaster/uDmacLiteMaster/U5711/Y
ChWrDataM2[30]          40                    0.19      u2DmacAhbMaster/uDmacLiteMaster/U5712/Y
ChWrDataM2[29]          40                    0.19      u2DmacAhbMaster/uDmacLiteMaster/U5715/Y
ChWrDataM2[28]          40                    0.19      u2DmacAhbMaster/uDmacLiteMaster/U5716/Y
ChWrDataM2[27]          40                    0.19      u2DmacAhbMaster/uDmacLiteMaster/U5717/Y
ChWrDataM2[26]          40                    0.19      u2DmacAhbMaster/uDmacLiteMaster/U5718/Y
ChWrDataM2[25]          40                    0.19      u2DmacAhbMaster/uDmacLiteMaster/U5719/Y
ChWrDataM2[24]          40                    0.19      u2DmacAhbMaster/uDmacLiteMaster/U5720/Y
ChWrDataM2[23]          40                    0.17      u2DmacAhbMaster/uDmacLiteMaster/U5722/Y
ChWrDataM2[22]          40                    0.17      u2DmacAhbMaster/uDmacLiteMaster/U5723/Y
ChWrDataM2[21]          40                    0.17      u2DmacAhbMaster/uDmacLiteMaster/U5724/Y
ChWrDataM2[20]          40                    0.17      u2DmacAhbMaster/uDmacLiteMaster/U5725/Y
ChWrDataM2[19]          40                    0.17      u2DmacAhbMaster/uDmacLiteMaster/U5729/Y
ChWrDataM2[18]          40                    0.17      u2DmacAhbMaster/uDmacLiteMaster/U5730/Y
ChWrDataM2[17]          40                    0.17      u2DmacAhbMaster/uDmacLiteMaster/U5731/Y
ChWrDataM2[16]          40                    0.17      u2DmacAhbMaster/uDmacLiteMaster/U5734/Y
ChWrDataM2[15]          40                    0.19      u2DmacAhbMaster/uDmacLiteMaster/U5738/Y
ChWrDataM2[14]          40                    0.19      u2DmacAhbMaster/uDmacLiteMaster/U5742/Y
ChWrDataM2[13]          40                    0.19      u2DmacAhbMaster/uDmacLiteMaster/U5746/Y
ChWrDataM2[12]          40                    0.19      u2DmacAhbMaster/uDmacLiteMaster/U5750/Y
ChWrDataM2[11]          40                    0.19      u2DmacAhbMaster/uDmacLiteMaster/U5754/Y
ChWrDataM2[10]          40                    0.19      u2DmacAhbMaster/uDmacLiteMaster/U5758/Y
ChWrDataM2[9]           40                    0.19      u2DmacAhbMaster/uDmacLiteMaster/U5699/Y
ChWrDataM2[8]           40                    0.19      u2DmacAhbMaster/uDmacLiteMaster/U5700/Y
ChWrDataM2[7]           40                    0.19      u2DmacAhbMaster/uDmacLiteMaster/U5701/Y
ChWrDataM2[6]           40                    0.19      u2DmacAhbMaster/uDmacLiteMaster/U5703/Y
ChWrDataM2[5]           40                    0.19      u2DmacAhbMaster/uDmacLiteMaster/U5705/Y
ChWrDataM2[4]           40                    0.19      u2DmacAhbMaster/uDmacLiteMaster/U5707/Y
ChWrDataM2[3]           40                    0.19      u2DmacAhbMaster/uDmacLiteMaster/U5709/Y
ChWrDataM2[2]           40                    0.19      u2DmacAhbMaster/uDmacLiteMaster/U5713/Y
ChWrDataM2[1]           32                    0.15      u2DmacAhbMaster/uDmacLiteMaster/U5726/Y
ChWrDataM2[0]           40                    0.19      u2DmacAhbMaster/uDmacLiteMaster/U5766/Y
HCLK                  5183   h             1001.00      HCLK
HRESETn               5183   h             1001.00      HRESETn
u1DmacAhbMaster/MSIZE[1]
                        30                    0.15      u1DmacAhbMaster/uDmacLiteMaster/U5496/Y
u1DmacAhbMaster/MSIZE[0]
                        30                    0.15      u1DmacAhbMaster/uDmacLiteMaster/U5493/Y
u1DmacAhbMaster/MREADY
                        64                    0.27      u1DmacAhbMaster/uDmacMasterWrap/U1505/Y
u1DmacAhbMaster/uDmacMasterWrap/n3025
                        48                    0.22      u1DmacAhbMaster/uDmacMasterWrap/U1314/Y
u1DmacAhbMaster/uDmacMasterWrap/n3108
                        49                    0.22      u1DmacAhbMaster/uDmacMasterWrap/U1500/Y
u1DmacAhbMaster/uDmacMasterWrap/n3133
                        45                    0.21      u1DmacAhbMaster/uDmacMasterWrap/U1498/Y
u1DmacAhbMaster/uDmacLiteMaster/BusAvlblMV3
                        46                    0.20      u1DmacAhbMaster/uDmacLiteMaster/BusAvlblMV3_reg/Q
u1DmacAhbMaster/uDmacLiteMaster/BusAvlblMV4
                        47                    0.20      u1DmacAhbMaster/uDmacLiteMaster/BusAvlblMV4_reg/Q
u1DmacAhbMaster/uDmacLiteMaster/BusAvlblMV2
                        35                    0.17      u1DmacAhbMaster/uDmacLiteMaster/BusAvlblMV2_reg/Q
u1DmacAhbMaster/uDmacLiteMaster/InWaitOneClk
                        55                    0.23      u1DmacAhbMaster/uDmacLiteMaster/U5696/Y
u1DmacAhbMaster/uDmacLiteMaster/n9400
                        42                    0.21      u1DmacAhbMaster/uDmacLiteMaster/U5526/Y
u1DmacAhbMaster/uDmacLiteMaster/n9426
                        78                    0.28      u1DmacAhbMaster/uDmacLiteMaster/U4360/Y
u1DmacAhbMaster/uDmacLiteMaster/n9518
                        32                    0.15      u1DmacAhbMaster/uDmacLiteMaster/U4503/Y
u1DmacAhbMaster/uDmacLiteMaster/n9520
                        32                    0.15      u1DmacAhbMaster/uDmacLiteMaster/U4507/Y
u1DmacAhbMaster/uDmacLiteMaster/n9801
                        35                    0.17      u1DmacAhbMaster/uDmacLiteMaster/U5481/Y
u1DmacAhbMaster/uDmacLiteMaster/n9802
                        36                    0.17      u1DmacAhbMaster/uDmacLiteMaster/U5501/Y
u1DmacAhbMaster/uDmacLiteMaster/n9804
                        32                    0.15      u1DmacAhbMaster/uDmacLiteMaster/U4788/Y
u1DmacAhbMaster/uDmacLiteMaster/n9806
                        32                    0.15      u1DmacAhbMaster/uDmacLiteMaster/U4787/Y
u1DmacAhbMaster/uDmacLiteMaster/n9808
                        32                    0.16      u1DmacAhbMaster/uDmacLiteMaster/U4786/Y
u1DmacAhbMaster/uDmacLiteMaster/n9809
                        34                    0.17      u1DmacAhbMaster/uDmacLiteMaster/U4785/Y
u1DmacAhbMaster/uDmacLiteMaster/n9810
                        32                    0.16      u1DmacAhbMaster/uDmacLiteMaster/U4782/Y
u1DmacAhbMaster/uDmacLiteMaster/n9812
                        32                    0.15      u1DmacAhbMaster/uDmacLiteMaster/U4781/Y
u1DmacAhbMaster/uDmacLiteMaster/n9814
                        46                    0.22      u1DmacAhbMaster/uDmacLiteMaster/U5796/Y
u1DmacAhbMaster/uDmacLiteMaster/n9974
                        35                    0.17      u1DmacAhbMaster/uDmacLiteMaster/U5502/Y
u1DmacAhbMaster/uDmacLiteMaster/n9991
                        41                    0.20      u1DmacAhbMaster/uDmacLiteMaster/U5514/Y
u1DmacAhbMaster/uDmacLiteMaster/n10019
                        34                    0.16      u1DmacAhbMaster/uDmacLiteMaster/U5480/Y
u1DmacAhbMaster/uDmacLiteMaster/n10029
                        33                    0.16      u1DmacAhbMaster/uDmacLiteMaster/U5503/Y
u1DmacAhbMaster/uDmacLiteMaster/n10073
                        27                    0.13      u1DmacAhbMaster/uDmacLiteMaster/U5499/Y
u1DmacAhbMaster/uDmacLiteMaster/n10091
                        33                    0.17      u1DmacAhbMaster/uDmacLiteMaster/U5483/Y
u1DmacAhbMaster/uDmacLiteMaster/n10097
                        33                    0.17      u1DmacAhbMaster/uDmacLiteMaster/U5548/Y
u1DmacAhbMaster/uDmacLiteMaster/n10098
                        32                    0.16      u1DmacAhbMaster/uDmacLiteMaster/U5475/Y
u1DmacAhbMaster/uDmacLiteMaster/n10099
                        32                    0.15      u1DmacAhbMaster/uDmacLiteMaster/U5474/Y
u1DmacAhbMaster/uDmacLiteMaster/n10101
                        32                    0.15      u1DmacAhbMaster/uDmacLiteMaster/U5487/Y
u1DmacAhbMaster/uDmacLiteMaster/n10102
                        32                    0.15      u1DmacAhbMaster/uDmacLiteMaster/U5486/Y
u1DmacAhbMaster/uDmacLiteMaster/n10467
                        45                    0.21      u1DmacAhbMaster/uDmacLiteMaster/U5695/Y
u1DmacAhbMaster/uDmacArbiter/iCh0GntM
                        48                    0.21      u1DmacAhbMaster/uDmacArbiter/U1281/Y
u1DmacAhbMaster/uDmacArbiter/iCh1GntM
                        48                    0.22      u1DmacAhbMaster/uDmacArbiter/U1297/Y
u1DmacAhbMaster/uDmacArbiter/iCh2GntM
                        48                    0.21      u1DmacAhbMaster/uDmacArbiter/U1298/Y
u1DmacAhbMaster/uDmacArbiter/iCh3GntM
                        48                    0.22      u1DmacAhbMaster/uDmacArbiter/U1285/Y
u1DmacAhbMaster/uDmacArbiter/iCh4GntM
                        48                    0.21      u1DmacAhbMaster/uDmacArbiter/U1296/Y
u1DmacAhbMaster/uDmacArbiter/iCh5GntM
                        48                    0.22      u1DmacAhbMaster/uDmacArbiter/U1299/Y
u1DmacAhbMaster/uDmacArbiter/iCh6GntM
                        48                    0.21      u1DmacAhbMaster/uDmacArbiter/U1274/Y
u1DmacAhbMaster/uDmacArbiter/iCh7GntM
                        48                    0.22      u1DmacAhbMaster/uDmacArbiter/U1276/Y
u2DmacAhbMaster/MSIZE[1]
                        30                    0.15      u2DmacAhbMaster/uDmacLiteMaster/U5496/Y
u2DmacAhbMaster/MSIZE[0]
                        30                    0.15      u2DmacAhbMaster/uDmacLiteMaster/U5493/Y
u2DmacAhbMaster/MREADY
                        64                    0.27      u2DmacAhbMaster/uDmacMasterWrap/U1505/Y
u2DmacAhbMaster/uDmacMasterWrap/n3025
                        48                    0.22      u2DmacAhbMaster/uDmacMasterWrap/U1314/Y
u2DmacAhbMaster/uDmacMasterWrap/n3108
                        49                    0.22      u2DmacAhbMaster/uDmacMasterWrap/U1500/Y
u2DmacAhbMaster/uDmacMasterWrap/n3133
                        45                    0.21      u2DmacAhbMaster/uDmacMasterWrap/U1498/Y
u2DmacAhbMaster/uDmacLiteMaster/BusAvlblMV3
                        46                    0.20      u2DmacAhbMaster/uDmacLiteMaster/BusAvlblMV3_reg/Q
u2DmacAhbMaster/uDmacLiteMaster/BusAvlblMV4
                        47                    0.20      u2DmacAhbMaster/uDmacLiteMaster/BusAvlblMV4_reg/Q
u2DmacAhbMaster/uDmacLiteMaster/BusAvlblMV2
                        35                    0.17      u2DmacAhbMaster/uDmacLiteMaster/BusAvlblMV2_reg/Q
u2DmacAhbMaster/uDmacLiteMaster/InWaitOneClk
                        55                    0.23      u2DmacAhbMaster/uDmacLiteMaster/U5696/Y
u2DmacAhbMaster/uDmacLiteMaster/n9400
                        42                    0.21      u2DmacAhbMaster/uDmacLiteMaster/U5526/Y
u2DmacAhbMaster/uDmacLiteMaster/n9426
                        78                    0.28      u2DmacAhbMaster/uDmacLiteMaster/U4360/Y
u2DmacAhbMaster/uDmacLiteMaster/n9518
                        32                    0.15      u2DmacAhbMaster/uDmacLiteMaster/U4503/Y
u2DmacAhbMaster/uDmacLiteMaster/n9520
                        32                    0.15      u2DmacAhbMaster/uDmacLiteMaster/U4507/Y
u2DmacAhbMaster/uDmacLiteMaster/n9801
                        35                    0.17      u2DmacAhbMaster/uDmacLiteMaster/U5481/Y
u2DmacAhbMaster/uDmacLiteMaster/n9802
                        36                    0.17      u2DmacAhbMaster/uDmacLiteMaster/U5501/Y
u2DmacAhbMaster/uDmacLiteMaster/n9804
                        32                    0.15      u2DmacAhbMaster/uDmacLiteMaster/U4788/Y
u2DmacAhbMaster/uDmacLiteMaster/n9806
                        32                    0.15      u2DmacAhbMaster/uDmacLiteMaster/U4787/Y
u2DmacAhbMaster/uDmacLiteMaster/n9808
                        32                    0.16      u2DmacAhbMaster/uDmacLiteMaster/U4786/Y
u2DmacAhbMaster/uDmacLiteMaster/n9809
                        34                    0.17      u2DmacAhbMaster/uDmacLiteMaster/U4785/Y
u2DmacAhbMaster/uDmacLiteMaster/n9810
                        32                    0.16      u2DmacAhbMaster/uDmacLiteMaster/U4782/Y
u2DmacAhbMaster/uDmacLiteMaster/n9812
                        32                    0.15      u2DmacAhbMaster/uDmacLiteMaster/U4781/Y
u2DmacAhbMaster/uDmacLiteMaster/n9814
                        46                    0.22      u2DmacAhbMaster/uDmacLiteMaster/U5796/Y
u2DmacAhbMaster/uDmacLiteMaster/n9974
                        35                    0.17      u2DmacAhbMaster/uDmacLiteMaster/U5502/Y
u2DmacAhbMaster/uDmacLiteMaster/n9991
                        41                    0.20      u2DmacAhbMaster/uDmacLiteMaster/U5514/Y
u2DmacAhbMaster/uDmacLiteMaster/n10019
                        34                    0.16      u2DmacAhbMaster/uDmacLiteMaster/U5480/Y
u2DmacAhbMaster/uDmacLiteMaster/n10029
                        33                    0.16      u2DmacAhbMaster/uDmacLiteMaster/U5503/Y
u2DmacAhbMaster/uDmacLiteMaster/n10073
                        27                    0.13      u2DmacAhbMaster/uDmacLiteMaster/U5499/Y
u2DmacAhbMaster/uDmacLiteMaster/n10091
                        33                    0.17      u2DmacAhbMaster/uDmacLiteMaster/U5483/Y
u2DmacAhbMaster/uDmacLiteMaster/n10097
                        33                    0.17      u2DmacAhbMaster/uDmacLiteMaster/U5548/Y
u2DmacAhbMaster/uDmacLiteMaster/n10098
                        32                    0.16      u2DmacAhbMaster/uDmacLiteMaster/U5475/Y
u2DmacAhbMaster/uDmacLiteMaster/n10099
                        32                    0.15      u2DmacAhbMaster/uDmacLiteMaster/U5474/Y
u2DmacAhbMaster/uDmacLiteMaster/n10101
                        32                    0.15      u2DmacAhbMaster/uDmacLiteMaster/U5487/Y
u2DmacAhbMaster/uDmacLiteMaster/n10102
                        32                    0.15      u2DmacAhbMaster/uDmacLiteMaster/U5486/Y
u2DmacAhbMaster/uDmacLiteMaster/n10467
                        45                    0.21      u2DmacAhbMaster/uDmacLiteMaster/U5695/Y
u2DmacAhbMaster/uDmacArbiter/iCh0GntM
                        48                    0.21      u2DmacAhbMaster/uDmacArbiter/U1281/Y
u2DmacAhbMaster/uDmacArbiter/iCh1GntM
                        48                    0.22      u2DmacAhbMaster/uDmacArbiter/U1297/Y
u2DmacAhbMaster/uDmacArbiter/iCh2GntM
                        48                    0.21      u2DmacAhbMaster/uDmacArbiter/U1298/Y
u2DmacAhbMaster/uDmacArbiter/iCh3GntM
                        48                    0.22      u2DmacAhbMaster/uDmacArbiter/U1285/Y
u2DmacAhbMaster/uDmacArbiter/iCh4GntM
                        48                    0.21      u2DmacAhbMaster/uDmacArbiter/U1296/Y
u2DmacAhbMaster/uDmacArbiter/iCh5GntM
                        48                    0.22      u2DmacAhbMaster/uDmacArbiter/U1299/Y
u2DmacAhbMaster/uDmacArbiter/iCh6GntM
                        48                    0.21      u2DmacAhbMaster/uDmacArbiter/U1274/Y
u2DmacAhbMaster/uDmacArbiter/iCh7GntM
                        48                    0.22      u2DmacAhbMaster/uDmacArbiter/U1276/Y
u0DmacChannel/SWidth[0]
                        18                    0.07      u0DmacChannel/uDmacChRegBlock/DMACChControl_reg_18_/Q
u0DmacChannel/SrcSelect
                        31                    0.13      u0DmacChannel/uDmacChRegBlock/DMACChControl_reg_24_/Q
u0DmacChannel/FlowCntl2MSB[2]
                        18                    0.07      u0DmacChannel/uDmacChRegBlock/DMACChConfig_reg_13_/Q
u0DmacChannel/uDmacChRegBlock/n4128
                        32                    0.15      u0DmacChannel/uDmacChRegBlock/U2209/Y
u0DmacChannel/uDmacChRegBlock/n4132
                        32                    0.16      u0DmacChannel/uDmacChRegBlock/U2202/Y
u0DmacChannel/uDmacChRegBlock/n4133
                        32                    0.15      u0DmacChannel/uDmacChRegBlock/U2201/Y
u0DmacChannel/uDmacChRegBlock/n4134
                        32                    0.15      u0DmacChannel/uDmacChRegBlock/U2200/Y
u0DmacChannel/uDmacChRegBlock/n4135
                        32                    0.15      u0DmacChannel/uDmacChRegBlock/U2206/Y
u0DmacChannel/uDmacChRegBlock/n4136
                        32                    0.14      u0DmacChannel/uDmacChRegBlock/U2204/Y
u0DmacChannel/uDmacChRegBlock/n4236
                        33                    0.15      u0DmacChannel/uDmacChRegBlock/U2876/Y
u0DmacChannel/uDmacChRegBlock/n4237
                        32                    0.15      u0DmacChannel/uDmacChRegBlock/U2316/Y
u0DmacChannel/uDmacChRegBlock/n4240
                        32                    0.16      u0DmacChannel/uDmacChRegBlock/U2309/Y
u0DmacChannel/uDmacChRegBlock/n4241
                        32                    0.16      u0DmacChannel/uDmacChRegBlock/U2308/Y
u0DmacChannel/uDmacChRegBlock/n4242
                        32                    0.15      u0DmacChannel/uDmacChRegBlock/U2307/Y
u0DmacChannel/uDmacChRegBlock/n4243
                        32                    0.15      u0DmacChannel/uDmacChRegBlock/U2313/Y
u0DmacChannel/uDmacChRegBlock/n4244
                        32                    0.14      u0DmacChannel/uDmacChRegBlock/U2311/Y
u0DmacChannel/uDmacChRegBlock/n4314
                        21                    0.10      u0DmacChannel/uDmacChRegBlock/U2472/Y
u0DmacChannel/uDmacChRegBlock/n4315
                        21                    0.10      u0DmacChannel/uDmacChRegBlock/U2464/Y
u0DmacChannel/uDmacChRegBlock/n4317
                        20                    0.09      u0DmacChannel/uDmacChRegBlock/U2378/Y
u0DmacChannel/uDmacChRegBlock/n4318
                        21                    0.09      u0DmacChannel/uDmacChRegBlock/U2456/Y
u0DmacChannel/uDmacChRegBlock/n4448
                        22                    0.10      u0DmacChannel/uDmacChRegBlock/U2869/Y
u0DmacChannel/uDmacChRegBlock/n4509
                        31                    0.15      u0DmacChannel/uDmacChRegBlock/U2662/Y
u0DmacChannel/uDmacChRegBlock/n4510
                        31                    0.15      u0DmacChannel/uDmacChRegBlock/U2661/Y
u0DmacChannel/uDmacChRegBlock/n4512
                        31                    0.14      u0DmacChannel/uDmacChRegBlock/U2658/Y
u0DmacChannel/uDmacChRegBlock/n4513
                        31                    0.13      u0DmacChannel/uDmacChRegBlock/U2656/Y
u0DmacChannel/uDmacChRegBlock/n4515
                        30                    0.11      u0DmacChannel/uDmacChRegBlock/U2895/Y
u0DmacChannel/uDmacChRegBlock/n4594
                        18                    0.08      u0DmacChannel/uDmacChRegBlock/U2880/Y
u0DmacChannel/uDmacChRegBlock/n4641
                        20                    0.10      u0DmacChannel/uDmacChRegBlock/U2879/Y
u0DmacChannel/uDmacChPckUnpck/n2328
                        32                    0.15      u0DmacChannel/uDmacChPckUnpck/U1157/Y
u0DmacChannel/uDmacChPckUnpck/n2331
                        32                    0.13      u0DmacChannel/uDmacChPckUnpck/U1156/Y
u0DmacChannel/uDmacChPckUnpck/n2399
                        32                    0.15      u0DmacChannel/uDmacChPckUnpck/U1285/Y
u0DmacChannel/uDmacChPckUnpck/n2401
                        32                    0.13      u0DmacChannel/uDmacChPckUnpck/U1274/Y
u0DmacChannel/uDmacChPckUnpck/n2619
                        64                    0.25      u0DmacChannel/uDmacChPckUnpck/U1580/Y
u0DmacChannel/uDmacChRegFile/n609
                        64                    0.28      u0DmacChannel/uDmacChRegFile/U632/Y
u0DmacChannel/uDmacChRegFile/n738
                        64                    0.27      u0DmacChannel/uDmacChRegFile/U729/Y
u0DmacChannel/uDmacChRegFile/n804
                        64                    0.27      u0DmacChannel/uDmacChRegFile/U794/Y
u0DmacChannel/uDmacChRegFile/n870
                        64                    0.27      u0DmacChannel/uDmacChRegFile/U922/Y
u0DmacChannel/uDmacChRegFile/n935
                        32                    0.15      u0DmacChannel/uDmacChRegFile/U1056/Y
u0DmacChannel/uDmacChRegFile/n936
                        32                    0.15      u0DmacChannel/uDmacChRegFile/U1054/Y
u0DmacChannel/uDmacChRegFile/n938
                        32                    0.15      u0DmacChannel/uDmacChRegFile/U1053/Y
u0DmacChannel/uDmacChRegFile/n939
                        32                    0.14      u0DmacChannel/uDmacChRegFile/U1052/Y
u0DmacChannel/uDmacChReqProc/n2161
                        43                    0.21      u0DmacChannel/uDmacChReqProc/U1121/Y
u0DmacChannel/uDmacChReqProc/n2163
                        39                    0.19      u0DmacChannel/uDmacChReqProc/U1119/Y
u0DmacChannel/uDmacChReqProc/n2166
                        35                    0.16      u0DmacChannel/uDmacChReqProc/U1115/Y
u0DmacChannel/uDmacChReqProc/n2169
                        43                    0.21      u0DmacChannel/uDmacChReqProc/U1358/Y
u0DmacChannel/uDmacChReqProc/n2170
                        39                    0.18      u0DmacChannel/uDmacChReqProc/U1250/Y
u0DmacChannel/uDmacChReqProc/n2172
                        35                    0.16      u0DmacChannel/uDmacChReqProc/U1244/Y
u1DmacChannel/SWidth[0]
                        18                    0.07      u1DmacChannel/uDmacChRegBlock/DMACChControl_reg_18_/Q
u1DmacChannel/SrcSelect
                        31                    0.13      u1DmacChannel/uDmacChRegBlock/DMACChControl_reg_24_/Q
u1DmacChannel/FlowCntl2MSB[2]
                        18                    0.07      u1DmacChannel/uDmacChRegBlock/DMACChConfig_reg_13_/Q
u1DmacChannel/uDmacChRegBlock/n4128
                        32                    0.15      u1DmacChannel/uDmacChRegBlock/U2209/Y
u1DmacChannel/uDmacChRegBlock/n4132
                        32                    0.16      u1DmacChannel/uDmacChRegBlock/U2202/Y
u1DmacChannel/uDmacChRegBlock/n4133
                        32                    0.15      u1DmacChannel/uDmacChRegBlock/U2201/Y
u1DmacChannel/uDmacChRegBlock/n4134
                        32                    0.15      u1DmacChannel/uDmacChRegBlock/U2200/Y
u1DmacChannel/uDmacChRegBlock/n4135
                        32                    0.15      u1DmacChannel/uDmacChRegBlock/U2206/Y
u1DmacChannel/uDmacChRegBlock/n4136
                        32                    0.14      u1DmacChannel/uDmacChRegBlock/U2204/Y
u1DmacChannel/uDmacChRegBlock/n4236
                        33                    0.15      u1DmacChannel/uDmacChRegBlock/U2876/Y
u1DmacChannel/uDmacChRegBlock/n4237
                        32                    0.15      u1DmacChannel/uDmacChRegBlock/U2316/Y
u1DmacChannel/uDmacChRegBlock/n4240
                        32                    0.16      u1DmacChannel/uDmacChRegBlock/U2309/Y
u1DmacChannel/uDmacChRegBlock/n4241
                        32                    0.16      u1DmacChannel/uDmacChRegBlock/U2308/Y
u1DmacChannel/uDmacChRegBlock/n4242
                        32                    0.15      u1DmacChannel/uDmacChRegBlock/U2307/Y
u1DmacChannel/uDmacChRegBlock/n4243
                        32                    0.15      u1DmacChannel/uDmacChRegBlock/U2313/Y
u1DmacChannel/uDmacChRegBlock/n4244
                        32                    0.14      u1DmacChannel/uDmacChRegBlock/U2311/Y
u1DmacChannel/uDmacChRegBlock/n4314
                        21                    0.10      u1DmacChannel/uDmacChRegBlock/U2472/Y
u1DmacChannel/uDmacChRegBlock/n4315
                        21                    0.10      u1DmacChannel/uDmacChRegBlock/U2464/Y
u1DmacChannel/uDmacChRegBlock/n4317
                        20                    0.09      u1DmacChannel/uDmacChRegBlock/U2378/Y
u1DmacChannel/uDmacChRegBlock/n4318
                        21                    0.09      u1DmacChannel/uDmacChRegBlock/U2456/Y
u1DmacChannel/uDmacChRegBlock/n4448
                        22                    0.10      u1DmacChannel/uDmacChRegBlock/U2869/Y
u1DmacChannel/uDmacChRegBlock/n4509
                        31                    0.15      u1DmacChannel/uDmacChRegBlock/U2662/Y
u1DmacChannel/uDmacChRegBlock/n4510
                        31                    0.15      u1DmacChannel/uDmacChRegBlock/U2661/Y
u1DmacChannel/uDmacChRegBlock/n4512
                        31                    0.14      u1DmacChannel/uDmacChRegBlock/U2658/Y
u1DmacChannel/uDmacChRegBlock/n4513
                        31                    0.13      u1DmacChannel/uDmacChRegBlock/U2656/Y
u1DmacChannel/uDmacChRegBlock/n4515
                        30                    0.11      u1DmacChannel/uDmacChRegBlock/U2895/Y
u1DmacChannel/uDmacChRegBlock/n4594
                        18                    0.08      u1DmacChannel/uDmacChRegBlock/U2880/Y
u1DmacChannel/uDmacChRegBlock/n4641
                        20                    0.10      u1DmacChannel/uDmacChRegBlock/U2879/Y
u1DmacChannel/uDmacChPckUnpck/n2328
                        32                    0.15      u1DmacChannel/uDmacChPckUnpck/U1157/Y
u1DmacChannel/uDmacChPckUnpck/n2331
                        32                    0.13      u1DmacChannel/uDmacChPckUnpck/U1156/Y
u1DmacChannel/uDmacChPckUnpck/n2399
                        32                    0.15      u1DmacChannel/uDmacChPckUnpck/U1285/Y
u1DmacChannel/uDmacChPckUnpck/n2401
                        32                    0.13      u1DmacChannel/uDmacChPckUnpck/U1274/Y
u1DmacChannel/uDmacChPckUnpck/n2619
                        64                    0.25      u1DmacChannel/uDmacChPckUnpck/U1580/Y
u1DmacChannel/uDmacChRegFile/n609
                        64                    0.28      u1DmacChannel/uDmacChRegFile/U632/Y
u1DmacChannel/uDmacChRegFile/n738
                        64                    0.27      u1DmacChannel/uDmacChRegFile/U729/Y
u1DmacChannel/uDmacChRegFile/n804
                        64                    0.27      u1DmacChannel/uDmacChRegFile/U794/Y
u1DmacChannel/uDmacChRegFile/n870
                        64                    0.27      u1DmacChannel/uDmacChRegFile/U922/Y
u1DmacChannel/uDmacChRegFile/n935
                        32                    0.15      u1DmacChannel/uDmacChRegFile/U1056/Y
u1DmacChannel/uDmacChRegFile/n936
                        32                    0.15      u1DmacChannel/uDmacChRegFile/U1054/Y
u1DmacChannel/uDmacChRegFile/n938
                        32                    0.15      u1DmacChannel/uDmacChRegFile/U1053/Y
u1DmacChannel/uDmacChRegFile/n939
                        32                    0.14      u1DmacChannel/uDmacChRegFile/U1052/Y
u1DmacChannel/uDmacChReqProc/n2161
                        43                    0.21      u1DmacChannel/uDmacChReqProc/U1121/Y
u1DmacChannel/uDmacChReqProc/n2163
                        39                    0.19      u1DmacChannel/uDmacChReqProc/U1119/Y
u1DmacChannel/uDmacChReqProc/n2166
                        35                    0.16      u1DmacChannel/uDmacChReqProc/U1115/Y
u1DmacChannel/uDmacChReqProc/n2169
                        43                    0.21      u1DmacChannel/uDmacChReqProc/U1358/Y
u1DmacChannel/uDmacChReqProc/n2170
                        39                    0.18      u1DmacChannel/uDmacChReqProc/U1250/Y
u1DmacChannel/uDmacChReqProc/n2172
                        35                    0.16      u1DmacChannel/uDmacChReqProc/U1244/Y
u2DmacChannel/SWidth[0]
                        18                    0.07      u2DmacChannel/uDmacChRegBlock/DMACChControl_reg_18_/Q
u2DmacChannel/SrcSelect
                        31                    0.13      u2DmacChannel/uDmacChRegBlock/DMACChControl_reg_24_/Q
u2DmacChannel/FlowCntl2MSB[2]
                        18                    0.07      u2DmacChannel/uDmacChRegBlock/DMACChConfig_reg_13_/Q
u2DmacChannel/uDmacChRegBlock/n4128
                        32                    0.15      u2DmacChannel/uDmacChRegBlock/U2209/Y
u2DmacChannel/uDmacChRegBlock/n4132
                        32                    0.16      u2DmacChannel/uDmacChRegBlock/U2202/Y
u2DmacChannel/uDmacChRegBlock/n4133
                        32                    0.15      u2DmacChannel/uDmacChRegBlock/U2201/Y
u2DmacChannel/uDmacChRegBlock/n4134
                        32                    0.15      u2DmacChannel/uDmacChRegBlock/U2200/Y
u2DmacChannel/uDmacChRegBlock/n4135
                        32                    0.15      u2DmacChannel/uDmacChRegBlock/U2206/Y
u2DmacChannel/uDmacChRegBlock/n4136
                        32                    0.14      u2DmacChannel/uDmacChRegBlock/U2204/Y
u2DmacChannel/uDmacChRegBlock/n4236
                        33                    0.15      u2DmacChannel/uDmacChRegBlock/U2876/Y
u2DmacChannel/uDmacChRegBlock/n4237
                        32                    0.15      u2DmacChannel/uDmacChRegBlock/U2316/Y
u2DmacChannel/uDmacChRegBlock/n4240
                        32                    0.16      u2DmacChannel/uDmacChRegBlock/U2309/Y
u2DmacChannel/uDmacChRegBlock/n4241
                        32                    0.16      u2DmacChannel/uDmacChRegBlock/U2308/Y
u2DmacChannel/uDmacChRegBlock/n4242
                        32                    0.15      u2DmacChannel/uDmacChRegBlock/U2307/Y
u2DmacChannel/uDmacChRegBlock/n4243
                        32                    0.15      u2DmacChannel/uDmacChRegBlock/U2313/Y
u2DmacChannel/uDmacChRegBlock/n4244
                        32                    0.14      u2DmacChannel/uDmacChRegBlock/U2311/Y
u2DmacChannel/uDmacChRegBlock/n4314
                        21                    0.10      u2DmacChannel/uDmacChRegBlock/U2472/Y
u2DmacChannel/uDmacChRegBlock/n4315
                        21                    0.10      u2DmacChannel/uDmacChRegBlock/U2464/Y
u2DmacChannel/uDmacChRegBlock/n4317
                        20                    0.09      u2DmacChannel/uDmacChRegBlock/U2378/Y
u2DmacChannel/uDmacChRegBlock/n4318
                        21                    0.09      u2DmacChannel/uDmacChRegBlock/U2456/Y
u2DmacChannel/uDmacChRegBlock/n4448
                        22                    0.10      u2DmacChannel/uDmacChRegBlock/U2869/Y
u2DmacChannel/uDmacChRegBlock/n4509
                        31                    0.15      u2DmacChannel/uDmacChRegBlock/U2662/Y
u2DmacChannel/uDmacChRegBlock/n4510
                        31                    0.15      u2DmacChannel/uDmacChRegBlock/U2661/Y
u2DmacChannel/uDmacChRegBlock/n4512
                        31                    0.14      u2DmacChannel/uDmacChRegBlock/U2658/Y
u2DmacChannel/uDmacChRegBlock/n4513
                        31                    0.13      u2DmacChannel/uDmacChRegBlock/U2656/Y
u2DmacChannel/uDmacChRegBlock/n4515
                        30                    0.11      u2DmacChannel/uDmacChRegBlock/U2895/Y
u2DmacChannel/uDmacChRegBlock/n4594
                        18                    0.08      u2DmacChannel/uDmacChRegBlock/U2880/Y
u2DmacChannel/uDmacChRegBlock/n4641
                        20                    0.10      u2DmacChannel/uDmacChRegBlock/U2879/Y
u2DmacChannel/uDmacChPckUnpck/n2328
                        32                    0.15      u2DmacChannel/uDmacChPckUnpck/U1157/Y
u2DmacChannel/uDmacChPckUnpck/n2331
                        32                    0.13      u2DmacChannel/uDmacChPckUnpck/U1156/Y
u2DmacChannel/uDmacChPckUnpck/n2399
                        32                    0.15      u2DmacChannel/uDmacChPckUnpck/U1285/Y
u2DmacChannel/uDmacChPckUnpck/n2401
                        32                    0.13      u2DmacChannel/uDmacChPckUnpck/U1274/Y
u2DmacChannel/uDmacChPckUnpck/n2619
                        64                    0.25      u2DmacChannel/uDmacChPckUnpck/U1580/Y
u2DmacChannel/uDmacChRegFile/n609
                        64                    0.28      u2DmacChannel/uDmacChRegFile/U632/Y
u2DmacChannel/uDmacChRegFile/n738
                        64                    0.27      u2DmacChannel/uDmacChRegFile/U729/Y
u2DmacChannel/uDmacChRegFile/n804
                        64                    0.27      u2DmacChannel/uDmacChRegFile/U794/Y
u2DmacChannel/uDmacChRegFile/n870
                        64                    0.27      u2DmacChannel/uDmacChRegFile/U922/Y
u2DmacChannel/uDmacChRegFile/n935
                        32                    0.15      u2DmacChannel/uDmacChRegFile/U1056/Y
u2DmacChannel/uDmacChRegFile/n936
                        32                    0.15      u2DmacChannel/uDmacChRegFile/U1054/Y
u2DmacChannel/uDmacChRegFile/n938
                        32                    0.15      u2DmacChannel/uDmacChRegFile/U1053/Y
u2DmacChannel/uDmacChRegFile/n939
                        32                    0.14      u2DmacChannel/uDmacChRegFile/U1052/Y
u2DmacChannel/uDmacChReqProc/n2161
                        43                    0.21      u2DmacChannel/uDmacChReqProc/U1121/Y
u2DmacChannel/uDmacChReqProc/n2163
                        39                    0.19      u2DmacChannel/uDmacChReqProc/U1119/Y
u2DmacChannel/uDmacChReqProc/n2166
                        35                    0.16      u2DmacChannel/uDmacChReqProc/U1115/Y
u2DmacChannel/uDmacChReqProc/n2169
                        43                    0.21      u2DmacChannel/uDmacChReqProc/U1358/Y
u2DmacChannel/uDmacChReqProc/n2170
                        39                    0.18      u2DmacChannel/uDmacChReqProc/U1250/Y
u2DmacChannel/uDmacChReqProc/n2172
                        35                    0.16      u2DmacChannel/uDmacChReqProc/U1244/Y
u3DmacChannel/SWidth[0]
                        18                    0.07      u3DmacChannel/uDmacChRegBlock/DMACChControl_reg_18_/Q
u3DmacChannel/SrcSelect
                        31                    0.13      u3DmacChannel/uDmacChRegBlock/DMACChControl_reg_24_/Q
u3DmacChannel/FlowCntl2MSB[2]
                        18                    0.07      u3DmacChannel/uDmacChRegBlock/DMACChConfig_reg_13_/Q
u3DmacChannel/uDmacChRegBlock/n4128
                        32                    0.15      u3DmacChannel/uDmacChRegBlock/U2209/Y
u3DmacChannel/uDmacChRegBlock/n4132
                        32                    0.16      u3DmacChannel/uDmacChRegBlock/U2202/Y
u3DmacChannel/uDmacChRegBlock/n4133
                        32                    0.15      u3DmacChannel/uDmacChRegBlock/U2201/Y
u3DmacChannel/uDmacChRegBlock/n4134
                        32                    0.15      u3DmacChannel/uDmacChRegBlock/U2200/Y
u3DmacChannel/uDmacChRegBlock/n4135
                        32                    0.15      u3DmacChannel/uDmacChRegBlock/U2206/Y
u3DmacChannel/uDmacChRegBlock/n4136
                        32                    0.14      u3DmacChannel/uDmacChRegBlock/U2204/Y
u3DmacChannel/uDmacChRegBlock/n4236
                        33                    0.15      u3DmacChannel/uDmacChRegBlock/U2876/Y
u3DmacChannel/uDmacChRegBlock/n4237
                        32                    0.15      u3DmacChannel/uDmacChRegBlock/U2316/Y
u3DmacChannel/uDmacChRegBlock/n4240
                        32                    0.16      u3DmacChannel/uDmacChRegBlock/U2309/Y
u3DmacChannel/uDmacChRegBlock/n4241
                        32                    0.16      u3DmacChannel/uDmacChRegBlock/U2308/Y
u3DmacChannel/uDmacChRegBlock/n4242
                        32                    0.15      u3DmacChannel/uDmacChRegBlock/U2307/Y
u3DmacChannel/uDmacChRegBlock/n4243
                        32                    0.15      u3DmacChannel/uDmacChRegBlock/U2313/Y
u3DmacChannel/uDmacChRegBlock/n4244
                        32                    0.14      u3DmacChannel/uDmacChRegBlock/U2311/Y
u3DmacChannel/uDmacChRegBlock/n4314
                        21                    0.10      u3DmacChannel/uDmacChRegBlock/U2472/Y
u3DmacChannel/uDmacChRegBlock/n4315
                        21                    0.10      u3DmacChannel/uDmacChRegBlock/U2464/Y
u3DmacChannel/uDmacChRegBlock/n4317
                        20                    0.09      u3DmacChannel/uDmacChRegBlock/U2378/Y
u3DmacChannel/uDmacChRegBlock/n4318
                        21                    0.09      u3DmacChannel/uDmacChRegBlock/U2456/Y
u3DmacChannel/uDmacChRegBlock/n4448
                        22                    0.10      u3DmacChannel/uDmacChRegBlock/U2869/Y
u3DmacChannel/uDmacChRegBlock/n4509
                        31                    0.15      u3DmacChannel/uDmacChRegBlock/U2662/Y
u3DmacChannel/uDmacChRegBlock/n4510
                        31                    0.15      u3DmacChannel/uDmacChRegBlock/U2661/Y
u3DmacChannel/uDmacChRegBlock/n4512
                        31                    0.14      u3DmacChannel/uDmacChRegBlock/U2658/Y
u3DmacChannel/uDmacChRegBlock/n4513
                        31                    0.13      u3DmacChannel/uDmacChRegBlock/U2656/Y
u3DmacChannel/uDmacChRegBlock/n4515
                        30                    0.11      u3DmacChannel/uDmacChRegBlock/U2895/Y
u3DmacChannel/uDmacChRegBlock/n4594
                        18                    0.08      u3DmacChannel/uDmacChRegBlock/U2880/Y
u3DmacChannel/uDmacChRegBlock/n4641
                        20                    0.10      u3DmacChannel/uDmacChRegBlock/U2879/Y
u3DmacChannel/uDmacChPckUnpck/n2328
                        32                    0.15      u3DmacChannel/uDmacChPckUnpck/U1157/Y
u3DmacChannel/uDmacChPckUnpck/n2331
                        32                    0.13      u3DmacChannel/uDmacChPckUnpck/U1156/Y
u3DmacChannel/uDmacChPckUnpck/n2399
                        32                    0.15      u3DmacChannel/uDmacChPckUnpck/U1285/Y
u3DmacChannel/uDmacChPckUnpck/n2401
                        32                    0.13      u3DmacChannel/uDmacChPckUnpck/U1274/Y
u3DmacChannel/uDmacChPckUnpck/n2619
                        64                    0.25      u3DmacChannel/uDmacChPckUnpck/U1580/Y
u3DmacChannel/uDmacChRegFile/n609
                        64                    0.28      u3DmacChannel/uDmacChRegFile/U632/Y
u3DmacChannel/uDmacChRegFile/n738
                        64                    0.27      u3DmacChannel/uDmacChRegFile/U729/Y
u3DmacChannel/uDmacChRegFile/n804
                        64                    0.27      u3DmacChannel/uDmacChRegFile/U794/Y
u3DmacChannel/uDmacChRegFile/n870
                        64                    0.27      u3DmacChannel/uDmacChRegFile/U922/Y
u3DmacChannel/uDmacChRegFile/n935
                        32                    0.15      u3DmacChannel/uDmacChRegFile/U1056/Y
u3DmacChannel/uDmacChRegFile/n936
                        32                    0.15      u3DmacChannel/uDmacChRegFile/U1054/Y
u3DmacChannel/uDmacChRegFile/n938
                        32                    0.15      u3DmacChannel/uDmacChRegFile/U1053/Y
u3DmacChannel/uDmacChRegFile/n939
                        32                    0.14      u3DmacChannel/uDmacChRegFile/U1052/Y
u3DmacChannel/uDmacChReqProc/n2161
                        43                    0.21      u3DmacChannel/uDmacChReqProc/U1121/Y
u3DmacChannel/uDmacChReqProc/n2163
                        39                    0.19      u3DmacChannel/uDmacChReqProc/U1119/Y
u3DmacChannel/uDmacChReqProc/n2166
                        35                    0.16      u3DmacChannel/uDmacChReqProc/U1115/Y
u3DmacChannel/uDmacChReqProc/n2169
                        43                    0.21      u3DmacChannel/uDmacChReqProc/U1358/Y
u3DmacChannel/uDmacChReqProc/n2170
                        39                    0.18      u3DmacChannel/uDmacChReqProc/U1250/Y
u3DmacChannel/uDmacChReqProc/n2172
                        35                    0.16      u3DmacChannel/uDmacChReqProc/U1244/Y
u4DmacChannel/SWidth[0]
                        18                    0.07      u4DmacChannel/uDmacChRegBlock/DMACChControl_reg_18_/Q
u4DmacChannel/SrcSelect
                        31                    0.13      u4DmacChannel/uDmacChRegBlock/DMACChControl_reg_24_/Q
u4DmacChannel/FlowCntl2MSB[2]
                        18                    0.07      u4DmacChannel/uDmacChRegBlock/DMACChConfig_reg_13_/Q
u4DmacChannel/uDmacChRegBlock/n4128
                        32                    0.15      u4DmacChannel/uDmacChRegBlock/U2209/Y
u4DmacChannel/uDmacChRegBlock/n4132
                        32                    0.16      u4DmacChannel/uDmacChRegBlock/U2202/Y
u4DmacChannel/uDmacChRegBlock/n4133
                        32                    0.15      u4DmacChannel/uDmacChRegBlock/U2201/Y
u4DmacChannel/uDmacChRegBlock/n4134
                        32                    0.15      u4DmacChannel/uDmacChRegBlock/U2200/Y
u4DmacChannel/uDmacChRegBlock/n4135
                        32                    0.15      u4DmacChannel/uDmacChRegBlock/U2206/Y
u4DmacChannel/uDmacChRegBlock/n4136
                        32                    0.14      u4DmacChannel/uDmacChRegBlock/U2204/Y
u4DmacChannel/uDmacChRegBlock/n4236
                        33                    0.15      u4DmacChannel/uDmacChRegBlock/U2876/Y
u4DmacChannel/uDmacChRegBlock/n4237
                        32                    0.15      u4DmacChannel/uDmacChRegBlock/U2316/Y
u4DmacChannel/uDmacChRegBlock/n4240
                        32                    0.16      u4DmacChannel/uDmacChRegBlock/U2309/Y
u4DmacChannel/uDmacChRegBlock/n4241
                        32                    0.16      u4DmacChannel/uDmacChRegBlock/U2308/Y
u4DmacChannel/uDmacChRegBlock/n4242
                        32                    0.15      u4DmacChannel/uDmacChRegBlock/U2307/Y
u4DmacChannel/uDmacChRegBlock/n4243
                        32                    0.15      u4DmacChannel/uDmacChRegBlock/U2313/Y
u4DmacChannel/uDmacChRegBlock/n4244
                        32                    0.14      u4DmacChannel/uDmacChRegBlock/U2311/Y
u4DmacChannel/uDmacChRegBlock/n4314
                        21                    0.10      u4DmacChannel/uDmacChRegBlock/U2472/Y
u4DmacChannel/uDmacChRegBlock/n4315
                        21                    0.10      u4DmacChannel/uDmacChRegBlock/U2464/Y
u4DmacChannel/uDmacChRegBlock/n4317
                        20                    0.09      u4DmacChannel/uDmacChRegBlock/U2378/Y
u4DmacChannel/uDmacChRegBlock/n4318
                        21                    0.09      u4DmacChannel/uDmacChRegBlock/U2456/Y
u4DmacChannel/uDmacChRegBlock/n4448
                        22                    0.10      u4DmacChannel/uDmacChRegBlock/U2869/Y
u4DmacChannel/uDmacChRegBlock/n4509
                        31                    0.15      u4DmacChannel/uDmacChRegBlock/U2662/Y
u4DmacChannel/uDmacChRegBlock/n4510
                        31                    0.15      u4DmacChannel/uDmacChRegBlock/U2661/Y
u4DmacChannel/uDmacChRegBlock/n4512
                        31                    0.14      u4DmacChannel/uDmacChRegBlock/U2658/Y
u4DmacChannel/uDmacChRegBlock/n4513
                        31                    0.13      u4DmacChannel/uDmacChRegBlock/U2656/Y
u4DmacChannel/uDmacChRegBlock/n4515
                        30                    0.11      u4DmacChannel/uDmacChRegBlock/U2895/Y
u4DmacChannel/uDmacChRegBlock/n4594
                        18                    0.08      u4DmacChannel/uDmacChRegBlock/U2880/Y
u4DmacChannel/uDmacChRegBlock/n4641
                        20                    0.10      u4DmacChannel/uDmacChRegBlock/U2879/Y
u4DmacChannel/uDmacChPckUnpck/n2328
                        32                    0.15      u4DmacChannel/uDmacChPckUnpck/U1157/Y
u4DmacChannel/uDmacChPckUnpck/n2331
                        32                    0.13      u4DmacChannel/uDmacChPckUnpck/U1156/Y
u4DmacChannel/uDmacChPckUnpck/n2399
                        32                    0.15      u4DmacChannel/uDmacChPckUnpck/U1285/Y
u4DmacChannel/uDmacChPckUnpck/n2401
                        32                    0.13      u4DmacChannel/uDmacChPckUnpck/U1274/Y
u4DmacChannel/uDmacChPckUnpck/n2619
                        64                    0.25      u4DmacChannel/uDmacChPckUnpck/U1580/Y
u4DmacChannel/uDmacChRegFile/n609
                        64                    0.28      u4DmacChannel/uDmacChRegFile/U632/Y
u4DmacChannel/uDmacChRegFile/n738
                        64                    0.27      u4DmacChannel/uDmacChRegFile/U729/Y
u4DmacChannel/uDmacChRegFile/n804
                        64                    0.27      u4DmacChannel/uDmacChRegFile/U794/Y
u4DmacChannel/uDmacChRegFile/n870
                        64                    0.27      u4DmacChannel/uDmacChRegFile/U922/Y
u4DmacChannel/uDmacChRegFile/n935
                        32                    0.15      u4DmacChannel/uDmacChRegFile/U1056/Y
u4DmacChannel/uDmacChRegFile/n936
                        32                    0.15      u4DmacChannel/uDmacChRegFile/U1054/Y
u4DmacChannel/uDmacChRegFile/n938
                        32                    0.15      u4DmacChannel/uDmacChRegFile/U1053/Y
u4DmacChannel/uDmacChRegFile/n939
                        32                    0.14      u4DmacChannel/uDmacChRegFile/U1052/Y
u4DmacChannel/uDmacChReqProc/n2161
                        43                    0.21      u4DmacChannel/uDmacChReqProc/U1121/Y
u4DmacChannel/uDmacChReqProc/n2163
                        39                    0.19      u4DmacChannel/uDmacChReqProc/U1119/Y
u4DmacChannel/uDmacChReqProc/n2166
                        35                    0.16      u4DmacChannel/uDmacChReqProc/U1115/Y
u4DmacChannel/uDmacChReqProc/n2169
                        43                    0.21      u4DmacChannel/uDmacChReqProc/U1358/Y
u4DmacChannel/uDmacChReqProc/n2170
                        39                    0.18      u4DmacChannel/uDmacChReqProc/U1250/Y
u4DmacChannel/uDmacChReqProc/n2172
                        35                    0.16      u4DmacChannel/uDmacChReqProc/U1244/Y
u5DmacChannel/SWidth[0]
                        18                    0.07      u5DmacChannel/uDmacChRegBlock/DMACChControl_reg_18_/Q
u5DmacChannel/SrcSelect
                        31                    0.13      u5DmacChannel/uDmacChRegBlock/DMACChControl_reg_24_/Q
u5DmacChannel/FlowCntl2MSB[2]
                        18                    0.07      u5DmacChannel/uDmacChRegBlock/DMACChConfig_reg_13_/Q
u5DmacChannel/uDmacChRegBlock/n4128
                        32                    0.15      u5DmacChannel/uDmacChRegBlock/U2209/Y
u5DmacChannel/uDmacChRegBlock/n4132
                        32                    0.16      u5DmacChannel/uDmacChRegBlock/U2202/Y
u5DmacChannel/uDmacChRegBlock/n4133
                        32                    0.15      u5DmacChannel/uDmacChRegBlock/U2201/Y
u5DmacChannel/uDmacChRegBlock/n4134
                        32                    0.15      u5DmacChannel/uDmacChRegBlock/U2200/Y
u5DmacChannel/uDmacChRegBlock/n4135
                        32                    0.15      u5DmacChannel/uDmacChRegBlock/U2206/Y
u5DmacChannel/uDmacChRegBlock/n4136
                        32                    0.14      u5DmacChannel/uDmacChRegBlock/U2204/Y
u5DmacChannel/uDmacChRegBlock/n4236
                        33                    0.15      u5DmacChannel/uDmacChRegBlock/U2876/Y
u5DmacChannel/uDmacChRegBlock/n4237
                        32                    0.15      u5DmacChannel/uDmacChRegBlock/U2316/Y
u5DmacChannel/uDmacChRegBlock/n4240
                        32                    0.16      u5DmacChannel/uDmacChRegBlock/U2309/Y
u5DmacChannel/uDmacChRegBlock/n4241
                        32                    0.16      u5DmacChannel/uDmacChRegBlock/U2308/Y
u5DmacChannel/uDmacChRegBlock/n4242
                        32                    0.15      u5DmacChannel/uDmacChRegBlock/U2307/Y
u5DmacChannel/uDmacChRegBlock/n4243
                        32                    0.15      u5DmacChannel/uDmacChRegBlock/U2313/Y
u5DmacChannel/uDmacChRegBlock/n4244
                        32                    0.14      u5DmacChannel/uDmacChRegBlock/U2311/Y
u5DmacChannel/uDmacChRegBlock/n4314
                        21                    0.10      u5DmacChannel/uDmacChRegBlock/U2472/Y
u5DmacChannel/uDmacChRegBlock/n4315
                        21                    0.10      u5DmacChannel/uDmacChRegBlock/U2464/Y
u5DmacChannel/uDmacChRegBlock/n4317
                        20                    0.09      u5DmacChannel/uDmacChRegBlock/U2378/Y
u5DmacChannel/uDmacChRegBlock/n4318
                        21                    0.09      u5DmacChannel/uDmacChRegBlock/U2456/Y
u5DmacChannel/uDmacChRegBlock/n4448
                        22                    0.10      u5DmacChannel/uDmacChRegBlock/U2869/Y
u5DmacChannel/uDmacChRegBlock/n4509
                        31                    0.15      u5DmacChannel/uDmacChRegBlock/U2662/Y
u5DmacChannel/uDmacChRegBlock/n4510
                        31                    0.15      u5DmacChannel/uDmacChRegBlock/U2661/Y
u5DmacChannel/uDmacChRegBlock/n4512
                        31                    0.14      u5DmacChannel/uDmacChRegBlock/U2658/Y
u5DmacChannel/uDmacChRegBlock/n4513
                        31                    0.13      u5DmacChannel/uDmacChRegBlock/U2656/Y
u5DmacChannel/uDmacChRegBlock/n4515
                        30                    0.11      u5DmacChannel/uDmacChRegBlock/U2895/Y
u5DmacChannel/uDmacChRegBlock/n4594
                        18                    0.08      u5DmacChannel/uDmacChRegBlock/U2880/Y
u5DmacChannel/uDmacChRegBlock/n4641
                        20                    0.10      u5DmacChannel/uDmacChRegBlock/U2879/Y
u5DmacChannel/uDmacChPckUnpck/n2328
                        32                    0.15      u5DmacChannel/uDmacChPckUnpck/U1157/Y
u5DmacChannel/uDmacChPckUnpck/n2331
                        32                    0.13      u5DmacChannel/uDmacChPckUnpck/U1156/Y
u5DmacChannel/uDmacChPckUnpck/n2399
                        32                    0.15      u5DmacChannel/uDmacChPckUnpck/U1285/Y
u5DmacChannel/uDmacChPckUnpck/n2401
                        32                    0.13      u5DmacChannel/uDmacChPckUnpck/U1274/Y
u5DmacChannel/uDmacChPckUnpck/n2619
                        64                    0.25      u5DmacChannel/uDmacChPckUnpck/U1580/Y
u5DmacChannel/uDmacChRegFile/n609
                        64                    0.28      u5DmacChannel/uDmacChRegFile/U632/Y
u5DmacChannel/uDmacChRegFile/n738
                        64                    0.27      u5DmacChannel/uDmacChRegFile/U729/Y
u5DmacChannel/uDmacChRegFile/n804
                        64                    0.27      u5DmacChannel/uDmacChRegFile/U794/Y
u5DmacChannel/uDmacChRegFile/n870
                        64                    0.27      u5DmacChannel/uDmacChRegFile/U922/Y
u5DmacChannel/uDmacChRegFile/n935
                        32                    0.15      u5DmacChannel/uDmacChRegFile/U1056/Y
u5DmacChannel/uDmacChRegFile/n936
                        32                    0.15      u5DmacChannel/uDmacChRegFile/U1054/Y
u5DmacChannel/uDmacChRegFile/n938
                        32                    0.15      u5DmacChannel/uDmacChRegFile/U1053/Y
u5DmacChannel/uDmacChRegFile/n939
                        32                    0.14      u5DmacChannel/uDmacChRegFile/U1052/Y
u5DmacChannel/uDmacChReqProc/n2161
                        43                    0.21      u5DmacChannel/uDmacChReqProc/U1121/Y
u5DmacChannel/uDmacChReqProc/n2163
                        39                    0.19      u5DmacChannel/uDmacChReqProc/U1119/Y
u5DmacChannel/uDmacChReqProc/n2166
                        35                    0.16      u5DmacChannel/uDmacChReqProc/U1115/Y
u5DmacChannel/uDmacChReqProc/n2169
                        43                    0.21      u5DmacChannel/uDmacChReqProc/U1358/Y
u5DmacChannel/uDmacChReqProc/n2170
                        39                    0.18      u5DmacChannel/uDmacChReqProc/U1250/Y
u5DmacChannel/uDmacChReqProc/n2172
                        35                    0.16      u5DmacChannel/uDmacChReqProc/U1244/Y
u6DmacChannel/SWidth[0]
                        18                    0.07      u6DmacChannel/uDmacChRegBlock/DMACChControl_reg_18_/Q
u6DmacChannel/SrcSelect
                        31                    0.13      u6DmacChannel/uDmacChRegBlock/DMACChControl_reg_24_/Q
u6DmacChannel/FlowCntl2MSB[2]
                        18                    0.07      u6DmacChannel/uDmacChRegBlock/DMACChConfig_reg_13_/Q
u6DmacChannel/uDmacChRegBlock/n4128
                        32                    0.15      u6DmacChannel/uDmacChRegBlock/U2209/Y
u6DmacChannel/uDmacChRegBlock/n4132
                        32                    0.16      u6DmacChannel/uDmacChRegBlock/U2202/Y
u6DmacChannel/uDmacChRegBlock/n4133
                        32                    0.15      u6DmacChannel/uDmacChRegBlock/U2201/Y
u6DmacChannel/uDmacChRegBlock/n4134
                        32                    0.15      u6DmacChannel/uDmacChRegBlock/U2200/Y
u6DmacChannel/uDmacChRegBlock/n4135
                        32                    0.15      u6DmacChannel/uDmacChRegBlock/U2206/Y
u6DmacChannel/uDmacChRegBlock/n4136
                        32                    0.14      u6DmacChannel/uDmacChRegBlock/U2204/Y
u6DmacChannel/uDmacChRegBlock/n4236
                        33                    0.15      u6DmacChannel/uDmacChRegBlock/U2876/Y
u6DmacChannel/uDmacChRegBlock/n4237
                        32                    0.15      u6DmacChannel/uDmacChRegBlock/U2316/Y
u6DmacChannel/uDmacChRegBlock/n4240
                        32                    0.16      u6DmacChannel/uDmacChRegBlock/U2309/Y
u6DmacChannel/uDmacChRegBlock/n4241
                        32                    0.16      u6DmacChannel/uDmacChRegBlock/U2308/Y
u6DmacChannel/uDmacChRegBlock/n4242
                        32                    0.15      u6DmacChannel/uDmacChRegBlock/U2307/Y
u6DmacChannel/uDmacChRegBlock/n4243
                        32                    0.15      u6DmacChannel/uDmacChRegBlock/U2313/Y
u6DmacChannel/uDmacChRegBlock/n4244
                        32                    0.14      u6DmacChannel/uDmacChRegBlock/U2311/Y
u6DmacChannel/uDmacChRegBlock/n4314
                        21                    0.10      u6DmacChannel/uDmacChRegBlock/U2472/Y
u6DmacChannel/uDmacChRegBlock/n4315
                        21                    0.10      u6DmacChannel/uDmacChRegBlock/U2464/Y
u6DmacChannel/uDmacChRegBlock/n4317
                        20                    0.09      u6DmacChannel/uDmacChRegBlock/U2378/Y
u6DmacChannel/uDmacChRegBlock/n4318
                        21                    0.09      u6DmacChannel/uDmacChRegBlock/U2456/Y
u6DmacChannel/uDmacChRegBlock/n4448
                        22                    0.10      u6DmacChannel/uDmacChRegBlock/U2869/Y
u6DmacChannel/uDmacChRegBlock/n4509
                        31                    0.15      u6DmacChannel/uDmacChRegBlock/U2662/Y
u6DmacChannel/uDmacChRegBlock/n4510
                        31                    0.15      u6DmacChannel/uDmacChRegBlock/U2661/Y
u6DmacChannel/uDmacChRegBlock/n4512
                        31                    0.14      u6DmacChannel/uDmacChRegBlock/U2658/Y
u6DmacChannel/uDmacChRegBlock/n4513
                        31                    0.13      u6DmacChannel/uDmacChRegBlock/U2656/Y
u6DmacChannel/uDmacChRegBlock/n4515
                        30                    0.11      u6DmacChannel/uDmacChRegBlock/U2895/Y
u6DmacChannel/uDmacChRegBlock/n4594
                        18                    0.08      u6DmacChannel/uDmacChRegBlock/U2880/Y
u6DmacChannel/uDmacChRegBlock/n4641
                        20                    0.10      u6DmacChannel/uDmacChRegBlock/U2879/Y
u6DmacChannel/uDmacChPckUnpck/n2328
                        32                    0.15      u6DmacChannel/uDmacChPckUnpck/U1157/Y
u6DmacChannel/uDmacChPckUnpck/n2331
                        32                    0.13      u6DmacChannel/uDmacChPckUnpck/U1156/Y
u6DmacChannel/uDmacChPckUnpck/n2399
                        32                    0.15      u6DmacChannel/uDmacChPckUnpck/U1285/Y
u6DmacChannel/uDmacChPckUnpck/n2401
                        32                    0.13      u6DmacChannel/uDmacChPckUnpck/U1274/Y
u6DmacChannel/uDmacChPckUnpck/n2619
                        64                    0.25      u6DmacChannel/uDmacChPckUnpck/U1580/Y
u6DmacChannel/uDmacChRegFile/n609
                        64                    0.28      u6DmacChannel/uDmacChRegFile/U632/Y
u6DmacChannel/uDmacChRegFile/n738
                        64                    0.27      u6DmacChannel/uDmacChRegFile/U729/Y
u6DmacChannel/uDmacChRegFile/n804
                        64                    0.27      u6DmacChannel/uDmacChRegFile/U794/Y
u6DmacChannel/uDmacChRegFile/n870
                        64                    0.27      u6DmacChannel/uDmacChRegFile/U922/Y
u6DmacChannel/uDmacChRegFile/n935
                        32                    0.15      u6DmacChannel/uDmacChRegFile/U1056/Y
u6DmacChannel/uDmacChRegFile/n936
                        32                    0.15      u6DmacChannel/uDmacChRegFile/U1054/Y
u6DmacChannel/uDmacChRegFile/n938
                        32                    0.15      u6DmacChannel/uDmacChRegFile/U1053/Y
u6DmacChannel/uDmacChRegFile/n939
                        32                    0.14      u6DmacChannel/uDmacChRegFile/U1052/Y
u6DmacChannel/uDmacChReqProc/n2161
                        43                    0.21      u6DmacChannel/uDmacChReqProc/U1121/Y
u6DmacChannel/uDmacChReqProc/n2163
                        39                    0.19      u6DmacChannel/uDmacChReqProc/U1119/Y
u6DmacChannel/uDmacChReqProc/n2166
                        35                    0.16      u6DmacChannel/uDmacChReqProc/U1115/Y
u6DmacChannel/uDmacChReqProc/n2169
                        43                    0.21      u6DmacChannel/uDmacChReqProc/U1358/Y
u6DmacChannel/uDmacChReqProc/n2170
                        39                    0.18      u6DmacChannel/uDmacChReqProc/U1250/Y
u6DmacChannel/uDmacChReqProc/n2172
                        35                    0.16      u6DmacChannel/uDmacChReqProc/U1244/Y
u7DmacChannel/SWidth[0]
                        18                    0.07      u7DmacChannel/uDmacChRegBlock/DMACChControl_reg_18_/Q
u7DmacChannel/SrcSelect
                        31                    0.13      u7DmacChannel/uDmacChRegBlock/DMACChControl_reg_24_/Q
u7DmacChannel/FlowCntl2MSB[2]
                        18                    0.07      u7DmacChannel/uDmacChRegBlock/DMACChConfig_reg_13_/Q
u7DmacChannel/uDmacChRegBlock/n4128
                        32                    0.15      u7DmacChannel/uDmacChRegBlock/U2209/Y
u7DmacChannel/uDmacChRegBlock/n4132
                        32                    0.16      u7DmacChannel/uDmacChRegBlock/U2202/Y
u7DmacChannel/uDmacChRegBlock/n4133
                        32                    0.15      u7DmacChannel/uDmacChRegBlock/U2201/Y
u7DmacChannel/uDmacChRegBlock/n4134
                        32                    0.15      u7DmacChannel/uDmacChRegBlock/U2200/Y
u7DmacChannel/uDmacChRegBlock/n4135
                        32                    0.15      u7DmacChannel/uDmacChRegBlock/U2206/Y
u7DmacChannel/uDmacChRegBlock/n4136
                        32                    0.14      u7DmacChannel/uDmacChRegBlock/U2204/Y
u7DmacChannel/uDmacChRegBlock/n4236
                        33                    0.15      u7DmacChannel/uDmacChRegBlock/U2876/Y
u7DmacChannel/uDmacChRegBlock/n4237
                        32                    0.15      u7DmacChannel/uDmacChRegBlock/U2316/Y
u7DmacChannel/uDmacChRegBlock/n4240
                        32                    0.16      u7DmacChannel/uDmacChRegBlock/U2309/Y
u7DmacChannel/uDmacChRegBlock/n4241
                        32                    0.16      u7DmacChannel/uDmacChRegBlock/U2308/Y
u7DmacChannel/uDmacChRegBlock/n4242
                        32                    0.15      u7DmacChannel/uDmacChRegBlock/U2307/Y
u7DmacChannel/uDmacChRegBlock/n4243
                        32                    0.15      u7DmacChannel/uDmacChRegBlock/U2313/Y
u7DmacChannel/uDmacChRegBlock/n4244
                        32                    0.14      u7DmacChannel/uDmacChRegBlock/U2311/Y
u7DmacChannel/uDmacChRegBlock/n4314
                        21                    0.10      u7DmacChannel/uDmacChRegBlock/U2472/Y
u7DmacChannel/uDmacChRegBlock/n4315
                        21                    0.10      u7DmacChannel/uDmacChRegBlock/U2464/Y
u7DmacChannel/uDmacChRegBlock/n4317
                        20                    0.09      u7DmacChannel/uDmacChRegBlock/U2378/Y
u7DmacChannel/uDmacChRegBlock/n4318
                        21                    0.09      u7DmacChannel/uDmacChRegBlock/U2456/Y
u7DmacChannel/uDmacChRegBlock/n4448
                        22                    0.10      u7DmacChannel/uDmacChRegBlock/U2869/Y
u7DmacChannel/uDmacChRegBlock/n4509
                        31                    0.15      u7DmacChannel/uDmacChRegBlock/U2662/Y
u7DmacChannel/uDmacChRegBlock/n4510
                        31                    0.15      u7DmacChannel/uDmacChRegBlock/U2661/Y
u7DmacChannel/uDmacChRegBlock/n4512
                        31                    0.14      u7DmacChannel/uDmacChRegBlock/U2658/Y
u7DmacChannel/uDmacChRegBlock/n4513
                        31                    0.13      u7DmacChannel/uDmacChRegBlock/U2656/Y
u7DmacChannel/uDmacChRegBlock/n4515
                        30                    0.11      u7DmacChannel/uDmacChRegBlock/U2895/Y
u7DmacChannel/uDmacChRegBlock/n4594
                        18                    0.08      u7DmacChannel/uDmacChRegBlock/U2880/Y
u7DmacChannel/uDmacChRegBlock/n4641
                        20                    0.10      u7DmacChannel/uDmacChRegBlock/U2879/Y
u7DmacChannel/uDmacChPckUnpck/n2328
                        32                    0.15      u7DmacChannel/uDmacChPckUnpck/U1157/Y
u7DmacChannel/uDmacChPckUnpck/n2331
                        32                    0.13      u7DmacChannel/uDmacChPckUnpck/U1156/Y
u7DmacChannel/uDmacChPckUnpck/n2399
                        32                    0.15      u7DmacChannel/uDmacChPckUnpck/U1285/Y
u7DmacChannel/uDmacChPckUnpck/n2401
                        32                    0.13      u7DmacChannel/uDmacChPckUnpck/U1274/Y
u7DmacChannel/uDmacChPckUnpck/n2619
                        64                    0.25      u7DmacChannel/uDmacChPckUnpck/U1580/Y
u7DmacChannel/uDmacChRegFile/n609
                        64                    0.28      u7DmacChannel/uDmacChRegFile/U632/Y
u7DmacChannel/uDmacChRegFile/n738
                        64                    0.27      u7DmacChannel/uDmacChRegFile/U729/Y
u7DmacChannel/uDmacChRegFile/n804
                        64                    0.27      u7DmacChannel/uDmacChRegFile/U794/Y
u7DmacChannel/uDmacChRegFile/n870
                        64                    0.27      u7DmacChannel/uDmacChRegFile/U922/Y
u7DmacChannel/uDmacChRegFile/n935
                        32                    0.15      u7DmacChannel/uDmacChRegFile/U1056/Y
u7DmacChannel/uDmacChRegFile/n936
                        32                    0.15      u7DmacChannel/uDmacChRegFile/U1054/Y
u7DmacChannel/uDmacChRegFile/n938
                        32                    0.15      u7DmacChannel/uDmacChRegFile/U1053/Y
u7DmacChannel/uDmacChRegFile/n939
                        32                    0.14      u7DmacChannel/uDmacChRegFile/U1052/Y
u7DmacChannel/uDmacChReqProc/n2161
                        43                    0.21      u7DmacChannel/uDmacChReqProc/U1121/Y
u7DmacChannel/uDmacChReqProc/n2163
                        39                    0.19      u7DmacChannel/uDmacChReqProc/U1119/Y
u7DmacChannel/uDmacChReqProc/n2166
                        35                    0.16      u7DmacChannel/uDmacChReqProc/U1115/Y
u7DmacChannel/uDmacChReqProc/n2169
                        43                    0.21      u7DmacChannel/uDmacChReqProc/U1358/Y
u7DmacChannel/uDmacChReqProc/n2170
                        39                    0.18      u7DmacChannel/uDmacChReqProc/U1250/Y
u7DmacChannel/uDmacChReqProc/n2172
                        35                    0.16      u7DmacChannel/uDmacChReqProc/U1244/Y
uDmacRspRoute/n510      34                    0.16      uDmacRspRoute/U346/Y
1
