Information: Updating design information... (UID-85)
 
****************************************
Report : qor
Design : DmacFifo
Version: V-2004.06
Date   : Mon Jul  3 17:06:38 2006
****************************************


  Timing Path Group (none)
  -----------------------------------
  Levels of Logic:               8.00
  Critical Path Length:          3.80
  Critical Path Slack:         uninit
  Total Negative Slack:          0.00
  No. of Violating Paths:        0.00
  -----------------------------------


  Cell Count
  -----------------------------------
  Hierarchial Cell Count:           0
  Hierarchial Port Count:           0
  Leaf Cell Count:               1594
  -----------------------------------


  Area
  -----------------------------------
  Combinational Area:    21082.751953
  Noncombinational Area: 34488.214844
  Net Area:                  0.000000
  -----------------------------------
  Cell Area:             55570.839844
  Design Area:           55570.839844


  Design Rules
  -----------------------------------
  Total Number of Nets:          1639
  Nets With Violations:             0
  -----------------------------------


  Hostname: smt-sdi

  Compile CPU Statistics
  -----------------------------------
  Resource Sharing:              0.00
  Logic Optimization:            0.10
  Mapping Optimization:          0.30
  -----------------------------------
  Overall Compile Time:          3.21

1
