 
****************************************
Report : timing
        -path full
        -delay min
        -nworst 10
        -input_pins
        -nets
        -max_paths 10
        -transition_time
        -capacitance
Design : DmacFifo
Version: V-2004.06
Date   : Mon Jul  3 17:06:38 2006
****************************************

Operating Conditions: slow   Library: slow
Wire Load Model Mode: top

  Startpoint: DstAddr[1] (input port)
  Endpoint: DataMask[3]
            (output port)
  Path Group: (none)
  Path Type: min

  Point                        Fanout       Cap     Trans      Incr       Path
  -------------------------------------------------------------------------------
  input external delay                                         0.00       0.00 r
  DstAddr[1] (in)                                    0.00      0.00       0.00 r
  DstAddr[1] (net)               5         0.02                0.00       0.00 r
  U3216/A0 (AOI221X1)                                0.00      0.00       0.00 r
  U3216/Y (AOI221X1)                                 0.14      0.08       0.08 f
  n4390 (net)                    1         0.00                0.00       0.08 f
  U3215/B0 (OAI22X1)                                 0.14      0.00       0.08 f
  U3215/Y (OAI22X1)                                  0.15      0.16       0.24 r
  DataMask[3] (net)              1         0.00                0.00       0.24 r
  DataMask[3] (out)                                  0.15      0.00       0.24 r
  data arrival time                                                       0.24
  -------------------------------------------------------------------------------
  (Path is unconstrained)


  Startpoint: DstAddr[0] (input port)
  Endpoint: DataMask[3]
            (output port)
  Path Group: (none)
  Path Type: min

  Point                        Fanout       Cap     Trans      Incr       Path
  -------------------------------------------------------------------------------
  input external delay                                         0.00       0.00 r
  DstAddr[0] (in)                                    0.00      0.00       0.00 r
  DstAddr[0] (net)               9         0.04                0.00       0.00 r
  U3216/B0 (AOI221X1)                                0.00      0.00       0.00 r
  U3216/Y (AOI221X1)                                 0.14      0.09       0.09 f
  n4390 (net)                    1         0.00                0.00       0.09 f
  U3215/B0 (OAI22X1)                                 0.14      0.00       0.09 f
  U3215/Y (OAI22X1)                                  0.15      0.16       0.25 r
  DataMask[3] (net)              1         0.00                0.00       0.25 r
  DataMask[3] (out)                                  0.15      0.00       0.25 r
  data arrival time                                                       0.25
  -------------------------------------------------------------------------------
  (Path is unconstrained)


  Startpoint: DstWidth[1]
              (input port)
  Endpoint: DataMask[0]
            (output port)
  Path Group: (none)
  Path Type: min

  Point                        Fanout       Cap     Trans      Incr       Path
  -------------------------------------------------------------------------------
  input external delay                                         0.00       0.00 r
  DstWidth[1] (in)                                   0.00      0.00       0.00 r
  DstWidth[1] (net)              6         0.02                0.00       0.00 r
  U3244/B (NOR2X1)                                   0.00      0.00       0.00 r
  U3244/Y (NOR2X1)                                   0.11      0.08       0.08 f
  n4398 (net)                    3         0.01                0.00       0.08 f
  U3242/A (NAND2X1)                                  0.11      0.00       0.08 f
  U3242/Y (NAND2X1)                                  0.11      0.09       0.17 r
  n4399 (net)                    1         0.00                0.00       0.17 r
  U3237/B (NAND4X1)                                  0.11      0.00       0.17 r
  U3237/Y (NAND4X1)                                  0.09      0.09       0.25 f
  DataMask[0] (net)              1         0.00                0.00       0.25 f
  DataMask[0] (out)                                  0.09      0.00       0.25 f
  data arrival time                                                       0.25
  -------------------------------------------------------------------------------
  (Path is unconstrained)


  Startpoint: DstWidth[1]
              (input port)
  Endpoint: DataOut[8] (output port)
  Path Group: (none)
  Path Type: min

  Point                        Fanout       Cap     Trans      Incr       Path
  -------------------------------------------------------------------------------
  input external delay                                         0.00       0.00 r
  DstWidth[1] (in)                                   0.00      0.00       0.00 r
  DstWidth[1] (net)              6         0.02                0.00       0.00 r
  U3183/B1 (AOI32X1)                                 0.00      0.00       0.00 r
  U3183/Y (AOI32X1)                                  0.14      0.09       0.09 f
  n4205 (net)                    2         0.01                0.00       0.09 f
  U2974/A1 (OAI211X1)                                0.14      0.00       0.09 f
  U2974/Y (OAI211X1)                                 0.11      0.20       0.28 r
  DataOut[8] (net)               1         0.00                0.00       0.28 r
  DataOut[8] (out)                                   0.11      0.00       0.28 r
  data arrival time                                                       0.28
  -------------------------------------------------------------------------------
  (Path is unconstrained)


  Startpoint: DstAddr[1] (input port)
  Endpoint: DataOut[16]
            (output port)
  Path Group: (none)
  Path Type: min

  Point                        Fanout       Cap     Trans      Incr       Path
  -------------------------------------------------------------------------------
  input external delay                                         0.00       0.00 f
  DstAddr[1] (in)                                    0.00      0.00       0.00 f
  DstAddr[1] (net)               5         0.02                0.00       0.00 f
  U3222/A (NAND2X1)                                  0.00      0.00       0.00 f
  U3222/Y (NAND2X1)                                  0.25      0.15       0.15 r
  n3546 (net)                    4         0.02                0.00       0.15 r
  U2024/A1 (OAI221X1)                                0.25      0.00       0.15 r
  U2024/Y (OAI221X1)                                 0.10      0.14       0.29 f
  DataOut[16] (net)              1         0.00                0.00       0.29 f
  DataOut[16] (out)                                  0.10      0.00       0.29 f
  data arrival time                                                       0.29
  -------------------------------------------------------------------------------
  (Path is unconstrained)


  Startpoint: DstAddr[1] (input port)
  Endpoint: DataOut[16]
            (output port)
  Path Group: (none)
  Path Type: min

  Point                        Fanout       Cap     Trans      Incr       Path
  -------------------------------------------------------------------------------
  input external delay                                         0.00       0.00 r
  DstAddr[1] (in)                                    0.00      0.00       0.00 r
  DstAddr[1] (net)               5         0.02                0.00       0.00 r
  U3222/A (NAND2X1)                                  0.00      0.00       0.00 r
  U3222/Y (NAND2X1)                                  0.17      0.11       0.11 f
  n3546 (net)                    4         0.02                0.00       0.11 f
  U2024/A1 (OAI221X1)                                0.17      0.00       0.11 f
  U2024/Y (OAI221X1)                                 0.15      0.18       0.29 r
  DataOut[16] (net)              1         0.00                0.00       0.29 r
  DataOut[16] (out)                                  0.15      0.00       0.29 r
  data arrival time                                                       0.29
  -------------------------------------------------------------------------------
  (Path is unconstrained)


  Startpoint: DstWidth[1]
              (input port)
  Endpoint: DataMask[2]
            (output port)
  Path Group: (none)
  Path Type: min

  Point                        Fanout       Cap     Trans      Incr       Path
  -------------------------------------------------------------------------------
  input external delay                                         0.00       0.00 f
  DstWidth[1] (in)                                   0.00      0.00       0.00 f
  DstWidth[1] (net)              6         0.02                0.00       0.00 f
  U3234/C (NAND3X1)                                  0.00      0.00       0.00 f
  U3234/Y (NAND3X1)                                  0.25      0.18       0.18 r
  n4153 (net)                    4         0.02                0.00       0.18 r
  U3219/B1 (OAI22X1)                                 0.25      0.00       0.18 r
  U3219/Y (OAI22X1)                                  0.07      0.12       0.30 f
  DataMask[2] (net)              1         0.00                0.00       0.30 f
  DataMask[2] (out)                                  0.07      0.00       0.30 f
  data arrival time                                                       0.30
  -------------------------------------------------------------------------------
  (Path is unconstrained)


  Startpoint: DstWidth[1]
              (input port)
  Endpoint: DataMask[3]
            (output port)
  Path Group: (none)
  Path Type: min

  Point                        Fanout       Cap     Trans      Incr       Path
  -------------------------------------------------------------------------------
  input external delay                                         0.00       0.00 f
  DstWidth[1] (in)                                   0.00      0.00       0.00 f
  DstWidth[1] (net)              6         0.02                0.00       0.00 f
  U3234/C (NAND3X1)                                  0.00      0.00       0.00 f
  U3234/Y (NAND3X1)                                  0.25      0.18       0.18 r
  n4153 (net)                    4         0.02                0.00       0.18 r
  U3215/B1 (OAI22X1)                                 0.25      0.00       0.18 r
  U3215/Y (OAI22X1)                                  0.08      0.12       0.30 f
  DataMask[3] (net)              1         0.00                0.00       0.30 f
  DataMask[3] (out)                                  0.08      0.00       0.30 f
  data arrival time                                                       0.30
  -------------------------------------------------------------------------------
  (Path is unconstrained)


  Startpoint: DstAddr[0] (input port)
  Endpoint: DataOut[16]
            (output port)
  Path Group: (none)
  Path Type: min

  Point                        Fanout       Cap     Trans      Incr       Path
  -------------------------------------------------------------------------------
  input external delay                                         0.00       0.00 f
  DstAddr[0] (in)                                    0.00      0.00       0.00 f
  DstAddr[0] (net)               9         0.04                0.00       0.00 f
  U3218/A (NAND2X1)                                  0.00      0.00       0.00 f
  U3218/Y (NAND2X1)                                  0.30      0.18       0.18 r
  n3547 (net)                    5         0.02                0.00       0.18 r
  U2024/B0 (OAI221X1)                                0.30      0.00       0.18 r
  U2024/Y (OAI221X1)                                 0.10      0.13       0.31 f
  DataOut[16] (net)              1         0.00                0.00       0.31 f
  DataOut[16] (out)                                  0.10      0.00       0.31 f
  data arrival time                                                       0.31
  -------------------------------------------------------------------------------
  (Path is unconstrained)


  Startpoint: DstAddr[0] (input port)
  Endpoint: DataMask[1]
            (output port)
  Path Group: (none)
  Path Type: min

  Point                        Fanout       Cap     Trans      Incr       Path
  -------------------------------------------------------------------------------
  input external delay                                         0.00       0.00 f
  DstAddr[0] (in)                                    0.00      0.00       0.00 f
  DstAddr[0] (net)               9         0.04                0.00       0.00 f
  U3229/A1 (AOI21X1)                                 0.00      0.00       0.00 f
  U3229/Y (AOI21X1)                                  0.17      0.16       0.16 r
  n4396 (net)                    1         0.00                0.00       0.16 r
  U3227/B0 (OAI222X1)                                0.17      0.00       0.16 r
  U3227/Y (OAI222X1)                                 0.13      0.16       0.32 f
  DataMask[1] (net)              1         0.00                0.00       0.32 f
  DataMask[1] (out)                                  0.13      0.00       0.32 f
  data arrival time                                                       0.32
  -------------------------------------------------------------------------------
  (Path is unconstrained)


1
