Information: Derived library resistance unit is 1.000000 Kohm (Time unit is 1 ns, and Capacitance unit is 1.000000 pF). (DES-028)
Error: Cannot find net 'U3_cpu/U1_datapath/SYNOPSYS_UNCONNECTED__3' in design 'rc8051RtlTop' (DES-002)
Error: Cannot find net 'U3_cpu/U1_datapath/SYNOPSYS_UNCONNECTED__0' in design 'rc8051RtlTop' (DES-002)
Error: Cannot find net 'U3_cpu/U1_datapath/SYNOPSYS_UNCONNECTED__1' in design 'rc8051RtlTop' (DES-002)
Error: Cannot find net 'U3_cpu/U1_datapath/SYNOPSYS_UNCONNECTED__2' in design 'rc8051RtlTop' (DES-002)

****************************************
Report : read_parasitics /user/cklee/PRJ/8051_018/ToFE/0701/rc8051RtlTop.spf
Design : rc8051RtlTop
Version: V-2004.06-SP1-2
Date   : Mon Jul  4 10:18:22 2005
****************************************

        4 error(s)
        Format is DSPF
        Annotated nets                   :         5919
        Annotated capacitances           :        57447
        Annotated resistances            :        51528

Warning: Unconnected hierarchy pin 'U3_cpu/p0_out[7]' is missing in the RC annotation for net 'U3_cpu/p0_out[7]'. (PARA-007)
Warning: Unconnected hierarchy pin 'U3_cpu/p0_out[6]' is missing in the RC annotation for net 'U3_cpu/p0_out[6]'. (PARA-007)
Warning: Unconnected hierarchy pin 'U3_cpu/p0_out[5]' is missing in the RC annotation for net 'U3_cpu/p0_out[5]'. (PARA-007)
Warning: Unconnected hierarchy pin 'U3_cpu/p0_out[4]' is missing in the RC annotation for net 'U3_cpu/p0_out[4]'. (PARA-007)
Warning: Unconnected hierarchy pin 'U3_cpu/p0_out[3]' is missing in the RC annotation for net 'U3_cpu/p0_out[3]'. (PARA-007)
Warning: Unconnected hierarchy pin 'U3_cpu/p0_out[2]' is missing in the RC annotation for net 'U3_cpu/p0_out[2]'. (PARA-007)
Warning: Unconnected hierarchy pin 'U3_cpu/p0_out[1]' is missing in the RC annotation for net 'U3_cpu/p0_out[1]'. (PARA-007)
Warning: Unconnected hierarchy pin 'U3_cpu/p0_out[0]' is missing in the RC annotation for net 'U3_cpu/p0_out[0]'. (PARA-007)
Warning: Unconnected hierarchy pin 'U3_cpu/p2_out[7]' is missing in the RC annotation for net 'U3_cpu/p2_out[7]'. (PARA-007)
Warning: Unconnected hierarchy pin 'U3_cpu/p2_out[6]' is missing in the RC annotation for net 'U3_cpu/p2_out[6]'. (PARA-007)
Warning: Unconnected hierarchy pin 'U3_cpu/p2_out[5]' is missing in the RC annotation for net 'U3_cpu/p2_out[5]'. (PARA-007)
Warning: Unconnected hierarchy pin 'U3_cpu/p2_out[4]' is missing in the RC annotation for net 'U3_cpu/p2_out[4]'. (PARA-007)
Warning: Unconnected hierarchy pin 'U3_cpu/p2_out[3]' is missing in the RC annotation for net 'U3_cpu/p2_out[3]'. (PARA-007)
Warning: Unconnected hierarchy pin 'U3_cpu/p2_out[2]' is missing in the RC annotation for net 'U3_cpu/p2_out[2]'. (PARA-007)
Warning: Unconnected hierarchy pin 'U3_cpu/p2_out[1]' is missing in the RC annotation for net 'U3_cpu/p2_out[1]'. (PARA-007)
Warning: Unconnected hierarchy pin 'U3_cpu/p2_out[0]' is missing in the RC annotation for net 'U3_cpu/p2_out[0]'. (PARA-007)
Warning: Unconnected hierarchy pin 'U3_cpu/p3_out[7]' is missing in the RC annotation for net 'U3_cpu/p3_out[7]'. (PARA-007)
Warning: Unconnected hierarchy pin 'U3_cpu/p3_out[6]' is missing in the RC annotation for net 'U3_cpu/p3_out[6]'. (PARA-007)
Warning: Unconnected hierarchy pin 'U3_cpu/p3_out[5]' is missing in the RC annotation for net 'U3_cpu/p3_out[5]'. (PARA-007)
Warning: Unconnected hierarchy pin 'U3_cpu/p3_out[4]' is missing in the RC annotation for net 'U3_cpu/p3_out[4]'. (PARA-007)
Warning: Unconnected hierarchy pin 'U3_cpu/p3_out[3]' is missing in the RC annotation for net 'U3_cpu/p3_out[3]'. (PARA-007)
Warning: Unconnected hierarchy pin 'U3_cpu/p3_out[2]' is missing in the RC annotation for net 'U3_cpu/p3_out[2]'. (PARA-007)
Warning: Unconnected hierarchy pin 'U3_cpu/p3_out[1]' is missing in the RC annotation for net 'U3_cpu/p3_out[1]'. (PARA-007)
Warning: Unconnected hierarchy pin 'U3_cpu/p3_out[0]' is missing in the RC annotation for net 'U3_cpu/p3_out[0]'. (PARA-007)
Warning: Unconnected hierarchy pin 'U3_cpu/sel_code_xdat' is missing in the RC annotation for net 'U3_cpu/sel_code_xdat'. (PARA-007)
Warning: Unconnected hierarchy pin 'U3_cpu/U0_con/one_shot_en_int/rst_p' is missing in the RC annotation for net 'rst_p0_2'. (PARA-007)
Warning: Unconnected hierarchy pin 'U3_cpu/U1_datapath/U0_pc/rst_p' is missing in the RC annotation for net 'rst_p0_2'. (PARA-007)
Warning: Unconnected hierarchy pin 'U3_cpu/U1_datapath/U1_sfr/U_port3/rst_p' is missing in the RC annotation for net 'rst_p0_2'. (PARA-007)
Warning: Unconnected hierarchy pin 'U3_cpu/U1_datapath/U1_sfr/U0_sp/rst_p' is missing in the RC annotation for net 'rst_p0_2'. (PARA-007)
Warning: Unconnected hierarchy pin 'U3_cpu/U1_datapath/U1_sfr/one_shot_tf0/rst_p' is missing in the RC annotation for net 'rst_p0_2'. (PARA-007)
Warning: Unconnected hierarchy pin 'U3_cpu/U1_datapath/U1_sfr/U12_u_tc/rst_p' is missing in the RC annotation for net 'rst_p0_2'. (PARA-007)
Warning: Unconnected hierarchy pin 'U3_cpu/U1_datapath/U1_sfr/U_port0/rst_p' is missing in the RC annotation for net 'rst_p0_2'. (PARA-007)
Warning: Unconnected hierarchy pin 'U3_cpu/U1_datapath/U1_sfr/U2_acc/rst_p' is missing in the RC annotation for net 'rst_p0_2'. (PARA-007)
Warning: Unconnected hierarchy pin 'U3_cpu/U1_datapath/U1_sfr/U_port2/rst_p' is missing in the RC annotation for net 'rst_p0_2'. (PARA-007)
Warning: Unconnected hierarchy pin 'U3_cpu/U1_datapath/U1_sfr/U_ip/rst_p' is missing in the RC annotation for net 'rst_p0_2'. (PARA-007)
Warning: Unconnected hierarchy pin 'U3_cpu/U1_datapath/U1_sfr/U_tcon/rst_p' is missing in the RC annotation for net 'rst_p0_2'. (PARA-007)
Warning: Unconnected hierarchy pin 'U3_cpu/U1_datapath/U1_sfr/U1_dptr/rst_p' is missing in the RC annotation for net 'rst_p0_2'. (PARA-007)
Warning: Unconnected hierarchy pin 'U3_cpu/U1_datapath/U1_sfr/U1_dimod/rst_p' is missing in the RC annotation for net 'rst_p0_2'. (PARA-007)
Warning: Unconnected hierarchy pin 'U3_cpu/U1_datapath/U1_sfr/U_ie/rst_p' is missing in the RC annotation for net 'rst_p0_2'. (PARA-007)
Warning: Unconnected hierarchy pin 'U3_cpu/U1_datapath/U1_sfr/U_uart/rst_p' is missing in the RC annotation for net 'rst_p0_2'. (PARA-007)
Warning: Unconnected hierarchy pin 'U3_cpu/U1_datapath/U1_sfr/U_tmod/rst_p' is missing in the RC annotation for net 'rst_p0_2'. (PARA-007)
Warning: Unconnected hierarchy pin 'U3_cpu/U1_datapath/U1_sfr/one_shot_tf1/rst_p' is missing in the RC annotation for net 'rst_p0_2'. (PARA-007)
Warning: Unconnected hierarchy pin 'U3_cpu/U1_datapath/U1_sfr/U_port1/rst_p' is missing in the RC annotation for net 'rst_p0_2'. (PARA-007)
Warning: Unconnected hierarchy pin 'U3_cpu/U1_datapath/U1_sfr/U4_b/rst_p' is missing in the RC annotation for net 'rst_p0_2'. (PARA-007)
Warning: Unconnected hierarchy pin 'U3_cpu/U1_datapath/U1_sfr/U27_int/smpl0/rst_p' is missing in the RC annotation for net 'rst_p0_2'. (PARA-007)
Warning: Unconnected hierarchy pin 'U3_cpu/U1_datapath/U1_sfr/U27_int/smpl1/rst_p' is missing in the RC annotation for net 'rst_p0_2'. (PARA-007)
Warning: Unconnected hierarchy pin 'U3_cpu/U1_datapath/U1_sfr/U27_int/prio/one_shot_reti/rst_p' is missing in the RC annotation for net 'rst_p0_2'. (PARA-007)
Warning: Unconnected hierarchy pin 'U3_cpu/U1_datapath/U3_alu/U8_div/rst_p' is missing in the RC annotation for net 'rst_p0_2'. (PARA-007)

Executing command 'report_annotated_parasitics':
****************************************
Report : annotated_parasitics
	-internal_nets
	-boundary_nets
Design : rc8051RtlTop
Version: V-2004.06-SP1-2
Date   : Mon Jul  4 10:18:23 2005
****************************************

                    |         |         |   RC    |   Not   |
Net Type            |  Total  |  RC pi  | network |Annotated|
--------------------+---------+---------+---------+---------+
Internal nets       |    5912 |       0 |    5837 |      75 |
--------------------+---------+---------+---------+---------+
Boundary/port nets  |      82 |       0 |      82 |       0 |
--------------------+---------+---------+---------+---------+
                    |    5994 |       0 |    5919 |      75 |

1
