Release  - xst I.31
Copyright (c) 1995-2006 Xilinx, Inc.  All rights reserved.
--> Parameter TMPDIR set to ./xst/projnav.tmp
CPU : 0.00 / 0.17 s | Elapsed : 0.00 / 0.00 s
 
--> Parameter xsthdpdir set to ./xst
CPU : 0.00 / 0.17 s | Elapsed : 0.00 / 0.00 s
 
--> Reading design: U51.prj

TABLE OF CONTENTS
  1) Synthesis Options Summary
  2) HDL Compilation
  3) Design Hierarchy Analysis
  4) HDL Analysis
  5) HDL Synthesis
     5.1) HDL Synthesis Report
  6) Advanced HDL Synthesis
     6.1) Advanced HDL Synthesis Report
  7) Low Level Synthesis
  8) Partition Report
  9) Final Report
     9.1) Device utilization summary
     9.2) TIMING REPORT


=========================================================================
*                      Synthesis Options Summary                        *
=========================================================================
---- Source Parameters
Input File Name                    : "U51.prj"
Input Format                       : mixed
Ignore Synthesis Constraint File   : NO

---- Target Parameters
Output File Name                   : "U51"
Output Format                      : NGC
Target Device                      : xc4vlx200-10-ff1513

---- Source Options
Top Module Name                    : U51
Automatic FSM Extraction           : YES
FSM Encoding Algorithm             : Auto
FSM Style                          : lut
RAM Extraction                     : Yes
RAM Style                          : Auto
ROM Extraction                     : Yes
Mux Style                          : Auto
Decoder Extraction                 : YES
Priority Encoder Extraction        : YES
Shift Register Extraction          : YES
Logical Shifter Extraction         : YES
XOR Collapsing                     : YES
ROM Style                          : Auto
Mux Extraction                     : YES
Resource Sharing                   : YES
Automatic Register Balancing       : No

---- Target Options
Add IO Buffers                     : YES
Global Maximum Fanout              : 500
Add Generic Clock Buffer(BUFG)     : 32
Number of Regional Clock Buffers   : 48
Register Duplication               : YES
Slice Packing                      : YES
Pack IO Registers into IOBs        : auto
Equivalent register Removal        : YES

---- General Options
Optimization Goal                  : Speed
Optimization Effort                : 1
Keep Hierarchy                     : NO
RTL Output                         : Yes
Global Optimization                : AllClockNets
Write Timing Constraints           : NO
Hierarchy Separator                : /
Bus Delimiter                      : <>
Case Specifier                     : maintain
Slice Utilization Ratio            : 100
DSP48 Utilization Ratio            : 100
Slice Utilization Ratio Delta      : 5

---- Other Options
lso                                : U51.lso
Read Cores                         : YES
cross_clock_analysis               : NO
verilog2001                        : YES
safe_implementation                : No
use_dsp48                          : auto
Optimize Instantiated Primitives   : NO
use_clock_enable                   : Auto
use_sync_set                       : Auto
use_sync_reset                     : Auto

=========================================================================


=========================================================================
*                          HDL Compilation                              *
=========================================================================
Compiling vhdl file "E:/RTL_COMPLETE/SOURCE_PROJECT/PIN_INTERFACE/FPGA_TO_FPGA/U51/U51.vhd" in Library work.
Entity <u51> compiled.
Entity <u51> (Architecture <behavioral>) compiled.

=========================================================================
*                     Design Hierarchy Analysis                         *
=========================================================================
Analyzing hierarchy for entity <U51> in library <work> (architecture <behavioral>).

Building hierarchy successfully finished.

=========================================================================
*                            HDL Analysis                               *
=========================================================================
Analyzing Entity <U51> in library <work> (Architecture <behavioral>).
Entity <U51> analyzed. Unit <U51> generated.


=========================================================================
*                           HDL Synthesis                               *
=========================================================================

Performing bidirectional port resolution...

Synthesizing Unit <U51>.
    Related source file is "E:/RTL_COMPLETE/SOURCE_PROJECT/PIN_INTERFACE/FPGA_TO_FPGA/U51/U51.vhd".
WARNING:Xst:647 - Input <PORST> is never used.
    Found 447-bit register for signal <FPGA_BUF>.
INFO:Xst:738 - HDL ADVISOR - 447 flip-flops were inferred for signal <FPGA_BUF>. You may be trying to describe a RAM in a way that is incompatible with block and distributed RAM resources available on Xilinx devices, or with a specific template that is not supported. Please review the Xilinx resources documentation and the XST user manual for coding guidelines. Taking advantage of RAM resources will lead to improved device usage and reduced synthesis time.
    Summary:
	inferred 447 D-type flip-flop(s).
Unit <U51> synthesized.


=========================================================================
HDL Synthesis Report

Macro Statistics
# Registers                                            : 447
 1-bit register                                        : 447

=========================================================================

=========================================================================
*                       Advanced HDL Synthesis                          *
=========================================================================

Loading device for application Rf_Device from file '4vlx200.nph' in environment D:\Xilinx.

=========================================================================
Advanced HDL Synthesis Report

Macro Statistics
# Registers                                            : 447
 Flip-Flops                                            : 447

=========================================================================

=========================================================================
*                         Low Level Synthesis                           *
=========================================================================

Optimizing unit <U51> ...

Mapping all equations...
Building and optimizing final netlist ...
Found area constraint ratio of 100 (+ 5) on block U51, actual ratio is 0.
FlipFlop FPGA_BUF_0 has been replicated 1 time(s) to handle iob=true attribute.

Final Macro Processing ...

=========================================================================
Final Register Report

Macro Statistics
# Registers                                            : 448
 Flip-Flops                                            : 448

=========================================================================

=========================================================================
*                          Partition Report                             *
=========================================================================

Partition Implementation Status
-------------------------------

  No Partitions were found in this design.

-------------------------------

=========================================================================
*                            Final Report                               *
=========================================================================
Final Results
RTL Top Level Output File Name     : U51.ngr
Top Level Output File Name         : U51
Output Format                      : NGC
Optimization Goal                  : Speed
Keep Hierarchy                     : NO

Design Statistics
# IOs                              : 451

Cell Usage :
# BELS                             : 2
#      GND                         : 1
#      INV                         : 1
# FlipFlops/Latches                : 448
#      FDCE                        : 446
#      FDPE                        : 2
# Clock Buffers                    : 1
#      BUFGP                       : 1
# IO Buffers                       : 449
#      IBUF                        : 2
#      OBUF                        : 447
=========================================================================

Device utilization summary:
---------------------------

Selected Device : 4vlx200ff1513-10 

 Number of Slices:                     257  out of  89088     0%  
 Number of Slice Flip Flops:           447  out of  178176     0%  
 Number of 4 input LUTs:                 1  out of  178176     0%  
 Number of IOs:                        451
 Number of bonded IOBs:                450  out of    960    46%  
    IOB Flip Flops:                      1
 Number of GCLKs:                        1  out of     32     3%  


=========================================================================
TIMING REPORT

NOTE: THESE TIMING NUMBERS ARE ONLY A SYNTHESIS ESTIMATE.
      FOR ACCURATE TIMING INFORMATION PLEASE REFER TO THE TRACE REPORT
      GENERATED AFTER PLACE-and-ROUTE.

Clock Information:
------------------
-----------------------------------+------------------------+-------+
Clock Signal                       | Clock buffer(FF name)  | Load  |
-----------------------------------+------------------------+-------+
CLK                                | BUFGP                  | 448   |
-----------------------------------+------------------------+-------+

Asynchronous Control Signals Information:
----------------------------------------
-----------------------------------+------------------------+-------+
Control Signal                     | Buffer(FF name)        | Load  |
-----------------------------------+------------------------+-------+
nRST_inv(nRST_inv1_INV_0:O)        | NONE(FPGA_BUF_22)      | 448   |
-----------------------------------+------------------------+-------+

Timing Summary:
---------------
Speed Grade: -10

   Minimum period: 1.303ns (Maximum Frequency: 767.460MHz)
   Minimum input arrival time before clock: 4.689ns
   Maximum output required time after clock: 4.869ns
   Maximum combinational path delay: No path found

Timing Detail:
--------------
All values displayed in nanoseconds (ns)

=========================================================================
Timing constraint: Default period analysis for Clock 'CLK'
  Clock period: 1.303ns (frequency: 767.460MHz)
  Total number of paths / destination ports: 446 / 446
-------------------------------------------------------------------------
Delay:               1.303ns (Levels of Logic = 0)
  Source:            FPGA_BUF_1 (FF)
  Destination:       FPGA_BUF_2 (FF)
  Source Clock:      CLK rising
  Destination Clock: CLK rising

  Data Path: FPGA_BUF_1 to FPGA_BUF_2
                                Gate     Net
    Cell:in->out      fanout   Delay   Delay  Logical Name (Net Name)
    ----------------------------------------  ------------
     FDCE:C->Q             2   0.360   0.552  FPGA_BUF_1 (FPGA_BUF_1)
     FDCE:D                    0.391          FPGA_BUF_2
    ----------------------------------------
    Total                      1.303ns (0.751ns logic, 0.552ns route)
                                       (57.6% logic, 42.4% route)

=========================================================================
Timing constraint: Default OFFSET IN BEFORE for Clock 'CLK'
  Total number of paths / destination ports: 448 / 448
-------------------------------------------------------------------------
Offset:              4.689ns (Levels of Logic = 1)
  Source:            FPGA_EN (PAD)
  Destination:       FPGA_BUF_0 (FF)
  Destination Clock: CLK rising

  Data Path: FPGA_EN to FPGA_BUF_0
                                Gate     Net
    Cell:in->out      fanout   Delay   Delay  Logical Name (Net Name)
    ----------------------------------------  ------------
     IBUF:I->O           448   0.965   2.981  FPGA_EN_IBUF (FPGA_EN_IBUF)
     FDCE:CE                   0.743          FPGA_BUF_103
    ----------------------------------------
    Total                      4.689ns (1.708ns logic, 2.981ns route)
                                       (36.4% logic, 63.6% route)

=========================================================================
Timing constraint: Default OFFSET OUT AFTER for Clock 'CLK'
  Total number of paths / destination ports: 447 / 447
-------------------------------------------------------------------------
Offset:              4.869ns (Levels of Logic = 1)
  Source:            FPGA_BUF_445 (FF)
  Destination:       FPGA_CON<445> (PAD)
  Source Clock:      CLK rising

  Data Path: FPGA_BUF_445 to FPGA_CON<445>
                                Gate     Net
    Cell:in->out      fanout   Delay   Delay  Logical Name (Net Name)
    ----------------------------------------  ------------
     FDCE:C->Q             2   0.360   0.552  FPGA_BUF_445 (FPGA_BUF_445)
     OBUF:I->O                 3.957          FPGA_CON_445_OBUF (FPGA_CON<445>)
    ----------------------------------------
    Total                      4.869ns (4.317ns logic, 0.552ns route)
                                       (88.7% logic, 11.3% route)

=========================================================================
CPU : 13.16 / 13.36 s | Elapsed : 14.00 / 14.00 s
 
--> 

Total memory usage is 416584 kilobytes

Number of errors   :    0 (   0 filtered)
Number of warnings :    1 (   0 filtered)
Number of infos    :    1 (   0 filtered)

