$ START_CHANGES_FILE

$ Synopsys, Inc.
$ Version:  V-2004.06
$ Date:  Thu Mar  9 17:39:48 2006
$ Design:  WatchDog

# Report on the changes made during optimization.

$ END_CHANGES_FILE

$ START_CHANGES_FILE

$ Synopsys, Inc.
$ Version:  V-2004.06
$ Date:  Thu Mar  9 17:39:51 2006
$ Design:  WatchDog

# Report on the changes made during optimization.

$ END_CHANGES_FILE

$ START_CHANGES_FILE

$ Synopsys, Inc.
$ Version:  V-2004.06
$ Date:  Thu Mar  9 17:47:07 2006
$ Design:  DTSDI002

# Report on the changes made during optimization.

$ END_CHANGES_FILE

$ START_CHANGES_FILE

$ Synopsys, Inc.
$ Version:  V-2004.06
$ Date:  Thu Mar  9 22:15:36 2006
$ Design:  DTSDI002

# Report on the changes made during optimization.

$ END_CHANGES_FILE

$ START_CHANGES_FILE

$ Synopsys, Inc.
$ Version:  V-2004.06
$ Date:  Thu Mar  9 22:17:40 2006
$ Design:  DTSDI002

# Report on the changes made during optimization.

$ END_CHANGES_FILE

$ START_CHANGES_FILE

$ Synopsys, Inc.
$ Version:  V-2004.06
$ Date:  Fri Mar 10 12:34:58 2006
$ Design:  DTSDI002

# Report on the changes made during optimization.

$ END_CHANGES_FILE

$ START_CHANGES_FILE

$ Synopsys, Inc.
$ Version:  V-2004.06
$ Date:  Fri Mar 10 13:00:05 2006
$ Design:  DTSDI002

# Report on the changes made during optimization.

$ END_CHANGES_FILE

$ START_CHANGES_FILE

$ Synopsys, Inc.
$ Version:  V-2004.06
$ Date:  Fri Mar 10 13:02:12 2006
$ Design:  DTSDI002

# Report on the changes made during optimization.

$ END_CHANGES_FILE

$ START_CHANGES_FILE

$ Synopsys, Inc.
$ Version:  V-2004.06
$ Date:  Fri Mar 10 13:53:17 2006
$ Design:  DTSDI002

# Report on the changes made during optimization.

$ END_CHANGES_FILE

$ START_CHANGES_FILE

$ Synopsys, Inc.
$ Version:  V-2004.06
$ Date:  Fri Mar 10 13:55:21 2006
$ Design:  DTSDI002

# Report on the changes made during optimization.

$ END_CHANGES_FILE

$ START_CHANGES_FILE

$ Synopsys, Inc.
$ Version:  V-2004.06
$ Date:  Fri Mar 10 14:17:11 2006
$ Design:  DTSDI002

# Report on the changes made during optimization.

$ END_CHANGES_FILE

$ START_CHANGES_FILE

$ Synopsys, Inc.
$ Version:  V-2004.06
$ Date:  Fri Mar 10 14:19:17 2006
$ Design:  DTSDI002

# Report on the changes made during optimization.

$ END_CHANGES_FILE

$ START_CHANGES_FILE

$ Synopsys, Inc.
$ Version:  V-2004.06
$ Date:  Fri Mar 10 14:29:11 2006
$ Design:  DTSDI002

# Report on the changes made during optimization.

$ END_CHANGES_FILE

$ START_CHANGES_FILE

$ Synopsys, Inc.
$ Version:  V-2004.06
$ Date:  Fri Mar 10 20:04:34 2006
$ Design:  DTSDI002

# Report on the changes made during optimization.

$ END_CHANGES_FILE

$ START_CHANGES_FILE

$ Synopsys, Inc.
$ Version:  V-2004.06
$ Date:  Fri Mar 10 20:06:40 2006
$ Design:  DTSDI002

# Report on the changes made during optimization.

$ END_CHANGES_FILE

$ START_CHANGES_FILE

$ Synopsys, Inc.
$ Version:  V-2004.06
$ Date:  Fri Mar 10 20:51:31 2006
$ Design:  DTSDI002

# Report on the changes made during optimization.

$ END_CHANGES_FILE

$ START_CHANGES_FILE

$ Synopsys, Inc.
$ Version:  V-2004.06
$ Date:  Fri Mar 10 21:04:48 2006
$ Design:  DTSDI002

# Report on the changes made during optimization.

$ END_CHANGES_FILE

$ START_CHANGES_FILE

$ Synopsys, Inc.
$ Version:  V-2004.06
$ Date:  Sat Mar 11 16:32:50 2006
$ Design:  DTSDI002

# Report on the changes made during optimization.

$ END_CHANGES_FILE

$ START_CHANGES_FILE

$ Synopsys, Inc.
$ Version:  V-2004.06
$ Date:  Sat Mar 11 16:34:51 2006
$ Design:  DTSDI002

# Report on the changes made during optimization.

$ END_CHANGES_FILE

$ START_CHANGES_FILE

$ Synopsys, Inc.
$ Version:  V-2004.06
$ Date:  Sat Mar 11 16:57:57 2006
$ Design:  DTSDI002

# Report on the changes made during optimization.

$ END_CHANGES_FILE

$ START_CHANGES_FILE

$ Synopsys, Inc.
$ Version:  V-2004.06
$ Date:  Sat Mar 11 17:00:16 2006
$ Design:  DTSDI002

# Report on the changes made during optimization.

$ END_CHANGES_FILE

$ START_CHANGES_FILE

$ Synopsys, Inc.
$ Version:  V-2004.06
$ Date:  Sun Mar 12 19:01:09 2006
$ Design:  DTSDI002

# Report on the changes made during optimization.

$ END_CHANGES_FILE

$ START_CHANGES_FILE

$ Synopsys, Inc.
$ Version:  V-2004.06
$ Date:  Sun Mar 12 19:03:54 2006
$ Design:  DTSDI002

# Report on the changes made during optimization.

$ END_CHANGES_FILE

$ START_CHANGES_FILE

$ Synopsys, Inc.
$ Version:  V-2004.06
$ Date:  Mon Mar 13 09:19:36 2006
$ Design:  DTSDI002

# Report on the changes made during optimization.

$ END_CHANGES_FILE

$ START_CHANGES_FILE

$ Synopsys, Inc.
$ Version:  V-2004.06
$ Date:  Mon Mar 13 09:35:04 2006
$ Design:  DTSDI002

# Report on the changes made during optimization.

$ END_CHANGES_FILE

$ START_CHANGES_FILE

$ Synopsys, Inc.
$ Version:  V-2004.06
$ Date:  Mon Mar 13 09:37:18 2006
$ Design:  DTSDI002

# Report on the changes made during optimization.

$ END_CHANGES_FILE

$ START_CHANGES_FILE

$ Synopsys, Inc.
$ Version:  V-2004.06
$ Date:  Mon Mar 13 10:00:38 2006
$ Design:  DTSDI002

# Report on the changes made during optimization.

$ END_CHANGES_FILE

$ START_CHANGES_FILE

$ Synopsys, Inc.
$ Version:  V-2004.06
$ Date:  Mon Mar 13 10:02:51 2006
$ Design:  DTSDI002

# Report on the changes made during optimization.

$ END_CHANGES_FILE

$ START_CHANGES_FILE

$ Synopsys, Inc.
$ Version:  V-2004.06
$ Date:  Mon Mar 13 11:00:06 2006
$ Design:  DTSDI002

# Report on the changes made during optimization.

$ END_CHANGES_FILE

$ START_CHANGES_FILE

$ Synopsys, Inc.
$ Version:  V-2004.06
$ Date:  Mon Mar 13 11:02:23 2006
$ Design:  DTSDI002

# Report on the changes made during optimization.

$ END_CHANGES_FILE

$ START_CHANGES_FILE

$ Synopsys, Inc.
$ Version:  V-2004.06
$ Date:  Mon Mar 13 15:30:46 2006
$ Design:  DTSDI002

# Report on the changes made during optimization.

$ END_CHANGES_FILE

$ START_CHANGES_FILE

$ Synopsys, Inc.
$ Version:  V-2004.06
$ Date:  Mon Mar 13 15:33:06 2006
$ Design:  DTSDI002

# Report on the changes made during optimization.

$ END_CHANGES_FILE

$ START_CHANGES_FILE

$ Synopsys, Inc.
$ Version:  V-2004.06
$ Date:  Mon Mar 13 16:51:37 2006
$ Design:  DTSDI002

# Report on the changes made during optimization.

$ END_CHANGES_FILE

$ START_CHANGES_FILE

$ Synopsys, Inc.
$ Version:  V-2004.06
$ Date:  Mon Mar 13 16:54:01 2006
$ Design:  DTSDI002

# Report on the changes made during optimization.

$ END_CHANGES_FILE

$ START_CHANGES_FILE

$ Synopsys, Inc.
$ Version:  V-2004.06
$ Date:  Mon Mar 13 17:31:19 2006
$ Design:  DTSDI002

# Report on the changes made during optimization.

$ END_CHANGES_FILE

$ START_CHANGES_FILE

$ Synopsys, Inc.
$ Version:  V-2004.06
$ Date:  Mon Mar 13 17:33:40 2006
$ Design:  DTSDI002

# Report on the changes made during optimization.

$ END_CHANGES_FILE

$ START_CHANGES_FILE

$ Synopsys, Inc.
$ Version:  V-2004.06
$ Date:  Mon Mar 13 19:11:07 2006
$ Design:  ScanEn

# Report on the changes made during optimization.

$ END_CHANGES_FILE

$ START_CHANGES_FILE

$ Synopsys, Inc.
$ Version:  V-2004.06
$ Date:  Mon Mar 13 19:30:37 2006
$ Design:  DTSDI002

# Report on the changes made during optimization.

$ END_CHANGES_FILE

$ START_CHANGES_FILE

$ Synopsys, Inc.
$ Version:  V-2004.06
$ Date:  Mon Mar 13 19:33:01 2006
$ Design:  DTSDI002

# Report on the changes made during optimization.

$ END_CHANGES_FILE

$ START_CHANGES_FILE

$ Synopsys, Inc.
$ Version:  V-2004.06
$ Date:  Tue Mar 14 16:20:56 2006
$ Design:  DTSDI002

# Report on the changes made during optimization.

$ END_CHANGES_FILE

$ START_CHANGES_FILE

$ Synopsys, Inc.
$ Version:  V-2004.06
$ Date:  Tue Mar 14 16:23:17 2006
$ Design:  DTSDI002

# Report on the changes made during optimization.

$ END_CHANGES_FILE

$ START_CHANGES_FILE

$ Synopsys, Inc.
$ Version:  V-2004.06
$ Date:  Wed Mar 15 16:33:09 2006
$ Design:  DTSDI002

# Report on the changes made during optimization.

$ END_CHANGES_FILE

$ START_CHANGES_FILE

$ Synopsys, Inc.
$ Version:  V-2004.06
$ Date:  Wed Mar 15 16:35:29 2006
$ Design:  DTSDI002

# Report on the changes made during optimization.

$ END_CHANGES_FILE

$ START_CHANGES_FILE

$ Synopsys, Inc.
$ Version:  V-2004.06
$ Date:  Wed Mar 15 18:12:59 2006
$ Design:  DTSDI002

# Report on the changes made during optimization.

$ END_CHANGES_FILE

$ START_CHANGES_FILE

$ Synopsys, Inc.
$ Version:  V-2004.06
$ Date:  Wed Mar 15 18:15:19 2006
$ Design:  DTSDI002

# Report on the changes made during optimization.

$ END_CHANGES_FILE

$ START_CHANGES_FILE

$ Synopsys, Inc.
$ Version:  V-2004.06
$ Date:  Thu Mar 16 11:51:13 2006
$ Design:  DTSDI002

# Report on the changes made during optimization.

$ END_CHANGES_FILE

$ START_CHANGES_FILE

$ Synopsys, Inc.
$ Version:  V-2004.06
$ Date:  Thu Mar 16 11:53:34 2006
$ Design:  DTSDI002

# Report on the changes made during optimization.

$ END_CHANGES_FILE

$ START_CHANGES_FILE

$ Synopsys, Inc.
$ Version:  V-2004.06
$ Date:  Thu Mar 16 13:00:43 2006
$ Design:  DTSDI002

# Report on the changes made during optimization.

$ END_CHANGES_FILE

$ START_CHANGES_FILE

$ Synopsys, Inc.
$ Version:  V-2004.06
$ Date:  Thu Mar 16 13:03:03 2006
$ Design:  DTSDI002

# Report on the changes made during optimization.

$ END_CHANGES_FILE

$ START_CHANGES_FILE

$ Synopsys, Inc.
$ Version:  V-2004.06
$ Date:  Thu Mar 16 20:32:37 2006
$ Design:  DTSDI002

# Report on the changes made during optimization.

$ END_CHANGES_FILE

$ START_CHANGES_FILE

$ Synopsys, Inc.
$ Version:  V-2004.06
$ Date:  Thu Mar 16 20:35:03 2006
$ Design:  DTSDI002

# Report on the changes made during optimization.

$ END_CHANGES_FILE

$ START_CHANGES_FILE

$ Synopsys, Inc.
$ Version:  V-2004.06
$ Date:  Mon Mar 20 14:45:10 2006
$ Design:  WatchDog

# Report on the changes made during optimization.

$ END_CHANGES_FILE

$ START_CHANGES_FILE

$ Synopsys, Inc.
$ Version:  V-2004.06
$ Date:  Mon Mar 20 14:46:35 2006
$ Design:  WatchDog

# Report on the changes made during optimization.

$ END_CHANGES_FILE

$ START_CHANGES_FILE

$ Synopsys, Inc.
$ Version:  V-2004.06
$ Date:  Mon Mar 20 14:49:21 2006
$ Design:  WatchDog

# Report on the changes made during optimization.

$ END_CHANGES_FILE

$ START_CHANGES_FILE

$ Synopsys, Inc.
$ Version:  V-2004.06
$ Date:  Mon Mar 20 14:51:08 2006
$ Design:  WatchDog

# Report on the changes made during optimization.

$ END_CHANGES_FILE

$ START_CHANGES_FILE

$ Synopsys, Inc.
$ Version:  V-2004.06
$ Date:  Wed Apr 12 17:44:20 2006
$ Design:  IntSRAMController

# Report on the changes made during optimization.

$ END_CHANGES_FILE

$ START_CHANGES_FILE

$ Synopsys, Inc.
$ Version:  V-2004.06
$ Date:  Wed Apr 12 17:44:24 2006
$ Design:  IntSRAMController

# Report on the changes made during optimization.

$ END_CHANGES_FILE

$ START_CHANGES_FILE

$ Synopsys, Inc.
$ Version:  V-2004.06
$ Date:  Wed Apr 12 17:46:53 2006
$ Design:  IntSRAMController

# Report on the changes made during optimization.

$ END_CHANGES_FILE

$ START_CHANGES_FILE

$ Synopsys, Inc.
$ Version:  V-2004.06
$ Date:  Wed Apr 12 17:46:56 2006
$ Design:  IntSRAMController

# Report on the changes made during optimization.

$ END_CHANGES_FILE

$ START_CHANGES_FILE

$ Synopsys, Inc.
$ Version:  V-2004.06
$ Date:  Wed Apr 12 17:48:26 2006
$ Design:  IntSRAMController

# Report on the changes made during optimization.

$ END_CHANGES_FILE

$ START_CHANGES_FILE

$ Synopsys, Inc.
$ Version:  V-2004.06
$ Date:  Wed Apr 12 17:48:29 2006
$ Design:  IntSRAMController

# Report on the changes made during optimization.

$ END_CHANGES_FILE

$ START_CHANGES_FILE

$ Synopsys, Inc.
$ Version:  V-2004.06
$ Date:  Wed Apr 12 17:48:59 2006
$ Design:  IntSRAMController

# Report on the changes made during optimization.

$ END_CHANGES_FILE

$ START_CHANGES_FILE

$ Synopsys, Inc.
$ Version:  V-2004.06
$ Date:  Wed Apr 12 17:49:02 2006
$ Design:  IntSRAMController

# Report on the changes made during optimization.

$ END_CHANGES_FILE

$ START_CHANGES_FILE

$ Synopsys, Inc.
$ Version:  V-2004.06
$ Date:  Wed Apr 12 17:51:15 2006
$ Design:  IntSRAMController

# Report on the changes made during optimization.

$ END_CHANGES_FILE

$ START_CHANGES_FILE

$ Synopsys, Inc.
$ Version:  V-2004.06
$ Date:  Wed Apr 12 17:51:19 2006
$ Design:  IntSRAMController

# Report on the changes made during optimization.

$ END_CHANGES_FILE

$ START_CHANGES_FILE

$ Synopsys, Inc.
$ Version:  V-2004.06
$ Date:  Wed Apr 12 17:51:53 2006
$ Design:  IntSRAMController

# Report on the changes made during optimization.

$ END_CHANGES_FILE

$ START_CHANGES_FILE

$ Synopsys, Inc.
$ Version:  V-2004.06
$ Date:  Wed Apr 12 17:51:56 2006
$ Design:  IntSRAMController

# Report on the changes made during optimization.

$ END_CHANGES_FILE

$ START_CHANGES_FILE

$ Synopsys, Inc.
$ Version:  V-2004.06
$ Date:  Wed Apr 12 17:53:48 2006
$ Design:  IntSRAMController

# Report on the changes made during optimization.

$ END_CHANGES_FILE

$ START_CHANGES_FILE

$ Synopsys, Inc.
$ Version:  V-2004.06
$ Date:  Wed Apr 12 17:53:51 2006
$ Design:  IntSRAMController

# Report on the changes made during optimization.

$ END_CHANGES_FILE

$ START_CHANGES_FILE

$ Synopsys, Inc.
$ Version:  V-2004.06
$ Date:  Wed Apr 12 17:54:22 2006
$ Design:  IntSRAMController

# Report on the changes made during optimization.

$ END_CHANGES_FILE

$ START_CHANGES_FILE

$ Synopsys, Inc.
$ Version:  V-2004.06
$ Date:  Wed Apr 12 17:54:25 2006
$ Design:  IntSRAMController

# Report on the changes made during optimization.

$ END_CHANGES_FILE

$ START_CHANGES_FILE

$ Synopsys, Inc.
$ Version:  V-2004.06
$ Date:  Wed Apr 12 18:00:46 2006
$ Design:  IntSRAMController

# Report on the changes made during optimization.

$ END_CHANGES_FILE

$ START_CHANGES_FILE

$ Synopsys, Inc.
$ Version:  V-2004.06
$ Date:  Wed Apr 12 18:00:50 2006
$ Design:  IntSRAMController

# Report on the changes made during optimization.

$ END_CHANGES_FILE

$ START_CHANGES_FILE

$ Synopsys, Inc.
$ Version:  V-2004.06
$ Date:  Wed Apr 12 18:01:25 2006
$ Design:  IntSRAMController

# Report on the changes made during optimization.

$ END_CHANGES_FILE

$ START_CHANGES_FILE

$ Synopsys, Inc.
$ Version:  V-2004.06
$ Date:  Wed Apr 12 18:01:28 2006
$ Design:  IntSRAMController

# Report on the changes made during optimization.

$ END_CHANGES_FILE

$ START_CHANGES_FILE

$ Synopsys, Inc.
$ Version:  V-2004.06
$ Date:  Wed Apr 12 18:02:09 2006
$ Design:  IntSRAMController

# Report on the changes made during optimization.

$ END_CHANGES_FILE

$ START_CHANGES_FILE

$ Synopsys, Inc.
$ Version:  V-2004.06
$ Date:  Wed Apr 12 18:02:12 2006
$ Design:  IntSRAMController

# Report on the changes made during optimization.

$ END_CHANGES_FILE

$ START_CHANGES_FILE

$ Synopsys, Inc.
$ Version:  V-2004.06
$ Date:  Wed Apr 12 18:02:58 2006
$ Design:  IntSRAMController

# Report on the changes made during optimization.

$ END_CHANGES_FILE

$ START_CHANGES_FILE

$ Synopsys, Inc.
$ Version:  V-2004.06
$ Date:  Wed Apr 12 18:03:02 2006
$ Design:  IntSRAMController

# Report on the changes made during optimization.

$ END_CHANGES_FILE

$ START_CHANGES_FILE

$ Synopsys, Inc.
$ Version:  V-2004.06
$ Date:  Wed Apr 12 18:04:00 2006
$ Design:  IntSRAMController

# Report on the changes made during optimization.

$ END_CHANGES_FILE

$ START_CHANGES_FILE

$ Synopsys, Inc.
$ Version:  V-2004.06
$ Date:  Wed Apr 12 18:04:03 2006
$ Design:  IntSRAMController

# Report on the changes made during optimization.

$ END_CHANGES_FILE

$ START_CHANGES_FILE

$ Synopsys, Inc.
$ Version:  V-2004.06
$ Date:  Wed Apr 12 18:05:47 2006
$ Design:  IntSRAMController

# Report on the changes made during optimization.

$ END_CHANGES_FILE

$ START_CHANGES_FILE

$ Synopsys, Inc.
$ Version:  V-2004.06
$ Date:  Wed Apr 12 18:05:50 2006
$ Design:  IntSRAMController

# Report on the changes made during optimization.

$ END_CHANGES_FILE

$ START_CHANGES_FILE

$ Synopsys, Inc.
$ Version:  V-2004.06
$ Date:  Wed Apr 12 18:15:47 2006
$ Design:  IntSRAMController

# Report on the changes made during optimization.

$ END_CHANGES_FILE

$ START_CHANGES_FILE

$ Synopsys, Inc.
$ Version:  V-2004.06
$ Date:  Wed Apr 12 18:15:50 2006
$ Design:  IntSRAMController

# Report on the changes made during optimization.

$ END_CHANGES_FILE

$ START_CHANGES_FILE

$ Synopsys, Inc.
$ Version:  V-2004.06
$ Date:  Wed Apr 12 18:17:27 2006
$ Design:  IntSRAMController

# Report on the changes made during optimization.

$ END_CHANGES_FILE

$ START_CHANGES_FILE

$ Synopsys, Inc.
$ Version:  V-2004.06
$ Date:  Wed Apr 12 18:17:30 2006
$ Design:  IntSRAMController

# Report on the changes made during optimization.

$ END_CHANGES_FILE

$ START_CHANGES_FILE

$ Synopsys, Inc.
$ Version:  V-2004.06
$ Date:  Wed Apr 12 18:19:48 2006
$ Design:  IntSRAMController

# Report on the changes made during optimization.

$ END_CHANGES_FILE

$ START_CHANGES_FILE

$ Synopsys, Inc.
$ Version:  V-2004.06
$ Date:  Wed Apr 12 18:19:52 2006
$ Design:  IntSRAMController

# Report on the changes made during optimization.

$ END_CHANGES_FILE

$ START_CHANGES_FILE

$ Synopsys, Inc.
$ Version:  V-2004.06
$ Date:  Wed Apr 12 18:20:31 2006
$ Design:  IntSRAMController

# Report on the changes made during optimization.

$ END_CHANGES_FILE

$ START_CHANGES_FILE

$ Synopsys, Inc.
$ Version:  V-2004.06
$ Date:  Wed Apr 12 18:20:34 2006
$ Design:  IntSRAMController

# Report on the changes made during optimization.

$ END_CHANGES_FILE

$ START_CHANGES_FILE

$ Synopsys, Inc.
$ Version:  V-2004.06
$ Date:  Wed Apr 12 18:51:49 2006
$ Design:  IntSRAMController

# Report on the changes made during optimization.

$ END_CHANGES_FILE

$ START_CHANGES_FILE

$ Synopsys, Inc.
$ Version:  V-2004.06
$ Date:  Wed Apr 12 19:19:01 2006
$ Design:  IntSRAMController

# Report on the changes made during optimization.

$ END_CHANGES_FILE

$ START_CHANGES_FILE

$ Synopsys, Inc.
$ Version:  V-2004.06
$ Date:  Wed Apr 12 19:19:04 2006
$ Design:  IntSRAMController

# Report on the changes made during optimization.

$ END_CHANGES_FILE

$ START_CHANGES_FILE

$ Synopsys, Inc.
$ Version:  V-2004.06
$ Date:  Wed Apr 12 19:19:57 2006
$ Design:  IntSRAMController

# Report on the changes made during optimization.

$ END_CHANGES_FILE

$ START_CHANGES_FILE

$ Synopsys, Inc.
$ Version:  V-2004.06
$ Date:  Wed Apr 12 19:20:00 2006
$ Design:  IntSRAMController

# Report on the changes made during optimization.

$ END_CHANGES_FILE

$ START_CHANGES_FILE

$ Synopsys, Inc.
$ Version:  V-2004.06
$ Date:  Wed Apr 12 19:21:34 2006
$ Design:  IntSRAMController

# Report on the changes made during optimization.

$ END_CHANGES_FILE

$ START_CHANGES_FILE

$ Synopsys, Inc.
$ Version:  V-2004.06
$ Date:  Wed Apr 12 19:21:38 2006
$ Design:  IntSRAMController

# Report on the changes made during optimization.

$ END_CHANGES_FILE

$ START_CHANGES_FILE

$ Synopsys, Inc.
$ Version:  V-2004.06
$ Date:  Wed Apr 12 19:22:55 2006
$ Design:  IntSRAMController

# Report on the changes made during optimization.

$ END_CHANGES_FILE

$ START_CHANGES_FILE

$ Synopsys, Inc.
$ Version:  V-2004.06
$ Date:  Wed Apr 12 19:22:59 2006
$ Design:  IntSRAMController

# Report on the changes made during optimization.

$ END_CHANGES_FILE

$ START_CHANGES_FILE

$ Synopsys, Inc.
$ Version:  V-2004.06
$ Date:  Wed Apr 12 19:24:58 2006
$ Design:  IntSRAMController

# Report on the changes made during optimization.

$ END_CHANGES_FILE

$ START_CHANGES_FILE

$ Synopsys, Inc.
$ Version:  V-2004.06
$ Date:  Wed Apr 12 19:25:02 2006
$ Design:  IntSRAMController

# Report on the changes made during optimization.

$ END_CHANGES_FILE

$ START_CHANGES_FILE

$ Synopsys, Inc.
$ Version:  V-2004.06
$ Date:  Mon Apr 17 09:49:40 2006
$ Design:  IntSRAMController

# Report on the changes made during optimization.

$ END_CHANGES_FILE

$ START_CHANGES_FILE

$ Synopsys, Inc.
$ Version:  V-2004.06
$ Date:  Mon Apr 17 09:49:43 2006
$ Design:  IntSRAMController

# Report on the changes made during optimization.

$ END_CHANGES_FILE

$ START_CHANGES_FILE

$ Synopsys, Inc.
$ Version:  V-2004.06
$ Date:  Tue Apr 18 16:44:07 2006
$ Design:  IntSRAMController

# Report on the changes made during optimization.

$ END_CHANGES_FILE

$ START_CHANGES_FILE

$ Synopsys, Inc.
$ Version:  V-2004.06
$ Date:  Tue Apr 18 16:45:36 2006
$ Design:  IntSRAMController

# Report on the changes made during optimization.

$ END_CHANGES_FILE

$ START_CHANGES_FILE

$ Synopsys, Inc.
$ Version:  V-2004.06
$ Date:  Tue Apr 18 16:46:19 2006
$ Design:  IntSRAMController

# Report on the changes made during optimization.

$ END_CHANGES_FILE

$ START_CHANGES_FILE

$ Synopsys, Inc.
$ Version:  V-2004.06
$ Date:  Tue Apr 18 16:47:36 2006
$ Design:  IntSRAMController

# Report on the changes made during optimization.

$ END_CHANGES_FILE

