 AREA REPORT FOR DESIGN : /home/nbray/sfwork/snowdon/dcdc_pl160/synopsys_ref/db/Dcdc_verilog.db:Dcdc
    
Information: Updating design information... (UID-85)
 
****************************************
Report : area
Design : Dcdc
Version: 1998.02
Date   : Mon May 10 17:10:22 1999
****************************************

Library(s) Used:

    cb25os163_max (File: /home/nbray/sfwork/snowdon/dcdc_pl160/synopsys_ref/cell_lib/cb25os163_max.db)

Number of ports:               44
Number of nets:               140
Number of cells:                7
Number of references:           6

Combinational area:        881.000000
Noncombinational area:     958.000000
Net Interconnect area:     671.261780  

Total cell area:          1839.000000
Total area:               2510.261719
    
Information: Updating design information... (UID-85)
Information: Changed wire load model for 'DcdcClkSync' from '8000' to 'ForQA'. (OPT-170)
Information: Changed minimum wire load model for 'DcdcClkSync' from '8000' to 'ForQA'. (OPT-171)
 
****************************************
Report : area
Design : DcdcClkSync
Version: 1998.02
Date   : Mon May 10 17:10:22 1999
****************************************

Library(s) Used:

    cb25os163_max (File: /home/nbray/sfwork/snowdon/dcdc_pl160/synopsys_ref/cell_lib/cb25os163_max.db)

Number of ports:               16
Number of nets:                16
Number of cells:                7
Number of references:           7

Combinational area:         10.500000
Noncombinational area:      73.500000
Net Interconnect area:      19.150000  

Total cell area:            84.000000
Total area:                103.150002
    
Information: Updating design information... (UID-85)
 
****************************************
Report : area
Design : DcdcSync_6
Version: 1998.02
Date   : Mon May 10 17:10:23 1999
****************************************

Library(s) Used:

    cb25os163_max (File: /home/nbray/sfwork/snowdon/dcdc_pl160/synopsys_ref/cell_lib/cb25os163_max.db)

Number of ports:                4
Number of nets:                 7
Number of cells:                4
Number of references:           2

Combinational area:          1.500000
Noncombinational area:      10.500000
Net Interconnect area:       1.850000  

Total cell area:            12.000000
Total area:                 13.850000
    
Information: Updating design information... (UID-85)
 
****************************************
Report : area
Design : DcdcSync_5
Version: 1998.02
Date   : Mon May 10 17:10:24 1999
****************************************

Library(s) Used:

    cb25os163_max (File: /home/nbray/sfwork/snowdon/dcdc_pl160/synopsys_ref/cell_lib/cb25os163_max.db)

Number of ports:                4
Number of nets:                 7
Number of cells:                4
Number of references:           2

Combinational area:          1.500000
Noncombinational area:      10.500000
Net Interconnect area:       1.850000  

Total cell area:            12.000000
Total area:                 13.850000
    
Information: Updating design information... (UID-85)
 
****************************************
Report : area
Design : DcdcSync_4
Version: 1998.02
Date   : Mon May 10 17:10:24 1999
****************************************

Library(s) Used:

    cb25os163_max (File: /home/nbray/sfwork/snowdon/dcdc_pl160/synopsys_ref/cell_lib/cb25os163_max.db)

Number of ports:                4
Number of nets:                 7
Number of cells:                4
Number of references:           2

Combinational area:          1.500000
Noncombinational area:      10.500000
Net Interconnect area:       1.850000  

Total cell area:            12.000000
Total area:                 13.850000
    
Information: Updating design information... (UID-85)
 
****************************************
Report : area
Design : DcdcSync_3
Version: 1998.02
Date   : Mon May 10 17:10:25 1999
****************************************

Library(s) Used:

    cb25os163_max (File: /home/nbray/sfwork/snowdon/dcdc_pl160/synopsys_ref/cell_lib/cb25os163_max.db)

Number of ports:                4
Number of nets:                 7
Number of cells:                4
Number of references:           2

Combinational area:          1.500000
Noncombinational area:      10.500000
Net Interconnect area:       1.850000  

Total cell area:            12.000000
Total area:                 13.850000
    
Information: Updating design information... (UID-85)
 
****************************************
Report : area
Design : DcdcSync_2
Version: 1998.02
Date   : Mon May 10 17:10:25 1999
****************************************

Library(s) Used:

    cb25os163_max (File: /home/nbray/sfwork/snowdon/dcdc_pl160/synopsys_ref/cell_lib/cb25os163_max.db)

Number of ports:                4
Number of nets:                 7
Number of cells:                4
Number of references:           2

Combinational area:          1.500000
Noncombinational area:      10.500000
Net Interconnect area:       1.850000  

Total cell area:            12.000000
Total area:                 13.850000
    
Information: Updating design information... (UID-85)
 
****************************************
Report : area
Design : DcdcSync_1
Version: 1998.02
Date   : Mon May 10 17:10:26 1999
****************************************

Library(s) Used:

    cb25os163_max (File: /home/nbray/sfwork/snowdon/dcdc_pl160/synopsys_ref/cell_lib/cb25os163_max.db)

Number of ports:                4
Number of nets:                 7
Number of cells:                4
Number of references:           2

Combinational area:          1.500000
Noncombinational area:      10.500000
Net Interconnect area:       1.850000  

Total cell area:            12.000000
Total area:                 13.850000
    
Information: Updating design information... (UID-85)
 
****************************************
Report : area
Design : DcdcSync_0
Version: 1998.02
Date   : Mon May 10 17:10:27 1999
****************************************

Library(s) Used:

    cb25os163_max (File: /home/nbray/sfwork/snowdon/dcdc_pl160/synopsys_ref/cell_lib/cb25os163_max.db)

Number of ports:                4
Number of nets:                 7
Number of cells:                4
Number of references:           2

Combinational area:          1.500000
Noncombinational area:      10.500000
Net Interconnect area:       1.850000  

Total cell area:            12.000000
Total area:                 13.850000
    
Information: Updating design information... (UID-85)
 
****************************************
Report : area
Design : DcdcDrive
Version: 1998.02
Date   : Mon May 10 17:10:28 1999
****************************************

Library(s) Used:

    cb25os163_max (File: /home/nbray/sfwork/snowdon/dcdc_pl160/synopsys_ref/cell_lib/cb25os163_max.db)

Number of ports:               74
Number of nets:               300
Number of cells:              241
Number of references:          20

Combinational area:        276.250000
Noncombinational area:     386.250000
Net Interconnect area:     204.798447  

Total cell area:           662.500000
Total area:                867.298462
    
Information: Updating design information... (UID-85)
 
****************************************
Report : area
Design : DcdcPclkSync
Version: 1998.02
Date   : Mon May 10 17:10:28 1999
****************************************

Library(s) Used:

    cb25os163_max (File: /home/nbray/sfwork/snowdon/dcdc_pl160/synopsys_ref/cell_lib/cb25os163_max.db)

Number of ports:                8
Number of nets:                 8
Number of cells:                3
Number of references:           3

Combinational area:          2.250000
Noncombinational area:      31.500000
Net Interconnect area:       6.034000  

Total cell area:            33.750000
Total area:                 39.784000
    
Information: Updating design information... (UID-85)
 
****************************************
Report : area
Design : DcdcSync_9
Version: 1998.02
Date   : Mon May 10 17:10:29 1999
****************************************

Library(s) Used:

    cb25os163_max (File: /home/nbray/sfwork/snowdon/dcdc_pl160/synopsys_ref/cell_lib/cb25os163_max.db)

Number of ports:                4
Number of nets:                 6
Number of cells:                3
Number of references:           2

Combinational area:          0.750000
Noncombinational area:      10.500000
Net Interconnect area:       1.644000  

Total cell area:            11.250000
Total area:                 12.894000
    
Information: Updating design information... (UID-85)
 
****************************************
Report : area
Design : DcdcSync_8
Version: 1998.02
Date   : Mon May 10 17:10:30 1999
****************************************

Library(s) Used:

    cb25os163_max (File: /home/nbray/sfwork/snowdon/dcdc_pl160/synopsys_ref/cell_lib/cb25os163_max.db)

Number of ports:                4
Number of nets:                 6
Number of cells:                3
Number of references:           2

Combinational area:          0.750000
Noncombinational area:      10.500000
Net Interconnect area:       1.644000  

Total cell area:            11.250000
Total area:                 12.894000
    
Information: Updating design information... (UID-85)
 
****************************************
Report : area
Design : DcdcSync_7
Version: 1998.02
Date   : Mon May 10 17:10:30 1999
****************************************

Library(s) Used:

    cb25os163_max (File: /home/nbray/sfwork/snowdon/dcdc_pl160/synopsys_ref/cell_lib/cb25os163_max.db)

Number of ports:                4
Number of nets:                 6
Number of cells:                3
Number of references:           2

Combinational area:          0.750000
Noncombinational area:      10.500000
Net Interconnect area:       1.644000  

Total cell area:            11.250000
Total area:                 12.894000
    
Information: Updating design information... (UID-85)
 
****************************************
Report : area
Design : DcdcCntl
Version: 1998.02
Date   : Mon May 10 17:10:31 1999
****************************************

Library(s) Used:

    cb25os163_max (File: /home/nbray/sfwork/snowdon/dcdc_pl160/synopsys_ref/cell_lib/cb25os163_max.db)

Number of ports:               65
Number of nets:               133
Number of cells:              111
Number of references:          15

Combinational area:        120.500000
Noncombinational area:     270.750000
Net Interconnect area:     123.584969  

Total cell area:           391.250000
Total area:                514.834961
    
Information: Updating design information... (UID-85)
 
****************************************
Report : area
Design : DcdcApbif
Version: 1998.02
Date   : Mon May 10 17:10:32 1999
****************************************

Library(s) Used:

    cb25os163_max (File: /home/nbray/sfwork/snowdon/dcdc_pl160/synopsys_ref/cell_lib/cb25os163_max.db)

Number of ports:              101
Number of nets:               258
Number of cells:              181
Number of references:          21

Combinational area:        190.750000
Noncombinational area:      42.000000
Net Interconnect area:      98.076500  

Total cell area:           232.750000
Total area:                330.826508
    
Information: Updating design information... (UID-85)
 
****************************************
Report : area
Design : DcdcApbif_test_1
Version: 1998.02
Date   : Mon May 10 17:10:33 1999
****************************************

Library(s) Used:

    cb25os163_max (File: /home/nbray/sfwork/snowdon/dcdc_pl160/synopsys_ref/cell_lib/cb25os163_max.db)

Number of ports:              104
Number of nets:               279
Number of cells:              200
Number of references:          22

Combinational area:        205.750000
Noncombinational area:      64.000000
Net Interconnect area:     106.908501  

Total cell area:           269.750000
Total area:                376.658508
    
Information: Updating design information... (UID-85)
 
****************************************
Report : area
Design : DcdcSync_test_1
Version: 1998.02
Date   : Mon May 10 17:10:34 1999
****************************************

Library(s) Used:

    cb25os163_max (File: /home/nbray/sfwork/snowdon/dcdc_pl160/synopsys_ref/cell_lib/cb25os163_max.db)

Number of ports:                7
Number of nets:                17
Number of cells:               12
Number of references:           4

Combinational area:          9.750000
Noncombinational area:      16.000000
Net Interconnect area:       4.522000  

Total cell area:            25.750000
Total area:                 30.271999
    
Information: Updating design information... (UID-85)
 
****************************************
Report : area
Design : DcdcSync_test_2
Version: 1998.02
Date   : Mon May 10 17:10:35 1999
****************************************

Library(s) Used:

    cb25os163_max (File: /home/nbray/sfwork/snowdon/dcdc_pl160/synopsys_ref/cell_lib/cb25os163_max.db)

Number of ports:                7
Number of nets:                15
Number of cells:               10
Number of references:           3

Combinational area:          7.500000
Noncombinational area:      16.000000
Net Interconnect area:       4.110000  

Total cell area:            23.500000
Total area:                 27.610001
    
Information: Updating design information... (UID-85)
 
****************************************
Report : area
Design : DcdcSync_test_3
Version: 1998.02
Date   : Mon May 10 17:10:35 1999
****************************************

Library(s) Used:

    cb25os163_max (File: /home/nbray/sfwork/snowdon/dcdc_pl160/synopsys_ref/cell_lib/cb25os163_max.db)

Number of ports:                7
Number of nets:                15
Number of cells:               10
Number of references:           3

Combinational area:          7.500000
Noncombinational area:      16.000000
Net Interconnect area:       4.110000  

Total cell area:            23.500000
Total area:                 27.610001
    
Information: Updating design information... (UID-85)
 
****************************************
Report : area
Design : DcdcSync_test_4
Version: 1998.02
Date   : Mon May 10 17:10:36 1999
****************************************

Library(s) Used:

    cb25os163_max (File: /home/nbray/sfwork/snowdon/dcdc_pl160/synopsys_ref/cell_lib/cb25os163_max.db)

Number of ports:                7
Number of nets:                15
Number of cells:               10
Number of references:           3

Combinational area:          7.500000
Noncombinational area:      16.000000
Net Interconnect area:       4.110000  

Total cell area:            23.500000
Total area:                 27.610001
    
Information: Updating design information... (UID-85)
 
****************************************
Report : area
Design : DcdcSync_test_5
Version: 1998.02
Date   : Mon May 10 17:10:37 1999
****************************************

Library(s) Used:

    cb25os163_max (File: /home/nbray/sfwork/snowdon/dcdc_pl160/synopsys_ref/cell_lib/cb25os163_max.db)

Number of ports:                7
Number of nets:                15
Number of cells:               10
Number of references:           3

Combinational area:          7.500000
Noncombinational area:      16.000000
Net Interconnect area:       4.110000  

Total cell area:            23.500000
Total area:                 27.610001
    
Information: Updating design information... (UID-85)
 
****************************************
Report : area
Design : DcdcSync_test_6
Version: 1998.02
Date   : Mon May 10 17:10:37 1999
****************************************

Library(s) Used:

    cb25os163_max (File: /home/nbray/sfwork/snowdon/dcdc_pl160/synopsys_ref/cell_lib/cb25os163_max.db)

Number of ports:                7
Number of nets:                15
Number of cells:               10
Number of references:           3

Combinational area:          7.500000
Noncombinational area:      16.000000
Net Interconnect area:       4.110000  

Total cell area:            23.500000
Total area:                 27.610001
    
Information: Updating design information... (UID-85)
 
****************************************
Report : area
Design : DcdcSync_test_7
Version: 1998.02
Date   : Mon May 10 17:10:38 1999
****************************************

Library(s) Used:

    cb25os163_max (File: /home/nbray/sfwork/snowdon/dcdc_pl160/synopsys_ref/cell_lib/cb25os163_max.db)

Number of ports:                7
Number of nets:                15
Number of cells:               10
Number of references:           3

Combinational area:          7.500000
Noncombinational area:      16.000000
Net Interconnect area:       4.110000  

Total cell area:            23.500000
Total area:                 27.610001
    
Information: Updating design information... (UID-85)
 
****************************************
Report : area
Design : DcdcClkSync_test_1
Version: 1998.02
Date   : Mon May 10 17:10:39 1999
****************************************

Library(s) Used:

    cb25os163_max (File: /home/nbray/sfwork/snowdon/dcdc_pl160/synopsys_ref/cell_lib/cb25os163_max.db)

Number of ports:               19
Number of nets:                25
Number of cells:                7
Number of references:           7

Combinational area:         54.750000
Noncombinational area:     112.000000
Net Interconnect area:      34.628998  

Total cell area:           166.750000
Total area:                201.378998
    
Information: Updating design information... (UID-85)
 
****************************************
Report : area
Design : DcdcCntl_test_1
Version: 1998.02
Date   : Mon May 10 17:10:40 1999
****************************************

Library(s) Used:

    cb25os163_max (File: /home/nbray/sfwork/snowdon/dcdc_pl160/synopsys_ref/cell_lib/cb25os163_max.db)

Number of ports:               68
Number of nets:               176
Number of cells:              152
Number of references:          19

Combinational area:        194.250000
Noncombinational area:     320.000000
Net Interconnect area:     191.066940  

Total cell area:           514.250000
Total area:                705.316956
    
Information: Updating design information... (UID-85)
 
****************************************
Report : area
Design : DcdcDrive_test_1
Version: 1998.02
Date   : Mon May 10 17:10:41 1999
****************************************

Library(s) Used:

    cb25os163_max (File: /home/nbray/sfwork/snowdon/dcdc_pl160/synopsys_ref/cell_lib/cb25os163_max.db)

Number of ports:               77
Number of nets:               365
Number of cells:              304
Number of references:          23

Combinational area:        400.500000
Noncombinational area:     414.000000
Net Interconnect area:     306.615417  

Total cell area:           814.500000
Total area:               1121.115479
    
Information: Updating design information... (UID-85)
 
****************************************
Report : area
Design : DcdcSync_test_8
Version: 1998.02
Date   : Mon May 10 17:10:42 1999
****************************************

Library(s) Used:

    cb25os163_max (File: /home/nbray/sfwork/snowdon/dcdc_pl160/synopsys_ref/cell_lib/cb25os163_max.db)

Number of ports:                7
Number of nets:                18
Number of cells:               13
Number of references:           5

Combinational area:         10.250000
Noncombinational area:      16.000000
Net Interconnect area:       4.728000  

Total cell area:            26.250000
Total area:                 30.978001
    
Information: Updating design information... (UID-85)
 
****************************************
Report : area
Design : DcdcSync_test_9
Version: 1998.02
Date   : Mon May 10 17:10:43 1999
****************************************

Library(s) Used:

    cb25os163_max (File: /home/nbray/sfwork/snowdon/dcdc_pl160/synopsys_ref/cell_lib/cb25os163_max.db)

Number of ports:                7
Number of nets:                14
Number of cells:                9
Number of references:           3

Combinational area:          6.750000
Noncombinational area:      16.000000
Net Interconnect area:       3.904000  

Total cell area:            22.750000
Total area:                 26.653999
    
Information: Updating design information... (UID-85)
 
****************************************
Report : area
Design : DcdcSync_test_10
Version: 1998.02
Date   : Mon May 10 17:10:43 1999
****************************************

Library(s) Used:

    cb25os163_max (File: /home/nbray/sfwork/snowdon/dcdc_pl160/synopsys_ref/cell_lib/cb25os163_max.db)

Number of ports:                7
Number of nets:                14
Number of cells:                9
Number of references:           3

Combinational area:          6.750000
Noncombinational area:      16.000000
Net Interconnect area:       3.904000  

Total cell area:            22.750000
Total area:                 26.653999
    
Information: Updating design information... (UID-85)
 
****************************************
Report : area
Design : DcdcPclkSync_test_1
Version: 1998.02
Date   : Mon May 10 17:10:44 1999
****************************************

Library(s) Used:

    cb25os163_max (File: /home/nbray/sfwork/snowdon/dcdc_pl160/synopsys_ref/cell_lib/cb25os163_max.db)

Number of ports:               11
Number of nets:                13
Number of cells:                3
Number of references:           3

Combinational area:         23.750000
Noncombinational area:      48.000000
Net Interconnect area:      13.262000  

Total cell area:            71.750000
Total area:                 85.012001
