Information: Using TC-DFT license only. Generated vectors will not be saved. (UIT-190)
  Loading design 'Dcdc'
  Using test design rule information from previous check_test run
  Building test generation network

  Combinational Test Pattern Generation starts:

    Start random pattern generation...

       67.40% faults processed ; cumulative fault coverage =  67.40%
       72.86% faults processed ; cumulative fault coverage =  72.86%
       75.05% faults processed ; cumulative fault coverage =  75.05%
       75.23% faults processed ; cumulative fault coverage =  75.23%
       76.68% faults processed ; cumulative fault coverage =  76.68%
       76.87% faults processed ; cumulative fault coverage =  76.87%
       77.05% faults processed ; cumulative fault coverage =  77.05%

    ...End random pattern generation

    Start deterministic pattern generation...

       78.69% faults processed ; cumulative fault coverage =  78.69%
       79.96% faults processed ; cumulative fault coverage =  79.96%
       92.35% faults processed ; cumulative fault coverage =  91.80%
       99.45% faults processed ; cumulative fault coverage =  98.72%
      100.00% faults processed ; cumulative fault coverage =  99.27%

    ...End deterministic pattern generation


                                Non-collapsed     Collapsed
    No. of detected faults      587               545
    No. of abandoned faults     0                 0
    No. of tied faults          0                 0
    No. of redundant faults     0                 0
    No. of untested faults      4                 4
    Total no. of faults         591               549
    Fault coverage              99.32             99.27

    No. of test patterns         102

    Test Generation Time (CPU)  1.00 sec
...Writing test program /home/nbray/sfwork/snowdon/dcdc_pl160/synopsys_ref/report/Dcdc_scan_verilog_patterns (without vectors) to file /home/nbray/sfwork/snowdon/dcdc_pl160/synopsys_ref/report/Dcdc_scan_verilog_patterns.vdb
