Information: Using TC-DFT license only. Generated vectors will not be saved. (UIT-190)
  Loading design 'Dcdc'
  Using test design rule information from previous check_test run
  Building test generation network

  Combinational Test Pattern Generation starts:

    Start random pattern generation...

       64.48% faults processed ; cumulative fault coverage =  64.48%
       69.80% faults processed ; cumulative fault coverage =  69.80%
       73.00% faults processed ; cumulative fault coverage =  73.00%
       73.18% faults processed ; cumulative fault coverage =  73.18%
       73.71% faults processed ; cumulative fault coverage =  73.71%
       73.89% faults processed ; cumulative fault coverage =  73.89%
       75.31% faults processed ; cumulative fault coverage =  75.31%
       75.84% faults processed ; cumulative fault coverage =  75.84%
       76.55% faults processed ; cumulative fault coverage =  76.55%
       76.91% faults processed ; cumulative fault coverage =  76.91%

    ...End random pattern generation

    Start deterministic pattern generation...

       79.57% faults processed ; cumulative fault coverage =  79.40%
       90.59% faults processed ; cumulative fault coverage =  90.41%
       97.16% faults processed ; cumulative fault coverage =  96.98%
      100.00% faults processed ; cumulative fault coverage =  99.64%

    ...End deterministic pattern generation


                                Non-collapsed     Collapsed
    No. of detected faults      600               561
    No. of abandoned faults     0                 0
    No. of tied faults          0                 0
    No. of redundant faults     0                 0
    No. of untested faults      2                 2
    Total no. of faults         602               563
    Fault coverage              99.67             99.64

    No. of test patterns         101

    Test Generation Time (CPU)  1.00 sec
...Writing test program /home/nbray/sfwork/snowdon/dcdc_pl160/synopsys_ref/report/Dcdc_scan_vhdl_patterns (without vectors) to file /home/nbray/sfwork/snowdon/dcdc_pl160/synopsys_ref/report/Dcdc_scan_vhdl_patterns.vdb
