a global/ 0K
a global/bustalk_apb/ 0K
a global/bustalk_apb/bustest/ 0K
a global/bustalk_apb/bustest/tif2bif 2K
a global/bustalk_apb/bustest/config.h 2K
a global/bustalk_apb/bustest/busmacros.c 6K
a global/bustalk_apb/bustest/BusTalkMakefile.mk 4K
a global/bustalk_apb/bustest/bif2sim.awk 4K
a global/bustalk_apb/bustest/include.h 2K
a global/bustalk_apb/bustest/tif2sim.awk 2K
a global/bustalk_apb/bustest/busmacros.h 3K
a global/bustalk_apb/bustest/busheader.h 2K
a global/bustalk_apb/bustest/addargs_script 4K
a global/bustalk_ahb/ 0K
a global/bustalk_ahb/bustest/ 0K
a global/bustalk_ahb/bustest/tif2bif 2K
a global/bustalk_ahb/bustest/config.h 2K
a global/bustalk_ahb/bustest/BusTalkMakefile.mk 4K
a global/bustalk_ahb/bustest/busmacros.c 33K
a global/bustalk_ahb/bustest/bif2sim.awk 4K
a global/bustalk_ahb/bustest/include.h 2K
a global/bustalk_ahb/bustest/tif2sim.awk 2K
a global/bustalk_ahb/bustest/busheader.h 3K
a global/bustalk_ahb/bustest/busmacros.h 3K
a global/bustalk_ahb/bustest/addargs_script 7K
a uart_pl011/ 0K
a uart_pl011/verification/ 0K
a uart_pl011/verification/bustest/ 0K
a uart_pl011/verification/bustest/invec/ 0K
a uart_pl011/verification/bustest/Uart.h 15K
a uart_pl011/verification/bustest/makefile 4K
a uart_pl011/verification/bustest/Uart_BreakTest.c 9K
a uart_pl011/verification/bustest/Uart.c 25K
a uart_pl011/verification/bustest/README 2K
a uart_pl011/verification/bustest/Uart_IllegalBaud.c 9K
a uart_pl011/verification/bustest/Uart_ScanModeTest.c 3K
a uart_pl011/verification/bustest/Uart_IndepTXRXTest.c 6K
a uart_pl011/verification/bustest/Uart_FracBaudTests.c 7K
a uart_pl011/verification/bustest/Uart_DMATests.c 20K
a uart_pl011/verification/bustest/busmacros.c 6K
a uart_pl011/verification/bustest/Uart_InterruptTests.c 21K
a uart_pl011/verification/bustest/Uart_OverrunTest.c 12K
a uart_pl011/verification/bustest/Uart_RTISTests.c 13K
a uart_pl011/verification/bustest/Uart_FifoEnabledTests.c 9K
a uart_pl011/verification/bustest/Uart_BaudTests.c 4K
a uart_pl011/verification/bustest/Uart_HalfDuplexTest.c 4K
a uart_pl011/verification/bustest/Uart_FramingTests.c 8K
a uart_pl011/verification/bustest/Uart_ParityTests.c 16K
a uart_pl011/verification/bustest/Uart_loopbackTest.c 5K
a uart_pl011/verification/bustest/Uart_ModemTests.c 20K
a uart_pl011/verification/bustest/Uart_FifoTests.c 22K
a uart_pl011/verification/bustest/Uart_Reg_Tests.c 7K
a uart_pl011/verification/bustest/Uart_IrdaTests.c 7K
a uart_pl011/verification/bustest/Uart_FCTests.c 15K
a uart_pl011/verification/bustest/Uart_FifoDisabledTests.c 5K
a uart_pl011/verification/bustest/Uart_JitterTests.c 4K
a uart_pl011/verification/bustest/Uart_BoundaryTests.c 5K
a uart_pl011/verification/bustest/Uart_DisableTests.c 11K
a uart_pl011/verification/bustest/Uart_drift.c 6K
a uart_pl011/verification/bustest/Uart_free.c 158K
a uart_pl011/verification/bustest/Uart_Integ.c 12K
a uart_pl011/verification/makefile 2K
