Warning: In design 'Watchdog', port 'SCANENABLE' is not connected to any nets. (LINT-28)
Warning: In design 'Watchdog', port 'SCANINPCLK' is not connected to any nets. (LINT-28)
Warning: In design 'Watchdog', port 'SCANOUTPCLK' is not connected to any nets. (LINT-28)
Warning: In design 'Watchdog', a pin on submodule 'u0RevAnd' is connected to logic 1 or logic 0. (LINT-32)
   Pin 'TieOff1' is connected to logic 0. 
   Pin 'TieOff2' is connected to logic 0. 
Warning: In design 'Watchdog', the same net is connected to more than one pin on submodule 'u0RevAnd'. (LINT-33)
   Net 'WdogPeriphID0_7' is connected to pins 'TieOff1', 'TieOff2'. 
Warning: In design 'Watchdog', a pin on submodule 'u1RevAnd' is connected to logic 1 or logic 0. (LINT-32)
   Pin 'TieOff1' is connected to logic 0. 
   Pin 'TieOff2' is connected to logic 0. 
Warning: In design 'Watchdog', the same net is connected to more than one pin on submodule 'u1RevAnd'. (LINT-33)
   Net 'WdogPeriphID0_7' is connected to pins 'TieOff1', 'TieOff2'. 
Warning: In design 'Watchdog', a pin on submodule 'u2RevAnd' is connected to logic 1 or logic 0. (LINT-32)
   Pin 'TieOff1' is connected to logic 0. 
   Pin 'TieOff2' is connected to logic 0. 
Warning: In design 'Watchdog', the same net is connected to more than one pin on submodule 'u2RevAnd'. (LINT-33)
   Net 'WdogPeriphID0_7' is connected to pins 'TieOff1', 'TieOff2'. 
Warning: In design 'Watchdog', a pin on submodule 'u3RevAnd' is connected to logic 1 or logic 0. (LINT-32)
   Pin 'TieOff1' is connected to logic 0. 
   Pin 'TieOff2' is connected to logic 0. 
Warning: In design 'Watchdog', the same net is connected to more than one pin on submodule 'u3RevAnd'. (LINT-33)
   Net 'WdogPeriphID0_7' is connected to pins 'TieOff1', 'TieOff2'. 
************
check_timing
************

Warning: Design 'Watchdog' contains unmapped cells.
	Use report_cell to list unmapped cells in the design. (OPT-309)

***********
report_cell
***********

Error: Could not read the following target libraries:
cb18os120_generic_max.db 
 (UIO-3)
 
****************************************
Report : cell
Design : Watchdog
Version: V-2003.12-SP1
Date   : Fri Jun 18 13:28:31 2004
****************************************

Attributes:
    b - black box (unknown)
    c - control logic
    d - dont_touch
    h - hierarchical
    n - noncombinational
    r - removable
    s - synthetic operator
    u - contains unmapped logic

Cell                      Reference       Library             Area  Attributes
--------------------------------------------------------------------------------
S_0                       GTECH_NOT       gtech           0.000000  u
S_1                       GTECH_NOT       gtech           0.000000  u
S_2                       GTECH_NOT       gtech           0.000000  u
S_3                       GTECH_NOT       gtech           0.000000  u
S_4                       GTECH_NOT       gtech           0.000000  u
S_5                       GTECH_NOT       gtech           0.000000  u
S_6                       GTECH_NOT       gtech           0.000000  u
S_7                       GTECH_AND2      gtech           0.000000  u
S_8                       GTECH_AND2      gtech           0.000000  u
S_9                       GTECH_AND2      gtech           0.000000  u
S_10                      GTECH_AND2      gtech           0.000000  u
S_11                      GTECH_AND2      gtech           0.000000  u
S_12                      GTECH_AND2      gtech           0.000000  u
S_13                      GTECH_AND2      gtech           0.000000  u
S_14                      GTECH_BUF       gtech           0.000000  c, u
S_15                      GTECH_NOT       gtech           0.000000  c, u
S_16                      *SELECT_OP_2.1_2.1_1            0.000000  s, u
S_18                      GTECH_AND2      gtech           0.000000  u
S_19                      GTECH_NOT       gtech           0.000000  u
S_20                      GTECH_AND2      gtech           0.000000  u
S_21                      GTECH_AND2      gtech           0.000000  c, u
S_22                      GTECH_AND_NOT   gtech           0.000000  c, u
S_23                      GTECH_AND_NOT   gtech           0.000000  c, u
S_24                      GTECH_AND_NOT   gtech           0.000000  c, u
S_25                      GTECH_AND_NOT   gtech           0.000000  c, u
S_26                      GTECH_AND_NOT   gtech           0.000000  c, u
S_27                      GTECH_AND_NOT   gtech           0.000000  c, u
S_28                      GTECH_AND_NOT   gtech           0.000000  c, u
S_29                      GTECH_AND_NOT   gtech           0.000000  c, u
S_30                      GTECH_NOT       gtech           0.000000  c, u
S_31                      GTECH_OR_NOT    gtech           0.000000  c, u
S_32                      GTECH_OR2       gtech           0.000000  c, u
S_33                      GTECH_OR2       gtech           0.000000  c, u
S_34                      GTECH_OR2       gtech           0.000000  c, u
S_35                      GTECH_OR2       gtech           0.000000  c, u
S_36                      GTECH_OR2       gtech           0.000000  c, u
S_37                      GTECH_OR2       gtech           0.000000  c, u
S_38                      GTECH_OR2       gtech           0.000000  c, u
S_39                      GTECH_OR2       gtech           0.000000  c, u
S_40                      *SELECT_OP_2.1_2.1_1            0.000000  s, u
S_42                      GTECH_NOT       gtech           0.000000  c, u
S_43                      GTECH_AND_NOT   gtech           0.000000  c, u
S_44                      GTECH_AND_NOT   gtech           0.000000  c, u
S_45                      GTECH_AND2      gtech           0.000000  c, u
S_46                      GTECH_AND2      gtech           0.000000  c, u
S_47                      GTECH_AND_NOT   gtech           0.000000  c, u
S_48                      GTECH_AND2      gtech           0.000000  c, u
S_49                      GTECH_AND_NOT   gtech           0.000000  c, u
S_50                      GTECH_AND2      gtech           0.000000  c, u
S_51                      GTECH_AND2      gtech           0.000000  c, u
S_52                      GTECH_AND_NOT   gtech           0.000000  c, u
S_53                      GTECH_AND_NOT   gtech           0.000000  c, u
S_54                      GTECH_AND2      gtech           0.000000  c, u
S_55                      GTECH_AND2      gtech           0.000000  c, u
S_56                      GTECH_AND_NOT   gtech           0.000000  c, u
S_57                      GTECH_AND_NOT   gtech           0.000000  c, u
S_58                      GTECH_AND2      gtech           0.000000  c, u
S_59                      GTECH_AND2      gtech           0.000000  c, u
S_60                      GTECH_AND2      gtech           0.000000  c, u
S_61                      GTECH_AND_NOT   gtech           0.000000  c, u
S_62                      GTECH_AND_NOT   gtech           0.000000  c, u
S_63                      GTECH_AND2      gtech           0.000000  c, u
S_64                      GTECH_AND_NOT   gtech           0.000000  c, u
S_65                      GTECH_AND2      gtech           0.000000  c, u
S_66                      GTECH_AND_NOT   gtech           0.000000  c, u
S_67                      GTECH_AND2      gtech           0.000000  c, u
S_68                      GTECH_AND_NOT   gtech           0.000000  c, u
S_69                      GTECH_AND2      gtech           0.000000  c, u
S_70                      GTECH_AND_NOT   gtech           0.000000  c, u
S_71                      GTECH_AND_NOT   gtech           0.000000  c, u
S_72                      GTECH_AND_NOT   gtech           0.000000  c, u
S_73                      GTECH_AND2      gtech           0.000000  c, u
S_74                      GTECH_OR2       gtech           0.000000  c, u
S_75                      GTECH_OR2       gtech           0.000000  c, u
S_76                      GTECH_OR_NOT    gtech           0.000000  c, u
S_77                      GTECH_OR_NOT    gtech           0.000000  c, u
S_78                      GTECH_OR2       gtech           0.000000  c, u
S_79                      GTECH_OR_NOT    gtech           0.000000  c, u
S_80                      GTECH_OR2       gtech           0.000000  c, u
S_81                      GTECH_OR_NOT    gtech           0.000000  c, u
S_82                      GTECH_OR_NOT    gtech           0.000000  c, u
S_83                      GTECH_OR2       gtech           0.000000  c, u
S_84                      GTECH_OR2       gtech           0.000000  c, u
S_85                      GTECH_OR_NOT    gtech           0.000000  c, u
S_86                      GTECH_OR_NOT    gtech           0.000000  c, u
S_87                      GTECH_OR2       gtech           0.000000  c, u
S_88                      GTECH_OR2       gtech           0.000000  c, u
S_89                      GTECH_OR_NOT    gtech           0.000000  c, u
S_90                      GTECH_OR_NOT    gtech           0.000000  c, u
S_91                      GTECH_OR_NOT    gtech           0.000000  c, u
S_92                      GTECH_OR2       gtech           0.000000  c, u
S_93                      GTECH_OR2       gtech           0.000000  c, u
S_94                      GTECH_OR_NOT    gtech           0.000000  c, u
S_95                      GTECH_OR2       gtech           0.000000  c, u
S_96                      GTECH_OR_NOT    gtech           0.000000  c, u
S_97                      GTECH_OR2       gtech           0.000000  c, u
S_98                      GTECH_OR_NOT    gtech           0.000000  c, u
S_99                      GTECH_OR2       gtech           0.000000  c, u
S_100                     GTECH_OR_NOT    gtech           0.000000  c, u
S_101                     GTECH_OR2       gtech           0.000000  c, u
S_102                     GTECH_OR2       gtech           0.000000  c, u
S_103                     GTECH_OR2       gtech           0.000000  c, u
S_104                     GTECH_OR_NOT    gtech           0.000000  c, u
S_105                     *SELECT_OP_2.1_2.1_1            0.000000  s, u
S_107                     GTECH_BUF       gtech           0.000000  c, u
S_108                     GTECH_NOT       gtech           0.000000  c, u
S_110                     *SELECT_OP_2.1_2.1_1            0.000000  s, u
S_111                     GTECH_AND2      gtech           0.000000  u
S_112                     GTECH_NOT       gtech           0.000000  u
S_113                     GTECH_AND2      gtech           0.000000  u
S_114                     GTECH_NOT       gtech           0.000000  u
S_115                     GTECH_AND2      gtech           0.000000  u
S_116                     GTECH_AND2      gtech           0.000000  c, u
S_117                     GTECH_AND2      gtech           0.000000  c, u
S_118                     GTECH_AND2      gtech           0.000000  c, u
S_119                     GTECH_AND_NOT   gtech           0.000000  c, u
S_120                     GTECH_AND_NOT   gtech           0.000000  c, u
S_121                     GTECH_AND_NOT   gtech           0.000000  c, u
S_122                     GTECH_AND_NOT   gtech           0.000000  c, u
S_123                     GTECH_AND_NOT   gtech           0.000000  c, u
S_124                     GTECH_AND_NOT   gtech           0.000000  c, u
S_125                     GTECH_NOT       gtech           0.000000  c, u
S_126                     GTECH_OR_NOT    gtech           0.000000  c, u
S_127                     GTECH_OR_NOT    gtech           0.000000  c, u
S_128                     GTECH_OR_NOT    gtech           0.000000  c, u
S_129                     GTECH_OR2       gtech           0.000000  c, u
S_130                     GTECH_OR2       gtech           0.000000  c, u
S_131                     GTECH_OR2       gtech           0.000000  c, u
S_132                     GTECH_OR2       gtech           0.000000  c, u
S_133                     GTECH_OR2       gtech           0.000000  c, u
S_134                     GTECH_OR2       gtech           0.000000  c, u
S_135                     *SELECT_OP_2.1_2.1_1            0.000000  s, u
S_137                     GTECH_AND2      gtech           0.000000  u
S_138                     GTECH_NOT       gtech           0.000000  u
S_139                     GTECH_AND2      gtech           0.000000  u
S_140                     GTECH_NOT       gtech           0.000000  u
S_141                     GTECH_AND2      gtech           0.000000  u
S_142                     GTECH_AND2      gtech           0.000000  c, u
S_143                     GTECH_AND2      gtech           0.000000  c, u
S_144                     GTECH_AND2      gtech           0.000000  c, u
S_145                     GTECH_AND_NOT   gtech           0.000000  c, u
S_146                     GTECH_AND_NOT   gtech           0.000000  c, u
S_147                     GTECH_AND_NOT   gtech           0.000000  c, u
S_148                     GTECH_AND_NOT   gtech           0.000000  c, u
S_149                     GTECH_AND_NOT   gtech           0.000000  c, u
S_150                     GTECH_AND2      gtech           0.000000  c, u
S_151                     GTECH_NOT       gtech           0.000000  c, u
S_152                     GTECH_OR_NOT    gtech           0.000000  c, u
S_153                     GTECH_OR_NOT    gtech           0.000000  c, u
S_154                     GTECH_OR_NOT    gtech           0.000000  c, u
S_155                     GTECH_OR2       gtech           0.000000  c, u
S_156                     GTECH_OR2       gtech           0.000000  c, u
S_157                     GTECH_OR2       gtech           0.000000  c, u
S_158                     GTECH_OR2       gtech           0.000000  c, u
S_159                     GTECH_OR2       gtech           0.000000  c, u
S_160                     GTECH_OR_NOT    gtech           0.000000  c, u
S_161                     *SELECT_OP_2.1_2.1_1            0.000000  s, u
S_163                     GTECH_BUF       gtech           0.000000  c, u
S_164                     GTECH_NOT       gtech           0.000000  c, u
S_166                     *SELECT_OP_2.1_2.1_1            0.000000  s, u
S_167                     GTECH_BUF       gtech           0.000000  c, u
S_168                     GTECH_NOT       gtech           0.000000  c, u
S_170                     *SELECT_OP_2.1_2.1_1            0.000000  s, u
S_171                     GTECH_NOT       gtech           0.000000  u
S_172                     GTECH_AND2      gtech           0.000000  u
S_173                     GTECH_NOT       gtech           0.000000  u
S_174                     GTECH_AND2      gtech           0.000000  u
S_175                     GTECH_NOT       gtech           0.000000  c, u
S_176                     GTECH_BUF       gtech           0.000000  c, u
S_177                     *SELECT_OP_2.1_2.1_1            0.000000  s, u
S_179                     GTECH_NOT       gtech           0.000000  c, u
S_180                     GTECH_BUF       gtech           0.000000  c, u
S_181                     *SELECT_OP_2.1_2.1_1            0.000000  s, u
U12                       GTECH_NOT       gtech           0.000000  c, u
U13                       GTECH_BUF       gtech           0.000000  c, u
U26                       GTECH_NOT       gtech           0.000000  c, u
U27                       GTECH_BUF       gtech           0.000000  c, u
U40                       GTECH_NOT       gtech           0.000000  c, u
U41                       GTECH_BUF       gtech           0.000000  c, u
U82                       GTECH_BUF       gtech           0.000000  c, u
U83                       GTECH_NOT       gtech           0.000000  c, u
U84                       *SELECT_OP_2.32_2.1_32          0.000000  s, u
U85                       *SELECT_OP_2.1_2.1_1            0.000000  s, u
U90                       GTECH_NOT       gtech           0.000000  c, u
U91                       GTECH_AND_NOT   gtech           0.000000  c, u
U92                       GTECH_AND_NOT   gtech           0.000000  c, u
U93                       GTECH_AND_NOT   gtech           0.000000  c, u
U94                       GTECH_AND_NOT   gtech           0.000000  c, u
U95                       GTECH_AND_NOT   gtech           0.000000  c, u
U96                       GTECH_AND_NOT   gtech           0.000000  c, u
U97                       GTECH_AND2      gtech           0.000000  c, u
U98                       GTECH_AND_NOT   gtech           0.000000  c, u
U99                       GTECH_AND_NOT   gtech           0.000000  c, u
U100                      GTECH_AND_NOT   gtech           0.000000  c, u
U101                      GTECH_AND_NOT   gtech           0.000000  c, u
U102                      GTECH_AND_NOT   gtech           0.000000  c, u
U103                      GTECH_AND2      gtech           0.000000  c, u
U104                      GTECH_AND2      gtech           0.000000  c, u
U105                      GTECH_AND_NOT   gtech           0.000000  c, u
U106                      GTECH_AND_NOT   gtech           0.000000  c, u
U107                      GTECH_AND_NOT   gtech           0.000000  c, u
U108                      GTECH_AND2      gtech           0.000000  c, u
U109                      GTECH_AND2      gtech           0.000000  c, u
U110                      GTECH_AND2      gtech           0.000000  c, u
U111                      GTECH_OR_NOT    gtech           0.000000  c, u
U112                      GTECH_OR_NOT    gtech           0.000000  c, u
U113                      GTECH_OR_NOT    gtech           0.000000  c, u
U114                      GTECH_OR_NOT    gtech           0.000000  c, u
U115                      GTECH_OR_NOT    gtech           0.000000  c, u
U116                      GTECH_MUX2      gtech           0.000000  c, u
U117                      GTECH_OR2       gtech           0.000000  c, u
U118                      GTECH_MUX2      gtech           0.000000  c, u
U119                      GTECH_OR2       gtech           0.000000  c, u
U120                      GTECH_OR2       gtech           0.000000  c, u
U121                      GTECH_MUX2      gtech           0.000000  c, u
U122                      *SELECT_OP_5.32_5.1_32          0.000000  s, u
U123                      *SELECT_OP_2.1_2.1_1            0.000000  s, u
U141                      GTECH_BUF       gtech           0.000000  c, u
U142                      GTECH_NOT       gtech           0.000000  c, u
U143                      *SELECT_OP_2.8_2.1_8            0.000000  s, u
U144                      *SELECT_OP_1_1_1                0.000000  s, u
U153                      GTECH_NOT       gtech           0.000000  c, u
U154                      GTECH_AND_NOT   gtech           0.000000  c, u
U155                      GTECH_AND_NOT   gtech           0.000000  c, u
U156                      GTECH_AND2      gtech           0.000000  c, u
U157                      GTECH_AND2      gtech           0.000000  c, u
U158                      GTECH_AND_NOT   gtech           0.000000  c, u
U159                      GTECH_AND2      gtech           0.000000  c, u
U160                      GTECH_AND_NOT   gtech           0.000000  c, u
U161                      GTECH_AND_NOT   gtech           0.000000  c, u
U162                      GTECH_AND2      gtech           0.000000  c, u
U163                      GTECH_AND2      gtech           0.000000  c, u
U164                      GTECH_AND_NOT   gtech           0.000000  c, u
U165                      GTECH_AND2      gtech           0.000000  c, u
U166                      *SELECT_OP_7.8_7.1_8            0.000000  s, u
U174                      GTECH_NOT       gtech           0.000000  c, u
U175                      GTECH_BUF       gtech           0.000000  c, u
U180                      GTECH_NOT       gtech           0.000000  u
U181                      GTECH_NOT       gtech           0.000000  u
U183                      GTECH_NOT       gtech           0.000000  u
U215                      GTECH_NOT       gtech           0.000000  u
U216                      GTECH_NOT       gtech           0.000000  u
U217                      GTECH_NOT       gtech           0.000000  u
U218                      GTECH_NOT       gtech           0.000000  u
U219                      GTECH_NOT       gtech           0.000000  u
U220                      GTECH_NOT       gtech           0.000000  u
U221                      GTECH_NOT       gtech           0.000000  u
U222                      GTECH_NOT       gtech           0.000000  u
U223                      GTECH_NOT       gtech           0.000000  u
U224                      GTECH_NOT       gtech           0.000000  u
U225                      GTECH_NOT       gtech           0.000000  u
U226                      GTECH_NOT       gtech           0.000000  u
U227                      GTECH_NOT       gtech           0.000000  u
U228                      GTECH_NOT       gtech           0.000000  u
U229                      GTECH_NOT       gtech           0.000000  u
U230                      GTECH_NOT       gtech           0.000000  u
U231                      GTECH_NOT       gtech           0.000000  u
U232                      GTECH_NOT       gtech           0.000000  u
U233                      GTECH_NOT       gtech           0.000000  u
U234                      GTECH_NOT       gtech           0.000000  u
U235                      GTECH_NOT       gtech           0.000000  u
U236                      GTECH_NOT       gtech           0.000000  u
U237                      GTECH_NOT       gtech           0.000000  u
U238                      GTECH_NOT       gtech           0.000000  u
U239                      GTECH_NOT       gtech           0.000000  u
U240                      GTECH_NOT       gtech           0.000000  u
U241                      GTECH_NOT       gtech           0.000000  u
U242                      GTECH_NOT       gtech           0.000000  u
U243                      GTECH_NOT       gtech           0.000000  u
U244                      GTECH_NOT       gtech           0.000000  u
U245                      GTECH_NOT       gtech           0.000000  u
U246                      GTECH_NOT       gtech           0.000000  u
U247                      GTECH_NOT       gtech           0.000000  u
U248                      *GEN*25                         0.000000  u
U254                      *GEN*27                         0.000000  c, u
U257                      *GEN*29                         0.000000  c, u
U260                      *GEN*31                         0.000000  c, u
WdogITCR_reg              **SEQGEN**                      0.000000  n, u
WdogITOP_reg_0            **SEQGEN**                      0.000000  n, u
WdogITOP_reg_1            **SEQGEN**                      0.000000  n, u
WdogLock_reg              **SEQGEN**                      0.000000  n, u
iPRDATA_reg_0             **SEQGEN**                      0.000000  n, u
iPRDATA_reg_1             **SEQGEN**                      0.000000  n, u
iPRDATA_reg_2             **SEQGEN**                      0.000000  n, u
iPRDATA_reg_3             **SEQGEN**                      0.000000  n, u
iPRDATA_reg_4             **SEQGEN**                      0.000000  n, u
iPRDATA_reg_5             **SEQGEN**                      0.000000  n, u
iPRDATA_reg_6             **SEQGEN**                      0.000000  n, u
iPRDATA_reg_7             **SEQGEN**                      0.000000  n, u
iPRDATA_reg_8             **SEQGEN**                      0.000000  n, u
iPRDATA_reg_9             **SEQGEN**                      0.000000  n, u
iPRDATA_reg_10            **SEQGEN**                      0.000000  n, u
iPRDATA_reg_11            **SEQGEN**                      0.000000  n, u
iPRDATA_reg_12            **SEQGEN**                      0.000000  n, u
iPRDATA_reg_13            **SEQGEN**                      0.000000  n, u
iPRDATA_reg_14            **SEQGEN**                      0.000000  n, u
iPRDATA_reg_15            **SEQGEN**                      0.000000  n, u
iPRDATA_reg_16            **SEQGEN**                      0.000000  n, u
iPRDATA_reg_17            **SEQGEN**                      0.000000  n, u
iPRDATA_reg_18            **SEQGEN**                      0.000000  n, u
iPRDATA_reg_19            **SEQGEN**                      0.000000  n, u
iPRDATA_reg_20            **SEQGEN**                      0.000000  n, u
iPRDATA_reg_21            **SEQGEN**                      0.000000  n, u
iPRDATA_reg_22            **SEQGEN**                      0.000000  n, u
iPRDATA_reg_23            **SEQGEN**                      0.000000  n, u
iPRDATA_reg_24            **SEQGEN**                      0.000000  n, u
iPRDATA_reg_25            **SEQGEN**                      0.000000  n, u
iPRDATA_reg_26            **SEQGEN**                      0.000000  n, u
iPRDATA_reg_27            **SEQGEN**                      0.000000  n, u
iPRDATA_reg_28            **SEQGEN**                      0.000000  n, u
iPRDATA_reg_29            **SEQGEN**                      0.000000  n, u
iPRDATA_reg_30            **SEQGEN**                      0.000000  n, u
iPRDATA_reg_31            **SEQGEN**                      0.000000  n, u
u0RevAnd                  RevAnd_3_Watchdog               0.000000  d, h, u
u1RevAnd                  RevAnd_2_Watchdog               0.000000  d, h, u
u2RevAnd                  RevAnd_1_Watchdog               0.000000  d, h, u
u3RevAnd                  RevAnd_0_Watchdog               0.000000  d, h, u
uWdogFrc/CountStopReg_reg **SEQGEN**                      0.000000  n, u
uWdogFrc/Count_reg_0      **SEQGEN**                      0.000000  n, u
uWdogFrc/Count_reg_1      **SEQGEN**                      0.000000  n, u
uWdogFrc/Count_reg_2      **SEQGEN**                      0.000000  n, u
uWdogFrc/Count_reg_3      **SEQGEN**                      0.000000  n, u
uWdogFrc/Count_reg_4      **SEQGEN**                      0.000000  n, u
uWdogFrc/Count_reg_5      **SEQGEN**                      0.000000  n, u
uWdogFrc/Count_reg_6      **SEQGEN**                      0.000000  n, u
uWdogFrc/Count_reg_7      **SEQGEN**                      0.000000  n, u
uWdogFrc/Count_reg_8      **SEQGEN**                      0.000000  n, u
uWdogFrc/Count_reg_9      **SEQGEN**                      0.000000  n, u
uWdogFrc/Count_reg_10     **SEQGEN**                      0.000000  n, u
uWdogFrc/Count_reg_11     **SEQGEN**                      0.000000  n, u
uWdogFrc/Count_reg_12     **SEQGEN**                      0.000000  n, u
uWdogFrc/Count_reg_13     **SEQGEN**                      0.000000  n, u
uWdogFrc/Count_reg_14     **SEQGEN**                      0.000000  n, u
uWdogFrc/Count_reg_15     **SEQGEN**                      0.000000  n, u
uWdogFrc/Count_reg_16     **SEQGEN**                      0.000000  n, u
uWdogFrc/Count_reg_17     **SEQGEN**                      0.000000  n, u
uWdogFrc/Count_reg_18     **SEQGEN**                      0.000000  n, u
uWdogFrc/Count_reg_19     **SEQGEN**                      0.000000  n, u
uWdogFrc/Count_reg_20     **SEQGEN**                      0.000000  n, u
uWdogFrc/Count_reg_21     **SEQGEN**                      0.000000  n, u
uWdogFrc/Count_reg_22     **SEQGEN**                      0.000000  n, u
uWdogFrc/Count_reg_23     **SEQGEN**                      0.000000  n, u
uWdogFrc/Count_reg_24     **SEQGEN**                      0.000000  n, u
uWdogFrc/Count_reg_25     **SEQGEN**                      0.000000  n, u
uWdogFrc/Count_reg_26     **SEQGEN**                      0.000000  n, u
uWdogFrc/Count_reg_27     **SEQGEN**                      0.000000  n, u
uWdogFrc/Count_reg_28     **SEQGEN**                      0.000000  n, u
uWdogFrc/Count_reg_29     **SEQGEN**                      0.000000  n, u
uWdogFrc/Count_reg_30     **SEQGEN**                      0.000000  n, u
uWdogFrc/Count_reg_31     **SEQGEN**                      0.000000  n, u
uWdogFrc/IntClrRegW_reg   **SEQGEN**                      0.000000  n, u
uWdogFrc/IntClrTogP_reg   **SEQGEN**                      0.000000  n, u
uWdogFrc/IntClrTogW_reg   **SEQGEN**                      0.000000  n, u
uWdogFrc/LoadReqTogP_reg  **SEQGEN**                      0.000000  n, u
uWdogFrc/LoadReqTogW_reg  **SEQGEN**                      0.000000  n, u
uWdogFrc/S_0              GTECH_AND2      gtech           0.000000  u
uWdogFrc/S_1              GTECH_NOT       gtech           0.000000  u
uWdogFrc/S_2              GTECH_AND2      gtech           0.000000  u
uWdogFrc/S_3              GTECH_NOT       gtech           0.000000  u
uWdogFrc/S_4              GTECH_AND2      gtech           0.000000  u
uWdogFrc/S_5              GTECH_NOT       gtech           0.000000  c, u
uWdogFrc/S_6              GTECH_AND2      gtech           0.000000  c, u
uWdogFrc/S_7              GTECH_AND_NOT   gtech           0.000000  c, u
uWdogFrc/S_8              GTECH_OR_NOT    gtech           0.000000  c, u
uWdogFrc/S_9              GTECH_OR2       gtech           0.000000  c, u
uWdogFrc/S_10             *SELECT_OP_2.1_2.1_1            0.000000  s, u
uWdogFrc/S_12             GTECH_BUF       gtech           0.000000  c, u
uWdogFrc/S_13             GTECH_NOT       gtech           0.000000  c, u
uWdogFrc/S_15             *SELECT_OP_2.1_2.1_1            0.000000  s, u
uWdogFrc/S_16             GTECH_BUF       gtech           0.000000  c, u
uWdogFrc/S_17             GTECH_NOT       gtech           0.000000  c, u
uWdogFrc/S_19             *SELECT_OP_2.1_2.1_1            0.000000  s, u
uWdogFrc/S_20             GTECH_NOT       gtech           0.000000  u
uWdogFrc/S_21             GTECH_AND2      gtech           0.000000  u
uWdogFrc/S_22             GTECH_AND2      gtech           0.000000  u
uWdogFrc/S_23             GTECH_NOT       gtech           0.000000  u
uWdogFrc/S_24             GTECH_AND2      gtech           0.000000  u
uWdogFrc/S_25             GTECH_NOT       gtech           0.000000  u
uWdogFrc/S_26             GTECH_AND2      gtech           0.000000  u
uWdogFrc/S_27             GTECH_NOT       gtech           0.000000  c, u
uWdogFrc/S_28             GTECH_AND_NOT   gtech           0.000000  c, u
uWdogFrc/S_29             GTECH_AND_NOT   gtech           0.000000  c, u
uWdogFrc/S_30             GTECH_OR2       gtech           0.000000  c, u
uWdogFrc/S_31             GTECH_OR2       gtech           0.000000  c, u
uWdogFrc/S_32             *SELECT_OP_2.1_2.1_1            0.000000  s, u
uWdogFrc/S_34             GTECH_BUF       gtech           0.000000  c, u
uWdogFrc/S_35             GTECH_NOT       gtech           0.000000  c, u
uWdogFrc/S_37             *SELECT_OP_2.1_2.1_1            0.000000  s, u
uWdogFrc/S_38             GTECH_NOT       gtech           0.000000  u
uWdogFrc/S_39             GTECH_AND2      gtech           0.000000  u
uWdogFrc/S_40             GTECH_BUF       gtech           0.000000  c, u
uWdogFrc/S_41             GTECH_NOT       gtech           0.000000  c, u
uWdogFrc/S_42             *SELECT_OP_2.1_2.1_1            0.000000  s, u
uWdogFrc/S_44             GTECH_NOT       gtech           0.000000  u
uWdogFrc/S_45             GTECH_BUF       gtech           0.000000  c, u
uWdogFrc/S_46             GTECH_NOT       gtech           0.000000  c, u
uWdogFrc/S_48             *SELECT_OP_2.1_2.1_1            0.000000  s, u
uWdogFrc/S_49             GTECH_BUF       gtech           0.000000  c, u
uWdogFrc/S_50             GTECH_NOT       gtech           0.000000  c, u
uWdogFrc/S_52             *SELECT_OP_2.1_2.1_1            0.000000  s, u
uWdogFrc/S_53             GTECH_XOR2      gtech           0.000000  u
uWdogFrc/S_54             GTECH_NOT       gtech           0.000000  c, u
uWdogFrc/S_55             GTECH_AND_NOT   gtech           0.000000  c, u
uWdogFrc/S_56             GTECH_AND_NOT   gtech           0.000000  c, u
uWdogFrc/S_57             GTECH_AND_NOT   gtech           0.000000  c, u
uWdogFrc/S_58             GTECH_AND_NOT   gtech           0.000000  c, u
uWdogFrc/S_59             GTECH_AND_NOT   gtech           0.000000  c, u
uWdogFrc/S_60             GTECH_AND_NOT   gtech           0.000000  c, u
uWdogFrc/S_61             GTECH_AND_NOT   gtech           0.000000  c, u
uWdogFrc/S_62             GTECH_AND_NOT   gtech           0.000000  c, u
uWdogFrc/S_63             GTECH_AND_NOT   gtech           0.000000  c, u
uWdogFrc/S_64             GTECH_AND_NOT   gtech           0.000000  c, u
uWdogFrc/S_65             GTECH_AND_NOT   gtech           0.000000  c, u
uWdogFrc/S_66             GTECH_AND_NOT   gtech           0.000000  c, u
uWdogFrc/S_67             GTECH_AND_NOT   gtech           0.000000  c, u
uWdogFrc/S_68             GTECH_AND_NOT   gtech           0.000000  c, u
uWdogFrc/S_69             GTECH_AND_NOT   gtech           0.000000  c, u
uWdogFrc/S_70             GTECH_OR2       gtech           0.000000  c, u
uWdogFrc/S_71             GTECH_OR2       gtech           0.000000  c, u
uWdogFrc/S_72             GTECH_OR2       gtech           0.000000  c, u
uWdogFrc/S_73             GTECH_OR2       gtech           0.000000  c, u
uWdogFrc/S_74             GTECH_OR2       gtech           0.000000  c, u
uWdogFrc/S_75             GTECH_OR2       gtech           0.000000  c, u
uWdogFrc/S_76             GTECH_OR2       gtech           0.000000  c, u
uWdogFrc/S_77             GTECH_OR2       gtech           0.000000  c, u
uWdogFrc/S_78             GTECH_OR2       gtech           0.000000  c, u
uWdogFrc/S_79             GTECH_OR2       gtech           0.000000  c, u
uWdogFrc/S_80             GTECH_OR2       gtech           0.000000  c, u
uWdogFrc/S_81             GTECH_OR2       gtech           0.000000  c, u
uWdogFrc/S_82             GTECH_OR2       gtech           0.000000  c, u
uWdogFrc/S_83             GTECH_OR2       gtech           0.000000  c, u
uWdogFrc/S_84             GTECH_OR2       gtech           0.000000  c, u
uWdogFrc/S_85             *SELECT_OP_2.1_2.1_1            0.000000  s, u
uWdogFrc/S_87             GTECH_NOT       gtech           0.000000  u
uWdogFrc/S_88             GTECH_NOT       gtech           0.000000  u
uWdogFrc/S_89             GTECH_NOT       gtech           0.000000  u
uWdogFrc/S_90             GTECH_NOT       gtech           0.000000  u
uWdogFrc/S_91             GTECH_NOT       gtech           0.000000  u
uWdogFrc/S_92             GTECH_NOT       gtech           0.000000  u
uWdogFrc/S_93             GTECH_NOT       gtech           0.000000  u
uWdogFrc/S_94             GTECH_NOT       gtech           0.000000  u
uWdogFrc/S_95             GTECH_NOT       gtech           0.000000  u
uWdogFrc/S_96             GTECH_NOT       gtech           0.000000  u
uWdogFrc/S_97             GTECH_NOT       gtech           0.000000  u
uWdogFrc/S_98             GTECH_NOT       gtech           0.000000  u
uWdogFrc/S_99             GTECH_NOT       gtech           0.000000  u
uWdogFrc/S_100            GTECH_NOT       gtech           0.000000  u
uWdogFrc/S_101            GTECH_NOT       gtech           0.000000  u
uWdogFrc/S_102            GTECH_NOT       gtech           0.000000  u
uWdogFrc/S_103            GTECH_AND2      gtech           0.000000  u
uWdogFrc/S_104            GTECH_AND2      gtech           0.000000  u
uWdogFrc/S_105            GTECH_AND2      gtech           0.000000  u
uWdogFrc/S_106            GTECH_AND2      gtech           0.000000  u
uWdogFrc/S_107            GTECH_AND2      gtech           0.000000  u
uWdogFrc/S_108            GTECH_AND2      gtech           0.000000  u
uWdogFrc/S_109            GTECH_AND2      gtech           0.000000  u
uWdogFrc/S_110            GTECH_AND2      gtech           0.000000  u
uWdogFrc/S_111            GTECH_AND2      gtech           0.000000  u
uWdogFrc/S_112            GTECH_AND2      gtech           0.000000  u
uWdogFrc/S_113            GTECH_AND2      gtech           0.000000  u
uWdogFrc/S_114            GTECH_AND2      gtech           0.000000  u
uWdogFrc/S_115            GTECH_AND2      gtech           0.000000  u
uWdogFrc/S_116            GTECH_AND2      gtech           0.000000  u
uWdogFrc/S_117            GTECH_AND2      gtech           0.000000  u
uWdogFrc/S_118            GTECH_AND2      gtech           0.000000  u
uWdogFrc/S_119            GTECH_BUF       gtech           0.000000  c, u
uWdogFrc/S_120            GTECH_NOT       gtech           0.000000  c, u
uWdogFrc/S_121            *SELECT_OP_2.1_2.1_1            0.000000  s, u
uWdogFrc/S_123            GTECH_OR2       gtech           0.000000  u
uWdogFrc/S_124            GTECH_OR2       gtech           0.000000  u
uWdogFrc/S_125            GTECH_OR2       gtech           0.000000  u
uWdogFrc/S_126            GTECH_BUF       gtech           0.000000  c, u
uWdogFrc/S_127            GTECH_NOT       gtech           0.000000  c, u
uWdogFrc/S_128            *SELECT_OP_2.32_2.1_32          0.000000  s, u
uWdogFrc/S_129            *SELECT_OP_2.16_2.1_16          0.000000  s, u
uWdogFrc/S_130            GTECH_BUF       gtech           0.000000  c, u
uWdogFrc/S_131            GTECH_NOT       gtech           0.000000  c, u
uWdogFrc/S_132            GTECH_AND2      gtech           0.000000  c, u
uWdogFrc/S_133            GTECH_AND_NOT   gtech           0.000000  c, u
uWdogFrc/S_134            *SELECT_OP_3.1_3.1_1            0.000000  s, u
uWdogFrc/S_136            GTECH_BUF       gtech           0.000000  c, u
uWdogFrc/S_137            GTECH_NOT       gtech           0.000000  c, u
uWdogFrc/S_139            *SELECT_OP_2.1_2.1_1            0.000000  s, u
uWdogFrc/S_140            GTECH_AND2      gtech           0.000000  u
uWdogFrc/S_141            GTECH_NOT       gtech           0.000000  u
uWdogFrc/S_142            GTECH_AND2      gtech           0.000000  u
uWdogFrc/S_143            GTECH_OR2       gtech           0.000000  u
uWdogFrc/S_144            GTECH_BUF       gtech           0.000000  c, u
uWdogFrc/S_145            GTECH_NOT       gtech           0.000000  c, u
uWdogFrc/S_147            *SELECT_OP_2.32_2.1_32          0.000000  s, u
uWdogFrc/S_148            GTECH_NOT       gtech           0.000000  u
uWdogFrc/S_149            GTECH_AND2      gtech           0.000000  u
uWdogFrc/S_150            GTECH_AND2      gtech           0.000000  u
uWdogFrc/S_151            GTECH_NOT       gtech           0.000000  u
uWdogFrc/S_152            GTECH_AND2      gtech           0.000000  u
uWdogFrc/S_153            GTECH_NOT       gtech           0.000000  u
uWdogFrc/S_154            GTECH_AND2      gtech           0.000000  u
uWdogFrc/S_155            GTECH_NOT       gtech           0.000000  u
uWdogFrc/S_156            GTECH_AND2      gtech           0.000000  u
uWdogFrc/S_157            GTECH_AND2      gtech           0.000000  u
uWdogFrc/S_158            GTECH_AND2      gtech           0.000000  u
uWdogFrc/S_159            GTECH_BUF       gtech           0.000000  c, u
uWdogFrc/S_160            GTECH_NOT       gtech           0.000000  c, u
uWdogFrc/S_161            *SELECT_OP_2.1_2.1_1            0.000000  s, u
uWdogFrc/S_163            GTECH_NOT       gtech           0.000000  u
uWdogFrc/S_164            GTECH_BUF       gtech           0.000000  c, u
uWdogFrc/S_165            GTECH_NOT       gtech           0.000000  c, u
uWdogFrc/S_167            *SELECT_OP_2.1_2.1_1            0.000000  s, u
uWdogFrc/S_168            GTECH_BUF       gtech           0.000000  c, u
uWdogFrc/S_169            GTECH_NOT       gtech           0.000000  c, u
uWdogFrc/S_171            *SELECT_OP_2.1_2.1_1            0.000000  s, u
uWdogFrc/S_172            GTECH_XOR2      gtech           0.000000  u
uWdogFrc/S_173            GTECH_BUF       gtech           0.000000  c, u
uWdogFrc/S_174            GTECH_NOT       gtech           0.000000  c, u
uWdogFrc/S_175            GTECH_AND_NOT   gtech           0.000000  c, u
uWdogFrc/S_176            GTECH_AND2      gtech           0.000000  c, u
uWdogFrc/S_177            *SELECT_OP_3.1_3.1_1            0.000000  s, u
uWdogFrc/S_179            GTECH_BUF       gtech           0.000000  c, u
uWdogFrc/S_180            GTECH_NOT       gtech           0.000000  c, u
uWdogFrc/S_182            *SELECT_OP_2.1_2.1_1            0.000000  s, u
uWdogFrc/S_183            GTECH_OR2       gtech           0.000000  u
uWdogFrc/S_184            GTECH_NOT       gtech           0.000000  u
uWdogFrc/S_185            GTECH_AND2      gtech           0.000000  u
uWdogFrc/S_186            GTECH_BUF       gtech           0.000000  c, u
uWdogFrc/S_187            GTECH_NOT       gtech           0.000000  c, u
uWdogFrc/S_189            *SELECT_OP_2.1_2.1_1            0.000000  s, u
uWdogFrc/S_190            GTECH_AND2      gtech           0.000000  u
uWdogFrc/S_191            GTECH_AND2      gtech           0.000000  u
uWdogFrc/S_192            GTECH_NOT       gtech           0.000000  c, u
uWdogFrc/S_193            GTECH_AND2      gtech           0.000000  c, u
uWdogFrc/S_194            GTECH_AND_NOT   gtech           0.000000  c, u
uWdogFrc/S_195            *SELECT_OP_2.1_2.1_1            0.000000  s, u
uWdogFrc/S_196            *SELECT_OP_2.1_2.1_1            0.000000  s, u
uWdogFrc/S_197            GTECH_BUF       gtech           0.000000  c, u
uWdogFrc/S_198            GTECH_NOT       gtech           0.000000  c, u
uWdogFrc/S_200            *SELECT_OP_2.1_2.1_1            0.000000  s, u
uWdogFrc/U12              GTECH_NOT       gtech           0.000000  c, u
uWdogFrc/U13              GTECH_BUF       gtech           0.000000  c, u
uWdogFrc/U26              GTECH_NOT       gtech           0.000000  c, u
uWdogFrc/U27              GTECH_BUF       gtech           0.000000  c, u
uWdogFrc/U40              GTECH_NOT       gtech           0.000000  c, u
uWdogFrc/U41              GTECH_BUF       gtech           0.000000  c, u
uWdogFrc/U54              GTECH_NOT       gtech           0.000000  c, u
uWdogFrc/U55              GTECH_BUF       gtech           0.000000  c, u
uWdogFrc/U68              GTECH_NOT       gtech           0.000000  c, u
uWdogFrc/U69              GTECH_BUF       gtech           0.000000  c, u
uWdogFrc/U74              GTECH_BUF       gtech           0.000000  c, u
uWdogFrc/U77              GTECH_BUF       gtech           0.000000  c, u
uWdogFrc/U78              GTECH_NOT       gtech           0.000000  c, u
uWdogFrc/U80              *SELECT_OP_2.16_2.1_16          0.000000  s, u
uWdogFrc/U89              GTECH_NOT       gtech           0.000000  c, u
uWdogFrc/U90              GTECH_BUF       gtech           0.000000  c, u
uWdogFrc/U103             GTECH_NOT       gtech           0.000000  c, u
uWdogFrc/U104             GTECH_BUF       gtech           0.000000  c, u
uWdogFrc/U117             GTECH_NOT       gtech           0.000000  c, u
uWdogFrc/U118             GTECH_BUF       gtech           0.000000  c, u
uWdogFrc/U131             GTECH_NOT       gtech           0.000000  c, u
uWdogFrc/U132             GTECH_BUF       gtech           0.000000  c, u
uWdogFrc/U145             GTECH_NOT       gtech           0.000000  c, u
uWdogFrc/U146             GTECH_BUF       gtech           0.000000  c, u
uWdogFrc/U159             GTECH_NOT       gtech           0.000000  c, u
uWdogFrc/U160             GTECH_BUF       gtech           0.000000  c, u
uWdogFrc/U173             GTECH_NOT       gtech           0.000000  c, u
uWdogFrc/U174             GTECH_BUF       gtech           0.000000  c, u
uWdogFrc/U194             *GEN*32                         0.000000  u
uWdogFrc/U195             *GEN*33                         0.000000  u
uWdogFrc/U196             *GEN*34                         0.000000  u
uWdogFrc/U197             GTECH_BUF       gtech           0.000000  c, u
uWdogFrc/U198             GTECH_NOT       gtech           0.000000  c, u
uWdogFrc/U199             *SELECT_OP_2.32_2.1_32          0.000000  s, u
uWdogFrc/U206             GTECH_NOT       gtech           0.000000  c, u
uWdogFrc/U207             GTECH_AND_NOT   gtech           0.000000  c, u
uWdogFrc/U208             GTECH_AND_NOT   gtech           0.000000  c, u
uWdogFrc/U209             GTECH_AND2      gtech           0.000000  c, u
uWdogFrc/U210             GTECH_AND2      gtech           0.000000  c, u
uWdogFrc/U211             GTECH_AND_NOT   gtech           0.000000  c, u
uWdogFrc/U212             GTECH_AND_NOT   gtech           0.000000  c, u
uWdogFrc/U213             GTECH_AND_NOT   gtech           0.000000  c, u
uWdogFrc/U214             GTECH_AND2      gtech           0.000000  c, u
uWdogFrc/U215             GTECH_AND2      gtech           0.000000  c, u
uWdogFrc/U216             GTECH_MUX2      gtech           0.000000  c, u
uWdogFrc/U217             *SELECT_OP_6.32_6.1_32          0.000000  s, u
uWdogFrc/U220             GTECH_NOT       gtech           0.000000  u
uWdogFrc/U221             GTECH_NOT       gtech           0.000000  u
uWdogFrc/U253             GTECH_NOT       gtech           0.000000  u
uWdogFrc/U254             GTECH_NOT       gtech           0.000000  u
uWdogFrc/U255             GTECH_NOT       gtech           0.000000  u
uWdogFrc/U256             GTECH_NOT       gtech           0.000000  u
uWdogFrc/U257             GTECH_NOT       gtech           0.000000  u
uWdogFrc/U258             GTECH_NOT       gtech           0.000000  u
uWdogFrc/U259             GTECH_NOT       gtech           0.000000  u
uWdogFrc/U260             GTECH_NOT       gtech           0.000000  u
uWdogFrc/U261             GTECH_NOT       gtech           0.000000  u
uWdogFrc/U262             GTECH_NOT       gtech           0.000000  u
uWdogFrc/U263             GTECH_NOT       gtech           0.000000  u
uWdogFrc/U264             GTECH_NOT       gtech           0.000000  u
uWdogFrc/U265             GTECH_NOT       gtech           0.000000  u
uWdogFrc/U266             GTECH_NOT       gtech           0.000000  u
uWdogFrc/U267             GTECH_NOT       gtech           0.000000  u
uWdogFrc/U268             GTECH_NOT       gtech           0.000000  u
uWdogFrc/U269             GTECH_NOT       gtech           0.000000  u
uWdogFrc/U270             GTECH_NOT       gtech           0.000000  u
uWdogFrc/U271             GTECH_NOT       gtech           0.000000  u
uWdogFrc/U272             GTECH_NOT       gtech           0.000000  u
uWdogFrc/U273             GTECH_NOT       gtech           0.000000  u
uWdogFrc/U274             GTECH_NOT       gtech           0.000000  u
uWdogFrc/U275             GTECH_NOT       gtech           0.000000  u
uWdogFrc/U276             GTECH_NOT       gtech           0.000000  u
uWdogFrc/U277             GTECH_NOT       gtech           0.000000  u
uWdogFrc/U278             GTECH_NOT       gtech           0.000000  u
uWdogFrc/U279             GTECH_NOT       gtech           0.000000  u
uWdogFrc/U280             GTECH_NOT       gtech           0.000000  u
uWdogFrc/U281             GTECH_NOT       gtech           0.000000  u
uWdogFrc/U282             GTECH_NOT       gtech           0.000000  u
uWdogFrc/U283             GTECH_NOT       gtech           0.000000  u
uWdogFrc/U284             GTECH_NOT       gtech           0.000000  u
uWdogFrc/U285             GTECH_NOT       gtech           0.000000  u
uWdogFrc/U286             GTECH_NOT       gtech           0.000000  u
uWdogFrc/U287             GTECH_NOT       gtech           0.000000  u
uWdogFrc/U288             GTECH_NOT       gtech           0.000000  u
uWdogFrc/U289             GTECH_NOT       gtech           0.000000  u
uWdogFrc/U290             GTECH_NOT       gtech           0.000000  u
uWdogFrc/U291             GTECH_NOT       gtech           0.000000  u
uWdogFrc/U292             GTECH_NOT       gtech           0.000000  u
uWdogFrc/U293             GTECH_NOT       gtech           0.000000  u
uWdogFrc/U294             GTECH_NOT       gtech           0.000000  u
uWdogFrc/U295             GTECH_NOT       gtech           0.000000  u
uWdogFrc/U296             GTECH_NOT       gtech           0.000000  u
uWdogFrc/U297             GTECH_NOT       gtech           0.000000  u
uWdogFrc/U298             GTECH_NOT       gtech           0.000000  u
uWdogFrc/U299             GTECH_NOT       gtech           0.000000  u
uWdogFrc/U300             GTECH_NOT       gtech           0.000000  u
uWdogFrc/U301             GTECH_NOT       gtech           0.000000  u
uWdogFrc/U302             GTECH_NOT       gtech           0.000000  u
uWdogFrc/U303             GTECH_NOT       gtech           0.000000  u
uWdogFrc/U304             GTECH_NOT       gtech           0.000000  u
uWdogFrc/U305             GTECH_NOT       gtech           0.000000  u
uWdogFrc/U306             GTECH_NOT       gtech           0.000000  u
uWdogFrc/U307             GTECH_NOT       gtech           0.000000  u
uWdogFrc/U308             GTECH_NOT       gtech           0.000000  u
uWdogFrc/U309             GTECH_NOT       gtech           0.000000  u
uWdogFrc/U310             GTECH_NOT       gtech           0.000000  u
uWdogFrc/U311             GTECH_NOT       gtech           0.000000  u
uWdogFrc/U312             GTECH_NOT       gtech           0.000000  u
uWdogFrc/U313             GTECH_NOT       gtech           0.000000  u
uWdogFrc/U314             GTECH_NOT       gtech           0.000000  u
uWdogFrc/U315             GTECH_NOT       gtech           0.000000  u
uWdogFrc/U316             GTECH_NOT       gtech           0.000000  u
uWdogFrc/U317             GTECH_NOT       gtech           0.000000  u
uWdogFrc/U318             GTECH_NOT       gtech           0.000000  u
uWdogFrc/U319             GTECH_NOT       gtech           0.000000  u
uWdogFrc/U320             GTECH_NOT       gtech           0.000000  u
uWdogFrc/U321             GTECH_NOT       gtech           0.000000  u
uWdogFrc/U322             GTECH_NOT       gtech           0.000000  u
uWdogFrc/U323             GTECH_NOT       gtech           0.000000  u
uWdogFrc/U324             GTECH_NOT       gtech           0.000000  u
uWdogFrc/U325             GTECH_NOT       gtech           0.000000  u
uWdogFrc/U326             *GEN*35                         0.000000  u
uWdogFrc/U335             *GEN*36                         0.000000  c, u
uWdogFrc/WdogControl_reg_0
                          **SEQGEN**                      0.000000  n, u
uWdogFrc/WdogControl_reg_1
                          **SEQGEN**                      0.000000  n, u
uWdogFrc/WdogIntEnReg_reg **SEQGEN**                      0.000000  n, u
uWdogFrc/WdogLoad_reg_0   **SEQGEN**                      0.000000  n, u
uWdogFrc/WdogLoad_reg_1   **SEQGEN**                      0.000000  n, u
uWdogFrc/WdogLoad_reg_2   **SEQGEN**                      0.000000  n, u
uWdogFrc/WdogLoad_reg_3   **SEQGEN**                      0.000000  n, u
uWdogFrc/WdogLoad_reg_4   **SEQGEN**                      0.000000  n, u
uWdogFrc/WdogLoad_reg_5   **SEQGEN**                      0.000000  n, u
uWdogFrc/WdogLoad_reg_6   **SEQGEN**                      0.000000  n, u
uWdogFrc/WdogLoad_reg_7   **SEQGEN**                      0.000000  n, u
uWdogFrc/WdogLoad_reg_8   **SEQGEN**                      0.000000  n, u
uWdogFrc/WdogLoad_reg_9   **SEQGEN**                      0.000000  n, u
uWdogFrc/WdogLoad_reg_10  **SEQGEN**                      0.000000  n, u
uWdogFrc/WdogLoad_reg_11  **SEQGEN**                      0.000000  n, u
uWdogFrc/WdogLoad_reg_12  **SEQGEN**                      0.000000  n, u
uWdogFrc/WdogLoad_reg_13  **SEQGEN**                      0.000000  n, u
uWdogFrc/WdogLoad_reg_14  **SEQGEN**                      0.000000  n, u
uWdogFrc/WdogLoad_reg_15  **SEQGEN**                      0.000000  n, u
uWdogFrc/WdogLoad_reg_16  **SEQGEN**                      0.000000  n, u
uWdogFrc/WdogLoad_reg_17  **SEQGEN**                      0.000000  n, u
uWdogFrc/WdogLoad_reg_18  **SEQGEN**                      0.000000  n, u
uWdogFrc/WdogLoad_reg_19  **SEQGEN**                      0.000000  n, u
uWdogFrc/WdogLoad_reg_20  **SEQGEN**                      0.000000  n, u
uWdogFrc/WdogLoad_reg_21  **SEQGEN**                      0.000000  n, u
uWdogFrc/WdogLoad_reg_22  **SEQGEN**                      0.000000  n, u
uWdogFrc/WdogLoad_reg_23  **SEQGEN**                      0.000000  n, u
uWdogFrc/WdogLoad_reg_24  **SEQGEN**                      0.000000  n, u
uWdogFrc/WdogLoad_reg_25  **SEQGEN**                      0.000000  n, u
uWdogFrc/WdogLoad_reg_26  **SEQGEN**                      0.000000  n, u
uWdogFrc/WdogLoad_reg_27  **SEQGEN**                      0.000000  n, u
uWdogFrc/WdogLoad_reg_28  **SEQGEN**                      0.000000  n, u
uWdogFrc/WdogLoad_reg_29  **SEQGEN**                      0.000000  n, u
uWdogFrc/WdogLoad_reg_30  **SEQGEN**                      0.000000  n, u
uWdogFrc/WdogLoad_reg_31  **SEQGEN**                      0.000000  n, u
uWdogFrc/WdogRIS_reg      **SEQGEN**                      0.000000  n, u
uWdogFrc/iWdogRes_reg     **SEQGEN**                      0.000000  n, u
uWdogFrc/sub_219/sub_169/minus
                          *SUB_TC_OP_16_16_16             0.000000  s, u
uWdogFrc/sub_237/sub_169/minus
                          *SUB_TC_OP_16_16_16             0.000000  s, u
--------------------------------------------------------------------------------
Total 698 cells                                           0.000000

****************
report_reference
****************

 
****************************************
Report : reference
Design : Watchdog
Version: V-2003.12-SP1
Date   : Fri Jun 18 13:28:32 2004
****************************************

Attributes:
    b - black box (unknown)
   bo - allows boundary optimization
    d - dont_touch
   mo - map_only
    h - hierarchical
    n - noncombinational
    r - removable
    s - synthetic operator
    u - contains unmapped logic

Reference          Library       Unit Area   Count    Total Area   Attributes
-----------------------------------------------------------------------------
**SEQGEN**                        0.000000     111      0.000000  n, u
*GEN*25                           0.000000       1      0.000000  u
*GEN*27                           0.000000       1      0.000000  u
*GEN*29                           0.000000       1      0.000000  u
*GEN*31                           0.000000       1      0.000000  u
*GEN*32                           0.000000       1      0.000000  u
*GEN*33                           0.000000       1      0.000000  u
*GEN*34                           0.000000       1      0.000000  u
*GEN*35                           0.000000       1      0.000000  u
*GEN*36                           0.000000       1      0.000000  u
*SELECT_OP_1_1_1                  0.000000       1      0.000000  s, u
*SELECT_OP_2.1_2.1_1              0.000000      31      0.000000  s, u
*SELECT_OP_2.8_2.1_8              0.000000       1      0.000000  s, u
*SELECT_OP_2.16_2.1_16            0.000000       2      0.000000  s, u
*SELECT_OP_2.32_2.1_32            0.000000       4      0.000000  s, u
*SELECT_OP_3.1_3.1_1              0.000000       2      0.000000  s, u
*SELECT_OP_5.32_5.1_32            0.000000       1      0.000000  s, u
*SELECT_OP_6.32_6.1_32            0.000000       1      0.000000  s, u
*SELECT_OP_7.8_7.1_8              0.000000       1      0.000000  s, u
*SUB_TC_OP_16_16_16               0.000000       2      0.000000  s, u
GTECH_AND2         gtech          0.000000      96      0.000000  u
GTECH_AND_NOT      gtech          0.000000      81      0.000000  u
GTECH_BUF          gtech          0.000000      45      0.000000  u
GTECH_MUX2         gtech          0.000000       4      0.000000  u
GTECH_NOT          gtech          0.000000     210      0.000000  u
GTECH_OR2          gtech          0.000000      61      0.000000  u
GTECH_OR_NOT       gtech          0.000000      29      0.000000  u
GTECH_XOR2         gtech          0.000000       2      0.000000  u
RevAnd_0_Watchdog                 0.000000       1      0.000000  d, h, u
RevAnd_1_Watchdog                 0.000000       1      0.000000  d, h, u
RevAnd_2_Watchdog                 0.000000       1      0.000000  d, h, u
RevAnd_3_Watchdog                 0.000000       1      0.000000  d, h, u
-----------------------------------------------------------------------------
Total 32 references                                     0.000000

****************
report_hierarchy
****************

 
****************************************
Report : hierarchy
Design : Watchdog
Version: V-2003.12-SP1
Date   : Fri Jun 18 13:28:32 2004
****************************************

Information: This design contains unmapped logic. (RPT-7)

Watchdog
    GTECH_AND2                gtech
    GTECH_AND_NOT             gtech
    GTECH_BUF                 gtech
    GTECH_MUX2                gtech
    GTECH_NOT                 gtech
    GTECH_OR2                 gtech
    GTECH_OR_NOT              gtech
    GTECH_XOR2                gtech
    RevAnd_0_Watchdog
        GTECH_AND2            gtech
    RevAnd_1_Watchdog
        GTECH_AND2            gtech
    RevAnd_2_Watchdog
        GTECH_AND2            gtech
    RevAnd_3_Watchdog
        GTECH_AND2            gtech

***********
report_area
***********

Warning: Can't read link_library file 'cb18os120_generic_max.db'. (UID-3)
Warning: Can't read link_library file 'conditions_1.8v.db'. (UID-3)
Warning: Can't read link_library file 'cb18os120_generic_max.db'. (UID-3)
Warning: Can't read link_library file 'conditions_1.8v.db'. (UID-3)
 
****************************************
Report : area
Design : Watchdog
Version: V-2003.12-SP1
Date   : Fri Jun 18 13:28:32 2004
****************************************

Library(s) Used:

    gtech (File: /edatools/synopsys/2003.12-SP1/libraries/syn/gtech.db)

Number of ports:               87
Number of nets:               977
Number of cells:              698
Number of references:          32

Combinational area:          0.000000
Noncombinational area:       0.000000
Net Interconnect area:      undefined  (No wire load specified)

Total cell area:             0.000000
Total area:                 undefined

Information: This design contains unmapped logic. (RPT-7)

