Release  Map I.31
Xilinx Mapping Report File for Design 'ENCODER'

Design Information
------------------
Command Line   : D:\Xilinx\bin\nt\map.exe -ise
E:/RTL_COMPLETE/SOURCE_PROJECT/VIDEO_ENCODER/ENCODER/ENCODER.ise -intstyle ise
-p xc4vlx200-ff1513-10 -cm area -pr b -k 4 -c 100 -o ENCODER_map.ncd ENCODER.ngd
ENCODER.pcf 
Target Device  : xc4vlx200
Target Package : ff1513
Target Speed   : -10
Mapper Version : virtex4 -- $Revision: 1.34.32.1 $
Mapped Date    : Thu Dec 28 15:59:01 2006

Design Summary
--------------
Number of errors:      0
Number of warnings:    0
Logic Utilization:
  Number of Slice Flip Flops:          20 out of 178,176    1%
  Number of 4 input LUTs:              48 out of 178,176    1%
Logic Distribution:
  Number of occupied Slices:                           28 out of  89,088    1%
    Number of Slices containing only related logic:      28 out of      28  100%
    Number of Slices containing unrelated logic:          0 out of      28    0%
      *See NOTES below for an explanation of the effects of unrelated logic
Total Number of 4 input LUTs:          48 out of 178,176    1%
  Number of bonded IOBs:               68 out of     960    7%
  Number of BUFG/BUFGCTRLs:             1 out of      32    3%
    Number used as BUFGs:                1
    Number used as BUFGCTRLs:            0

Total equivalent gate count for design:  575
Additional JTAG gate count for IOBs:  3,264
Peak Memory Usage:  405 MB

NOTES:

   Related logic is defined as being logic that shares connectivity - e.g. two
   LUTs are "related" if they share common inputs.  When assembling slices,
   Map gives priority to combine logic that is related.  Doing so results in
   the best timing performance.

   Unrelated logic shares no connectivity.  Map will only begin packing
   unrelated logic into a slice once 99% of the slices are occupied through
   related logic packing.

   Note that once logic distribution reaches the 99% level through related
   logic packing, this does not mean the device is completely utilized.
   Unrelated logic packing will then begin, continuing until all usable LUTs
   and FFs are occupied.  Depending on your timing budget, increased levels of
   unrelated logic packing may adversely affect the overall timing performance
   of your design.

Table of Contents
-----------------
Section 1 - Errors
Section 2 - Warnings
Section 3 - Informational
Section 4 - Removed Logic Summary
Section 5 - Removed Logic
Section 6 - IOB Properties
Section 7 - RPMs
Section 8 - Guide Report
Section 9 - Area Group and Partition Summary
Section 10 - Modular Design Summary
Section 11 - Timing Report
Section 12 - Configuration String Information

Section 1 - Errors
------------------

Section 2 - Warnings
--------------------

Section 3 - Informational
-------------------------
INFO:MapLib:562 - No environment variables are currently set.
INFO:MapLib:797 - Your design is targeting LX/SX Production Step 0/1/ES devices.
   Please note that there are new specifications for the DCMs to guarantee
   maximum frequency performance. If the DCM input clock might stop or if the
   DCM reset might be asserted for an extended time, then use of the dcm_standby
   macro may be required. Please see Answer Record 21127.
INFO:LIT:244 - All of the single ended outputs in this design are using slew
   rate limited output drivers. The delay on speed critical single ended outputs
   can be dramatically reduced by designating them as fast outputs in the
   schematic.

Section 4 - Removed Logic Summary
---------------------------------
   2 block(s) optimized away

Section 5 - Removed Logic
-------------------------

Optimized Block(s):
TYPE 		BLOCK
GND 		XST_GND
VCC 		XST_VCC

To enable printing of redundant blocks removed and signals merged, set the
detailed map report option and rerun map.

Section 6 - IOB Properties
--------------------------

+----------------------------------------------------------------------------------------------------------------------------------------+
| IOB Name                           | Type             | Direction | IO Standard | Drive    | Slew | Reg (s)      | Resistor | IOB      |
|                                    |                  |           |             | Strength | Rate |              |          | Delay    |
+----------------------------------------------------------------------------------------------------------------------------------------+
| CLK_25                             | IOB              | INPUT     | LVCMOS25    |          |      |              |          |          |
| HD_OUT_B<0>                        | IOB              | OUTPUT    | LVCMOS25    | 12       | SLOW |              |          |          |
| HD_OUT_B<1>                        | IOB              | OUTPUT    | LVCMOS25    | 12       | SLOW |              |          |          |
| HD_OUT_B<2>                        | IOB              | OUTPUT    | LVCMOS25    | 12       | SLOW |              |          |          |
| HD_OUT_B<3>                        | IOB              | OUTPUT    | LVCMOS25    | 12       | SLOW |              |          |          |
| HD_OUT_B<4>                        | IOB              | OUTPUT    | LVCMOS25    | 12       | SLOW |              |          |          |
| HD_OUT_B<5>                        | IOB              | OUTPUT    | LVCMOS25    | 12       | SLOW |              |          |          |
| HD_OUT_B<6>                        | IOB              | OUTPUT    | LVCMOS25    | 12       | SLOW |              |          |          |
| HD_OUT_B<7>                        | IOB              | OUTPUT    | LVCMOS25    | 12       | SLOW |              |          |          |
| HD_OUT_B<8>                        | IOB              | OUTPUT    | LVCMOS25    | 12       | SLOW |              |          |          |
| HD_OUT_B<9>                        | IOB              | OUTPUT    | LVCMOS25    | 12       | SLOW |              |          |          |
| HD_OUT_BLANK                       | IOB              | OUTPUT    | LVCMOS25    | 12       | SLOW |              |          |          |
| HD_OUT_CLOCK                       | IOB              | OUTPUT    | LVCMOS25    | 12       | SLOW |              |          |          |
| HD_OUT_G<0>                        | IOB              | OUTPUT    | LVCMOS25    | 12       | SLOW |              |          |          |
| HD_OUT_G<1>                        | IOB              | OUTPUT    | LVCMOS25    | 12       | SLOW |              |          |          |
| HD_OUT_G<2>                        | IOB              | OUTPUT    | LVCMOS25    | 12       | SLOW |              |          |          |
| HD_OUT_G<3>                        | IOB              | OUTPUT    | LVCMOS25    | 12       | SLOW |              |          |          |
| HD_OUT_G<4>                        | IOB              | OUTPUT    | LVCMOS25    | 12       | SLOW |              |          |          |
| HD_OUT_G<5>                        | IOB              | OUTPUT    | LVCMOS25    | 12       | SLOW |              |          |          |
| HD_OUT_G<6>                        | IOB              | OUTPUT    | LVCMOS25    | 12       | SLOW |              |          |          |
| HD_OUT_G<7>                        | IOB              | OUTPUT    | LVCMOS25    | 12       | SLOW |              |          |          |
| HD_OUT_G<8>                        | IOB              | OUTPUT    | LVCMOS25    | 12       | SLOW |              |          |          |
| HD_OUT_G<9>                        | IOB              | OUTPUT    | LVCMOS25    | 12       | SLOW |              |          |          |
| HD_OUT_R<0>                        | IOB              | OUTPUT    | LVCMOS25    | 12       | SLOW |              |          |          |
| HD_OUT_R<1>                        | IOB              | OUTPUT    | LVCMOS25    | 12       | SLOW |              |          |          |
| HD_OUT_R<2>                        | IOB              | OUTPUT    | LVCMOS25    | 12       | SLOW |              |          |          |
| HD_OUT_R<3>                        | IOB              | OUTPUT    | LVCMOS25    | 12       | SLOW |              |          |          |
| HD_OUT_R<4>                        | IOB              | OUTPUT    | LVCMOS25    | 12       | SLOW |              |          |          |
| HD_OUT_R<5>                        | IOB              | OUTPUT    | LVCMOS25    | 12       | SLOW |              |          |          |
| HD_OUT_R<6>                        | IOB              | OUTPUT    | LVCMOS25    | 12       | SLOW |              |          |          |
| HD_OUT_R<7>                        | IOB              | OUTPUT    | LVCMOS25    | 12       | SLOW |              |          |          |
| HD_OUT_R<8>                        | IOB              | OUTPUT    | LVCMOS25    | 12       | SLOW |              |          |          |
| HD_OUT_R<9>                        | IOB              | OUTPUT    | LVCMOS25    | 12       | SLOW |              |          |          |
| HD_OUT_SYNC                        | IOB              | OUTPUT    | LVCMOS25    | 12       | SLOW |              |          |          |
| LCD_B<0>                           | IOB              | OUTPUT    | LVCMOS25    | 12       | SLOW |              |          |          |
| LCD_B<1>                           | IOB              | OUTPUT    | LVCMOS25    | 12       | SLOW |              |          |          |
| LCD_B<2>                           | IOB              | OUTPUT    | LVCMOS25    | 12       | SLOW |              |          |          |
| LCD_B<3>                           | IOB              | OUTPUT    | LVCMOS25    | 12       | SLOW |              |          |          |
| LCD_B<4>                           | IOB              | OUTPUT    | LVCMOS25    | 12       | SLOW |              |          |          |
| LCD_B<5>                           | IOB              | OUTPUT    | LVCMOS25    | 12       | SLOW |              |          |          |
| LCD_B<6>                           | IOB              | OUTPUT    | LVCMOS25    | 12       | SLOW |              |          |          |
| LCD_B<7>                           | IOB              | OUTPUT    | LVCMOS25    | 12       | SLOW |              |          |          |
| LCD_CLK                            | IOB              | OUTPUT    | LVCMOS25    | 12       | SLOW |              |          |          |
| LCD_G<0>                           | IOB              | OUTPUT    | LVCMOS25    | 12       | SLOW |              |          |          |
| LCD_G<1>                           | IOB              | OUTPUT    | LVCMOS25    | 12       | SLOW |              |          |          |
| LCD_G<2>                           | IOB              | OUTPUT    | LVCMOS25    | 12       | SLOW |              |          |          |
| LCD_G<3>                           | IOB              | OUTPUT    | LVCMOS25    | 12       | SLOW |              |          |          |
| LCD_G<4>                           | IOB              | OUTPUT    | LVCMOS25    | 12       | SLOW |              |          |          |
| LCD_G<5>                           | IOB              | OUTPUT    | LVCMOS25    | 12       | SLOW |              |          |          |
| LCD_G<6>                           | IOB              | OUTPUT    | LVCMOS25    | 12       | SLOW |              |          |          |
| LCD_G<7>                           | IOB              | OUTPUT    | LVCMOS25    | 12       | SLOW |              |          |          |
| LCD_R<0>                           | IOB              | OUTPUT    | LVCMOS25    | 12       | SLOW |              |          |          |
| LCD_R<1>                           | IOB              | OUTPUT    | LVCMOS25    | 12       | SLOW |              |          |          |
| LCD_R<2>                           | IOB              | OUTPUT    | LVCMOS25    | 12       | SLOW |              |          |          |
| LCD_R<3>                           | IOB              | OUTPUT    | LVCMOS25    | 12       | SLOW |              |          |          |
| LCD_R<4>                           | IOB              | OUTPUT    | LVCMOS25    | 12       | SLOW |              |          |          |
| LCD_R<5>                           | IOB              | OUTPUT    | LVCMOS25    | 12       | SLOW |              |          |          |
| LCD_R<6>                           | IOB              | OUTPUT    | LVCMOS25    | 12       | SLOW |              |          |          |
| LCD_R<7>                           | IOB              | OUTPUT    | LVCMOS25    | 12       | SLOW |              |          |          |
| LCD_SPARE<0>                       | IOB              | OUTPUT    | LVCMOS25    | 12       | SLOW |              |          |          |
| LCD_SPARE<1>                       | IOB              | OUTPUT    | LVCMOS25    | 12       | SLOW |              |          |          |
| LCD_SPARE<2>                       | IOB              | OUTPUT    | LVCMOS25    | 12       | SLOW |              |          |          |
| LCD_SPARE<3>                       | IOB              | OUTPUT    | LVCMOS25    | 12       | SLOW |              |          |          |
| LCD_SPARE<4>                       | IOB              | OUTPUT    | LVCMOS25    | 12       | SLOW |              |          |          |
| LCD_SPARE<5>                       | IOB              | OUTPUT    | LVCMOS25    | 12       | SLOW |              |          |          |
| VID_OUT_BLANK                      | IOB              | OUTPUT    | LVCMOS25    | 12       | SLOW |              |          |          |
| VID_OUT_SYNC                       | IOB              | OUTPUT    | LVCMOS25    | 12       | SLOW |              |          |          |
| nRST                               | IOB              | INPUT     | LVCMOS25    |          |      |              |          |          |
+----------------------------------------------------------------------------------------------------------------------------------------+

Section 7 - RPMs
----------------

Section 8 - Guide Report
------------------------
Guide not run on this design.

Section 9 - Area Group and Partition Summary
--------------------------------------------

Partition Implementation Status
-------------------------------

  No Partitions were found in this design.

-------------------------------

Area Group Information
----------------------

  No area groups were found in this design.

----------------------

Section 10 - Modular Design Summary
-----------------------------------
Modular Design not used for this design.

Section 11 - Timing Report
--------------------------
This design was not run using timing mode.

Section 12 - Configuration String Details
-----------------------------------------
Use the "-detail" map option to print out Configuration Strings
