Release  - xst I.31
Copyright (c) 1995-2006 Xilinx, Inc.  All rights reserved.
--> Parameter TMPDIR set to ./xst/projnav.tmp
CPU : 0.00 / 0.16 s | Elapsed : 0.00 / 0.00 s
 
--> Parameter xsthdpdir set to ./xst
CPU : 0.00 / 0.16 s | Elapsed : 0.00 / 0.00 s
 
--> Reading design: ENCODER.prj

TABLE OF CONTENTS
  1) Synthesis Options Summary
  2) HDL Compilation
  3) Design Hierarchy Analysis
  4) HDL Analysis
  5) HDL Synthesis
     5.1) HDL Synthesis Report
  6) Advanced HDL Synthesis
     6.1) Advanced HDL Synthesis Report
  7) Low Level Synthesis
  8) Partition Report
  9) Final Report
     9.1) Device utilization summary
     9.2) TIMING REPORT


=========================================================================
*                      Synthesis Options Summary                        *
=========================================================================
---- Source Parameters
Input File Name                    : "ENCODER.prj"
Input Format                       : mixed
Ignore Synthesis Constraint File   : NO

---- Target Parameters
Output File Name                   : "ENCODER"
Output Format                      : NGC
Target Device                      : xc4vlx200-10-ff1513

---- Source Options
Top Module Name                    : ENCODER
Automatic FSM Extraction           : YES
FSM Encoding Algorithm             : Auto
FSM Style                          : lut
RAM Extraction                     : Yes
RAM Style                          : Auto
ROM Extraction                     : Yes
Mux Style                          : Auto
Decoder Extraction                 : YES
Priority Encoder Extraction        : YES
Shift Register Extraction          : YES
Logical Shifter Extraction         : YES
XOR Collapsing                     : YES
ROM Style                          : Auto
Mux Extraction                     : YES
Resource Sharing                   : YES
Automatic Register Balancing       : No

---- Target Options
Add IO Buffers                     : YES
Global Maximum Fanout              : 500
Add Generic Clock Buffer(BUFG)     : 32
Number of Regional Clock Buffers   : 48
Register Duplication               : YES
Slice Packing                      : YES
Pack IO Registers into IOBs        : auto
Equivalent register Removal        : YES

---- General Options
Optimization Goal                  : Speed
Optimization Effort                : 1
Keep Hierarchy                     : NO
RTL Output                         : Yes
Global Optimization                : AllClockNets
Write Timing Constraints           : NO
Hierarchy Separator                : /
Bus Delimiter                      : <>
Case Specifier                     : maintain
Slice Utilization Ratio            : 100
DSP48 Utilization Ratio            : 100
Slice Utilization Ratio Delta      : 5

---- Other Options
lso                                : ENCODER.lso
Read Cores                         : YES
cross_clock_analysis               : NO
verilog2001                        : YES
safe_implementation                : No
use_dsp48                          : auto
Optimize Instantiated Primitives   : NO
use_clock_enable                   : Auto
use_sync_set                       : Auto
use_sync_reset                     : Auto

=========================================================================


=========================================================================
*                          HDL Compilation                              *
=========================================================================
Compiling vhdl file "E:/RTL_COMPLETE/SOURCE_PROJECT/VIDEO_ENCODER/ENCODER/ENCODER.vhd" in Library work.
Architecture rtl of Entity encoder is up to date.

=========================================================================
*                     Design Hierarchy Analysis                         *
=========================================================================
Analyzing hierarchy for entity <ENCODER> in library <work> (architecture <rtl>).

Building hierarchy successfully finished.

=========================================================================
*                            HDL Analysis                               *
=========================================================================
Analyzing Entity <ENCODER> in library <work> (Architecture <rtl>).
Entity <ENCODER> analyzed. Unit <ENCODER> generated.


=========================================================================
*                           HDL Synthesis                               *
=========================================================================

Performing bidirectional port resolution...

Synthesizing Unit <ENCODER>.
    Related source file is "E:/RTL_COMPLETE/SOURCE_PROJECT/VIDEO_ENCODER/ENCODER/ENCODER.vhd".
    Found 4x1-bit ROM for signal <nBLANK>.
    Found 8x1-bit ROM for signal <COM_SYNC>.
    Found 9-bit comparator greatequal for signal <$cmp_ge0000> created at line 142.
    Found 9-bit comparator greater for signal <$cmp_gt0000> created at line 162.
    Found 9-bit comparator greater for signal <$cmp_gt0001> created at line 139.
    Found 9-bit comparator lessequal for signal <$cmp_le0000> created at line 142.
    Found 9-bit comparator less for signal <$cmp_lt0000> created at line 162.
    Found 9-bit comparator less for signal <$cmp_lt0001> created at line 151.
    Found 9-bit comparator less for signal <$cmp_lt0002> created at line 114.
    Found 9-bit comparator less for signal <$cmp_lt0003> created at line 127.
    Found 9-bit comparator less for signal <$cmp_lt0004> created at line 162.
    Found 9-bit comparator less for signal <$cmp_lt0005> created at line 139.
    Found 9-bit comparator less for signal <$cmp_lt0006> created at line 139.
    Found 9-bit comparator less for signal <$cmp_lt0007> created at line 145.
    Found 1-bit 4-to-1 multiplexer for signal <$mux0008>.
    Found 1-bit register for signal <CNT>.
    Found 9-bit up counter for signal <HCNT>.
    Found 1-bit register for signal <SCLK>.
    Found 9-bit up counter for signal <VCNT>.
    Summary:
	inferred   2 ROM(s).
	inferred   2 Counter(s).
	inferred   2 D-type flip-flop(s).
	inferred  12 Comparator(s).
	inferred   1 Multiplexer(s).
Unit <ENCODER> synthesized.


=========================================================================
HDL Synthesis Report

Macro Statistics
# ROMs                                                 : 2
 4x1-bit ROM                                           : 1
 8x1-bit ROM                                           : 1
# Counters                                             : 2
 9-bit up counter                                      : 2
# Registers                                            : 2
 1-bit register                                        : 2
# Comparators                                          : 12
 9-bit comparator greatequal                           : 1
 9-bit comparator greater                              : 2
 9-bit comparator less                                 : 8
 9-bit comparator lessequal                            : 1
# Multiplexers                                         : 1
 1-bit 4-to-1 multiplexer                              : 1

=========================================================================

=========================================================================
*                       Advanced HDL Synthesis                          *
=========================================================================

Loading device for application Rf_Device from file '4vlx200.nph' in environment D:\Xilinx.

=========================================================================
Advanced HDL Synthesis Report

Macro Statistics
# ROMs                                                 : 2
 4x1-bit ROM                                           : 1
 8x1-bit ROM                                           : 1
# Counters                                             : 2
 9-bit up counter                                      : 2
# Registers                                            : 2
 Flip-Flops                                            : 2
# Comparators                                          : 12
 9-bit comparator greatequal                           : 1
 9-bit comparator greater                              : 2
 9-bit comparator less                                 : 8
 9-bit comparator lessequal                            : 1
# Multiplexers                                         : 1
 1-bit 4-to-1 multiplexer                              : 1

=========================================================================

=========================================================================
*                         Low Level Synthesis                           *
=========================================================================

Optimizing unit <ENCODER> ...

Mapping all equations...
Building and optimizing final netlist ...
Found area constraint ratio of 100 (+ 5) on block ENCODER, actual ratio is 0.

Final Macro Processing ...

=========================================================================
Final Register Report

Macro Statistics
# Registers                                            : 20
 Flip-Flops                                            : 20

=========================================================================

=========================================================================
*                          Partition Report                             *
=========================================================================

Partition Implementation Status
-------------------------------

  No Partitions were found in this design.

-------------------------------

=========================================================================
*                            Final Report                               *
=========================================================================
Final Results
RTL Top Level Output File Name     : ENCODER.ngr
Top Level Output File Name         : ENCODER
Output Format                      : NGC
Optimization Goal                  : Speed
Keep Hierarchy                     : NO

Design Statistics
# IOs                              : 68

Cell Usage :
# BELS                             : 91
#      GND                         : 1
#      INV                         : 3
#      LUT2                        : 18
#      LUT3                        : 5
#      LUT3_D                      : 1
#      LUT4                        : 22
#      LUT4_L                      : 1
#      MULT_AND                    : 2
#      MUXCY                       : 16
#      MUXF5                       : 5
#      VCC                         : 1
#      XORCY                       : 16
# FlipFlops/Latches                : 20
#      FDC                         : 19
#      FDCE                        : 1
# Clock Buffers                    : 1
#      BUFGP                       : 1
# IO Buffers                       : 67
#      IBUF                        : 1
#      OBUF                        : 66
=========================================================================

Device utilization summary:
---------------------------

Selected Device : 4vlx200ff1513-10 

 Number of Slices:                      27  out of  89088     0%  
 Number of Slice Flip Flops:            20  out of  178176     0%  
 Number of 4 input LUTs:                50  out of  178176     0%  
 Number of IOs:                         68
 Number of bonded IOBs:                 68  out of    960     7%  
 Number of GCLKs:                        1  out of     32     3%  


=========================================================================
TIMING REPORT

NOTE: THESE TIMING NUMBERS ARE ONLY A SYNTHESIS ESTIMATE.
      FOR ACCURATE TIMING INFORMATION PLEASE REFER TO THE TRACE REPORT
      GENERATED AFTER PLACE-and-ROUTE.

Clock Information:
------------------
-----------------------------------+------------------------+-------+
Clock Signal                       | Clock buffer(FF name)  | Load  |
-----------------------------------+------------------------+-------+
CLK_25                             | BUFGP                  | 2     |
SCLK                               | NONE(VCNT_6)           | 18    |
-----------------------------------+------------------------+-------+
INFO:Xst:2169 - HDL ADVISOR - Some clock signals were not automatically buffered by XST with BUFG/BUFR resources. Please use the buffer_type constraint in order to insert these buffers to the clock signals to help prevent skew problems.

Asynchronous Control Signals Information:
----------------------------------------
-----------------------------------+------------------------+-------+
Control Signal                     | Buffer(FF name)        | Load  |
-----------------------------------+------------------------+-------+
nRST_inv(nRST_inv1_INV_0:O)        | NONE(CNT)              | 20    |
-----------------------------------+------------------------+-------+

Timing Summary:
---------------
Speed Grade: -10

   Minimum period: 4.943ns (Maximum Frequency: 202.317MHz)
   Minimum input arrival time before clock: No path found
   Maximum output required time after clock: 10.300ns
   Maximum combinational path delay: No path found

Timing Detail:
--------------
All values displayed in nanoseconds (ns)

=========================================================================
Timing constraint: Default period analysis for Clock 'CLK_25'
  Clock period: 2.537ns (frequency: 394.096MHz)
  Total number of paths / destination ports: 3 / 3
-------------------------------------------------------------------------
Delay:               2.537ns (Levels of Logic = 1)
  Source:            SCLK (FF)
  Destination:       SCLK (FF)
  Source Clock:      CLK_25 rising
  Destination Clock: CLK_25 rising

  Data Path: SCLK to SCLK
                                Gate     Net
    Cell:in->out      fanout   Delay   Delay  Logical Name (Net Name)
    ----------------------------------------  ------------
     FDCE:C->Q            19   0.360   0.811  SCLK (SCLK)
     INV:I->O              3   0.426   0.550  HD_OUT_CLOCK1_INV_0 (HD_OUT_CLOCK_OBUF)
     FDCE:D                    0.391          SCLK
    ----------------------------------------
    Total                      2.537ns (1.177ns logic, 1.360ns route)
                                       (46.4% logic, 53.6% route)

=========================================================================
Timing constraint: Default period analysis for Clock 'SCLK'
  Clock period: 4.943ns (frequency: 202.317MHz)
  Total number of paths / destination ports: 1073 / 18
-------------------------------------------------------------------------
Delay:               4.943ns (Levels of Logic = 13)
  Source:            HCNT_4 (FF)
  Destination:       HCNT_8 (FF)
  Source Clock:      SCLK rising
  Destination Clock: SCLK rising

  Data Path: HCNT_4 to HCNT_8
                                Gate     Net
    Cell:in->out      fanout   Delay   Delay  Logical Name (Net Name)
    ----------------------------------------  ------------
     FDC:C->Q              7   0.360   0.831  HCNT_4 (HCNT_4)
     LUT4:I0->O            1   0.195   0.000  HCNT_Eqn_bis_01181 (N307)
     MUXF5:I0->O           1   0.382   0.547  HCNT_Eqn_bis_0118_f5 (HCNT_Eqn_bis_01_map432)
     LUT4:I3->O            8   0.195   0.809  HCNT_Eqn_bis_0149 (HCNT_Eqn_bis_0)
     LUT2:I1->O            2   0.195   0.000  Mcount_HCNT_lut<0> (Result<0>)
     MUXCY:S->O            1   0.366   0.000  Mcount_HCNT_cy<0> (Mcount_HCNT_cy<0>)
     MUXCY:CI->O           1   0.044   0.000  Mcount_HCNT_cy<1> (Mcount_HCNT_cy<1>)
     MUXCY:CI->O           1   0.044   0.000  Mcount_HCNT_cy<2> (Mcount_HCNT_cy<2>)
     MUXCY:CI->O           1   0.044   0.000  Mcount_HCNT_cy<3> (Mcount_HCNT_cy<3>)
     MUXCY:CI->O           1   0.044   0.000  Mcount_HCNT_cy<4> (Mcount_HCNT_cy<4>)
     MUXCY:CI->O           1   0.044   0.000  Mcount_HCNT_cy<5> (Mcount_HCNT_cy<5>)
     MUXCY:CI->O           1   0.044   0.000  Mcount_HCNT_cy<6> (Mcount_HCNT_cy<6>)
     MUXCY:CI->O           0   0.044   0.000  Mcount_HCNT_cy<7> (Mcount_HCNT_cy<7>)
     XORCY:CI->O           1   0.360   0.000  Mcount_HCNT_xor<8> (Result<8>)
     FDC:D                     0.391          HCNT_8
    ----------------------------------------
    Total                      4.943ns (2.755ns logic, 2.187ns route)
                                       (55.7% logic, 44.3% route)

=========================================================================
Timing constraint: Default OFFSET OUT AFTER for Clock 'SCLK'
  Total number of paths / destination ports: 154 / 2
-------------------------------------------------------------------------
Offset:              10.300ns (Levels of Logic = 7)
  Source:            VCNT_7 (FF)
  Destination:       HD_OUT_SYNC (PAD)
  Source Clock:      SCLK rising

  Data Path: VCNT_7 to HD_OUT_SYNC
                                Gate     Net
    Cell:in->out      fanout   Delay   Delay  Logical Name (Net Name)
    ----------------------------------------  ------------
     FDC:C->Q              4   0.360   0.780  VCNT_7 (VCNT_7)
     LUT3_D:I0->O          2   0.195   0.783  _cmp_lt0000111 (N1)
     LUT4:I0->O            3   0.195   0.550  _or0001 (_or0001)
     MUXF5:S->O            1   0.527   0.534  _mux0008134 (_mux0008_map419)
     MUXF5:S->O            2   0.527   0.783  _mux0008153_f5 (_mux0008_map421)
     LUT4:I0->O            1   0.195   0.000  Mrom_COM_SYNC12 (N304)
     MUXF5:I0->O           1   0.382   0.534  Mrom_COM_SYNC1_f5 (HD_OUT_SYNC_OBUF)
     OBUF:I->O                 3.957          HD_OUT_SYNC_OBUF (HD_OUT_SYNC)
    ----------------------------------------
    Total                     10.300ns (6.338ns logic, 3.962ns route)
                                       (61.5% logic, 38.5% route)

=========================================================================
Timing constraint: Default OFFSET OUT AFTER for Clock 'CLK_25'
  Total number of paths / destination ports: 2 / 2
-------------------------------------------------------------------------
Offset:              6.103ns (Levels of Logic = 2)
  Source:            SCLK (FF)
  Destination:       LCD_CLK (PAD)
  Source Clock:      CLK_25 rising

  Data Path: SCLK to LCD_CLK
                                Gate     Net
    Cell:in->out      fanout   Delay   Delay  Logical Name (Net Name)
    ----------------------------------------  ------------
     FDCE:C->Q            19   0.360   0.811  SCLK (SCLK)
     INV:I->O              3   0.426   0.550  HD_OUT_CLOCK1_INV_0 (HD_OUT_CLOCK_OBUF)
     OBUF:I->O                 3.957          LCD_CLK_OBUF (LCD_CLK)
    ----------------------------------------
    Total                      6.103ns (4.743ns logic, 1.360ns route)
                                       (77.7% logic, 22.3% route)

=========================================================================
CPU : 11.77 / 11.95 s | Elapsed : 12.00 / 12.00 s
 
--> 

Total memory usage is 415560 kilobytes

Number of errors   :    0 (   0 filtered)
Number of warnings :    0 (   0 filtered)
Number of infos    :    1 (   0 filtered)

