00000001
01FF8D00
00001070
00000000
00000002
00000000
00000000
00000000
00000001
01FF8D04
00000000
00000000
00000002
00000000
00000000
00000000
00000000
01FF8D00
00001070
00000002
00000000
00000000
00000000
00000001
01FF8D00
00001070
00000000
00000002
00000000
00000000
00000000
00000001
01FF8D04
00000000
00000000
00000002
00000000
00000000
00000000
00000004
00000000
00000000
00000002
00000001
00000000
00000000
00000006
00000003
00000000
01FF8D04
00000001
00000002
00000000
00000000
00000000
00000004
00000000
00000000
00000002
00000001
00000000
00000000
00000006
00000003
00000001
01FF8D00
00001072
00000000
00000002
00000000
00000000
00000000
00000001
01FF8D04
00000001
00000000
00000002
00000000
00000000
00000000
00000001
01FF8D00
00001072
00000000
00000002
00000000
00000000
00000000
00000001
01FF8D04
00000000
00000000
00000002
00000000
00000000
00000000
00000004
00000000
00000000
00000002
00000001
00000000
00000000
00000006
00000003
00000000
01FF8D00
00001070
00000002
00000000
00000000
00000000
00000001
01FF8C00
00000004
00000000
00000002
00000000
00000000
00000000
00000000
01FF8C00
00000002
00000002
00000000
00000000
00000000
00000000
01FF8C00
00000032
00000002
00000000
00000000
00000000
00000000
01FF8C00
00000011
00000002
00000000
00000000
00000000
00000004
00000000
00000000
00000002
00000001
00000000
00000000
00000006
000003ff
00000005
01FF8C00
00000010
00000000
00000002
00000000
00000000
00000001
01FF8C00
00000010
00000000
00000002
00000000
00000000
00000000
00000004
00000000
00000000
00000002
00000001
00000000
00000000
00000006
000003ff
00000000
01FF8C00
00000004
00000002
00000000
00000000
00000000
00000001
01FF8408
00000000
00000000
00000002
00000000
00000000
00000000
00000001
01FF8404
000000FF
00000000
00000002
00000000
00000000
00000000
00000001
01FF8400
0000FFFF
00000000
00000002
00000000
00000000
00000000
00000001
01FF840C
00000000
FFFFFFFF
00000002
00000000
00000000
00000000
00000001
01FF8410
000000FF
FFFFFFFF
00000002
00000000
00000000
00000000
00000000
01FF8400
00000008
00000002
00000000
00000000
00000000
00000000
01FF8408
00000080
00000002
00000000
00000000
00000000
00000000
01FF8404
00000005
00000002
00000000
00000000
00000000
00000000
01FF8410
0000000F
00000002
00000000
00000000
00000000
00000004
00000000
00000000
00000002
00000001
00000000
00000000
00000006
000003ff
00000000
01FF8408
00000090
00000002
00000000
00000000
00000000
00000004
00000000
00000000
00000002
00000001
00000000
00000000
00000006
000003ff
00000001
01FF8428
00000000
00000000
00000002
00000000
00000000
00000000
00000001
01FF8424
000000FF
00000000
00000002
00000000
00000000
00000000
00000001
01FF8420
0000FFFF
00000000
00000002
00000000
00000000
00000000
00000001
01FF842C
00000000
FFFFFFFF
00000002
00000000
00000000
00000000
00000001
01FF8430
000000FF
FFFFFFFF
00000002
00000000
00000000
00000000
00000000
01FF8420
00000008
00000002
00000000
00000000
00000000
00000000
01FF8428
00000080
00000002
00000000
00000000
00000000
00000000
01FF8424
00000002
00000002
00000000
00000000
00000000
00000000
01FF8430
00000018
00000002
00000000
00000000
00000000
00000004
00000000
00000000
00000002
00000001
00000000
00000000
00000006
000003ff
00000000
01FF8428
00000090
00000002
00000000
00000000
00000000
00000004
00000000
00000000
00000002
00000001
00000000
00000000
00000006
000003ff
00000001
01FF8420
00000008
00000000
00000002
00000000
00000000
00000000
00000001
01FF8424
00000002
00000000
00000002
00000000
00000000
00000000
00000001
01FF8428
00000090
00000000
00000002
00000000
00000000
00000000
00000001
01FF842C
00000000
00000000
00000002
00000000
00000000
00000000
00000001
01FF8430
00000018
00000000
00000002
00000000
00000000
00000000
00000004
00000000
00000000
00000002
00000001
00000000
00000000
00000006
00000003
00000001
01FF8448
00000000
00000000
00000002
00000000
00000000
00000000
00000001
01FF8444
000000FF
00000000
00000002
00000000
00000000
00000000
00000001
01FF8440
0000FFFF
00000000
00000002
00000000
00000000
00000000
00000001
01FF844C
00000000
FFFFFFFF
00000002
00000000
00000000
00000000
00000001
01FF8450
000000FF
FFFFFFFF
00000002
00000000
00000000
00000000
00000000
01FF8440
0000000A
00000002
00000000
00000000
00000000
00000000
01FF8444
0000000F
00000002
00000000
00000000
00000000
00000000
01FF8448
00000080
00000002
00000000
00000000
00000000
00000000
01FF8450
00000023
00000002
00000000
00000000
00000000
00000004
00000000
00000000
00000002
00000001
00000000
00000000
00000006
000003ff
00000000
01FF8448
00000090
00000002
00000000
00000000
00000000
00000004
00000000
00000000
00000002
00000001
00000000
00000000
00000006
000003ff
00000001
01FF8440
0000000A
00000000
00000002
00000000
00000000
00000000
00000001
01FF8444
00000005
00000000
00000002
00000000
00000000
00000000
00000001
01FF8448
00000092
00000000
00000002
00000000
00000000
00000000
00000001
01FF844C
00000000
00000000
00000002
00000000
00000000
00000000
00000001
01FF8450
00000018
00000000
00000002
00000000
00000000
00000000
00000004
00000000
00000000
00000002
00000001
00000000
00000000
00000006
00000003
00000001
01FF8460
0000FFFF
00000000
00000002
00000000
00000000
00000000
00000001
01FF8464
000000FF
00000000
00000002
00000000
00000000
00000000
00000001
01FF8468
00000000
00000000
00000002
00000000
00000000
00000000
00000001
01FF846C
00000000
FFFFFFFF
00000002
00000000
00000000
00000000
00000001
01FF8470
000000FF
FFFFFFFF
00000002
00000000
00000000
00000000
00000000
01FF8460
0000000F
00000002
00000000
00000000
00000000
00000000
01FF8464
00000005
00000002
00000000
00000000
00000000
00000000
01FF8468
00000080
00000002
00000000
00000000
00000000
00000000
01FF8470
0000002D
00000002
00000000
00000000
00000000
00000004
00000000
00000000
00000002
00000001
00000000
00000000
00000006
000003ff
00000000
01FF8468
00000090
00000002
00000000
00000000
00000000
00000004
00000000
00000000
00000002
00000001
00000000
00000000
00000006
000003ff
00000001
01FF8460
0000000F
00000000
00000002
00000000
00000000
00000000
00000001
01FF8464
00000005
00000000
00000002
00000000
00000000
00000000
00000001
01FF8468
00000090
00000000
00000002
00000000
00000000
00000000
00000001
01FF846C
00000000
00000000
00000002
00000000
00000000
00000000
00000001
01FF8470
0000002D
00000000
00000002
00000000
00000000
00000000
00000004
00000000
00000000
00000002
00000001
00000000
00000000
00000006
00000003
00000001
01FF8480
0000FFFF
00000000
00000002
00000000
00000000
00000000
00000001
01FF8484
000000FF
00000000
00000002
00000000
00000000
00000000
00000001
01FF8488
00000000
00000000
00000002
00000000
00000000
00000000
00000001
01FF848C
00000000
FFFFFFFF
00000002
00000000
00000000
00000000
00000001
01FF8490
000000FF
FFFFFFFF
00000002
00000000
00000000
00000000
00000000
01FF8480
00000010
00000002
00000000
00000000
00000000
00000000
01FF8484
00000010
00000002
00000000
00000000
00000000
00000000
01FF8488
00000080
00000002
00000000
00000000
00000000
00000000
01FF8490
00000018
00000002
00000000
00000000
00000000
00000004
00000000
00000000
00000002
00000001
00000000
00000000
00000006
000003ff
00000000
01FF8488
00000090
00000002
00000000
00000000
00000000
00000004
00000000
00000000
00000002
00000001
00000000
00000000
00000006
000003ff
00000000
01FF8488
00000092
00000002
00000000
00000000
00000000
00000004
00000000
00000000
00000002
00000001
00000000
00000000
00000006
000003ff
00000001
01FF8480
00000010
00000000
00000002
00000000
00000000
00000000
00000001
01FF8484
00000010
00000000
00000002
00000000
00000000
00000000
00000001
01FF8488
00000092
00000000
00000002
00000000
00000000
00000000
00000001
01FF848C
00000000
00000000
00000002
00000000
00000000
00000000
00000001
01FF8490
00000090
00000000
00000002
00000000
00000000
00000000
00000004
00000000
00000000
00000002
00000001
00000000
00000000
00000006
00000003
00000001
01FF84A0
0000FFFF
00000000
00000002
00000000
00000000
00000000
00000001
01FF84A4
000000FF
00000000
00000002
00000000
00000000
00000000
00000001
01FF84A8
00000000
00000000
00000002
00000000
00000000
00000000
00000001
01FF84AC
00000000
FFFFFFFF
00000002
00000000
00000000
00000000
00000001
01FF84B0
000000FF
FFFFFFFF
00000002
00000000
00000000
00000000
00000000
01FF84A0
00000100
00000002
00000000
00000000
00000000
00000000
01FF84A4
00000000
00000002
00000000
00000000
00000000
00000000
01FF84A8
00000080
00000002
00000000
00000000
00000000
00000000
01FF84B0
00000190
00000002
00000000
00000000
00000000
00000004
00000000
00000000
00000002
00000001
00000000
00000000
00000006
000003ff
00000000
01FF84A8
00000090
00000002
00000000
00000000
00000000
00000004
00000000
00000000
00000002
00000001
00000000
00000000
00000006
000003ff
00000000
01FF84A8
00000092
00000002
00000000
00000000
00000000
00000004
00000000
00000000
00000002
00000001
00000000
00000000
00000006
000003ff
00000001
01FF84A0
00000100
00000000
00000002
00000000
00000000
00000000
00000001
01FF84A4
00000000
00000000
00000002
00000000
00000000
00000000
00000001
01FF84A8
00000092
00000000
00000002
00000000
00000000
00000000
00000001
01FF84AC
00000000
00000000
00000002
00000000
00000000
00000000
00000001
01FF84B0
00000038
00000000
00000002
00000000
00000000
00000000
00000001
01FF84C0
0000FFFF
00000000
00000002
00000000
00000000
00000000
00000001
01FF84C4
000000FF
00000000
00000002
00000000
00000000
00000000
00000001
01FF84C8
00000000
00000000
00000002
00000000
00000000
00000000
00000001
01FF84CC
00000000
FFFFFFFF
00000002
00000000
00000000
00000000
00000001
01FF84D0
000000FF
FFFFFFFF
00000002
00000000
00000000
00000000
00000000
01FF84C0
0000004D
00000002
00000000
00000000
00000000
00000000
01FF84C4
00000001
00000002
00000000
00000000
00000000
00000000
01FF84C8
00000080
00000002
00000000
00000000
00000000
00000000
01FF84D0
00000078
00000002
00000000
00000000
00000000
00000004
00000000
00000000
00000002
00000001
00000000
00000000
00000006
000003ff
00000000
01FF84C8
00000090
00000002
00000000
00000000
00000000
00000004
00000000
00000000
00000002
00000001
00000000
00000000
00000006
000003ff
00000001
01FF84C0
0000004D
00000000
00000002
00000000
00000000
00000000
00000001
01FF84C4
00000001
00000000
00000002
00000000
00000000
00000000
00000001
01FF84C8
00000090
00000000
00000002
00000000
00000000
00000000
00000001
01FF84CC
00000000
00000000
00000002
00000000
00000000
00000000
00000001
01FF84D0
00000018
00000000
00000002
00000000
00000000
00000000
00000004
00000000
00000000
00000002
00000001
00000000
00000000
00000006
00000003
00000001
01FF84E8
00000000
00000000
00000002
00000000
00000000
00000000
00000001
01FF84E4
000000FF
00000000
00000002
00000000
00000000
00000000
00000001
01FF84E0
0000FFFF
00000000
00000002
00000000
00000000
00000000
00000001
01FF84EC
00000000
FFFFFFFF
00000002
00000000
00000000
00000000
00000001
01FF84F0
000000FF
FFFFFFFF
00000002
00000000
00000000
00000000
00000000
01FF84E0
00000003
00000002
00000000
00000000
00000000
00000000
01FF84E4
0000006F
00000002
00000000
00000000
00000000
00000000
01FF84E8
00000080
00000002
00000000
00000000
00000000
00000000
01FF84F0
00000005
00000002
00000000
00000000
00000000
00000004
00000000
00000000
00000002
00000001
00000000
00000000
00000006
000003ff
00000000
01FF84E8
00000090
00000002
00000000
00000000
00000000
00000004
00000000
00000000
00000002
00000001
00000000
00000000
00000006
000003ff
00000001
01FF8508
00000000
00000000
00000002
00000000
00000000
00000000
00000001
01FF8504
000000FF
00000000
00000002
00000000
00000000
00000000
00000001
01FF8500
0000FFFF
00000000
00000002
00000000
00000000
00000000
00000001
01FF850C
00000000
FFFFFFFF
00000002
00000000
00000000
00000000
00000001
01FF8510
000000FF
FFFFFFFF
00000002
00000000
00000000
00000000
00000000
01FF8500
00000008
00000002
00000000
00000000
00000000
00000000
01FF8508
00000080
00000002
00000000
00000000
00000000
00000000
01FF8504
00000005
00000002
00000000
00000000
00000000
00000000
01FF8510
0000000F
00000002
00000000
00000000
00000000
00000004
00000000
00000000
00000002
00000001
00000000
00000000
00000006
000003ff
00000000
01FF8508
00000090
00000002
00000000
00000000
00000000
00000004
00000000
00000000
00000002
00000001
00000000
00000000
00000006
000003ff
00000001
01FF8528
00000000
00000000
00000002
00000000
00000000
00000000
00000001
01FF8524
000000FF
00000000
00000002
00000000
00000000
00000000
00000001
01FF8520
0000FFFF
00000000
00000002
00000000
00000000
00000000
00000001
01FF852C
00000000
FFFFFFFF
00000002
00000000
00000000
00000000
00000001
01FF8530
000000FF
FFFFFFFF
00000002
00000000
00000000
00000000
00000000
01FF8520
00000008
00000002
00000000
00000000
00000000
00000000
01FF8528
00000080
00000002
00000000
00000000
00000000
00000000
01FF8524
00000002
00000002
00000000
00000000
00000000
00000000
01FF8530
00000018
00000002
00000000
00000000
00000000
00000004
00000000
00000000
00000002
00000001
00000000
00000000
00000006
000003ff
00000000
01FF8528
00000090
00000002
00000000
00000000
00000000
00000004
00000000
00000000
00000002
00000001
00000000
00000000
00000006
000003ff
00000001
01FF8520
00000008
00000000
00000002
00000000
00000000
00000000
00000001
01FF8524
00000002
00000000
00000002
00000000
00000000
00000000
00000001
01FF8528
00000090
00000000
00000002
00000000
00000000
00000000
00000001
01FF852C
00000000
00000000
00000002
00000000
00000000
00000000
00000001
01FF8530
00000018
00000000
00000002
00000000
00000000
00000000
00000004
00000000
00000000
00000002
00000001
00000000
00000000
00000006
00000003
00000001
01FF8548
00000000
00000000
00000002
00000000
00000000
00000000
00000001
01FF8544
000000FF
00000000
00000002
00000000
00000000
00000000
00000001
01FF8540
0000FFFF
00000000
00000002
00000000
00000000
00000000
00000001
01FF854C
00000000
FFFFFFFF
00000002
00000000
00000000
00000000
00000001
01FF8550
000000FF
FFFFFFFF
00000002
00000000
00000000
00000000
00000000
01FF8540
0000000A
00000002
00000000
00000000
00000000
00000000
01FF8544
0000000F
00000002
00000000
00000000
00000000
00000000
01FF8548
00000080
00000002
00000000
00000000
00000000
00000000
01FF8550
00000023
00000002
00000000
00000000
00000000
00000004
00000000
00000000
00000002
00000001
00000000
00000000
00000006
000003ff
00000000
01FF8548
00000090
00000002
00000000
00000000
00000000
00000004
00000000
00000000
00000002
00000001
00000000
00000000
00000006
000003ff
00000001
01FF8540
0000000A
00000000
00000002
00000000
00000000
00000000
00000001
01FF8544
00000005
00000000
00000002
00000000
00000000
00000000
00000001
01FF8548
00000092
00000000
00000002
00000000
00000000
00000000
00000001
01FF854C
00000000
00000000
00000002
00000000
00000000
00000000
00000001
01FF8550
00000018
00000000
00000002
00000000
00000000
00000000
00000004
00000000
00000000
00000002
00000001
00000000
00000000
00000006
00000003
00000001
01FF8560
0000FFFF
00000000
00000002
00000000
00000000
00000000
00000001
01FF8564
000000FF
00000000
00000002
00000000
00000000
00000000
00000001
01FF8568
00000000
00000000
00000002
00000000
00000000
00000000
00000001
01FF856C
00000000
FFFFFFFF
00000002
00000000
00000000
00000000
00000001
01FF8570
000000FF
FFFFFFFF
00000002
00000000
00000000
00000000
00000000
01FF8560
0000000F
00000002
00000000
00000000
00000000
00000000
01FF8564
00000005
00000002
00000000
00000000
00000000
00000000
01FF8568
00000080
00000002
00000000
00000000
00000000
00000000
01FF8570
0000002D
00000002
00000000
00000000
00000000
00000004
00000000
00000000
00000002
00000001
00000000
00000000
00000006
000003ff
00000000
01FF8568
00000090
00000002
00000000
00000000
00000000
00000004
00000000
00000000
00000002
00000001
00000000
00000000
00000006
000003ff
00000001
01FF8560
0000000F
00000000
00000002
00000000
00000000
00000000
00000001
01FF8564
00000005
00000000
00000002
00000000
00000000
00000000
00000001
01FF8568
00000090
00000000
00000002
00000000
00000000
00000000
00000001
01FF856C
00000000
00000000
00000002
00000000
00000000
00000000
00000001
01FF8570
0000002D
00000000
00000002
00000000
00000000
00000000
00000004
00000000
00000000
00000002
00000001
00000000
00000000
00000006
00000003
00000001
01FF8580
0000FFFF
00000000
00000002
00000000
00000000
00000000
00000001
01FF8584
000000FF
00000000
00000002
00000000
00000000
00000000
00000001
01FF8588
00000000
00000000
00000002
00000000
00000000
00000000
00000001
01FF858C
00000000
FFFFFFFF
00000002
00000000
00000000
00000000
00000001
01FF8590
000000FF
FFFFFFFF
00000002
00000000
00000000
00000000
00000000
01FF8580
00000010
00000002
00000000
00000000
00000000
00000000
01FF8584
00000010
00000002
00000000
00000000
00000000
00000000
01FF8588
00000080
00000002
00000000
00000000
00000000
00000000
01FF8590
00000018
00000002
00000000
00000000
00000000
00000004
00000000
00000000
00000002
00000001
00000000
00000000
00000006
000003ff
00000000
01FF8588
00000090
00000002
00000000
00000000
00000000
00000004
00000000
00000000
00000002
00000001
00000000
00000000
00000006
000003ff
00000000
01FF8588
00000092
00000002
00000000
00000000
00000000
00000004
00000000
00000000
00000002
00000001
00000000
00000000
00000006
000003ff
00000001
01FF8580
00000010
00000000
00000002
00000000
00000000
00000000
00000001
01FF8584
00000010
00000000
00000002
00000000
00000000
00000000
00000001
01FF8588
00000092
00000000
00000002
00000000
00000000
00000000
00000001
01FF858C
00000000
00000000
00000002
00000000
00000000
00000000
00000001
01FF8590
00000090
00000000
00000002
00000000
00000000
00000000
00000004
00000000
00000000
00000002
00000001
00000000
00000000
00000006
00000003
00000001
01FF85A0
0000FFFF
00000000
00000002
00000000
00000000
00000000
00000001
01FF85A4
000000FF
00000000
00000002
00000000
00000000
00000000
00000001
01FF85A8
00000000
00000000
00000002
00000000
00000000
00000000
00000001
01FF85AC
00000000
FFFFFFFF
00000002
00000000
00000000
00000000
00000001
01FF85B0
000000FF
FFFFFFFF
00000002
00000000
00000000
00000000
00000000
01FF85A0
00000100
00000002
00000000
00000000
00000000
00000000
01FF85A4
00000000
00000002
00000000
00000000
00000000
00000000
01FF85A8
00000080
00000002
00000000
00000000
00000000
00000000
01FF85B0
00000190
00000002
00000000
00000000
00000000
00000004
00000000
00000000
00000002
00000001
00000000
00000000
00000006
000003ff
00000000
01FF85A8
00000090
00000002
00000000
00000000
00000000
00000004
00000000
00000000
00000002
00000001
00000000
00000000
00000006
000003ff
00000000
01FF85A8
00000092
00000002
00000000
00000000
00000000
00000004
00000000
00000000
00000002
00000001
00000000
00000000
00000006
000003ff
00000001
01FF85A0
00000100
00000000
00000002
00000000
00000000
00000000
00000001
01FF85A4
00000000
00000000
00000002
00000000
00000000
00000000
00000001
01FF85A8
00000092
00000000
00000002
00000000
00000000
00000000
00000001
01FF85AC
00000000
00000000
00000002
00000000
00000000
00000000
00000001
01FF85B0
00000038
00000000
00000002
00000000
00000000
00000000
00000001
01FF85C0
0000FFFF
00000000
00000002
00000000
00000000
00000000
00000001
01FF85C4
000000FF
00000000
00000002
00000000
00000000
00000000
00000001
01FF85C8
00000000
00000000
00000002
00000000
00000000
00000000
00000001
01FF85CC
00000000
FFFFFFFF
00000002
00000000
00000000
00000000
00000001
01FF85D0
000000FF
FFFFFFFF
00000002
00000000
00000000
00000000
00000000
01FF85C0
0000004D
00000002
00000000
00000000
00000000
00000000
01FF85C4
00000001
00000002
00000000
00000000
00000000
00000000
01FF85C8
00000080
00000002
00000000
00000000
00000000
00000000
01FF85D0
00000078
00000002
00000000
00000000
00000000
00000004
00000000
00000000
00000002
00000001
00000000
00000000
00000006
000003ff
00000000
01FF85C8
00000090
00000002
00000000
00000000
00000000
00000004
00000000
00000000
00000002
00000001
00000000
00000000
00000006
000003ff
00000001
01FF85C0
0000004D
00000000
00000002
00000000
00000000
00000000
00000001
01FF85C4
00000001
00000000
00000002
00000000
00000000
00000000
00000001
01FF85C8
00000090
00000000
00000002
00000000
00000000
00000000
00000001
01FF85CC
00000000
00000000
00000002
00000000
00000000
00000000
00000001
01FF85D0
00000018
00000000
00000002
00000000
00000000
00000000
00000004
00000000
00000000
00000002
00000001
00000000
00000000
00000006
00000003
00000001
01FF85E8
00000000
00000000
00000002
00000000
00000000
00000000
00000001
01FF85E4
000000FF
00000000
00000002
00000000
00000000
00000000
00000001
01FF85E0
0000FFFF
00000000
00000002
00000000
00000000
00000000
00000001
01FF85EC
00000000
FFFFFFFF
00000002
00000000
00000000
00000000
00000001
01FF85F0
000000FF
FFFFFFFF
00000002
00000000
00000000
00000000
00000000
01FF85E0
00000003
00000002
00000000
00000000
00000000
00000000
01FF85E4
0000006F
00000002
00000000
00000000
00000000
00000000
01FF85E8
00000080
00000002
00000000
00000000
00000000
00000000
01FF85F0
00000005
00000002
00000000
00000000
00000000
00000004
00000000
00000000
00000002
00000001
00000000
00000000
00000006
000003ff
00000000
01FF85E8
00000090
00000002
00000000
00000000
00000000
00000004
00000000
00000000
00000002
00000001
00000000
00000000
00000006
000003ff
00000001
01FF85E0
00000008
00000000
00000002
00000000
00000000
00000000
00000001
01FF85E4
00000005
00000000
00000002
00000000
00000000
00000000
00000001
01FF85E8
00000092
00000000
00000002
00000000
00000000
00000000
00000001
01FF85EC
00000000
00000000
00000002
00000000
00000000
00000000
00000001
01FF85F0
00000018
00000000
00000002
00000000
00000000
00000000
00000001
01FF8608
00000000
00000000
00000002
00000000
00000000
00000000
00000001
01FF8604
000000FF
00000000
00000002
00000000
00000000
00000000
00000001
01FF8600
0000FFFF
00000000
00000002
00000000
00000000
00000000
00000001
01FF860C
00000000
FFFFFFFF
00000002
00000000
00000000
00000000
00000001
01FF8610
000000FF
FFFFFFFF
00000002
00000000
00000000
00000000
00000000
01FF8600
00000008
00000002
00000000
00000000
00000000
00000000
01FF8608
00000080
00000002
00000000
00000000
00000000
00000000
01FF8604
00000005
00000002
00000000
00000000
00000000
00000000
01FF8610
0000000F
00000002
00000000
00000000
00000000
00000004
00000000
00000000
00000002
00000001
00000000
00000000
00000006
000003ff
00000000
01FF8608
00000090
00000002
00000000
00000000
00000000
00000004
00000000
00000000
00000002
00000001
00000000
00000000
00000006
000003ff
00000001
01FF8600
00000008
00000000
00000002
00000000
00000000
00000000
00000001
01FF8604
00000005
00000000
00000002
00000000
00000000
00000000
00000001
01FF8608
00000090
00000000
00000002
00000000
00000000
00000000
00000001
01FF860C
00000000
00000000
00000002
00000000
00000000
00000000
00000001
01FF8610
0000000F
00000000
00000002
00000000
00000000
00000000
00000004
00000000
00000000
00000002
00000001
00000000
00000000
00000006
00000003
00000001
01FF8628
00000000
00000000
00000002
00000000
00000000
00000000
00000001
01FF8624
000000FF
00000000
00000002
00000000
00000000
00000000
00000001
01FF8620
0000FFFF
00000000
00000002
00000000
00000000
00000000
00000001
01FF862C
00000000
FFFFFFFF
00000002
00000000
00000000
00000000
00000001
01FF8630
000000FF
FFFFFFFF
00000002
00000000
00000000
00000000
00000000
01FF8620
00000008
00000002
00000000
00000000
00000000
00000000
01FF8628
00000080
00000002
00000000
00000000
00000000
00000000
01FF8624
00000002
00000002
00000000
00000000
00000000
00000000
01FF8630
00000018
00000002
00000000
00000000
00000000
00000004
00000000
00000000
00000002
00000001
00000000
00000000
00000006
000003ff
00000000
01FF8628
00000090
00000002
00000000
00000000
00000000
00000004
00000000
00000000
00000002
00000001
00000000
00000000
00000006
000003ff
00000001
01FF8620
00000008
00000000
00000002
00000000
00000000
00000000
00000001
01FF8624
00000002
00000000
00000002
00000000
00000000
00000000
00000001
01FF8628
00000090
00000000
00000002
00000000
00000000
00000000
00000001
01FF862C
00000000
00000000
00000002
00000000
00000000
00000000
00000001
01FF8630
00000018
00000000
00000002
00000000
00000000
00000000
00000004
00000000
00000000
00000002
00000001
00000000
00000000
00000006
00000003
00000001
01FF8648
00000000
00000000
00000002
00000000
00000000
00000000
00000001
01FF8644
000000FF
00000000
00000002
00000000
00000000
00000000
00000001
01FF8640
0000FFFF
00000000
00000002
00000000
00000000
00000000
00000001
01FF864C
00000000
FFFFFFFF
00000002
00000000
00000000
00000000
00000001
01FF8650
000000FF
FFFFFFFF
00000002
00000000
00000000
00000000
00000000
01FF8640
0000000A
00000002
00000000
00000000
00000000
00000000
01FF8644
0000000F
00000002
00000000
00000000
00000000
00000000
01FF8648
00000080
00000002
00000000
00000000
00000000
00000000
01FF8650
00000023
00000002
00000000
00000000
00000000
00000004
00000000
00000000
00000002
00000001
00000000
00000000
00000006
000003ff
00000000
01FF8648
00000090
00000002
00000000
00000000
00000000
00000004
00000000
00000000
00000002
00000001
00000000
00000000
00000006
000003ff
00000001
01FF8640
0000000A
00000000
00000002
00000000
00000000
00000000
00000001
01FF8644
00000005
00000000
00000002
00000000
00000000
00000000
00000001
01FF8648
00000092
00000000
00000002
00000000
00000000
00000000
00000001
01FF864C
00000000
00000000
00000002
00000000
00000000
00000000
00000001
01FF8650
00000018
00000000
00000002
00000000
00000000
00000000
00000004
00000000
00000000
00000002
00000001
00000000
00000000
00000006
00000003
00000001
01FF8660
0000FFFF
00000000
00000002
00000000
00000000
00000000
00000001
01FF8664
000000FF
00000000
00000002
00000000
00000000
00000000
00000001
01FF8668
00000000
00000000
00000002
00000000
00000000
00000000
00000001
01FF866C
00000000
FFFFFFFF
00000002
00000000
00000000
00000000
00000001
01FF8670
000000FF
FFFFFFFF
00000002
00000000
00000000
00000000
00000000
01FF8660
0000000F
00000002
00000000
00000000
00000000
00000000
01FF8664
00000005
00000002
00000000
00000000
00000000
00000000
01FF8668
00000080
00000002
00000000
00000000
00000000
00000000
01FF8670
0000002D
00000002
00000000
00000000
00000000
00000004
00000000
00000000
00000002
00000001
00000000
00000000
00000006
000003ff
00000000
01FF8668
00000090
00000002
00000000
00000000
00000000
00000004
00000000
00000000
00000002
00000001
00000000
00000000
00000006
000003ff
00000001
01FF8660
0000000F
00000000
00000002
00000000
00000000
00000000
00000001
01FF8664
00000005
00000000
00000002
00000000
00000000
00000000
00000001
01FF8668
00000090
00000000
00000002
00000000
00000000
00000000
00000001
01FF866C
00000000
00000000
00000002
00000000
00000000
00000000
00000001
01FF8670
0000002D
00000000
00000002
00000000
00000000
00000000
00000004
00000000
00000000
00000002
00000001
00000000
00000000
00000006
00000003
00000001
01FF8680
0000FFFF
00000000
00000002
00000000
00000000
00000000
00000001
01FF8684
000000FF
00000000
00000002
00000000
00000000
00000000
00000001
01FF8688
00000000
00000000
00000002
00000000
00000000
00000000
00000001
01FF868C
00000000
FFFFFFFF
00000002
00000000
00000000
00000000
00000001
01FF8690
000000FF
FFFFFFFF
00000002
00000000
00000000
00000000
00000000
01FF8680
00000010
00000002
00000000
00000000
00000000
00000000
01FF8684
00000010
00000002
00000000
00000000
00000000
00000000
01FF8688
00000080
00000002
00000000
00000000
00000000
00000000
01FF8690
00000018
00000002
00000000
00000000
00000000
00000004
00000000
00000000
00000002
00000001
00000000
00000000
00000006
000003ff
00000000
01FF8688
00000090
00000002
00000000
00000000
00000000
00000004
00000000
00000000
00000002
00000001
00000000
00000000
00000006
000003ff
00000000
01FF8688
00000092
00000002
00000000
00000000
00000000
00000004
00000000
00000000
00000002
00000001
00000000
00000000
00000006
000003ff
00000001
01FF8680
00000010
00000000
00000002
00000000
00000000
00000000
00000001
01FF8684
00000010
00000000
00000002
00000000
00000000
00000000
00000001
01FF8688
00000092
00000000
00000002
00000000
00000000
00000000
00000001
01FF868C
00000000
00000000
00000002
00000000
00000000
00000000
00000001
01FF8690
00000090
00000000
00000002
00000000
00000000
00000000
00000004
00000000
00000000
00000002
00000001
00000000
00000000
00000006
00000003
00000001
01FF86A0
0000FFFF
00000000
00000002
00000000
00000000
00000000
00000001
01FF86A4
000000FF
00000000
00000002
00000000
00000000
00000000
00000001
01FF86A8
00000000
00000000
00000002
00000000
00000000
00000000
00000001
01FF86AC
00000000
FFFFFFFF
00000002
00000000
00000000
00000000
00000001
01FF86B0
000000FF
FFFFFFFF
00000002
00000000
00000000
00000000
00000000
01FF86A0
00000100
00000002
00000000
00000000
00000000
00000000
01FF86A4
00000000
00000002
00000000
00000000
00000000
00000000
01FF86A8
00000080
00000002
00000000
00000000
00000000
00000000
01FF86B0
00000190
00000002
00000000
00000000
00000000
00000004
00000000
00000000
00000002
00000001
00000000
00000000
00000006
000003ff
00000000
01FF86A8
00000090
00000002
00000000
00000000
00000000
00000004
00000000
00000000
00000002
00000001
00000000
00000000
00000006
000003ff
00000000
01FF86A8
00000092
00000002
00000000
00000000
00000000
00000004
00000000
00000000
00000002
00000001
00000000
00000000
00000006
000003ff
00000001
01FF86A0
00000100
00000000
00000002
00000000
00000000
00000000
00000001
01FF86A4
00000000
00000000
00000002
00000000
00000000
00000000
00000001
01FF86A8
00000092
00000000
00000002
00000000
00000000
00000000
00000001
01FF86AC
00000000
00000000
00000002
00000000
00000000
00000000
00000001
01FF86B0
00000038
00000000
00000002
00000000
00000000
00000000
00000001
01FF86C0
0000FFFF
00000000
00000002
00000000
00000000
00000000
00000001
01FF86C4
000000FF
00000000
00000002
00000000
00000000
00000000
00000001
01FF86C8
00000000
00000000
00000002
00000000
00000000
00000000
00000001
01FF86CC
00000000
FFFFFFFF
00000002
00000000
00000000
00000000
00000001
01FF86D0
000000FF
FFFFFFFF
00000002
00000000
00000000
00000000
00000000
01FF86C0
0000004D
00000002
00000000
00000000
00000000
00000000
01FF86C4
00000001
00000002
00000000
00000000
00000000
00000000
01FF86C8
00000080
00000002
00000000
00000000
00000000
00000000
01FF86D0
00000078
00000002
00000000
00000000
00000000
00000004
00000000
00000000
00000002
00000001
00000000
00000000
00000006
000003ff
00000000
01FF86C8
00000090
00000002
00000000
00000000
00000000
00000004
00000000
00000000
00000002
00000001
00000000
00000000
00000006
000003ff
00000001
01FF86C0
0000004D
00000000
00000002
00000000
00000000
00000000
00000001
01FF86C4
00000001
00000000
00000002
00000000
00000000
00000000
00000001
01FF86C8
00000090
00000000
00000002
00000000
00000000
00000000
00000001
01FF86CC
00000000
00000000
00000002
00000000
00000000
00000000
00000001
01FF86D0
00000018
00000000
00000002
00000000
00000000
00000000
00000004
00000000
00000000
00000002
00000001
00000000
00000000
00000006
00000003
00000001
01FF86E8
00000000
00000000
00000002
00000000
00000000
00000000
00000001
01FF86E4
000000FF
00000000
00000002
00000000
00000000
00000000
00000001
01FF86E0
0000FFFF
00000000
00000002
00000000
00000000
00000000
00000001
01FF86EC
00000000
FFFFFFFF
00000002
00000000
00000000
00000000
00000001
01FF86F0
000000FF
FFFFFFFF
00000002
00000000
00000000
00000000
00000000
01FF86E0
00000003
00000002
00000000
00000000
00000000
00000000
01FF86E4
0000006F
00000002
00000000
00000000
00000000
00000000
01FF86E8
00000080
00000002
00000000
00000000
00000000
00000000
01FF86F0
00000005
00000002
00000000
00000000
00000000
00000004
00000000
00000000
00000002
00000001
00000000
00000000
00000006
000003ff
00000000
01FF86E8
00000090
00000002
00000000
00000000
00000000
00000004
00000000
00000000
00000002
00000001
00000000
00000000
00000006
000003ff
00000001
01FF86E0
00000008
00000000
00000002
00000000
00000000
00000000
00000001
01FF86E4
00000005
00000000
00000002
00000000
00000000
00000000
00000001
01FF86E8
00000092
00000000
00000002
00000000
00000000
00000000
00000001
01FF86EC
00000000
00000000
00000002
00000000
00000000
00000000
00000001
01FF86F0
00000018
00000000
00000002
00000000
00000000
00000000
00000001
01FF8708
00000000
00000000
00000002
00000000
00000000
00000000
00000001
01FF8704
000000FF
00000000
00000002
00000000
00000000
00000000
00000001
01FF8700
0000FFFF
00000000
00000002
00000000
00000000
00000000
00000001
01FF870C
00000000
FFFFFFFF
00000002
00000000
00000000
00000000
00000001
01FF8710
000000FF
FFFFFFFF
00000002
00000000
00000000
00000000
00000000
01FF8700
00000008
00000002
00000000
00000000
00000000
00000000
01FF8708
00000080
00000002
00000000
00000000
00000000
00000000
01FF8704
00000005
00000002
00000000
00000000
00000000
00000000
01FF8710
0000000F
00000002
00000000
00000000
00000000
00000004
00000000
00000000
00000002
00000001
00000000
00000000
00000006
000003ff
00000000
01FF8708
00000090
00000002
00000000
00000000
00000000
00000004
00000000
00000000
00000002
00000001
00000000
00000000
00000006
000003ff
00000001
01FF8700
00000008
00000000
00000002
00000000
00000000
00000000
00000001
01FF8704
00000005
00000000
00000002
00000000
00000000
00000000
00000001
01FF8708
00000090
00000000
00000002
00000000
00000000
00000000
00000001
01FF870C
00000000
00000000
00000002
00000000
00000000
00000000
00000001
01FF8710
0000000F
00000000
00000002
00000000
00000000
00000000
00000004
00000000
00000000
00000002
00000001
00000000
00000000
00000006
00000003
00000001
01FF8728
00000000
00000000
00000002
00000000
00000000
00000000
00000001
01FF8724
000000FF
00000000
00000002
00000000
00000000
00000000
00000001
01FF8720
0000FFFF
00000000
00000002
00000000
00000000
00000000
00000001
01FF872C
00000000
FFFFFFFF
00000002
00000000
00000000
00000000
00000001
01FF8730
000000FF
FFFFFFFF
00000002
00000000
00000000
00000000
00000000
01FF8720
00000008
00000002
00000000
00000000
00000000
00000000
01FF8728
00000080
00000002
00000000
00000000
00000000
00000000
01FF8724
00000002
00000002
00000000
00000000
00000000
00000000
01FF8730
00000018
00000002
00000000
00000000
00000000
00000004
00000000
00000000
00000002
00000001
00000000
00000000
00000006
000003ff
00000000
01FF8728
00000090
00000002
00000000
00000000
00000000
00000004
00000000
00000000
00000002
00000001
00000000
00000000
00000006
000003ff
00000001
01FF8720
00000008
00000000
00000002
00000000
00000000
00000000
00000001
01FF8724
00000002
00000000
00000002
00000000
00000000
00000000
00000001
01FF8728
00000090
00000000
00000002
00000000
00000000
00000000
00000001
01FF872C
00000000
00000000
00000002
00000000
00000000
00000000
00000001
01FF8730
00000018
00000000
00000002
00000000
00000000
00000000
00000004
00000000
00000000
00000002
00000001
00000000
00000000
00000006
00000003
00000001
01FF8748
00000000
00000000
00000002
00000000
00000000
00000000
00000001
01FF8744
000000FF
00000000
00000002
00000000
00000000
00000000
00000001
01FF8740
0000FFFF
00000000
00000002
00000000
00000000
00000000
00000001
01FF874C
00000000
FFFFFFFF
00000002
00000000
00000000
00000000
00000001
01FF8750
000000FF
FFFFFFFF
00000002
00000000
00000000
00000000
00000000
01FF8740
0000000A
00000002
00000000
00000000
00000000
00000000
01FF8744
0000000F
00000002
00000000
00000000
00000000
00000000
01FF8748
00000080
00000002
00000000
00000000
00000000
00000000
01FF8750
00000023
00000002
00000000
00000000
00000000
00000004
00000000
00000000
00000002
00000001
00000000
00000000
00000006
000003ff
00000000
01FF8748
00000090
00000002
00000000
00000000
00000000
00000004
00000000
00000000
00000002
00000001
00000000
00000000
00000006
000003ff
00000001
01FF8740
0000000A
00000000
00000002
00000000
00000000
00000000
00000001
01FF8744
00000005
00000000
00000002
00000000
00000000
00000000
00000001
01FF8748
00000092
00000000
00000002
00000000
00000000
00000000
00000001
01FF874C
00000000
00000000
00000002
00000000
00000000
00000000
00000001
01FF8750
00000018
00000000
00000002
00000000
00000000
00000000
00000004
00000000
00000000
00000002
00000001
00000000
00000000
00000006
00000003
00000001
01FF8760
0000FFFF
00000000
00000002
00000000
00000000
00000000
00000001
01FF8764
000000FF
00000000
00000002
00000000
00000000
00000000
00000001
01FF8768
00000000
00000000
00000002
00000000
00000000
00000000
00000001
01FF876C
00000000
FFFFFFFF
00000002
00000000
00000000
00000000
00000001
01FF8770
000000FF
FFFFFFFF
00000002
00000000
00000000
00000000
00000000
01FF8760
0000000F
00000002
00000000
00000000
00000000
00000000
01FF8764
00000005
00000002
00000000
00000000
00000000
00000000
01FF8768
00000080
00000002
00000000
00000000
00000000
00000000
01FF8770
0000002D
00000002
00000000
00000000
00000000
00000004
00000000
00000000
00000002
00000001
00000000
00000000
00000006
000003ff
00000000
01FF8768
00000090
00000002
00000000
00000000
00000000
00000004
00000000
00000000
00000002
00000001
00000000
00000000
00000006
000003ff
00000001
01FF8760
0000000F
00000000
00000002
00000000
00000000
00000000
00000001
01FF8764
00000005
00000000
00000002
00000000
00000000
00000000
00000001
01FF8768
00000090
00000000
00000002
00000000
00000000
00000000
00000001
01FF876C
00000000
00000000
00000002
00000000
00000000
00000000
00000001
01FF8770
0000002D
00000000
00000002
00000000
00000000
00000000
00000004
00000000
00000000
00000002
00000001
00000000
00000000
00000006
00000003
00000001
01FF8780
0000FFFF
00000000
00000002
00000000
00000000
00000000
00000001
01FF8784
000000FF
00000000
00000002
00000000
00000000
00000000
00000001
01FF8788
00000000
00000000
00000002
00000000
00000000
00000000
00000001
01FF878C
00000000
FFFFFFFF
00000002
00000000
00000000
00000000
00000001
01FF8790
000000FF
FFFFFFFF
00000002
00000000
00000000
00000000
00000000
01FF8780
00000010
00000002
00000000
00000000
00000000
00000000
01FF8784
00000010
00000002
00000000
00000000
00000000
00000000
01FF8788
00000080
00000002
00000000
00000000
00000000
00000000
01FF8790
00000018
00000002
00000000
00000000
00000000
00000004
00000000
00000000
00000002
00000001
00000000
00000000
00000006
000003ff
00000000
01FF8788
00000090
00000002
00000000
00000000
00000000
00000004
00000000
00000000
00000002
00000001
00000000
00000000
00000006
000003ff
00000000
01FF8788
00000092
00000002
00000000
00000000
00000000
00000004
00000000
00000000
00000002
00000001
00000000
00000000
00000006
000003ff
00000001
01FF8780
00000010
00000000
00000002
00000000
00000000
00000000
00000001
01FF8784
00000010
00000000
00000002
00000000
00000000
00000000
00000001
01FF8788
00000092
00000000
00000002
00000000
00000000
00000000
00000001
01FF878C
00000000
00000000
00000002
00000000
00000000
00000000
00000001
01FF8790
00000090
00000000
00000002
00000000
00000000
00000000
00000004
00000000
00000000
00000002
00000001
00000000
00000000
00000006
00000003
00000001
01FF87A0
0000FFFF
00000000
00000002
00000000
00000000
00000000
00000001
01FF87A4
000000FF
00000000
00000002
00000000
00000000
00000000
00000001
01FF87A8
00000000
00000000
00000002
00000000
00000000
00000000
00000001
01FF87AC
00000000
FFFFFFFF
00000002
00000000
00000000
00000000
00000001
01FF87B0
000000FF
FFFFFFFF
00000002
00000000
00000000
00000000
00000000
01FF87A0
00000100
00000002
00000000
00000000
00000000
00000000
01FF87A4
00000000
00000002
00000000
00000000
00000000
00000000
01FF87A8
00000080
00000002
00000000
00000000
00000000
00000000
01FF87B0
00000190
00000002
00000000
00000000
00000000
00000004
00000000
00000000
00000002
00000001
00000000
00000000
00000006
000003ff
00000000
01FF87A8
00000090
00000002
00000000
00000000
00000000
00000004
00000000
00000000
00000002
00000001
00000000
00000000
00000006
000003ff
00000000
01FF87A8
00000092
00000002
00000000
00000000
00000000
00000004
00000000
00000000
00000002
00000001
00000000
00000000
00000006
000003ff
00000001
01FF87A0
00000100
00000000
00000002
00000000
00000000
00000000
00000001
01FF87A4
00000000
00000000
00000002
00000000
00000000
00000000
00000001
01FF87A8
00000092
00000000
00000002
00000000
00000000
00000000
00000001
01FF87AC
00000000
00000000
00000002
00000000
00000000
00000000
00000001
01FF87B0
00000038
00000000
00000002
00000000
00000000
00000000
00000001
01FF87C0
0000FFFF
00000000
00000002
00000000
00000000
00000000
00000001
01FF87C4
000000FF
00000000
00000002
00000000
00000000
00000000
00000001
01FF87C8
00000000
00000000
00000002
00000000
00000000
00000000
00000001
01FF87CC
00000000
FFFFFFFF
00000002
00000000
00000000
00000000
00000001
01FF87D0
000000FF
FFFFFFFF
00000002
00000000
00000000
00000000
00000000
01FF87C0
0000004D
00000002
00000000
00000000
00000000
00000000
01FF87C4
00000001
00000002
00000000
00000000
00000000
00000000
01FF87C8
00000080
00000002
00000000
00000000
00000000
00000000
01FF87D0
00000078
00000002
00000000
00000000
00000000
00000004
00000000
00000000
00000002
00000001
00000000
00000000
00000006
000003ff
00000000
01FF87C8
00000090
00000002
00000000
00000000
00000000
00000004
00000000
00000000
00000002
00000001
00000000
00000000
00000006
000003ff
00000001
01FF87C0
0000004D
00000000
00000002
00000000
00000000
00000000
00000001
01FF87C4
00000001
00000000
00000002
00000000
00000000
00000000
00000001
01FF87C8
00000090
00000000
00000002
00000000
00000000
00000000
00000001
01FF87CC
00000000
00000000
00000002
00000000
00000000
00000000
00000001
01FF87D0
00000018
00000000
00000002
00000000
00000000
00000000
00000004
00000000
00000000
00000002
00000001
00000000
00000000
00000006
00000003
00000001
01FF87E8
00000000
00000000
00000002
00000000
00000000
00000000
00000001
01FF87E4
000000FF
00000000
00000002
00000000
00000000
00000000
00000001
01FF87E0
0000FFFF
00000000
00000002
00000000
00000000
00000000
00000001
01FF87EC
00000000
FFFFFFFF
00000002
00000000
00000000
00000000
00000001
01FF87F0
000000FF
FFFFFFFF
00000002
00000000
00000000
00000000
00000000
01FF87E0
00000003
00000002
00000000
00000000
00000000
00000000
01FF87E4
0000006F
00000002
00000000
00000000
00000000
00000000
01FF87E8
00000080
00000002
00000000
00000000
00000000
00000000
01FF87F0
00000005
00000002
00000000
00000000
00000000
00000004
00000000
00000000
00000002
00000001
00000000
00000000
00000006
000003ff
00000000
01FF87E8
00000090
00000002
00000000
00000000
00000000
00000004
00000000
00000000
00000002
00000001
00000000
00000000
00000006
000003ff
00000001
01FF87E0
00000008
00000000
00000002
00000000
00000000
00000000
00000001
01FF87E4
00000005
00000000
00000002
00000000
00000000
00000000
00000001
01FF87E8
00000092
00000000
00000002
00000000
00000000
00000000
00000001
01FF87EC
00000000
00000000
00000002
00000000
00000000
00000000
00000001
01FF87F0
00000018
00000000
00000002
00000000
00000000
00000000
00000001
01FF8808
00000000
00000000
00000002
00000000
00000000
00000000
00000001
01FF8804
000000FF
00000000
00000002
00000000
00000000
00000000
00000001
01FF8800
0000FFFF
00000000
00000002
00000000
00000000
00000000
00000001
01FF880C
00000000
FFFFFFFF
00000002
00000000
00000000
00000000
00000001
01FF8810
000000FF
FFFFFFFF
00000002
00000000
00000000
00000000
00000000
01FF8800
00000008
00000002
00000000
00000000
00000000
00000000
01FF8808
00000080
00000002
00000000
00000000
00000000
00000000
01FF8804
00000005
00000002
00000000
00000000
00000000
00000000
01FF8810
0000000F
00000002
00000000
00000000
00000000
00000004
00000000
00000000
00000002
00000001
00000000
00000000
00000006
000003ff
00000000
01FF8808
00000090
00000002
00000000
00000000
00000000
00000004
00000000
00000000
00000002
00000001
00000000
00000000
00000006
000003ff
00000001
01FF8800
00000008
00000000
00000002
00000000
00000000
00000000
00000001
01FF8804
00000005
00000000
00000002
00000000
00000000
00000000
00000001
01FF8808
00000090
00000000
00000002
00000000
00000000
00000000
00000001
01FF880C
00000000
00000000
00000002
00000000
00000000
00000000
00000001
01FF8810
0000000F
00000000
00000002
00000000
00000000
00000000
00000004
00000000
00000000
00000002
00000001
00000000
00000000
00000006
00000003
00000001
01FF8828
00000000
00000000
00000002
00000000
00000000
00000000
00000001
01FF8824
000000FF
00000000
00000002
00000000
00000000
00000000
00000001
01FF8820
0000FFFF
00000000
00000002
00000000
00000000
00000000
00000001
01FF882C
00000000
FFFFFFFF
00000002
00000000
00000000
00000000
00000001
01FF8830
000000FF
FFFFFFFF
00000002
00000000
00000000
00000000
00000000
01FF8820
00000008
00000002
00000000
00000000
00000000
00000000
01FF8828
00000080
00000002
00000000
00000000
00000000
00000000
01FF8824
00000002
00000002
00000000
00000000
00000000
00000000
01FF8830
00000018
00000002
00000000
00000000
00000000
00000004
00000000
00000000
00000002
00000001
00000000
00000000
00000006
000003ff
00000000
01FF8828
00000090
00000002
00000000
00000000
00000000
00000004
00000000
00000000
00000002
00000001
00000000
00000000
00000006
000003ff
00000001
01FF8820
00000008
00000000
00000002
00000000
00000000
00000000
00000001
01FF8824
00000002
00000000
00000002
00000000
00000000
00000000
00000001
01FF8828
00000090
00000000
00000002
00000000
00000000
00000000
00000001
01FF882C
00000000
00000000
00000002
00000000
00000000
00000000
00000001
01FF8830
00000018
00000000
00000002
00000000
00000000
00000000
00000004
00000000
00000000
00000002
00000001
00000000
00000000
00000006
00000003
00000001
01FF8848
00000000
00000000
00000002
00000000
00000000
00000000
00000001
01FF8844
000000FF
00000000
00000002
00000000
00000000
00000000
00000001
01FF8840
0000FFFF
00000000
00000002
00000000
00000000
00000000
00000001
01FF884C
00000000
FFFFFFFF
00000002
00000000
00000000
00000000
00000001
01FF8850
000000FF
FFFFFFFF
00000002
00000000
00000000
00000000
00000000
01FF8840
0000000A
00000002
00000000
00000000
00000000
00000000
01FF8844
0000000F
00000002
00000000
00000000
00000000
00000000
01FF8848
00000080
00000002
00000000
00000000
00000000
00000000
01FF8850
00000023
00000002
00000000
00000000
00000000
00000004
00000000
00000000
00000002
00000001
00000000
00000000
00000006
000003ff
00000000
01FF8848
00000090
00000002
00000000
00000000
00000000
00000004
00000000
00000000
00000002
00000001
00000000
00000000
00000006
000003ff
00000001
01FF8840
0000000A
00000000
00000002
00000000
00000000
00000000
00000001
01FF8844
00000005
00000000
00000002
00000000
00000000
00000000
00000001
01FF8848
00000092
00000000
00000002
00000000
00000000
00000000
00000001
01FF884C
00000000
00000000
00000002
00000000
00000000
00000000
00000001
01FF8850
00000018
00000000
00000002
00000000
00000000
00000000
00000004
00000000
00000000
00000002
00000001
00000000
00000000
00000006
00000003
00000001
01FF8860
0000FFFF
00000000
00000002
00000000
00000000
00000000
00000001
01FF8864
000000FF
00000000
00000002
00000000
00000000
00000000
00000001
01FF8868
00000000
00000000
00000002
00000000
00000000
00000000
00000001
01FF886C
00000000
FFFFFFFF
00000002
00000000
00000000
00000000
00000001
01FF8870
000000FF
FFFFFFFF
00000002
00000000
00000000
00000000
00000000
01FF8860
0000000F
00000002
00000000
00000000
00000000
00000000
01FF8864
00000005
00000002
00000000
00000000
00000000
00000000
01FF8868
00000080
00000002
00000000
00000000
00000000
00000000
01FF8870
0000002D
00000002
00000000
00000000
00000000
00000004
00000000
00000000
00000002
00000001
00000000
00000000
00000006
000003ff
00000000
01FF8868
00000090
00000002
00000000
00000000
00000000
00000004
00000000
00000000
00000002
00000001
00000000
00000000
00000006
000003ff
00000001
01FF8860
0000000F
00000000
00000002
00000000
00000000
00000000
00000001
01FF8864
00000005
00000000
00000002
00000000
00000000
00000000
00000001
01FF8868
00000090
00000000
00000002
00000000
00000000
00000000
00000001
01FF886C
00000000
00000000
00000002
00000000
00000000
00000000
00000001
01FF8870
0000002D
00000000
00000002
00000000
00000000
00000000
00000004
00000000
00000000
00000002
00000001
00000000
00000000
00000006
00000003
00000001
01FF8880
0000FFFF
00000000
00000002
00000000
00000000
00000000
00000001
01FF8884
000000FF
00000000
00000002
00000000
00000000
00000000
00000001
01FF8888
00000000
00000000
00000002
00000000
00000000
00000000
00000001
01FF888C
00000000
FFFFFFFF
00000002
00000000
00000000
00000000
00000001
01FF8890
000000FF
FFFFFFFF
00000002
00000000
00000000
00000000
00000000
01FF8880
00000010
00000002
00000000
00000000
00000000
00000000
01FF8884
00000010
00000002
00000000
00000000
00000000
00000000
01FF8888
00000080
00000002
00000000
00000000
00000000
00000000
01FF8890
00000018
00000002
00000000
00000000
00000000
00000004
00000000
00000000
00000002
00000001
00000000
00000000
00000006
000003ff
00000000
01FF8888
00000090
00000002
00000000
00000000
00000000
00000004
00000000
00000000
00000002
00000001
00000000
00000000
00000006
000003ff
00000000
01FF8888
00000092
00000002
00000000
00000000
00000000
00000004
00000000
00000000
00000002
00000001
00000000
00000000
00000006
000003ff
00000001
01FF8880
00000010
00000000
00000002
00000000
00000000
00000000
00000001
01FF8884
00000010
00000000
00000002
00000000
00000000
00000000
00000001
01FF8888
00000092
00000000
00000002
00000000
00000000
00000000
00000001
01FF888C
00000000
00000000
00000002
00000000
00000000
00000000
00000001
01FF8890
00000090
00000000
00000002
00000000
00000000
00000000
00000004
00000000
00000000
00000002
00000001
00000000
00000000
00000006
00000003
00000001
01FF88A0
0000FFFF
00000000
00000002
00000000
00000000
00000000
00000001
01FF88A4
000000FF
00000000
00000002
00000000
00000000
00000000
00000001
01FF88A8
00000000
00000000
00000002
00000000
00000000
00000000
00000001
01FF88AC
00000000
FFFFFFFF
00000002
00000000
00000000
00000000
00000001
01FF88B0
000000FF
FFFFFFFF
00000002
00000000
00000000
00000000
00000000
01FF88A0
00000100
00000002
00000000
00000000
00000000
00000000
01FF88A4
00000000
00000002
00000000
00000000
00000000
00000000
01FF88A8
00000080
00000002
00000000
00000000
00000000
00000000
01FF88B0
00000190
00000002
00000000
00000000
00000000
00000004
00000000
00000000
00000002
00000001
00000000
00000000
00000006
000003ff
00000000
01FF88A8
00000090
00000002
00000000
00000000
00000000
00000004
00000000
00000000
00000002
00000001
00000000
00000000
00000006
000003ff
00000000
01FF88A8
00000092
00000002
00000000
00000000
00000000
00000004
00000000
00000000
00000002
00000001
00000000
00000000
00000006
000003ff
00000001
01FF88A0
00000100
00000000
00000002
00000000
00000000
00000000
00000001
01FF88A4
00000000
00000000
00000002
00000000
00000000
00000000
00000001
01FF88A8
00000092
00000000
00000002
00000000
00000000
00000000
00000001
01FF88AC
00000000
00000000
00000002
00000000
00000000
00000000
00000001
01FF88B0
00000038
00000000
00000002
00000000
00000000
00000000
00000001
01FF88C0
0000FFFF
00000000
00000002
00000000
00000000
00000000
00000001
01FF88C4
000000FF
00000000
00000002
00000000
00000000
00000000
00000001
01FF88C8
00000000
00000000
00000002
00000000
00000000
00000000
00000001
01FF88CC
00000000
FFFFFFFF
00000002
00000000
00000000
00000000
00000001
01FF88D0
000000FF
FFFFFFFF
00000002
00000000
00000000
00000000
00000000
01FF88C0
0000004D
00000002
00000000
00000000
00000000
00000000
01FF88C4
00000001
00000002
00000000
00000000
00000000
00000000
01FF88C8
00000080
00000002
00000000
00000000
00000000
00000000
01FF88D0
00000078
00000002
00000000
00000000
00000000
00000004
00000000
00000000
00000002
00000001
00000000
00000000
00000006
000003ff
00000000
01FF88C8
00000090
00000002
00000000
00000000
00000000
00000004
00000000
00000000
00000002
00000001
00000000
00000000
00000006
000003ff
00000001
01FF88C0
0000004D
00000000
00000002
00000000
00000000
00000000
00000001
01FF88C4
00000001
00000000
00000002
00000000
00000000
00000000
00000001
01FF88C8
00000090
00000000
00000002
00000000
00000000
00000000
00000001
01FF88CC
00000000
00000000
00000002
00000000
00000000
00000000
00000001
01FF88D0
00000018
00000000
00000002
00000000
00000000
00000000
00000004
00000000
00000000
00000002
00000001
00000000
00000000
00000006
00000003
00000001
01FF88E8
00000000
00000000
00000002
00000000
00000000
00000000
00000001
01FF88E4
000000FF
00000000
00000002
00000000
00000000
00000000
00000001
01FF88E0
0000FFFF
00000000
00000002
00000000
00000000
00000000
00000001
01FF88EC
00000000
FFFFFFFF
00000002
00000000
00000000
00000000
00000001
01FF88F0
000000FF
FFFFFFFF
00000002
00000000
00000000
00000000
00000000
01FF88E0
00000003
00000002
00000000
00000000
00000000
00000000
01FF88E4
0000006F
00000002
00000000
00000000
00000000
00000000
01FF88E8
00000080
00000002
00000000
00000000
00000000
00000000
01FF88F0
00000005
00000002
00000000
00000000
00000000
00000004
00000000
00000000
00000002
00000001
00000000
00000000
00000006
000003ff
00000000
01FF88E8
00000090
00000002
00000000
00000000
00000000
00000004
00000000
00000000
00000002
00000001
00000000
00000000
00000006
000003ff
00000001
01FF88E0
00000008
00000000
00000002
00000000
00000000
00000000
00000001
01FF88E4
00000005
00000000
00000002
00000000
00000000
00000000
00000001
01FF88E8
00000092
00000000
00000002
00000000
00000000
00000000
00000001
01FF88EC
00000000
00000000
00000002
00000000
00000000
00000000
00000001
01FF88F0
00000018
00000000
00000002
00000000
00000000
00000000
00000000
01FF8568
00000090
00000002
00000000
00000000
00000000
00000001
01FF8A00
00000000
FFFFFFFF
00000002
00000000
00000000
00000000
00000001
01FF8A04
000000BB
FFFFFFFF
00000002
00000000
00000000
00000000
00000001
01FF8A08
00000000
FFFFFFFF
00000002
00000000
00000000
00000000
00000001
01FF8A0C
000000DD
FFFFFFFF
00000002
00000000
00000000
00000000
00000001
01FF8A10
00000000
FFFFFFFF
00000002
00000000
00000000
00000000
00000001
01FF8A14
00000000
FFFFFFFF
00000002
00000000
00000000
00000000
00000001
01FF8A18
00000000
FFFFFFFF
00000002
00000000
00000000
00000000
00000001
01FF8A1C
00000000
FFFFFFFF
00000002
00000000
00000000
00000000
00000004
00000000
00000000
00000002
00000001
00000000
00000000
00000006
00000003
00000000
01FF8A00
00000011
00000002
00000000
00000000
00000000
00000000
01FF8A04
00000022
00000002
00000000
00000000
00000000
00000000
01FF8A08
00000033
00000002
00000000
00000000
00000000
00000000
01FF8A0C
00000044
00000002
00000000
00000000
00000000
00000004
00000000
00000000
00000002
00000001
00000000
00000000
00000006
00000003
00000000
01FF8A10
00000000
00000002
00000000
00000000
00000000
00000000
01FF8A14
00000000
00000002
00000000
00000000
00000000
00000000
01FF8A18
00000000
00000002
00000000
00000000
00000000
00000000
01FF8A1C
00000000
00000002
00000000
00000000
00000000
00000001
01FF8A00
00000000
FFFFFFFF
00000002
00000000
00000000
00000000
00000001
01FF8A04
000000BB
FFFFFFFF
00000002
00000000
00000000
00000000
00000001
01FF8A08
00000033
FFFFFFFF
00000002
00000000
00000000
00000000
00000001
01FF8A0C
000000DD
FFFFFFFF
00000002
00000000
00000000
00000000
00000004
00000000
00000000
00000002
00000001
00000000
00000000
00000006
000003ff
00000000
01FF8A10
0000BBBB
00000002
00000000
00000000
00000000
00000004
00000000
00000000
00000002
00000001
00000000
00000000
00000006
00000003
00000001
01FF8A10
0000BBBB
FFFFFFFF
00000002
00000000
00000000
00000000
00000000
01FF8A00
00000088
00000002
00000000
00000000
00000000
00000004
00000000
00000000
00000002
00000001
00000000
00000000
00000006
00000003
00000001
01FF8A00
00000088
FFFFFFFF
00000002
00000000
00000000
00000000
00000000
01FF8A14
00001111
00000002
00000000
00000000
00000000
00000004
00000000
00000000
00000002
00000001
00000000
00000000
00000006
00000003
00000000
01FF8A04
00000050
00000002
00000000
00000000
00000000
00000001
01FF8A14
00001111
FFFFFFFF
00000002
00000000
00000000
00000000
00000004
00000000
00000000
00000002
00000001
00000000
00000000
00000006
00000015
00000001
01FF8A04
000000FA
FFFFFFFF
00000002
00000000
00000000
00000000
