a global/ 0K
a global/synopsys_shared/ 0K
a global/synopsys_shared/scr_common/ 0K
a global/synopsys_shared/scr_common/apb_slave.scr 4K
a global/synopsys_shared/scr_common/setup.scr 14K
a global/synopsys_shared/scr_common/ahb_slave.scr 6K
a global/synopsys_shared/scr_common/amba_params.scr 14K
a global/synopsys_shared/scr_common/name_rules.scr 8K
a global/synopsys_shared/scr_common/global.scr 3K
a global/synopsys_shared/scr_common/apb_params.scr 8K
a global/synopsys_shared/scr_common/library_avanti_cb25_v2.1.scr 9K
a global/bin/ 0K
a global/bin/vhdl_sdf_patch 2K
a global/bin/verilog_net_patch 2K
a uart_pl011/ 0K
a uart_pl011/synopsys/ 0K
a uart_pl011/synopsys/scripts/ 0K
a uart_pl011/synopsys/scripts/Uart.scr 10K
a uart_pl011/synopsys/scripts/Uart.cmd 21K
a uart_pl011/synopsys/scripts/Uart_scan.cmd 5K
a uart_pl011/synopsys/scripts/Uart_exceptions.scr 2K
a uart_pl011/synopsys/log/ 0K
a uart_pl011/synopsys/log/Uart_scanready_vhdl_verilog_synth.log 15K
a uart_pl011/synopsys/log/Uart_scanready_vhdl_vhdl_run.log 1005K
a uart_pl011/synopsys/log/Uart_scanready_vhdl_vhdl_synth.log 15K
a uart_pl011/synopsys/log/Uart_scanready_verilog_verilog_run.log 541K
a uart_pl011/synopsys/log/Uart_scaninsert_vhdl_verilog_run.log 830K
a uart_pl011/synopsys/log/Uart_noscan_verilog_verilog_run.log 535K
a uart_pl011/synopsys/log/Uart_scaninsert_verilog_verilog_synth.log 52K
a uart_pl011/synopsys/log/Uart_scaninsert_vhdl_verilog_synth.log 52K
a uart_pl011/synopsys/log/Uart_noscan_vhdl_vhdl_synth.log 13K
a uart_pl011/synopsys/log/Uart_noscan_verilog_verilog_synth.log 13K
a uart_pl011/synopsys/log/Uart_noscan_vhdl_verilog_synth.log 22K
a uart_pl011/synopsys/log/Uart_scaninsert_vhdl_vhdl_synth.log 52K
a uart_pl011/synopsys/log/Uart_scaninsert_vhdl_vhdl_run.log 1114K
a uart_pl011/synopsys/log/Uart_noscan_vhdl_vhdl_run.log 1079K
a uart_pl011/synopsys/log/Uart_noscan_vhdl_verilog_run.log 727K
a uart_pl011/synopsys/log/Uart_scanready_verilog_verilog_synth.log 15K
a uart_pl011/synopsys/log/Uart_scanready_vhdl_verilog_run.log 715K
a uart_pl011/synopsys/log/Uart_scaninsert_verilog_verilog_run.log 675K
a uart_pl011/synopsys/report/ 0K
a uart_pl011/synopsys/report/Uart_noscan_vhdl_verilog.latch 1K
a uart_pl011/synopsys/report/Uart_noscan_vhdl_vhdl.max 634K
a uart_pl011/synopsys/report/Uart_scanready_vhdl_vhdl.vio 1K
a uart_pl011/synopsys/report/Uart_noscan_vhdl_vhdl.area 24K
a uart_pl011/synopsys/report/Uart_noscan_verilog_verilog.min 390K
a uart_pl011/synopsys/report/Uart_scanready_verilog_verilog.vio 1K
a uart_pl011/synopsys/report/Uart_scaninsert_verilog_verilog.ports 29K
a uart_pl011/synopsys/report/Uart_scaninsert_verilog_verilog.latch 1K
a uart_pl011/synopsys/report/Uart_noscan_verilog_verilog.max 649K
a uart_pl011/synopsys/report/Uart_noscan_verilog_verilog.latch 1K
a uart_pl011/synopsys/report/Uart_noscan_verilog_verilog.ports 29K
a uart_pl011/synopsys/report/Uart_scaninsert_vhdl_vhdl.vio 1K
a uart_pl011/synopsys/report/Uart_scanready_vhdl_verilog.min 377K
a uart_pl011/synopsys/report/Uart_noscan_vhdl_vhdl.constr 8K
a uart_pl011/synopsys/report/Uart_noscan_verilog_verilog.area 24K
a uart_pl011/synopsys/report/Uart_scaninsert_verilog_verilog.min 378K
a uart_pl011/synopsys/report/Uart_noscan_vhdl_verilog.vio 1K
a uart_pl011/synopsys/report/Uart_scanready_vhdl_verilog.max 649K
a uart_pl011/synopsys/report/Uart_scaninsert_verilog_verilog.max 675K
a uart_pl011/synopsys/report/Uart_scanready_vhdl_verilog.ports 29K
a uart_pl011/synopsys/report/Uart_scanready_vhdl_verilog.latch 1K
a uart_pl011/synopsys/report/Uart_scaninsert_vhdl_verilog.ports 29K
a uart_pl011/synopsys/report/Uart_scanready_verilog_verilog.area 24K
a uart_pl011/synopsys/report/Uart_scaninsert_vhdl_verilog.min 377K
a uart_pl011/synopsys/report/Uart_scaninsert_vhdl_verilog.latch 1K
a uart_pl011/synopsys/report/Uart_scaninsert_vhdl_vhdl.area 38K
a uart_pl011/synopsys/report/Uart_scaninsert_vhdl_verilog.max 662K
a uart_pl011/synopsys/report/Uart_scanready_vhdl_vhdl.min 377K
a uart_pl011/synopsys/report/Uart_scanready_verilog_verilog.min 387K
a uart_pl011/synopsys/report/Uart_scaninsert_vhdl_vhdl.scan 41K
a uart_pl011/synopsys/report/Uart_noscan_vhdl_vhdl.vio 1K
a uart_pl011/synopsys/report/Uart_scanready_verilog_verilog.max 672K
a uart_pl011/synopsys/report/Uart_scanready_vhdl_vhdl.max 649K
a uart_pl011/synopsys/report/Uart_noscan_vhdl_verilog.constr 8K
a uart_pl011/synopsys/report/Uart_scaninsert_vhdl_verilog.area 38K
a uart_pl011/synopsys/report/Uart_noscan_verilog_verilog.vio 1K
a uart_pl011/synopsys/report/Uart_scanready_verilog_verilog.constr 8K
a uart_pl011/synopsys/report/Uart_scaninsert_vhdl_vhdl.min 377K
a uart_pl011/synopsys/report/Uart_scaninsert_verilog_verilog.area 38K
a uart_pl011/synopsys/report/Uart_noscan_vhdl_verilog.min 376K
a uart_pl011/synopsys/report/Uart_scaninsert_vhdl_vhdl.max 662K
a uart_pl011/synopsys/report/Uart_scaninsert_vhdl_verilog.constr 9K
a uart_pl011/synopsys/report/Uart_scaninsert_vhdl_verilog.scan 41K
a uart_pl011/synopsys/report/Uart_scaninsert_verilog_verilog.scan 41K
a uart_pl011/synopsys/report/Uart_scanready_vhdl_vhdl.constr 8K
a uart_pl011/synopsys/report/Uart_noscan_vhdl_verilog.max 634K
a uart_pl011/synopsys/report/Uart_scanready_vhdl_verilog.vio 1K
a uart_pl011/synopsys/report/Uart_scaninsert_verilog_verilog.vio 1K
a uart_pl011/synopsys/report/Uart_scanready_vhdl_vhdl.ports 29K
a uart_pl011/synopsys/report/Uart_scaninsert_verilog_verilog.constr 8K
a uart_pl011/synopsys/report/Uart_noscan_vhdl_verilog.area 24K
a uart_pl011/synopsys/report/Uart_scanready_vhdl_vhdl.latch 1K
a uart_pl011/synopsys/report/Uart_noscan_vhdl_vhdl.ports 29K
a uart_pl011/synopsys/report/Uart_noscan_verilog_verilog.constr 8K
a uart_pl011/synopsys/report/Uart_scanready_verilog_verilog.ports 29K
a uart_pl011/synopsys/report/Uart_scanready_vhdl_vhdl.area 24K
a uart_pl011/synopsys/report/Uart_scaninsert_vhdl_vhdl.ports 29K
a uart_pl011/synopsys/report/Uart_scanready_verilog_verilog.latch 1K
a uart_pl011/synopsys/report/Uart_noscan_vhdl_vhdl.latch 1K
a uart_pl011/synopsys/report/Uart_noscan_vhdl_vhdl.min 376K
a uart_pl011/synopsys/report/Uart_scaninsert_vhdl_vhdl.constr 9K
a uart_pl011/synopsys/report/Uart_scaninsert_vhdl_vhdl.latch 1K
a uart_pl011/synopsys/report/Uart_noscan_vhdl_verilog.ports 29K
a uart_pl011/synopsys/report/Uart_scanready_vhdl_verilog.area 24K
a uart_pl011/synopsys/report/Uart_scanready_vhdl_verilog.constr 8K
a uart_pl011/synopsys/report/Uart_scaninsert_vhdl_verilog.vio 1K
a uart_pl011/synopsys/db/ 0K
a uart_pl011/synopsys/makefile 2K
a uart_pl011/synopsys/README 4K
