BREAKDOWN OF BUNDLE PL092-BU-00000-r1p3-01ltd0

This directory contains bundled deliverables from ARM. Bundled deliverables
are a way of grouping deliverables together for ease of use but which also
need to be identified separately for contractual reasons. This file shows
the breakdown of the bundled data into its constituent deliverables and
files.  It is provided mainly for information for delivery tracking, but
may be useful in the event of problems being found with particular files
and tracing the origin of the files for communication with ARM's support
group.

- - - - - - - - - - - - - - - - - - - - - - - - - - - - -
PL092-DA-03001-r1p3-01ltd0 :

  PL092_VC/smc_pl092/
  PL092_VC/smc_pl092/docs/
  PL092_VC/smc_pl092/docs/PL092_DDI_0203.pdf

PL092-DC-01001-r1p3-01ltd0 :

  PL092_SW/PL092_trep_1000.pdf

PL092-DC-02001-r1p3-01ltd0 :

  PL092_SW/PL092_ispc_1000.pdf

PL092-DC-02002-r1p3-01ltd0 :

  PL092_VC/smc_pl092/
  PL092_VC/smc_pl092/docs/
  PL092_VC/smc_pl092/docs/PL092-DDES-0000.pdf

PL092-DC-06002-r1p3-01ltd0 :

  PL092_VC/PL092-DC-06002-r1p3-01ltd0.pdf

PL092-DC-08001-r1p3-01ltd0 :

  PL092_VC/smc_pl092/
  PL092_VC/smc_pl092/docs/
  PL092_VC/smc_pl092/docs/PL092-USGD-0000.pdf

PL092-DC-10002-r1p3-01ltd0 :

  PL092_VC/smc_pl092/
  PL092_VC/smc_pl092/docs/
  PL092_VC/smc_pl092/docs/PL092-INTM-0000.pdf

PL092-DC-11001-r1p3-01ltd0 :

  PL092_VC/smc_pl092/
  PL092_VC/smc_pl092/docs/
  PL092_VC/smc_pl092/docs/PL092-DEI-0000.pdf

PL092-MN-01002-r1p3-01ltd0 :

  PL092_VC/global/
  PL092_VC/global/bin/
  PL092_VC/global/bin/do_all.scr
  PL092_VC/global/bin/remove_prot
  PL092_VC/global/bin/verilog_net_patch
  PL092_VC/global/bin/vhdl_sdf_patch
  PL092_VC/global/synopsys_shared/
  PL092_VC/global/synopsys_shared/scr_common/
  PL092_VC/global/synopsys_shared/scr_common/ahb_master.scr
  PL092_VC/global/synopsys_shared/scr_common/ahb_master_constraints.tcl
  PL092_VC/global/synopsys_shared/scr_common/ahb_slave.scr
  PL092_VC/global/synopsys_shared/scr_common/ahb_slave_constraints.tcl
  PL092_VC/global/synopsys_shared/scr_common/amba_parameters.tcl
  PL092_VC/global/synopsys_shared/scr_common/amba_params.scr
  PL092_VC/global/synopsys_shared/scr_common/apb_master_constraints.tcl
  PL092_VC/global/synopsys_shared/scr_common/apb_params.scr
  PL092_VC/global/synopsys_shared/scr_common/apb_slave.scr
  PL092_VC/global/synopsys_shared/scr_common/apb_slave_constraints.tcl
  PL092_VC/global/synopsys_shared/scr_common/artisan_tsmc18.tcl
  PL092_VC/global/synopsys_shared/scr_common/avanti_cb18.tcl
  PL092_VC/global/synopsys_shared/scr_common/avanti_cb25.tcl
  PL092_VC/global/synopsys_shared/scr_common/design_rules.tcl
  PL092_VC/global/synopsys_shared/scr_common/functions.tcl
  PL092_VC/global/synopsys_shared/scr_common/global.scr
  PL092_VC/global/synopsys_shared/scr_common/library_avanti_cb18_v1.0.scr
  PL092_VC/global/synopsys_shared/scr_common/library_avanti_cb25_v2.1.scr
  PL092_VC/global/synopsys_shared/scr_common/name_rules.scr
  PL092_VC/global/synopsys_shared/scr_common/setup.scr
  PL092_VC/global/synopsys_shared/scr_common/setup.tcl
  PL092_VC/smc_pl092/
  PL092_VC/smc_pl092/synopsys/
  PL092_VC/smc_pl092/synopsys/log/
  PL092_VC/smc_pl092/synopsys/log/DBI_noscan_verilog_verilog_run.log
  PL092_VC/smc_pl092/synopsys/log/DBI_noscan_verilog_verilog_synth.log
  PL092_VC/smc_pl092/synopsys/log/DBI_noscan_vhdl_verilog_run.log
  PL092_VC/smc_pl092/synopsys/log/DBI_noscan_vhdl_verilog_synth.log
  PL092_VC/smc_pl092/synopsys/log/DBI_scaninsert_verilog_verilog_run.log
  PL092_VC/smc_pl092/synopsys/log/DBI_scaninsert_verilog_verilog_synth.log
  PL092_VC/smc_pl092/synopsys/log/DBI_scaninsert_vhdl_verilog_run.log
  PL092_VC/smc_pl092/synopsys/log/DBI_scaninsert_vhdl_verilog_synth.log
  PL092_VC/smc_pl092/synopsys/log/Smc_noscan_verilog_verilog_run.log
  PL092_VC/smc_pl092/synopsys/log/Smc_noscan_verilog_verilog_synth.log
  PL092_VC/smc_pl092/synopsys/log/Smc_noscan_vhdl_verilog_run.log
  PL092_VC/smc_pl092/synopsys/log/Smc_noscan_vhdl_verilog_synth.log
  PL092_VC/smc_pl092/synopsys/log/Smc_scaninsert_verilog_verilog_run.log
  PL092_VC/smc_pl092/synopsys/log/Smc_scaninsert_verilog_verilog_synth.log
  PL092_VC/smc_pl092/synopsys/log/Smc_scaninsert_vhdl_verilog_run.log
  PL092_VC/smc_pl092/synopsys/log/Smc_scaninsert_vhdl_verilog_synth.log
  PL092_VC/smc_pl092/synopsys/log/SmcCore_noscan_verilog_verilog_run.log
  PL092_VC/smc_pl092/synopsys/log/SmcCore_noscan_verilog_verilog_synth.log
  PL092_VC/smc_pl092/synopsys/log/SmcCore_noscan_vhdl_verilog_run.log
  PL092_VC/smc_pl092/synopsys/log/SmcCore_noscan_vhdl_verilog_synth.log
  PL092_VC/smc_pl092/synopsys/log/SmcCore_scaninsert_verilog_verilog_run.log
  PL092_VC/smc_pl092/synopsys/log/SmcCore_scaninsert_verilog_verilog_synth.log
  PL092_VC/smc_pl092/synopsys/log/SmcCore_scaninsert_vhdl_verilog_run.log
  PL092_VC/smc_pl092/synopsys/log/SmcCore_scaninsert_vhdl_verilog_synth.log
  PL092_VC/smc_pl092/synopsys/log/TIC_noscan_verilog_verilog_run.log
  PL092_VC/smc_pl092/synopsys/log/TIC_noscan_verilog_verilog_synth.log
  PL092_VC/smc_pl092/synopsys/log/TIC_noscan_vhdl_verilog_run.log
  PL092_VC/smc_pl092/synopsys/log/TIC_noscan_vhdl_verilog_synth.log
  PL092_VC/smc_pl092/synopsys/log/TIC_scaninsert_verilog_verilog_run.log
  PL092_VC/smc_pl092/synopsys/log/TIC_scaninsert_verilog_verilog_synth.log
  PL092_VC/smc_pl092/synopsys/log/TIC_scaninsert_vhdl_verilog_run.log
  PL092_VC/smc_pl092/synopsys/log/TIC_scaninsert_vhdl_verilog_synth.log
  PL092_VC/smc_pl092/synopsys/makefile
  PL092_VC/smc_pl092/synopsys/README
  PL092_VC/smc_pl092/synopsys/report/
  PL092_VC/smc_pl092/synopsys/report/DBI_noscan_verilog_verilog.area
  PL092_VC/smc_pl092/synopsys/report/DBI_noscan_verilog_verilog.Cell
  PL092_VC/smc_pl092/synopsys/report/DBI_noscan_verilog_verilog.ClockTree
  PL092_VC/smc_pl092/synopsys/report/DBI_noscan_verilog_verilog.constr
  PL092_VC/smc_pl092/synopsys/report/DBI_noscan_verilog_verilog.Hier
  PL092_VC/smc_pl092/synopsys/report/DBI_noscan_verilog_verilog.latch
  PL092_VC/smc_pl092/synopsys/report/DBI_noscan_verilog_verilog.max
  PL092_VC/smc_pl092/synopsys/report/DBI_noscan_verilog_verilog.min
  PL092_VC/smc_pl092/synopsys/report/DBI_noscan_verilog_verilog.ports
  PL092_VC/smc_pl092/synopsys/report/DBI_noscan_verilog_verilog.Ref
  PL092_VC/smc_pl092/synopsys/report/DBI_noscan_verilog_verilog.ResetTree
  PL092_VC/smc_pl092/synopsys/report/DBI_noscan_verilog_verilog.vio
  PL092_VC/smc_pl092/synopsys/report/DBI_noscan_vhdl_verilog.area
  PL092_VC/smc_pl092/synopsys/report/DBI_noscan_vhdl_verilog.Cell
  PL092_VC/smc_pl092/synopsys/report/DBI_noscan_vhdl_verilog.ClockTree
  PL092_VC/smc_pl092/synopsys/report/DBI_noscan_vhdl_verilog.constr
  PL092_VC/smc_pl092/synopsys/report/DBI_noscan_vhdl_verilog.Hier
  PL092_VC/smc_pl092/synopsys/report/DBI_noscan_vhdl_verilog.latch
  PL092_VC/smc_pl092/synopsys/report/DBI_noscan_vhdl_verilog.max
  PL092_VC/smc_pl092/synopsys/report/DBI_noscan_vhdl_verilog.min
  PL092_VC/smc_pl092/synopsys/report/DBI_noscan_vhdl_verilog.ports
  PL092_VC/smc_pl092/synopsys/report/DBI_noscan_vhdl_verilog.Ref
  PL092_VC/smc_pl092/synopsys/report/DBI_noscan_vhdl_verilog.ResetTree
  PL092_VC/smc_pl092/synopsys/report/DBI_noscan_vhdl_verilog.vio
  PL092_VC/smc_pl092/synopsys/report/DBI_scaninsert_verilog_verilog.area
  PL092_VC/smc_pl092/synopsys/report/DBI_scaninsert_verilog_verilog.Cell
  PL092_VC/smc_pl092/synopsys/report/DBI_scaninsert_verilog_verilog.ClockTree
  PL092_VC/smc_pl092/synopsys/report/DBI_scaninsert_verilog_verilog.constr
  PL092_VC/smc_pl092/synopsys/report/DBI_scaninsert_verilog_verilog.Hier
  PL092_VC/smc_pl092/synopsys/report/DBI_scaninsert_verilog_verilog.latch
  PL092_VC/smc_pl092/synopsys/report/DBI_scaninsert_verilog_verilog.max
  PL092_VC/smc_pl092/synopsys/report/DBI_scaninsert_verilog_verilog.min
  PL092_VC/smc_pl092/synopsys/report/DBI_scaninsert_verilog_verilog.ports
  PL092_VC/smc_pl092/synopsys/report/DBI_scaninsert_verilog_verilog.Ref
  PL092_VC/smc_pl092/synopsys/report/DBI_scaninsert_verilog_verilog.ResetTree
  PL092_VC/smc_pl092/synopsys/report/DBI_scaninsert_verilog_verilog.vio
  PL092_VC/smc_pl092/synopsys/report/DBI_scaninsert_vhdl_verilog.area
  PL092_VC/smc_pl092/synopsys/report/DBI_scaninsert_vhdl_verilog.Cell
  PL092_VC/smc_pl092/synopsys/report/DBI_scaninsert_vhdl_verilog.ClockTree
  PL092_VC/smc_pl092/synopsys/report/DBI_scaninsert_vhdl_verilog.constr
  PL092_VC/smc_pl092/synopsys/report/DBI_scaninsert_vhdl_verilog.Hier
  PL092_VC/smc_pl092/synopsys/report/DBI_scaninsert_vhdl_verilog.latch
  PL092_VC/smc_pl092/synopsys/report/DBI_scaninsert_vhdl_verilog.max
  PL092_VC/smc_pl092/synopsys/report/DBI_scaninsert_vhdl_verilog.min
  PL092_VC/smc_pl092/synopsys/report/DBI_scaninsert_vhdl_verilog.ports
  PL092_VC/smc_pl092/synopsys/report/DBI_scaninsert_vhdl_verilog.Ref
  PL092_VC/smc_pl092/synopsys/report/DBI_scaninsert_vhdl_verilog.ResetTree
  PL092_VC/smc_pl092/synopsys/report/DBI_scaninsert_vhdl_verilog.vio
  PL092_VC/smc_pl092/synopsys/report/DBI_tic_noscan_verilog_verilog.constr
  PL092_VC/smc_pl092/synopsys/report/DBI_tic_noscan_verilog_verilog.max
  PL092_VC/smc_pl092/synopsys/report/DBI_tic_noscan_verilog_verilog.min
  PL092_VC/smc_pl092/synopsys/report/DBI_tic_noscan_verilog_verilog.ports
  PL092_VC/smc_pl092/synopsys/report/DBI_tic_noscan_vhdl_verilog.constr
  PL092_VC/smc_pl092/synopsys/report/DBI_tic_noscan_vhdl_verilog.max
  PL092_VC/smc_pl092/synopsys/report/DBI_tic_noscan_vhdl_verilog.min
  PL092_VC/smc_pl092/synopsys/report/DBI_tic_noscan_vhdl_verilog.ports
  PL092_VC/smc_pl092/synopsys/report/DBI_tic_scaninsert_verilog_verilog.constr
  PL092_VC/smc_pl092/synopsys/report/DBI_tic_scaninsert_verilog_verilog.max
  PL092_VC/smc_pl092/synopsys/report/DBI_tic_scaninsert_verilog_verilog.min
  PL092_VC/smc_pl092/synopsys/report/DBI_tic_scaninsert_verilog_verilog.ports
  PL092_VC/smc_pl092/synopsys/report/DBI_tic_scaninsert_vhdl_verilog.constr
  PL092_VC/smc_pl092/synopsys/report/DBI_tic_scaninsert_vhdl_verilog.max
  PL092_VC/smc_pl092/synopsys/report/DBI_tic_scaninsert_vhdl_verilog.min
  PL092_VC/smc_pl092/synopsys/report/DBI_tic_scaninsert_vhdl_verilog.ports
  PL092_VC/smc_pl092/synopsys/report/Smc_noscan_verilog_verilog.area
  PL092_VC/smc_pl092/synopsys/report/Smc_noscan_verilog_verilog.Cell
  PL092_VC/smc_pl092/synopsys/report/Smc_noscan_verilog_verilog.ClockTree
  PL092_VC/smc_pl092/synopsys/report/Smc_noscan_verilog_verilog.constr
  PL092_VC/smc_pl092/synopsys/report/Smc_noscan_verilog_verilog.Hier
  PL092_VC/smc_pl092/synopsys/report/Smc_noscan_verilog_verilog.inputs_max
  PL092_VC/smc_pl092/synopsys/report/Smc_noscan_verilog_verilog.inputs_min
  PL092_VC/smc_pl092/synopsys/report/Smc_noscan_verilog_verilog.latch
  PL092_VC/smc_pl092/synopsys/report/Smc_noscan_verilog_verilog.max
  PL092_VC/smc_pl092/synopsys/report/Smc_noscan_verilog_verilog.min
  PL092_VC/smc_pl092/synopsys/report/Smc_noscan_verilog_verilog.outputs_max
  PL092_VC/smc_pl092/synopsys/report/Smc_noscan_verilog_verilog.outputs_min
  PL092_VC/smc_pl092/synopsys/report/Smc_noscan_verilog_verilog.ports
  PL092_VC/smc_pl092/synopsys/report/Smc_noscan_verilog_verilog.Ref
  PL092_VC/smc_pl092/synopsys/report/Smc_noscan_verilog_verilog.ResetTree
  PL092_VC/smc_pl092/synopsys/report/Smc_noscan_verilog_verilog.vio
  PL092_VC/smc_pl092/synopsys/report/Smc_noscan_vhdl_verilog.area
  PL092_VC/smc_pl092/synopsys/report/Smc_noscan_vhdl_verilog.Cell
  PL092_VC/smc_pl092/synopsys/report/Smc_noscan_vhdl_verilog.ClockTree
  PL092_VC/smc_pl092/synopsys/report/Smc_noscan_vhdl_verilog.constr
  PL092_VC/smc_pl092/synopsys/report/Smc_noscan_vhdl_verilog.Hier
  PL092_VC/smc_pl092/synopsys/report/Smc_noscan_vhdl_verilog.inputs_max
  PL092_VC/smc_pl092/synopsys/report/Smc_noscan_vhdl_verilog.inputs_min
  PL092_VC/smc_pl092/synopsys/report/Smc_noscan_vhdl_verilog.latch
  PL092_VC/smc_pl092/synopsys/report/Smc_noscan_vhdl_verilog.max
  PL092_VC/smc_pl092/synopsys/report/Smc_noscan_vhdl_verilog.min
  PL092_VC/smc_pl092/synopsys/report/Smc_noscan_vhdl_verilog.outputs_max
  PL092_VC/smc_pl092/synopsys/report/Smc_noscan_vhdl_verilog.outputs_min
  PL092_VC/smc_pl092/synopsys/report/Smc_noscan_vhdl_verilog.ports
  PL092_VC/smc_pl092/synopsys/report/Smc_noscan_vhdl_verilog.Ref
  PL092_VC/smc_pl092/synopsys/report/Smc_noscan_vhdl_verilog.ResetTree
  PL092_VC/smc_pl092/synopsys/report/Smc_noscan_vhdl_verilog.vio
  PL092_VC/smc_pl092/synopsys/report/Smc_scaninsert_verilog_verilog.area
  PL092_VC/smc_pl092/synopsys/report/Smc_scaninsert_verilog_verilog.Cell
  PL092_VC/smc_pl092/synopsys/report/Smc_scaninsert_verilog_verilog.ClockTree
  PL092_VC/smc_pl092/synopsys/report/Smc_scaninsert_verilog_verilog.constr
  PL092_VC/smc_pl092/synopsys/report/Smc_scaninsert_verilog_verilog.Hier
  PL092_VC/smc_pl092/synopsys/report/Smc_scaninsert_verilog_verilog.inputs_max
  PL092_VC/smc_pl092/synopsys/report/Smc_scaninsert_verilog_verilog.inputs_min
  PL092_VC/smc_pl092/synopsys/report/Smc_scaninsert_verilog_verilog.latch
  PL092_VC/smc_pl092/synopsys/report/Smc_scaninsert_verilog_verilog.max
  PL092_VC/smc_pl092/synopsys/report/Smc_scaninsert_verilog_verilog.min
  PL092_VC/smc_pl092/synopsys/report/Smc_scaninsert_verilog_verilog.outputs_max
  PL092_VC/smc_pl092/synopsys/report/Smc_scaninsert_verilog_verilog.outputs_min
  PL092_VC/smc_pl092/synopsys/report/Smc_scaninsert_verilog_verilog.ports
  PL092_VC/smc_pl092/synopsys/report/Smc_scaninsert_verilog_verilog.preview_all
  PL092_VC/smc_pl092/synopsys/report/Smc_scaninsert_verilog_verilog.preview_scr
  PL092_VC/smc_pl092/synopsys/report/Smc_scaninsert_verilog_verilog.Ref
  PL092_VC/smc_pl092/synopsys/report/Smc_scaninsert_verilog_verilog.ResetTree
  PL092_VC/smc_pl092/synopsys/report/Smc_scaninsert_verilog_verilog.scan
  PL092_VC/smc_pl092/synopsys/report/Smc_scaninsert_verilog_verilog.test_area
  PL092_VC/smc_pl092/synopsys/report/Smc_scaninsert_verilog_verilog.test_atpgconf
  PL092_VC/smc_pl092/synopsys/report/Smc_scaninsert_verilog_verilog.test_faults
  PL092_VC/smc_pl092/synopsys/report/Smc_scaninsert_verilog_verilog.test_state
  PL092_VC/smc_pl092/synopsys/report/Smc_scaninsert_verilog_verilog.test_tim
  PL092_VC/smc_pl092/synopsys/report/Smc_scaninsert_verilog_verilog.vio
  PL092_VC/smc_pl092/synopsys/report/Smc_scaninsert_vhdl_verilog.area
  PL092_VC/smc_pl092/synopsys/report/Smc_scaninsert_vhdl_verilog.Cell
  PL092_VC/smc_pl092/synopsys/report/Smc_scaninsert_vhdl_verilog.ClockTree
  PL092_VC/smc_pl092/synopsys/report/Smc_scaninsert_vhdl_verilog.constr
  PL092_VC/smc_pl092/synopsys/report/Smc_scaninsert_vhdl_verilog.Hier
  PL092_VC/smc_pl092/synopsys/report/Smc_scaninsert_vhdl_verilog.inputs_max
  PL092_VC/smc_pl092/synopsys/report/Smc_scaninsert_vhdl_verilog.inputs_min
  PL092_VC/smc_pl092/synopsys/report/Smc_scaninsert_vhdl_verilog.latch
  PL092_VC/smc_pl092/synopsys/report/Smc_scaninsert_vhdl_verilog.max
  PL092_VC/smc_pl092/synopsys/report/Smc_scaninsert_vhdl_verilog.min
  PL092_VC/smc_pl092/synopsys/report/Smc_scaninsert_vhdl_verilog.outputs_max
  PL092_VC/smc_pl092/synopsys/report/Smc_scaninsert_vhdl_verilog.outputs_min
  PL092_VC/smc_pl092/synopsys/report/Smc_scaninsert_vhdl_verilog.ports
  PL092_VC/smc_pl092/synopsys/report/Smc_scaninsert_vhdl_verilog.preview_all
  PL092_VC/smc_pl092/synopsys/report/Smc_scaninsert_vhdl_verilog.preview_scr
  PL092_VC/smc_pl092/synopsys/report/Smc_scaninsert_vhdl_verilog.Ref
  PL092_VC/smc_pl092/synopsys/report/Smc_scaninsert_vhdl_verilog.ResetTree
  PL092_VC/smc_pl092/synopsys/report/Smc_scaninsert_vhdl_verilog.scan
  PL092_VC/smc_pl092/synopsys/report/Smc_scaninsert_vhdl_verilog.test_area
  PL092_VC/smc_pl092/synopsys/report/Smc_scaninsert_vhdl_verilog.test_atpgconf
  PL092_VC/smc_pl092/synopsys/report/Smc_scaninsert_vhdl_verilog.test_faults
  PL092_VC/smc_pl092/synopsys/report/Smc_scaninsert_vhdl_verilog.test_state
  PL092_VC/smc_pl092/synopsys/report/Smc_scaninsert_vhdl_verilog.test_tim
  PL092_VC/smc_pl092/synopsys/report/Smc_scaninsert_vhdl_verilog.vio
  PL092_VC/smc_pl092/synopsys/report/SmcCore_noscan_verilog_verilog.area
  PL092_VC/smc_pl092/synopsys/report/SmcCore_noscan_verilog_verilog.Cell
  PL092_VC/smc_pl092/synopsys/report/SmcCore_noscan_verilog_verilog.ClockTree
  PL092_VC/smc_pl092/synopsys/report/SmcCore_noscan_verilog_verilog.constr
  PL092_VC/smc_pl092/synopsys/report/SmcCore_noscan_verilog_verilog.Hier
  PL092_VC/smc_pl092/synopsys/report/SmcCore_noscan_verilog_verilog.latch
  PL092_VC/smc_pl092/synopsys/report/SmcCore_noscan_verilog_verilog.max
  PL092_VC/smc_pl092/synopsys/report/SmcCore_noscan_verilog_verilog.min
  PL092_VC/smc_pl092/synopsys/report/SmcCore_noscan_verilog_verilog.ports
  PL092_VC/smc_pl092/synopsys/report/SmcCore_noscan_verilog_verilog.Ref
  PL092_VC/smc_pl092/synopsys/report/SmcCore_noscan_verilog_verilog.ResetTree
  PL092_VC/smc_pl092/synopsys/report/SmcCore_noscan_verilog_verilog.vio
  PL092_VC/smc_pl092/synopsys/report/SmcCore_noscan_vhdl_verilog.area
  PL092_VC/smc_pl092/synopsys/report/SmcCore_noscan_vhdl_verilog.Cell
  PL092_VC/smc_pl092/synopsys/report/SmcCore_noscan_vhdl_verilog.ClockTree
  PL092_VC/smc_pl092/synopsys/report/SmcCore_noscan_vhdl_verilog.constr
  PL092_VC/smc_pl092/synopsys/report/SmcCore_noscan_vhdl_verilog.Hier
  PL092_VC/smc_pl092/synopsys/report/SmcCore_noscan_vhdl_verilog.latch
  PL092_VC/smc_pl092/synopsys/report/SmcCore_noscan_vhdl_verilog.max
  PL092_VC/smc_pl092/synopsys/report/SmcCore_noscan_vhdl_verilog.min
  PL092_VC/smc_pl092/synopsys/report/SmcCore_noscan_vhdl_verilog.ports
  PL092_VC/smc_pl092/synopsys/report/SmcCore_noscan_vhdl_verilog.Ref
  PL092_VC/smc_pl092/synopsys/report/SmcCore_noscan_vhdl_verilog.ResetTree
  PL092_VC/smc_pl092/synopsys/report/SmcCore_noscan_vhdl_verilog.vio
  PL092_VC/smc_pl092/synopsys/report/SmcCore_scaninsert_verilog_verilog.area
  PL092_VC/smc_pl092/synopsys/report/SmcCore_scaninsert_verilog_verilog.Cell
  PL092_VC/smc_pl092/synopsys/report/SmcCore_scaninsert_verilog_verilog.ClockTree
  PL092_VC/smc_pl092/synopsys/report/SmcCore_scaninsert_verilog_verilog.constr
  PL092_VC/smc_pl092/synopsys/report/SmcCore_scaninsert_verilog_verilog.Hier
  PL092_VC/smc_pl092/synopsys/report/SmcCore_scaninsert_verilog_verilog.latch
  PL092_VC/smc_pl092/synopsys/report/SmcCore_scaninsert_verilog_verilog.max
  PL092_VC/smc_pl092/synopsys/report/SmcCore_scaninsert_verilog_verilog.min
  PL092_VC/smc_pl092/synopsys/report/SmcCore_scaninsert_verilog_verilog.ports
  PL092_VC/smc_pl092/synopsys/report/SmcCore_scaninsert_verilog_verilog.Ref
  PL092_VC/smc_pl092/synopsys/report/SmcCore_scaninsert_verilog_verilog.ResetTree
  PL092_VC/smc_pl092/synopsys/report/SmcCore_scaninsert_verilog_verilog.vio
  PL092_VC/smc_pl092/synopsys/report/SmcCore_scaninsert_vhdl_verilog.area
  PL092_VC/smc_pl092/synopsys/report/SmcCore_scaninsert_vhdl_verilog.Cell
  PL092_VC/smc_pl092/synopsys/report/SmcCore_scaninsert_vhdl_verilog.ClockTree
  PL092_VC/smc_pl092/synopsys/report/SmcCore_scaninsert_vhdl_verilog.constr
  PL092_VC/smc_pl092/synopsys/report/SmcCore_scaninsert_vhdl_verilog.Hier
  PL092_VC/smc_pl092/synopsys/report/SmcCore_scaninsert_vhdl_verilog.latch
  PL092_VC/smc_pl092/synopsys/report/SmcCore_scaninsert_vhdl_verilog.max
  PL092_VC/smc_pl092/synopsys/report/SmcCore_scaninsert_vhdl_verilog.min
  PL092_VC/smc_pl092/synopsys/report/SmcCore_scaninsert_vhdl_verilog.ports
  PL092_VC/smc_pl092/synopsys/report/SmcCore_scaninsert_vhdl_verilog.Ref
  PL092_VC/smc_pl092/synopsys/report/SmcCore_scaninsert_vhdl_verilog.ResetTree
  PL092_VC/smc_pl092/synopsys/report/SmcCore_scaninsert_vhdl_verilog.vio
  PL092_VC/smc_pl092/synopsys/report/TIC_noscan_verilog_verilog.area
  PL092_VC/smc_pl092/synopsys/report/TIC_noscan_verilog_verilog.Cell
  PL092_VC/smc_pl092/synopsys/report/TIC_noscan_verilog_verilog.ClockTree
  PL092_VC/smc_pl092/synopsys/report/TIC_noscan_verilog_verilog.constr
  PL092_VC/smc_pl092/synopsys/report/TIC_noscan_verilog_verilog.Hier
  PL092_VC/smc_pl092/synopsys/report/TIC_noscan_verilog_verilog.latch
  PL092_VC/smc_pl092/synopsys/report/TIC_noscan_verilog_verilog.max
  PL092_VC/smc_pl092/synopsys/report/TIC_noscan_verilog_verilog.min
  PL092_VC/smc_pl092/synopsys/report/TIC_noscan_verilog_verilog.ports
  PL092_VC/smc_pl092/synopsys/report/TIC_noscan_verilog_verilog.Ref
  PL092_VC/smc_pl092/synopsys/report/TIC_noscan_verilog_verilog.ResetTree
  PL092_VC/smc_pl092/synopsys/report/TIC_noscan_verilog_verilog.vio
  PL092_VC/smc_pl092/synopsys/report/TIC_noscan_vhdl_verilog.area
  PL092_VC/smc_pl092/synopsys/report/TIC_noscan_vhdl_verilog.Cell
  PL092_VC/smc_pl092/synopsys/report/TIC_noscan_vhdl_verilog.ClockTree
  PL092_VC/smc_pl092/synopsys/report/TIC_noscan_vhdl_verilog.constr
  PL092_VC/smc_pl092/synopsys/report/TIC_noscan_vhdl_verilog.Hier
  PL092_VC/smc_pl092/synopsys/report/TIC_noscan_vhdl_verilog.latch
  PL092_VC/smc_pl092/synopsys/report/TIC_noscan_vhdl_verilog.max
  PL092_VC/smc_pl092/synopsys/report/TIC_noscan_vhdl_verilog.min
  PL092_VC/smc_pl092/synopsys/report/TIC_noscan_vhdl_verilog.ports
  PL092_VC/smc_pl092/synopsys/report/TIC_noscan_vhdl_verilog.Ref
  PL092_VC/smc_pl092/synopsys/report/TIC_noscan_vhdl_verilog.ResetTree
  PL092_VC/smc_pl092/synopsys/report/TIC_noscan_vhdl_verilog.vio
  PL092_VC/smc_pl092/synopsys/report/TIC_scaninsert_verilog_verilog.area
  PL092_VC/smc_pl092/synopsys/report/TIC_scaninsert_verilog_verilog.Cell
  PL092_VC/smc_pl092/synopsys/report/TIC_scaninsert_verilog_verilog.ClockTree
  PL092_VC/smc_pl092/synopsys/report/TIC_scaninsert_verilog_verilog.constr
  PL092_VC/smc_pl092/synopsys/report/TIC_scaninsert_verilog_verilog.Hier
  PL092_VC/smc_pl092/synopsys/report/TIC_scaninsert_verilog_verilog.latch
  PL092_VC/smc_pl092/synopsys/report/TIC_scaninsert_verilog_verilog.max
  PL092_VC/smc_pl092/synopsys/report/TIC_scaninsert_verilog_verilog.min
  PL092_VC/smc_pl092/synopsys/report/TIC_scaninsert_verilog_verilog.ports
  PL092_VC/smc_pl092/synopsys/report/TIC_scaninsert_verilog_verilog.Ref
  PL092_VC/smc_pl092/synopsys/report/TIC_scaninsert_verilog_verilog.ResetTree
  PL092_VC/smc_pl092/synopsys/report/TIC_scaninsert_verilog_verilog.vio
  PL092_VC/smc_pl092/synopsys/report/TIC_scaninsert_vhdl_verilog.area
  PL092_VC/smc_pl092/synopsys/report/TIC_scaninsert_vhdl_verilog.Cell
  PL092_VC/smc_pl092/synopsys/report/TIC_scaninsert_vhdl_verilog.ClockTree
  PL092_VC/smc_pl092/synopsys/report/TIC_scaninsert_vhdl_verilog.constr
  PL092_VC/smc_pl092/synopsys/report/TIC_scaninsert_vhdl_verilog.Hier
  PL092_VC/smc_pl092/synopsys/report/TIC_scaninsert_vhdl_verilog.latch
  PL092_VC/smc_pl092/synopsys/report/TIC_scaninsert_vhdl_verilog.max
  PL092_VC/smc_pl092/synopsys/report/TIC_scaninsert_vhdl_verilog.min
  PL092_VC/smc_pl092/synopsys/report/TIC_scaninsert_vhdl_verilog.ports
  PL092_VC/smc_pl092/synopsys/report/TIC_scaninsert_vhdl_verilog.Ref
  PL092_VC/smc_pl092/synopsys/report/TIC_scaninsert_vhdl_verilog.ResetTree
  PL092_VC/smc_pl092/synopsys/report/TIC_scaninsert_vhdl_verilog.vio
  PL092_VC/smc_pl092/synopsys/scripts/
  PL092_VC/smc_pl092/synopsys/scripts/ahb_master.scr
  PL092_VC/smc_pl092/synopsys/scripts/ahb_slave.scr
  PL092_VC/smc_pl092/synopsys/scripts/amba_params.scr
  PL092_VC/smc_pl092/synopsys/scripts/DBI.cmd
  PL092_VC/smc_pl092/synopsys/scripts/DBI.scr
  PL092_VC/smc_pl092/synopsys/scripts/DBI_exceptions.scr
  PL092_VC/smc_pl092/synopsys/scripts/DBI_tic.scr
  PL092_VC/smc_pl092/synopsys/scripts/DBI_tic_exceptions.scr
  PL092_VC/smc_pl092/synopsys/scripts/Smc.cmd
  PL092_VC/smc_pl092/synopsys/scripts/Smc.scr
  PL092_VC/smc_pl092/synopsys/scripts/Smc_BusMode.scr
  PL092_VC/smc_pl092/synopsys/scripts/Smc_exceptions.scr
  PL092_VC/smc_pl092/synopsys/scripts/Smc_scan.cmd
  PL092_VC/smc_pl092/synopsys/scripts/SmcCore.cmd
  PL092_VC/smc_pl092/synopsys/scripts/SmcCore.scr
  PL092_VC/smc_pl092/synopsys/scripts/SmcCore_exceptions.scr
  PL092_VC/smc_pl092/synopsys/scripts/TIC.cmd
  PL092_VC/smc_pl092/synopsys/scripts/TIC.scr

PL092-MN-22001-r1p3-01ltd0 :

  PL092_VC/global/
  PL092_VC/global/LDV/
  PL092_VC/global/LDV/DirMakefile.mk
  PL092_VC/global/LDV/DirSimMakefile.mk
  PL092_VC/global/LDV/RtlMakefile.mk
  PL092_VC/global/LDV/SimMakefile.mk
  PL092_VC/global/LDV/vxl_bustalk.files
  PL092_VC/global/LDV/vxl_bustalk_ahb.files
  PL092_VC/global/LDV/vxl_bustalk_apb.files
  PL092_VC/global/LDV/vxl_tictalk.files
  PL092_VC/global/LDV/vxl_tictalk_ahb.files
  PL092_VC/global/LDV/vxl_tictalk_asb.files
  PL092_VC/global/modelsim/
  PL092_VC/global/modelsim/DirMakefile.mk
  PL092_VC/global/modelsim/DirSimMakefile.mk
  PL092_VC/global/modelsim/init.do
  PL092_VC/global/modelsim/libmap
  PL092_VC/global/modelsim/modelsim.ini
  PL092_VC/global/modelsim/modelsim_bustalk.ini
  PL092_VC/global/modelsim/modelsim_tictalk.ini
  PL092_VC/global/modelsim/RtlMakefile.mk
  PL092_VC/global/modelsim/SimMakefile.mk
  PL092_VC/smc_pl092/
  PL092_VC/smc_pl092/makefile
  PL092_VC/smc_pl092/README.txt
  PL092_VC/smc_pl092/verilog/
  PL092_VC/smc_pl092/verilog/makefile
  PL092_VC/smc_pl092/verilog/netlist/
  PL092_VC/smc_pl092/verilog/netlist/makefile
  PL092_VC/smc_pl092/verilog/rtl_source/
  PL092_VC/smc_pl092/verilog/rtl_source/DBI.v
  PL092_VC/smc_pl092/verilog/rtl_source/makefile
  PL092_VC/smc_pl092/verilog/rtl_source/Smc.v
  PL092_VC/smc_pl092/verilog/rtl_source/SmcAhbif.v
  PL092_VC/smc_pl092/verilog/rtl_source/SmcCore.v
  PL092_VC/smc_pl092/verilog/rtl_source/SmcEIB.v
  PL092_VC/smc_pl092/verilog/rtl_source/SmcParams.v
  PL092_VC/smc_pl092/verilog/rtl_source/SmcRevAnd.v
  PL092_VC/smc_pl092/verilog/rtl_source/SmcSynchroniser.v
  PL092_VC/smc_pl092/verilog/rtl_source/SmcTimerWaitCont.v
  PL092_VC/smc_pl092/verilog/rtl_source/SmcTSM.v
  PL092_VC/smc_pl092/verilog/rtl_source/SmcWrEnGen.v
  PL092_VC/smc_pl092/verilog/rtl_source/TIC.v

PL092-MN-22010-r1p3-01ltd0 :

  PL092_VC/global/
  PL092_VC/global/bustalk/
  PL092_VC/global/bustalk/verilog/
  PL092_VC/global/bustalk/verilog/bid/
  PL092_VC/global/bustalk/verilog/bid/addrctl_driver.v
  PL092_VC/global/bustalk/verilog/bid/buscyc_drivers.v
  PL092_VC/global/bustalk/verilog/bid/busline_drivers.v
  PL092_VC/global/bustalk/verilog/bid/data_driver.v
  PL092_VC/global/bustalk/verilog/bid/penable_driver.v
  PL092_VC/global/bustalk/verilog/bid/reset_driver.v
  PL092_VC/global/bustalk/verilog/buswatcher/
  PL092_VC/global/bustalk/verilog/buswatcher/buswatch.v
  PL092_VC/global/bustalk/verilog/common/
  PL092_VC/global/bustalk/verilog/common/clockgen.v
  PL092_VC/global/bustalk/verilog/common/countdown.v
  PL092_VC/global/bustalk/verilog/common/defs.v
  PL092_VC/global/bustalk/verilog/reader/
  PL092_VC/global/bustalk/verilog/reader/command_reader.v
  PL092_VC/global/bustalk/verilog/reader/reader.v
  PL092_VC/global/bustalk/verilog/vr/
  PL092_VC/global/bustalk/verilog/vr/linedrv.v
  PL092_VC/global/bustalk/verilog/vr/reg.v
  PL092_VC/global/bustalk/verilog/vr/vio_driver.v
  PL092_VC/global/bustalk/verilog/vr/viregcyc_drivers.v
  PL092_VC/global/bustalk/vhdl/
  PL092_VC/global/bustalk/vhdl/bid/
  PL092_VC/global/bustalk/vhdl/bid/addrctl_driver.vhd
  PL092_VC/global/bustalk/vhdl/bid/buscyc_drivers.vhd
  PL092_VC/global/bustalk/vhdl/bid/busline_drivers.vhd
  PL092_VC/global/bustalk/vhdl/bid/data_driver.vhd
  PL092_VC/global/bustalk/vhdl/bid/penable_driver.vhd
  PL092_VC/global/bustalk/vhdl/bid/reset_driver.vhd
  PL092_VC/global/bustalk/vhdl/buswatcher/
  PL092_VC/global/bustalk/vhdl/buswatcher/busw_pck.vhd
  PL092_VC/global/bustalk/vhdl/buswatcher/buswatch.vhd
  PL092_VC/global/bustalk/vhdl/common/
  PL092_VC/global/bustalk/vhdl/common/clockgen.vhd
  PL092_VC/global/bustalk/vhdl/common/countdown.vhd
  PL092_VC/global/bustalk/vhdl/common/defs.vhd
  PL092_VC/global/bustalk/vhdl/common/funcs.vhd
  PL092_VC/global/bustalk/vhdl/reader/
  PL092_VC/global/bustalk/vhdl/reader/reader.vhd
  PL092_VC/global/bustalk/vhdl/reader/readline.vhd
  PL092_VC/global/bustalk/vhdl/vr/
  PL092_VC/global/bustalk/vhdl/vr/linedrv.vhd
  PL092_VC/global/bustalk/vhdl/vr/reg.vhd
  PL092_VC/global/bustalk/vhdl/vr/vio_driver.vhd
  PL092_VC/global/bustalk/vhdl/vr/viregcyc_drivers.vhd
  PL092_VC/global/bustalk/vhdl/vr/vregbank.vhd
  PL092_VC/global/bustalk_ahb/
  PL092_VC/global/bustalk_ahb/verilog/
  PL092_VC/global/bustalk_ahb/verilog/bid/
  PL092_VC/global/bustalk_ahb/verilog/bid/cyc_drivers.v
  PL092_VC/global/bustalk_ahb/verilog/bid/reset_driver.v
  PL092_VC/global/bustalk_ahb/verilog/bid/split.v
  PL092_VC/global/bustalk_ahb/verilog/buswatcher/
  PL092_VC/global/bustalk_ahb/verilog/buswatcher/buswatch.v
  PL092_VC/global/bustalk_ahb/verilog/common/
  PL092_VC/global/bustalk_ahb/verilog/common/clockgen.v
  PL092_VC/global/bustalk_ahb/verilog/common/configmaster.v
  PL092_VC/global/bustalk_ahb/verilog/common/countdown.v
  PL092_VC/global/bustalk_ahb/verilog/common/defs.v
  PL092_VC/global/bustalk_ahb/verilog/common/funcs.v
  PL092_VC/global/bustalk_ahb/verilog/common/funcsmaster.v
  PL092_VC/global/bustalk_ahb/verilog/reader/
  PL092_VC/global/bustalk_ahb/verilog/reader/command_reader.v
  PL092_VC/global/bustalk_ahb/verilog/reader/reader.v
  PL092_VC/global/bustalk_ahb/verilog/vr/
  PL092_VC/global/bustalk_ahb/verilog/vr/linedrv.v
  PL092_VC/global/bustalk_ahb/verilog/vr/Reg.v
  PL092_VC/global/bustalk_ahb/verilog/vr/VIODriver.v
  PL092_VC/global/bustalk_ahb/verilog/vr/VRCycDrivers.v
  PL092_VC/global/bustalk_apb/
  PL092_VC/global/bustalk_apb/verilog/
  PL092_VC/global/bustalk_apb/verilog/bid/
  PL092_VC/global/bustalk_apb/verilog/bid/addrctl_driver.v
  PL092_VC/global/bustalk_apb/verilog/bid/buscyc_drivers.v
  PL092_VC/global/bustalk_apb/verilog/bid/busline_drivers.v
  PL092_VC/global/bustalk_apb/verilog/bid/data_driver.v
  PL092_VC/global/bustalk_apb/verilog/bid/penable_driver.v
  PL092_VC/global/bustalk_apb/verilog/bid/reset_driver.v
  PL092_VC/global/bustalk_apb/verilog/buswatcher/
  PL092_VC/global/bustalk_apb/verilog/buswatcher/buswatch.v
  PL092_VC/global/bustalk_apb/verilog/common/
  PL092_VC/global/bustalk_apb/verilog/common/clockgen.v
  PL092_VC/global/bustalk_apb/verilog/common/countdown.v
  PL092_VC/global/bustalk_apb/verilog/common/defs.v
  PL092_VC/global/bustalk_apb/verilog/reader/
  PL092_VC/global/bustalk_apb/verilog/reader/command_reader.v
  PL092_VC/global/bustalk_apb/verilog/reader/reader.v
  PL092_VC/global/bustalk_apb/verilog/vr/
  PL092_VC/global/bustalk_apb/verilog/vr/linedrv.v
  PL092_VC/global/bustalk_apb/verilog/vr/reg.v
  PL092_VC/global/bustalk_apb/verilog/vr/vio_driver.v
  PL092_VC/global/bustalk_apb/verilog/vr/viregcyc_drivers.v
  PL092_VC/global/LDV/
  PL092_VC/global/LDV/DirMakefile.mk
  PL092_VC/global/LDV/DirSimMakefile.mk
  PL092_VC/global/LDV/RtlMakefile.mk
  PL092_VC/global/LDV/SimMakefile.mk
  PL092_VC/global/LDV/vxl_bustalk.files
  PL092_VC/global/LDV/vxl_bustalk_ahb.files
  PL092_VC/global/LDV/vxl_bustalk_apb.files
  PL092_VC/global/LDV/vxl_tictalk.files
  PL092_VC/global/LDV/vxl_tictalk_ahb.files
  PL092_VC/global/LDV/vxl_tictalk_asb.files
  PL092_VC/global/modelsim/
  PL092_VC/global/modelsim/DirMakefile.mk
  PL092_VC/global/modelsim/DirSimMakefile.mk
  PL092_VC/global/modelsim/init.do
  PL092_VC/global/modelsim/libmap
  PL092_VC/global/modelsim/modelsim.ini
  PL092_VC/global/modelsim/modelsim_bustalk.ini
  PL092_VC/global/modelsim/modelsim_tictalk.ini
  PL092_VC/global/modelsim/RtlMakefile.mk
  PL092_VC/global/modelsim/SimMakefile.mk
  PL092_VC/smc_pl092/
  PL092_VC/smc_pl092/verification/
  PL092_VC/smc_pl092/verification/makefile
  PL092_VC/smc_pl092/verification/README
  PL092_VC/smc_pl092/verification/verilog/
  PL092_VC/smc_pl092/verification/verilog/bid/
  PL092_VC/smc_pl092/verification/verilog/bid/makefile
  PL092_VC/smc_pl092/verification/verilog/buswatcher/
  PL092_VC/smc_pl092/verification/verilog/buswatcher/makefile
  PL092_VC/smc_pl092/verification/verilog/common/
  PL092_VC/smc_pl092/verification/verilog/common/makefile
  PL092_VC/smc_pl092/verification/verilog/denali.mk
  PL092_VC/smc_pl092/verification/verilog/makefile
  PL092_VC/smc_pl092/verification/verilog/reader/
  PL092_VC/smc_pl092/verification/verilog/reader/makefile
  PL092_VC/smc_pl092/verification/verilog/README_Denali
  PL092_VC/smc_pl092/verification/verilog/Smc_noscan_verilog_net_max/
  PL092_VC/smc_pl092/verification/verilog/Smc_noscan_verilog_net_max/.denalirc
  PL092_VC/smc_pl092/verification/verilog/Smc_noscan_verilog_net_max/denali.mk
  PL092_VC/smc_pl092/verification/verilog/Smc_noscan_verilog_net_max/modelsim.ini
  PL092_VC/smc_pl092/verification/verilog/Smc_noscan_verilog_net_max/Smc1_noscan_verilog_verilog_net_max_modelsim.log
  PL092_VC/smc_pl092/verification/verilog/Smc_noscan_verilog_net_max/Smc2_noscan_verilog_verilog_net_max_modelsim.log
  PL092_VC/smc_pl092/verification/verilog/Smc_noscan_verilog_net_max/Smc3_noscan_verilog_verilog_net_max_modelsim.log
  PL092_VC/smc_pl092/verification/verilog/Smc_noscan_verilog_net_max/Smc4_noscan_verilog_verilog_net_max_modelsim.log
  PL092_VC/smc_pl092/verification/verilog/Smc_noscan_verilog_net_max/Smc5_noscan_verilog_verilog_net_max_modelsim.log
  PL092_VC/smc_pl092/verification/verilog/Smc_noscan_vhdl_net_min/
  PL092_VC/smc_pl092/verification/verilog/Smc_noscan_vhdl_net_min/.denalirc
  PL092_VC/smc_pl092/verification/verilog/Smc_noscan_vhdl_net_min/denali.mk
  PL092_VC/smc_pl092/verification/verilog/Smc_noscan_vhdl_net_min/modelsim.ini
  PL092_VC/smc_pl092/verification/verilog/Smc_noscan_vhdl_net_min/Smc1_noscan_vhdl_verilog_net_min_modelsim.log
  PL092_VC/smc_pl092/verification/verilog/Smc_noscan_vhdl_net_min/Smc2_noscan_vhdl_verilog_net_min_modelsim.log
  PL092_VC/smc_pl092/verification/verilog/Smc_noscan_vhdl_net_min/Smc3_noscan_vhdl_verilog_net_min_modelsim.log
  PL092_VC/smc_pl092/verification/verilog/Smc_noscan_vhdl_net_min/Smc4_noscan_vhdl_verilog_net_min_modelsim.log
  PL092_VC/smc_pl092/verification/verilog/Smc_noscan_vhdl_net_min/Smc5_noscan_vhdl_verilog_net_min_modelsim.log
  PL092_VC/smc_pl092/verification/verilog/Smc_rtl/
  PL092_VC/smc_pl092/verification/verilog/Smc_rtl/.denalirc
  PL092_VC/smc_pl092/verification/verilog/Smc_rtl/denali.mk
  PL092_VC/smc_pl092/verification/verilog/Smc_rtl/denali_LDV.mk
  PL092_VC/smc_pl092/verification/verilog/Smc_rtl/modelsim.ini
  PL092_VC/smc_pl092/verification/verilog/Smc_rtl/Smc1_rtl_LDV.log
  PL092_VC/smc_pl092/verification/verilog/Smc_rtl/Smc1_rtl_modelsim.log
  PL092_VC/smc_pl092/verification/verilog/Smc_rtl/Smc2_rtl_LDV.log
  PL092_VC/smc_pl092/verification/verilog/Smc_rtl/Smc2_rtl_modelsim.log
  PL092_VC/smc_pl092/verification/verilog/Smc_rtl/Smc3_rtl_LDV.log
  PL092_VC/smc_pl092/verification/verilog/Smc_rtl/Smc3_rtl_modelsim.log
  PL092_VC/smc_pl092/verification/verilog/Smc_rtl/Smc4_rtl_LDV.log
  PL092_VC/smc_pl092/verification/verilog/Smc_rtl/Smc4_rtl_modelsim.log
  PL092_VC/smc_pl092/verification/verilog/Smc_rtl/Smc5_rtl_LDV.log
  PL092_VC/smc_pl092/verification/verilog/Smc_rtl/Smc5_rtl_modelsim.log
  PL092_VC/smc_pl092/verification/verilog/Smc_rtl/Smc6_rtl_LDV.log
  PL092_VC/smc_pl092/verification/verilog/Smc_rtl/Smc6_rtl_modelsim.log
  PL092_VC/smc_pl092/verification/verilog/Smc_rtl/vxl.files
  PL092_VC/smc_pl092/verification/verilog/Smc_rtl/vxl_LDV.files
  PL092_VC/smc_pl092/verification/verilog/Smc_scaninsert_verilog_net_typ/
  PL092_VC/smc_pl092/verification/verilog/Smc_scaninsert_verilog_net_typ/.denalirc
  PL092_VC/smc_pl092/verification/verilog/Smc_scaninsert_verilog_net_typ/denali_LDV.mk
  PL092_VC/smc_pl092/verification/verilog/Smc_scaninsert_verilog_net_typ/Smc1_scaninsert_verilog_verilog_net_typ_LDV.log
  PL092_VC/smc_pl092/verification/verilog/Smc_scaninsert_verilog_net_typ/Smc2_scaninsert_verilog_verilog_net_typ_LDV.log
  PL092_VC/smc_pl092/verification/verilog/Smc_scaninsert_verilog_net_typ/Smc3_scaninsert_verilog_verilog_net_typ_LDV.log
  PL092_VC/smc_pl092/verification/verilog/Smc_scaninsert_verilog_net_typ/Smc4_scaninsert_verilog_verilog_net_typ_LDV.log
  PL092_VC/smc_pl092/verification/verilog/Smc_scaninsert_verilog_net_typ/Smc5_scaninsert_verilog_verilog_net_typ_LDV.log
  PL092_VC/smc_pl092/verification/verilog/Smc_scaninsert_verilog_net_typ/vxl.files
  PL092_VC/smc_pl092/verification/verilog/Smc_scaninsert_verilog_net_typ/vxl_LDV.files
  PL092_VC/smc_pl092/verification/verilog/tbench/
  PL092_VC/smc_pl092/verification/verilog/tbench/ahbslave_tb.v
  PL092_VC/smc_pl092/verification/verilog/tbench/buswatchmaster.v
  PL092_VC/smc_pl092/verification/verilog/tbench/buswmaster_pck.v
  PL092_VC/smc_pl092/verification/verilog/tbench/decoder.v
  PL092_VC/smc_pl092/verification/verilog/tbench/defslave.v
  PL092_VC/smc_pl092/verification/verilog/tbench/k3p9vu1000m_3.3v_yc.v
  PL092_VC/smc_pl092/verification/verilog/tbench/k3p9vu1000m_3_0v.v
  PL092_VC/smc_pl092/verification/verilog/tbench/k3p9vu1000m_3_3v.v
  PL092_VC/smc_pl092/verification/verilog/tbench/km68v1002c_12.v
  PL092_VC/smc_pl092/verification/verilog/tbench/km68v1002c_20.v
  PL092_VC/smc_pl092/verification/verilog/tbench/makefile
  PL092_VC/smc_pl092/verification/verilog/tbench/README
  PL092_VC/smc_pl092/verification/verilog/tbench/sst37vf020_90.v
  PL092_VC/smc_pl092/verification/verilog/tbench/tb_Denali.v
  PL092_VC/smc_pl092/verification/verilog/tbench/tb_Denali1.v
  PL092_VC/smc_pl092/verification/verilog/tbench/tbench.v
  PL092_VC/smc_pl092/verification/verilog/tbench/tbench_SmcProtChkr.v
  PL092_VC/smc_pl092/verification/verilog/tbench/timing.v
  PL092_VC/smc_pl092/verification/verilog/tbench/timingmaster.v
  PL092_VC/smc_pl092/verification/verilog/tbench/x28f640b3b_3v_100.v
  PL092_VC/smc_pl092/verification/verilog/tbench/x28f800c3b_110.v
  PL092_VC/smc_pl092/verification/verilog/trickbox/
  PL092_VC/smc_pl092/verification/verilog/trickbox/makefile
  PL092_VC/smc_pl092/verification/verilog/trickbox/makefile_SmcProtChkr
  PL092_VC/smc_pl092/verification/verilog/trickbox/SmcProtChkr.v
  PL092_VC/smc_pl092/verification/verilog/trickbox/SmcTrAhbifReg.v
  PL092_VC/smc_pl092/verification/verilog/trickbox/SmcTrick.v
  PL092_VC/smc_pl092/verification/verilog/trickbox/SmcTrickMem.v
  PL092_VC/smc_pl092/verification/verilog/trickbox/SmcTrMCBusBlk.v
  PL092_VC/smc_pl092/verification/verilog/trickbox/SmcTrMemAhbifReg.v
  PL092_VC/smc_pl092/verification/verilog/trickbox/SmcTrMemArray.v
  PL092_VC/smc_pl092/verification/verilog/trickbox/SmcTrMemRdWrCtl.v
  PL092_VC/smc_pl092/verification/verilog/trickbox/SmcTrParams.v
  PL092_VC/smc_pl092/verification/verilog/trickbox/SmcTrProtChkr.v
  PL092_VC/smc_pl092/verification/verilog/trickbox/SmcTrWaitCntl.v
  PL092_VC/smc_pl092/verification/verilog/vr/
  PL092_VC/smc_pl092/verification/verilog/vr/makefile

PL092-MN-22012-r1p3-01ltd0 :

  PL092_VC/global/
  PL092_VC/global/LDV/
  PL092_VC/global/LDV/DirMakefile.mk
  PL092_VC/global/LDV/DirSimMakefile.mk
  PL092_VC/global/LDV/RtlMakefile.mk
  PL092_VC/global/LDV/SimMakefile.mk
  PL092_VC/global/LDV/vxl_bustalk.files
  PL092_VC/global/LDV/vxl_bustalk_ahb.files
  PL092_VC/global/LDV/vxl_bustalk_apb.files
  PL092_VC/global/LDV/vxl_tictalk.files
  PL092_VC/global/LDV/vxl_tictalk_ahb.files
  PL092_VC/global/LDV/vxl_tictalk_asb.files
  PL092_VC/global/modelsim/
  PL092_VC/global/modelsim/DirMakefile.mk
  PL092_VC/global/modelsim/DirSimMakefile.mk
  PL092_VC/global/modelsim/init.do
  PL092_VC/global/modelsim/libmap
  PL092_VC/global/modelsim/modelsim.ini
  PL092_VC/global/modelsim/modelsim_bustalk.ini
  PL092_VC/global/modelsim/modelsim_tictalk.ini
  PL092_VC/global/modelsim/RtlMakefile.mk
  PL092_VC/global/modelsim/SimMakefile.mk
  PL092_VC/global/tictalk/
  PL092_VC/global/tictalk/verilog/
  PL092_VC/global/tictalk/verilog/common/
  PL092_VC/global/tictalk/verilog/common/Defs.v
  PL092_VC/global/tictalk/verilog/sys/
  PL092_VC/global/tictalk/verilog/sys/apbif.v
  PL092_VC/global/tictalk/verilog/sys/arbiter.v
  PL092_VC/global/tictalk/verilog/sys/buswatch.v
  PL092_VC/global/tictalk/verilog/sys/decoder.v
  PL092_VC/global/tictalk/verilog/sys/makefile
  PL092_VC/global/tictalk/verilog/sys/rem_pause.v
  PL092_VC/global/tictalk/verilog/sys/res_cntl.v
  PL092_VC/global/tictalk/verilog/sys/tic.v
  PL092_VC/global/tictalk/vhdl/
  PL092_VC/global/tictalk/vhdl/common/
  PL092_VC/global/tictalk/vhdl/common/defs.vhd
  PL092_VC/global/tictalk/vhdl/common/params.vhd
  PL092_VC/global/tictalk/vhdl/sys/
  PL092_VC/global/tictalk/vhdl/sys/apbif.vhd
  PL092_VC/global/tictalk/vhdl/sys/apbmux.vhd
  PL092_VC/global/tictalk/vhdl/sys/arbiter.vhd
  PL092_VC/global/tictalk/vhdl/sys/buswatch.vhd
  PL092_VC/global/tictalk/vhdl/sys/buswatch_params.vhd
  PL092_VC/global/tictalk/vhdl/sys/decoder.vhd
  PL092_VC/global/tictalk/vhdl/sys/decoder_mindec.vhd
  PL092_VC/global/tictalk/vhdl/sys/rem_pause.vhd
  PL092_VC/global/tictalk/vhdl/sys/res_cntl.vhd
  PL092_VC/global/tictalk/vhdl/sys/tic.vhd
  PL092_VC/global/tictalk_ahb/
  PL092_VC/global/tictalk_ahb/verilog/
  PL092_VC/global/tictalk_ahb/verilog/sys/
  PL092_VC/global/tictalk_ahb/verilog/sys/APBif.v
  PL092_VC/global/tictalk_ahb/verilog/sys/Arbiter.v
  PL092_VC/global/tictalk_ahb/verilog/sys/Decoder.v
  PL092_VC/global/tictalk_ahb/verilog/sys/DefaultSlave.v
  PL092_VC/global/tictalk_ahb/verilog/sys/MuxM2S.v
  PL092_VC/global/tictalk_ahb/verilog/sys/MuxP2B.v
  PL092_VC/global/tictalk_ahb/verilog/sys/MuxS2M.v
  PL092_VC/global/tictalk_ahb/verilog/sys/RemPause.v
  PL092_VC/global/tictalk_ahb/verilog/sys/ResCntl.v
  PL092_VC/global/tictalk_ahb/verilog/sys/SMI.v
  PL092_VC/global/tictalk_ahb/verilog/sys/TIC.v
  PL092_VC/global/tictalk_ahb/verilog/ticbox/
  PL092_VC/global/tictalk_ahb/verilog/ticbox/Ticbox.v
  PL092_VC/global/tictalk_asb/
  PL092_VC/global/tictalk_asb/verilog/
  PL092_VC/global/tictalk_asb/verilog/common/
  PL092_VC/global/tictalk_asb/verilog/common/Defs.v
  PL092_VC/global/tictalk_asb/verilog/sys/
  PL092_VC/global/tictalk_asb/verilog/sys/apbif.v
  PL092_VC/global/tictalk_asb/verilog/sys/arbiter.v
  PL092_VC/global/tictalk_asb/verilog/sys/buswatch.v
  PL092_VC/global/tictalk_asb/verilog/sys/decoder.v
  PL092_VC/global/tictalk_asb/verilog/sys/rem_pause.v
  PL092_VC/global/tictalk_asb/verilog/sys/res_cntl.v
  PL092_VC/global/tictalk_asb/verilog/sys/tic.v
  PL092_VC/smc_pl092/
  PL092_VC/smc_pl092/integration/
  PL092_VC/smc_pl092/integration/makefile
  PL092_VC/smc_pl092/integration/verilog/
  PL092_VC/smc_pl092/integration/verilog/chip/
  PL092_VC/smc_pl092/integration/verilog/chip/buswatchmaster.v
  PL092_VC/smc_pl092/integration/verilog/chip/buswmaster_pck.v
  PL092_VC/smc_pl092/integration/verilog/chip/EASY.v
  PL092_VC/smc_pl092/integration/verilog/chip/makefile
  PL092_VC/smc_pl092/integration/verilog/chip/RPS.v
  PL092_VC/smc_pl092/integration/verilog/chip/TicWatcher.v
  PL092_VC/smc_pl092/integration/verilog/chip/timing.v
  PL092_VC/smc_pl092/integration/verilog/chip/timingmaster.v
  PL092_VC/smc_pl092/integration/verilog/common/
  PL092_VC/smc_pl092/integration/verilog/common/configmaster.v
  PL092_VC/smc_pl092/integration/verilog/common/defs.v
  PL092_VC/smc_pl092/integration/verilog/common/funcs.v
  PL092_VC/smc_pl092/integration/verilog/common/funcsmaster.v
  PL092_VC/smc_pl092/integration/verilog/makefile
  PL092_VC/smc_pl092/integration/verilog/Smc_rtl/
  PL092_VC/smc_pl092/integration/verilog/Smc_rtl/Smc_Tic_rtl_LDV.log
  PL092_VC/smc_pl092/integration/verilog/Smc_rtl/Smc_Tic_rtl_modelsim.log
  PL092_VC/smc_pl092/integration/verilog/Smc_rtl/vxl.files
  PL092_VC/smc_pl092/integration/verilog/sys/
  PL092_VC/smc_pl092/integration/verilog/sys/makefile
  PL092_VC/smc_pl092/integration/verilog/tbench/
  PL092_VC/smc_pl092/integration/verilog/tbench/makefile
  PL092_VC/smc_pl092/integration/verilog/tbench/README
  PL092_VC/smc_pl092/integration/verilog/tbench/tbench.v
  PL092_VC/smc_pl092/integration/verilog/ticbox/
  PL092_VC/smc_pl092/integration/verilog/ticbox/makefile
  PL092_VC/smc_pl092/integration/verilog/trickbox/
  PL092_VC/smc_pl092/integration/verilog/trickbox/Ahbif.v
  PL092_VC/smc_pl092/integration/verilog/trickbox/Ahbparam.v
  PL092_VC/smc_pl092/integration/verilog/trickbox/AhbRegBlock.v
  PL092_VC/smc_pl092/integration/verilog/trickbox/AhbSlave.v
  PL092_VC/smc_pl092/integration/verilog/trickbox/makefile

PL092-MN-23001-r1p3-01ltd0 :

  PL092_VC/global/
  PL092_VC/global/modelsim/
  PL092_VC/global/modelsim/DirMakefile.mk
  PL092_VC/global/modelsim/DirSimMakefile.mk
  PL092_VC/global/modelsim/init.do
  PL092_VC/global/modelsim/libmap
  PL092_VC/global/modelsim/modelsim.ini
  PL092_VC/global/modelsim/modelsim_bustalk.ini
  PL092_VC/global/modelsim/modelsim_tictalk.ini
  PL092_VC/global/modelsim/RtlMakefile.mk
  PL092_VC/global/modelsim/SimMakefile.mk
  PL092_VC/smc_pl092/
  PL092_VC/smc_pl092/makefile
  PL092_VC/smc_pl092/README.txt
  PL092_VC/smc_pl092/vhdl/
  PL092_VC/smc_pl092/vhdl/makefile
  PL092_VC/smc_pl092/vhdl/netlist/
  PL092_VC/smc_pl092/vhdl/netlist/makefile
  PL092_VC/smc_pl092/vhdl/rtl_source/
  PL092_VC/smc_pl092/vhdl/rtl_source/DBI.vhd
  PL092_VC/smc_pl092/vhdl/rtl_source/makefile
  PL092_VC/smc_pl092/vhdl/rtl_source/Smc.vhd
  PL092_VC/smc_pl092/vhdl/rtl_source/SmcAhbif.vhd
  PL092_VC/smc_pl092/vhdl/rtl_source/SmcCore.vhd
  PL092_VC/smc_pl092/vhdl/rtl_source/SmcEIB.vhd
  PL092_VC/smc_pl092/vhdl/rtl_source/SmcPackage.vhd
  PL092_VC/smc_pl092/vhdl/rtl_source/SmcRevAnd.vhd
  PL092_VC/smc_pl092/vhdl/rtl_source/SmcSynchroniser.vhd
  PL092_VC/smc_pl092/vhdl/rtl_source/SmcTimerWaitCont.vhd
  PL092_VC/smc_pl092/vhdl/rtl_source/SmcTSM.vhd
  PL092_VC/smc_pl092/vhdl/rtl_source/SmcWrEnGen.vhd
  PL092_VC/smc_pl092/vhdl/rtl_source/TIC.vhd

PL092-MN-23010-r1p3-01ltd0 :

  PL092_VC/global/
  PL092_VC/global/bustalk/
  PL092_VC/global/bustalk/verilog/
  PL092_VC/global/bustalk/verilog/bid/
  PL092_VC/global/bustalk/verilog/bid/addrctl_driver.v
  PL092_VC/global/bustalk/verilog/bid/buscyc_drivers.v
  PL092_VC/global/bustalk/verilog/bid/busline_drivers.v
  PL092_VC/global/bustalk/verilog/bid/data_driver.v
  PL092_VC/global/bustalk/verilog/bid/penable_driver.v
  PL092_VC/global/bustalk/verilog/bid/reset_driver.v
  PL092_VC/global/bustalk/verilog/buswatcher/
  PL092_VC/global/bustalk/verilog/buswatcher/buswatch.v
  PL092_VC/global/bustalk/verilog/common/
  PL092_VC/global/bustalk/verilog/common/clockgen.v
  PL092_VC/global/bustalk/verilog/common/countdown.v
  PL092_VC/global/bustalk/verilog/common/defs.v
  PL092_VC/global/bustalk/verilog/reader/
  PL092_VC/global/bustalk/verilog/reader/command_reader.v
  PL092_VC/global/bustalk/verilog/reader/reader.v
  PL092_VC/global/bustalk/verilog/vr/
  PL092_VC/global/bustalk/verilog/vr/linedrv.v
  PL092_VC/global/bustalk/verilog/vr/reg.v
  PL092_VC/global/bustalk/verilog/vr/vio_driver.v
  PL092_VC/global/bustalk/verilog/vr/viregcyc_drivers.v
  PL092_VC/global/bustalk/vhdl/
  PL092_VC/global/bustalk/vhdl/bid/
  PL092_VC/global/bustalk/vhdl/bid/addrctl_driver.vhd
  PL092_VC/global/bustalk/vhdl/bid/buscyc_drivers.vhd
  PL092_VC/global/bustalk/vhdl/bid/busline_drivers.vhd
  PL092_VC/global/bustalk/vhdl/bid/data_driver.vhd
  PL092_VC/global/bustalk/vhdl/bid/penable_driver.vhd
  PL092_VC/global/bustalk/vhdl/bid/reset_driver.vhd
  PL092_VC/global/bustalk/vhdl/buswatcher/
  PL092_VC/global/bustalk/vhdl/buswatcher/busw_pck.vhd
  PL092_VC/global/bustalk/vhdl/buswatcher/buswatch.vhd
  PL092_VC/global/bustalk/vhdl/common/
  PL092_VC/global/bustalk/vhdl/common/clockgen.vhd
  PL092_VC/global/bustalk/vhdl/common/countdown.vhd
  PL092_VC/global/bustalk/vhdl/common/defs.vhd
  PL092_VC/global/bustalk/vhdl/common/funcs.vhd
  PL092_VC/global/bustalk/vhdl/reader/
  PL092_VC/global/bustalk/vhdl/reader/reader.vhd
  PL092_VC/global/bustalk/vhdl/reader/readline.vhd
  PL092_VC/global/bustalk/vhdl/vr/
  PL092_VC/global/bustalk/vhdl/vr/linedrv.vhd
  PL092_VC/global/bustalk/vhdl/vr/reg.vhd
  PL092_VC/global/bustalk/vhdl/vr/vio_driver.vhd
  PL092_VC/global/bustalk/vhdl/vr/viregcyc_drivers.vhd
  PL092_VC/global/bustalk/vhdl/vr/vregbank.vhd
  PL092_VC/global/bustalk_ahb/
  PL092_VC/global/bustalk_ahb/vhdl/
  PL092_VC/global/bustalk_ahb/vhdl/bid/
  PL092_VC/global/bustalk_ahb/vhdl/bid/cyc_drivers.vhd
  PL092_VC/global/bustalk_ahb/vhdl/bid/reset_driver.vhd
  PL092_VC/global/bustalk_ahb/vhdl/bid/split.vhd
  PL092_VC/global/bustalk_ahb/vhdl/buswatcher/
  PL092_VC/global/bustalk_ahb/vhdl/buswatcher/busw_pck.vhd
  PL092_VC/global/bustalk_ahb/vhdl/buswatcher/buswatch.vhd
  PL092_VC/global/bustalk_ahb/vhdl/common/
  PL092_VC/global/bustalk_ahb/vhdl/common/clockgen.vhd
  PL092_VC/global/bustalk_ahb/vhdl/common/configmaster.vhd
  PL092_VC/global/bustalk_ahb/vhdl/common/countdown.vhd
  PL092_VC/global/bustalk_ahb/vhdl/common/defs.vhd
  PL092_VC/global/bustalk_ahb/vhdl/common/defsmaster.vhd
  PL092_VC/global/bustalk_ahb/vhdl/common/funcs.vhd
  PL092_VC/global/bustalk_ahb/vhdl/common/funcsmaster.vhd
  PL092_VC/global/bustalk_ahb/vhdl/reader/
  PL092_VC/global/bustalk_ahb/vhdl/reader/reader.vhd
  PL092_VC/global/bustalk_ahb/vhdl/reader/readline.vhd
  PL092_VC/global/bustalk_ahb/vhdl/vr/
  PL092_VC/global/bustalk_ahb/vhdl/vr/linedrv.vhd
  PL092_VC/global/bustalk_ahb/vhdl/vr/reg.vhd
  PL092_VC/global/bustalk_ahb/vhdl/vr/VIODriver.vhd
  PL092_VC/global/bustalk_ahb/vhdl/vr/VRCycDrivers.vhd
  PL092_VC/global/bustalk_ahb/vhdl/vr/vregbank.vhd
  PL092_VC/global/bustalk_apb/
  PL092_VC/global/bustalk_apb/vhdl/
  PL092_VC/global/bustalk_apb/vhdl/bid/
  PL092_VC/global/bustalk_apb/vhdl/bid/addrctl_driver.vhd
  PL092_VC/global/bustalk_apb/vhdl/bid/buscyc_drivers.vhd
  PL092_VC/global/bustalk_apb/vhdl/bid/busline_drivers.vhd
  PL092_VC/global/bustalk_apb/vhdl/bid/data_driver.vhd
  PL092_VC/global/bustalk_apb/vhdl/bid/penable_driver.vhd
  PL092_VC/global/bustalk_apb/vhdl/bid/reset_driver.vhd
  PL092_VC/global/bustalk_apb/vhdl/buswatcher/
  PL092_VC/global/bustalk_apb/vhdl/buswatcher/busw_pck.vhd
  PL092_VC/global/bustalk_apb/vhdl/buswatcher/buswatch.vhd
  PL092_VC/global/bustalk_apb/vhdl/common/
  PL092_VC/global/bustalk_apb/vhdl/common/clockgen.vhd
  PL092_VC/global/bustalk_apb/vhdl/common/countdown.vhd
  PL092_VC/global/bustalk_apb/vhdl/common/defs.vhd
  PL092_VC/global/bustalk_apb/vhdl/common/funcs.vhd
  PL092_VC/global/bustalk_apb/vhdl/reader/
  PL092_VC/global/bustalk_apb/vhdl/reader/reader.vhd
  PL092_VC/global/bustalk_apb/vhdl/reader/readline.vhd
  PL092_VC/global/bustalk_apb/vhdl/vr/
  PL092_VC/global/bustalk_apb/vhdl/vr/linedrv.vhd
  PL092_VC/global/bustalk_apb/vhdl/vr/reg.vhd
  PL092_VC/global/bustalk_apb/vhdl/vr/vio_driver.vhd
  PL092_VC/global/bustalk_apb/vhdl/vr/viregcyc_drivers.vhd
  PL092_VC/global/bustalk_apb/vhdl/vr/vregbank.vhd
  PL092_VC/global/modelsim/
  PL092_VC/global/modelsim/DirMakefile.mk
  PL092_VC/global/modelsim/DirSimMakefile.mk
  PL092_VC/global/modelsim/init.do
  PL092_VC/global/modelsim/libmap
  PL092_VC/global/modelsim/modelsim.ini
  PL092_VC/global/modelsim/modelsim_bustalk.ini
  PL092_VC/global/modelsim/modelsim_tictalk.ini
  PL092_VC/global/modelsim/RtlMakefile.mk
  PL092_VC/global/modelsim/SimMakefile.mk
  PL092_VC/smc_pl092/
  PL092_VC/smc_pl092/verification/
  PL092_VC/smc_pl092/verification/makefile
  PL092_VC/smc_pl092/verification/vhdl/
  PL092_VC/smc_pl092/verification/vhdl/bid/
  PL092_VC/smc_pl092/verification/vhdl/bid/makefile
  PL092_VC/smc_pl092/verification/vhdl/buswatcher/
  PL092_VC/smc_pl092/verification/vhdl/buswatcher/makefile
  PL092_VC/smc_pl092/verification/vhdl/common/
  PL092_VC/smc_pl092/verification/vhdl/common/makefile
  PL092_VC/smc_pl092/verification/vhdl/denali.mk
  PL092_VC/smc_pl092/verification/vhdl/makefile
  PL092_VC/smc_pl092/verification/vhdl/reader/
  PL092_VC/smc_pl092/verification/vhdl/reader/makefile
  PL092_VC/smc_pl092/verification/vhdl/Smc_rtl/
  PL092_VC/smc_pl092/verification/vhdl/Smc_rtl/.denalirc
  PL092_VC/smc_pl092/verification/vhdl/Smc_rtl/denali.mk
  PL092_VC/smc_pl092/verification/vhdl/Smc_rtl/Smc1_rtl_modelsim.log
  PL092_VC/smc_pl092/verification/vhdl/Smc_rtl/Smc2_rtl_modelsim.log
  PL092_VC/smc_pl092/verification/vhdl/Smc_rtl/Smc3_rtl_modelsim.log
  PL092_VC/smc_pl092/verification/vhdl/Smc_rtl/Smc4_rtl_modelsim.log
  PL092_VC/smc_pl092/verification/vhdl/Smc_rtl/Smc5_rtl_modelsim.log
  PL092_VC/smc_pl092/verification/vhdl/Smc_rtl/Smc6_rtl_modelsim.log
  PL092_VC/smc_pl092/verification/vhdl/tbench/
  PL092_VC/smc_pl092/verification/vhdl/tbench/ahbslave_tb.vhd
  PL092_VC/smc_pl092/verification/vhdl/tbench/buswatchmaster.vhd
  PL092_VC/smc_pl092/verification/vhdl/tbench/buswmaster_pck.vhd
  PL092_VC/smc_pl092/verification/vhdl/tbench/decoder.vhd
  PL092_VC/smc_pl092/verification/vhdl/tbench/defslave.vhd
  PL092_VC/smc_pl092/verification/vhdl/tbench/k3p9vu1000m_3.3v_yc.vhd
  PL092_VC/smc_pl092/verification/vhdl/tbench/k3p9vu1000m_3_0v.vhd
  PL092_VC/smc_pl092/verification/vhdl/tbench/k3p9vu1000m_3_3v.vhd
  PL092_VC/smc_pl092/verification/vhdl/tbench/km68v1002c_12.vhd
  PL092_VC/smc_pl092/verification/vhdl/tbench/km68v1002c_20.vhd
  PL092_VC/smc_pl092/verification/vhdl/tbench/makefile
  PL092_VC/smc_pl092/verification/vhdl/tbench/README
  PL092_VC/smc_pl092/verification/vhdl/tbench/ReadMe.Denali
  PL092_VC/smc_pl092/verification/vhdl/tbench/sst37vf020_90.vhd
  PL092_VC/smc_pl092/verification/vhdl/tbench/tb_Denali.vhd
  PL092_VC/smc_pl092/verification/vhdl/tbench/tb_Denali1.vhd
  PL092_VC/smc_pl092/verification/vhdl/tbench/tbench.vhd
  PL092_VC/smc_pl092/verification/vhdl/tbench/timing.vhd
  PL092_VC/smc_pl092/verification/vhdl/tbench/timingmaster.vhd
  PL092_VC/smc_pl092/verification/vhdl/tbench/x28f640b3b_3v_100.vhd
  PL092_VC/smc_pl092/verification/vhdl/tbench/x28f800c3b_110.vhd
  PL092_VC/smc_pl092/verification/vhdl/trickbox/
  PL092_VC/smc_pl092/verification/vhdl/trickbox/makefile
  PL092_VC/smc_pl092/verification/vhdl/trickbox/SmcTrAhbifReg.vhd
  PL092_VC/smc_pl092/verification/vhdl/trickbox/SmcTrick.vhd
  PL092_VC/smc_pl092/verification/vhdl/trickbox/SmcTrickMem.vhd
  PL092_VC/smc_pl092/verification/vhdl/trickbox/SmcTrMCBusBlk.vhd
  PL092_VC/smc_pl092/verification/vhdl/trickbox/SmcTrMemAhbifReg.vhd
  PL092_VC/smc_pl092/verification/vhdl/trickbox/SmcTrMemArray.vhd
  PL092_VC/smc_pl092/verification/vhdl/trickbox/SmcTrMemRdWrCtl.vhd
  PL092_VC/smc_pl092/verification/vhdl/trickbox/SmcTrPackage.vhd
  PL092_VC/smc_pl092/verification/vhdl/trickbox/SmcTrProtChkr.vhd
  PL092_VC/smc_pl092/verification/vhdl/trickbox/SmcTrWaitCntl.vhd
  PL092_VC/smc_pl092/verification/vhdl/vr/
  PL092_VC/smc_pl092/verification/vhdl/vr/makefile

PL092-MN-23012-r1p3-01ltd0 :

  PL092_VC/global/
  PL092_VC/global/modelsim/
  PL092_VC/global/modelsim/DirMakefile.mk
  PL092_VC/global/modelsim/DirSimMakefile.mk
  PL092_VC/global/modelsim/init.do
  PL092_VC/global/modelsim/libmap
  PL092_VC/global/modelsim/modelsim.ini
  PL092_VC/global/modelsim/modelsim_bustalk.ini
  PL092_VC/global/modelsim/modelsim_tictalk.ini
  PL092_VC/global/modelsim/RtlMakefile.mk
  PL092_VC/global/modelsim/SimMakefile.mk
  PL092_VC/global/tictalk/
  PL092_VC/global/tictalk/verilog/
  PL092_VC/global/tictalk/verilog/common/
  PL092_VC/global/tictalk/verilog/common/Defs.v
  PL092_VC/global/tictalk/verilog/sys/
  PL092_VC/global/tictalk/verilog/sys/apbif.v
  PL092_VC/global/tictalk/verilog/sys/arbiter.v
  PL092_VC/global/tictalk/verilog/sys/buswatch.v
  PL092_VC/global/tictalk/verilog/sys/decoder.v
  PL092_VC/global/tictalk/verilog/sys/makefile
  PL092_VC/global/tictalk/verilog/sys/rem_pause.v
  PL092_VC/global/tictalk/verilog/sys/res_cntl.v
  PL092_VC/global/tictalk/verilog/sys/tic.v
  PL092_VC/global/tictalk/vhdl/
  PL092_VC/global/tictalk/vhdl/common/
  PL092_VC/global/tictalk/vhdl/common/defs.vhd
  PL092_VC/global/tictalk/vhdl/common/params.vhd
  PL092_VC/global/tictalk/vhdl/sys/
  PL092_VC/global/tictalk/vhdl/sys/apbif.vhd
  PL092_VC/global/tictalk/vhdl/sys/apbmux.vhd
  PL092_VC/global/tictalk/vhdl/sys/arbiter.vhd
  PL092_VC/global/tictalk/vhdl/sys/buswatch.vhd
  PL092_VC/global/tictalk/vhdl/sys/buswatch_params.vhd
  PL092_VC/global/tictalk/vhdl/sys/decoder.vhd
  PL092_VC/global/tictalk/vhdl/sys/decoder_mindec.vhd
  PL092_VC/global/tictalk/vhdl/sys/rem_pause.vhd
  PL092_VC/global/tictalk/vhdl/sys/res_cntl.vhd
  PL092_VC/global/tictalk/vhdl/sys/tic.vhd
  PL092_VC/global/tictalk_ahb/
  PL092_VC/global/tictalk_ahb/vhdl/
  PL092_VC/global/tictalk_ahb/vhdl/common/
  PL092_VC/global/tictalk_ahb/vhdl/common/Conv.vhd
  PL092_VC/global/tictalk_ahb/vhdl/sys/
  PL092_VC/global/tictalk_ahb/vhdl/sys/APBif.vhd
  PL092_VC/global/tictalk_ahb/vhdl/sys/Arbiter.vhd
  PL092_VC/global/tictalk_ahb/vhdl/sys/Decoder.vhd
  PL092_VC/global/tictalk_ahb/vhdl/sys/DefaultSlave.vhd
  PL092_VC/global/tictalk_ahb/vhdl/sys/MuxM2S.vhd
  PL092_VC/global/tictalk_ahb/vhdl/sys/MuxP2B.vhd
  PL092_VC/global/tictalk_ahb/vhdl/sys/MuxS2M.vhd
  PL092_VC/global/tictalk_ahb/vhdl/sys/RemPause.vhd
  PL092_VC/global/tictalk_ahb/vhdl/sys/ResCntl.vhd
  PL092_VC/global/tictalk_ahb/vhdl/sys/SMI.vhd
  PL092_VC/global/tictalk_ahb/vhdl/sys/TIC.vhd
  PL092_VC/global/tictalk_ahb/vhdl/ticbox/
  PL092_VC/global/tictalk_ahb/vhdl/ticbox/Ticbox.vhd
  PL092_VC/global/tictalk_asb/
  PL092_VC/global/tictalk_asb/vhdl/
  PL092_VC/global/tictalk_asb/vhdl/common/
  PL092_VC/global/tictalk_asb/vhdl/common/defs.vhd
  PL092_VC/global/tictalk_asb/vhdl/common/params.vhd
  PL092_VC/global/tictalk_asb/vhdl/sys/
  PL092_VC/global/tictalk_asb/vhdl/sys/apbif.vhd
  PL092_VC/global/tictalk_asb/vhdl/sys/apbmux.vhd
  PL092_VC/global/tictalk_asb/vhdl/sys/arbiter.vhd
  PL092_VC/global/tictalk_asb/vhdl/sys/buswatch.vhd
  PL092_VC/global/tictalk_asb/vhdl/sys/buswatch_params.vhd
  PL092_VC/global/tictalk_asb/vhdl/sys/decoder.vhd
  PL092_VC/global/tictalk_asb/vhdl/sys/decoder_mindec.vhd
  PL092_VC/global/tictalk_asb/vhdl/sys/rem_pause.vhd
  PL092_VC/global/tictalk_asb/vhdl/sys/res_cntl.vhd
  PL092_VC/global/tictalk_asb/vhdl/sys/tic.vhd
  PL092_VC/smc_pl092/
  PL092_VC/smc_pl092/integration/
  PL092_VC/smc_pl092/integration/makefile
  PL092_VC/smc_pl092/integration/vhdl/
  PL092_VC/smc_pl092/integration/vhdl/chip/
  PL092_VC/smc_pl092/integration/vhdl/chip/buswatchmaster.vhd
  PL092_VC/smc_pl092/integration/vhdl/chip/buswmaster_pck.vhd
  PL092_VC/smc_pl092/integration/vhdl/chip/EASY.vhd
  PL092_VC/smc_pl092/integration/vhdl/chip/makefile
  PL092_VC/smc_pl092/integration/vhdl/chip/RPS.vhd
  PL092_VC/smc_pl092/integration/vhdl/chip/TicWatcher.vhd
  PL092_VC/smc_pl092/integration/vhdl/chip/timing.vhd
  PL092_VC/smc_pl092/integration/vhdl/chip/timingmaster.vhd
  PL092_VC/smc_pl092/integration/vhdl/common/
  PL092_VC/smc_pl092/integration/vhdl/common/configmaster.vhd
  PL092_VC/smc_pl092/integration/vhdl/common/defs.vhd
  PL092_VC/smc_pl092/integration/vhdl/common/defsmaster.vhd
  PL092_VC/smc_pl092/integration/vhdl/common/funcs.vhd
  PL092_VC/smc_pl092/integration/vhdl/common/funcsmaster.vhd
  PL092_VC/smc_pl092/integration/vhdl/common/makefile
  PL092_VC/smc_pl092/integration/vhdl/makefile
  PL092_VC/smc_pl092/integration/vhdl/Smc_rtl/
  PL092_VC/smc_pl092/integration/vhdl/Smc_rtl/Smc_Tic_rtl_modelsim.log
  PL092_VC/smc_pl092/integration/vhdl/sys/
  PL092_VC/smc_pl092/integration/vhdl/sys/makefile
  PL092_VC/smc_pl092/integration/vhdl/tbench/
  PL092_VC/smc_pl092/integration/vhdl/tbench/makefile
  PL092_VC/smc_pl092/integration/vhdl/tbench/README
  PL092_VC/smc_pl092/integration/vhdl/tbench/tbench.vhd
  PL092_VC/smc_pl092/integration/vhdl/ticbox/
  PL092_VC/smc_pl092/integration/vhdl/ticbox/makefile
  PL092_VC/smc_pl092/integration/vhdl/trickbox/
  PL092_VC/smc_pl092/integration/vhdl/trickbox/Ahbif.vhd
  PL092_VC/smc_pl092/integration/vhdl/trickbox/Ahbparam.vhd
  PL092_VC/smc_pl092/integration/vhdl/trickbox/AhbRegBlock.vhd
  PL092_VC/smc_pl092/integration/vhdl/trickbox/AhbSlave.vhd
  PL092_VC/smc_pl092/integration/vhdl/trickbox/makefile

PL092-MN-99001-r1p3-01ltd0 :

  PL092_VC/smc_pl092/
  PL092_VC/smc_pl092/verification/
  PL092_VC/smc_pl092/verification/denali/
  PL092_VC/smc_pl092/verification/denali/at27lv040a_12.dat
  PL092_VC/smc_pl092/verification/denali/at27lv040a_12.soma
  PL092_VC/smc_pl092/verification/denali/at27lv040a_15.dat
  PL092_VC/smc_pl092/verification/denali/at27lv040a_15.soma
  PL092_VC/smc_pl092/verification/denali/at27lv040a_90.soma
  PL092_VC/smc_pl092/verification/denali/k3p9vu1000m_3.3v_yc.dat
  PL092_VC/smc_pl092/verification/denali/k3p9vu1000m_3.3v_yc.soma
  PL092_VC/smc_pl092/verification/denali/k3p9vu1000m_3_0v.dat
  PL092_VC/smc_pl092/verification/denali/k3p9vu1000m_3_0v.soma
  PL092_VC/smc_pl092/verification/denali/k3p9vu1000m_3_0v_1.dat
  PL092_VC/smc_pl092/verification/denali/k3p9vu1000m_3_0v_2.dat
  PL092_VC/smc_pl092/verification/denali/k3p9vu1000m_3_3v.dat
  PL092_VC/smc_pl092/verification/denali/k3p9vu1000m_3_3v.soma
  PL092_VC/smc_pl092/verification/denali/km68v1002c_12.soma
  PL092_VC/smc_pl092/verification/denali/km68v1002c_20.soma
  PL092_VC/smc_pl092/verification/denali/sst37vf020_90.dat
  PL092_VC/smc_pl092/verification/denali/sst37vf020_90.soma
  PL092_VC/smc_pl092/verification/denali/x28f640b3b_3v_100.dat
  PL092_VC/smc_pl092/verification/denali/x28f640b3b_3v_100.soma
  PL092_VC/smc_pl092/verification/denali/x28f800c3b_110.dat
  PL092_VC/smc_pl092/verification/denali/x28f800c3b_110.soma

PL092-SW-02001-r1p3-01ltd0 :

  PL092_SW/apsmc/
  PL092_SW/apsmc/apsmc.h
  PL092_SW/apsmc/smc.c
  PL092_SW/apsmc/smc.h
  PL092_SW/apsmc/smctst.c

PL092-VE-01010-r1p3-01ltd0 :

  PL092_VC/global/
  PL092_VC/global/bustalk_ahb/
  PL092_VC/global/bustalk_ahb/bustest/
  PL092_VC/global/bustalk_ahb/bustest/addargs_script
  PL092_VC/global/bustalk_ahb/bustest/bif2sim.awk
  PL092_VC/global/bustalk_ahb/bustest/busheader.h
  PL092_VC/global/bustalk_ahb/bustest/busmacros.c
  PL092_VC/global/bustalk_ahb/bustest/busmacros.h
  PL092_VC/global/bustalk_ahb/bustest/BusTalkMakefile.mk
  PL092_VC/global/bustalk_ahb/bustest/config.h
  PL092_VC/global/bustalk_ahb/bustest/include.h
  PL092_VC/global/bustalk_ahb/bustest/tif2bif
  PL092_VC/global/bustalk_ahb/bustest/tif2sim.awk
  PL092_VC/global/bustalk_apb/
  PL092_VC/global/bustalk_apb/bustest/
  PL092_VC/global/bustalk_apb/bustest/addargs_script
  PL092_VC/global/bustalk_apb/bustest/bif2sim.awk
  PL092_VC/global/bustalk_apb/bustest/busheader.h
  PL092_VC/global/bustalk_apb/bustest/busmacros.c
  PL092_VC/global/bustalk_apb/bustest/busmacros.h
  PL092_VC/global/bustalk_apb/bustest/BusTalkMakefile.mk
  PL092_VC/global/bustalk_apb/bustest/config.h
  PL092_VC/global/bustalk_apb/bustest/include.h
  PL092_VC/global/bustalk_apb/bustest/tif2bif
  PL092_VC/global/bustalk_apb/bustest/tif2sim.awk
  PL092_VC/smc_pl092/
  PL092_VC/smc_pl092/verification/
  PL092_VC/smc_pl092/verification/bustest/
  PL092_VC/smc_pl092/verification/bustest/AddrToggleTests.c
  PL092_VC/smc_pl092/verification/bustest/BankCrossingTests.c
  PL092_VC/smc_pl092/verification/bustest/BigEndHburstTest.c
  PL092_VC/smc_pl092/verification/bustest/BROMBusyInsertionTest.c
  PL092_VC/smc_pl092/verification/bustest/BROMCornerCase.c
  PL092_VC/smc_pl092/verification/bustest/BROMDelayTest.c
  PL092_VC/smc_pl092/verification/bustest/BROMTests.c
  PL092_VC/smc_pl092/verification/bustest/BusAccessTests.c
  PL092_VC/smc_pl092/verification/bustest/BusyInsCornerCase.c
  PL092_VC/smc_pl092/verification/bustest/Cornercase1.c
  PL092_VC/smc_pl092/verification/bustest/Cornercase2.c
  PL092_VC/smc_pl092/verification/bustest/Cornercase3.c
  PL092_VC/smc_pl092/verification/bustest/Cornercase4.c
  PL092_VC/smc_pl092/verification/bustest/Cornercase5.c
  PL092_VC/smc_pl092/verification/bustest/Cornercase6.c
  PL092_VC/smc_pl092/verification/bustest/Cornercase7.c
  PL092_VC/smc_pl092/verification/bustest/Cornercase8.c
  PL092_VC/smc_pl092/verification/bustest/Cornercase9.c
  PL092_VC/smc_pl092/verification/bustest/Cornercase10.c
  PL092_VC/smc_pl092/verification/bustest/Cornercase11.c
  PL092_VC/smc_pl092/verification/bustest/Cornercase12.c
  PL092_VC/smc_pl092/verification/bustest/Cornercase14.c
  PL092_VC/smc_pl092/verification/bustest/CSTests.c
  PL092_VC/smc_pl092/verification/bustest/DelayValueROMTests.c
  PL092_VC/smc_pl092/verification/bustest/DelayValueTests.c
  PL092_VC/smc_pl092/verification/bustest/DenaliTests.c
  PL092_VC/smc_pl092/verification/bustest/EbiCornerCase.c
  PL092_VC/smc_pl092/verification/bustest/EndiannessTests.c
  PL092_VC/smc_pl092/verification/bustest/makefile
  PL092_VC/smc_pl092/verification/bustest/MCReqGntTests.c
  PL092_VC/smc_pl092/verification/bustest/MemoryBankTests.c
  PL092_VC/smc_pl092/verification/bustest/MixedAccessTests.c
  PL092_VC/smc_pl092/verification/bustest/NewRandomTest.c
  PL092_VC/smc_pl092/verification/bustest/OneClkAfterReset.c
  PL092_VC/smc_pl092/verification/bustest/PerformanceTests.c
  PL092_VC/smc_pl092/verification/bustest/ProtectionTests.c
  PL092_VC/smc_pl092/verification/bustest/RandomRoutines.c
  PL092_VC/smc_pl092/verification/bustest/RandomTests.c
  PL092_VC/smc_pl092/verification/bustest/RBLETests.c
  PL092_VC/smc_pl092/verification/bustest/README
  PL092_VC/smc_pl092/verification/bustest/RegisterTests.c
  PL092_VC/smc_pl092/verification/bustest/RemapTests.c
  PL092_VC/smc_pl092/verification/bustest/ResetTests.c
  PL092_VC/smc_pl092/verification/bustest/ROMTests.c
  PL092_VC/smc_pl092/verification/bustest/Seed.h
  PL092_VC/smc_pl092/verification/bustest/Smc.c
  PL092_VC/smc_pl092/verification/bustest/Smc.h
  PL092_VC/smc_pl092/verification/bustest/SmcCommon.c
  PL092_VC/smc_pl092/verification/bustest/SMWAITFlagTests.c
  PL092_VC/smc_pl092/verification/bustest/SMWAITTests.c
  PL092_VC/smc_pl092/verification/bustest/TransferTests.c
  PL092_VC/smc_pl092/verification/bustest/WPErrorTest.c
  PL092_VC/smc_pl092/verification/makefile

PL092-VE-01012-r1p3-01ltd0 :

  PL092_VC/global/
  PL092_VC/global/bustalk_ahb/
  PL092_VC/global/bustalk_ahb/bustest/
  PL092_VC/global/bustalk_ahb/bustest/addargs_script
  PL092_VC/global/bustalk_ahb/bustest/bif2sim.awk
  PL092_VC/global/bustalk_ahb/bustest/busheader.h
  PL092_VC/global/bustalk_ahb/bustest/busmacros.c
  PL092_VC/global/bustalk_ahb/bustest/busmacros.h
  PL092_VC/global/bustalk_ahb/bustest/BusTalkMakefile.mk
  PL092_VC/global/bustalk_ahb/bustest/config.h
  PL092_VC/global/bustalk_ahb/bustest/include.h
  PL092_VC/global/bustalk_ahb/bustest/tif2bif
  PL092_VC/global/bustalk_ahb/bustest/tif2sim.awk
  PL092_VC/global/bustalk_apb/
  PL092_VC/global/bustalk_apb/bustest/
  PL092_VC/global/bustalk_apb/bustest/addargs_script
  PL092_VC/global/bustalk_apb/bustest/bif2sim.awk
  PL092_VC/global/bustalk_apb/bustest/busheader.h
  PL092_VC/global/bustalk_apb/bustest/busmacros.c
  PL092_VC/global/bustalk_apb/bustest/busmacros.h
  PL092_VC/global/bustalk_apb/bustest/BusTalkMakefile.mk
  PL092_VC/global/bustalk_apb/bustest/config.h
  PL092_VC/global/bustalk_apb/bustest/include.h
  PL092_VC/global/bustalk_apb/bustest/tif2bif
  PL092_VC/global/bustalk_apb/bustest/tif2sim.awk
  PL092_VC/smc_pl092/
  PL092_VC/smc_pl092/integration/
  PL092_VC/smc_pl092/integration/bustest/
  PL092_VC/smc_pl092/integration/bustest/busmacros.c
  PL092_VC/smc_pl092/integration/bustest/makefile
  PL092_VC/smc_pl092/integration/bustest/README
  PL092_VC/smc_pl092/integration/bustest/ResponseTests.c
  PL092_VC/smc_pl092/integration/bustest/Smc.c
  PL092_VC/smc_pl092/integration/bustest/Smc.h
  PL092_VC/smc_pl092/integration/bustest/SmcCommon.c
  PL092_VC/smc_pl092/integration/bustest/TransferTests.c
  PL092_VC/smc_pl092/integration/makefile

