$ START_CHANGES_FILE

$ Synopsys, Inc.
$ Version:  V-2004.06
$ Date:  Wed Mar 14 20:19:47 2007
$ Design:  Ssp

# Report on the changes made during optimization.

$ END_CHANGES_FILE

$ START_CHANGES_FILE

$ Synopsys, Inc.
$ Version:  V-2004.06
$ Date:  Wed Mar 14 20:20:02 2007
$ Design:  Ssp

# Report on the changes made during optimization.

$ END_CHANGES_FILE

$ START_CHANGES_FILE

$ Synopsys, Inc.
$ Version:  V-2004.06
$ Date:  Tue Apr 17 13:25:15 2007
$ Design:  Ssp

# Report on the changes made during optimization.

$ END_CHANGES_FILE

$ START_CHANGES_FILE

$ Synopsys, Inc.
$ Version:  V-2004.06
$ Date:  Tue Apr 17 13:25:28 2007
$ Design:  Ssp

# Report on the changes made during optimization.

$ END_CHANGES_FILE

$ START_CHANGES_FILE

$ Synopsys, Inc.
$ Version:  V-2004.06
$ Date:  Tue Apr 17 13:36:32 2007
$ Design:  Ssp

# Report on the changes made during optimization.

$ END_CHANGES_FILE

$ START_CHANGES_FILE

$ Synopsys, Inc.
$ Version:  V-2004.06
$ Date:  Tue Apr 17 13:36:47 2007
$ Design:  Ssp

# Report on the changes made during optimization.

$ END_CHANGES_FILE

$ START_CHANGES_FILE

$ Synopsys, Inc.
$ Version:  V-2004.06
$ Date:  Tue Apr 17 13:49:57 2007
$ Design:  Ssp

# Report on the changes made during optimization.

$ END_CHANGES_FILE

$ START_CHANGES_FILE

$ Synopsys, Inc.
$ Version:  V-2004.06
$ Date:  Tue Apr 17 13:50:12 2007
$ Design:  Ssp

# Report on the changes made during optimization.

$ END_CHANGES_FILE

