BREAKDOWN OF BUNDLE PL172-BU-01000-r2p3-00rel0

This directory contains bundled deliverables from ARM. Bundled deliverables
are a way of grouping deliverables together for ease of use but which also
need to be identified separately for contractual reasons. This file shows
the breakdown of the bundled data into its constituent deliverables and
files.  It is provided mainly for information for delivery tracking, but
may be useful in the event of problems being found with particular files
and tracing the origin of the files for communication with ARM's support
group.

PL172-DA-03001-r2p3-00rel0:

  mpmc_pl172/
  mpmc_pl172/docs/
  mpmc_pl172/docs/ARM_DDI_0215.pdf

PL172-DC-02002-r2p3-00rel0:

  mpmc_pl172/
  mpmc_pl172/docs/
  mpmc_pl172/docs/PL172_DDES_0000.pdf

PL172-DC-06002-r2p3-00rel0:

  PL172-DC-06002-r2p3-00rel0.pdf

PL172-DC-08001-r2p3-00rel0:

  mpmc_pl172/
  mpmc_pl172/docs/
  mpmc_pl172/docs/PL172_USGD_0000.pdf

PL172-DC-10002-r2p3-00rel0:

  mpmc_pl172/
  mpmc_pl172/docs/
  mpmc_pl172/docs/PL172_INTM_0000.pdf

PL172-MN-01002-r2p3-00rel0:

  mpmc_pl172/
  mpmc_pl172/synopsys/
  mpmc_pl172/synopsys/log/
  mpmc_pl172/synopsys/log/Mpmc_noscan_verilog_verilog_synth.log
  mpmc_pl172/synopsys/log/MpmcTIC_scanready_vhdl_verilog_synth.log
  mpmc_pl172/synopsys/log/MpmcTIC_scanready_vhdl_verilog_run.log
  mpmc_pl172/synopsys/log/MpmcTIC_noscan_verilog_verilog_run.log
  mpmc_pl172/synopsys/log/Mpmc_scanready_verilog_verilog_run.log
  mpmc_pl172/synopsys/log/MpmcTIC_noscan_vhdl_verilog_run.log
  mpmc_pl172/synopsys/log/MpmcTIC_scanready_verilog_verilog_synth.log
  mpmc_pl172/synopsys/log/Mpmc_scanready_vhdl_verilog_run.log
  mpmc_pl172/synopsys/log/MpmcTIC_noscan_verilog_verilog_synth.log
  mpmc_pl172/synopsys/log/Mpmc_noscan_vhdl_verilog_run.log
  mpmc_pl172/synopsys/log/Mpmc_noscan_verilog_verilog_run.log
  mpmc_pl172/synopsys/log/Mpmc_scaninsert_verilog_verilog_synth.log
  mpmc_pl172/synopsys/log/Mpmc_noscan_vhdl_verilog_synth.log
  mpmc_pl172/synopsys/log/MpmcCore_scanready_vhdl_verilog_synth.log
  mpmc_pl172/synopsys/log/MpmcTIC_scanready_verilog_verilog_run.log
  mpmc_pl172/synopsys/log/Mpmc_scanready_verilog_verilog_synth.log
  mpmc_pl172/synopsys/log/MpmcCore_scanready_vhdl_verilog_run.log
  mpmc_pl172/synopsys/log/Mpmc_scaninsert_verilog_verilog_run.log
  mpmc_pl172/synopsys/log/MpmcCore_scanready_verilog_verilog_run.log
  mpmc_pl172/synopsys/log/MpmcCore_scanready_verilog_verilog_synth.log
  mpmc_pl172/synopsys/log/MpmcCore_noscan_verilog_verilog_run.log
  mpmc_pl172/synopsys/log/MpmcCore_noscan_verilog_verilog_synth.log
  mpmc_pl172/synopsys/log/Mpmc_scanready_vhdl_verilog_synth.log
  mpmc_pl172/synopsys/log/Mpmc_scaninsert_vhdl_verilog_run.log
  mpmc_pl172/synopsys/log/MpmcTIC_noscan_vhdl_verilog_synth.log
  mpmc_pl172/synopsys/log/Mpmc_scaninsert_vhdl_verilog_synth.log
  mpmc_pl172/synopsys/log/MpmcCore_noscan_vhdl_verilog_run.log
  mpmc_pl172/synopsys/log/MpmcCore_noscan_vhdl_verilog_synth.log
  mpmc_pl172/synopsys/report/
  mpmc_pl172/synopsys/report/MpmcTIC_scanready_vhdl_verilog.max
  mpmc_pl172/synopsys/report/MpmcCore_noscan_verilog_verilog.resettree
  mpmc_pl172/synopsys/report/Mpmc_scaninsert_vhdl_verilog.TestTim
  mpmc_pl172/synopsys/report/MpmcCore_scanready_verilog_verilog.resettree
  mpmc_pl172/synopsys/report/MpmcCore_noscan_verilog_verilog.ports
  mpmc_pl172/synopsys/report/MpmcTIC_noscan_verilog_verilog.resettree
  mpmc_pl172/synopsys/report/Mpmc_scanready_vhdl_verilog.ref
  mpmc_pl172/synopsys/report/MpmcTIC_noscan_verilog_verilog.ports
  mpmc_pl172/synopsys/report/Mpmc_scaninsert_vhdl_verilog.clocktree
  mpmc_pl172/synopsys/report/Mpmc_scanready_vhdl_verilog.latch
  mpmc_pl172/synopsys/report/MpmcTIC_noscan_vhdl_verilog.hier
  mpmc_pl172/synopsys/report/Mpmc_scaninsert_verilog_verilog.ports
  mpmc_pl172/synopsys/report/MpmcTIC_scanready_vhdl_verilog.vio
  mpmc_pl172/synopsys/report/MpmcTIC_scanready_verilog_verilog.hier
  mpmc_pl172/synopsys/report/Mpmc_scaninsert_verilog_verilog.clocktree
  mpmc_pl172/synopsys/report/Mpmc_scaninsert_vhdl_verilog.TestAtpgConf
  mpmc_pl172/synopsys/report/Mpmc_noscan_vhdl_verilog.constr
  mpmc_pl172/synopsys/report/Mpmc_scaninsert_vhdl_verilog.scan
  mpmc_pl172/synopsys/report/MpmcCore_scanready_vhdl_verilog.clocktree
  mpmc_pl172/synopsys/report/Mpmc_scaninsert_verilog_verilog.TestFaults
  mpmc_pl172/synopsys/report/MpmcTIC_scanready_verilog_verilog.ports
  mpmc_pl172/synopsys/report/Mpmc_scaninsert_verilog_verilog.TestAtpgConf
  mpmc_pl172/synopsys/report/MpmcTIC_scanready_vhdl_verilog.clocktree
  mpmc_pl172/synopsys/report/MpmcTIC_scanready_vhdl_verilog.min
  mpmc_pl172/synopsys/report/Mpmc_scaninsert_verilog_verilog.default.tpf
  mpmc_pl172/synopsys/report/MpmcCore_noscan_vhdl_verilog.constr
  mpmc_pl172/synopsys/report/Mpmc_scanready_verilog_verilog.latch
  mpmc_pl172/synopsys/report/Mpmc_scanready_verilog_verilog.ref
  mpmc_pl172/synopsys/report/MpmcTIC_scanready_verilog_verilog.clocktree
  mpmc_pl172/synopsys/report/MpmcCore_noscan_vhdl_verilog.clocktree
  mpmc_pl172/synopsys/report/Mpmc_noscan_vhdl_verilog.hier
  mpmc_pl172/synopsys/report/Mpmc_scanready_vhdl_verilog.ports
  mpmc_pl172/synopsys/report/Mpmc_noscan_verilog_verilog.latch
  mpmc_pl172/synopsys/report/Mpmc_scaninsert_verilog_verilog.scan
  mpmc_pl172/synopsys/report/Mpmc_scaninsert_vhdl_verilog.TestFaults
  mpmc_pl172/synopsys/report/Mpmc_scanready_vhdl_verilog.max
  mpmc_pl172/synopsys/report/Mpmc_scanready_verilog_verilog.resettree
  mpmc_pl172/synopsys/report/MpmcTIC_scanready_verilog_verilog.max
  mpmc_pl172/synopsys/report/MpmcCore_scanready_verilog_verilog.hier
  mpmc_pl172/synopsys/report/Mpmc_scaninsert_vhdl_verilog.constr
  mpmc_pl172/synopsys/report/Mpmc_scaninsert_vhdl_verilog.default.tpf
  mpmc_pl172/synopsys/report/Mpmc_scanready_verilog_verilog.constr
  mpmc_pl172/synopsys/report/Mpmc_scanready_vhdl_verilog.resettree
  mpmc_pl172/synopsys/report/Mpmc_scaninsert_vhdl_verilog.PreviewScript
  mpmc_pl172/synopsys/report/MpmcCore_noscan_vhdl_verilog.hier
  mpmc_pl172/synopsys/report/MpmcTIC_noscan_verilog_verilog.max
  mpmc_pl172/synopsys/report/Mpmc_scanready_vhdl_verilog.vio
  mpmc_pl172/synopsys/report/Mpmc_noscan_vhdl_verilog.ref
  mpmc_pl172/synopsys/report/MpmcTIC_noscan_vhdl_verilog.area
  mpmc_pl172/synopsys/report/Mpmc_scaninsert_vhdl_verilog.ref
  mpmc_pl172/synopsys/report/MpmcTIC_noscan_verilog_verilog.constr
  mpmc_pl172/synopsys/report/MpmcCore_scanready_vhdl_verilog.constr
  mpmc_pl172/synopsys/report/MpmcTIC_noscan_vhdl_verilog.resettree
  mpmc_pl172/synopsys/report/MpmcTIC_scanready_verilog_verilog.area
  mpmc_pl172/synopsys/report/MpmcTIC_scanready_verilog_verilog.vio
  mpmc_pl172/synopsys/report/MpmcCore_scanready_vhdl_verilog.max
  mpmc_pl172/synopsys/report/Mpmc_scanready_verilog_verilog.ports
  mpmc_pl172/synopsys/report/Mpmc_noscan_verilog_verilog.ref
  mpmc_pl172/synopsys/report/MpmcCore_noscan_verilog_verilog.clocktree
  mpmc_pl172/synopsys/report/MpmcTIC_noscan_verilog_verilog.vio
  mpmc_pl172/synopsys/report/Mpmc_scanready_vhdl_verilog.min
  mpmc_pl172/synopsys/report/Mpmc_noscan_verilog_verilog.ports
  mpmc_pl172/synopsys/report/MpmcCore_scanready_verilog_verilog.clocktree
  mpmc_pl172/synopsys/report/MpmcTIC_noscan_verilog_verilog.clocktree
  mpmc_pl172/synopsys/report/MpmcTIC_scanready_verilog_verilog.min
  mpmc_pl172/synopsys/report/Mpmc_scaninsert_vhdl_verilog.TestArea
  mpmc_pl172/synopsys/report/Mpmc_scaninsert_vhdl_verilog.hier
  mpmc_pl172/synopsys/report/MpmcTIC_scanready_vhdl_verilog.hier
  mpmc_pl172/synopsys/report/Mpmc_scanready_verilog_verilog.max
  mpmc_pl172/synopsys/report/MpmcCore_scanready_vhdl_verilog.vio
  mpmc_pl172/synopsys/report/MpmcTIC_noscan_verilog_verilog.min
  mpmc_pl172/synopsys/report/Mpmc_scanready_vhdl_verilog.hier
  mpmc_pl172/synopsys/report/Mpmc_noscan_vhdl_verilog.latch
  mpmc_pl172/synopsys/report/Mpmc_noscan_verilog_verilog.constr
  mpmc_pl172/synopsys/report/Mpmc_noscan_vhdl_verilog.resettree
  mpmc_pl172/synopsys/report/Mpmc_scanready_verilog_verilog.vio
  mpmc_pl172/synopsys/report/Mpmc_noscan_vhdl_verilog.area
  mpmc_pl172/synopsys/report/MpmcCore_scanready_vhdl_verilog.min
  mpmc_pl172/synopsys/report/MpmcCore_scanready_verilog_verilog.latch
  mpmc_pl172/synopsys/report/MpmcCore_scanready_vhdl_verilog.hier
  mpmc_pl172/synopsys/report/MpmcTIC_noscan_verilog_verilog.hier
  mpmc_pl172/synopsys/report/Mpmc_scanready_verilog_verilog.hier
  mpmc_pl172/synopsys/report/MpmcTIC_noscan_vhdl_verilog.latch
  mpmc_pl172/synopsys/report/Mpmc_noscan_vhdl_verilog.max
  mpmc_pl172/synopsys/report/Mpmc_scaninsert_vhdl_verilog.max
  mpmc_pl172/synopsys/report/Mpmc_scaninsert_verilog_verilog.hier
  mpmc_pl172/synopsys/report/MpmcCore_scanready_verilog_verilog.area
  mpmc_pl172/synopsys/report/Mpmc_scanready_verilog_verilog.min
  mpmc_pl172/synopsys/report/Mpmc_scaninsert_verilog_verilog.ref
  mpmc_pl172/synopsys/report/Mpmc_noscan_verilog_verilog.hier
  mpmc_pl172/synopsys/report/Mpmc_noscan_verilog_verilog.max
  mpmc_pl172/synopsys/report/Mpmc_scaninsert_verilog_verilog.PreviewAll
  mpmc_pl172/synopsys/report/Mpmc_noscan_verilog_verilog.resettree
  mpmc_pl172/synopsys/report/MpmcCore_noscan_vhdl_verilog.area
  mpmc_pl172/synopsys/report/MpmcCore_noscan_vhdl_verilog.max
  mpmc_pl172/synopsys/report/Mpmc_noscan_vhdl_verilog.vio
  mpmc_pl172/synopsys/report/Mpmc_scaninsert_vhdl_verilog.vio
  mpmc_pl172/synopsys/report/MpmcCore_noscan_verilog_verilog.hier
  mpmc_pl172/synopsys/report/Mpmc_noscan_verilog_verilog.vio
  mpmc_pl172/synopsys/report/Mpmc_scanready_verilog_verilog.clocktree
  mpmc_pl172/synopsys/report/Mpmc_noscan_vhdl_verilog.ports
  mpmc_pl172/synopsys/report/MpmcCore_scanready_verilog_verilog.ports
  mpmc_pl172/synopsys/report/MpmcCore_noscan_vhdl_verilog.vio
  mpmc_pl172/synopsys/report/Mpmc_noscan_vhdl_verilog.min
  mpmc_pl172/synopsys/report/MpmcCore_noscan_verilog_verilog.max
  mpmc_pl172/synopsys/report/Mpmc_scaninsert_vhdl_verilog.min
  mpmc_pl172/synopsys/report/Mpmc_noscan_vhdl_verilog.cell
  mpmc_pl172/synopsys/report/Mpmc_scanready_vhdl_verilog.clocktree
  mpmc_pl172/synopsys/report/Mpmc_scaninsert_vhdl_verilog.area
  mpmc_pl172/synopsys/report/MpmcTIC_scanready_vhdl_verilog.area
  mpmc_pl172/synopsys/report/Mpmc_scaninsert_verilog_verilog.PreviewScript
  mpmc_pl172/synopsys/report/MpmcTIC_noscan_vhdl_verilog.max
  mpmc_pl172/synopsys/report/MpmcTIC_noscan_vhdl_verilog.ports
  mpmc_pl172/synopsys/report/Mpmc_scaninsert_vhdl_verilog.PreviewAll
  mpmc_pl172/synopsys/report/Mpmc_noscan_verilog_verilog.min
  mpmc_pl172/synopsys/report/MpmcTIC_noscan_vhdl_verilog.clocktree
  mpmc_pl172/synopsys/report/Mpmc_scaninsert_verilog_verilog.constr
  mpmc_pl172/synopsys/report/Mpmc_scaninsert_vhdl_verilog.resettree
  mpmc_pl172/synopsys/report/Mpmc_scanready_vhdl_verilog.area
  mpmc_pl172/synopsys/report/Mpmc_scaninsert_vhdl_verilog.latch
  mpmc_pl172/synopsys/report/MpmcCore_scanready_vhdl_verilog.latch
  mpmc_pl172/synopsys/report/MpmcCore_noscan_vhdl_verilog.min
  mpmc_pl172/synopsys/report/MpmcCore_noscan_verilog_verilog.vio
  mpmc_pl172/synopsys/report/MpmcTIC_scanready_vhdl_verilog.latch
  mpmc_pl172/synopsys/report/Mpmc_scaninsert_verilog_verilog.resettree
  mpmc_pl172/synopsys/report/MpmcTIC_noscan_vhdl_verilog.vio
  mpmc_pl172/synopsys/report/MpmcCore_noscan_vhdl_verilog.latch
  mpmc_pl172/synopsys/report/Mpmc_scaninsert_verilog_verilog.TestArea
  mpmc_pl172/synopsys/report/Mpmc_scaninsert_verilog_verilog.max
  mpmc_pl172/synopsys/report/MpmcCore_scanready_verilog_verilog.constr
  mpmc_pl172/synopsys/report/MpmcCore_scanready_vhdl_verilog.resettree
  mpmc_pl172/synopsys/report/MpmcCore_scanready_vhdl_verilog.area
  mpmc_pl172/synopsys/report/MpmcTIC_noscan_verilog_verilog.area
  mpmc_pl172/synopsys/report/Mpmc_scanready_verilog_verilog.area
  mpmc_pl172/synopsys/report/MpmcTIC_scanready_verilog_verilog.constr
  mpmc_pl172/synopsys/report/MpmcTIC_scanready_vhdl_verilog.resettree
  mpmc_pl172/synopsys/report/MpmcCore_noscan_verilog_verilog.min
  mpmc_pl172/synopsys/report/Mpmc_scaninsert_verilog_verilog.area
  mpmc_pl172/synopsys/report/MpmcCore_scanready_verilog_verilog.max
  mpmc_pl172/synopsys/report/MpmcTIC_noscan_vhdl_verilog.min
  mpmc_pl172/synopsys/report/Mpmc_noscan_verilog_verilog.area
  mpmc_pl172/synopsys/report/Mpmc_scaninsert_verilog_verilog.vio
  mpmc_pl172/synopsys/report/MpmcTIC_scanready_vhdl_verilog.constr
  mpmc_pl172/synopsys/report/Mpmc_noscan_vhdl_verilog.clocktree
  mpmc_pl172/synopsys/report/Mpmc_scaninsert_verilog_verilog.TestTim
  mpmc_pl172/synopsys/report/Mpmc_scaninsert_vhdl_verilog.cell
  mpmc_pl172/synopsys/report/MpmcCore_noscan_verilog_verilog.area
  mpmc_pl172/synopsys/report/MpmcCore_noscan_verilog_verilog.constr
  mpmc_pl172/synopsys/report/MpmcTIC_scanready_verilog_verilog.resettree
  mpmc_pl172/synopsys/report/MpmcTIC_noscan_vhdl_verilog.constr
  mpmc_pl172/synopsys/report/MpmcCore_noscan_vhdl_verilog.resettree
  mpmc_pl172/synopsys/report/MpmcCore_scanready_verilog_verilog.vio
  mpmc_pl172/synopsys/report/Mpmc_scaninsert_verilog_verilog.min
  mpmc_pl172/synopsys/report/Mpmc_scaninsert_vhdl_verilog.ports
  mpmc_pl172/synopsys/report/MpmcCore_scanready_vhdl_verilog.ports
  mpmc_pl172/synopsys/report/MpmcCore_noscan_verilog_verilog.latch
  mpmc_pl172/synopsys/report/Mpmc_scanready_vhdl_verilog.cell
  mpmc_pl172/synopsys/report/MpmcTIC_scanready_vhdl_verilog.ports
  mpmc_pl172/synopsys/report/MpmcTIC_noscan_verilog_verilog.latch
  mpmc_pl172/synopsys/report/MpmcCore_noscan_vhdl_verilog.ports
  mpmc_pl172/synopsys/report/Mpmc_scaninsert_verilog_verilog.latch
  mpmc_pl172/synopsys/report/MpmcCore_scanready_verilog_verilog.min
  mpmc_pl172/synopsys/report/Mpmc_noscan_verilog_verilog.clocktree
  mpmc_pl172/synopsys/report/Mpmc_scaninsert_vhdl_verilog.TestState
  mpmc_pl172/synopsys/report/Mpmc_scanready_vhdl_verilog.constr
  mpmc_pl172/synopsys/report/Mpmc_scanready_verilog_verilog.cell
  mpmc_pl172/synopsys/report/MpmcTIC_scanready_verilog_verilog.latch
  mpmc_pl172/synopsys/report/Mpmc_scaninsert_verilog_verilog.TestState
  mpmc_pl172/synopsys/report/Mpmc_scaninsert_verilog_verilog.cell
  mpmc_pl172/synopsys/report/Mpmc_noscan_verilog_verilog.cell
  mpmc_pl172/synopsys/makefile
  mpmc_pl172/synopsys/scripts/
  mpmc_pl172/synopsys/scripts/README
  mpmc_pl172/synopsys/scripts/MpmcTIC.cmd
  mpmc_pl172/synopsys/scripts/Mpmc.scr
  mpmc_pl172/synopsys/scripts/Mpmc_exceptions.scr
  mpmc_pl172/synopsys/scripts/MpmcCore.scr
  mpmc_pl172/synopsys/scripts/Mpmc.cmd
  mpmc_pl172/synopsys/scripts/Mpmc_scan.cmd
  mpmc_pl172/synopsys/scripts/MpmcCore_exceptions.scr
  mpmc_pl172/synopsys/scripts/MpmcTIC.scr
  mpmc_pl172/synopsys/scripts/MpmcCore.cmd
  mpmc_pl172/synopsys/README
  mpmc_pl172/synopsys/README.violation
  global/
  global/synopsys_shared/
  global/synopsys_shared/scr_common/
  global/synopsys_shared/scr_common/amba_params.scr
  global/synopsys_shared/scr_common/global.scr
  global/synopsys_shared/scr_common/functions.tcl
  global/synopsys_shared/scr_common/design_rules.tcl
  global/synopsys_shared/scr_common/library_avanti_cb18_v1.0.scr
  global/synopsys_shared/scr_common/apb_slave_constraints.tcl
  global/synopsys_shared/scr_common/setup.tcl
  global/synopsys_shared/scr_common/name_rules.scr
  global/synopsys_shared/scr_common/apb_params.scr
  global/synopsys_shared/scr_common/apb_master_constraints.tcl
  global/synopsys_shared/scr_common/library_avanti_cb25_v2.1.scr
  global/synopsys_shared/scr_common/ahb_slave.scr
  global/synopsys_shared/scr_common/amba_parameters.tcl
  global/synopsys_shared/scr_common/ahb_master.scr
  global/synopsys_shared/scr_common/ahb_slave_constraints.tcl
  global/synopsys_shared/scr_common/avanti_cb25.tcl
  global/synopsys_shared/scr_common/setup.scr
  global/synopsys_shared/scr_common/artisan_tsmc18.tcl
  global/synopsys_shared/scr_common/ahb_master_constraints.tcl
  global/synopsys_shared/scr_common/apb_slave.scr
  global/synopsys_shared/scr_common/avanti_cb18.tcl
  global/bin/
  global/bin/remove_prot
  global/bin/verilog_net_patch
  global/bin/vhdl_sdf_patch
  global/bin/do_all.scr

PL172-MN-22001-r2p3-00rel0:

  mpmc_pl172/
  mpmc_pl172/verilog/
  mpmc_pl172/verilog/rtl_source/
  mpmc_pl172/verilog/rtl_source/MpmcDyIntRdGen.v
  mpmc_pl172/verilog/rtl_source/MpmcStTimCntl.v
  mpmc_pl172/verilog/rtl_source/MpmcStTSM.v
  mpmc_pl172/verilog/rtl_source/MpmcDyFCntl.v
  mpmc_pl172/verilog/rtl_source/MpmcDyLatCntr.v
  mpmc_pl172/verilog/rtl_source/Mpmc.v
  mpmc_pl172/verilog/rtl_source/MpmcMemBGnt.v
  mpmc_pl172/verilog/rtl_source/MpmcCore.v
  mpmc_pl172/verilog/rtl_source/MpmcAhbif.v
  mpmc_pl172/verilog/rtl_source/MpmcStMemCntl.v
  mpmc_pl172/verilog/rtl_source/MpmcMemCntlIf.v
  mpmc_pl172/verilog/rtl_source/MpmcPadIf.v
  mpmc_pl172/verilog/rtl_source/MpmcDyMemCntl.v
  mpmc_pl172/verilog/rtl_source/MpmcDyIntRegBlk.v
  mpmc_pl172/verilog/rtl_source/MpmcBufCntrl.v
  mpmc_pl172/verilog/rtl_source/MpmcDyAxsSM2.v
  mpmc_pl172/verilog/rtl_source/MpmcBufUnit.v
  mpmc_pl172/verilog/rtl_source/MpmcArbiter.v
  mpmc_pl172/verilog/rtl_source/MpmcRegIf.v
  mpmc_pl172/verilog/rtl_source/MpmcDyRegFile.v
  mpmc_pl172/verilog/rtl_source/MpmcDySyFlash.v
  mpmc_pl172/verilog/rtl_source/MpmcStRegBlk.v
  mpmc_pl172/verilog/rtl_source/MpmcAhbTop.v
  mpmc_pl172/verilog/rtl_source/MpmcDyFBtoH.v
  mpmc_pl172/verilog/rtl_source/MpmcDyModSM.v
  mpmc_pl172/verilog/rtl_source/MpmcTIC.v
  mpmc_pl172/verilog/rtl_source/MpmcDyFIFO.v
  mpmc_pl172/verilog/rtl_source/MpmcRevAnd.v
  mpmc_pl172/verilog/rtl_source/MpmcStIntIf.v
  mpmc_pl172/verilog/rtl_source/MpmcParams.v
  mpmc_pl172/verilog/rtl_source/MpmcStExtIf.v
  mpmc_pl172/verilog/rtl_source/MpmcEndian.v
  mpmc_pl172/verilog/rtl_source/MpmcDyRefSM.v
  mpmc_pl172/verilog/rtl_source/MpmcClockOr.v
  mpmc_pl172/verilog/rtl_source/makefile
  mpmc_pl172/verilog/rtl_source/MpmcBuffer.v
  mpmc_pl172/verilog/rtl_source/MpmcDyRegBlk.v
  mpmc_pl172/verilog/rtl_source/MpmcMemCntl.v
  mpmc_pl172/verilog/rtl_source/MpmcDyAxsSM1.v
  mpmc_pl172/verilog/netlist/
  mpmc_pl172/verilog/netlist/makefile
  mpmc_pl172/verilog/makefile
  mpmc_pl172/README.txt
  mpmc_pl172/makefile
  global/
  global/LDV/
  global/LDV/vxl_tictalk_asb.files
  global/LDV/SimMakefile.mk
  global/LDV/RtlMakefile.mk
  global/LDV/vxl_tictalk_ahb.files
  global/LDV/vxl_bustalk_apb.files
  global/LDV/vxl_tictalk.files
  global/LDV/DirSimMakefile.mk
  global/LDV/vxl_bustalk.files
  global/LDV/vxl_bustalk_ahb.files
  global/LDV/DirMakefile.mk
  global/modelsim/
  global/modelsim/DirSimMakefile.mk
  global/modelsim/DirMakefile.mk
  global/modelsim/modelsim_tictalk.ini
  global/modelsim/modelsim_bustalk.ini
  global/modelsim/SimMakefile.mk
  global/modelsim/RtlMakefile.mk
  global/modelsim/modelsim.ini
  global/modelsim/libmap
  global/modelsim/init.do

PL172-MN-22010-r2p3-00rel0:

  mpmc_pl172/
  mpmc_pl172/verification/
  mpmc_pl172/verification/verilog/
  mpmc_pl172/verification/verilog/Mpmc_rtl/
  mpmc_pl172/verification/verilog/Mpmc_rtl/.denalirc
  mpmc_pl172/verification/verilog/Mpmc_rtl/Mpmc_rtl_LDV_POResetTest.log
  mpmc_pl172/verification/verilog/Mpmc_rtl/Mpmc_rtl_modelsim_StWtPgBufEnTest.log
  mpmc_pl172/verification/verilog/Mpmc_rtl/Mpmc_rtl_modelsim_DirectDyDtFtchTest.log
  mpmc_pl172/verification/verilog/Mpmc_rtl/Mpmc_rtl_modelsim_MultiPortPgAccessTest.log
  mpmc_pl172/verification/verilog/Mpmc_rtl/Mpmc_rtl_LDV_ROMTest.log
  mpmc_pl172/verification/verilog/Mpmc_rtl/Mpmc_rtl_LDV_WrProtTest.log
  mpmc_pl172/verification/verilog/Mpmc_rtl/Mpmc_rtl_LDV_Arb3DyStWrRd.log
  mpmc_pl172/verification/verilog/Mpmc_rtl/Mpmc_rtl_modelsim_MultiPortPgAccessTest4.log
  mpmc_pl172/verification/verilog/Mpmc_rtl/Mpmc_rtl_LDV_DyHburstClkRatTB7Test.log
  mpmc_pl172/verification/verilog/Mpmc_rtl/Mpmc_rtl_modelsim_CornerCases5.log
  mpmc_pl172/verification/verilog/Mpmc_rtl/Mpmc_rtl_LDV_MultiPortPgAccessTest5.log
  mpmc_pl172/verification/verilog/Mpmc_rtl/Mpmc_rtl_LDV_AddrToggleTest.log
  mpmc_pl172/verification/verilog/Mpmc_rtl/Mpmc_rtl_LDV_DyHburstTestTB5.log
  mpmc_pl172/verification/verilog/Mpmc_rtl/Mpmc_rtl_LDV_ClkEnableTest.log
  mpmc_pl172/verification/verilog/Mpmc_rtl/Mpmc_rtl_LDV_MultiPortDiffComb7.log
  mpmc_pl172/verification/verilog/Mpmc_rtl/Mpmc_rtl_LDV_Arb2DyWrRd.log
  mpmc_pl172/verification/verilog/Mpmc_rtl/Mpmc_rtl_modelsim_Arb3DyStWrRd.log
  mpmc_pl172/verification/verilog/Mpmc_rtl/Mpmc_rtl_LDV_RefreshMissTest.log
  mpmc_pl172/verification/verilog/Mpmc_rtl/Mpmc_rtl_LDV_LatencyTest6_1.log
  mpmc_pl172/verification/verilog/Mpmc_rtl/Mpmc_rtl_LDV_MemBGntTest.log
  mpmc_pl172/verification/verilog/Mpmc_rtl/Mpmc_rtl_modelsim_SyncFlashCmdDelTest.log
  mpmc_pl172/verification/verilog/Mpmc_rtl/Mpmc_rtl_LDV_RandomTest1.log
  mpmc_pl172/verification/verilog/Mpmc_rtl/Mpmc_rtl_modelsim_MultiPortDiffComb5.log
  mpmc_pl172/verification/verilog/Mpmc_rtl/Mpmc_rtl_LDV_MultiPortDiffComb1.log
  mpmc_pl172/verification/verilog/Mpmc_rtl/Mpmc_rtl_LDV_DyHburstTest1.log
  mpmc_pl172/verification/verilog/Mpmc_rtl/Mpmc_rtl_LDV_DyHburstTestTB10.log
  mpmc_pl172/verification/verilog/Mpmc_rtl/Mpmc_rtl_modelsim_AHBLockIdleInsertTest1.log
  mpmc_pl172/verification/verilog/Mpmc_rtl/Mpmc_rtl_LDV_RandHburstTest.log
  mpmc_pl172/verification/verilog/Mpmc_rtl/Mpmc_rtl_LDV_AHBLockIdleInsertTest2.log
  mpmc_pl172/verification/verilog/Mpmc_rtl/Mpmc_rtl_LDV_CornerCases6.log
  mpmc_pl172/verification/verilog/Mpmc_rtl/Mpmc_rtl_modelsim_MultiPortWrProtTest.log
  mpmc_pl172/verification/verilog/Mpmc_rtl/Mpmc_rtl_modelsim_LatencyTest4_2.log
  mpmc_pl172/verification/verilog/Mpmc_rtl/Mpmc_rtl_LDV_BusyInsertionTest.log
  mpmc_pl172/verification/verilog/Mpmc_rtl/Mpmc_rtl_modelsim_LatencyTest3_1.log
  mpmc_pl172/verification/verilog/Mpmc_rtl/Mpmc_rtl_LDV_MpmcRegisterTests.log
  mpmc_pl172/verification/verilog/Mpmc_rtl/Mpmc_rtl_LDV_DyHburstClkRatTB9Test.log
  mpmc_pl172/verification/verilog/Mpmc_rtl/Mpmc_rtl_LDV_Arb4DyWrRdClkRat.log
  mpmc_pl172/verification/verilog/Mpmc_rtl/Mpmc_rtl_LDV_ControllerBusyTest.log
  mpmc_pl172/verification/verilog/Mpmc_rtl/Mpmc_rtl_modelsim_DyHburstTestTB7.log
  mpmc_pl172/verification/verilog/Mpmc_rtl/Mpmc_rtl_modelsim_MultiPortPgAccessTest5.log
  mpmc_pl172/verification/verilog/Mpmc_rtl/Mpmc_rtl_modelsim_CornerCases6.log
  mpmc_pl172/verification/verilog/Mpmc_rtl/Mpmc_rtl_LDV_HburstTest.log
  mpmc_pl172/verification/verilog/Mpmc_rtl/Mpmc_rtl_modelsim_SdramInitRtnChk.log
  mpmc_pl172/verification/verilog/Mpmc_rtl/Mpmc_rtl_LDV_StWtPgBufEnTest.log
  mpmc_pl172/verification/verilog/Mpmc_rtl/Mpmc_rtl_modelsim_LowPwrModeTest.log
  mpmc_pl172/verification/verilog/Mpmc_rtl/Mpmc_rtl_modelsim_StWtPgTest.log
  mpmc_pl172/verification/verilog/Mpmc_rtl/Mpmc_rtl_modelsim_Arb3DyWrRd.log
  mpmc_pl172/verification/verilog/Mpmc_rtl/Mpmc_rtl_modelsim_Arb2CornerCase4.log
  mpmc_pl172/verification/verilog/Mpmc_rtl/Mpmc_rtl_LDV_Arb3StWrRd.log
  mpmc_pl172/verification/verilog/Mpmc_rtl/Mpmc_rtl_LDV_MultiPortDiffComb8.log
  mpmc_pl172/verification/verilog/Mpmc_rtl/Mpmc_rtl_LDV_MPMCEnableTest.log
  mpmc_pl172/verification/verilog/Mpmc_rtl/Mpmc_rtl_modelsim_HResetTest.log
  mpmc_pl172/verification/verilog/Mpmc_rtl/Mpmc_rtl_LDV_LatencyTest6_2.log
  mpmc_pl172/verification/verilog/Mpmc_rtl/Mpmc_rtl_modelsim_RandHburstTest1.log
  mpmc_pl172/verification/verilog/Mpmc_rtl/Mpmc_rtl_LDV_Arb4DyStWrRd.log
  mpmc_pl172/verification/verilog/Mpmc_rtl/Mpmc_rtl_LDV_LatencyTest5_1.log
  mpmc_pl172/verification/verilog/Mpmc_rtl/Mpmc_rtl_LDV_SyncFlashCmdDelTest.log
  mpmc_pl172/verification/verilog/Mpmc_rtl/Mpmc_rtl_modelsim_MultiPortDiffComb6.log
  mpmc_pl172/verification/verilog/Mpmc_rtl/Mpmc_rtl_LDV_MultiPortDiffComb2.log
  mpmc_pl172/verification/verilog/Mpmc_rtl/Mpmc_rtl_LDV_DyHburstTest2.log
  mpmc_pl172/verification/verilog/Mpmc_rtl/Mpmc_rtl_modelsim_AHBLockIdleInsertTest2.log
  mpmc_pl172/verification/verilog/Mpmc_rtl/Mpmc_rtl_LDV_MultiPortPgAccessTest.log
  mpmc_pl172/verification/verilog/Mpmc_rtl/Mpmc_rtl_LDV_ExdWaitDelTest.log
  mpmc_pl172/verification/verilog/Mpmc_rtl/Mpmc_rtl_LDV_CornerCases7.log
  mpmc_pl172/verification/verilog/Mpmc_rtl/Mpmc_rtl_modelsim_Arb4DyStWrRd.log
  mpmc_pl172/verification/verilog/Mpmc_rtl/Mpmc_rtl_LDV_MultiPortWrProtTest.log
  mpmc_pl172/verification/verilog/Mpmc_rtl/Mpmc_rtl_modelsim_IntegrationTest.log
  mpmc_pl172/verification/verilog/Mpmc_rtl/Mpmc_rtl_LDV_TransferTest.log
  mpmc_pl172/verification/verilog/Mpmc_rtl/Mpmc_rtl_modelsim_LatencyTest3_2.log
  mpmc_pl172/verification/verilog/Mpmc_rtl/Mpmc_rtl_LDV_MemModelPgROMTest.log
  mpmc_pl172/verification/verilog/Mpmc_rtl/Mpmc_rtl_modelsim_SyncFlashTest.log
  mpmc_pl172/verification/verilog/Mpmc_rtl/Mpmc_rtl_modelsim_DyHburstClkRatTB8Test.log
  mpmc_pl172/verification/verilog/Mpmc_rtl/Mpmc_rtl_modelsim_DyHburstTestTB8.log
  mpmc_pl172/verification/verilog/Mpmc_rtl/Mpmc_rtl_modelsim_CSPolarityTest.log
  mpmc_pl172/verification/verilog/Mpmc_rtl/Mpmc_rtl_LDV_BigEndianPinTest.log
  mpmc_pl172/verification/verilog/Mpmc_rtl/Mpmc_rtl_modelsim_MemModelROMTest.log
  mpmc_pl172/verification/verilog/Mpmc_rtl/Mpmc_rtl_modelsim_BusyInsertionTest.log
  mpmc_pl172/verification/verilog/Mpmc_rtl/Mpmc_rtl_LDV_CornerCases1.log
  mpmc_pl172/verification/verilog/Mpmc_rtl/Mpmc_rtl_modelsim_SelRefPriorityTest.log
  mpmc_pl172/verification/verilog/Mpmc_rtl/Mpmc_rtl_modelsim_CornerCases7.log
  mpmc_pl172/verification/verilog/Mpmc_rtl/Mpmc_rtl_LDV_Rel1HburstTest.log
  mpmc_pl172/verification/verilog/Mpmc_rtl/Mpmc_rtl_modelsim_DelayValueTests.log
  mpmc_pl172/verification/verilog/Mpmc_rtl/Mpmc_rtl_modelsim_MemModelStPgModeTest.log
  mpmc_pl172/verification/verilog/Mpmc_rtl/Mpmc_rtl_modelsim_MpmcRegisterTests.log
  mpmc_pl172/verification/verilog/Mpmc_rtl/Mpmc_rtl_modelsim_BusDegrantTest.log
  mpmc_pl172/verification/verilog/Mpmc_rtl/Mpmc_rtl_modelsim_Arb4StWrRd.log
  mpmc_pl172/verification/verilog/Mpmc_rtl/Mpmc_rtl_LDV_Arb4IdleBusy.log
  mpmc_pl172/verification/verilog/Mpmc_rtl/Mpmc_rtl_modelsim_TransferTest.log
  mpmc_pl172/verification/verilog/Mpmc_rtl/Mpmc_rtl_LDV_DyHburstTestTB7.log
  mpmc_pl172/verification/verilog/Mpmc_rtl/Mpmc_rtl_modelsim_CornerCases1.log
  mpmc_pl172/verification/verilog/Mpmc_rtl/Mpmc_rtl_modelsim_RandHburstTest2.log
  mpmc_pl172/verification/verilog/Mpmc_rtl/Mpmc_rtl_LDV_SdramInitRtnChk.log
  mpmc_pl172/verification/verilog/Mpmc_rtl/Mpmc_rtl_LDV_MultiPortPgAccessTest1.log
  mpmc_pl172/verification/verilog/Mpmc_rtl/Mpmc_rtl_LDV_LatencyTest5_2.log
  mpmc_pl172/verification/verilog/Mpmc_rtl/Mpmc_rtl_modelsim_Arb4IdleBusy.log
  mpmc_pl172/verification/verilog/Mpmc_rtl/Mpmc_rtl_LDV_Arb2CornerCase4.log
  mpmc_pl172/verification/verilog/Mpmc_rtl/Mpmc_rtl_modelsim_SelfRefChk.log
  mpmc_pl172/verification/verilog/Mpmc_rtl/Mpmc_rtl_LDV_LatencyTest4_1.log
  mpmc_pl172/verification/verilog/Mpmc_rtl/Mpmc_rtl_modelsim_MultiPortDiffComb7.log
  mpmc_pl172/verification/verilog/Mpmc_rtl/Mpmc_rtl_LDV_StWtPgTest.log
  mpmc_pl172/verification/verilog/Mpmc_rtl/Mpmc_rtl_LDV_MultiPortDiffComb3.log
  mpmc_pl172/verification/verilog/Mpmc_rtl/Mpmc_rtl_modelsim_LatencyTest10.log
  mpmc_pl172/verification/verilog/Mpmc_rtl/Mpmc_rtl_LDV_Arb3DyWrRd.log
  mpmc_pl172/verification/verilog/Mpmc_rtl/Mpmc_rtl_LDV_LatencyTest7.log
  mpmc_pl172/verification/verilog/Mpmc_rtl/Mpmc_rtl_LDV_RandHburstTest1.log
  mpmc_pl172/verification/verilog/Mpmc_rtl/Mpmc_rtl_LDV_HResetTest.log
  mpmc_pl172/verification/verilog/Mpmc_rtl/Mpmc_rtl_modelsim_DyHburstTestTB10.log
  mpmc_pl172/verification/verilog/Mpmc_rtl/Mpmc_rtl_LDV_CornerCases8.log
  mpmc_pl172/verification/verilog/Mpmc_rtl/Mpmc_rtl_modelsim_MultiPortDiffComb1.log
  mpmc_pl172/verification/verilog/Mpmc_rtl/Mpmc_rtl_LDV_LatencyTest1.log
  mpmc_pl172/verification/verilog/Mpmc_rtl/Mpmc_rtl_modelsim_LatencyTest7.log
  mpmc_pl172/verification/verilog/Mpmc_rtl/Mpmc_rtl_LDV_BLSDelayValueTests.log
  mpmc_pl172/verification/verilog/Mpmc_rtl/Mpmc_rtl_modelsim_DyHburstTestTB9.log
  mpmc_pl172/verification/verilog/Mpmc_rtl/Mpmc_rtl_LDV_MemModelHburstTest.log
  mpmc_pl172/verification/verilog/Mpmc_rtl/Mpmc_rtl_LDV_CornerCases2.log
  mpmc_pl172/verification/verilog/Mpmc_rtl/Mpmc_rtl_modelsim_Arb4DyWrRdClkRat.log
  mpmc_pl172/verification/verilog/Mpmc_rtl/Mpmc_rtl_modelsim_CornerCases8.log
  mpmc_pl172/verification/verilog/Mpmc_rtl/Mpmc_rtl_LDV_IntegrationTest.log
  mpmc_pl172/verification/verilog/Mpmc_rtl/Mpmc_rtl_modelsim_MemModelPgROMTest.log
  mpmc_pl172/verification/verilog/Mpmc_rtl/Mpmc_rtl_LDV_Arb2HMastLockTest.log
  mpmc_pl172/verification/verilog/Mpmc_rtl/Mpmc_rtl_modelsim_LatencyTest1.log
  mpmc_pl172/verification/verilog/Mpmc_rtl/Mpmc_rtl_modelsim_ControllerBusyTest.log
  mpmc_pl172/verification/verilog/Mpmc_rtl/Mpmc_rtl_LDV_DyHburstTestTB8.log
  mpmc_pl172/verification/verilog/Mpmc_rtl/Mpmc_rtl_LDV_AddrMirrTest.log
  mpmc_pl172/verification/verilog/Mpmc_rtl/Mpmc_rtl_LDV_MemModelROMTest.log
  mpmc_pl172/verification/verilog/Mpmc_rtl/Mpmc_rtl_modelsim_MultiPortPgAccessTest1.log
  mpmc_pl172/verification/verilog/Mpmc_rtl/Mpmc_rtl_LDV_DelayValueTests.log
  mpmc_pl172/verification/verilog/Mpmc_rtl/Mpmc_rtl_modelsim_CornerCases2.log
  mpmc_pl172/verification/verilog/Mpmc_rtl/Mpmc_rtl_LDV_LowPwrSdramFunTest.log
  mpmc_pl172/verification/verilog/Mpmc_rtl/Mpmc_rtl_LDV_BigEndHburstTest.log
  mpmc_pl172/verification/verilog/Mpmc_rtl/Mpmc_rtl_LDV_MultiPortPgAccessTest2.log
  mpmc_pl172/verification/verilog/Mpmc_rtl/Mpmc_rtl_modelsim_Arb4DyWrRd.log
  mpmc_pl172/verification/verilog/Mpmc_rtl/Mpmc_rtl_LDV_LatencyTest4_2.log
  mpmc_pl172/verification/verilog/Mpmc_rtl/Mpmc_rtl_LDV_Arb4StWrRd.log
  mpmc_pl172/verification/verilog/Mpmc_rtl/Mpmc_rtl_modelsim_MultiPortDiffComb8.log
  mpmc_pl172/verification/verilog/Mpmc_rtl/Mpmc_rtl_LDV_MultiPortDiffComb4.log
  mpmc_pl172/verification/verilog/Mpmc_rtl/Mpmc_rtl_LDV_LatencyTest3_1.log
  mpmc_pl172/verification/verilog/Mpmc_rtl/Mpmc_rtl_LDV_LatencyTest8.log
  mpmc_pl172/verification/verilog/Mpmc_rtl/Mpmc_rtl_modelsim_AddrMirrTest.log
  mpmc_pl172/verification/verilog/Mpmc_rtl/Mpmc_rtl_LDV_DyHburstClkRatTB8Test.log
  mpmc_pl172/verification/verilog/Mpmc_rtl/Mpmc_rtl_LDV_RandHburstTest2.log
  mpmc_pl172/verification/verilog/Mpmc_rtl/Mpmc_rtl_modelsim_RefFreqChk.log
  mpmc_pl172/verification/verilog/Mpmc_rtl/Mpmc_rtl_modelsim_MultiPortDiffComb2.log
  mpmc_pl172/verification/verilog/Mpmc_rtl/Mpmc_rtl_modelsim_AddrToggleTest.log
  mpmc_pl172/verification/verilog/Mpmc_rtl/Mpmc_rtl_modelsim_Arb2StWrRd.log
  mpmc_pl172/verification/verilog/Mpmc_rtl/Mpmc_rtl_LDV_LowPwrModeTest.log
  mpmc_pl172/verification/verilog/Mpmc_rtl/Mpmc_rtl_LDV_LatencyTest2.log
  mpmc_pl172/verification/verilog/Mpmc_rtl/Mpmc_rtl_LDV_SelfRefChk.log
  mpmc_pl172/verification/verilog/Mpmc_rtl/Mpmc_rtl_modelsim_LatencyTest8.log
  mpmc_pl172/verification/verilog/Mpmc_rtl/Mpmc_rtl_LDV_DirectDyDtFtchTest.log
  mpmc_pl172/verification/verilog/Mpmc_rtl/Mpmc_rtl_modelsim_LatencyTest6_1.log
  mpmc_pl172/verification/verilog/Mpmc_rtl/Mpmc_rtl_LDV_CornerCases3.log
  mpmc_pl172/verification/verilog/Mpmc_rtl/Mpmc_rtl_modelsim_ClkCtrlTest.log
  mpmc_pl172/verification/verilog/Mpmc_rtl/Mpmc_rtl_LDV_SyncFlashTest.log
  mpmc_pl172/verification/verilog/Mpmc_rtl/Mpmc_rtl_modelsim_BigEndianPinTest.log
  mpmc_pl172/verification/verilog/Mpmc_rtl/Mpmc_rtl_modelsim_LatencyTest2.log
  mpmc_pl172/verification/verilog/Mpmc_rtl/Mpmc_rtl_LDV_DyHburstTestTB9.log
  mpmc_pl172/verification/verilog/Mpmc_rtl/Mpmc_rtl_modelsim_RandHburstTest.log
  mpmc_pl172/verification/verilog/Mpmc_rtl/Mpmc_rtl_modelsim_Arb2HMastLockTest.log
  mpmc_pl172/verification/verilog/Mpmc_rtl/Mpmc_rtl_modelsim_MultiPortPgAccessTest2.log
  mpmc_pl172/verification/verilog/Mpmc_rtl/Mpmc_rtl_modelsim_EndiannessTests.log
  mpmc_pl172/verification/verilog/Mpmc_rtl/Mpmc_rtl_modelsim_CornerCases3.log
  mpmc_pl172/verification/verilog/Mpmc_rtl/Mpmc_rtl_modelsim_ClkEnableTest.log
  mpmc_pl172/verification/verilog/Mpmc_rtl/Mpmc_rtl_modelsim_DyHburstCmdDelTest1.log
  mpmc_pl172/verification/verilog/Mpmc_rtl/Mpmc_rtl_LDV_MultiPortPgAccessTest3.log
  mpmc_pl172/verification/verilog/Mpmc_rtl/Mpmc_rtl_LDV_MemModelStPgModeTest.log
  mpmc_pl172/verification/verilog/Mpmc_rtl/Mpmc_rtl_LDV_RdRefAlnTest.log
  mpmc_pl172/verification/verilog/Mpmc_rtl/Mpmc_rtl_modelsim_ROMTest.log
  mpmc_pl172/verification/verilog/Mpmc_rtl/Mpmc_rtl_LDV_MultiPortDiffComb5.log
  mpmc_pl172/verification/verilog/Mpmc_rtl/Mpmc_rtl_LDV_LatencyTest9.log
  mpmc_pl172/verification/verilog/Mpmc_rtl/Mpmc_rtl_LDV_LatencyTest3_2.log
  mpmc_pl172/verification/verilog/Mpmc_rtl/Mpmc_rtl_modelsim_POResetTest.log
  mpmc_pl172/verification/verilog/Mpmc_rtl/Mpmc_rtl_modelsim_DyHburstClkRatTB7Test.log
  mpmc_pl172/verification/verilog/Mpmc_rtl/Mpmc_rtl_modelsim_DyHburstTest1.log
  mpmc_pl172/verification/verilog/Mpmc_rtl/Mpmc_rtl_LDV_CSPolarityTest.log
  mpmc_pl172/verification/verilog/Mpmc_rtl/Mpmc_rtl_LDV_LatencyTest10.log
  mpmc_pl172/verification/verilog/Mpmc_rtl/Mpmc_rtl_modelsim_RdRefAlnTest.log
  mpmc_pl172/verification/verilog/Mpmc_rtl/Mpmc_rtl_modelsim_MultiPortDiffComb3.log
  mpmc_pl172/verification/verilog/Mpmc_rtl/Mpmc_rtl_LDV_BusDegrantTest.log
  mpmc_pl172/verification/verilog/Mpmc_rtl/Mpmc_rtl_LDV_Arb4DyWrRd.log
  mpmc_pl172/verification/verilog/Mpmc_rtl/Mpmc_rtl_modelsim_MPMCEnableTest.log
  mpmc_pl172/verification/verilog/Mpmc_rtl/Mpmc_rtl_modelsim_LatencyTest9.log
  mpmc_pl172/verification/verilog/Mpmc_rtl/Mpmc_rtl_LDV_Arb2DyStWrRd.log
  mpmc_pl172/verification/verilog/Mpmc_rtl/Mpmc_rtl_modelsim_WrProtTest.log
  mpmc_pl172/verification/verilog/Mpmc_rtl/Mpmc_rtl_modelsim_LatencyTest6_2.log
  mpmc_pl172/verification/verilog/Mpmc_rtl/Mpmc_rtl_modelsim_LatencyTest5_1.log
  mpmc_pl172/verification/verilog/Mpmc_rtl/Mpmc_rtl_LDV_CornerCases4.log
  mpmc_pl172/verification/verilog/Mpmc_rtl/Mpmc_rtl_LDV_RefFreqChk.log
  mpmc_pl172/verification/verilog/Mpmc_rtl/Mpmc_rtl_modelsim_Arb2DyWrRd.log
  mpmc_pl172/verification/verilog/Mpmc_rtl/Mpmc_rtl_modelsim_MemBGntTest.log
  mpmc_pl172/verification/verilog/Mpmc_rtl/Mpmc_rtl_modelsim_BLSDelayValueTests.log
  mpmc_pl172/verification/verilog/Mpmc_rtl/Mpmc_rtl_modelsim_Arb2DyStWrRd.log
  mpmc_pl172/verification/verilog/Mpmc_rtl/Mpmc_rtl_modelsim_ExdWaitDelTest.log
  mpmc_pl172/verification/verilog/Mpmc_rtl/Mpmc_rtl_LDV_Arb2StWrRd.log
  mpmc_pl172/verification/verilog/Mpmc_rtl/Mpmc_rtl_modelsim_RandomTest1.log
  mpmc_pl172/verification/verilog/Mpmc_rtl/Mpmc_rtl_modelsim_MemModelHburstTest.log
  mpmc_pl172/verification/verilog/Mpmc_rtl/Mpmc_rtl_modelsim_DyHburstTestTB5.log
  mpmc_pl172/verification/verilog/Mpmc_rtl/Mpmc_rtl_modelsim_MultiPortPgAccessTest3.log
  mpmc_pl172/verification/verilog/Mpmc_rtl/Mpmc_rtl_modelsim_CornerCases4.log
  mpmc_pl172/verification/verilog/Mpmc_rtl/Mpmc_rtl_LDV_DyHburstCmdDelTest1.log
  mpmc_pl172/verification/verilog/Mpmc_rtl/Mpmc_rtl_modelsim_RefreshMissTest.log
  mpmc_pl172/verification/verilog/Mpmc_rtl/Mpmc_rtl_LDV_MultiPortPgAccessTest4.log
  mpmc_pl172/verification/verilog/Mpmc_rtl/Mpmc_rtl_modelsim_DyHburstClkRatTB9Test.log
  mpmc_pl172/verification/verilog/Mpmc_rtl/Mpmc_rtl_modelsim_BigEndHburstTest.log
  mpmc_pl172/verification/verilog/Mpmc_rtl/Mpmc_rtl_LDV_MultiPortDiffComb6.log
  mpmc_pl172/verification/verilog/Mpmc_rtl/Mpmc_rtl_LDV_ClkCtrlTest.log
  mpmc_pl172/verification/verilog/Mpmc_rtl/Mpmc_rtl_LDV_EndiannessTests.log
  mpmc_pl172/verification/verilog/Mpmc_rtl/Mpmc_rtl_modelsim_LowPwrSdramFunTest.log
  mpmc_pl172/verification/verilog/Mpmc_rtl/Mpmc_rtl_modelsim_Rel1HburstTest.log
  mpmc_pl172/verification/verilog/Mpmc_rtl/Mpmc_rtl_modelsim_DyHburstTest2.log
  mpmc_pl172/verification/verilog/Mpmc_rtl/Mpmc_rtl_modelsim_MultiPortDiffComb4.log
  mpmc_pl172/verification/verilog/Mpmc_rtl/Mpmc_rtl_LDV_AHBLockIdleInsertTest1.log
  mpmc_pl172/verification/verilog/Mpmc_rtl/Mpmc_rtl_modelsim_HburstTest.log
  mpmc_pl172/verification/verilog/Mpmc_rtl/Mpmc_rtl_modelsim_LatencyTest5_2.log
  mpmc_pl172/verification/verilog/Mpmc_rtl/Mpmc_rtl_LDV_CornerCases5.log
  mpmc_pl172/verification/verilog/Mpmc_rtl/Mpmc_rtl_modelsim_LatencyTest4_1.log
  mpmc_pl172/verification/verilog/Mpmc_rtl/Mpmc_rtl_LDV_SelRefPriorityTest.log
  mpmc_pl172/verification/verilog/Mpmc_rtl/Mpmc_rtl_modelsim_Arb3StWrRd.log
  mpmc_pl172/verification/verilog/tbench/
  mpmc_pl172/verification/verilog/tbench/.denalirc
  mpmc_pl172/verification/verilog/tbench/mt5c2568_20.v
  mpmc_pl172/verification/verilog/tbench/mt5c2568_12.v
  mpmc_pl172/verification/verilog/tbench/vxl5_LDV.files
  mpmc_pl172/verification/verilog/tbench/mt48lc1m16a1_6s.v
  mpmc_pl172/verification/verilog/tbench/sst37vf020_90.v
  mpmc_pl172/verification/verilog/tbench/hm5225325f_b60.v
  mpmc_pl172/verification/verilog/tbench/mt28f002b3vg_9b.v
  mpmc_pl172/verification/verilog/tbench/buswmaster_pck.v
  mpmc_pl172/verification/verilog/tbench/k6r1016v1c_12.v
  mpmc_pl172/verification/verilog/tbench/hm5212805f_75.v
  mpmc_pl172/verification/verilog/tbench/tbench7.v
  mpmc_pl172/verification/verilog/tbench/vxl13_LDV.files
  mpmc_pl172/verification/verilog/tbench/SimMakefile_modelsim.mk
  mpmc_pl172/verification/verilog/tbench/decoder.v
  mpmc_pl172/verification/verilog/tbench/vxl8_LDV.files
  mpmc_pl172/verification/verilog/tbench/tbench9.v
  mpmc_pl172/verification/verilog/tbench/am29pl320db_90.v
  mpmc_pl172/verification/verilog/tbench/I28f320w18b_70.v
  mpmc_pl172/verification/verilog/tbench/vxl_LDV.files
  mpmc_pl172/verification/verilog/tbench/timing.v
  mpmc_pl172/verification/verilog/tbench/buswatchmaster.v
  mpmc_pl172/verification/verilog/tbench/ahbslave_tb1.v
  mpmc_pl172/verification/verilog/tbench/mt48lc8m16a2_7e.v
  mpmc_pl172/verification/verilog/tbench/upd4516821g5.v
  mpmc_pl172/verification/verilog/tbench/mt48lc2m32b2_6.v
  mpmc_pl172/verification/verilog/tbench/mt28f004b5_6t1.v
  mpmc_pl172/verification/verilog/tbench/vxl3_LDV.files
  mpmc_pl172/verification/verilog/tbench/hm5264805f_75.v
  mpmc_pl172/verification/verilog/tbench/mt48lc32m16a2_75.v
  mpmc_pl172/verification/verilog/tbench/mt48lc16m8a2_75.v
  mpmc_pl172/verification/verilog/tbench/tbench2.v
  mpmc_pl172/verification/verilog/tbench/ahbslave_tb3.v
  mpmc_pl172/verification/verilog/tbench/vxl11_LDV.files
  mpmc_pl172/verification/verilog/tbench/mt28f002b3vg.v
  mpmc_pl172/verification/verilog/tbench/vxl6_LDV.files
  mpmc_pl172/verification/verilog/tbench/am29pl320dt_60r.v
  mpmc_pl172/verification/verilog/tbench/tbench4.v
  mpmc_pl172/verification/verilog/tbench/k6t8016c3m_55.v
  mpmc_pl172/verification/verilog/tbench/mt48lc4m16a2_75.v
  mpmc_pl172/verification/verilog/tbench/tbench11.v
  mpmc_pl172/verification/verilog/tbench/m27w201_80.v
  mpmc_pl172/verification/verilog/tbench/vxl9_LDV.files
  mpmc_pl172/verification/verilog/tbench/mt48lc8m8a2_7e.v
  mpmc_pl172/verification/verilog/tbench/at27lv040a_15.v
  mpmc_pl172/verification/verilog/tbench/tbench6.v
  mpmc_pl172/verification/verilog/tbench/mt28s4m16lc_10.v
  mpmc_pl172/verification/verilog/tbench/at27lv040a_90.v
  mpmc_pl172/verification/verilog/tbench/SimMakefile_LDV.mk
  mpmc_pl172/verification/verilog/tbench/tbench13.v
  mpmc_pl172/verification/verilog/tbench/timingmaster.v
  mpmc_pl172/verification/verilog/tbench/k3p9vu1000m_3_0v.v
  mpmc_pl172/verification/verilog/tbench/vxl1_LDV.files
  mpmc_pl172/verification/verilog/tbench/defslave.v
  mpmc_pl172/verification/verilog/tbench/hm5225805b_75.v
  mpmc_pl172/verification/verilog/tbench/tbench8.v
  mpmc_pl172/verification/verilog/tbench/mt28s4m16lc_12.v
  mpmc_pl172/verification/verilog/tbench/vxl4_LDV.files
  mpmc_pl172/verification/verilog/tbench/x28c256_15.v
  mpmc_pl172/verification/verilog/tbench/hm5257805b_a6.v
  mpmc_pl172/verification/verilog/tbench/mt48lc4m32b2_6.v
  mpmc_pl172/verification/verilog/tbench/k6r4016c1c_10.v
  mpmc_pl172/verification/verilog/tbench/ahbslave_tb0.v
  mpmc_pl172/verification/verilog/tbench/mt48lc16m16a2_75.v
  mpmc_pl172/verification/verilog/tbench/k6r1016v1c_15.v
  mpmc_pl172/verification/verilog/tbench/hm5212165f_75a.v
  mpmc_pl172/verification/verilog/tbench/vxl12_LDV.files
  mpmc_pl172/verification/verilog/tbench/Int28f800f3b95.v
  mpmc_pl172/verification/verilog/tbench/makefile
  mpmc_pl172/verification/verilog/tbench/mt48lc2m32lffc_8.v
  mpmc_pl172/verification/verilog/tbench/k3n9vu1000m.v
  mpmc_pl172/verification/verilog/tbench/vxl7_LDV.files
  mpmc_pl172/verification/verilog/tbench/k4s561632a_75.v
  mpmc_pl172/verification/verilog/tbench/tbench1.v
  mpmc_pl172/verification/verilog/tbench/k6r4016c1c_12.v
  mpmc_pl172/verification/verilog/tbench/tbench.v
  mpmc_pl172/verification/verilog/tbench/ahbslave_tb2.v
  mpmc_pl172/verification/verilog/tbench/k3p9vu1000m_3.0v.v
  mpmc_pl172/verification/verilog/tbench/README
  mpmc_pl172/verification/verilog/tbench/Int28f800f3b115.v
  mpmc_pl172/verification/verilog/tbench/mt28f004b5_6t2.v
  mpmc_pl172/verification/verilog/tbench/k4s281632c_75.v
  mpmc_pl172/verification/verilog/tbench/k4s643232c_60.v
  mpmc_pl172/verification/verilog/tbench/k3p9vu1000m_3_3v.v
  mpmc_pl172/verification/verilog/tbench/at27lv040a_12.v
  mpmc_pl172/verification/verilog/tbench/tbench3.v
  mpmc_pl172/verification/verilog/tbench/k6t8016c3m_70.v
  mpmc_pl172/verification/verilog/tbench/tbench10.v
  mpmc_pl172/verification/verilog/tbench/hyb25l128800ac.v
  mpmc_pl172/verification/verilog/tbench/mt28f004b5_8b_et.v
  mpmc_pl172/verification/verilog/tbench/vxl2_LDV.files
  mpmc_pl172/verification/verilog/tbench/k4s641632d_60.v
  mpmc_pl172/verification/verilog/tbench/mt28f400b5sg_8t.v
  mpmc_pl172/verification/verilog/tbench/tbench5.v
  mpmc_pl172/verification/verilog/tbench/vxl10_LDV.files
  mpmc_pl172/verification/verilog/tbench/hm5264165f_75.v
  mpmc_pl172/verification/verilog/tbench/tbench12.v
  mpmc_pl172/verification/verilog/Mpmc_scaninsert_verilog_net_typ/
  mpmc_pl172/verification/verilog/Mpmc_scaninsert_verilog_net_typ/vxl4_LDV.files
  mpmc_pl172/verification/verilog/Mpmc_scaninsert_verilog_net_typ/Mpmc_scaninsert_verilog_verilog_net_typ_LDV_MpmcRegisterTests.log
  mpmc_pl172/verification/verilog/Mpmc_scaninsert_verilog_net_typ/vxl7_LDV.files
  mpmc_pl172/verification/verilog/Mpmc_scaninsert_verilog_net_typ/vxl11_LDV.files
  mpmc_pl172/verification/verilog/Mpmc_scaninsert_verilog_net_typ/makefile
  mpmc_pl172/verification/verilog/Mpmc_scaninsert_verilog_net_typ/vxl_LDV.files
  mpmc_pl172/verification/verilog/Mpmc_scaninsert_verilog_net_typ/vxl2_LDV.files
  mpmc_pl172/verification/verilog/Mpmc_scaninsert_verilog_net_typ/Mpmc_scaninsert_verilog_verilog_net_typ_LDV_DyHburstTest1.log
  mpmc_pl172/verification/verilog/Mpmc_scaninsert_verilog_net_typ/vxl5_LDV.files
  mpmc_pl172/verification/verilog/Mpmc_scaninsert_verilog_net_typ/vxl8_LDV.files
  mpmc_pl172/verification/verilog/Mpmc_scaninsert_verilog_net_typ/vxl12_LDV.files
  mpmc_pl172/verification/verilog/Mpmc_scaninsert_verilog_net_typ/vxl3_LDV.files
  mpmc_pl172/verification/verilog/Mpmc_scaninsert_verilog_net_typ/vxl6_LDV.files
  mpmc_pl172/verification/verilog/Mpmc_scaninsert_verilog_net_typ/vxl10_LDV.files
  mpmc_pl172/verification/verilog/Mpmc_scaninsert_verilog_net_typ/vxl9_LDV.files
  mpmc_pl172/verification/verilog/Mpmc_scaninsert_verilog_net_typ/SimMakefile_LDV.mk
  mpmc_pl172/verification/verilog/Mpmc_scaninsert_verilog_net_typ/vxl13_LDV.files
  mpmc_pl172/verification/verilog/Mpmc_scaninsert_verilog_net_typ/vxl1_LDV.files
  mpmc_pl172/verification/verilog/Mpmc_noscan_vhdl_net_min/
  mpmc_pl172/verification/verilog/Mpmc_noscan_vhdl_net_min/SimMakefile_modelsim.mk
  mpmc_pl172/verification/verilog/Mpmc_noscan_vhdl_net_min/vxl1_LDV.files
  mpmc_pl172/verification/verilog/Mpmc_noscan_vhdl_net_min/vxl4_LDV.files
  mpmc_pl172/verification/verilog/Mpmc_noscan_vhdl_net_min/vxl7_LDV.files
  mpmc_pl172/verification/verilog/Mpmc_noscan_vhdl_net_min/vxl12_LDV.files
  mpmc_pl172/verification/verilog/Mpmc_noscan_vhdl_net_min/vxl_LDV.files
  mpmc_pl172/verification/verilog/Mpmc_noscan_vhdl_net_min/vxl2_LDV.files
  mpmc_pl172/verification/verilog/Mpmc_noscan_vhdl_net_min/vxl5_LDV.files
  mpmc_pl172/verification/verilog/Mpmc_noscan_vhdl_net_min/vxl10_LDV.files
  mpmc_pl172/verification/verilog/Mpmc_noscan_vhdl_net_min/vxl8_LDV.files
  mpmc_pl172/verification/verilog/Mpmc_noscan_vhdl_net_min/vxl13_LDV.files
  mpmc_pl172/verification/verilog/Mpmc_noscan_vhdl_net_min/Mpmc_noscan_vhdl_verilog_net_min_modelsim_DyHburstTest1.log
  mpmc_pl172/verification/verilog/Mpmc_noscan_vhdl_net_min/vxl3_LDV.files
  mpmc_pl172/verification/verilog/Mpmc_noscan_vhdl_net_min/vxl6_LDV.files
  mpmc_pl172/verification/verilog/Mpmc_noscan_vhdl_net_min/vxl11_LDV.files
  mpmc_pl172/verification/verilog/Mpmc_noscan_vhdl_net_min/Mpmc_noscan_vhdl_verilog_net_min_modelsim_MpmcRegisterTests.log
  mpmc_pl172/verification/verilog/Mpmc_noscan_vhdl_net_min/vxl9_LDV.files
  mpmc_pl172/verification/verilog/reader/
  mpmc_pl172/verification/verilog/reader/reader3.v
  mpmc_pl172/verification/verilog/reader/command_reader1.v
  mpmc_pl172/verification/verilog/reader/reader0.v
  mpmc_pl172/verification/verilog/reader/command_reader3.v
  mpmc_pl172/verification/verilog/reader/reader2.v
  mpmc_pl172/verification/verilog/reader/command_reader0.v
  mpmc_pl172/verification/verilog/reader/command_reader2.v
  mpmc_pl172/verification/verilog/reader/reader1.v
  mpmc_pl172/verification/verilog/trickbox/
  mpmc_pl172/verification/verilog/trickbox/MpmcTrRegBlk.v
  mpmc_pl172/verification/verilog/trickbox/MpmcTrMemArray.v
  mpmc_pl172/verification/verilog/trickbox/MpmcTrClkResGen.v
  mpmc_pl172/verification/verilog/trickbox/MpmcTrAhbif.v
  mpmc_pl172/verification/verilog/trickbox/makefile
  mpmc_pl172/verification/verilog/trickbox/MpmcTrMemRdWrCtl.v
  mpmc_pl172/verification/verilog/trickbox/MpmcTrMemAhbifReg.v
  mpmc_pl172/verification/verilog/trickbox/MpmcTrick.v
  mpmc_pl172/verification/verilog/trickbox/MpmcTrickMem.v
  mpmc_pl172/verification/verilog/trickbox/MpmcTrProChkr.v
  mpmc_pl172/verification/verilog/trickbox/MpmcTrParams.v
  mpmc_pl172/verification/verilog/trickbox/MpmcTrSnp.v
  mpmc_pl172/verification/verilog/README_SIM_ERR_MSG.txt
  mpmc_pl172/verification/verilog/common/
  mpmc_pl172/verification/verilog/common/makefile
  mpmc_pl172/verification/verilog/makefile
  mpmc_pl172/verification/verilog/bid/
  mpmc_pl172/verification/verilog/bid/makefile
  mpmc_pl172/verification/verilog/README_Denali
  mpmc_pl172/verification/verilog/buswatcher/
  mpmc_pl172/verification/verilog/buswatcher/makefile
  mpmc_pl172/verification/verilog/README
  mpmc_pl172/verification/verilog/vr/
  mpmc_pl172/verification/verilog/vr/makefile
  mpmc_pl172/verification/makefile
  global/
  global/LDV/
  global/LDV/vxl_tictalk_asb.files
  global/LDV/SimMakefile.mk
  global/LDV/RtlMakefile.mk
  global/LDV/vxl_tictalk_ahb.files
  global/LDV/vxl_bustalk_apb.files
  global/LDV/vxl_tictalk.files
  global/LDV/DirSimMakefile.mk
  global/LDV/vxl_bustalk.files
  global/LDV/vxl_bustalk_ahb.files
  global/LDV/DirMakefile.mk
  global/modelsim/
  global/modelsim/DirSimMakefile.mk
  global/modelsim/DirMakefile.mk
  global/modelsim/modelsim_tictalk.ini
  global/modelsim/modelsim_bustalk.ini
  global/modelsim/SimMakefile.mk
  global/modelsim/RtlMakefile.mk
  global/modelsim/modelsim.ini
  global/modelsim/libmap
  global/modelsim/init.do
  global/bustalk/
  global/bustalk/vhdl/
  global/bustalk/vhdl/common/
  global/bustalk/vhdl/common/countdown.vhd
  global/bustalk/vhdl/common/clockgen.vhd
  global/bustalk/vhdl/common/defs.vhd
  global/bustalk/vhdl/common/funcs.vhd
  global/bustalk/vhdl/buswatcher/
  global/bustalk/vhdl/buswatcher/buswatch.vhd
  global/bustalk/vhdl/buswatcher/busw_pck.vhd
  global/bustalk/vhdl/reader/
  global/bustalk/vhdl/reader/readline.vhd
  global/bustalk/vhdl/reader/reader.vhd
  global/bustalk/vhdl/bid/
  global/bustalk/vhdl/bid/data_driver.vhd
  global/bustalk/vhdl/bid/busline_drivers.vhd
  global/bustalk/vhdl/bid/reset_driver.vhd
  global/bustalk/vhdl/bid/penable_driver.vhd
  global/bustalk/vhdl/bid/addrctl_driver.vhd
  global/bustalk/vhdl/bid/buscyc_drivers.vhd
  global/bustalk/vhdl/vr/
  global/bustalk/vhdl/vr/viregcyc_drivers.vhd
  global/bustalk/vhdl/vr/vio_driver.vhd
  global/bustalk/vhdl/vr/vregbank.vhd
  global/bustalk/vhdl/vr/linedrv.vhd
  global/bustalk/vhdl/vr/reg.vhd
  global/bustalk/verilog/
  global/bustalk/verilog/bid/
  global/bustalk/verilog/bid/busline_drivers.v
  global/bustalk/verilog/bid/penable_driver.v
  global/bustalk/verilog/bid/addrctl_driver.v
  global/bustalk/verilog/bid/data_driver.v
  global/bustalk/verilog/bid/reset_driver.v
  global/bustalk/verilog/bid/buscyc_drivers.v
  global/bustalk/verilog/vr/
  global/bustalk/verilog/vr/linedrv.v
  global/bustalk/verilog/vr/vio_driver.v
  global/bustalk/verilog/vr/reg.v
  global/bustalk/verilog/vr/viregcyc_drivers.v
  global/bustalk/verilog/common/
  global/bustalk/verilog/common/defs.v
  global/bustalk/verilog/common/countdown.v
  global/bustalk/verilog/common/clockgen.v
  global/bustalk/verilog/buswatcher/
  global/bustalk/verilog/buswatcher/buswatch.v
  global/bustalk/verilog/reader/
  global/bustalk/verilog/reader/reader.v
  global/bustalk/verilog/reader/command_reader.v
  global/bustalk_apb/
  global/bustalk_apb/verilog/
  global/bustalk_apb/verilog/bid/
  global/bustalk_apb/verilog/bid/buscyc_drivers.v
  global/bustalk_apb/verilog/bid/data_driver.v
  global/bustalk_apb/verilog/bid/penable_driver.v
  global/bustalk_apb/verilog/bid/addrctl_driver.v
  global/bustalk_apb/verilog/bid/reset_driver.v
  global/bustalk_apb/verilog/bid/busline_drivers.v
  global/bustalk_apb/verilog/reader/
  global/bustalk_apb/verilog/reader/reader.v
  global/bustalk_apb/verilog/reader/command_reader.v
  global/bustalk_apb/verilog/vr/
  global/bustalk_apb/verilog/vr/reg.v
  global/bustalk_apb/verilog/vr/vio_driver.v
  global/bustalk_apb/verilog/vr/viregcyc_drivers.v
  global/bustalk_apb/verilog/vr/linedrv.v
  global/bustalk_apb/verilog/buswatcher/
  global/bustalk_apb/verilog/buswatcher/buswatch.v
  global/bustalk_apb/verilog/common/
  global/bustalk_apb/verilog/common/clockgen.v
  global/bustalk_apb/verilog/common/defs.v
  global/bustalk_apb/verilog/common/countdown.v
  global/bustalk_ahb/
  global/bustalk_ahb/verilog/
  global/bustalk_ahb/verilog/common/
  global/bustalk_ahb/verilog/common/clockgen.v
  global/bustalk_ahb/verilog/common/configmaster.v
  global/bustalk_ahb/verilog/common/funcs.v
  global/bustalk_ahb/verilog/common/countdown.v
  global/bustalk_ahb/verilog/common/funcsmaster.v
  global/bustalk_ahb/verilog/common/defs.v
  global/bustalk_ahb/verilog/buswatcher/
  global/bustalk_ahb/verilog/buswatcher/buswatch.v
  global/bustalk_ahb/verilog/reader/
  global/bustalk_ahb/verilog/reader/command_reader.v
  global/bustalk_ahb/verilog/reader/reader.v
  global/bustalk_ahb/verilog/vr/
  global/bustalk_ahb/verilog/vr/linedrv.v
  global/bustalk_ahb/verilog/vr/VIODriver.v
  global/bustalk_ahb/verilog/vr/Reg.v
  global/bustalk_ahb/verilog/vr/VRCycDrivers.v
  global/bustalk_ahb/verilog/bid/
  global/bustalk_ahb/verilog/bid/split.v
  global/bustalk_ahb/verilog/bid/cyc_drivers.v
  global/bustalk_ahb/verilog/bid/reset_driver.v

PL172-MN-22012-r2p3-00rel0:

  mpmc_pl172/
  mpmc_pl172/integration/
  mpmc_pl172/integration/verilog/
  mpmc_pl172/integration/verilog/tbench/
  mpmc_pl172/integration/verilog/tbench/.denalirc
  mpmc_pl172/integration/verilog/tbench/vxl_LDV.files
  mpmc_pl172/integration/verilog/tbench/README
  mpmc_pl172/integration/verilog/tbench/SimMakefile_modelsim.mk
  mpmc_pl172/integration/verilog/tbench/makefile
  mpmc_pl172/integration/verilog/tbench/SimMakefile_LDV.mk
  mpmc_pl172/integration/verilog/tbench/tbench.v
  mpmc_pl172/integration/verilog/common/
  mpmc_pl172/integration/verilog/common/funcsmaster.v
  mpmc_pl172/integration/verilog/common/configmaster.v
  mpmc_pl172/integration/verilog/common/defs.v
  mpmc_pl172/integration/verilog/common/funcs.v
  mpmc_pl172/integration/verilog/Mpmc_rtl/
  mpmc_pl172/integration/verilog/Mpmc_rtl/Mpmc_rtl_LDV.log
  mpmc_pl172/integration/verilog/Mpmc_rtl/Mpmc_rtl_modelsim.log
  mpmc_pl172/integration/verilog/README_SIM_ERR_MSG.txt
  mpmc_pl172/integration/verilog/sys/
  mpmc_pl172/integration/verilog/sys/makefile
  mpmc_pl172/integration/verilog/trickbox/
  mpmc_pl172/integration/verilog/trickbox/AhbSlave.v
  mpmc_pl172/integration/verilog/trickbox/makefile
  mpmc_pl172/integration/verilog/trickbox/Ahbparam.v
  mpmc_pl172/integration/verilog/trickbox/Ahbif.v
  mpmc_pl172/integration/verilog/trickbox/AhbRegBlock.v
  mpmc_pl172/integration/verilog/chip/
  mpmc_pl172/integration/verilog/chip/EASY.v
  mpmc_pl172/integration/verilog/chip/makefile
  mpmc_pl172/integration/verilog/chip/TicWatcher.v
  mpmc_pl172/integration/verilog/chip/buswmaster_pck.v
  mpmc_pl172/integration/verilog/chip/timing.v
  mpmc_pl172/integration/verilog/chip/RPS.v
  mpmc_pl172/integration/verilog/chip/timingmaster.v
  mpmc_pl172/integration/verilog/chip/buswatchmaster.v
  mpmc_pl172/integration/verilog/README
  mpmc_pl172/integration/verilog/makefile
  mpmc_pl172/integration/verilog/ticbox/
  mpmc_pl172/integration/verilog/ticbox/makefile
  mpmc_pl172/integration/makefile
  global/
  global/LDV/
  global/LDV/vxl_tictalk_asb.files
  global/LDV/SimMakefile.mk
  global/LDV/RtlMakefile.mk
  global/LDV/vxl_tictalk_ahb.files
  global/LDV/vxl_bustalk_apb.files
  global/LDV/vxl_tictalk.files
  global/LDV/DirSimMakefile.mk
  global/LDV/vxl_bustalk.files
  global/LDV/vxl_bustalk_ahb.files
  global/LDV/DirMakefile.mk
  global/modelsim/
  global/modelsim/DirSimMakefile.mk
  global/modelsim/DirMakefile.mk
  global/modelsim/modelsim_tictalk.ini
  global/modelsim/modelsim_bustalk.ini
  global/modelsim/SimMakefile.mk
  global/modelsim/RtlMakefile.mk
  global/modelsim/modelsim.ini
  global/modelsim/libmap
  global/modelsim/init.do
  global/tictalk_asb/
  global/tictalk_asb/verilog/
  global/tictalk_asb/verilog/sys/
  global/tictalk_asb/verilog/sys/arbiter.v
  global/tictalk_asb/verilog/sys/tic.v
  global/tictalk_asb/verilog/sys/apbif.v
  global/tictalk_asb/verilog/sys/res_cntl.v
  global/tictalk_asb/verilog/sys/rem_pause.v
  global/tictalk_asb/verilog/sys/decoder.v
  global/tictalk_asb/verilog/sys/buswatch.v
  global/tictalk_asb/verilog/common/
  global/tictalk_asb/verilog/common/Defs.v
  global/tictalk/
  global/tictalk/vhdl/
  global/tictalk/vhdl/sys/
  global/tictalk/vhdl/sys/arbiter.vhd
  global/tictalk/vhdl/sys/buswatch.vhd
  global/tictalk/vhdl/sys/rem_pause.vhd
  global/tictalk/vhdl/sys/apbmux.vhd
  global/tictalk/vhdl/sys/buswatch_params.vhd
  global/tictalk/vhdl/sys/decoder_mindec.vhd
  global/tictalk/vhdl/sys/decoder.vhd
  global/tictalk/vhdl/sys/apbif.vhd
  global/tictalk/vhdl/sys/res_cntl.vhd
  global/tictalk/vhdl/sys/tic.vhd
  global/tictalk/vhdl/common/
  global/tictalk/vhdl/common/params.vhd
  global/tictalk/vhdl/common/defs.vhd
  global/tictalk/verilog/
  global/tictalk/verilog/common/
  global/tictalk/verilog/common/Defs.v
  global/tictalk/verilog/sys/
  global/tictalk/verilog/sys/arbiter.v
  global/tictalk/verilog/sys/buswatch.v
  global/tictalk/verilog/sys/rem_pause.v
  global/tictalk/verilog/sys/apbif.v
  global/tictalk/verilog/sys/makefile
  global/tictalk/verilog/sys/tic.v
  global/tictalk/verilog/sys/decoder.v
  global/tictalk/verilog/sys/res_cntl.v
  global/tictalk_ahb/
  global/tictalk_ahb/verilog/
  global/tictalk_ahb/verilog/sys/
  global/tictalk_ahb/verilog/sys/SMI.v
  global/tictalk_ahb/verilog/sys/MuxS2M.v
  global/tictalk_ahb/verilog/sys/APBif.v
  global/tictalk_ahb/verilog/sys/Arbiter.v
  global/tictalk_ahb/verilog/sys/ResCntl.v
  global/tictalk_ahb/verilog/sys/TIC.v
  global/tictalk_ahb/verilog/sys/MuxM2S.v
  global/tictalk_ahb/verilog/sys/RemPause.v
  global/tictalk_ahb/verilog/sys/DefaultSlave.v
  global/tictalk_ahb/verilog/sys/MuxP2B.v
  global/tictalk_ahb/verilog/sys/Decoder.v
  global/tictalk_ahb/verilog/ticbox/
  global/tictalk_ahb/verilog/ticbox/Ticbox.v

PL172-MN-23001-r2p3-00rel0:

  mpmc_pl172/
  mpmc_pl172/README.txt
  mpmc_pl172/makefile
  mpmc_pl172/vhdl/
  mpmc_pl172/vhdl/rtl_source/
  mpmc_pl172/vhdl/rtl_source/MpmcDyRegBlk.vhd
  mpmc_pl172/vhdl/rtl_source/MpmcAhbTop.vhd
  mpmc_pl172/vhdl/rtl_source/MpmcArbiter.vhd
  mpmc_pl172/vhdl/rtl_source/MpmcDyFCntl.vhd
  mpmc_pl172/vhdl/rtl_source/MpmcDyIntRegBlk.vhd
  mpmc_pl172/vhdl/rtl_source/Mpmc.vhd
  mpmc_pl172/vhdl/rtl_source/MpmcStMemCntl.vhd
  mpmc_pl172/vhdl/rtl_source/MpmcMemCntlIf.vhd
  mpmc_pl172/vhdl/rtl_source/MpmcBufUnit.vhd
  mpmc_pl172/vhdl/rtl_source/MpmcRevAnd.vhd
  mpmc_pl172/vhdl/rtl_source/MpmcMemBGnt.vhd
  mpmc_pl172/vhdl/rtl_source/MpmcMemCntl.vhd
  mpmc_pl172/vhdl/rtl_source/MpmcDyFIFO.vhd
  mpmc_pl172/vhdl/rtl_source/MpmcPadIf.vhd
  mpmc_pl172/vhdl/rtl_source/MpmcDyModSM.vhd
  mpmc_pl172/vhdl/rtl_source/MpmcDyRefSM.vhd
  mpmc_pl172/vhdl/rtl_source/MpmcStIntIf.vhd
  mpmc_pl172/vhdl/rtl_source/MpmcStTimCntl.vhd
  mpmc_pl172/vhdl/rtl_source/MpmcDyRegFile.vhd
  mpmc_pl172/vhdl/rtl_source/MpmcPackage.vhd
  mpmc_pl172/vhdl/rtl_source/MpmcClockOr.vhd
  mpmc_pl172/vhdl/rtl_source/MpmcStTSM.vhd
  mpmc_pl172/vhdl/rtl_source/MpmcDySyFlash.vhd
  mpmc_pl172/vhdl/rtl_source/MpmcBufCntrl.vhd
  mpmc_pl172/vhdl/rtl_source/MpmcDyAxsSM1.vhd
  mpmc_pl172/vhdl/rtl_source/MpmcStExtIf.vhd
  mpmc_pl172/vhdl/rtl_source/MpmcDyLatCntr.vhd
  mpmc_pl172/vhdl/rtl_source/MpmcCore.vhd
  mpmc_pl172/vhdl/rtl_source/MpmcDyFBtoH.vhd
  mpmc_pl172/vhdl/rtl_source/MpmcRegIf.vhd
  mpmc_pl172/vhdl/rtl_source/MpmcStRegBlk.vhd
  mpmc_pl172/vhdl/rtl_source/MpmcBuffer.vhd
  mpmc_pl172/vhdl/rtl_source/MpmcDyAxsSM2.vhd
  mpmc_pl172/vhdl/rtl_source/MpmcTIC.vhd
  mpmc_pl172/vhdl/rtl_source/MpmcAhbif.vhd
  mpmc_pl172/vhdl/rtl_source/makefile
  mpmc_pl172/vhdl/rtl_source/MpmcDyMemCntl.vhd
  mpmc_pl172/vhdl/rtl_source/MpmcEndian.vhd
  mpmc_pl172/vhdl/rtl_source/MpmcDyIntRdGen.vhd
  mpmc_pl172/vhdl/makefile
  global/
  global/modelsim/
  global/modelsim/DirSimMakefile.mk
  global/modelsim/DirMakefile.mk
  global/modelsim/modelsim_tictalk.ini
  global/modelsim/modelsim_bustalk.ini
  global/modelsim/SimMakefile.mk
  global/modelsim/RtlMakefile.mk
  global/modelsim/modelsim.ini
  global/modelsim/libmap
  global/modelsim/init.do

PL172-MN-23010-r2p3-00rel0:

  mpmc_pl172/
  mpmc_pl172/verification/
  mpmc_pl172/verification/makefile
  mpmc_pl172/verification/vhdl/
  mpmc_pl172/verification/vhdl/tbench/
  mpmc_pl172/verification/vhdl/tbench/.denalirc
  mpmc_pl172/verification/vhdl/tbench/hyb25l128800ac.vhd
  mpmc_pl172/verification/vhdl/tbench/k6r4016c1c_10.vhd
  mpmc_pl172/verification/vhdl/tbench/latency_monitor/
  mpmc_pl172/verification/vhdl/tbench/latency_monitor/BWMonitor/
  mpmc_pl172/verification/vhdl/tbench/latency_monitor/BWMonitor/BWMonitor.vhd
  mpmc_pl172/verification/vhdl/tbench/latency_monitor/LatencyMonitor/
  mpmc_pl172/verification/vhdl/tbench/latency_monitor/LatencyMonitor/LatencyMonitor.vhd
  mpmc_pl172/verification/vhdl/tbench/Int28f800f3b95.vhd
  mpmc_pl172/verification/vhdl/tbench/mt48lc2m32lffc_8.vhd
  mpmc_pl172/verification/vhdl/tbench/hm5225325f_b60.vhd
  mpmc_pl172/verification/vhdl/tbench/tbench13.vhd
  mpmc_pl172/verification/vhdl/tbench/mt48lc4m16a2_75.vhd
  mpmc_pl172/verification/vhdl/tbench/k4s561632a_75.vhd
  mpmc_pl172/verification/vhdl/tbench/tbench4.vhd
  mpmc_pl172/verification/vhdl/tbench/I28f320w18b_70.vhd
  mpmc_pl172/verification/vhdl/tbench/hm5212165f_75a.vhd
  mpmc_pl172/verification/vhdl/tbench/mt28f004b5_8b_et.vhd
  mpmc_pl172/verification/vhdl/tbench/k4s281632c_75.vhd
  mpmc_pl172/verification/vhdl/tbench/hm5264805f_75.vhd
  mpmc_pl172/verification/vhdl/tbench/at27lv040a_15.vhd
  mpmc_pl172/verification/vhdl/tbench/mt28s4m16lc_12.vhd
  mpmc_pl172/verification/vhdl/tbench/k3p9vu1000m_3_3v.vhd
  mpmc_pl172/verification/vhdl/tbench/m27w201-80.vhd
  mpmc_pl172/verification/vhdl/tbench/ahbslave_tb.vhd
  mpmc_pl172/verification/vhdl/tbench/timingmaster.vhd
  mpmc_pl172/verification/vhdl/tbench/at27lv040a_90.vhd
  mpmc_pl172/verification/vhdl/tbench/tbench5.vhd
  mpmc_pl172/verification/vhdl/tbench/sst37vf020_90.vhd
  mpmc_pl172/verification/vhdl/tbench/k6t8016c3m_55.vhd
  mpmc_pl172/verification/vhdl/tbench/k6r4016c1c_12.vhd
  mpmc_pl172/verification/vhdl/tbench/README
  mpmc_pl172/verification/vhdl/tbench/k4s641632d_60.vhd
  mpmc_pl172/verification/vhdl/tbench/k3n9vu1000m.vhd
  mpmc_pl172/verification/vhdl/tbench/mt5c2568_20.vhd
  mpmc_pl172/verification/vhdl/tbench/mt28f004b5_6t1.vhd
  mpmc_pl172/verification/vhdl/tbench/timing.vhd
  mpmc_pl172/verification/vhdl/tbench/hm5257805b_a6.vhd
  mpmc_pl172/verification/vhdl/tbench/tbench6.vhd
  mpmc_pl172/verification/vhdl/tbench/x28c256_15.vhd
  mpmc_pl172/verification/vhdl/tbench/mt5c2568_12.vhd
  mpmc_pl172/verification/vhdl/tbench/am29pl320db_90.vhd
  mpmc_pl172/verification/vhdl/tbench/k3p9vu1000m_3_0v.vhd
  mpmc_pl172/verification/vhdl/tbench/k6r1016v1c_12.vhd
  mpmc_pl172/verification/vhdl/tbench/mt48lc8m8a2_7e.vhd
  mpmc_pl172/verification/vhdl/tbench/am29pl320dt_60r.vhd
  mpmc_pl172/verification/vhdl/tbench/k4s643232c_60.vhd
  mpmc_pl172/verification/vhdl/tbench/hm5225805b_75.vhd
  mpmc_pl172/verification/vhdl/tbench/SimMakefile_modelsim.mk
  mpmc_pl172/verification/vhdl/tbench/mt28f004b5_6t2.vhd
  mpmc_pl172/verification/vhdl/tbench/mt48lc1m16a1_6s.vhd
  mpmc_pl172/verification/vhdl/tbench/defslave.vhd
  mpmc_pl172/verification/vhdl/tbench/tbench10.vhd
  mpmc_pl172/verification/vhdl/tbench/tbench7.vhd
  mpmc_pl172/verification/vhdl/tbench/mt48lc8m16a2_7e.vhd
  mpmc_pl172/verification/vhdl/tbench/tbench.vhd
  mpmc_pl172/verification/vhdl/tbench/mt28f400b5sg_8t.vhd
  mpmc_pl172/verification/vhdl/tbench/makefile
  mpmc_pl172/verification/vhdl/tbench/mt28f002b3vg_9b.vhd
  mpmc_pl172/verification/vhdl/tbench/tbench1.vhd
  mpmc_pl172/verification/vhdl/tbench/mt48lc32m16a2_75.vhd
  mpmc_pl172/verification/vhdl/tbench/mt48lc16m8a2_75.vhd
  mpmc_pl172/verification/vhdl/tbench/decoder.vhd
  mpmc_pl172/verification/vhdl/tbench/Int28f800f3b115.vhd
  mpmc_pl172/verification/vhdl/tbench/at27lv040a_12.vhd
  mpmc_pl172/verification/vhdl/tbench/mt48lc16m16a2_75.vhd
  mpmc_pl172/verification/vhdl/tbench/buswatchmaster.vhd
  mpmc_pl172/verification/vhdl/tbench/tbench11.vhd
  mpmc_pl172/verification/vhdl/tbench/tbench8.vhd
  mpmc_pl172/verification/vhdl/tbench/upd4516821g5.vhd
  mpmc_pl172/verification/vhdl/tbench/buswmaster_pck.vhd
  mpmc_pl172/verification/vhdl/tbench/tbench2.vhd
  mpmc_pl172/verification/vhdl/tbench/mt28s4m16lc_10.vhd
  mpmc_pl172/verification/vhdl/tbench/hm5264165f_75.vhd
  mpmc_pl172/verification/vhdl/tbench/mt48lc2m32b2_6.vhd
  mpmc_pl172/verification/vhdl/tbench/tbench12.vhd
  mpmc_pl172/verification/vhdl/tbench/tbench9.vhd
  mpmc_pl172/verification/vhdl/tbench/mt28f002b3vg.vhd
  mpmc_pl172/verification/vhdl/tbench/tbench3.vhd
  mpmc_pl172/verification/vhdl/tbench/k6r1016v1c_15.vhd
  mpmc_pl172/verification/vhdl/tbench/hm5212805f_75.vhd
  mpmc_pl172/verification/vhdl/tbench/mt48lc4m32b2_6.vhd
  mpmc_pl172/verification/vhdl/tbench/k6t8016c3m_70.vhd
  mpmc_pl172/verification/vhdl/Mpmc_rtl/
  mpmc_pl172/verification/vhdl/Mpmc_rtl/Mpmc_rtl_modelsim_StWtPgTest.log
  mpmc_pl172/verification/vhdl/Mpmc_rtl/Mpmc_rtl_modelsim_AddrMirrTest.log
  mpmc_pl172/verification/vhdl/Mpmc_rtl/Mpmc_rtl_modelsim_Arb3DyWrRd.log
  mpmc_pl172/verification/vhdl/Mpmc_rtl/Mpmc_rtl_modelsim_DyHburstClkRatTB8Test.log
  mpmc_pl172/verification/vhdl/Mpmc_rtl/Mpmc_rtl_modelsim_HResetTest.log
  mpmc_pl172/verification/vhdl/Mpmc_rtl/Mpmc_rtl_modelsim_AddrToggleTest.log
  mpmc_pl172/verification/vhdl/Mpmc_rtl/Mpmc_rtl_modelsim_MultiPortWrProtTest.log
  mpmc_pl172/verification/vhdl/Mpmc_rtl/Mpmc_rtl_modelsim_ControllerBusyTest.log
  mpmc_pl172/verification/vhdl/Mpmc_rtl/Mpmc_rtl_modelsim_LatencyTest8.log
  mpmc_pl172/verification/vhdl/Mpmc_rtl/Mpmc_rtl_modelsim_LatencyTest6_1.log
  mpmc_pl172/verification/vhdl/Mpmc_rtl/Mpmc_rtl_modelsim_SyncFlashTest.log
  mpmc_pl172/verification/vhdl/Mpmc_rtl/Mpmc_rtl_modelsim_MultiPortDiffComb8.log
  mpmc_pl172/verification/vhdl/Mpmc_rtl/Mpmc_rtl_modelsim_LatencyTest2.log
  mpmc_pl172/verification/vhdl/Mpmc_rtl/Mpmc_rtl_modelsim_ClkCtrlTest.log
  mpmc_pl172/verification/vhdl/Mpmc_rtl/Mpmc_rtl_modelsim_RandHburstTest.log
  mpmc_pl172/verification/vhdl/Mpmc_rtl/Mpmc_rtl_modelsim_EndiannessTests.log
  mpmc_pl172/verification/vhdl/Mpmc_rtl/Mpmc_rtl_modelsim_CornerCases3.log
  mpmc_pl172/verification/vhdl/Mpmc_rtl/Mpmc_rtl_modelsim_MultiPortDiffComb2.log
  mpmc_pl172/verification/vhdl/Mpmc_rtl/Mpmc_rtl_modelsim_MultiPortPgAccessTest4.log
  mpmc_pl172/verification/vhdl/Mpmc_rtl/Mpmc_rtl_modelsim_Arb4StWrRd.log
  mpmc_pl172/verification/vhdl/Mpmc_rtl/Mpmc_rtl_modelsim_LatencyTest10.log
  mpmc_pl172/verification/vhdl/Mpmc_rtl/Mpmc_rtl_modelsim_Arb2HMastLockTest.log
  mpmc_pl172/verification/vhdl/Mpmc_rtl/Mpmc_rtl_modelsim_RdRefAlnTest.log
  mpmc_pl172/verification/vhdl/Mpmc_rtl/Mpmc_rtl_modelsim_POResetTest.log
  mpmc_pl172/verification/vhdl/Mpmc_rtl/Mpmc_rtl_modelsim_MPMCEnableTest.log
  mpmc_pl172/verification/vhdl/Mpmc_rtl/Mpmc_rtl_modelsim_LatencyTest9.log
  mpmc_pl172/verification/vhdl/Mpmc_rtl/Mpmc_rtl_modelsim_LatencyTest6_2.log
  mpmc_pl172/verification/vhdl/Mpmc_rtl/Mpmc_rtl_modelsim_SelfRefChk.log
  mpmc_pl172/verification/vhdl/Mpmc_rtl/Mpmc_rtl_modelsim_DyHburstTestTB10.log
  mpmc_pl172/verification/vhdl/Mpmc_rtl/Mpmc_rtl_modelsim_LatencyTest5_1.log
  mpmc_pl172/verification/vhdl/Mpmc_rtl/Mpmc_rtl_modelsim_AHBLockIdleInsertTest1.log
  mpmc_pl172/verification/vhdl/Mpmc_rtl/Mpmc_rtl_modelsim_ExdWaitDelTest.log
  mpmc_pl172/verification/vhdl/Mpmc_rtl/Mpmc_rtl_modelsim_Arb2DyStWrRd.log
  mpmc_pl172/verification/vhdl/Mpmc_rtl/Mpmc_rtl_modelsim_DyHburstTestTB5.log
  mpmc_pl172/verification/vhdl/Mpmc_rtl/Mpmc_rtl_modelsim_Arb4DyWrRdClkRat.log
  mpmc_pl172/verification/vhdl/Mpmc_rtl/Mpmc_rtl_modelsim_MemBGntTest.log
  mpmc_pl172/verification/vhdl/Mpmc_rtl/Mpmc_rtl_modelsim_RandomTest1.log
  mpmc_pl172/verification/vhdl/Mpmc_rtl/Mpmc_rtl_modelsim_CornerCases4.log
  mpmc_pl172/verification/vhdl/Mpmc_rtl/Mpmc_rtl_modelsim_RefreshMissTest.log
  mpmc_pl172/verification/vhdl/Mpmc_rtl/Mpmc_rtl_modelsim_MultiPortDiffComb3.log
  mpmc_pl172/verification/vhdl/Mpmc_rtl/Mpmc_rtl_modelsim_MultiPortPgAccessTest5.log
  mpmc_pl172/verification/vhdl/Mpmc_rtl/Mpmc_rtl_modelsim_Rel1HburstTest.log
  mpmc_pl172/verification/vhdl/Mpmc_rtl/Mpmc_rtl_modelsim_BLSDelayValueTests.log
  mpmc_pl172/verification/vhdl/Mpmc_rtl/Mpmc_rtl_modelsim_MemModelHburstTest.log
  mpmc_pl172/verification/vhdl/Mpmc_rtl/Mpmc_rtl_modelsim_Arb4DyWrRd.log
  mpmc_pl172/verification/vhdl/Mpmc_rtl/Mpmc_rtl_modelsim_LatencyTest5_2.log
  mpmc_pl172/verification/vhdl/Mpmc_rtl/Mpmc_rtl_modelsim_LatencyTest4_1.log
  mpmc_pl172/verification/vhdl/Mpmc_rtl/Mpmc_rtl_modelsim_AHBLockIdleInsertTest2.log
  mpmc_pl172/verification/vhdl/Mpmc_rtl/Mpmc_rtl_modelsim_RefFreqChk.log
  mpmc_pl172/verification/vhdl/Mpmc_rtl/Mpmc_rtl_modelsim_StWtPgBufEnTest.log
  mpmc_pl172/verification/vhdl/Mpmc_rtl/Mpmc_rtl_modelsim_LowPwrSdramFunTest.log
  mpmc_pl172/verification/vhdl/Mpmc_rtl/Mpmc_rtl_modelsim_Arb2StWrRd.log
  mpmc_pl172/verification/vhdl/Mpmc_rtl/Mpmc_rtl_modelsim_CornerCases5.log
  mpmc_pl172/verification/vhdl/Mpmc_rtl/Mpmc_rtl_modelsim_BigEndianPinTest.log
  mpmc_pl172/verification/vhdl/Mpmc_rtl/Mpmc_rtl_modelsim_ClkEnableTest.log
  mpmc_pl172/verification/vhdl/Mpmc_rtl/Mpmc_rtl_modelsim_MultiPortDiffComb4.log
  mpmc_pl172/verification/vhdl/Mpmc_rtl/Mpmc_rtl_modelsim_DyHburstClkRatTB7Test.log
  mpmc_pl172/verification/vhdl/Mpmc_rtl/Mpmc_rtl_modelsim_Arb3DyStWrRd.log
  mpmc_pl172/verification/vhdl/Mpmc_rtl/Mpmc_rtl_modelsim_DyHburstTest1.log
  mpmc_pl172/verification/vhdl/Mpmc_rtl/Mpmc_rtl_modelsim_DirectDyDtFtchTest.log
  mpmc_pl172/verification/vhdl/Mpmc_rtl/Mpmc_rtl_modelsim_LatencyTest4_2.log
  mpmc_pl172/verification/vhdl/Mpmc_rtl/Mpmc_rtl_modelsim_LatencyTest3_1.log
  mpmc_pl172/verification/vhdl/Mpmc_rtl/Mpmc_rtl_modelsim_DyHburstTestTB7.log
  mpmc_pl172/verification/vhdl/Mpmc_rtl/Mpmc_rtl_modelsim_DyHburstClkRatTB9Test.log
  mpmc_pl172/verification/vhdl/Mpmc_rtl/Mpmc_rtl_modelsim_WrProtTest.log
  mpmc_pl172/verification/vhdl/Mpmc_rtl/Mpmc_rtl_modelsim_CornerCases6.log
  mpmc_pl172/verification/vhdl/Mpmc_rtl/Mpmc_rtl_modelsim_LowPwrModeTest.log
  mpmc_pl172/verification/vhdl/Mpmc_rtl/Mpmc_rtl_modelsim_DyHburstCmdDelTest1.log
  mpmc_pl172/verification/vhdl/Mpmc_rtl/Mpmc_rtl_modelsim_MultiPortDiffComb5.log
  mpmc_pl172/verification/vhdl/Mpmc_rtl/Mpmc_rtl_modelsim_SdramInitRtnChk.log
  mpmc_pl172/verification/vhdl/Mpmc_rtl/Mpmc_rtl_modelsim_Arb2CornerCase4.log
  mpmc_pl172/verification/vhdl/Mpmc_rtl/Mpmc_rtl_modelsim_Arb2DyWrRd.log
  mpmc_pl172/verification/vhdl/Mpmc_rtl/Mpmc_rtl_modelsim_RandHburstTest1.log
  mpmc_pl172/verification/vhdl/Mpmc_rtl/Mpmc_rtl_modelsim_DyHburstTest2.log
  mpmc_pl172/verification/vhdl/Mpmc_rtl/Mpmc_rtl_modelsim_MultiPortPgAccessTest1.log
  mpmc_pl172/verification/vhdl/Mpmc_rtl/Mpmc_rtl_modelsim_BigEndHburstTest.log
  mpmc_pl172/verification/vhdl/Mpmc_rtl/Mpmc_rtl_modelsim_ROMTest.log
  mpmc_pl172/verification/vhdl/Mpmc_rtl/Mpmc_rtl_modelsim_MultiPortPgAccessTest.log
  mpmc_pl172/verification/vhdl/Mpmc_rtl/Mpmc_rtl_modelsim_Arb4DyStWrRd.log
  mpmc_pl172/verification/vhdl/Mpmc_rtl/Mpmc_rtl_modelsim_LatencyTest3_2.log
  mpmc_pl172/verification/vhdl/Mpmc_rtl/Mpmc_rtl_modelsim_IntegrationTest.log
  mpmc_pl172/verification/vhdl/Mpmc_rtl/Mpmc_rtl_modelsim_CSPolarityTest.log
  mpmc_pl172/verification/vhdl/Mpmc_rtl/Mpmc_rtl_modelsim_DyHburstTestTB8.log
  mpmc_pl172/verification/vhdl/Mpmc_rtl/Mpmc_rtl_modelsim_MemModelROMTest.log
  mpmc_pl172/verification/vhdl/Mpmc_rtl/Mpmc_rtl_modelsim_CornerCases7.log
  mpmc_pl172/verification/vhdl/Mpmc_rtl/Mpmc_rtl_modelsim_BusDegrantTest.log
  mpmc_pl172/verification/vhdl/Mpmc_rtl/Mpmc_rtl_modelsim_DelayValueTests.log
  mpmc_pl172/verification/vhdl/Mpmc_rtl/Mpmc_rtl_modelsim_MultiPortDiffComb6.log
  mpmc_pl172/verification/vhdl/Mpmc_rtl/Mpmc_rtl_modelsim_HburstTest.log
  mpmc_pl172/verification/vhdl/Mpmc_rtl/Mpmc_rtl_modelsim_TransferTest.log
  mpmc_pl172/verification/vhdl/Mpmc_rtl/Mpmc_rtl_modelsim_Arb3StWrRd.log
  mpmc_pl172/verification/vhdl/Mpmc_rtl/Mpmc_rtl_modelsim_CornerCases1.log
  mpmc_pl172/verification/vhdl/Mpmc_rtl/Mpmc_rtl_modelsim_BusyInsertionTest.log
  mpmc_pl172/verification/vhdl/Mpmc_rtl/Mpmc_rtl_modelsim_RandHburstTest2.log
  mpmc_pl172/verification/vhdl/Mpmc_rtl/Mpmc_rtl_modelsim_MpmcRegisterTests.log
  mpmc_pl172/verification/vhdl/Mpmc_rtl/Mpmc_rtl_modelsim_Arb4IdleBusy.log
  mpmc_pl172/verification/vhdl/Mpmc_rtl/Mpmc_rtl_modelsim_MultiPortPgAccessTest2.log
  mpmc_pl172/verification/vhdl/Mpmc_rtl/Mpmc_rtl_modelsim_SelRefPriorityTest.log
  mpmc_pl172/verification/vhdl/Mpmc_rtl/Mpmc_rtl_modelsim_LatencyTest7.log
  mpmc_pl172/verification/vhdl/Mpmc_rtl/Mpmc_rtl_modelsim_DyHburstTestTB9.log
  mpmc_pl172/verification/vhdl/Mpmc_rtl/Mpmc_rtl_modelsim_CornerCases8.log
  mpmc_pl172/verification/vhdl/Mpmc_rtl/Mpmc_rtl_modelsim_MultiPortDiffComb7.log
  mpmc_pl172/verification/vhdl/Mpmc_rtl/vnavigator.summary
  mpmc_pl172/verification/vhdl/Mpmc_rtl/Mpmc_rtl_modelsim_LatencyTest1.log
  mpmc_pl172/verification/vhdl/Mpmc_rtl/Mpmc_rtl_modelsim_CornerCases2.log
  mpmc_pl172/verification/vhdl/Mpmc_rtl/Mpmc_rtl_modelsim_MemModelPgROMTest.log
  mpmc_pl172/verification/vhdl/Mpmc_rtl/Mpmc_rtl_modelsim_MultiPortDiffComb1.log
  mpmc_pl172/verification/vhdl/Mpmc_rtl/Mpmc_rtl_modelsim_MemModelStPgModeTest.log
  mpmc_pl172/verification/vhdl/Mpmc_rtl/Mpmc_rtl_modelsim_SyncFlashCmdDelTest.log
  mpmc_pl172/verification/vhdl/Mpmc_rtl/Mpmc_rtl_modelsim_MultiPortPgAccessTest3.log
  mpmc_pl172/verification/vhdl/common/
  mpmc_pl172/verification/vhdl/common/makefile
  mpmc_pl172/verification/vhdl/trickbox/
  mpmc_pl172/verification/vhdl/trickbox/MpmcTrRegBlk.vhd
  mpmc_pl172/verification/vhdl/trickbox/MpmcTrClkResGen.vhd
  mpmc_pl172/verification/vhdl/trickbox/MpmcTrMemArray.vhd
  mpmc_pl172/verification/vhdl/trickbox/MpmcTrMemRdWrCtl.vhd
  mpmc_pl172/verification/vhdl/trickbox/MpmcTrMemAhbifReg.vhd
  mpmc_pl172/verification/vhdl/trickbox/MpmcTrAhbif.vhd
  mpmc_pl172/verification/vhdl/trickbox/MpmcTrPackage.vhd
  mpmc_pl172/verification/vhdl/trickbox/MpmcTrProChkr.vhd
  mpmc_pl172/verification/vhdl/trickbox/MpmcTrick.vhd
  mpmc_pl172/verification/vhdl/trickbox/MpmcTrickMem.vhd
  mpmc_pl172/verification/vhdl/trickbox/makefile
  mpmc_pl172/verification/vhdl/trickbox/MpmcTrSnp.vhd
  mpmc_pl172/verification/vhdl/reader/
  mpmc_pl172/verification/vhdl/reader/makefile
  mpmc_pl172/verification/vhdl/bid/
  mpmc_pl172/verification/vhdl/bid/makefile
  mpmc_pl172/verification/vhdl/README_Denali
  mpmc_pl172/verification/vhdl/vr/
  mpmc_pl172/verification/vhdl/vr/makefile
  mpmc_pl172/verification/vhdl/buswatcher/
  mpmc_pl172/verification/vhdl/buswatcher/makefile
  mpmc_pl172/verification/vhdl/makefile
  mpmc_pl172/verification/vhdl/README
  global/
  global/modelsim/
  global/modelsim/DirSimMakefile.mk
  global/modelsim/DirMakefile.mk
  global/modelsim/modelsim_tictalk.ini
  global/modelsim/modelsim_bustalk.ini
  global/modelsim/SimMakefile.mk
  global/modelsim/RtlMakefile.mk
  global/modelsim/modelsim.ini
  global/modelsim/libmap
  global/modelsim/init.do
  global/bustalk/
  global/bustalk/vhdl/
  global/bustalk/vhdl/common/
  global/bustalk/vhdl/common/countdown.vhd
  global/bustalk/vhdl/common/clockgen.vhd
  global/bustalk/vhdl/common/defs.vhd
  global/bustalk/vhdl/common/funcs.vhd
  global/bustalk/vhdl/buswatcher/
  global/bustalk/vhdl/buswatcher/buswatch.vhd
  global/bustalk/vhdl/buswatcher/busw_pck.vhd
  global/bustalk/vhdl/reader/
  global/bustalk/vhdl/reader/readline.vhd
  global/bustalk/vhdl/reader/reader.vhd
  global/bustalk/vhdl/bid/
  global/bustalk/vhdl/bid/data_driver.vhd
  global/bustalk/vhdl/bid/busline_drivers.vhd
  global/bustalk/vhdl/bid/reset_driver.vhd
  global/bustalk/vhdl/bid/penable_driver.vhd
  global/bustalk/vhdl/bid/addrctl_driver.vhd
  global/bustalk/vhdl/bid/buscyc_drivers.vhd
  global/bustalk/vhdl/vr/
  global/bustalk/vhdl/vr/viregcyc_drivers.vhd
  global/bustalk/vhdl/vr/vio_driver.vhd
  global/bustalk/vhdl/vr/vregbank.vhd
  global/bustalk/vhdl/vr/linedrv.vhd
  global/bustalk/vhdl/vr/reg.vhd
  global/bustalk/verilog/
  global/bustalk/verilog/bid/
  global/bustalk/verilog/bid/busline_drivers.v
  global/bustalk/verilog/bid/penable_driver.v
  global/bustalk/verilog/bid/addrctl_driver.v
  global/bustalk/verilog/bid/data_driver.v
  global/bustalk/verilog/bid/reset_driver.v
  global/bustalk/verilog/bid/buscyc_drivers.v
  global/bustalk/verilog/vr/
  global/bustalk/verilog/vr/linedrv.v
  global/bustalk/verilog/vr/vio_driver.v
  global/bustalk/verilog/vr/reg.v
  global/bustalk/verilog/vr/viregcyc_drivers.v
  global/bustalk/verilog/common/
  global/bustalk/verilog/common/defs.v
  global/bustalk/verilog/common/countdown.v
  global/bustalk/verilog/common/clockgen.v
  global/bustalk/verilog/buswatcher/
  global/bustalk/verilog/buswatcher/buswatch.v
  global/bustalk/verilog/reader/
  global/bustalk/verilog/reader/reader.v
  global/bustalk/verilog/reader/command_reader.v
  global/bustalk_apb/
  global/bustalk_apb/vhdl/
  global/bustalk_apb/vhdl/bid/
  global/bustalk_apb/vhdl/bid/reset_driver.vhd
  global/bustalk_apb/vhdl/bid/busline_drivers.vhd
  global/bustalk_apb/vhdl/bid/data_driver.vhd
  global/bustalk_apb/vhdl/bid/penable_driver.vhd
  global/bustalk_apb/vhdl/bid/addrctl_driver.vhd
  global/bustalk_apb/vhdl/bid/buscyc_drivers.vhd
  global/bustalk_apb/vhdl/vr/
  global/bustalk_apb/vhdl/vr/reg.vhd
  global/bustalk_apb/vhdl/vr/viregcyc_drivers.vhd
  global/bustalk_apb/vhdl/vr/vregbank.vhd
  global/bustalk_apb/vhdl/vr/linedrv.vhd
  global/bustalk_apb/vhdl/vr/vio_driver.vhd
  global/bustalk_apb/vhdl/buswatcher/
  global/bustalk_apb/vhdl/buswatcher/buswatch.vhd
  global/bustalk_apb/vhdl/buswatcher/busw_pck.vhd
  global/bustalk_apb/vhdl/reader/
  global/bustalk_apb/vhdl/reader/reader.vhd
  global/bustalk_apb/vhdl/reader/readline.vhd
  global/bustalk_apb/vhdl/common/
  global/bustalk_apb/vhdl/common/clockgen.vhd
  global/bustalk_apb/vhdl/common/funcs.vhd
  global/bustalk_apb/vhdl/common/countdown.vhd
  global/bustalk_apb/vhdl/common/defs.vhd
  global/bustalk_ahb/
  global/bustalk_ahb/vhdl/
  global/bustalk_ahb/vhdl/buswatcher/
  global/bustalk_ahb/vhdl/buswatcher/busw_pck.vhd
  global/bustalk_ahb/vhdl/buswatcher/buswatch.vhd
  global/bustalk_ahb/vhdl/reader/
  global/bustalk_ahb/vhdl/reader/readline.vhd
  global/bustalk_ahb/vhdl/reader/reader.vhd
  global/bustalk_ahb/vhdl/common/
  global/bustalk_ahb/vhdl/common/defs.vhd
  global/bustalk_ahb/vhdl/common/countdown.vhd
  global/bustalk_ahb/vhdl/common/clockgen.vhd
  global/bustalk_ahb/vhdl/common/configmaster.vhd
  global/bustalk_ahb/vhdl/common/funcsmaster.vhd
  global/bustalk_ahb/vhdl/common/defsmaster.vhd
  global/bustalk_ahb/vhdl/common/funcs.vhd
  global/bustalk_ahb/vhdl/vr/
  global/bustalk_ahb/vhdl/vr/VRCycDrivers.vhd
  global/bustalk_ahb/vhdl/vr/vregbank.vhd
  global/bustalk_ahb/vhdl/vr/linedrv.vhd
  global/bustalk_ahb/vhdl/vr/reg.vhd
  global/bustalk_ahb/vhdl/vr/VIODriver.vhd
  global/bustalk_ahb/vhdl/bid/
  global/bustalk_ahb/vhdl/bid/split.vhd
  global/bustalk_ahb/vhdl/bid/reset_driver.vhd
  global/bustalk_ahb/vhdl/bid/cyc_drivers.vhd

PL172-MN-23012-r2p3-00rel0:

  mpmc_pl172/
  mpmc_pl172/integration/
  mpmc_pl172/integration/makefile
  mpmc_pl172/integration/vhdl/
  mpmc_pl172/integration/vhdl/sys/
  mpmc_pl172/integration/vhdl/sys/makefile
  mpmc_pl172/integration/vhdl/chip/
  mpmc_pl172/integration/vhdl/chip/buswatchmaster.vhd
  mpmc_pl172/integration/vhdl/chip/EASY.vhd
  mpmc_pl172/integration/vhdl/chip/timingmaster.vhd
  mpmc_pl172/integration/vhdl/chip/buswmaster_pck.vhd
  mpmc_pl172/integration/vhdl/chip/makefile
  mpmc_pl172/integration/vhdl/chip/timing.vhd
  mpmc_pl172/integration/vhdl/chip/TicWatcher.vhd
  mpmc_pl172/integration/vhdl/chip/RPS.vhd
  mpmc_pl172/integration/vhdl/Mpmc_rtl/
  mpmc_pl172/integration/vhdl/Mpmc_rtl/Mpmc_rtl_modelsim.log
  mpmc_pl172/integration/vhdl/trickbox/
  mpmc_pl172/integration/vhdl/trickbox/Ahbif.vhd
  mpmc_pl172/integration/vhdl/trickbox/AhbSlave.vhd
  mpmc_pl172/integration/vhdl/trickbox/Ahbparam.vhd
  mpmc_pl172/integration/vhdl/trickbox/makefile
  mpmc_pl172/integration/vhdl/trickbox/AhbRegBlock.vhd
  mpmc_pl172/integration/vhdl/makefile
  mpmc_pl172/integration/vhdl/ticbox/
  mpmc_pl172/integration/vhdl/ticbox/makefile
  mpmc_pl172/integration/vhdl/tbench/
  mpmc_pl172/integration/vhdl/tbench/.denalirc
  mpmc_pl172/integration/vhdl/tbench/README
  mpmc_pl172/integration/vhdl/tbench/tbench.vhd
  mpmc_pl172/integration/vhdl/tbench/makefile
  mpmc_pl172/integration/vhdl/tbench/SimMakefile_modelsim.mk
  mpmc_pl172/integration/vhdl/common/
  mpmc_pl172/integration/vhdl/common/defsmaster.vhd
  mpmc_pl172/integration/vhdl/common/configmaster.vhd
  mpmc_pl172/integration/vhdl/common/funcs.vhd
  mpmc_pl172/integration/vhdl/common/makefile
  mpmc_pl172/integration/vhdl/common/defs.vhd
  mpmc_pl172/integration/vhdl/common/funcsmaster.vhd
  global/
  global/modelsim/
  global/modelsim/DirSimMakefile.mk
  global/modelsim/DirMakefile.mk
  global/modelsim/modelsim_tictalk.ini
  global/modelsim/modelsim_bustalk.ini
  global/modelsim/SimMakefile.mk
  global/modelsim/RtlMakefile.mk
  global/modelsim/modelsim.ini
  global/modelsim/libmap
  global/modelsim/init.do
  global/tictalk_asb/
  global/tictalk_asb/vhdl/
  global/tictalk_asb/vhdl/sys/
  global/tictalk_asb/vhdl/sys/buswatch.vhd
  global/tictalk_asb/vhdl/sys/tic.vhd
  global/tictalk_asb/vhdl/sys/decoder.vhd
  global/tictalk_asb/vhdl/sys/buswatch_params.vhd
  global/tictalk_asb/vhdl/sys/decoder_mindec.vhd
  global/tictalk_asb/vhdl/sys/apbmux.vhd
  global/tictalk_asb/vhdl/sys/arbiter.vhd
  global/tictalk_asb/vhdl/sys/apbif.vhd
  global/tictalk_asb/vhdl/sys/res_cntl.vhd
  global/tictalk_asb/vhdl/sys/rem_pause.vhd
  global/tictalk_asb/vhdl/common/
  global/tictalk_asb/vhdl/common/defs.vhd
  global/tictalk_asb/vhdl/common/params.vhd
  global/tictalk/
  global/tictalk/vhdl/
  global/tictalk/vhdl/sys/
  global/tictalk/vhdl/sys/arbiter.vhd
  global/tictalk/vhdl/sys/buswatch.vhd
  global/tictalk/vhdl/sys/rem_pause.vhd
  global/tictalk/vhdl/sys/apbmux.vhd
  global/tictalk/vhdl/sys/buswatch_params.vhd
  global/tictalk/vhdl/sys/decoder_mindec.vhd
  global/tictalk/vhdl/sys/decoder.vhd
  global/tictalk/vhdl/sys/apbif.vhd
  global/tictalk/vhdl/sys/res_cntl.vhd
  global/tictalk/vhdl/sys/tic.vhd
  global/tictalk/vhdl/common/
  global/tictalk/vhdl/common/params.vhd
  global/tictalk/vhdl/common/defs.vhd
  global/tictalk/verilog/
  global/tictalk/verilog/common/
  global/tictalk/verilog/common/Defs.v
  global/tictalk/verilog/sys/
  global/tictalk/verilog/sys/arbiter.v
  global/tictalk/verilog/sys/buswatch.v
  global/tictalk/verilog/sys/rem_pause.v
  global/tictalk/verilog/sys/apbif.v
  global/tictalk/verilog/sys/makefile
  global/tictalk/verilog/sys/tic.v
  global/tictalk/verilog/sys/decoder.v
  global/tictalk/verilog/sys/res_cntl.v
  global/tictalk_ahb/
  global/tictalk_ahb/vhdl/
  global/tictalk_ahb/vhdl/sys/
  global/tictalk_ahb/vhdl/sys/ResCntl.vhd
  global/tictalk_ahb/vhdl/sys/APBif.vhd
  global/tictalk_ahb/vhdl/sys/MuxP2B.vhd
  global/tictalk_ahb/vhdl/sys/Decoder.vhd
  global/tictalk_ahb/vhdl/sys/MuxM2S.vhd
  global/tictalk_ahb/vhdl/sys/MuxS2M.vhd
  global/tictalk_ahb/vhdl/sys/Arbiter.vhd
  global/tictalk_ahb/vhdl/sys/DefaultSlave.vhd
  global/tictalk_ahb/vhdl/sys/RemPause.vhd
  global/tictalk_ahb/vhdl/sys/TIC.vhd
  global/tictalk_ahb/vhdl/sys/SMI.vhd
  global/tictalk_ahb/vhdl/ticbox/
  global/tictalk_ahb/vhdl/ticbox/Ticbox.vhd
  global/tictalk_ahb/vhdl/common/
  global/tictalk_ahb/vhdl/common/Conv.vhd

PL172-MN-99001-r2p3-00rel0:

  mpmc_pl172/
  mpmc_pl172/verification/
  mpmc_pl172/verification/denali/
  mpmc_pl172/verification/denali/.denalirc
  mpmc_pl172/verification/denali/hm5264165f_75.soma
  mpmc_pl172/verification/denali/mt48lc16m8a2_75.dat
  mpmc_pl172/verification/denali/Int28f800f3b115.dat
  mpmc_pl172/verification/denali/hm5212165f_75a1.dat
  mpmc_pl172/verification/denali/mt28f400b5sg_8b_et.soma
  mpmc_pl172/verification/denali/am29pl320db_90.dat
  mpmc_pl172/verification/denali/mt48lc8m8a2_7e.dat
  mpmc_pl172/verification/denali/upd4516821g5.dat
  mpmc_pl172/verification/denali/hm5264165f_75.dat
  mpmc_pl172/verification/denali/mt48lc32m16a2_75.soma
  mpmc_pl172/verification/denali/k3p9vu1000m_3_0v.dat
  mpmc_pl172/verification/denali/k3p9vu1000m_3_0v2.dat
  mpmc_pl172/verification/denali/hm5264805f_75.soma
  mpmc_pl172/verification/denali/k6t8016c3m_70.soma
  mpmc_pl172/verification/denali/mt28f004b5_6t2.dat
  mpmc_pl172/verification/denali/at27lv040a_15.soma
  mpmc_pl172/verification/denali/k6r4016c1c_12.soma
  mpmc_pl172/verification/denali/k3n9vu1000m.dat
  mpmc_pl172/verification/denali/k6r1016v1c_15.dat
  mpmc_pl172/verification/denali/hm5212805f_75.dat
  mpmc_pl172/verification/denali/mt5c2568_20.dat
  mpmc_pl172/verification/denali/mt28f004b5_6t2.soma
  mpmc_pl172/verification/denali/k3n9vu1000m.soma
  mpmc_pl172/verification/denali/k6t8016c3m_70.dat
  mpmc_pl172/verification/denali/x28c256_15.dat
  mpmc_pl172/verification/denali/hm5212165f_75a2.dat
  mpmc_pl172/verification/denali/mt48lc4m16a2_75.soma
  mpmc_pl172/verification/denali/am29pl320db_90.soma
  mpmc_pl172/verification/denali/k6r4016c1c_10.dat
  mpmc_pl172/verification/denali/mt28f002b3vg.dat
  mpmc_pl172/verification/denali/k4s641632d_60.soma
  mpmc_pl172/verification/denali/hm5257805b_a6.soma
  mpmc_pl172/verification/denali/mt48lc1m16a1_6s.soma
  mpmc_pl172/verification/denali/k4s561632a_75.soma
  mpmc_pl172/verification/denali/mt48lc32m16a2_75.dat
  mpmc_pl172/verification/denali/mt5c2568_12.dat
  mpmc_pl172/verification/denali/k3p9vu1000m_3_0v.soma
  mpmc_pl172/verification/denali/k4s561632a_75.dat
  mpmc_pl172/verification/denali/mt48lc16m16a2_75.dat
  mpmc_pl172/verification/denali/mt48lc8m16a2_7e.soma
  mpmc_pl172/verification/denali/mt28f004b5_8b_et.soma
  mpmc_pl172/verification/denali/hm5225325f_b60.soma
  mpmc_pl172/verification/denali/hm5225805b_75.soma
  mpmc_pl172/verification/denali/k4s281632c_75.dat
  mpmc_pl172/verification/denali/k6r1016v1c_15.soma
  mpmc_pl172/verification/denali/hyb25l128800ac.soma
  mpmc_pl172/verification/denali/Int28f800f3b95.soma
  mpmc_pl172/verification/denali/I28f320w18b_70.soma
  mpmc_pl172/verification/denali/x28c256_15.soma
  mpmc_pl172/verification/denali/hm5264805f_75.dat
  mpmc_pl172/verification/denali/at27lv040a_15.dat
  mpmc_pl172/verification/denali/mt5c2568_12.soma
  mpmc_pl172/verification/denali/mt48lc4m32b2_6.soma
  mpmc_pl172/verification/denali/hm5212165f_75a.soma
  mpmc_pl172/verification/denali/at27lv040a_12.soma
  mpmc_pl172/verification/denali/mt28s4m16lc_10.dat
  mpmc_pl172/verification/denali/mt48lc4m16a2_75.dat
  mpmc_pl172/verification/denali/m27w201-80.soma
  mpmc_pl172/verification/denali/mt48lc2m32b2_6.dat
  mpmc_pl172/verification/denali/README
  mpmc_pl172/verification/denali/at27lv040a_90.dat
  mpmc_pl172/verification/denali/sst37vf020_90.dat
  mpmc_pl172/verification/denali/mt28f400b5sg.dat
  mpmc_pl172/verification/denali/hm5212805f_75.soma
  mpmc_pl172/verification/denali/mt48lc16m16a2_75.soma
  mpmc_pl172/verification/denali/mt48lc16m8a2_75.soma
  mpmc_pl172/verification/denali/k6t8016c3m_55.dat
  mpmc_pl172/verification/denali/mt28s4m16lc_10.soma
  mpmc_pl172/verification/denali/k6r4016c1c_12.dat
  mpmc_pl172/verification/denali/mt48lc4m32b2_6.dat
  mpmc_pl172/verification/denali/mt28f002b3vg_9b.soma
  mpmc_pl172/verification/denali/k4s641632d_60.dat
  mpmc_pl172/verification/denali/hyb25l128800ac.dat
  mpmc_pl172/verification/denali/at27lv040a_90.soma
  mpmc_pl172/verification/denali/Int28f800f3b95.dat
  mpmc_pl172/verification/denali/hm5257805b_a6.dat
  mpmc_pl172/verification/denali/hm5225325f_b60.dat
  mpmc_pl172/verification/denali/k6t8016c3m_55.soma
  mpmc_pl172/verification/denali/k6r1016v1c_12.soma
  mpmc_pl172/verification/denali/mt48lc2m32lffc_8.dat
  mpmc_pl172/verification/denali/mt48lc2m32lffc_8.soma
  mpmc_pl172/verification/denali/k6r4016c1c_10.soma
  mpmc_pl172/verification/denali/hm5212165f_75a.dat
  mpmc_pl172/verification/denali/k6r1016v1c_12.dat
  mpmc_pl172/verification/denali/mt28f004b5_8b_et.dat
  mpmc_pl172/verification/denali/mt28f400b5sg_8t.soma
  mpmc_pl172/verification/denali/mt5c2568_20.soma
  mpmc_pl172/verification/denali/k4s643232c_60.dat
  mpmc_pl172/verification/denali/mt28f002b3vg.soma
  mpmc_pl172/verification/denali/mt28s4m16lc_12.dat
  mpmc_pl172/verification/denali/hm5225805b_75.dat
  mpmc_pl172/verification/denali/k3p9vu1000m_3_3v.soma
  mpmc_pl172/verification/denali/sst37vf020_90.soma
  mpmc_pl172/verification/denali/k3p9vu1000m_3_3v.dat
  mpmc_pl172/verification/denali/k4s281632c_75.soma
  mpmc_pl172/verification/denali/k3n9vu1000m1.dat
  mpmc_pl172/verification/denali/mt28f400b5sg.soma
  mpmc_pl172/verification/denali/am29pl320dt_60r.dat
  mpmc_pl172/verification/denali/mt28f400b5sg_8b_et.dat
  mpmc_pl172/verification/denali/at27lv040a_12.dat
  mpmc_pl172/verification/denali/k3p9vu1000m_3_0v1.dat
  mpmc_pl172/verification/denali/mt48lc1m16a1_6s.dat
  mpmc_pl172/verification/denali/mt48lc8m8a2_7e.soma
  mpmc_pl172/verification/denali/mt48lc2m32b2_6.soma
  mpmc_pl172/verification/denali/am29pl320dt_60r.soma
  mpmc_pl172/verification/denali/mt28f004b5_6t1.dat
  mpmc_pl172/verification/denali/mt28f400b5sg_8t.vhd
  mpmc_pl172/verification/denali/mt28f004b5_6t1.soma
  mpmc_pl172/verification/denali/k4s643232c_60.soma
  mpmc_pl172/verification/denali/mt48lc8m16a2_7e.dat
  mpmc_pl172/verification/denali/upd4516821g5.soma
  mpmc_pl172/verification/denali/mt28f400b5sg_8t.dat
  mpmc_pl172/verification/denali/Int28f800f3b115.soma
  mpmc_pl172/verification/denali/m27w201-80.dat
  mpmc_pl172/verification/denali/mt28s4m16lc_12.soma
  mpmc_pl172/verification/denali/mt28f002b3vg_9b.dat
  mpmc_pl172/verification/denali/k3n9vu1000m2.dat

PL172-VE-01010-r2p3-00rel0:

  mpmc_pl172/
  mpmc_pl172/verification/
  mpmc_pl172/verification/makefile
  mpmc_pl172/verification/bustest/
  mpmc_pl172/verification/bustest/BigEndHburstTest.c
  mpmc_pl172/verification/bustest/MemModelROMTest.c
  mpmc_pl172/verification/bustest/CornerCases5.c
  mpmc_pl172/verification/bustest/AHBLockIdleInsertTest2.c
  mpmc_pl172/verification/bustest/TestForErrata3_6_BufEn.c
  mpmc_pl172/verification/bustest/DyHburstClkRatTB9Test.c
  mpmc_pl172/verification/bustest/LatencyTest8.c
  mpmc_pl172/verification/bustest/MultiPortDiffComb8.c
  mpmc_pl172/verification/bustest/DyHburstCmdDelTest1.c
  mpmc_pl172/verification/bustest/DyHburstTest1.c
  mpmc_pl172/verification/bustest/Arb2CornerCase4.c
  mpmc_pl172/verification/bustest/BLSDelayValueTests.c
  mpmc_pl172/verification/bustest/MemBGntTest.c
  mpmc_pl172/verification/bustest/CornerCases7.c
  mpmc_pl172/verification/bustest/LatencyTest5_2.c
  mpmc_pl172/verification/bustest/MPMCEnableTest.c
  mpmc_pl172/verification/bustest/Arb4DyWrRdClkRat.c
  mpmc_pl172/verification/bustest/IdlePort.c
  mpmc_pl172/verification/bustest/RandHburstTest.c
  mpmc_pl172/verification/bustest/HburstTest.c
  mpmc_pl172/verification/bustest/MultiPortPgAccessTest2.c
  mpmc_pl172/verification/bustest/Arb2HMastLockTest.c
  mpmc_pl172/verification/bustest/LatencyTest1.c
  mpmc_pl172/verification/bustest/BigEndianPinTest.c
  mpmc_pl172/verification/bustest/SelRefPriorityTest.c
  mpmc_pl172/verification/bustest/DyHburstClkRatTB8Test.c
  mpmc_pl172/verification/bustest/Arb3DyStWrRd.c
  mpmc_pl172/verification/bustest/MultiPortDiffComb1.c
  mpmc_pl172/verification/bustest/TestForErrata3_6_BufDis.c
  mpmc_pl172/verification/bustest/makefile
  mpmc_pl172/verification/bustest/LowPwrSdramFunTest.c
  mpmc_pl172/verification/bustest/IntegrationTest.c
  mpmc_pl172/verification/bustest/LatencyTest3_1.c
  mpmc_pl172/verification/bustest/IdlePort1.c
  mpmc_pl172/verification/bustest/DyHburstTestTB10.c
  mpmc_pl172/verification/bustest/Arb2DyWrRd.c
  mpmc_pl172/verification/bustest/LatencyTest6_2.c
  mpmc_pl172/verification/bustest/MultiPortPgAccessTest4.c
  mpmc_pl172/verification/bustest/Arb3StWrRd.c
  mpmc_pl172/verification/bustest/EndiannessTests.c
  mpmc_pl172/verification/bustest/Mpmc.c
  mpmc_pl172/verification/bustest/MultiPortDiffComb3.c
  mpmc_pl172/verification/bustest/Mpmc.h
  mpmc_pl172/verification/bustest/BusyInsertionTest.c
  mpmc_pl172/verification/bustest/SyncFlashCmdDelTest.c
  mpmc_pl172/verification/bustest/SelfRefChk.c
  mpmc_pl172/verification/bustest/DyHburstTestTB8.c
  mpmc_pl172/verification/bustest/CornerCases2.c
  mpmc_pl172/verification/bustest/DyHburstClkRatTB7Test.c
  mpmc_pl172/verification/bustest/RandHburstTest2.c
  mpmc_pl172/verification/bustest/HResetTest.c
  mpmc_pl172/verification/bustest/Arb4DyWrRd.c
  mpmc_pl172/verification/bustest/MultiPortDiffComb5.c
  mpmc_pl172/verification/bustest/LatencyTest4_1.c
  mpmc_pl172/verification/bustest/Rel1HburstTest.c
  mpmc_pl172/verification/bustest/RefreshMissTest.c
  mpmc_pl172/verification/bustest/CornerCases4.c
  mpmc_pl172/verification/bustest/AHBLockIdleInsertTest1.c
  mpmc_pl172/verification/bustest/ControllerBusyTest.c
  mpmc_pl172/verification/bustest/LatencyTest7.c
  mpmc_pl172/verification/bustest/StCommon.c
  mpmc_pl172/verification/bustest/MultiPortDiffComb7.c
  mpmc_pl172/verification/bustest/MemModelPgROMTest.c
  mpmc_pl172/verification/bustest/RdRefAlnTest.c
  mpmc_pl172/verification/bustest/CornerCases6.c
  mpmc_pl172/verification/bustest/LatencyTest5_1.c
  mpmc_pl172/verification/bustest/Arb4DyStWrRd.c
  mpmc_pl172/verification/bustest/LatencyTest9.c
  mpmc_pl172/verification/bustest/AddrMirrTest.c
  mpmc_pl172/verification/bustest/StWtPgBufEnTest.c
  mpmc_pl172/verification/bustest/WrProtTest.c
  mpmc_pl172/verification/bustest/MpmcRegisterTests.c
  mpmc_pl172/verification/bustest/DyHburstTest2.c
  mpmc_pl172/verification/bustest/MultiPortPgAccessTest1.c
  mpmc_pl172/verification/bustest/ROMTest.c
  mpmc_pl172/verification/bustest/CornerCases8.c
  mpmc_pl172/verification/bustest/Common.c
  mpmc_pl172/verification/bustest/RefFreqChk.c
  mpmc_pl172/verification/bustest/DelayValueTests.c
  mpmc_pl172/verification/bustest/MultiPortPgAccessTest.c
  mpmc_pl172/verification/bustest/ClkCtrlTest.c
  mpmc_pl172/verification/bustest/DyHburstTestTB5.c
  mpmc_pl172/verification/bustest/LatencyTest6_1.c
  mpmc_pl172/verification/bustest/BusTalkMakefile.mk
  mpmc_pl172/verification/bustest/MultiPortPgAccessTest3.c
  mpmc_pl172/verification/bustest/Arb2StWrRd.c
  mpmc_pl172/verification/bustest/ExdWaitDelTest.c
  mpmc_pl172/verification/bustest/SdramInitRtnChk.c
  mpmc_pl172/verification/bustest/LatencyTest2.c
  mpmc_pl172/verification/bustest/LatencyTest10.c
  mpmc_pl172/verification/bustest/RandomTest1.c
  mpmc_pl172/verification/bustest/LowPwrModeTest.c
  mpmc_pl172/verification/bustest/MultiPortDiffComb2.c
  mpmc_pl172/verification/bustest/StWtPgTest.c
  mpmc_pl172/verification/bustest/TransferTest.c
  mpmc_pl172/verification/bustest/LatencyTest3_2.c
  mpmc_pl172/verification/bustest/CSPolarityTest.c
  mpmc_pl172/verification/bustest/DyHburstTestTB7.c
  mpmc_pl172/verification/bustest/DirectDyDtFtchTest.c
  mpmc_pl172/verification/bustest/CornerCases1.c
  mpmc_pl172/verification/bustest/MemModelStPgModeTest.c
  mpmc_pl172/verification/bustest/MultiPortPgAccessTest5.c
  mpmc_pl172/verification/bustest/RandHburstTest1.c
  mpmc_pl172/verification/bustest/Arb3DyWrRd.c
  mpmc_pl172/verification/bustest/Arb2DyStWrRd.c
  mpmc_pl172/verification/bustest/MultiPortDiffComb4.c
  mpmc_pl172/verification/bustest/POResetTest.c
  mpmc_pl172/verification/bustest/BusDegrantTest.c
  mpmc_pl172/verification/bustest/Arb4StWrRd.c
  mpmc_pl172/verification/bustest/SyncFlashTest.c
  mpmc_pl172/verification/bustest/DyHburstTestTB9.c
  mpmc_pl172/verification/bustest/CornerCases3.c
  mpmc_pl172/verification/bustest/busmacros.c
  mpmc_pl172/verification/bustest/MemModelHburstTest.c
  mpmc_pl172/verification/bustest/ClkEnableTest.c
  mpmc_pl172/verification/bustest/AddrToggleTest.c
  mpmc_pl172/verification/bustest/MultiPortWrProtTest.c
  mpmc_pl172/verification/bustest/Arb4IdleBusy.c
  mpmc_pl172/verification/bustest/MultiPortDiffComb6.c
  mpmc_pl172/verification/bustest/README
  mpmc_pl172/verification/bustest/LatencyTest4_2.c
  global/
  global/bustalk_apb/
  global/bustalk_apb/bustest/
  global/bustalk_apb/bustest/tif2sim.awk
  global/bustalk_apb/bustest/bif2sim.awk
  global/bustalk_apb/bustest/busheader.h
  global/bustalk_apb/bustest/busmacros.c
  global/bustalk_apb/bustest/busmacros.h
  global/bustalk_apb/bustest/include.h
  global/bustalk_apb/bustest/BusTalkMakefile.mk
  global/bustalk_apb/bustest/config.h
  global/bustalk_apb/bustest/addargs_script
  global/bustalk_apb/bustest/tif2bif
  global/bustalk_ahb/
  global/bustalk_ahb/bustest/
  global/bustalk_ahb/bustest/tif2sim.awk
  global/bustalk_ahb/bustest/addargs_script
  global/bustalk_ahb/bustest/config.h
  global/bustalk_ahb/bustest/bif2sim.awk
  global/bustalk_ahb/bustest/busheader.h
  global/bustalk_ahb/bustest/busmacros.c
  global/bustalk_ahb/bustest/busmacros.h
  global/bustalk_ahb/bustest/tif2bif
  global/bustalk_ahb/bustest/include.h
  global/bustalk_ahb/bustest/BusTalkMakefile.mk

PL172-VE-01012-r2p3-00rel0:

  mpmc_pl172/
  mpmc_pl172/integration/
  mpmc_pl172/integration/makefile
  mpmc_pl172/integration/bustest/
  mpmc_pl172/integration/bustest/busmacros.c
  mpmc_pl172/integration/bustest/IntRegisterTest.c
  mpmc_pl172/integration/bustest/MpmcCommon.c
  mpmc_pl172/integration/bustest/ResponseTests.c
  mpmc_pl172/integration/bustest/README
  mpmc_pl172/integration/bustest/makefile
  mpmc_pl172/integration/bustest/BusTalkMakefile.mk
  mpmc_pl172/integration/bustest/TransferTests.c
  mpmc_pl172/integration/bustest/Mpmc.c
  mpmc_pl172/integration/bustest/Mpmc.h
  mpmc_pl172/integration/bustest/IntegrationTest.c
  global/
  global/bustalk_apb/
  global/bustalk_apb/bustest/
  global/bustalk_apb/bustest/tif2sim.awk
  global/bustalk_apb/bustest/bif2sim.awk
  global/bustalk_apb/bustest/busheader.h
  global/bustalk_apb/bustest/busmacros.c
  global/bustalk_apb/bustest/busmacros.h
  global/bustalk_apb/bustest/include.h
  global/bustalk_apb/bustest/BusTalkMakefile.mk
  global/bustalk_apb/bustest/config.h
  global/bustalk_apb/bustest/addargs_script
  global/bustalk_apb/bustest/tif2bif
  global/bustalk_ahb/
  global/bustalk_ahb/bustest/
  global/bustalk_ahb/bustest/tif2sim.awk
  global/bustalk_ahb/bustest/addargs_script
  global/bustalk_ahb/bustest/config.h
  global/bustalk_ahb/bustest/bif2sim.awk
  global/bustalk_ahb/bustest/busheader.h
  global/bustalk_ahb/bustest/busmacros.c
  global/bustalk_ahb/bustest/busmacros.h
  global/bustalk_ahb/bustest/tif2bif
  global/bustalk_ahb/bustest/include.h
  global/bustalk_ahb/bustest/BusTalkMakefile.mk

