 
****************************************
Report : timing
        -path full
        -delay max
        -nworst 10
        -input_pins
        -nets
        -max_paths 10
        -transition_time
        -capacitance
Design : SMC1000Core
Version: V-2004.06
Date   : Wed Jul 18 09:36:17 2007
****************************************

 # A fanout number of 1000 was used for high fanout net computations.

Operating Conditions: slow   Library: slow
Wire Load Model Mode: top

  Startpoint: uCPU8051/cpu/ir_reg_0/IR_reg_1_
              (rising edge-triggered flip-flop)
  Endpoint: xrom_ce_b (output port)
  Path Group: (none)
  Path Type: max

  Point                                       Fanout       Cap     Trans      Incr       Path
  ----------------------------------------------------------------------------------------------
  uCPU8051/cpu/ir_reg_0/IR_reg_1_/CK (DFFRX1)                       0.00      0.00 #     0.00 r
  uCPU8051/cpu/ir_reg_0/IR_reg_1_/Q (DFFRX1)                        0.48      0.89       0.89 r
  uCPU8051/cpu/ir_reg_0/IR[1] (net)             9         0.04                0.00       0.89 r
  uCPU8051/cpu/ir_reg_0/IR[1] (IR_REG)                                        0.00       0.89 r
  uCPU8051/cpu/n10 (net)                                  0.04                0.00       0.89 r
  uCPU8051/cpu/ir_decoder1_0/IR[1] (IR_DECODER1)                              0.00       0.89 r
  uCPU8051/cpu/ir_decoder1_0/IR[1] (net)                  0.04                0.00       0.89 r
  uCPU8051/cpu/ir_decoder1_0/U355/A (INVX1)                         0.48      0.00       0.89 r
  uCPU8051/cpu/ir_decoder1_0/U355/Y (INVX1)                         0.22      0.19       1.08 f
  uCPU8051/cpu/ir_decoder1_0/n327 (net)         5         0.02                0.00       1.08 f
  uCPU8051/cpu/ir_decoder1_0/U353/A (AND3X1)                        0.22      0.00       1.08 f
  uCPU8051/cpu/ir_decoder1_0/U353/Y (AND3X1)                        0.12      0.28       1.37 f
  uCPU8051/cpu/ir_decoder1_0/n376 (net)         2         0.01                0.00       1.37 f
  uCPU8051/cpu/ir_decoder1_0/U352/B (NAND2X1)                       0.12      0.00       1.37 f
  uCPU8051/cpu/ir_decoder1_0/U352/Y (NAND2X1)                       0.39      0.26       1.63 r
  uCPU8051/cpu/ir_decoder1_0/n309 (net)         6         0.03                0.00       1.63 r
  uCPU8051/cpu/ir_decoder1_0/U328/A (INVX1)                         0.39      0.00       1.63 r
  uCPU8051/cpu/ir_decoder1_0/U328/Y (INVX1)                         0.13      0.10       1.73 f
  uCPU8051/cpu/ir_decoder1_0/n346 (net)         2         0.01                0.00       1.73 f
  uCPU8051/cpu/ir_decoder1_0/U326/A1 (AOI22X1)                      0.13      0.00       1.73 f
  uCPU8051/cpu/ir_decoder1_0/U326/Y (AOI22X1)                       0.32      0.22       1.95 r
  uCPU8051/cpu/ir_decoder1_0/n362 (net)         2         0.01                0.00       1.95 r
  uCPU8051/cpu/ir_decoder1_0/U322/A (INVX1)                         0.32      0.00       1.95 r
  uCPU8051/cpu/ir_decoder1_0/U322/Y (INVX1)                         0.09      0.07       2.02 f
  uCPU8051/cpu/ir_decoder1_0/n367 (net)         1         0.00                0.00       2.02 f
  uCPU8051/cpu/ir_decoder1_0/U320/A1 (AOI22X1)                      0.09      0.00       2.02 f
  uCPU8051/cpu/ir_decoder1_0/U320/Y (AOI22X1)                       0.21      0.15       2.17 r
  uCPU8051/cpu/ir_decoder1_0/n365 (net)         1         0.00                0.00       2.17 r
  uCPU8051/cpu/ir_decoder1_0/U319/C (AND3X1)                        0.21      0.00       2.17 r
  uCPU8051/cpu/ir_decoder1_0/U319/Y (AND3X1)                        0.16      0.28       2.45 r
  uCPU8051/cpu/ir_decoder1_0/n312 (net)         2         0.01                0.00       2.45 r
  uCPU8051/cpu/ir_decoder1_0/U318/C1 (OAI222X1)                     0.16      0.00       2.45 r
  uCPU8051/cpu/ir_decoder1_0/U318/Y (OAI222X1)                      0.20      0.16       2.61 f
  uCPU8051/cpu/ir_decoder1_0/n361 (net)         1         0.00                0.00       2.61 f
  uCPU8051/cpu/ir_decoder1_0/U317/D (NOR4X1)                        0.20      0.00       2.61 f
  uCPU8051/cpu/ir_decoder1_0/U317/Y (NOR4X1)                        0.41      0.37       2.99 r
  uCPU8051/cpu/ir_decoder1_0/n328 (net)         2         0.01                0.00       2.99 r
  uCPU8051/cpu/ir_decoder1_0/U298/C0 (OAI211X1)                     0.41      0.00       2.99 r
  uCPU8051/cpu/ir_decoder1_0/U298/Y (OAI211X1)                      0.18      0.16       3.14 f
  uCPU8051/cpu/ir_decoder1_0/CYCLE2 (net)       2         0.01                0.00       3.14 f
  uCPU8051/cpu/ir_decoder1_0/CYCLE2 (IR_DECODER1)                             0.00       3.14 f
  uCPU8051/cpu/CYCLE2 (net)                               0.01                0.00       3.14 f
  uCPU8051/cpu/fetch_fsm_0/CYCLE2 (FETCH_FSM)                                 0.00       3.14 f
  uCPU8051/cpu/fetch_fsm_0/CYCLE2 (net)                   0.01                0.00       3.14 f
  uCPU8051/cpu/fetch_fsm_0/U347/B (OR2X1)                           0.18      0.00       3.14 f
  uCPU8051/cpu/fetch_fsm_0/U347/Y (OR2X1)                           0.09      0.28       3.42 f
  uCPU8051/cpu/fetch_fsm_0/n505 (net)           1         0.00                0.00       3.42 f
  uCPU8051/cpu/fetch_fsm_0/U346/A1 (AOI21X1)                        0.09      0.00       3.42 f
  uCPU8051/cpu/fetch_fsm_0/U346/Y (AOI21X1)                         0.58      0.40       3.82 r
  uCPU8051/cpu/fetch_fsm_0/n473 (net)           6         0.03                0.00       3.82 r
  uCPU8051/cpu/fetch_fsm_0/U335/B (NOR3X1)                          0.58      0.00       3.82 r
  uCPU8051/cpu/fetch_fsm_0/U335/Y (NOR3X1)                          0.37      0.35       4.17 f
  uCPU8051/cpu/fetch_fsm_0/CS2 (net)           11         0.04                0.00       4.17 f
  uCPU8051/cpu/fetch_fsm_0/CS2 (FETCH_FSM)                                    0.00       4.17 f
  uCPU8051/cpu/CS2 (net)                                  0.04                0.00       4.17 f
  uCPU8051/cpu/ir_decoder2_0/CS2 (IR_DECODER2)                                0.00       4.17 f
  uCPU8051/cpu/ir_decoder2_0/CS2 (net)                    0.04                0.00       4.17 f
  uCPU8051/cpu/ir_decoder2_0/U1683/A (INVX1)                        0.37      0.00       4.17 f
  uCPU8051/cpu/ir_decoder2_0/U1683/Y (INVX1)                        0.25      0.22       4.39 r
  uCPU8051/cpu/ir_decoder2_0/n2122 (net)        4         0.02                0.00       4.39 r
  uCPU8051/cpu/ir_decoder2_0/U1457/B (NOR2X1)                       0.25      0.00       4.39 r
  uCPU8051/cpu/ir_decoder2_0/U1457/Y (NOR2X1)                       0.22      0.19       4.58 f
  uCPU8051/cpu/ir_decoder2_0/n2129 (net)        6         0.03                0.00       4.58 f
  uCPU8051/cpu/ir_decoder2_0/U1323/B1 (OAI22X1)                     0.22      0.00       4.58 f
  uCPU8051/cpu/ir_decoder2_0/U1323/Y (OAI22X1)                      0.34      0.24       4.82 r
  uCPU8051/cpu/ir_decoder2_0/n2121 (net)        1         0.01                0.00       4.82 r
  uCPU8051/cpu/ir_decoder2_0/U1321/A0 (OAI33X1)                     0.34      0.00       4.82 r
  uCPU8051/cpu/ir_decoder2_0/U1321/Y (OAI33X1)                      0.25      0.15       4.97 f
  uCPU8051/cpu/ir_decoder2_0/XA_OUT_EN (net)
                                                1         0.00                0.00       4.97 f
  uCPU8051/cpu/ir_decoder2_0/XA_OUT_EN (IR_DECODER2)                          0.00       4.97 f
  uCPU8051/cpu/XA_OUT_EN (net)                            0.00                0.00       4.97 f
  uCPU8051/cpu/etc_unit_0/XA_OUT_EN (ETC_UNIT)                                0.00       4.97 f
  uCPU8051/cpu/etc_unit_0/XA_OUT_EN (net)                 0.00                0.00       4.97 f
  uCPU8051/cpu/etc_unit_0/U203/B (NOR2X1)                           0.25      0.00       4.97 f
  uCPU8051/cpu/etc_unit_0/U203/Y (NOR2X1)                           1.71      1.04       6.01 r
  uCPU8051/cpu/etc_unit_0/n206 (net)           16         0.09                0.00       6.01 r
  uCPU8051/cpu/etc_unit_0/U187/S0 (MX2X1)                           1.71      0.00       6.01 r
  uCPU8051/cpu/etc_unit_0/U187/Y (MX2X1)                            0.17      0.59       6.60 r
  uCPU8051/cpu/etc_unit_0/P2_OUT[7] (net)       3         0.01                0.00       6.60 r
  uCPU8051/cpu/etc_unit_0/P2_OUT[7] (ETC_UNIT)                                0.00       6.60 r
  uCPU8051/cpu/XMEM_H[7] (net)                            0.01                0.00       6.60 r
  uCPU8051/cpu/XMEM_H[7] (cpu)                                                0.00       6.60 r
  uCPU8051/xrom_addr[15] (net)                            0.01                0.00       6.60 r
  uCPU8051/xrom_addr[15] (core_top)                                           0.00       6.60 r
  xrom_addr[15] (net)                                     0.01                0.00       6.60 r
  U281/B (NOR2BX1)                                                  0.17      0.00       6.60 r
  U281/Y (NOR2BX1)                                                  0.06      0.06       6.66 f
  xrom_ce_b (net)                               1         0.00                0.00       6.66 f
  xrom_ce_b (out)                                                   0.06      0.00       6.66 f
  data arrival time                                                                      6.66
  ----------------------------------------------------------------------------------------------
  (Path is unconstrained)


  Startpoint: uCPU8051/cpu/ir_reg_0/IR_reg_1_
              (rising edge-triggered flip-flop)
  Endpoint: xrom_ce_b (output port)
  Path Group: (none)
  Path Type: max

  Point                                       Fanout       Cap     Trans      Incr       Path
  ----------------------------------------------------------------------------------------------
  uCPU8051/cpu/ir_reg_0/IR_reg_1_/CK (DFFRX1)                       0.00      0.00 #     0.00 r
  uCPU8051/cpu/ir_reg_0/IR_reg_1_/Q (DFFRX1)                        0.48      0.89       0.89 r
  uCPU8051/cpu/ir_reg_0/IR[1] (net)             9         0.04                0.00       0.89 r
  uCPU8051/cpu/ir_reg_0/IR[1] (IR_REG)                                        0.00       0.89 r
  uCPU8051/cpu/n10 (net)                                  0.04                0.00       0.89 r
  uCPU8051/cpu/ir_decoder1_0/IR[1] (IR_DECODER1)                              0.00       0.89 r
  uCPU8051/cpu/ir_decoder1_0/IR[1] (net)                  0.04                0.00       0.89 r
  uCPU8051/cpu/ir_decoder1_0/U355/A (INVX1)                         0.48      0.00       0.89 r
  uCPU8051/cpu/ir_decoder1_0/U355/Y (INVX1)                         0.22      0.19       1.08 f
  uCPU8051/cpu/ir_decoder1_0/n327 (net)         5         0.02                0.00       1.08 f
  uCPU8051/cpu/ir_decoder1_0/U353/A (AND3X1)                        0.22      0.00       1.08 f
  uCPU8051/cpu/ir_decoder1_0/U353/Y (AND3X1)                        0.12      0.28       1.37 f
  uCPU8051/cpu/ir_decoder1_0/n376 (net)         2         0.01                0.00       1.37 f
  uCPU8051/cpu/ir_decoder1_0/U352/B (NAND2X1)                       0.12      0.00       1.37 f
  uCPU8051/cpu/ir_decoder1_0/U352/Y (NAND2X1)                       0.39      0.26       1.63 r
  uCPU8051/cpu/ir_decoder1_0/n309 (net)         6         0.03                0.00       1.63 r
  uCPU8051/cpu/ir_decoder1_0/U328/A (INVX1)                         0.39      0.00       1.63 r
  uCPU8051/cpu/ir_decoder1_0/U328/Y (INVX1)                         0.13      0.10       1.73 f
  uCPU8051/cpu/ir_decoder1_0/n346 (net)         2         0.01                0.00       1.73 f
  uCPU8051/cpu/ir_decoder1_0/U326/A1 (AOI22X1)                      0.13      0.00       1.73 f
  uCPU8051/cpu/ir_decoder1_0/U326/Y (AOI22X1)                       0.32      0.22       1.95 r
  uCPU8051/cpu/ir_decoder1_0/n362 (net)         2         0.01                0.00       1.95 r
  uCPU8051/cpu/ir_decoder1_0/U322/A (INVX1)                         0.32      0.00       1.95 r
  uCPU8051/cpu/ir_decoder1_0/U322/Y (INVX1)                         0.09      0.07       2.02 f
  uCPU8051/cpu/ir_decoder1_0/n367 (net)         1         0.00                0.00       2.02 f
  uCPU8051/cpu/ir_decoder1_0/U320/A1 (AOI22X1)                      0.09      0.00       2.02 f
  uCPU8051/cpu/ir_decoder1_0/U320/Y (AOI22X1)                       0.21      0.15       2.17 r
  uCPU8051/cpu/ir_decoder1_0/n365 (net)         1         0.00                0.00       2.17 r
  uCPU8051/cpu/ir_decoder1_0/U319/C (AND3X1)                        0.21      0.00       2.17 r
  uCPU8051/cpu/ir_decoder1_0/U319/Y (AND3X1)                        0.16      0.28       2.45 r
  uCPU8051/cpu/ir_decoder1_0/n312 (net)         2         0.01                0.00       2.45 r
  uCPU8051/cpu/ir_decoder1_0/U318/C1 (OAI222X1)                     0.16      0.00       2.45 r
  uCPU8051/cpu/ir_decoder1_0/U318/Y (OAI222X1)                      0.20      0.16       2.61 f
  uCPU8051/cpu/ir_decoder1_0/n361 (net)         1         0.00                0.00       2.61 f
  uCPU8051/cpu/ir_decoder1_0/U317/D (NOR4X1)                        0.20      0.00       2.61 f
  uCPU8051/cpu/ir_decoder1_0/U317/Y (NOR4X1)                        0.41      0.37       2.99 r
  uCPU8051/cpu/ir_decoder1_0/n328 (net)         2         0.01                0.00       2.99 r
  uCPU8051/cpu/ir_decoder1_0/U298/C0 (OAI211X1)                     0.41      0.00       2.99 r
  uCPU8051/cpu/ir_decoder1_0/U298/Y (OAI211X1)                      0.18      0.16       3.14 f
  uCPU8051/cpu/ir_decoder1_0/CYCLE2 (net)       2         0.01                0.00       3.14 f
  uCPU8051/cpu/ir_decoder1_0/CYCLE2 (IR_DECODER1)                             0.00       3.14 f
  uCPU8051/cpu/CYCLE2 (net)                               0.01                0.00       3.14 f
  uCPU8051/cpu/fetch_fsm_0/CYCLE2 (FETCH_FSM)                                 0.00       3.14 f
  uCPU8051/cpu/fetch_fsm_0/CYCLE2 (net)                   0.01                0.00       3.14 f
  uCPU8051/cpu/fetch_fsm_0/U347/B (OR2X1)                           0.18      0.00       3.14 f
  uCPU8051/cpu/fetch_fsm_0/U347/Y (OR2X1)                           0.09      0.28       3.42 f
  uCPU8051/cpu/fetch_fsm_0/n505 (net)           1         0.00                0.00       3.42 f
  uCPU8051/cpu/fetch_fsm_0/U346/A1 (AOI21X1)                        0.09      0.00       3.42 f
  uCPU8051/cpu/fetch_fsm_0/U346/Y (AOI21X1)                         0.58      0.40       3.82 r
  uCPU8051/cpu/fetch_fsm_0/n473 (net)           6         0.03                0.00       3.82 r
  uCPU8051/cpu/fetch_fsm_0/U335/B (NOR3X1)                          0.58      0.00       3.82 r
  uCPU8051/cpu/fetch_fsm_0/U335/Y (NOR3X1)                          0.37      0.35       4.17 f
  uCPU8051/cpu/fetch_fsm_0/CS2 (net)           11         0.04                0.00       4.17 f
  uCPU8051/cpu/fetch_fsm_0/CS2 (FETCH_FSM)                                    0.00       4.17 f
  uCPU8051/cpu/CS2 (net)                                  0.04                0.00       4.17 f
  uCPU8051/cpu/ir_decoder2_0/CS2 (IR_DECODER2)                                0.00       4.17 f
  uCPU8051/cpu/ir_decoder2_0/CS2 (net)                    0.04                0.00       4.17 f
  uCPU8051/cpu/ir_decoder2_0/U1683/A (INVX1)                        0.37      0.00       4.17 f
  uCPU8051/cpu/ir_decoder2_0/U1683/Y (INVX1)                        0.25      0.22       4.39 r
  uCPU8051/cpu/ir_decoder2_0/n2122 (net)        4         0.02                0.00       4.39 r
  uCPU8051/cpu/ir_decoder2_0/U1457/B (NOR2X1)                       0.25      0.00       4.39 r
  uCPU8051/cpu/ir_decoder2_0/U1457/Y (NOR2X1)                       0.22      0.19       4.58 f
  uCPU8051/cpu/ir_decoder2_0/n2129 (net)        6         0.03                0.00       4.58 f
  uCPU8051/cpu/ir_decoder2_0/U1323/B1 (OAI22X1)                     0.22      0.00       4.58 f
  uCPU8051/cpu/ir_decoder2_0/U1323/Y (OAI22X1)                      0.34      0.24       4.82 r
  uCPU8051/cpu/ir_decoder2_0/n2121 (net)        1         0.01                0.00       4.82 r
  uCPU8051/cpu/ir_decoder2_0/U1321/A0 (OAI33X1)                     0.34      0.00       4.82 r
  uCPU8051/cpu/ir_decoder2_0/U1321/Y (OAI33X1)                      0.25      0.15       4.97 f
  uCPU8051/cpu/ir_decoder2_0/XA_OUT_EN (net)
                                                1         0.00                0.00       4.97 f
  uCPU8051/cpu/ir_decoder2_0/XA_OUT_EN (IR_DECODER2)                          0.00       4.97 f
  uCPU8051/cpu/XA_OUT_EN (net)                            0.00                0.00       4.97 f
  uCPU8051/cpu/etc_unit_0/XA_OUT_EN (ETC_UNIT)                                0.00       4.97 f
  uCPU8051/cpu/etc_unit_0/XA_OUT_EN (net)                 0.00                0.00       4.97 f
  uCPU8051/cpu/etc_unit_0/U203/B (NOR2X1)                           0.25      0.00       4.97 f
  uCPU8051/cpu/etc_unit_0/U203/Y (NOR2X1)                           1.71      1.04       6.01 r
  uCPU8051/cpu/etc_unit_0/n206 (net)           16         0.09                0.00       6.01 r
  uCPU8051/cpu/etc_unit_0/U187/S0 (MX2X1)                           1.71      0.00       6.01 r
  uCPU8051/cpu/etc_unit_0/U187/Y (MX2X1)                            0.13      0.52       6.53 f
  uCPU8051/cpu/etc_unit_0/P2_OUT[7] (net)       3         0.01                0.00       6.53 f
  uCPU8051/cpu/etc_unit_0/P2_OUT[7] (ETC_UNIT)                                0.00       6.53 f
  uCPU8051/cpu/XMEM_H[7] (net)                            0.01                0.00       6.53 f
  uCPU8051/cpu/XMEM_H[7] (cpu)                                                0.00       6.53 f
  uCPU8051/xrom_addr[15] (net)                            0.01                0.00       6.53 f
  uCPU8051/xrom_addr[15] (core_top)                                           0.00       6.53 f
  xrom_addr[15] (net)                                     0.01                0.00       6.53 f
  U281/B (NOR2BX1)                                                  0.13      0.00       6.53 f
  U281/Y (NOR2BX1)                                                  0.08      0.10       6.63 r
  xrom_ce_b (net)                               1         0.00                0.00       6.63 r
  xrom_ce_b (out)                                                   0.08      0.00       6.63 r
  data arrival time                                                                      6.63
  ----------------------------------------------------------------------------------------------
  (Path is unconstrained)


  Startpoint: uCPU8051/cpu/ir_reg_0/IR_reg_1_
              (rising edge-triggered flip-flop)
  Endpoint: xrom_addr[15]
            (output port)
  Path Group: (none)
  Path Type: max

  Point                                       Fanout       Cap     Trans      Incr       Path
  ----------------------------------------------------------------------------------------------
  uCPU8051/cpu/ir_reg_0/IR_reg_1_/CK (DFFRX1)                       0.00      0.00 #     0.00 r
  uCPU8051/cpu/ir_reg_0/IR_reg_1_/Q (DFFRX1)                        0.48      0.89       0.89 r
  uCPU8051/cpu/ir_reg_0/IR[1] (net)             9         0.04                0.00       0.89 r
  uCPU8051/cpu/ir_reg_0/IR[1] (IR_REG)                                        0.00       0.89 r
  uCPU8051/cpu/n10 (net)                                  0.04                0.00       0.89 r
  uCPU8051/cpu/ir_decoder1_0/IR[1] (IR_DECODER1)                              0.00       0.89 r
  uCPU8051/cpu/ir_decoder1_0/IR[1] (net)                  0.04                0.00       0.89 r
  uCPU8051/cpu/ir_decoder1_0/U355/A (INVX1)                         0.48      0.00       0.89 r
  uCPU8051/cpu/ir_decoder1_0/U355/Y (INVX1)                         0.22      0.19       1.08 f
  uCPU8051/cpu/ir_decoder1_0/n327 (net)         5         0.02                0.00       1.08 f
  uCPU8051/cpu/ir_decoder1_0/U353/A (AND3X1)                        0.22      0.00       1.08 f
  uCPU8051/cpu/ir_decoder1_0/U353/Y (AND3X1)                        0.12      0.28       1.37 f
  uCPU8051/cpu/ir_decoder1_0/n376 (net)         2         0.01                0.00       1.37 f
  uCPU8051/cpu/ir_decoder1_0/U352/B (NAND2X1)                       0.12      0.00       1.37 f
  uCPU8051/cpu/ir_decoder1_0/U352/Y (NAND2X1)                       0.39      0.26       1.63 r
  uCPU8051/cpu/ir_decoder1_0/n309 (net)         6         0.03                0.00       1.63 r
  uCPU8051/cpu/ir_decoder1_0/U328/A (INVX1)                         0.39      0.00       1.63 r
  uCPU8051/cpu/ir_decoder1_0/U328/Y (INVX1)                         0.13      0.10       1.73 f
  uCPU8051/cpu/ir_decoder1_0/n346 (net)         2         0.01                0.00       1.73 f
  uCPU8051/cpu/ir_decoder1_0/U326/A1 (AOI22X1)                      0.13      0.00       1.73 f
  uCPU8051/cpu/ir_decoder1_0/U326/Y (AOI22X1)                       0.32      0.22       1.95 r
  uCPU8051/cpu/ir_decoder1_0/n362 (net)         2         0.01                0.00       1.95 r
  uCPU8051/cpu/ir_decoder1_0/U322/A (INVX1)                         0.32      0.00       1.95 r
  uCPU8051/cpu/ir_decoder1_0/U322/Y (INVX1)                         0.09      0.07       2.02 f
  uCPU8051/cpu/ir_decoder1_0/n367 (net)         1         0.00                0.00       2.02 f
  uCPU8051/cpu/ir_decoder1_0/U320/A1 (AOI22X1)                      0.09      0.00       2.02 f
  uCPU8051/cpu/ir_decoder1_0/U320/Y (AOI22X1)                       0.21      0.15       2.17 r
  uCPU8051/cpu/ir_decoder1_0/n365 (net)         1         0.00                0.00       2.17 r
  uCPU8051/cpu/ir_decoder1_0/U319/C (AND3X1)                        0.21      0.00       2.17 r
  uCPU8051/cpu/ir_decoder1_0/U319/Y (AND3X1)                        0.16      0.28       2.45 r
  uCPU8051/cpu/ir_decoder1_0/n312 (net)         2         0.01                0.00       2.45 r
  uCPU8051/cpu/ir_decoder1_0/U318/C1 (OAI222X1)                     0.16      0.00       2.45 r
  uCPU8051/cpu/ir_decoder1_0/U318/Y (OAI222X1)                      0.20      0.16       2.61 f
  uCPU8051/cpu/ir_decoder1_0/n361 (net)         1         0.00                0.00       2.61 f
  uCPU8051/cpu/ir_decoder1_0/U317/D (NOR4X1)                        0.20      0.00       2.61 f
  uCPU8051/cpu/ir_decoder1_0/U317/Y (NOR4X1)                        0.41      0.37       2.99 r
  uCPU8051/cpu/ir_decoder1_0/n328 (net)         2         0.01                0.00       2.99 r
  uCPU8051/cpu/ir_decoder1_0/U298/C0 (OAI211X1)                     0.41      0.00       2.99 r
  uCPU8051/cpu/ir_decoder1_0/U298/Y (OAI211X1)                      0.18      0.16       3.14 f
  uCPU8051/cpu/ir_decoder1_0/CYCLE2 (net)       2         0.01                0.00       3.14 f
  uCPU8051/cpu/ir_decoder1_0/CYCLE2 (IR_DECODER1)                             0.00       3.14 f
  uCPU8051/cpu/CYCLE2 (net)                               0.01                0.00       3.14 f
  uCPU8051/cpu/fetch_fsm_0/CYCLE2 (FETCH_FSM)                                 0.00       3.14 f
  uCPU8051/cpu/fetch_fsm_0/CYCLE2 (net)                   0.01                0.00       3.14 f
  uCPU8051/cpu/fetch_fsm_0/U347/B (OR2X1)                           0.18      0.00       3.14 f
  uCPU8051/cpu/fetch_fsm_0/U347/Y (OR2X1)                           0.09      0.28       3.42 f
  uCPU8051/cpu/fetch_fsm_0/n505 (net)           1         0.00                0.00       3.42 f
  uCPU8051/cpu/fetch_fsm_0/U346/A1 (AOI21X1)                        0.09      0.00       3.42 f
  uCPU8051/cpu/fetch_fsm_0/U346/Y (AOI21X1)                         0.58      0.40       3.82 r
  uCPU8051/cpu/fetch_fsm_0/n473 (net)           6         0.03                0.00       3.82 r
  uCPU8051/cpu/fetch_fsm_0/U335/B (NOR3X1)                          0.58      0.00       3.82 r
  uCPU8051/cpu/fetch_fsm_0/U335/Y (NOR3X1)                          0.37      0.35       4.17 f
  uCPU8051/cpu/fetch_fsm_0/CS2 (net)           11         0.04                0.00       4.17 f
  uCPU8051/cpu/fetch_fsm_0/CS2 (FETCH_FSM)                                    0.00       4.17 f
  uCPU8051/cpu/CS2 (net)                                  0.04                0.00       4.17 f
  uCPU8051/cpu/ir_decoder2_0/CS2 (IR_DECODER2)                                0.00       4.17 f
  uCPU8051/cpu/ir_decoder2_0/CS2 (net)                    0.04                0.00       4.17 f
  uCPU8051/cpu/ir_decoder2_0/U1683/A (INVX1)                        0.37      0.00       4.17 f
  uCPU8051/cpu/ir_decoder2_0/U1683/Y (INVX1)                        0.25      0.22       4.39 r
  uCPU8051/cpu/ir_decoder2_0/n2122 (net)        4         0.02                0.00       4.39 r
  uCPU8051/cpu/ir_decoder2_0/U1457/B (NOR2X1)                       0.25      0.00       4.39 r
  uCPU8051/cpu/ir_decoder2_0/U1457/Y (NOR2X1)                       0.22      0.19       4.58 f
  uCPU8051/cpu/ir_decoder2_0/n2129 (net)        6         0.03                0.00       4.58 f
  uCPU8051/cpu/ir_decoder2_0/U1323/B1 (OAI22X1)                     0.22      0.00       4.58 f
  uCPU8051/cpu/ir_decoder2_0/U1323/Y (OAI22X1)                      0.34      0.24       4.82 r
  uCPU8051/cpu/ir_decoder2_0/n2121 (net)        1         0.01                0.00       4.82 r
  uCPU8051/cpu/ir_decoder2_0/U1321/A0 (OAI33X1)                     0.34      0.00       4.82 r
  uCPU8051/cpu/ir_decoder2_0/U1321/Y (OAI33X1)                      0.25      0.15       4.97 f
  uCPU8051/cpu/ir_decoder2_0/XA_OUT_EN (net)
                                                1         0.00                0.00       4.97 f
  uCPU8051/cpu/ir_decoder2_0/XA_OUT_EN (IR_DECODER2)                          0.00       4.97 f
  uCPU8051/cpu/XA_OUT_EN (net)                            0.00                0.00       4.97 f
  uCPU8051/cpu/etc_unit_0/XA_OUT_EN (ETC_UNIT)                                0.00       4.97 f
  uCPU8051/cpu/etc_unit_0/XA_OUT_EN (net)                 0.00                0.00       4.97 f
  uCPU8051/cpu/etc_unit_0/U203/B (NOR2X1)                           0.25      0.00       4.97 f
  uCPU8051/cpu/etc_unit_0/U203/Y (NOR2X1)                           1.71      1.04       6.01 r
  uCPU8051/cpu/etc_unit_0/n206 (net)           16         0.09                0.00       6.01 r
  uCPU8051/cpu/etc_unit_0/U187/S0 (MX2X1)                           1.71      0.00       6.01 r
  uCPU8051/cpu/etc_unit_0/U187/Y (MX2X1)                            0.17      0.59       6.60 r
  uCPU8051/cpu/etc_unit_0/P2_OUT[7] (net)       3         0.01                0.00       6.60 r
  uCPU8051/cpu/etc_unit_0/P2_OUT[7] (ETC_UNIT)                                0.00       6.60 r
  uCPU8051/cpu/XMEM_H[7] (net)                            0.01                0.00       6.60 r
  uCPU8051/cpu/XMEM_H[7] (cpu)                                                0.00       6.60 r
  uCPU8051/xrom_addr[15] (net)                            0.01                0.00       6.60 r
  uCPU8051/xrom_addr[15] (core_top)                                           0.00       6.60 r
  xrom_addr[15] (net)                                     0.01                0.00       6.60 r
  xrom_addr[15] (out)                                               0.17      0.00       6.60 r
  data arrival time                                                                      6.60
  ----------------------------------------------------------------------------------------------
  (Path is unconstrained)


  Startpoint: uCPU8051/cpu/ir_reg_0/IR_reg_5_
              (rising edge-triggered flip-flop)
  Endpoint: xrom_ce_b (output port)
  Path Group: (none)
  Path Type: max

  Point                                       Fanout       Cap     Trans      Incr       Path
  ----------------------------------------------------------------------------------------------
  uCPU8051/cpu/ir_reg_0/IR_reg_5_/CK (DFFRX1)                       0.00      0.00 #     0.00 r
  uCPU8051/cpu/ir_reg_0/IR_reg_5_/Q (DFFRX1)                        0.72      1.02       1.02 r
  uCPU8051/cpu/ir_reg_0/IR[5] (net)            13         0.06                0.00       1.02 r
  uCPU8051/cpu/ir_reg_0/IR[5] (IR_REG)                                        0.00       1.02 r
  uCPU8051/cpu/n6 (net)                                   0.06                0.00       1.02 r
  uCPU8051/cpu/ir_decoder1_0/IR[5] (IR_DECODER1)                              0.00       1.02 r
  uCPU8051/cpu/ir_decoder1_0/IR[5] (net)                  0.06                0.00       1.02 r
  uCPU8051/cpu/ir_decoder1_0/U365/A (INVX1)                         0.72      0.00       1.02 r
  uCPU8051/cpu/ir_decoder1_0/U365/Y (INVX1)                         0.13      0.08       1.10 f
  uCPU8051/cpu/ir_decoder1_0/n379 (net)         1         0.00                0.00       1.10 f
  uCPU8051/cpu/ir_decoder1_0/U364/B (NAND2X1)                       0.13      0.00       1.10 f
  uCPU8051/cpu/ir_decoder1_0/U364/Y (NAND2X1)                       0.34      0.24       1.34 r
  uCPU8051/cpu/ir_decoder1_0/n336 (net)         5         0.02                0.00       1.34 r
  uCPU8051/cpu/ir_decoder1_0/U363/A (INVX1)                         0.34      0.00       1.34 r
  uCPU8051/cpu/ir_decoder1_0/U363/Y (INVX1)                         0.15      0.12       1.46 f
  uCPU8051/cpu/ir_decoder1_0/n341 (net)         3         0.01                0.00       1.46 f
  uCPU8051/cpu/ir_decoder1_0/U361/A (NOR2X1)                        0.15      0.00       1.46 f
  uCPU8051/cpu/ir_decoder1_0/U361/Y (NOR2X1)                        0.31      0.21       1.67 r
  uCPU8051/cpu/ir_decoder1_0/n351 (net)         3         0.01                0.00       1.67 r
  uCPU8051/cpu/ir_decoder1_0/U321/B0 (OAI222X1)                     0.31      0.00       1.67 r
  uCPU8051/cpu/ir_decoder1_0/U321/Y (OAI222X1)                      0.21      0.20       1.87 f
  uCPU8051/cpu/ir_decoder1_0/n368 (net)         1         0.00                0.00       1.87 f
  uCPU8051/cpu/ir_decoder1_0/U320/B1 (AOI22X1)                      0.21      0.00       1.87 f
  uCPU8051/cpu/ir_decoder1_0/U320/Y (AOI22X1)                       0.21      0.23       2.10 r
  uCPU8051/cpu/ir_decoder1_0/n365 (net)         1         0.00                0.00       2.10 r
  uCPU8051/cpu/ir_decoder1_0/U319/C (AND3X1)                        0.21      0.00       2.10 r
  uCPU8051/cpu/ir_decoder1_0/U319/Y (AND3X1)                        0.16      0.28       2.38 r
  uCPU8051/cpu/ir_decoder1_0/n312 (net)         2         0.01                0.00       2.38 r
  uCPU8051/cpu/ir_decoder1_0/U318/C1 (OAI222X1)                     0.16      0.00       2.38 r
  uCPU8051/cpu/ir_decoder1_0/U318/Y (OAI222X1)                      0.20      0.16       2.54 f
  uCPU8051/cpu/ir_decoder1_0/n361 (net)         1         0.00                0.00       2.54 f
  uCPU8051/cpu/ir_decoder1_0/U317/D (NOR4X1)                        0.20      0.00       2.54 f
  uCPU8051/cpu/ir_decoder1_0/U317/Y (NOR4X1)                        0.41      0.37       2.91 r
  uCPU8051/cpu/ir_decoder1_0/n328 (net)         2         0.01                0.00       2.91 r
  uCPU8051/cpu/ir_decoder1_0/U298/C0 (OAI211X1)                     0.41      0.00       2.91 r
  uCPU8051/cpu/ir_decoder1_0/U298/Y (OAI211X1)                      0.18      0.16       3.07 f
  uCPU8051/cpu/ir_decoder1_0/CYCLE2 (net)       2         0.01                0.00       3.07 f
  uCPU8051/cpu/ir_decoder1_0/CYCLE2 (IR_DECODER1)                             0.00       3.07 f
  uCPU8051/cpu/CYCLE2 (net)                               0.01                0.00       3.07 f
  uCPU8051/cpu/fetch_fsm_0/CYCLE2 (FETCH_FSM)                                 0.00       3.07 f
  uCPU8051/cpu/fetch_fsm_0/CYCLE2 (net)                   0.01                0.00       3.07 f
  uCPU8051/cpu/fetch_fsm_0/U347/B (OR2X1)                           0.18      0.00       3.07 f
  uCPU8051/cpu/fetch_fsm_0/U347/Y (OR2X1)                           0.09      0.28       3.35 f
  uCPU8051/cpu/fetch_fsm_0/n505 (net)           1         0.00                0.00       3.35 f
  uCPU8051/cpu/fetch_fsm_0/U346/A1 (AOI21X1)                        0.09      0.00       3.35 f
  uCPU8051/cpu/fetch_fsm_0/U346/Y (AOI21X1)                         0.58      0.40       3.75 r
  uCPU8051/cpu/fetch_fsm_0/n473 (net)           6         0.03                0.00       3.75 r
  uCPU8051/cpu/fetch_fsm_0/U335/B (NOR3X1)                          0.58      0.00       3.75 r
  uCPU8051/cpu/fetch_fsm_0/U335/Y (NOR3X1)                          0.37      0.35       4.09 f
  uCPU8051/cpu/fetch_fsm_0/CS2 (net)           11         0.04                0.00       4.09 f
  uCPU8051/cpu/fetch_fsm_0/CS2 (FETCH_FSM)                                    0.00       4.09 f
  uCPU8051/cpu/CS2 (net)                                  0.04                0.00       4.09 f
  uCPU8051/cpu/ir_decoder2_0/CS2 (IR_DECODER2)                                0.00       4.09 f
  uCPU8051/cpu/ir_decoder2_0/CS2 (net)                    0.04                0.00       4.09 f
  uCPU8051/cpu/ir_decoder2_0/U1683/A (INVX1)                        0.37      0.00       4.09 f
  uCPU8051/cpu/ir_decoder2_0/U1683/Y (INVX1)                        0.25      0.22       4.31 r
  uCPU8051/cpu/ir_decoder2_0/n2122 (net)        4         0.02                0.00       4.31 r
  uCPU8051/cpu/ir_decoder2_0/U1457/B (NOR2X1)                       0.25      0.00       4.31 r
  uCPU8051/cpu/ir_decoder2_0/U1457/Y (NOR2X1)                       0.22      0.19       4.50 f
  uCPU8051/cpu/ir_decoder2_0/n2129 (net)        6         0.03                0.00       4.50 f
  uCPU8051/cpu/ir_decoder2_0/U1323/B1 (OAI22X1)                     0.22      0.00       4.50 f
  uCPU8051/cpu/ir_decoder2_0/U1323/Y (OAI22X1)                      0.34      0.24       4.75 r
  uCPU8051/cpu/ir_decoder2_0/n2121 (net)        1         0.01                0.00       4.75 r
  uCPU8051/cpu/ir_decoder2_0/U1321/A0 (OAI33X1)                     0.34      0.00       4.75 r
  uCPU8051/cpu/ir_decoder2_0/U1321/Y (OAI33X1)                      0.25      0.15       4.90 f
  uCPU8051/cpu/ir_decoder2_0/XA_OUT_EN (net)
                                                1         0.00                0.00       4.90 f
  uCPU8051/cpu/ir_decoder2_0/XA_OUT_EN (IR_DECODER2)                          0.00       4.90 f
  uCPU8051/cpu/XA_OUT_EN (net)                            0.00                0.00       4.90 f
  uCPU8051/cpu/etc_unit_0/XA_OUT_EN (ETC_UNIT)                                0.00       4.90 f
  uCPU8051/cpu/etc_unit_0/XA_OUT_EN (net)                 0.00                0.00       4.90 f
  uCPU8051/cpu/etc_unit_0/U203/B (NOR2X1)                           0.25      0.00       4.90 f
  uCPU8051/cpu/etc_unit_0/U203/Y (NOR2X1)                           1.71      1.04       5.94 r
  uCPU8051/cpu/etc_unit_0/n206 (net)           16         0.09                0.00       5.94 r
  uCPU8051/cpu/etc_unit_0/U187/S0 (MX2X1)                           1.71      0.00       5.94 r
  uCPU8051/cpu/etc_unit_0/U187/Y (MX2X1)                            0.17      0.59       6.53 r
  uCPU8051/cpu/etc_unit_0/P2_OUT[7] (net)       3         0.01                0.00       6.53 r
  uCPU8051/cpu/etc_unit_0/P2_OUT[7] (ETC_UNIT)                                0.00       6.53 r
  uCPU8051/cpu/XMEM_H[7] (net)                            0.01                0.00       6.53 r
  uCPU8051/cpu/XMEM_H[7] (cpu)                                                0.00       6.53 r
  uCPU8051/xrom_addr[15] (net)                            0.01                0.00       6.53 r
  uCPU8051/xrom_addr[15] (core_top)                                           0.00       6.53 r
  xrom_addr[15] (net)                                     0.01                0.00       6.53 r
  U281/B (NOR2BX1)                                                  0.17      0.00       6.53 r
  U281/Y (NOR2BX1)                                                  0.06      0.06       6.59 f
  xrom_ce_b (net)                               1         0.00                0.00       6.59 f
  xrom_ce_b (out)                                                   0.06      0.00       6.59 f
  data arrival time                                                                      6.59
  ----------------------------------------------------------------------------------------------
  (Path is unconstrained)


  Startpoint: uCPU8051/cpu/ir_reg_0/IR_reg_1_
              (rising edge-triggered flip-flop)
  Endpoint: xrom_addr[7]
            (output port)
  Path Group: (none)
  Path Type: max

  Point                                       Fanout       Cap     Trans      Incr       Path
  ----------------------------------------------------------------------------------------------
  uCPU8051/cpu/ir_reg_0/IR_reg_1_/CK (DFFRX1)                       0.00      0.00 #     0.00 r
  uCPU8051/cpu/ir_reg_0/IR_reg_1_/Q (DFFRX1)                        0.48      0.89       0.89 r
  uCPU8051/cpu/ir_reg_0/IR[1] (net)             9         0.04                0.00       0.89 r
  uCPU8051/cpu/ir_reg_0/IR[1] (IR_REG)                                        0.00       0.89 r
  uCPU8051/cpu/n10 (net)                                  0.04                0.00       0.89 r
  uCPU8051/cpu/ir_decoder1_0/IR[1] (IR_DECODER1)                              0.00       0.89 r
  uCPU8051/cpu/ir_decoder1_0/IR[1] (net)                  0.04                0.00       0.89 r
  uCPU8051/cpu/ir_decoder1_0/U355/A (INVX1)                         0.48      0.00       0.89 r
  uCPU8051/cpu/ir_decoder1_0/U355/Y (INVX1)                         0.22      0.19       1.08 f
  uCPU8051/cpu/ir_decoder1_0/n327 (net)         5         0.02                0.00       1.08 f
  uCPU8051/cpu/ir_decoder1_0/U353/A (AND3X1)                        0.22      0.00       1.08 f
  uCPU8051/cpu/ir_decoder1_0/U353/Y (AND3X1)                        0.12      0.28       1.37 f
  uCPU8051/cpu/ir_decoder1_0/n376 (net)         2         0.01                0.00       1.37 f
  uCPU8051/cpu/ir_decoder1_0/U352/B (NAND2X1)                       0.12      0.00       1.37 f
  uCPU8051/cpu/ir_decoder1_0/U352/Y (NAND2X1)                       0.39      0.26       1.63 r
  uCPU8051/cpu/ir_decoder1_0/n309 (net)         6         0.03                0.00       1.63 r
  uCPU8051/cpu/ir_decoder1_0/U328/A (INVX1)                         0.39      0.00       1.63 r
  uCPU8051/cpu/ir_decoder1_0/U328/Y (INVX1)                         0.13      0.10       1.73 f
  uCPU8051/cpu/ir_decoder1_0/n346 (net)         2         0.01                0.00       1.73 f
  uCPU8051/cpu/ir_decoder1_0/U326/A1 (AOI22X1)                      0.13      0.00       1.73 f
  uCPU8051/cpu/ir_decoder1_0/U326/Y (AOI22X1)                       0.32      0.22       1.95 r
  uCPU8051/cpu/ir_decoder1_0/n362 (net)         2         0.01                0.00       1.95 r
  uCPU8051/cpu/ir_decoder1_0/U322/A (INVX1)                         0.32      0.00       1.95 r
  uCPU8051/cpu/ir_decoder1_0/U322/Y (INVX1)                         0.09      0.07       2.02 f
  uCPU8051/cpu/ir_decoder1_0/n367 (net)         1         0.00                0.00       2.02 f
  uCPU8051/cpu/ir_decoder1_0/U320/A1 (AOI22X1)                      0.09      0.00       2.02 f
  uCPU8051/cpu/ir_decoder1_0/U320/Y (AOI22X1)                       0.21      0.15       2.17 r
  uCPU8051/cpu/ir_decoder1_0/n365 (net)         1         0.00                0.00       2.17 r
  uCPU8051/cpu/ir_decoder1_0/U319/C (AND3X1)                        0.21      0.00       2.17 r
  uCPU8051/cpu/ir_decoder1_0/U319/Y (AND3X1)                        0.16      0.28       2.45 r
  uCPU8051/cpu/ir_decoder1_0/n312 (net)         2         0.01                0.00       2.45 r
  uCPU8051/cpu/ir_decoder1_0/U318/C1 (OAI222X1)                     0.16      0.00       2.45 r
  uCPU8051/cpu/ir_decoder1_0/U318/Y (OAI222X1)                      0.20      0.16       2.61 f
  uCPU8051/cpu/ir_decoder1_0/n361 (net)         1         0.00                0.00       2.61 f
  uCPU8051/cpu/ir_decoder1_0/U317/D (NOR4X1)                        0.20      0.00       2.61 f
  uCPU8051/cpu/ir_decoder1_0/U317/Y (NOR4X1)                        0.41      0.37       2.99 r
  uCPU8051/cpu/ir_decoder1_0/n328 (net)         2         0.01                0.00       2.99 r
  uCPU8051/cpu/ir_decoder1_0/U298/C0 (OAI211X1)                     0.41      0.00       2.99 r
  uCPU8051/cpu/ir_decoder1_0/U298/Y (OAI211X1)                      0.18      0.16       3.14 f
  uCPU8051/cpu/ir_decoder1_0/CYCLE2 (net)       2         0.01                0.00       3.14 f
  uCPU8051/cpu/ir_decoder1_0/CYCLE2 (IR_DECODER1)                             0.00       3.14 f
  uCPU8051/cpu/CYCLE2 (net)                               0.01                0.00       3.14 f
  uCPU8051/cpu/fetch_fsm_0/CYCLE2 (FETCH_FSM)                                 0.00       3.14 f
  uCPU8051/cpu/fetch_fsm_0/CYCLE2 (net)                   0.01                0.00       3.14 f
  uCPU8051/cpu/fetch_fsm_0/U347/B (OR2X1)                           0.18      0.00       3.14 f
  uCPU8051/cpu/fetch_fsm_0/U347/Y (OR2X1)                           0.09      0.28       3.42 f
  uCPU8051/cpu/fetch_fsm_0/n505 (net)           1         0.00                0.00       3.42 f
  uCPU8051/cpu/fetch_fsm_0/U346/A1 (AOI21X1)                        0.09      0.00       3.42 f
  uCPU8051/cpu/fetch_fsm_0/U346/Y (AOI21X1)                         0.58      0.40       3.82 r
  uCPU8051/cpu/fetch_fsm_0/n473 (net)           6         0.03                0.00       3.82 r
  uCPU8051/cpu/fetch_fsm_0/U335/B (NOR3X1)                          0.58      0.00       3.82 r
  uCPU8051/cpu/fetch_fsm_0/U335/Y (NOR3X1)                          0.37      0.35       4.17 f
  uCPU8051/cpu/fetch_fsm_0/CS2 (net)           11         0.04                0.00       4.17 f
  uCPU8051/cpu/fetch_fsm_0/CS2 (FETCH_FSM)                                    0.00       4.17 f
  uCPU8051/cpu/CS2 (net)                                  0.04                0.00       4.17 f
  uCPU8051/cpu/ir_decoder2_0/CS2 (IR_DECODER2)                                0.00       4.17 f
  uCPU8051/cpu/ir_decoder2_0/CS2 (net)                    0.04                0.00       4.17 f
  uCPU8051/cpu/ir_decoder2_0/U1683/A (INVX1)                        0.37      0.00       4.17 f
  uCPU8051/cpu/ir_decoder2_0/U1683/Y (INVX1)                        0.25      0.22       4.39 r
  uCPU8051/cpu/ir_decoder2_0/n2122 (net)        4         0.02                0.00       4.39 r
  uCPU8051/cpu/ir_decoder2_0/U1457/B (NOR2X1)                       0.25      0.00       4.39 r
  uCPU8051/cpu/ir_decoder2_0/U1457/Y (NOR2X1)                       0.22      0.19       4.58 f
  uCPU8051/cpu/ir_decoder2_0/n2129 (net)        6         0.03                0.00       4.58 f
  uCPU8051/cpu/ir_decoder2_0/U1323/B1 (OAI22X1)                     0.22      0.00       4.58 f
  uCPU8051/cpu/ir_decoder2_0/U1323/Y (OAI22X1)                      0.34      0.24       4.82 r
  uCPU8051/cpu/ir_decoder2_0/n2121 (net)        1         0.01                0.00       4.82 r
  uCPU8051/cpu/ir_decoder2_0/U1321/A0 (OAI33X1)                     0.34      0.00       4.82 r
  uCPU8051/cpu/ir_decoder2_0/U1321/Y (OAI33X1)                      0.25      0.15       4.97 f
  uCPU8051/cpu/ir_decoder2_0/XA_OUT_EN (net)
                                                1         0.00                0.00       4.97 f
  uCPU8051/cpu/ir_decoder2_0/XA_OUT_EN (IR_DECODER2)                          0.00       4.97 f
  uCPU8051/cpu/XA_OUT_EN (net)                            0.00                0.00       4.97 f
  uCPU8051/cpu/etc_unit_0/XA_OUT_EN (ETC_UNIT)                                0.00       4.97 f
  uCPU8051/cpu/etc_unit_0/XA_OUT_EN (net)                 0.00                0.00       4.97 f
  uCPU8051/cpu/etc_unit_0/U203/B (NOR2X1)                           0.25      0.00       4.97 f
  uCPU8051/cpu/etc_unit_0/U203/Y (NOR2X1)                           1.71      1.04       6.01 r
  uCPU8051/cpu/etc_unit_0/n206 (net)           16         0.09                0.00       6.01 r
  uCPU8051/cpu/etc_unit_0/U195/S0 (MX2X1)                           1.71      0.00       6.01 r
  uCPU8051/cpu/etc_unit_0/U195/Y (MX2X1)                            0.12      0.56       6.57 r
  uCPU8051/cpu/etc_unit_0/P0_OUT[7] (net)       2         0.00                0.00       6.57 r
  uCPU8051/cpu/etc_unit_0/P0_OUT[7] (ETC_UNIT)                                0.00       6.57 r
  uCPU8051/cpu/XMEM_L[7] (net)                            0.00                0.00       6.57 r
  uCPU8051/cpu/XMEM_L[7] (cpu)                                                0.00       6.57 r
  uCPU8051/xrom_addr[7] (net)                             0.00                0.00       6.57 r
  uCPU8051/xrom_addr[7] (core_top)                                            0.00       6.57 r
  xrom_addr[7] (net)                                      0.00                0.00       6.57 r
  xrom_addr[7] (out)                                                0.12      0.00       6.57 r
  data arrival time                                                                      6.57
  ----------------------------------------------------------------------------------------------
  (Path is unconstrained)


  Startpoint: uCPU8051/cpu/ir_reg_0/IR_reg_1_
              (rising edge-triggered flip-flop)
  Endpoint: xrom_addr[8]
            (output port)
  Path Group: (none)
  Path Type: max

  Point                                       Fanout       Cap     Trans      Incr       Path
  ----------------------------------------------------------------------------------------------
  uCPU8051/cpu/ir_reg_0/IR_reg_1_/CK (DFFRX1)                       0.00      0.00 #     0.00 r
  uCPU8051/cpu/ir_reg_0/IR_reg_1_/Q (DFFRX1)                        0.48      0.89       0.89 r
  uCPU8051/cpu/ir_reg_0/IR[1] (net)             9         0.04                0.00       0.89 r
  uCPU8051/cpu/ir_reg_0/IR[1] (IR_REG)                                        0.00       0.89 r
  uCPU8051/cpu/n10 (net)                                  0.04                0.00       0.89 r
  uCPU8051/cpu/ir_decoder1_0/IR[1] (IR_DECODER1)                              0.00       0.89 r
  uCPU8051/cpu/ir_decoder1_0/IR[1] (net)                  0.04                0.00       0.89 r
  uCPU8051/cpu/ir_decoder1_0/U355/A (INVX1)                         0.48      0.00       0.89 r
  uCPU8051/cpu/ir_decoder1_0/U355/Y (INVX1)                         0.22      0.19       1.08 f
  uCPU8051/cpu/ir_decoder1_0/n327 (net)         5         0.02                0.00       1.08 f
  uCPU8051/cpu/ir_decoder1_0/U353/A (AND3X1)                        0.22      0.00       1.08 f
  uCPU8051/cpu/ir_decoder1_0/U353/Y (AND3X1)                        0.12      0.28       1.37 f
  uCPU8051/cpu/ir_decoder1_0/n376 (net)         2         0.01                0.00       1.37 f
  uCPU8051/cpu/ir_decoder1_0/U352/B (NAND2X1)                       0.12      0.00       1.37 f
  uCPU8051/cpu/ir_decoder1_0/U352/Y (NAND2X1)                       0.39      0.26       1.63 r
  uCPU8051/cpu/ir_decoder1_0/n309 (net)         6         0.03                0.00       1.63 r
  uCPU8051/cpu/ir_decoder1_0/U328/A (INVX1)                         0.39      0.00       1.63 r
  uCPU8051/cpu/ir_decoder1_0/U328/Y (INVX1)                         0.13      0.10       1.73 f
  uCPU8051/cpu/ir_decoder1_0/n346 (net)         2         0.01                0.00       1.73 f
  uCPU8051/cpu/ir_decoder1_0/U326/A1 (AOI22X1)                      0.13      0.00       1.73 f
  uCPU8051/cpu/ir_decoder1_0/U326/Y (AOI22X1)                       0.32      0.22       1.95 r
  uCPU8051/cpu/ir_decoder1_0/n362 (net)         2         0.01                0.00       1.95 r
  uCPU8051/cpu/ir_decoder1_0/U322/A (INVX1)                         0.32      0.00       1.95 r
  uCPU8051/cpu/ir_decoder1_0/U322/Y (INVX1)                         0.09      0.07       2.02 f
  uCPU8051/cpu/ir_decoder1_0/n367 (net)         1         0.00                0.00       2.02 f
  uCPU8051/cpu/ir_decoder1_0/U320/A1 (AOI22X1)                      0.09      0.00       2.02 f
  uCPU8051/cpu/ir_decoder1_0/U320/Y (AOI22X1)                       0.21      0.15       2.17 r
  uCPU8051/cpu/ir_decoder1_0/n365 (net)         1         0.00                0.00       2.17 r
  uCPU8051/cpu/ir_decoder1_0/U319/C (AND3X1)                        0.21      0.00       2.17 r
  uCPU8051/cpu/ir_decoder1_0/U319/Y (AND3X1)                        0.16      0.28       2.45 r
  uCPU8051/cpu/ir_decoder1_0/n312 (net)         2         0.01                0.00       2.45 r
  uCPU8051/cpu/ir_decoder1_0/U318/C1 (OAI222X1)                     0.16      0.00       2.45 r
  uCPU8051/cpu/ir_decoder1_0/U318/Y (OAI222X1)                      0.20      0.16       2.61 f
  uCPU8051/cpu/ir_decoder1_0/n361 (net)         1         0.00                0.00       2.61 f
  uCPU8051/cpu/ir_decoder1_0/U317/D (NOR4X1)                        0.20      0.00       2.61 f
  uCPU8051/cpu/ir_decoder1_0/U317/Y (NOR4X1)                        0.41      0.37       2.99 r
  uCPU8051/cpu/ir_decoder1_0/n328 (net)         2         0.01                0.00       2.99 r
  uCPU8051/cpu/ir_decoder1_0/U298/C0 (OAI211X1)                     0.41      0.00       2.99 r
  uCPU8051/cpu/ir_decoder1_0/U298/Y (OAI211X1)                      0.18      0.16       3.14 f
  uCPU8051/cpu/ir_decoder1_0/CYCLE2 (net)       2         0.01                0.00       3.14 f
  uCPU8051/cpu/ir_decoder1_0/CYCLE2 (IR_DECODER1)                             0.00       3.14 f
  uCPU8051/cpu/CYCLE2 (net)                               0.01                0.00       3.14 f
  uCPU8051/cpu/fetch_fsm_0/CYCLE2 (FETCH_FSM)                                 0.00       3.14 f
  uCPU8051/cpu/fetch_fsm_0/CYCLE2 (net)                   0.01                0.00       3.14 f
  uCPU8051/cpu/fetch_fsm_0/U347/B (OR2X1)                           0.18      0.00       3.14 f
  uCPU8051/cpu/fetch_fsm_0/U347/Y (OR2X1)                           0.09      0.28       3.42 f
  uCPU8051/cpu/fetch_fsm_0/n505 (net)           1         0.00                0.00       3.42 f
  uCPU8051/cpu/fetch_fsm_0/U346/A1 (AOI21X1)                        0.09      0.00       3.42 f
  uCPU8051/cpu/fetch_fsm_0/U346/Y (AOI21X1)                         0.58      0.40       3.82 r
  uCPU8051/cpu/fetch_fsm_0/n473 (net)           6         0.03                0.00       3.82 r
  uCPU8051/cpu/fetch_fsm_0/U335/B (NOR3X1)                          0.58      0.00       3.82 r
  uCPU8051/cpu/fetch_fsm_0/U335/Y (NOR3X1)                          0.37      0.35       4.17 f
  uCPU8051/cpu/fetch_fsm_0/CS2 (net)           11         0.04                0.00       4.17 f
  uCPU8051/cpu/fetch_fsm_0/CS2 (FETCH_FSM)                                    0.00       4.17 f
  uCPU8051/cpu/CS2 (net)                                  0.04                0.00       4.17 f
  uCPU8051/cpu/ir_decoder2_0/CS2 (IR_DECODER2)                                0.00       4.17 f
  uCPU8051/cpu/ir_decoder2_0/CS2 (net)                    0.04                0.00       4.17 f
  uCPU8051/cpu/ir_decoder2_0/U1683/A (INVX1)                        0.37      0.00       4.17 f
  uCPU8051/cpu/ir_decoder2_0/U1683/Y (INVX1)                        0.25      0.22       4.39 r
  uCPU8051/cpu/ir_decoder2_0/n2122 (net)        4         0.02                0.00       4.39 r
  uCPU8051/cpu/ir_decoder2_0/U1457/B (NOR2X1)                       0.25      0.00       4.39 r
  uCPU8051/cpu/ir_decoder2_0/U1457/Y (NOR2X1)                       0.22      0.19       4.58 f
  uCPU8051/cpu/ir_decoder2_0/n2129 (net)        6         0.03                0.00       4.58 f
  uCPU8051/cpu/ir_decoder2_0/U1323/B1 (OAI22X1)                     0.22      0.00       4.58 f
  uCPU8051/cpu/ir_decoder2_0/U1323/Y (OAI22X1)                      0.34      0.24       4.82 r
  uCPU8051/cpu/ir_decoder2_0/n2121 (net)        1         0.01                0.00       4.82 r
  uCPU8051/cpu/ir_decoder2_0/U1321/A0 (OAI33X1)                     0.34      0.00       4.82 r
  uCPU8051/cpu/ir_decoder2_0/U1321/Y (OAI33X1)                      0.25      0.15       4.97 f
  uCPU8051/cpu/ir_decoder2_0/XA_OUT_EN (net)
                                                1         0.00                0.00       4.97 f
  uCPU8051/cpu/ir_decoder2_0/XA_OUT_EN (IR_DECODER2)                          0.00       4.97 f
  uCPU8051/cpu/XA_OUT_EN (net)                            0.00                0.00       4.97 f
  uCPU8051/cpu/etc_unit_0/XA_OUT_EN (ETC_UNIT)                                0.00       4.97 f
  uCPU8051/cpu/etc_unit_0/XA_OUT_EN (net)                 0.00                0.00       4.97 f
  uCPU8051/cpu/etc_unit_0/U203/B (NOR2X1)                           0.25      0.00       4.97 f
  uCPU8051/cpu/etc_unit_0/U203/Y (NOR2X1)                           1.71      1.04       6.01 r
  uCPU8051/cpu/etc_unit_0/n206 (net)           16         0.09                0.00       6.01 r
  uCPU8051/cpu/etc_unit_0/U194/S0 (MX2X1)                           1.71      0.00       6.01 r
  uCPU8051/cpu/etc_unit_0/U194/Y (MX2X1)                            0.12      0.56       6.57 r
  uCPU8051/cpu/etc_unit_0/P2_OUT[0] (net)       2         0.00                0.00       6.57 r
  uCPU8051/cpu/etc_unit_0/P2_OUT[0] (ETC_UNIT)                                0.00       6.57 r
  uCPU8051/cpu/XMEM_H[0] (net)                            0.00                0.00       6.57 r
  uCPU8051/cpu/XMEM_H[0] (cpu)                                                0.00       6.57 r
  uCPU8051/xrom_addr[8] (net)                             0.00                0.00       6.57 r
  uCPU8051/xrom_addr[8] (core_top)                                            0.00       6.57 r
  xrom_addr[8] (net)                                      0.00                0.00       6.57 r
  xrom_addr[8] (out)                                                0.12      0.00       6.57 r
  data arrival time                                                                      6.57
  ----------------------------------------------------------------------------------------------
  (Path is unconstrained)


  Startpoint: uCPU8051/cpu/ir_reg_0/IR_reg_1_
              (rising edge-triggered flip-flop)
  Endpoint: xrom_addr[9]
            (output port)
  Path Group: (none)
  Path Type: max

  Point                                       Fanout       Cap     Trans      Incr       Path
  ----------------------------------------------------------------------------------------------
  uCPU8051/cpu/ir_reg_0/IR_reg_1_/CK (DFFRX1)                       0.00      0.00 #     0.00 r
  uCPU8051/cpu/ir_reg_0/IR_reg_1_/Q (DFFRX1)                        0.48      0.89       0.89 r
  uCPU8051/cpu/ir_reg_0/IR[1] (net)             9         0.04                0.00       0.89 r
  uCPU8051/cpu/ir_reg_0/IR[1] (IR_REG)                                        0.00       0.89 r
  uCPU8051/cpu/n10 (net)                                  0.04                0.00       0.89 r
  uCPU8051/cpu/ir_decoder1_0/IR[1] (IR_DECODER1)                              0.00       0.89 r
  uCPU8051/cpu/ir_decoder1_0/IR[1] (net)                  0.04                0.00       0.89 r
  uCPU8051/cpu/ir_decoder1_0/U355/A (INVX1)                         0.48      0.00       0.89 r
  uCPU8051/cpu/ir_decoder1_0/U355/Y (INVX1)                         0.22      0.19       1.08 f
  uCPU8051/cpu/ir_decoder1_0/n327 (net)         5         0.02                0.00       1.08 f
  uCPU8051/cpu/ir_decoder1_0/U353/A (AND3X1)                        0.22      0.00       1.08 f
  uCPU8051/cpu/ir_decoder1_0/U353/Y (AND3X1)                        0.12      0.28       1.37 f
  uCPU8051/cpu/ir_decoder1_0/n376 (net)         2         0.01                0.00       1.37 f
  uCPU8051/cpu/ir_decoder1_0/U352/B (NAND2X1)                       0.12      0.00       1.37 f
  uCPU8051/cpu/ir_decoder1_0/U352/Y (NAND2X1)                       0.39      0.26       1.63 r
  uCPU8051/cpu/ir_decoder1_0/n309 (net)         6         0.03                0.00       1.63 r
  uCPU8051/cpu/ir_decoder1_0/U328/A (INVX1)                         0.39      0.00       1.63 r
  uCPU8051/cpu/ir_decoder1_0/U328/Y (INVX1)                         0.13      0.10       1.73 f
  uCPU8051/cpu/ir_decoder1_0/n346 (net)         2         0.01                0.00       1.73 f
  uCPU8051/cpu/ir_decoder1_0/U326/A1 (AOI22X1)                      0.13      0.00       1.73 f
  uCPU8051/cpu/ir_decoder1_0/U326/Y (AOI22X1)                       0.32      0.22       1.95 r
  uCPU8051/cpu/ir_decoder1_0/n362 (net)         2         0.01                0.00       1.95 r
  uCPU8051/cpu/ir_decoder1_0/U322/A (INVX1)                         0.32      0.00       1.95 r
  uCPU8051/cpu/ir_decoder1_0/U322/Y (INVX1)                         0.09      0.07       2.02 f
  uCPU8051/cpu/ir_decoder1_0/n367 (net)         1         0.00                0.00       2.02 f
  uCPU8051/cpu/ir_decoder1_0/U320/A1 (AOI22X1)                      0.09      0.00       2.02 f
  uCPU8051/cpu/ir_decoder1_0/U320/Y (AOI22X1)                       0.21      0.15       2.17 r
  uCPU8051/cpu/ir_decoder1_0/n365 (net)         1         0.00                0.00       2.17 r
  uCPU8051/cpu/ir_decoder1_0/U319/C (AND3X1)                        0.21      0.00       2.17 r
  uCPU8051/cpu/ir_decoder1_0/U319/Y (AND3X1)                        0.16      0.28       2.45 r
  uCPU8051/cpu/ir_decoder1_0/n312 (net)         2         0.01                0.00       2.45 r
  uCPU8051/cpu/ir_decoder1_0/U318/C1 (OAI222X1)                     0.16      0.00       2.45 r
  uCPU8051/cpu/ir_decoder1_0/U318/Y (OAI222X1)                      0.20      0.16       2.61 f
  uCPU8051/cpu/ir_decoder1_0/n361 (net)         1         0.00                0.00       2.61 f
  uCPU8051/cpu/ir_decoder1_0/U317/D (NOR4X1)                        0.20      0.00       2.61 f
  uCPU8051/cpu/ir_decoder1_0/U317/Y (NOR4X1)                        0.41      0.37       2.99 r
  uCPU8051/cpu/ir_decoder1_0/n328 (net)         2         0.01                0.00       2.99 r
  uCPU8051/cpu/ir_decoder1_0/U298/C0 (OAI211X1)                     0.41      0.00       2.99 r
  uCPU8051/cpu/ir_decoder1_0/U298/Y (OAI211X1)                      0.18      0.16       3.14 f
  uCPU8051/cpu/ir_decoder1_0/CYCLE2 (net)       2         0.01                0.00       3.14 f
  uCPU8051/cpu/ir_decoder1_0/CYCLE2 (IR_DECODER1)                             0.00       3.14 f
  uCPU8051/cpu/CYCLE2 (net)                               0.01                0.00       3.14 f
  uCPU8051/cpu/fetch_fsm_0/CYCLE2 (FETCH_FSM)                                 0.00       3.14 f
  uCPU8051/cpu/fetch_fsm_0/CYCLE2 (net)                   0.01                0.00       3.14 f
  uCPU8051/cpu/fetch_fsm_0/U347/B (OR2X1)                           0.18      0.00       3.14 f
  uCPU8051/cpu/fetch_fsm_0/U347/Y (OR2X1)                           0.09      0.28       3.42 f
  uCPU8051/cpu/fetch_fsm_0/n505 (net)           1         0.00                0.00       3.42 f
  uCPU8051/cpu/fetch_fsm_0/U346/A1 (AOI21X1)                        0.09      0.00       3.42 f
  uCPU8051/cpu/fetch_fsm_0/U346/Y (AOI21X1)                         0.58      0.40       3.82 r
  uCPU8051/cpu/fetch_fsm_0/n473 (net)           6         0.03                0.00       3.82 r
  uCPU8051/cpu/fetch_fsm_0/U335/B (NOR3X1)                          0.58      0.00       3.82 r
  uCPU8051/cpu/fetch_fsm_0/U335/Y (NOR3X1)                          0.37      0.35       4.17 f
  uCPU8051/cpu/fetch_fsm_0/CS2 (net)           11         0.04                0.00       4.17 f
  uCPU8051/cpu/fetch_fsm_0/CS2 (FETCH_FSM)                                    0.00       4.17 f
  uCPU8051/cpu/CS2 (net)                                  0.04                0.00       4.17 f
  uCPU8051/cpu/ir_decoder2_0/CS2 (IR_DECODER2)                                0.00       4.17 f
  uCPU8051/cpu/ir_decoder2_0/CS2 (net)                    0.04                0.00       4.17 f
  uCPU8051/cpu/ir_decoder2_0/U1683/A (INVX1)                        0.37      0.00       4.17 f
  uCPU8051/cpu/ir_decoder2_0/U1683/Y (INVX1)                        0.25      0.22       4.39 r
  uCPU8051/cpu/ir_decoder2_0/n2122 (net)        4         0.02                0.00       4.39 r
  uCPU8051/cpu/ir_decoder2_0/U1457/B (NOR2X1)                       0.25      0.00       4.39 r
  uCPU8051/cpu/ir_decoder2_0/U1457/Y (NOR2X1)                       0.22      0.19       4.58 f
  uCPU8051/cpu/ir_decoder2_0/n2129 (net)        6         0.03                0.00       4.58 f
  uCPU8051/cpu/ir_decoder2_0/U1323/B1 (OAI22X1)                     0.22      0.00       4.58 f
  uCPU8051/cpu/ir_decoder2_0/U1323/Y (OAI22X1)                      0.34      0.24       4.82 r
  uCPU8051/cpu/ir_decoder2_0/n2121 (net)        1         0.01                0.00       4.82 r
  uCPU8051/cpu/ir_decoder2_0/U1321/A0 (OAI33X1)                     0.34      0.00       4.82 r
  uCPU8051/cpu/ir_decoder2_0/U1321/Y (OAI33X1)                      0.25      0.15       4.97 f
  uCPU8051/cpu/ir_decoder2_0/XA_OUT_EN (net)
                                                1         0.00                0.00       4.97 f
  uCPU8051/cpu/ir_decoder2_0/XA_OUT_EN (IR_DECODER2)                          0.00       4.97 f
  uCPU8051/cpu/XA_OUT_EN (net)                            0.00                0.00       4.97 f
  uCPU8051/cpu/etc_unit_0/XA_OUT_EN (ETC_UNIT)                                0.00       4.97 f
  uCPU8051/cpu/etc_unit_0/XA_OUT_EN (net)                 0.00                0.00       4.97 f
  uCPU8051/cpu/etc_unit_0/U203/B (NOR2X1)                           0.25      0.00       4.97 f
  uCPU8051/cpu/etc_unit_0/U203/Y (NOR2X1)                           1.71      1.04       6.01 r
  uCPU8051/cpu/etc_unit_0/n206 (net)           16         0.09                0.00       6.01 r
  uCPU8051/cpu/etc_unit_0/U193/S0 (MX2X1)                           1.71      0.00       6.01 r
  uCPU8051/cpu/etc_unit_0/U193/Y (MX2X1)                            0.12      0.56       6.57 r
  uCPU8051/cpu/etc_unit_0/P2_OUT[1] (net)       2         0.00                0.00       6.57 r
  uCPU8051/cpu/etc_unit_0/P2_OUT[1] (ETC_UNIT)                                0.00       6.57 r
  uCPU8051/cpu/XMEM_H[1] (net)                            0.00                0.00       6.57 r
  uCPU8051/cpu/XMEM_H[1] (cpu)                                                0.00       6.57 r
  uCPU8051/xrom_addr[9] (net)                             0.00                0.00       6.57 r
  uCPU8051/xrom_addr[9] (core_top)                                            0.00       6.57 r
  xrom_addr[9] (net)                                      0.00                0.00       6.57 r
  xrom_addr[9] (out)                                                0.12      0.00       6.57 r
  data arrival time                                                                      6.57
  ----------------------------------------------------------------------------------------------
  (Path is unconstrained)


  Startpoint: uCPU8051/cpu/ir_reg_0/IR_reg_1_
              (rising edge-triggered flip-flop)
  Endpoint: xrom_addr[10]
            (output port)
  Path Group: (none)
  Path Type: max

  Point                                       Fanout       Cap     Trans      Incr       Path
  ----------------------------------------------------------------------------------------------
  uCPU8051/cpu/ir_reg_0/IR_reg_1_/CK (DFFRX1)                       0.00      0.00 #     0.00 r
  uCPU8051/cpu/ir_reg_0/IR_reg_1_/Q (DFFRX1)                        0.48      0.89       0.89 r
  uCPU8051/cpu/ir_reg_0/IR[1] (net)             9         0.04                0.00       0.89 r
  uCPU8051/cpu/ir_reg_0/IR[1] (IR_REG)                                        0.00       0.89 r
  uCPU8051/cpu/n10 (net)                                  0.04                0.00       0.89 r
  uCPU8051/cpu/ir_decoder1_0/IR[1] (IR_DECODER1)                              0.00       0.89 r
  uCPU8051/cpu/ir_decoder1_0/IR[1] (net)                  0.04                0.00       0.89 r
  uCPU8051/cpu/ir_decoder1_0/U355/A (INVX1)                         0.48      0.00       0.89 r
  uCPU8051/cpu/ir_decoder1_0/U355/Y (INVX1)                         0.22      0.19       1.08 f
  uCPU8051/cpu/ir_decoder1_0/n327 (net)         5         0.02                0.00       1.08 f
  uCPU8051/cpu/ir_decoder1_0/U353/A (AND3X1)                        0.22      0.00       1.08 f
  uCPU8051/cpu/ir_decoder1_0/U353/Y (AND3X1)                        0.12      0.28       1.37 f
  uCPU8051/cpu/ir_decoder1_0/n376 (net)         2         0.01                0.00       1.37 f
  uCPU8051/cpu/ir_decoder1_0/U352/B (NAND2X1)                       0.12      0.00       1.37 f
  uCPU8051/cpu/ir_decoder1_0/U352/Y (NAND2X1)                       0.39      0.26       1.63 r
  uCPU8051/cpu/ir_decoder1_0/n309 (net)         6         0.03                0.00       1.63 r
  uCPU8051/cpu/ir_decoder1_0/U328/A (INVX1)                         0.39      0.00       1.63 r
  uCPU8051/cpu/ir_decoder1_0/U328/Y (INVX1)                         0.13      0.10       1.73 f
  uCPU8051/cpu/ir_decoder1_0/n346 (net)         2         0.01                0.00       1.73 f
  uCPU8051/cpu/ir_decoder1_0/U326/A1 (AOI22X1)                      0.13      0.00       1.73 f
  uCPU8051/cpu/ir_decoder1_0/U326/Y (AOI22X1)                       0.32      0.22       1.95 r
  uCPU8051/cpu/ir_decoder1_0/n362 (net)         2         0.01                0.00       1.95 r
  uCPU8051/cpu/ir_decoder1_0/U322/A (INVX1)                         0.32      0.00       1.95 r
  uCPU8051/cpu/ir_decoder1_0/U322/Y (INVX1)                         0.09      0.07       2.02 f
  uCPU8051/cpu/ir_decoder1_0/n367 (net)         1         0.00                0.00       2.02 f
  uCPU8051/cpu/ir_decoder1_0/U320/A1 (AOI22X1)                      0.09      0.00       2.02 f
  uCPU8051/cpu/ir_decoder1_0/U320/Y (AOI22X1)                       0.21      0.15       2.17 r
  uCPU8051/cpu/ir_decoder1_0/n365 (net)         1         0.00                0.00       2.17 r
  uCPU8051/cpu/ir_decoder1_0/U319/C (AND3X1)                        0.21      0.00       2.17 r
  uCPU8051/cpu/ir_decoder1_0/U319/Y (AND3X1)                        0.16      0.28       2.45 r
  uCPU8051/cpu/ir_decoder1_0/n312 (net)         2         0.01                0.00       2.45 r
  uCPU8051/cpu/ir_decoder1_0/U318/C1 (OAI222X1)                     0.16      0.00       2.45 r
  uCPU8051/cpu/ir_decoder1_0/U318/Y (OAI222X1)                      0.20      0.16       2.61 f
  uCPU8051/cpu/ir_decoder1_0/n361 (net)         1         0.00                0.00       2.61 f
  uCPU8051/cpu/ir_decoder1_0/U317/D (NOR4X1)                        0.20      0.00       2.61 f
  uCPU8051/cpu/ir_decoder1_0/U317/Y (NOR4X1)                        0.41      0.37       2.99 r
  uCPU8051/cpu/ir_decoder1_0/n328 (net)         2         0.01                0.00       2.99 r
  uCPU8051/cpu/ir_decoder1_0/U298/C0 (OAI211X1)                     0.41      0.00       2.99 r
  uCPU8051/cpu/ir_decoder1_0/U298/Y (OAI211X1)                      0.18      0.16       3.14 f
  uCPU8051/cpu/ir_decoder1_0/CYCLE2 (net)       2         0.01                0.00       3.14 f
  uCPU8051/cpu/ir_decoder1_0/CYCLE2 (IR_DECODER1)                             0.00       3.14 f
  uCPU8051/cpu/CYCLE2 (net)                               0.01                0.00       3.14 f
  uCPU8051/cpu/fetch_fsm_0/CYCLE2 (FETCH_FSM)                                 0.00       3.14 f
  uCPU8051/cpu/fetch_fsm_0/CYCLE2 (net)                   0.01                0.00       3.14 f
  uCPU8051/cpu/fetch_fsm_0/U347/B (OR2X1)                           0.18      0.00       3.14 f
  uCPU8051/cpu/fetch_fsm_0/U347/Y (OR2X1)                           0.09      0.28       3.42 f
  uCPU8051/cpu/fetch_fsm_0/n505 (net)           1         0.00                0.00       3.42 f
  uCPU8051/cpu/fetch_fsm_0/U346/A1 (AOI21X1)                        0.09      0.00       3.42 f
  uCPU8051/cpu/fetch_fsm_0/U346/Y (AOI21X1)                         0.58      0.40       3.82 r
  uCPU8051/cpu/fetch_fsm_0/n473 (net)           6         0.03                0.00       3.82 r
  uCPU8051/cpu/fetch_fsm_0/U335/B (NOR3X1)                          0.58      0.00       3.82 r
  uCPU8051/cpu/fetch_fsm_0/U335/Y (NOR3X1)                          0.37      0.35       4.17 f
  uCPU8051/cpu/fetch_fsm_0/CS2 (net)           11         0.04                0.00       4.17 f
  uCPU8051/cpu/fetch_fsm_0/CS2 (FETCH_FSM)                                    0.00       4.17 f
  uCPU8051/cpu/CS2 (net)                                  0.04                0.00       4.17 f
  uCPU8051/cpu/ir_decoder2_0/CS2 (IR_DECODER2)                                0.00       4.17 f
  uCPU8051/cpu/ir_decoder2_0/CS2 (net)                    0.04                0.00       4.17 f
  uCPU8051/cpu/ir_decoder2_0/U1683/A (INVX1)                        0.37      0.00       4.17 f
  uCPU8051/cpu/ir_decoder2_0/U1683/Y (INVX1)                        0.25      0.22       4.39 r
  uCPU8051/cpu/ir_decoder2_0/n2122 (net)        4         0.02                0.00       4.39 r
  uCPU8051/cpu/ir_decoder2_0/U1457/B (NOR2X1)                       0.25      0.00       4.39 r
  uCPU8051/cpu/ir_decoder2_0/U1457/Y (NOR2X1)                       0.22      0.19       4.58 f
  uCPU8051/cpu/ir_decoder2_0/n2129 (net)        6         0.03                0.00       4.58 f
  uCPU8051/cpu/ir_decoder2_0/U1323/B1 (OAI22X1)                     0.22      0.00       4.58 f
  uCPU8051/cpu/ir_decoder2_0/U1323/Y (OAI22X1)                      0.34      0.24       4.82 r
  uCPU8051/cpu/ir_decoder2_0/n2121 (net)        1         0.01                0.00       4.82 r
  uCPU8051/cpu/ir_decoder2_0/U1321/A0 (OAI33X1)                     0.34      0.00       4.82 r
  uCPU8051/cpu/ir_decoder2_0/U1321/Y (OAI33X1)                      0.25      0.15       4.97 f
  uCPU8051/cpu/ir_decoder2_0/XA_OUT_EN (net)
                                                1         0.00                0.00       4.97 f
  uCPU8051/cpu/ir_decoder2_0/XA_OUT_EN (IR_DECODER2)                          0.00       4.97 f
  uCPU8051/cpu/XA_OUT_EN (net)                            0.00                0.00       4.97 f
  uCPU8051/cpu/etc_unit_0/XA_OUT_EN (ETC_UNIT)                                0.00       4.97 f
  uCPU8051/cpu/etc_unit_0/XA_OUT_EN (net)                 0.00                0.00       4.97 f
  uCPU8051/cpu/etc_unit_0/U203/B (NOR2X1)                           0.25      0.00       4.97 f
  uCPU8051/cpu/etc_unit_0/U203/Y (NOR2X1)                           1.71      1.04       6.01 r
  uCPU8051/cpu/etc_unit_0/n206 (net)           16         0.09                0.00       6.01 r
  uCPU8051/cpu/etc_unit_0/U192/S0 (MX2X1)                           1.71      0.00       6.01 r
  uCPU8051/cpu/etc_unit_0/U192/Y (MX2X1)                            0.12      0.56       6.57 r
  uCPU8051/cpu/etc_unit_0/P2_OUT[2] (net)       2         0.00                0.00       6.57 r
  uCPU8051/cpu/etc_unit_0/P2_OUT[2] (ETC_UNIT)                                0.00       6.57 r
  uCPU8051/cpu/XMEM_H[2] (net)                            0.00                0.00       6.57 r
  uCPU8051/cpu/XMEM_H[2] (cpu)                                                0.00       6.57 r
  uCPU8051/xrom_addr[10] (net)                            0.00                0.00       6.57 r
  uCPU8051/xrom_addr[10] (core_top)                                           0.00       6.57 r
  xrom_addr[10] (net)                                     0.00                0.00       6.57 r
  xrom_addr[10] (out)                                               0.12      0.00       6.57 r
  data arrival time                                                                      6.57
  ----------------------------------------------------------------------------------------------
  (Path is unconstrained)


  Startpoint: uCPU8051/cpu/ir_reg_0/IR_reg_1_
              (rising edge-triggered flip-flop)
  Endpoint: xrom_addr[11]
            (output port)
  Path Group: (none)
  Path Type: max

  Point                                       Fanout       Cap     Trans      Incr       Path
  ----------------------------------------------------------------------------------------------
  uCPU8051/cpu/ir_reg_0/IR_reg_1_/CK (DFFRX1)                       0.00      0.00 #     0.00 r
  uCPU8051/cpu/ir_reg_0/IR_reg_1_/Q (DFFRX1)                        0.48      0.89       0.89 r
  uCPU8051/cpu/ir_reg_0/IR[1] (net)             9         0.04                0.00       0.89 r
  uCPU8051/cpu/ir_reg_0/IR[1] (IR_REG)                                        0.00       0.89 r
  uCPU8051/cpu/n10 (net)                                  0.04                0.00       0.89 r
  uCPU8051/cpu/ir_decoder1_0/IR[1] (IR_DECODER1)                              0.00       0.89 r
  uCPU8051/cpu/ir_decoder1_0/IR[1] (net)                  0.04                0.00       0.89 r
  uCPU8051/cpu/ir_decoder1_0/U355/A (INVX1)                         0.48      0.00       0.89 r
  uCPU8051/cpu/ir_decoder1_0/U355/Y (INVX1)                         0.22      0.19       1.08 f
  uCPU8051/cpu/ir_decoder1_0/n327 (net)         5         0.02                0.00       1.08 f
  uCPU8051/cpu/ir_decoder1_0/U353/A (AND3X1)                        0.22      0.00       1.08 f
  uCPU8051/cpu/ir_decoder1_0/U353/Y (AND3X1)                        0.12      0.28       1.37 f
  uCPU8051/cpu/ir_decoder1_0/n376 (net)         2         0.01                0.00       1.37 f
  uCPU8051/cpu/ir_decoder1_0/U352/B (NAND2X1)                       0.12      0.00       1.37 f
  uCPU8051/cpu/ir_decoder1_0/U352/Y (NAND2X1)                       0.39      0.26       1.63 r
  uCPU8051/cpu/ir_decoder1_0/n309 (net)         6         0.03                0.00       1.63 r
  uCPU8051/cpu/ir_decoder1_0/U328/A (INVX1)                         0.39      0.00       1.63 r
  uCPU8051/cpu/ir_decoder1_0/U328/Y (INVX1)                         0.13      0.10       1.73 f
  uCPU8051/cpu/ir_decoder1_0/n346 (net)         2         0.01                0.00       1.73 f
  uCPU8051/cpu/ir_decoder1_0/U326/A1 (AOI22X1)                      0.13      0.00       1.73 f
  uCPU8051/cpu/ir_decoder1_0/U326/Y (AOI22X1)                       0.32      0.22       1.95 r
  uCPU8051/cpu/ir_decoder1_0/n362 (net)         2         0.01                0.00       1.95 r
  uCPU8051/cpu/ir_decoder1_0/U322/A (INVX1)                         0.32      0.00       1.95 r
  uCPU8051/cpu/ir_decoder1_0/U322/Y (INVX1)                         0.09      0.07       2.02 f
  uCPU8051/cpu/ir_decoder1_0/n367 (net)         1         0.00                0.00       2.02 f
  uCPU8051/cpu/ir_decoder1_0/U320/A1 (AOI22X1)                      0.09      0.00       2.02 f
  uCPU8051/cpu/ir_decoder1_0/U320/Y (AOI22X1)                       0.21      0.15       2.17 r
  uCPU8051/cpu/ir_decoder1_0/n365 (net)         1         0.00                0.00       2.17 r
  uCPU8051/cpu/ir_decoder1_0/U319/C (AND3X1)                        0.21      0.00       2.17 r
  uCPU8051/cpu/ir_decoder1_0/U319/Y (AND3X1)                        0.16      0.28       2.45 r
  uCPU8051/cpu/ir_decoder1_0/n312 (net)         2         0.01                0.00       2.45 r
  uCPU8051/cpu/ir_decoder1_0/U318/C1 (OAI222X1)                     0.16      0.00       2.45 r
  uCPU8051/cpu/ir_decoder1_0/U318/Y (OAI222X1)                      0.20      0.16       2.61 f
  uCPU8051/cpu/ir_decoder1_0/n361 (net)         1         0.00                0.00       2.61 f
  uCPU8051/cpu/ir_decoder1_0/U317/D (NOR4X1)                        0.20      0.00       2.61 f
  uCPU8051/cpu/ir_decoder1_0/U317/Y (NOR4X1)                        0.41      0.37       2.99 r
  uCPU8051/cpu/ir_decoder1_0/n328 (net)         2         0.01                0.00       2.99 r
  uCPU8051/cpu/ir_decoder1_0/U298/C0 (OAI211X1)                     0.41      0.00       2.99 r
  uCPU8051/cpu/ir_decoder1_0/U298/Y (OAI211X1)                      0.18      0.16       3.14 f
  uCPU8051/cpu/ir_decoder1_0/CYCLE2 (net)       2         0.01                0.00       3.14 f
  uCPU8051/cpu/ir_decoder1_0/CYCLE2 (IR_DECODER1)                             0.00       3.14 f
  uCPU8051/cpu/CYCLE2 (net)                               0.01                0.00       3.14 f
  uCPU8051/cpu/fetch_fsm_0/CYCLE2 (FETCH_FSM)                                 0.00       3.14 f
  uCPU8051/cpu/fetch_fsm_0/CYCLE2 (net)                   0.01                0.00       3.14 f
  uCPU8051/cpu/fetch_fsm_0/U347/B (OR2X1)                           0.18      0.00       3.14 f
  uCPU8051/cpu/fetch_fsm_0/U347/Y (OR2X1)                           0.09      0.28       3.42 f
  uCPU8051/cpu/fetch_fsm_0/n505 (net)           1         0.00                0.00       3.42 f
  uCPU8051/cpu/fetch_fsm_0/U346/A1 (AOI21X1)                        0.09      0.00       3.42 f
  uCPU8051/cpu/fetch_fsm_0/U346/Y (AOI21X1)                         0.58      0.40       3.82 r
  uCPU8051/cpu/fetch_fsm_0/n473 (net)           6         0.03                0.00       3.82 r
  uCPU8051/cpu/fetch_fsm_0/U335/B (NOR3X1)                          0.58      0.00       3.82 r
  uCPU8051/cpu/fetch_fsm_0/U335/Y (NOR3X1)                          0.37      0.35       4.17 f
  uCPU8051/cpu/fetch_fsm_0/CS2 (net)           11         0.04                0.00       4.17 f
  uCPU8051/cpu/fetch_fsm_0/CS2 (FETCH_FSM)                                    0.00       4.17 f
  uCPU8051/cpu/CS2 (net)                                  0.04                0.00       4.17 f
  uCPU8051/cpu/ir_decoder2_0/CS2 (IR_DECODER2)                                0.00       4.17 f
  uCPU8051/cpu/ir_decoder2_0/CS2 (net)                    0.04                0.00       4.17 f
  uCPU8051/cpu/ir_decoder2_0/U1683/A (INVX1)                        0.37      0.00       4.17 f
  uCPU8051/cpu/ir_decoder2_0/U1683/Y (INVX1)                        0.25      0.22       4.39 r
  uCPU8051/cpu/ir_decoder2_0/n2122 (net)        4         0.02                0.00       4.39 r
  uCPU8051/cpu/ir_decoder2_0/U1457/B (NOR2X1)                       0.25      0.00       4.39 r
  uCPU8051/cpu/ir_decoder2_0/U1457/Y (NOR2X1)                       0.22      0.19       4.58 f
  uCPU8051/cpu/ir_decoder2_0/n2129 (net)        6         0.03                0.00       4.58 f
  uCPU8051/cpu/ir_decoder2_0/U1323/B1 (OAI22X1)                     0.22      0.00       4.58 f
  uCPU8051/cpu/ir_decoder2_0/U1323/Y (OAI22X1)                      0.34      0.24       4.82 r
  uCPU8051/cpu/ir_decoder2_0/n2121 (net)        1         0.01                0.00       4.82 r
  uCPU8051/cpu/ir_decoder2_0/U1321/A0 (OAI33X1)                     0.34      0.00       4.82 r
  uCPU8051/cpu/ir_decoder2_0/U1321/Y (OAI33X1)                      0.25      0.15       4.97 f
  uCPU8051/cpu/ir_decoder2_0/XA_OUT_EN (net)
                                                1         0.00                0.00       4.97 f
  uCPU8051/cpu/ir_decoder2_0/XA_OUT_EN (IR_DECODER2)                          0.00       4.97 f
  uCPU8051/cpu/XA_OUT_EN (net)                            0.00                0.00       4.97 f
  uCPU8051/cpu/etc_unit_0/XA_OUT_EN (ETC_UNIT)                                0.00       4.97 f
  uCPU8051/cpu/etc_unit_0/XA_OUT_EN (net)                 0.00                0.00       4.97 f
  uCPU8051/cpu/etc_unit_0/U203/B (NOR2X1)                           0.25      0.00       4.97 f
  uCPU8051/cpu/etc_unit_0/U203/Y (NOR2X1)                           1.71      1.04       6.01 r
  uCPU8051/cpu/etc_unit_0/n206 (net)           16         0.09                0.00       6.01 r
  uCPU8051/cpu/etc_unit_0/U191/S0 (MX2X1)                           1.71      0.00       6.01 r
  uCPU8051/cpu/etc_unit_0/U191/Y (MX2X1)                            0.12      0.56       6.57 r
  uCPU8051/cpu/etc_unit_0/P2_OUT[3] (net)       2         0.00                0.00       6.57 r
  uCPU8051/cpu/etc_unit_0/P2_OUT[3] (ETC_UNIT)                                0.00       6.57 r
  uCPU8051/cpu/XMEM_H[3] (net)                            0.00                0.00       6.57 r
  uCPU8051/cpu/XMEM_H[3] (cpu)                                                0.00       6.57 r
  uCPU8051/xrom_addr[11] (net)                            0.00                0.00       6.57 r
  uCPU8051/xrom_addr[11] (core_top)                                           0.00       6.57 r
  xrom_addr[11] (net)                                     0.00                0.00       6.57 r
  xrom_addr[11] (out)                                               0.12      0.00       6.57 r
  data arrival time                                                                      6.57
  ----------------------------------------------------------------------------------------------
  (Path is unconstrained)


  Startpoint: uCPU8051/cpu/ir_reg_0/IR_reg_1_
              (rising edge-triggered flip-flop)
  Endpoint: xrom_addr[12]
            (output port)
  Path Group: (none)
  Path Type: max

  Point                                       Fanout       Cap     Trans      Incr       Path
  ----------------------------------------------------------------------------------------------
  uCPU8051/cpu/ir_reg_0/IR_reg_1_/CK (DFFRX1)                       0.00      0.00 #     0.00 r
  uCPU8051/cpu/ir_reg_0/IR_reg_1_/Q (DFFRX1)                        0.48      0.89       0.89 r
  uCPU8051/cpu/ir_reg_0/IR[1] (net)             9         0.04                0.00       0.89 r
  uCPU8051/cpu/ir_reg_0/IR[1] (IR_REG)                                        0.00       0.89 r
  uCPU8051/cpu/n10 (net)                                  0.04                0.00       0.89 r
  uCPU8051/cpu/ir_decoder1_0/IR[1] (IR_DECODER1)                              0.00       0.89 r
  uCPU8051/cpu/ir_decoder1_0/IR[1] (net)                  0.04                0.00       0.89 r
  uCPU8051/cpu/ir_decoder1_0/U355/A (INVX1)                         0.48      0.00       0.89 r
  uCPU8051/cpu/ir_decoder1_0/U355/Y (INVX1)                         0.22      0.19       1.08 f
  uCPU8051/cpu/ir_decoder1_0/n327 (net)         5         0.02                0.00       1.08 f
  uCPU8051/cpu/ir_decoder1_0/U353/A (AND3X1)                        0.22      0.00       1.08 f
  uCPU8051/cpu/ir_decoder1_0/U353/Y (AND3X1)                        0.12      0.28       1.37 f
  uCPU8051/cpu/ir_decoder1_0/n376 (net)         2         0.01                0.00       1.37 f
  uCPU8051/cpu/ir_decoder1_0/U352/B (NAND2X1)                       0.12      0.00       1.37 f
  uCPU8051/cpu/ir_decoder1_0/U352/Y (NAND2X1)                       0.39      0.26       1.63 r
  uCPU8051/cpu/ir_decoder1_0/n309 (net)         6         0.03                0.00       1.63 r
  uCPU8051/cpu/ir_decoder1_0/U328/A (INVX1)                         0.39      0.00       1.63 r
  uCPU8051/cpu/ir_decoder1_0/U328/Y (INVX1)                         0.13      0.10       1.73 f
  uCPU8051/cpu/ir_decoder1_0/n346 (net)         2         0.01                0.00       1.73 f
  uCPU8051/cpu/ir_decoder1_0/U326/A1 (AOI22X1)                      0.13      0.00       1.73 f
  uCPU8051/cpu/ir_decoder1_0/U326/Y (AOI22X1)                       0.32      0.22       1.95 r
  uCPU8051/cpu/ir_decoder1_0/n362 (net)         2         0.01                0.00       1.95 r
  uCPU8051/cpu/ir_decoder1_0/U322/A (INVX1)                         0.32      0.00       1.95 r
  uCPU8051/cpu/ir_decoder1_0/U322/Y (INVX1)                         0.09      0.07       2.02 f
  uCPU8051/cpu/ir_decoder1_0/n367 (net)         1         0.00                0.00       2.02 f
  uCPU8051/cpu/ir_decoder1_0/U320/A1 (AOI22X1)                      0.09      0.00       2.02 f
  uCPU8051/cpu/ir_decoder1_0/U320/Y (AOI22X1)                       0.21      0.15       2.17 r
  uCPU8051/cpu/ir_decoder1_0/n365 (net)         1         0.00                0.00       2.17 r
  uCPU8051/cpu/ir_decoder1_0/U319/C (AND3X1)                        0.21      0.00       2.17 r
  uCPU8051/cpu/ir_decoder1_0/U319/Y (AND3X1)                        0.16      0.28       2.45 r
  uCPU8051/cpu/ir_decoder1_0/n312 (net)         2         0.01                0.00       2.45 r
  uCPU8051/cpu/ir_decoder1_0/U318/C1 (OAI222X1)                     0.16      0.00       2.45 r
  uCPU8051/cpu/ir_decoder1_0/U318/Y (OAI222X1)                      0.20      0.16       2.61 f
  uCPU8051/cpu/ir_decoder1_0/n361 (net)         1         0.00                0.00       2.61 f
  uCPU8051/cpu/ir_decoder1_0/U317/D (NOR4X1)                        0.20      0.00       2.61 f
  uCPU8051/cpu/ir_decoder1_0/U317/Y (NOR4X1)                        0.41      0.37       2.99 r
  uCPU8051/cpu/ir_decoder1_0/n328 (net)         2         0.01                0.00       2.99 r
  uCPU8051/cpu/ir_decoder1_0/U298/C0 (OAI211X1)                     0.41      0.00       2.99 r
  uCPU8051/cpu/ir_decoder1_0/U298/Y (OAI211X1)                      0.18      0.16       3.14 f
  uCPU8051/cpu/ir_decoder1_0/CYCLE2 (net)       2         0.01                0.00       3.14 f
  uCPU8051/cpu/ir_decoder1_0/CYCLE2 (IR_DECODER1)                             0.00       3.14 f
  uCPU8051/cpu/CYCLE2 (net)                               0.01                0.00       3.14 f
  uCPU8051/cpu/fetch_fsm_0/CYCLE2 (FETCH_FSM)                                 0.00       3.14 f
  uCPU8051/cpu/fetch_fsm_0/CYCLE2 (net)                   0.01                0.00       3.14 f
  uCPU8051/cpu/fetch_fsm_0/U347/B (OR2X1)                           0.18      0.00       3.14 f
  uCPU8051/cpu/fetch_fsm_0/U347/Y (OR2X1)                           0.09      0.28       3.42 f
  uCPU8051/cpu/fetch_fsm_0/n505 (net)           1         0.00                0.00       3.42 f
  uCPU8051/cpu/fetch_fsm_0/U346/A1 (AOI21X1)                        0.09      0.00       3.42 f
  uCPU8051/cpu/fetch_fsm_0/U346/Y (AOI21X1)                         0.58      0.40       3.82 r
  uCPU8051/cpu/fetch_fsm_0/n473 (net)           6         0.03                0.00       3.82 r
  uCPU8051/cpu/fetch_fsm_0/U335/B (NOR3X1)                          0.58      0.00       3.82 r
  uCPU8051/cpu/fetch_fsm_0/U335/Y (NOR3X1)                          0.37      0.35       4.17 f
  uCPU8051/cpu/fetch_fsm_0/CS2 (net)           11         0.04                0.00       4.17 f
  uCPU8051/cpu/fetch_fsm_0/CS2 (FETCH_FSM)                                    0.00       4.17 f
  uCPU8051/cpu/CS2 (net)                                  0.04                0.00       4.17 f
  uCPU8051/cpu/ir_decoder2_0/CS2 (IR_DECODER2)                                0.00       4.17 f
  uCPU8051/cpu/ir_decoder2_0/CS2 (net)                    0.04                0.00       4.17 f
  uCPU8051/cpu/ir_decoder2_0/U1683/A (INVX1)                        0.37      0.00       4.17 f
  uCPU8051/cpu/ir_decoder2_0/U1683/Y (INVX1)                        0.25      0.22       4.39 r
  uCPU8051/cpu/ir_decoder2_0/n2122 (net)        4         0.02                0.00       4.39 r
  uCPU8051/cpu/ir_decoder2_0/U1457/B (NOR2X1)                       0.25      0.00       4.39 r
  uCPU8051/cpu/ir_decoder2_0/U1457/Y (NOR2X1)                       0.22      0.19       4.58 f
  uCPU8051/cpu/ir_decoder2_0/n2129 (net)        6         0.03                0.00       4.58 f
  uCPU8051/cpu/ir_decoder2_0/U1323/B1 (OAI22X1)                     0.22      0.00       4.58 f
  uCPU8051/cpu/ir_decoder2_0/U1323/Y (OAI22X1)                      0.34      0.24       4.82 r
  uCPU8051/cpu/ir_decoder2_0/n2121 (net)        1         0.01                0.00       4.82 r
  uCPU8051/cpu/ir_decoder2_0/U1321/A0 (OAI33X1)                     0.34      0.00       4.82 r
  uCPU8051/cpu/ir_decoder2_0/U1321/Y (OAI33X1)                      0.25      0.15       4.97 f
  uCPU8051/cpu/ir_decoder2_0/XA_OUT_EN (net)
                                                1         0.00                0.00       4.97 f
  uCPU8051/cpu/ir_decoder2_0/XA_OUT_EN (IR_DECODER2)                          0.00       4.97 f
  uCPU8051/cpu/XA_OUT_EN (net)                            0.00                0.00       4.97 f
  uCPU8051/cpu/etc_unit_0/XA_OUT_EN (ETC_UNIT)                                0.00       4.97 f
  uCPU8051/cpu/etc_unit_0/XA_OUT_EN (net)                 0.00                0.00       4.97 f
  uCPU8051/cpu/etc_unit_0/U203/B (NOR2X1)                           0.25      0.00       4.97 f
  uCPU8051/cpu/etc_unit_0/U203/Y (NOR2X1)                           1.71      1.04       6.01 r
  uCPU8051/cpu/etc_unit_0/n206 (net)           16         0.09                0.00       6.01 r
  uCPU8051/cpu/etc_unit_0/U190/S0 (MX2X1)                           1.71      0.00       6.01 r
  uCPU8051/cpu/etc_unit_0/U190/Y (MX2X1)                            0.12      0.56       6.57 r
  uCPU8051/cpu/etc_unit_0/P2_OUT[4] (net)       2         0.00                0.00       6.57 r
  uCPU8051/cpu/etc_unit_0/P2_OUT[4] (ETC_UNIT)                                0.00       6.57 r
  uCPU8051/cpu/XMEM_H[4] (net)                            0.00                0.00       6.57 r
  uCPU8051/cpu/XMEM_H[4] (cpu)                                                0.00       6.57 r
  uCPU8051/xrom_addr[12] (net)                            0.00                0.00       6.57 r
  uCPU8051/xrom_addr[12] (core_top)                                           0.00       6.57 r
  xrom_addr[12] (net)                                     0.00                0.00       6.57 r
  xrom_addr[12] (out)                                               0.12      0.00       6.57 r
  data arrival time                                                                      6.57
  ----------------------------------------------------------------------------------------------
  (Path is unconstrained)


1
