 
****************************************
Report : timing
        -path full
        -delay min
        -nworst 10
        -input_pins
        -nets
        -max_paths 10
        -transition_time
        -capacitance
Design : SMC1000Core
Version: V-2004.06
Date   : Wed Jul 18 09:36:17 2007
****************************************

 # A fanout number of 1000 was used for high fanout net computations.

Operating Conditions: slow   Library: slow
Wire Load Model Mode: top

  Startpoint: uNF_CTRL0/uNFCtrl/ALEOut_reg
              (rising edge-triggered flip-flop)
  Endpoint: ALE[0] (output port)
  Path Group: (none)
  Path Type: min

  Point                                       Fanout       Cap     Trans      Incr       Path
  ----------------------------------------------------------------------------------------------
  uNF_CTRL0/uNFCtrl/ALEOut_reg/CK (DFFRHQX1)                        0.00      0.00 #     0.00 r
  uNF_CTRL0/uNFCtrl/ALEOut_reg/Q (DFFRHQX1)                         0.07      0.25       0.25 f
  uNF_CTRL0/uNFCtrl/ALEOut (net)                1         0.00                0.00       0.25 f
  uNF_CTRL0/uNFCtrl/ALEOut (NFCtrl_1)                                         0.00       0.25 f
  uNF_CTRL0/ALE (net)                                     0.00                0.00       0.25 f
  uNF_CTRL0/ALE (NFTop_1)                                                     0.00       0.25 f
  ALE[0] (net)                                            0.00                0.00       0.25 f
  ALE[0] (out)                                                      0.07      0.00       0.25 f
  data arrival time                                                                      0.25
  ----------------------------------------------------------------------------------------------
  (Path is unconstrained)


  Startpoint: uNF_CTRL1/uNFCtrl/ALEOut_reg
              (rising edge-triggered flip-flop)
  Endpoint: ALE[1] (output port)
  Path Group: (none)
  Path Type: min

  Point                                       Fanout       Cap     Trans      Incr       Path
  ----------------------------------------------------------------------------------------------
  uNF_CTRL1/uNFCtrl/ALEOut_reg/CK (DFFRHQX1)                        0.00      0.00 #     0.00 r
  uNF_CTRL1/uNFCtrl/ALEOut_reg/Q (DFFRHQX1)                         0.07      0.25       0.25 f
  uNF_CTRL1/uNFCtrl/ALEOut (net)                1         0.00                0.00       0.25 f
  uNF_CTRL1/uNFCtrl/ALEOut (NFCtrl_0)                                         0.00       0.25 f
  uNF_CTRL1/ALE (net)                                     0.00                0.00       0.25 f
  uNF_CTRL1/ALE (NFTop_0)                                                     0.00       0.25 f
  ALE[1] (net)                                            0.00                0.00       0.25 f
  ALE[1] (out)                                                      0.07      0.00       0.25 f
  data arrival time                                                                      0.25
  ----------------------------------------------------------------------------------------------
  (Path is unconstrained)


  Startpoint: uNF_CTRL0/uNFCtrl/CLEOut_reg
              (rising edge-triggered flip-flop)
  Endpoint: CLE[0] (output port)
  Path Group: (none)
  Path Type: min

  Point                                       Fanout       Cap     Trans      Incr       Path
  ----------------------------------------------------------------------------------------------
  uNF_CTRL0/uNFCtrl/CLEOut_reg/CK (DFFRHQX1)                        0.00      0.00 #     0.00 r
  uNF_CTRL0/uNFCtrl/CLEOut_reg/Q (DFFRHQX1)                         0.07      0.25       0.25 f
  uNF_CTRL0/uNFCtrl/CLEOut (net)                1         0.00                0.00       0.25 f
  uNF_CTRL0/uNFCtrl/CLEOut (NFCtrl_1)                                         0.00       0.25 f
  uNF_CTRL0/CLE (net)                                     0.00                0.00       0.25 f
  uNF_CTRL0/CLE (NFTop_1)                                                     0.00       0.25 f
  CLE[0] (net)                                            0.00                0.00       0.25 f
  CLE[0] (out)                                                      0.07      0.00       0.25 f
  data arrival time                                                                      0.25
  ----------------------------------------------------------------------------------------------
  (Path is unconstrained)


  Startpoint: uNF_CTRL1/uNFCtrl/CLEOut_reg
              (rising edge-triggered flip-flop)
  Endpoint: CLE[1] (output port)
  Path Group: (none)
  Path Type: min

  Point                                       Fanout       Cap     Trans      Incr       Path
  ----------------------------------------------------------------------------------------------
  uNF_CTRL1/uNFCtrl/CLEOut_reg/CK (DFFRHQX1)                        0.00      0.00 #     0.00 r
  uNF_CTRL1/uNFCtrl/CLEOut_reg/Q (DFFRHQX1)                         0.07      0.25       0.25 f
  uNF_CTRL1/uNFCtrl/CLEOut (net)                1         0.00                0.00       0.25 f
  uNF_CTRL1/uNFCtrl/CLEOut (NFCtrl_0)                                         0.00       0.25 f
  uNF_CTRL1/CLE (net)                                     0.00                0.00       0.25 f
  uNF_CTRL1/CLE (NFTop_0)                                                     0.00       0.25 f
  CLE[1] (net)                                            0.00                0.00       0.25 f
  CLE[1] (out)                                                      0.07      0.00       0.25 f
  data arrival time                                                                      0.25
  ----------------------------------------------------------------------------------------------
  (Path is unconstrained)


  Startpoint: uCPU8051/port0/P0_SFR_reg_2_
              (rising edge-triggered flip-flop)
  Endpoint: P0_DOUT[2] (output port)
  Path Group: (none)
  Path Type: min

  Point                                       Fanout       Cap     Trans      Incr       Path
  ----------------------------------------------------------------------------------------------
  uCPU8051/port0/P0_SFR_reg_2_/CK (EDFFX1)                          0.00      0.00 #     0.00 r
  uCPU8051/port0/P0_SFR_reg_2_/Q (EDFFX1)                           0.08      0.25       0.25 f
  uCPU8051/port0/P0_DOUT[2] (net)               2         0.00                0.00       0.25 f
  uCPU8051/port0/P0_DOUT[2] (port0)                                           0.00       0.25 f
  uCPU8051/P0_DOUT[2] (net)                               0.00                0.00       0.25 f
  uCPU8051/P0_DOUT[2] (core_top)                                              0.00       0.25 f
  P0_DOUT[2] (net)                                        0.00                0.00       0.25 f
  P0_DOUT[2] (out)                                                  0.08      0.00       0.25 f
  data arrival time                                                                      0.25
  ----------------------------------------------------------------------------------------------
  (Path is unconstrained)


  Startpoint: uCPU8051/port0/P0_SFR_reg_3_
              (rising edge-triggered flip-flop)
  Endpoint: P0_DOUT[3] (output port)
  Path Group: (none)
  Path Type: min

  Point                                       Fanout       Cap     Trans      Incr       Path
  ----------------------------------------------------------------------------------------------
  uCPU8051/port0/P0_SFR_reg_3_/CK (EDFFX1)                          0.00      0.00 #     0.00 r
  uCPU8051/port0/P0_SFR_reg_3_/Q (EDFFX1)                           0.08      0.25       0.25 f
  uCPU8051/port0/P0_DOUT[3] (net)               2         0.00                0.00       0.25 f
  uCPU8051/port0/P0_DOUT[3] (port0)                                           0.00       0.25 f
  uCPU8051/P0_DOUT[3] (net)                               0.00                0.00       0.25 f
  uCPU8051/P0_DOUT[3] (core_top)                                              0.00       0.25 f
  P0_DOUT[3] (net)                                        0.00                0.00       0.25 f
  P0_DOUT[3] (out)                                                  0.08      0.00       0.25 f
  data arrival time                                                                      0.25
  ----------------------------------------------------------------------------------------------
  (Path is unconstrained)


  Startpoint: uCPU8051/port0/P0_SFR_reg_4_
              (rising edge-triggered flip-flop)
  Endpoint: P0_DOUT[4] (output port)
  Path Group: (none)
  Path Type: min

  Point                                       Fanout       Cap     Trans      Incr       Path
  ----------------------------------------------------------------------------------------------
  uCPU8051/port0/P0_SFR_reg_4_/CK (EDFFX1)                          0.00      0.00 #     0.00 r
  uCPU8051/port0/P0_SFR_reg_4_/Q (EDFFX1)                           0.08      0.25       0.25 f
  uCPU8051/port0/P0_DOUT[4] (net)               2         0.00                0.00       0.25 f
  uCPU8051/port0/P0_DOUT[4] (port0)                                           0.00       0.25 f
  uCPU8051/P0_DOUT[4] (net)                               0.00                0.00       0.25 f
  uCPU8051/P0_DOUT[4] (core_top)                                              0.00       0.25 f
  P0_DOUT[4] (net)                                        0.00                0.00       0.25 f
  P0_DOUT[4] (out)                                                  0.08      0.00       0.25 f
  data arrival time                                                                      0.25
  ----------------------------------------------------------------------------------------------
  (Path is unconstrained)


  Startpoint: uCPU8051/port0/P0_SFR_reg_5_
              (rising edge-triggered flip-flop)
  Endpoint: P0_DOUT[5] (output port)
  Path Group: (none)
  Path Type: min

  Point                                       Fanout       Cap     Trans      Incr       Path
  ----------------------------------------------------------------------------------------------
  uCPU8051/port0/P0_SFR_reg_5_/CK (EDFFX1)                          0.00      0.00 #     0.00 r
  uCPU8051/port0/P0_SFR_reg_5_/Q (EDFFX1)                           0.08      0.25       0.25 f
  uCPU8051/port0/P0_DOUT[5] (net)               2         0.00                0.00       0.25 f
  uCPU8051/port0/P0_DOUT[5] (port0)                                           0.00       0.25 f
  uCPU8051/P0_DOUT[5] (net)                               0.00                0.00       0.25 f
  uCPU8051/P0_DOUT[5] (core_top)                                              0.00       0.25 f
  P0_DOUT[5] (net)                                        0.00                0.00       0.25 f
  P0_DOUT[5] (out)                                                  0.08      0.00       0.25 f
  data arrival time                                                                      0.25
  ----------------------------------------------------------------------------------------------
  (Path is unconstrained)


  Startpoint: uCPU8051/port0/P0_SFR_reg_6_
              (rising edge-triggered flip-flop)
  Endpoint: P0_DOUT[6] (output port)
  Path Group: (none)
  Path Type: min

  Point                                       Fanout       Cap     Trans      Incr       Path
  ----------------------------------------------------------------------------------------------
  uCPU8051/port0/P0_SFR_reg_6_/CK (EDFFX1)                          0.00      0.00 #     0.00 r
  uCPU8051/port0/P0_SFR_reg_6_/Q (EDFFX1)                           0.08      0.25       0.25 f
  uCPU8051/port0/P0_DOUT[6] (net)               2         0.00                0.00       0.25 f
  uCPU8051/port0/P0_DOUT[6] (port0)                                           0.00       0.25 f
  uCPU8051/P0_DOUT[6] (net)                               0.00                0.00       0.25 f
  uCPU8051/P0_DOUT[6] (core_top)                                              0.00       0.25 f
  P0_DOUT[6] (net)                                        0.00                0.00       0.25 f
  P0_DOUT[6] (out)                                                  0.08      0.00       0.25 f
  data arrival time                                                                      0.25
  ----------------------------------------------------------------------------------------------
  (Path is unconstrained)


  Startpoint: uCPU8051/port0/P0_SFR_reg_7_
              (rising edge-triggered flip-flop)
  Endpoint: P0_DOUT[7] (output port)
  Path Group: (none)
  Path Type: min

  Point                                       Fanout       Cap     Trans      Incr       Path
  ----------------------------------------------------------------------------------------------
  uCPU8051/port0/P0_SFR_reg_7_/CK (EDFFX1)                          0.00      0.00 #     0.00 r
  uCPU8051/port0/P0_SFR_reg_7_/Q (EDFFX1)                           0.08      0.25       0.25 f
  uCPU8051/port0/P0_DOUT[7] (net)               2         0.00                0.00       0.25 f
  uCPU8051/port0/P0_DOUT[7] (port0)                                           0.00       0.25 f
  uCPU8051/P0_DOUT[7] (net)                               0.00                0.00       0.25 f
  uCPU8051/P0_DOUT[7] (core_top)                                              0.00       0.25 f
  P0_DOUT[7] (net)                                        0.00                0.00       0.25 f
  P0_DOUT[7] (out)                                                  0.08      0.00       0.25 f
  data arrival time                                                                      0.25
  ----------------------------------------------------------------------------------------------
  (Path is unconstrained)


1
