 
****************************************
Report : qor
Design : SMC1000Core
Version: V-2004.06
Date   : Wed Jul 18 09:35:56 2007
****************************************


  Timing Path Group (none)
  -----------------------------------
  Levels of Logic:              21.00
  Critical Path Length:          6.66
  Critical Path Slack:         uninit
  Total Negative Slack:          0.00
  No. of Violating Paths:        0.00
  -----------------------------------


  Cell Count
  -----------------------------------
  Hierarchial Cell Count:        1755
  Hierarchial Port Count:       30246
  Leaf Cell Count:              70978
  -----------------------------------


  Area
  -----------------------------------
  Combinational Area:  1033108.250000
  Noncombinational Area:
                        762476.375000
  Net Area:                  0.000000
  -----------------------------------
  Cell Area:           1795471.000000
  Design Area:         1795471.000000


  Design Rules
  -----------------------------------
  Total Number of Nets:         76109
  Nets With Violations:             0
  -----------------------------------


  Hostname: soc5.localdomain

  Compile CPU Statistics
  -----------------------------------
  Resource Sharing:              0.50
  Logic Optimization:          284.50
  Mapping Optimization:         76.83
  -----------------------------------
  Overall Compile Time:        429.66

1
