--------------------------------------------------------------------------------
Release  Trace 
Copyright (c) 1995-2006 Xilinx, Inc.  All rights reserved.

D:\Xilinx\bin\nt\trce.exe -ise
E:/RTL_COMPLETE/SOURCE_PROJECT/VIDEO_ENCODER/ENCODER/ENCODER.ise -intstyle ise
-e 3 -l 3 -s 10 -xml ENCODER ENCODER.ncd -o ENCODER.twr ENCODER.pcf -ucf
ENCODER.ucf

Design file:              encoder.ncd
Physical constraint file: encoder.pcf
Device,speed:             xc4vlx200,-10 (PRODUCTION 1.60 2006-05-03, STEPPING level 1)
Report level:             error report

Environment Variable      Effect 
--------------------      ------ 
NONE                      No environment variables were set
--------------------------------------------------------------------------------

INFO:Timing:2698 - No timing constraints found, doing default enumeration.
INFO:Timing:2752 - To get complete path coverage, use the unconstrained paths 
   option. All paths that are not constrained will be reported in the 
   unconstrained paths section(s) of the report.



Data Sheet report:
-----------------
All values displayed in nanoseconds (ns)

Clock CLK_25 to Pad
------------+------------+------------------+--------+
            | clk (edge) |                  | Clock  |
Destination |   to PAD   |Internal Clock(s) | Phase  |
------------+------------+------------------+--------+
HD_OUT_CLOCK|   15.154(R)|CLK_25_BUFGP      |   0.000|
LCD_CLK     |   15.006(R)|CLK_25_BUFGP      |   0.000|
------------+------------+------------------+--------+

Clock to Setup on destination clock CLK_25
---------------+---------+---------+---------+---------+
               | Src:Rise| Src:Fall| Src:Rise| Src:Fall|
Source Clock   |Dest:Rise|Dest:Rise|Dest:Fall|Dest:Fall|
---------------+---------+---------+---------+---------+
CLK_25         |    1.365|         |         |         |
---------------+---------+---------+---------+---------+


Analysis completed Thu Dec 28 16:01:29 2006
--------------------------------------------------------------------------------

Trace Settings:
-------------------------
Trace Settings 

Peak Memory Usage: 388 MB



