a global/ 0K
a global/bustalk_apb/ 0K
a global/bustalk_apb/vhdl/ 0K
a global/bustalk_apb/vhdl/bid/ 0K
a global/bustalk_apb/vhdl/bid/data_driver.vhd 5K
a global/bustalk_apb/vhdl/bid/addrctl_driver.vhd 3K
a global/bustalk_apb/vhdl/bid/buscyc_drivers.vhd 8K
a global/bustalk_apb/vhdl/bid/reset_driver.vhd 6K
a global/bustalk_apb/vhdl/bid/penable_driver.vhd 2K
a global/bustalk_apb/vhdl/bid/busline_drivers.vhd 8K
a global/bustalk_apb/vhdl/buswatcher/ 0K
a global/bustalk_apb/vhdl/buswatcher/buswatch.vhd 5K
a global/bustalk_apb/vhdl/buswatcher/busw_pck.vhd 11K
a global/bustalk_apb/vhdl/common/ 0K
a global/bustalk_apb/vhdl/common/defs.vhd 4K
a global/bustalk_apb/vhdl/common/clockgen.vhd 3K
a global/bustalk_apb/vhdl/common/funcs.vhd 53K
a global/bustalk_apb/vhdl/common/countdown.vhd 3K
a global/bustalk_apb/vhdl/reader/ 0K
a global/bustalk_apb/vhdl/reader/readline.vhd 13K
a global/bustalk_apb/vhdl/reader/reader.vhd 11K
a global/bustalk_apb/vhdl/vr/ 0K
a global/bustalk_apb/vhdl/vr/reg.vhd 3K
a global/bustalk_apb/vhdl/vr/viregcyc_drivers.vhd 4K
a global/bustalk_apb/vhdl/vr/vio_driver.vhd 4K
a global/bustalk_apb/vhdl/vr/vregbank.vhd 3K
a global/bustalk_apb/vhdl/vr/linedrv.vhd 4K
a global/bustalk_ahb/ 0K
a global/bustalk_ahb/vhdl/ 0K
a global/bustalk_ahb/vhdl/bid/ 0K
a global/bustalk_ahb/vhdl/bid/reset_driver.vhd 7K
a global/bustalk_ahb/vhdl/bid/cyc_drivers.vhd 67K
a global/bustalk_ahb/vhdl/bid/split.vhd 8K
a global/bustalk_ahb/vhdl/buswatcher/ 0K
a global/bustalk_ahb/vhdl/buswatcher/buswatch.vhd 16K
a global/bustalk_ahb/vhdl/buswatcher/busw_pck.vhd 11K
a global/bustalk_ahb/vhdl/common/ 0K
a global/bustalk_ahb/vhdl/common/defs.vhd 8K
a global/bustalk_ahb/vhdl/common/clockgen.vhd 4K
a global/bustalk_ahb/vhdl/common/funcs.vhd 74K
a global/bustalk_ahb/vhdl/common/defsmaster.vhd 4K
a global/bustalk_ahb/vhdl/common/configmaster.vhd 2K
a global/bustalk_ahb/vhdl/common/funcsmaster.vhd 19K
a global/bustalk_ahb/vhdl/common/countdown.vhd 6K
a global/bustalk_ahb/vhdl/reader/ 0K
a global/bustalk_ahb/vhdl/reader/readline.vhd 28K
a global/bustalk_ahb/vhdl/reader/reader.vhd 18K
a global/bustalk_ahb/vhdl/vr/ 0K
a global/bustalk_ahb/vhdl/vr/reg.vhd 4K
a global/bustalk_ahb/vhdl/vr/VIODriver.vhd 5K
a global/bustalk_ahb/vhdl/vr/vregbank.vhd 4K
a global/bustalk_ahb/vhdl/vr/VRCycDrivers.vhd 6K
a global/bustalk_ahb/vhdl/vr/linedrv.vhd 7K
a global/modelsim/ 0K
a global/modelsim/libmap 2K
a global/modelsim/init.do 1K
a global/modelsim/modelsim.ini 3K
a global/modelsim/DirMakefile.mk 2K
a global/modelsim/SimMakefile.mk 6K
a global/modelsim/modelsim_tictalk.ini 3K
a global/modelsim/DirSimMakefile.mk 3K
a global/modelsim/modelsim_bustalk.ini 3K
a global/modelsim/RtlMakefile.mk 3K
a uart_pl011/ 0K
a uart_pl011/verification/ 0K
a uart_pl011/verification/makefile 2K
a uart_pl011/verification/vhdl/ 0K
a uart_pl011/verification/vhdl/bid/ 0K
a uart_pl011/verification/vhdl/bid/makefile 1K
a uart_pl011/verification/vhdl/buswatcher/ 0K
a uart_pl011/verification/vhdl/buswatcher/makefile 1K
a uart_pl011/verification/vhdl/common/ 0K
a uart_pl011/verification/vhdl/common/makefile 1K
a uart_pl011/verification/vhdl/reader/ 0K
a uart_pl011/verification/vhdl/reader/makefile 1K
a uart_pl011/verification/vhdl/tbench/ 0K
a uart_pl011/verification/vhdl/tbench/makefile 2K
a uart_pl011/verification/vhdl/tbench/README 3K
a uart_pl011/verification/vhdl/tbench/tbench.vhd 17K
a uart_pl011/verification/vhdl/tbench/apbmux.vhd 4K
a uart_pl011/verification/vhdl/tbench/timing.vhd 4K
a uart_pl011/verification/vhdl/tbench/apbslave_tb.vhd 13K
a uart_pl011/verification/vhdl/trickbox/ 0K
a uart_pl011/verification/vhdl/trickbox/makefile 2K
a uart_pl011/verification/vhdl/trickbox/UartTrick.vhd 35K
a uart_pl011/verification/vhdl/trickbox/UartTrClk.vhd 8K
a uart_pl011/verification/vhdl/trickbox/UartTrRXFCntl.vhd 17K
a uart_pl011/verification/vhdl/trickbox/UartTrTXRegFile.vhd 10K
a uart_pl011/verification/vhdl/trickbox/UartTrTX.vhd 15K
a uart_pl011/verification/vhdl/trickbox/UartTrickInteg.vhd 4K
a uart_pl011/verification/vhdl/trickbox/UartTrIrdaTX.vhd 22K
a uart_pl011/verification/vhdl/trickbox/UartTrRXRegFile.vhd 11K
a uart_pl011/verification/vhdl/trickbox/UartTrRX.vhd 12K
a uart_pl011/verification/vhdl/trickbox/UartTrTXFIFO.vhd 7K
a uart_pl011/verification/vhdl/trickbox/UartTrIrdaRX.vhd 13K
a uart_pl011/verification/vhdl/trickbox/UartTrTXFCntl.vhd 24K
a uart_pl011/verification/vhdl/trickbox/UartTrBaud.vhd 8K
a uart_pl011/verification/vhdl/trickbox/UartTrDMA.vhd 7K
a uart_pl011/verification/vhdl/trickbox/UartTrRXFIFO.vhd 6K
a uart_pl011/verification/vhdl/trickbox/UartTrRegBlock.vhd 21K
a uart_pl011/verification/vhdl/trickbox/UartTrIntLB.vhd 4K
a uart_pl011/verification/vhdl/trickbox/UartTrApbif.vhd 26K
a uart_pl011/verification/vhdl/vr/ 0K
a uart_pl011/verification/vhdl/vr/makefile 1K
a uart_pl011/verification/vhdl/Uart_rtl/ 0K
a uart_pl011/verification/vhdl/Uart_rtl/Uart_rtl_modelsim.log 66K
a uart_pl011/verification/vhdl/Uart_noscan_vhdl_net_min/ 0K
a uart_pl011/verification/vhdl/Uart_scaninsert_vhdl_net_max/ 0K
a uart_pl011/verification/vhdl/Uart_scaninsert_vhdl_net_max/Uart_scaninsert_vhdl_net_max_modelsim.log 71K
a uart_pl011/verification/vhdl/Uart_scanready_vhdl_net_max/ 0K
a uart_pl011/verification/vhdl/makefile 2K
