 Stment  Branch    Excl     FEC     MSC     BSC    EXPR   Trigg    Path  Toggle  Signal  Name

 100.0%   97.9%    ----    ----    ----    ----    ----    ----    ----  100.0%    ----  SspApbif
 100.0%  100.0%    ----    ----    ----    ----    ----    ----    ----  100.0%    ----  SspDMA
  96.3%   92.3%    ----    ----    ----    ----    ----    ----    ----  100.0%    ----  SspDataStp
 100.0%    ----    ----    ----    ----    ----    ----    ----    ----    ----    ----  SspIntGen
  98.4%   94.0%    ----    ----    ----    ----    ----    ----    ----  100.0%    ----  SspMTxRxCntl
 100.0%  100.0%    ----    ----    ----    ----    ----    ----   75.0%  100.0%    ----  SspRegCore
 100.0%    ----    ----    ----    ----    ----    ----    ----    ----    ----    ----  SspRevAnd
 100.0%  100.0%    ----    ----    ----    ----    ----    ----    ----  100.0%    ----  SspRxFCntl
   ----    ----    ----    ----    ----    ----    ----    ----    ----  100.0%    ----  SspRxFIFO
  97.1%   93.9%    ----    ----    ----    ----    ----    ----    ----  100.0%    ----  SspRxRegFile
  97.3%   95.5%    ----    ----    ----    ----    ----    ----    ----  100.0%    ----  SspSTxRxCntl
 100.0%  100.0%    ----    ----    ----    ----  100.0%    ----    ----  100.0%    ----  SspScaleCntr
 100.0%  100.0%    ----    ----    ----    ----    ----    ----    ----  100.0%    ----  SspSynctoPCLK
 100.0%  100.0%    ----    ----    ----    ----    ----    ----    ----  100.0%    ----  SspSynctoSSPCLK
 100.0%  100.0%    ----    ----    ----    ----    ----    ----   75.0%  100.0%    ----  SspTest
 100.0%  100.0%    ----    ----    ----    ----    ----    ----    ----  100.0%    ----  SspTxFCntl
   ----    ----    ----    ----    ----    ----    ----    ----    ----  100.0%    ----  SspTxFIFO
 100.0%  100.0%    ----    ----    ----    ----    ----    ----    ----  100.0%    ----  SspTxLJustify
  97.1%   93.1%    ----    ----    ----    ----    ----    ----    ----  100.0%    ----  SspTxRegFile
 100.0%    ----    ----    ----    ----    ----    ----    ----    ----   99.2%    ----  Ssp

  98.6%   96.1%    ----    ----    ----    ----  100.0%    ----   75.0%   99.7%    ----  TOTAL
