--------------------------------------------------------------------------------
Release  Trace 
Copyright (c) 1995-2006 Xilinx, Inc.  All rights reserved.

C:\Xilinx\bin\nt\trce.exe -ise
D:/SH_HDL_SOURCE/PROJECT_FOLDER/P_FPGA_TO_FPGA/U51/U51.ise -intstyle ise -e 3
-l 3 -s 10 -xml U51 U51.ncd -o U51.twr U51.pcf -ucf U51A.ucf

Design file:              u51.ncd
Physical constraint file: u51.pcf
Device,speed:             xc4vlx200,-10 (PRODUCTION 1.60 2006-05-03, STEPPING level 1)
Report level:             error report

Environment Variable      Effect 
--------------------      ------ 
NONE                      No environment variables were set
--------------------------------------------------------------------------------

INFO:Timing:2698 - No timing constraints found, doing default enumeration.
INFO:Timing:2752 - To get complete path coverage, use the unconstrained paths 
   option. All paths that are not constrained will be reported in the 
   unconstrained paths section(s) of the report.



Data Sheet report:
-----------------
All values displayed in nanoseconds (ns)

Setup/Hold to clock CLK
------------+------------+------------+------------------+--------+
            |  Setup to  |  Hold to   |                  | Clock  |
Source      | clk (edge) | clk (edge) |Internal Clock(s) | Phase  |
------------+------------+------------+------------------+--------+
FPGA_EN     |   10.894(R)|    5.420(R)|CLK_BUFGP         |   0.000|
------------+------------+------------+------------------+--------+

Clock CLK to Pad
-------------+------------+------------------+--------+
             | clk (edge) |                  | Clock  |
Destination  |   to PAD   |Internal Clock(s) | Phase  |
-------------+------------+------------------+--------+
FPGA_CON<0>  |   10.947(R)|CLK_BUFGP         |   0.000|
FPGA_CON<1>  |   12.125(R)|CLK_BUFGP         |   0.000|
FPGA_CON<2>  |   12.085(R)|CLK_BUFGP         |   0.000|
FPGA_CON<3>  |   12.237(R)|CLK_BUFGP         |   0.000|
FPGA_CON<4>  |   12.404(R)|CLK_BUFGP         |   0.000|
FPGA_CON<5>  |   11.929(R)|CLK_BUFGP         |   0.000|
FPGA_CON<6>  |   11.977(R)|CLK_BUFGP         |   0.000|
FPGA_CON<7>  |   11.970(R)|CLK_BUFGP         |   0.000|
FPGA_CON<8>  |   12.201(R)|CLK_BUFGP         |   0.000|
FPGA_CON<9>  |   12.243(R)|CLK_BUFGP         |   0.000|
FPGA_CON<10> |   11.946(R)|CLK_BUFGP         |   0.000|
FPGA_CON<11> |   11.992(R)|CLK_BUFGP         |   0.000|
FPGA_CON<12> |   11.911(R)|CLK_BUFGP         |   0.000|
FPGA_CON<13> |   11.963(R)|CLK_BUFGP         |   0.000|
FPGA_CON<14> |   12.142(R)|CLK_BUFGP         |   0.000|
FPGA_CON<15> |   12.165(R)|CLK_BUFGP         |   0.000|
FPGA_CON<16> |   12.321(R)|CLK_BUFGP         |   0.000|
FPGA_CON<17> |   12.315(R)|CLK_BUFGP         |   0.000|
FPGA_CON<18> |   12.173(R)|CLK_BUFGP         |   0.000|
FPGA_CON<19> |   12.154(R)|CLK_BUFGP         |   0.000|
FPGA_CON<20> |   12.422(R)|CLK_BUFGP         |   0.000|
FPGA_CON<21> |   11.956(R)|CLK_BUFGP         |   0.000|
FPGA_CON<22> |   12.013(R)|CLK_BUFGP         |   0.000|
FPGA_CON<23> |   12.006(R)|CLK_BUFGP         |   0.000|
FPGA_CON<24> |   12.375(R)|CLK_BUFGP         |   0.000|
FPGA_CON<25> |   12.372(R)|CLK_BUFGP         |   0.000|
FPGA_CON<26> |   12.269(R)|CLK_BUFGP         |   0.000|
FPGA_CON<27> |   12.305(R)|CLK_BUFGP         |   0.000|
FPGA_CON<28> |   12.380(R)|CLK_BUFGP         |   0.000|
FPGA_CON<29> |   12.353(R)|CLK_BUFGP         |   0.000|
FPGA_CON<30> |   12.363(R)|CLK_BUFGP         |   0.000|
FPGA_CON<31> |   12.340(R)|CLK_BUFGP         |   0.000|
FPGA_CON<32> |   12.324(R)|CLK_BUFGP         |   0.000|
FPGA_CON<33> |   12.542(R)|CLK_BUFGP         |   0.000|
FPGA_CON<34> |   12.575(R)|CLK_BUFGP         |   0.000|
FPGA_CON<35> |   12.599(R)|CLK_BUFGP         |   0.000|
FPGA_CON<36> |   12.094(R)|CLK_BUFGP         |   0.000|
FPGA_CON<37> |   12.138(R)|CLK_BUFGP         |   0.000|
FPGA_CON<38> |   12.143(R)|CLK_BUFGP         |   0.000|
FPGA_CON<39> |   12.414(R)|CLK_BUFGP         |   0.000|
FPGA_CON<40> |   12.094(R)|CLK_BUFGP         |   0.000|
FPGA_CON<41> |   11.963(R)|CLK_BUFGP         |   0.000|
FPGA_CON<42> |   12.618(R)|CLK_BUFGP         |   0.000|
FPGA_CON<43> |   11.961(R)|CLK_BUFGP         |   0.000|
FPGA_CON<44> |   11.940(R)|CLK_BUFGP         |   0.000|
FPGA_CON<45> |   11.939(R)|CLK_BUFGP         |   0.000|
FPGA_CON<46> |   12.225(R)|CLK_BUFGP         |   0.000|
FPGA_CON<47> |   12.230(R)|CLK_BUFGP         |   0.000|
FPGA_CON<48> |   12.331(R)|CLK_BUFGP         |   0.000|
FPGA_CON<49> |   12.352(R)|CLK_BUFGP         |   0.000|
FPGA_CON<50> |   12.270(R)|CLK_BUFGP         |   0.000|
FPGA_CON<51> |   12.133(R)|CLK_BUFGP         |   0.000|
FPGA_CON<52> |   12.337(R)|CLK_BUFGP         |   0.000|
FPGA_CON<53> |   12.364(R)|CLK_BUFGP         |   0.000|
FPGA_CON<54> |   12.549(R)|CLK_BUFGP         |   0.000|
FPGA_CON<55> |   12.325(R)|CLK_BUFGP         |   0.000|
FPGA_CON<56> |   12.388(R)|CLK_BUFGP         |   0.000|
FPGA_CON<57> |   12.362(R)|CLK_BUFGP         |   0.000|
FPGA_CON<58> |   12.551(R)|CLK_BUFGP         |   0.000|
FPGA_CON<59> |   12.992(R)|CLK_BUFGP         |   0.000|
FPGA_CON<60> |   12.790(R)|CLK_BUFGP         |   0.000|
FPGA_CON<61> |   12.724(R)|CLK_BUFGP         |   0.000|
FPGA_CON<62> |   13.204(R)|CLK_BUFGP         |   0.000|
FPGA_CON<63> |   13.307(R)|CLK_BUFGP         |   0.000|
FPGA_CON<64> |   13.181(R)|CLK_BUFGP         |   0.000|
FPGA_CON<65> |   13.441(R)|CLK_BUFGP         |   0.000|
FPGA_CON<66> |   12.902(R)|CLK_BUFGP         |   0.000|
FPGA_CON<67> |   12.780(R)|CLK_BUFGP         |   0.000|
FPGA_CON<68> |   12.483(R)|CLK_BUFGP         |   0.000|
FPGA_CON<69> |   12.738(R)|CLK_BUFGP         |   0.000|
FPGA_CON<70> |   12.236(R)|CLK_BUFGP         |   0.000|
FPGA_CON<71> |   12.220(R)|CLK_BUFGP         |   0.000|
FPGA_CON<72> |   12.167(R)|CLK_BUFGP         |   0.000|
FPGA_CON<73> |   12.129(R)|CLK_BUFGP         |   0.000|
FPGA_CON<74> |   11.971(R)|CLK_BUFGP         |   0.000|
FPGA_CON<75> |   12.004(R)|CLK_BUFGP         |   0.000|
FPGA_CON<76> |   11.968(R)|CLK_BUFGP         |   0.000|
FPGA_CON<77> |   12.234(R)|CLK_BUFGP         |   0.000|
FPGA_CON<78> |   12.042(R)|CLK_BUFGP         |   0.000|
FPGA_CON<79> |   11.779(R)|CLK_BUFGP         |   0.000|
FPGA_CON<80> |   12.117(R)|CLK_BUFGP         |   0.000|
FPGA_CON<81> |   11.871(R)|CLK_BUFGP         |   0.000|
FPGA_CON<82> |   11.776(R)|CLK_BUFGP         |   0.000|
FPGA_CON<83> |   11.818(R)|CLK_BUFGP         |   0.000|
FPGA_CON<84> |   11.820(R)|CLK_BUFGP         |   0.000|
FPGA_CON<85> |   11.848(R)|CLK_BUFGP         |   0.000|
FPGA_CON<86> |   11.806(R)|CLK_BUFGP         |   0.000|
FPGA_CON<87> |   12.366(R)|CLK_BUFGP         |   0.000|
FPGA_CON<88> |   11.824(R)|CLK_BUFGP         |   0.000|
FPGA_CON<89> |   11.850(R)|CLK_BUFGP         |   0.000|
FPGA_CON<90> |   11.772(R)|CLK_BUFGP         |   0.000|
FPGA_CON<91> |   11.823(R)|CLK_BUFGP         |   0.000|
FPGA_CON<92> |   12.347(R)|CLK_BUFGP         |   0.000|
FPGA_CON<93> |   11.875(R)|CLK_BUFGP         |   0.000|
FPGA_CON<94> |   11.801(R)|CLK_BUFGP         |   0.000|
FPGA_CON<95> |   11.839(R)|CLK_BUFGP         |   0.000|
FPGA_CON<96> |   11.920(R)|CLK_BUFGP         |   0.000|
FPGA_CON<97> |   11.960(R)|CLK_BUFGP         |   0.000|
FPGA_CON<98> |   11.906(R)|CLK_BUFGP         |   0.000|
FPGA_CON<99> |   11.942(R)|CLK_BUFGP         |   0.000|
FPGA_CON<100>|   11.833(R)|CLK_BUFGP         |   0.000|
FPGA_CON<101>|   11.879(R)|CLK_BUFGP         |   0.000|
FPGA_CON<102>|   11.846(R)|CLK_BUFGP         |   0.000|
FPGA_CON<103>|   11.879(R)|CLK_BUFGP         |   0.000|
FPGA_CON<104>|   11.889(R)|CLK_BUFGP         |   0.000|
FPGA_CON<105>|   11.928(R)|CLK_BUFGP         |   0.000|
FPGA_CON<106>|   11.816(R)|CLK_BUFGP         |   0.000|
FPGA_CON<107>|   11.859(R)|CLK_BUFGP         |   0.000|
FPGA_CON<108>|   11.857(R)|CLK_BUFGP         |   0.000|
FPGA_CON<109>|   11.899(R)|CLK_BUFGP         |   0.000|
FPGA_CON<110>|   11.859(R)|CLK_BUFGP         |   0.000|
FPGA_CON<111>|   11.902(R)|CLK_BUFGP         |   0.000|
FPGA_CON<112>|   11.900(R)|CLK_BUFGP         |   0.000|
FPGA_CON<113>|   11.905(R)|CLK_BUFGP         |   0.000|
FPGA_CON<114>|   12.299(R)|CLK_BUFGP         |   0.000|
FPGA_CON<115>|   11.892(R)|CLK_BUFGP         |   0.000|
FPGA_CON<116>|   12.369(R)|CLK_BUFGP         |   0.000|
FPGA_CON<117>|   12.090(R)|CLK_BUFGP         |   0.000|
FPGA_CON<118>|   12.317(R)|CLK_BUFGP         |   0.000|
FPGA_CON<119>|   12.291(R)|CLK_BUFGP         |   0.000|
FPGA_CON<120>|   12.248(R)|CLK_BUFGP         |   0.000|
FPGA_CON<121>|   12.455(R)|CLK_BUFGP         |   0.000|
FPGA_CON<122>|   12.437(R)|CLK_BUFGP         |   0.000|
FPGA_CON<123>|   12.559(R)|CLK_BUFGP         |   0.000|
FPGA_CON<124>|   12.627(R)|CLK_BUFGP         |   0.000|
FPGA_CON<125>|   12.729(R)|CLK_BUFGP         |   0.000|
FPGA_CON<126>|   13.012(R)|CLK_BUFGP         |   0.000|
FPGA_CON<127>|   13.265(R)|CLK_BUFGP         |   0.000|
FPGA_CON<128>|   13.274(R)|CLK_BUFGP         |   0.000|
FPGA_CON<129>|   13.282(R)|CLK_BUFGP         |   0.000|
FPGA_CON<130>|   12.882(R)|CLK_BUFGP         |   0.000|
FPGA_CON<131>|   13.067(R)|CLK_BUFGP         |   0.000|
FPGA_CON<132>|   12.343(R)|CLK_BUFGP         |   0.000|
FPGA_CON<133>|   12.233(R)|CLK_BUFGP         |   0.000|
FPGA_CON<134>|   12.010(R)|CLK_BUFGP         |   0.000|
FPGA_CON<135>|   12.004(R)|CLK_BUFGP         |   0.000|
FPGA_CON<136>|   11.970(R)|CLK_BUFGP         |   0.000|
FPGA_CON<137>|   12.008(R)|CLK_BUFGP         |   0.000|
FPGA_CON<138>|   12.263(R)|CLK_BUFGP         |   0.000|
FPGA_CON<139>|   12.034(R)|CLK_BUFGP         |   0.000|
FPGA_CON<140>|   11.953(R)|CLK_BUFGP         |   0.000|
FPGA_CON<141>|   11.953(R)|CLK_BUFGP         |   0.000|
FPGA_CON<142>|   11.973(R)|CLK_BUFGP         |   0.000|
FPGA_CON<143>|   12.136(R)|CLK_BUFGP         |   0.000|
FPGA_CON<144>|   11.909(R)|CLK_BUFGP         |   0.000|
FPGA_CON<145>|   11.669(R)|CLK_BUFGP         |   0.000|
FPGA_CON<146>|   11.608(R)|CLK_BUFGP         |   0.000|
FPGA_CON<147>|   11.631(R)|CLK_BUFGP         |   0.000|
FPGA_CON<148>|   12.134(R)|CLK_BUFGP         |   0.000|
FPGA_CON<149>|   11.670(R)|CLK_BUFGP         |   0.000|
FPGA_CON<150>|   11.668(R)|CLK_BUFGP         |   0.000|
FPGA_CON<151>|   11.719(R)|CLK_BUFGP         |   0.000|
FPGA_CON<152>|   11.661(R)|CLK_BUFGP         |   0.000|
FPGA_CON<153>|   11.692(R)|CLK_BUFGP         |   0.000|
FPGA_CON<154>|   11.657(R)|CLK_BUFGP         |   0.000|
FPGA_CON<155>|   11.699(R)|CLK_BUFGP         |   0.000|
FPGA_CON<156>|   11.661(R)|CLK_BUFGP         |   0.000|
FPGA_CON<157>|   11.703(R)|CLK_BUFGP         |   0.000|
FPGA_CON<158>|   11.648(R)|CLK_BUFGP         |   0.000|
FPGA_CON<159>|   11.673(R)|CLK_BUFGP         |   0.000|
FPGA_CON<160>|   11.754(R)|CLK_BUFGP         |   0.000|
FPGA_CON<161>|   11.796(R)|CLK_BUFGP         |   0.000|
FPGA_CON<162>|   11.718(R)|CLK_BUFGP         |   0.000|
FPGA_CON<163>|   11.764(R)|CLK_BUFGP         |   0.000|
FPGA_CON<164>|   11.724(R)|CLK_BUFGP         |   0.000|
FPGA_CON<165>|   11.772(R)|CLK_BUFGP         |   0.000|
FPGA_CON<166>|   12.042(R)|CLK_BUFGP         |   0.000|
FPGA_CON<167>|   11.787(R)|CLK_BUFGP         |   0.000|
FPGA_CON<168>|   11.737(R)|CLK_BUFGP         |   0.000|
FPGA_CON<169>|   11.776(R)|CLK_BUFGP         |   0.000|
FPGA_CON<170>|   11.740(R)|CLK_BUFGP         |   0.000|
FPGA_CON<171>|   11.785(R)|CLK_BUFGP         |   0.000|
FPGA_CON<172>|   11.736(R)|CLK_BUFGP         |   0.000|
FPGA_CON<173>|   11.779(R)|CLK_BUFGP         |   0.000|
FPGA_CON<174>|   11.723(R)|CLK_BUFGP         |   0.000|
FPGA_CON<175>|   11.771(R)|CLK_BUFGP         |   0.000|
FPGA_CON<176>|   11.792(R)|CLK_BUFGP         |   0.000|
FPGA_CON<177>|   11.804(R)|CLK_BUFGP         |   0.000|
FPGA_CON<178>|   11.772(R)|CLK_BUFGP         |   0.000|
FPGA_CON<179>|   11.780(R)|CLK_BUFGP         |   0.000|
FPGA_CON<180>|   12.128(R)|CLK_BUFGP         |   0.000|
FPGA_CON<181>|   12.121(R)|CLK_BUFGP         |   0.000|
FPGA_CON<182>|   12.164(R)|CLK_BUFGP         |   0.000|
FPGA_CON<183>|   12.181(R)|CLK_BUFGP         |   0.000|
FPGA_CON<184>|   12.138(R)|CLK_BUFGP         |   0.000|
FPGA_CON<185>|   12.169(R)|CLK_BUFGP         |   0.000|
FPGA_CON<186>|   12.315(R)|CLK_BUFGP         |   0.000|
FPGA_CON<187>|   12.428(R)|CLK_BUFGP         |   0.000|
FPGA_CON<188>|   12.813(R)|CLK_BUFGP         |   0.000|
FPGA_CON<189>|   12.467(R)|CLK_BUFGP         |   0.000|
FPGA_CON<190>|   12.855(R)|CLK_BUFGP         |   0.000|
FPGA_CON<191>|   13.117(R)|CLK_BUFGP         |   0.000|
FPGA_CON<192>|   13.272(R)|CLK_BUFGP         |   0.000|
FPGA_CON<193>|   13.278(R)|CLK_BUFGP         |   0.000|
FPGA_CON<194>|   12.860(R)|CLK_BUFGP         |   0.000|
FPGA_CON<195>|   12.755(R)|CLK_BUFGP         |   0.000|
FPGA_CON<196>|   12.500(R)|CLK_BUFGP         |   0.000|
FPGA_CON<197>|   12.480(R)|CLK_BUFGP         |   0.000|
FPGA_CON<198>|   12.162(R)|CLK_BUFGP         |   0.000|
FPGA_CON<199>|   12.159(R)|CLK_BUFGP         |   0.000|
FPGA_CON<200>|   12.140(R)|CLK_BUFGP         |   0.000|
FPGA_CON<201>|   12.283(R)|CLK_BUFGP         |   0.000|
FPGA_CON<202>|   12.098(R)|CLK_BUFGP         |   0.000|
FPGA_CON<203>|   11.959(R)|CLK_BUFGP         |   0.000|
FPGA_CON<204>|   11.972(R)|CLK_BUFGP         |   0.000|
FPGA_CON<205>|   12.079(R)|CLK_BUFGP         |   0.000|
FPGA_CON<206>|   12.039(R)|CLK_BUFGP         |   0.000|
FPGA_CON<207>|   12.205(R)|CLK_BUFGP         |   0.000|
FPGA_CON<208>|   12.045(R)|CLK_BUFGP         |   0.000|
FPGA_CON<209>|   11.798(R)|CLK_BUFGP         |   0.000|
FPGA_CON<210>|   11.714(R)|CLK_BUFGP         |   0.000|
FPGA_CON<211>|   11.761(R)|CLK_BUFGP         |   0.000|
FPGA_CON<212>|   11.767(R)|CLK_BUFGP         |   0.000|
FPGA_CON<213>|   11.798(R)|CLK_BUFGP         |   0.000|
FPGA_CON<214>|   11.749(R)|CLK_BUFGP         |   0.000|
FPGA_CON<215>|   11.785(R)|CLK_BUFGP         |   0.000|
FPGA_CON<216>|   11.763(R)|CLK_BUFGP         |   0.000|
FPGA_CON<217>|   11.793(R)|CLK_BUFGP         |   0.000|
FPGA_CON<218>|   11.773(R)|CLK_BUFGP         |   0.000|
FPGA_CON<219>|   11.813(R)|CLK_BUFGP         |   0.000|
FPGA_CON<220>|   11.772(R)|CLK_BUFGP         |   0.000|
FPGA_CON<221>|   11.803(R)|CLK_BUFGP         |   0.000|
FPGA_CON<222>|   11.736(R)|CLK_BUFGP         |   0.000|
FPGA_CON<223>|   11.785(R)|CLK_BUFGP         |   0.000|
FPGA_CON<224>|   11.698(R)|CLK_BUFGP         |   0.000|
FPGA_CON<225>|   11.741(R)|CLK_BUFGP         |   0.000|
FPGA_CON<226>|   11.676(R)|CLK_BUFGP         |   0.000|
FPGA_CON<227>|   11.708(R)|CLK_BUFGP         |   0.000|
FPGA_CON<228>|   11.670(R)|CLK_BUFGP         |   0.000|
FPGA_CON<229>|   11.712(R)|CLK_BUFGP         |   0.000|
FPGA_CON<230>|   11.694(R)|CLK_BUFGP         |   0.000|
FPGA_CON<231>|   11.730(R)|CLK_BUFGP         |   0.000|
FPGA_CON<232>|   11.701(R)|CLK_BUFGP         |   0.000|
FPGA_CON<233>|   11.740(R)|CLK_BUFGP         |   0.000|
FPGA_CON<234>|   11.683(R)|CLK_BUFGP         |   0.000|
FPGA_CON<235>|   11.702(R)|CLK_BUFGP         |   0.000|
FPGA_CON<236>|   11.662(R)|CLK_BUFGP         |   0.000|
FPGA_CON<237>|   11.701(R)|CLK_BUFGP         |   0.000|
FPGA_CON<238>|   11.669(R)|CLK_BUFGP         |   0.000|
FPGA_CON<239>|   12.146(R)|CLK_BUFGP         |   0.000|
FPGA_CON<240>|   11.724(R)|CLK_BUFGP         |   0.000|
FPGA_CON<241>|   11.731(R)|CLK_BUFGP         |   0.000|
FPGA_CON<242>|   11.706(R)|CLK_BUFGP         |   0.000|
FPGA_CON<243>|   11.703(R)|CLK_BUFGP         |   0.000|
FPGA_CON<244>|   12.060(R)|CLK_BUFGP         |   0.000|
FPGA_CON<245>|   11.898(R)|CLK_BUFGP         |   0.000|
FPGA_CON<246>|   12.093(R)|CLK_BUFGP         |   0.000|
FPGA_CON<247>|   12.323(R)|CLK_BUFGP         |   0.000|
FPGA_CON<248>|   12.036(R)|CLK_BUFGP         |   0.000|
FPGA_CON<249>|   12.107(R)|CLK_BUFGP         |   0.000|
FPGA_CON<250>|   12.135(R)|CLK_BUFGP         |   0.000|
FPGA_CON<251>|   12.139(R)|CLK_BUFGP         |   0.000|
FPGA_CON<252>|   12.907(R)|CLK_BUFGP         |   0.000|
FPGA_CON<253>|   12.554(R)|CLK_BUFGP         |   0.000|
FPGA_CON<254>|   12.922(R)|CLK_BUFGP         |   0.000|
FPGA_CON<255>|   13.188(R)|CLK_BUFGP         |   0.000|
FPGA_CON<256>|   13.459(R)|CLK_BUFGP         |   0.000|
FPGA_CON<257>|   13.468(R)|CLK_BUFGP         |   0.000|
FPGA_CON<258>|   13.059(R)|CLK_BUFGP         |   0.000|
FPGA_CON<259>|   13.240(R)|CLK_BUFGP         |   0.000|
FPGA_CON<260>|   12.657(R)|CLK_BUFGP         |   0.000|
FPGA_CON<261>|   12.540(R)|CLK_BUFGP         |   0.000|
FPGA_CON<262>|   12.299(R)|CLK_BUFGP         |   0.000|
FPGA_CON<263>|   12.351(R)|CLK_BUFGP         |   0.000|
FPGA_CON<264>|   12.396(R)|CLK_BUFGP         |   0.000|
FPGA_CON<265>|   12.315(R)|CLK_BUFGP         |   0.000|
FPGA_CON<266>|   12.616(R)|CLK_BUFGP         |   0.000|
FPGA_CON<267>|   12.592(R)|CLK_BUFGP         |   0.000|
FPGA_CON<268>|   12.126(R)|CLK_BUFGP         |   0.000|
FPGA_CON<269>|   12.235(R)|CLK_BUFGP         |   0.000|
FPGA_CON<270>|   12.250(R)|CLK_BUFGP         |   0.000|
FPGA_CON<271>|   12.406(R)|CLK_BUFGP         |   0.000|
FPGA_CON<272>|   11.943(R)|CLK_BUFGP         |   0.000|
FPGA_CON<273>|   11.984(R)|CLK_BUFGP         |   0.000|
FPGA_CON<274>|   11.898(R)|CLK_BUFGP         |   0.000|
FPGA_CON<275>|   11.949(R)|CLK_BUFGP         |   0.000|
FPGA_CON<276>|   12.401(R)|CLK_BUFGP         |   0.000|
FPGA_CON<277>|   11.937(R)|CLK_BUFGP         |   0.000|
FPGA_CON<278>|   11.918(R)|CLK_BUFGP         |   0.000|
FPGA_CON<279>|   11.948(R)|CLK_BUFGP         |   0.000|
FPGA_CON<280>|   11.920(R)|CLK_BUFGP         |   0.000|
FPGA_CON<281>|   11.967(R)|CLK_BUFGP         |   0.000|
FPGA_CON<282>|   11.884(R)|CLK_BUFGP         |   0.000|
FPGA_CON<283>|   11.916(R)|CLK_BUFGP         |   0.000|
FPGA_CON<284>|   12.438(R)|CLK_BUFGP         |   0.000|
FPGA_CON<285>|   11.967(R)|CLK_BUFGP         |   0.000|
FPGA_CON<286>|   11.922(R)|CLK_BUFGP         |   0.000|
FPGA_CON<287>|   11.968(R)|CLK_BUFGP         |   0.000|
FPGA_CON<288>|   11.851(R)|CLK_BUFGP         |   0.000|
FPGA_CON<289>|   11.897(R)|CLK_BUFGP         |   0.000|
FPGA_CON<290>|   11.902(R)|CLK_BUFGP         |   0.000|
FPGA_CON<291>|   11.939(R)|CLK_BUFGP         |   0.000|
FPGA_CON<292>|   11.886(R)|CLK_BUFGP         |   0.000|
FPGA_CON<293>|   11.927(R)|CLK_BUFGP         |   0.000|
FPGA_CON<294>|   12.156(R)|CLK_BUFGP         |   0.000|
FPGA_CON<295>|   11.898(R)|CLK_BUFGP         |   0.000|
FPGA_CON<296>|   11.823(R)|CLK_BUFGP         |   0.000|
FPGA_CON<297>|   11.876(R)|CLK_BUFGP         |   0.000|
FPGA_CON<298>|   11.810(R)|CLK_BUFGP         |   0.000|
FPGA_CON<299>|   11.832(R)|CLK_BUFGP         |   0.000|
FPGA_CON<300>|   11.847(R)|CLK_BUFGP         |   0.000|
FPGA_CON<301>|   11.880(R)|CLK_BUFGP         |   0.000|
FPGA_CON<302>|   11.848(R)|CLK_BUFGP         |   0.000|
FPGA_CON<303>|   11.884(R)|CLK_BUFGP         |   0.000|
FPGA_CON<304>|   11.876(R)|CLK_BUFGP         |   0.000|
FPGA_CON<305>|   11.886(R)|CLK_BUFGP         |   0.000|
FPGA_CON<306>|   12.253(R)|CLK_BUFGP         |   0.000|
FPGA_CON<307>|   11.855(R)|CLK_BUFGP         |   0.000|
FPGA_CON<308>|   12.218(R)|CLK_BUFGP         |   0.000|
FPGA_CON<309>|   11.998(R)|CLK_BUFGP         |   0.000|
FPGA_CON<310>|   12.285(R)|CLK_BUFGP         |   0.000|
FPGA_CON<311>|   12.292(R)|CLK_BUFGP         |   0.000|
FPGA_CON<312>|   12.233(R)|CLK_BUFGP         |   0.000|
FPGA_CON<313>|   12.272(R)|CLK_BUFGP         |   0.000|
FPGA_CON<314>|   12.415(R)|CLK_BUFGP         |   0.000|
FPGA_CON<315>|   12.517(R)|CLK_BUFGP         |   0.000|
FPGA_CON<316>|   12.698(R)|CLK_BUFGP         |   0.000|
FPGA_CON<317>|   12.795(R)|CLK_BUFGP         |   0.000|
FPGA_CON<318>|   13.063(R)|CLK_BUFGP         |   0.000|
FPGA_CON<319>|   13.335(R)|CLK_BUFGP         |   0.000|
FPGA_CON<320>|   13.512(R)|CLK_BUFGP         |   0.000|
FPGA_CON<321>|   13.507(R)|CLK_BUFGP         |   0.000|
FPGA_CON<322>|   13.136(R)|CLK_BUFGP         |   0.000|
FPGA_CON<323>|   13.751(R)|CLK_BUFGP         |   0.000|
FPGA_CON<324>|   12.694(R)|CLK_BUFGP         |   0.000|
FPGA_CON<325>|   12.589(R)|CLK_BUFGP         |   0.000|
FPGA_CON<326>|   12.352(R)|CLK_BUFGP         |   0.000|
FPGA_CON<327>|   12.350(R)|CLK_BUFGP         |   0.000|
FPGA_CON<328>|   12.389(R)|CLK_BUFGP         |   0.000|
FPGA_CON<329>|   12.637(R)|CLK_BUFGP         |   0.000|
FPGA_CON<330>|   12.647(R)|CLK_BUFGP         |   0.000|
FPGA_CON<331>|   12.177(R)|CLK_BUFGP         |   0.000|
FPGA_CON<332>|   12.155(R)|CLK_BUFGP         |   0.000|
FPGA_CON<333>|   12.264(R)|CLK_BUFGP         |   0.000|
FPGA_CON<334>|   12.274(R)|CLK_BUFGP         |   0.000|
FPGA_CON<335>|   12.442(R)|CLK_BUFGP         |   0.000|
FPGA_CON<336>|   11.983(R)|CLK_BUFGP         |   0.000|
FPGA_CON<337>|   12.015(R)|CLK_BUFGP         |   0.000|
FPGA_CON<338>|   11.988(R)|CLK_BUFGP         |   0.000|
FPGA_CON<339>|   12.026(R)|CLK_BUFGP         |   0.000|
FPGA_CON<340>|   12.463(R)|CLK_BUFGP         |   0.000|
FPGA_CON<341>|   12.001(R)|CLK_BUFGP         |   0.000|
FPGA_CON<342>|   11.979(R)|CLK_BUFGP         |   0.000|
FPGA_CON<343>|   12.019(R)|CLK_BUFGP         |   0.000|
FPGA_CON<344>|   11.954(R)|CLK_BUFGP         |   0.000|
FPGA_CON<345>|   11.997(R)|CLK_BUFGP         |   0.000|
FPGA_CON<346>|   11.963(R)|CLK_BUFGP         |   0.000|
FPGA_CON<347>|   12.002(R)|CLK_BUFGP         |   0.000|
FPGA_CON<348>|   11.984(R)|CLK_BUFGP         |   0.000|
FPGA_CON<349>|   12.039(R)|CLK_BUFGP         |   0.000|
FPGA_CON<350>|   11.977(R)|CLK_BUFGP         |   0.000|
FPGA_CON<351>|   12.022(R)|CLK_BUFGP         |   0.000|
FPGA_CON<352>|   11.965(R)|CLK_BUFGP         |   0.000|
FPGA_CON<353>|   12.005(R)|CLK_BUFGP         |   0.000|
FPGA_CON<354>|   11.933(R)|CLK_BUFGP         |   0.000|
FPGA_CON<355>|   11.964(R)|CLK_BUFGP         |   0.000|
FPGA_CON<356>|   11.901(R)|CLK_BUFGP         |   0.000|
FPGA_CON<357>|   11.944(R)|CLK_BUFGP         |   0.000|
FPGA_CON<358>|   12.213(R)|CLK_BUFGP         |   0.000|
FPGA_CON<359>|   11.945(R)|CLK_BUFGP         |   0.000|
FPGA_CON<360>|   11.926(R)|CLK_BUFGP         |   0.000|
FPGA_CON<361>|   11.967(R)|CLK_BUFGP         |   0.000|
FPGA_CON<362>|   12.461(R)|CLK_BUFGP         |   0.000|
FPGA_CON<363>|   11.992(R)|CLK_BUFGP         |   0.000|
FPGA_CON<364>|   12.014(R)|CLK_BUFGP         |   0.000|
FPGA_CON<365>|   12.011(R)|CLK_BUFGP         |   0.000|
FPGA_CON<366>|   12.358(R)|CLK_BUFGP         |   0.000|
FPGA_CON<367>|   12.336(R)|CLK_BUFGP         |   0.000|
FPGA_CON<368>|   12.125(R)|CLK_BUFGP         |   0.000|
FPGA_CON<369>|   12.154(R)|CLK_BUFGP         |   0.000|
FPGA_CON<370>|   12.129(R)|CLK_BUFGP         |   0.000|
FPGA_CON<371>|   12.133(R)|CLK_BUFGP         |   0.000|
FPGA_CON<372>|   12.311(R)|CLK_BUFGP         |   0.000|
FPGA_CON<373>|   12.321(R)|CLK_BUFGP         |   0.000|
FPGA_CON<374>|   12.628(R)|CLK_BUFGP         |   0.000|
FPGA_CON<375>|   12.360(R)|CLK_BUFGP         |   0.000|
FPGA_CON<376>|   12.585(R)|CLK_BUFGP         |   0.000|
FPGA_CON<377>|   12.764(R)|CLK_BUFGP         |   0.000|
FPGA_CON<378>|   12.553(R)|CLK_BUFGP         |   0.000|
FPGA_CON<379>|   12.557(R)|CLK_BUFGP         |   0.000|
FPGA_CON<380>|   12.931(R)|CLK_BUFGP         |   0.000|
FPGA_CON<381>|   12.934(R)|CLK_BUFGP         |   0.000|
FPGA_CON<382>|   13.484(R)|CLK_BUFGP         |   0.000|
FPGA_CON<383>|   13.590(R)|CLK_BUFGP         |   0.000|
FPGA_CON<384>|   13.385(R)|CLK_BUFGP         |   0.000|
FPGA_CON<385>|   14.304(R)|CLK_BUFGP         |   0.000|
FPGA_CON<386>|   12.978(R)|CLK_BUFGP         |   0.000|
FPGA_CON<387>|   12.961(R)|CLK_BUFGP         |   0.000|
FPGA_CON<388>|   12.972(R)|CLK_BUFGP         |   0.000|
FPGA_CON<389>|   12.919(R)|CLK_BUFGP         |   0.000|
FPGA_CON<390>|   12.608(R)|CLK_BUFGP         |   0.000|
FPGA_CON<391>|   13.082(R)|CLK_BUFGP         |   0.000|
FPGA_CON<392>|   12.602(R)|CLK_BUFGP         |   0.000|
FPGA_CON<393>|   12.889(R)|CLK_BUFGP         |   0.000|
FPGA_CON<394>|   12.534(R)|CLK_BUFGP         |   0.000|
FPGA_CON<395>|   12.721(R)|CLK_BUFGP         |   0.000|
FPGA_CON<396>|   12.489(R)|CLK_BUFGP         |   0.000|
FPGA_CON<397>|   12.548(R)|CLK_BUFGP         |   0.000|
FPGA_CON<398>|   12.258(R)|CLK_BUFGP         |   0.000|
FPGA_CON<399>|   12.309(R)|CLK_BUFGP         |   0.000|
FPGA_CON<400>|   12.228(R)|CLK_BUFGP         |   0.000|
FPGA_CON<401>|   12.232(R)|CLK_BUFGP         |   0.000|
FPGA_CON<402>|   12.700(R)|CLK_BUFGP         |   0.000|
FPGA_CON<403>|   12.223(R)|CLK_BUFGP         |   0.000|
FPGA_CON<404>|   12.184(R)|CLK_BUFGP         |   0.000|
FPGA_CON<405>|   12.230(R)|CLK_BUFGP         |   0.000|
FPGA_CON<406>|   12.207(R)|CLK_BUFGP         |   0.000|
FPGA_CON<407>|   12.237(R)|CLK_BUFGP         |   0.000|
FPGA_CON<408>|   12.173(R)|CLK_BUFGP         |   0.000|
FPGA_CON<409>|   12.216(R)|CLK_BUFGP         |   0.000|
FPGA_CON<410>|   12.192(R)|CLK_BUFGP         |   0.000|
FPGA_CON<411>|   12.235(R)|CLK_BUFGP         |   0.000|
FPGA_CON<412>|   12.197(R)|CLK_BUFGP         |   0.000|
FPGA_CON<413>|   12.249(R)|CLK_BUFGP         |   0.000|
FPGA_CON<414>|   12.183(R)|CLK_BUFGP         |   0.000|
FPGA_CON<415>|   12.230(R)|CLK_BUFGP         |   0.000|
FPGA_CON<416>|   12.204(R)|CLK_BUFGP         |   0.000|
FPGA_CON<417>|   12.244(R)|CLK_BUFGP         |   0.000|
FPGA_CON<418>|   12.246(R)|CLK_BUFGP         |   0.000|
FPGA_CON<419>|   12.290(R)|CLK_BUFGP         |   0.000|
FPGA_CON<420>|   12.245(R)|CLK_BUFGP         |   0.000|
FPGA_CON<421>|   12.284(R)|CLK_BUFGP         |   0.000|
FPGA_CON<422>|   12.256(R)|CLK_BUFGP         |   0.000|
FPGA_CON<423>|   12.288(R)|CLK_BUFGP         |   0.000|
FPGA_CON<424>|   12.259(R)|CLK_BUFGP         |   0.000|
FPGA_CON<425>|   12.300(R)|CLK_BUFGP         |   0.000|
FPGA_CON<426>|   12.210(R)|CLK_BUFGP         |   0.000|
FPGA_CON<427>|   12.245(R)|CLK_BUFGP         |   0.000|
FPGA_CON<428>|   12.184(R)|CLK_BUFGP         |   0.000|
FPGA_CON<429>|   12.230(R)|CLK_BUFGP         |   0.000|
FPGA_CON<430>|   12.198(R)|CLK_BUFGP         |   0.000|
FPGA_CON<431>|   12.242(R)|CLK_BUFGP         |   0.000|
FPGA_CON<432>|   12.186(R)|CLK_BUFGP         |   0.000|
FPGA_CON<433>|   12.237(R)|CLK_BUFGP         |   0.000|
FPGA_CON<434>|   12.241(R)|CLK_BUFGP         |   0.000|
FPGA_CON<435>|   12.285(R)|CLK_BUFGP         |   0.000|
FPGA_CON<436>|   12.201(R)|CLK_BUFGP         |   0.000|
FPGA_CON<437>|   12.253(R)|CLK_BUFGP         |   0.000|
FPGA_CON<438>|   12.239(R)|CLK_BUFGP         |   0.000|
FPGA_CON<439>|   12.270(R)|CLK_BUFGP         |   0.000|
FPGA_CON<440>|   12.227(R)|CLK_BUFGP         |   0.000|
FPGA_CON<441>|   12.283(R)|CLK_BUFGP         |   0.000|
FPGA_CON<442>|   12.501(R)|CLK_BUFGP         |   0.000|
FPGA_CON<443>|   12.366(R)|CLK_BUFGP         |   0.000|
FPGA_CON<444>|   12.287(R)|CLK_BUFGP         |   0.000|
FPGA_CON<445>|   12.290(R)|CLK_BUFGP         |   0.000|
FPGA_CON<446>|   11.220(R)|CLK_BUFGP         |   0.000|
-------------+------------+------------------+--------+

Clock to Setup on destination clock CLK
---------------+---------+---------+---------+---------+
               | Src:Rise| Src:Fall| Src:Rise| Src:Fall|
Source Clock   |Dest:Rise|Dest:Rise|Dest:Fall|Dest:Fall|
---------------+---------+---------+---------+---------+
CLK            |    2.855|         |         |         |
---------------+---------+---------+---------+---------+


Analysis completed Mon Dec 18 09:19:41 2006
--------------------------------------------------------------------------------

Trace Settings:
-------------------------
Trace Settings 

Peak Memory Usage: 392 MB



