Release  Map I.31
Xilinx Mapping Report File for Design 'U51'

Design Information
------------------
Command Line   : C:\Xilinx\bin\nt\map.exe -ise
D:/SH_HDL_SOURCE/PROJECT_FOLDER/P_FPGA_TO_FPGA/U51/U51.ise -intstyle ise -p
xc4vlx200-ff1513-10 -cm area -pr b -k 4 -c 100 -o U51_map.ncd U51.ngd U51.pcf 
Target Device  : xc4vlx200
Target Package : ff1513
Target Speed   : -10
Mapper Version : virtex4 -- $Revision: 1.34.32.1 $
Mapped Date    : Mon Dec 18 09:11:11 2006

Design Summary
--------------
Number of errors:      0
Number of warnings:    1
Logic Utilization:
  Number of Slice Flip Flops:         446 out of 178,176    1%
  Number of 4 input LUTs:               1 out of 178,176    1%
Logic Distribution:
  Number of occupied Slices:                          224 out of  89,088    1%
    Number of Slices containing only related logic:     224 out of     224  100%
    Number of Slices containing unrelated logic:          0 out of     224    0%
      *See NOTES below for an explanation of the effects of unrelated logic
Total Number of 4 input LUTs:           1 out of 178,176    1%
  Number of bonded IOBs:              451 out of     960   46%
  Number of BUFG/BUFGCTRLs:             1 out of      32    3%
    Number used as BUFGs:                1
    Number used as BUFGCTRLs:            0

Total equivalent gate count for design:  3,590
Additional JTAG gate count for IOBs:  21,648
Peak Memory Usage:  410 MB

NOTES:

   Related logic is defined as being logic that shares connectivity - e.g. two
   LUTs are "related" if they share common inputs.  When assembling slices,
   Map gives priority to combine logic that is related.  Doing so results in
   the best timing performance.

   Unrelated logic shares no connectivity.  Map will only begin packing
   unrelated logic into a slice once 99% of the slices are occupied through
   related logic packing.

   Note that once logic distribution reaches the 99% level through related
   logic packing, this does not mean the device is completely utilized.
   Unrelated logic packing will then begin, continuing until all usable LUTs
   and FFs are occupied.  Depending on your timing budget, increased levels of
   unrelated logic packing may adversely affect the overall timing performance
   of your design.

Table of Contents
-----------------
Section 1 - Errors
Section 2 - Warnings
Section 3 - Informational
Section 4 - Removed Logic Summary
Section 5 - Removed Logic
Section 6 - IOB Properties
Section 7 - RPMs
Section 8 - Guide Report
Section 9 - Area Group and Partition Summary
Section 10 - Modular Design Summary
Section 11 - Timing Report
Section 12 - Configuration String Information

Section 1 - Errors
------------------

Section 2 - Warnings
--------------------
WARNING:LIT:243 - Logical network N1 has no load.

Section 3 - Informational
-------------------------
INFO:MapLib:562 - No environment variables are currently set.
INFO:MapLib:797 - Your design is targeting LX/SX Production Step 0/1/ES devices.
   Please note that there are new specifications for the DCMs to guarantee
   maximum frequency performance. If the DCM input clock might stop or if the
   DCM reset might be asserted for an extended time, then use of the dcm_standby
   macro may be required. Please see Answer Record 21127.
INFO:LIT:244 - All of the single ended outputs in this design are using slew
   rate limited output drivers. The delay on speed critical single ended outputs
   can be dramatically reduced by designating them as fast outputs in the
   schematic.

Section 4 - Removed Logic Summary
---------------------------------
   1 block(s) removed
   1 block(s) optimized away
   1 signal(s) removed

Section 5 - Removed Logic
-------------------------

The trimmed logic report below shows the logic removed from your design due to
sourceless or loadless signals, and VCC or ground connections.  If the removal
of a signal or symbol results in the subsequent removal of an additional signal
or symbol, the message explaining that second removal will be indented.  This
indentation will be repeated as a chain of related logic is removed.

To quickly locate the original cause for the removal of a chain of logic, look
above the place where that logic is listed in the trimming report, then locate
the lines that are least indented (begin at the leftmost edge).

The signal "N1" is loadless and has been removed.
 Loadless block "XST_VCC" (ONE) removed.

Optimized Block(s):
TYPE 		BLOCK
GND 		XST_GND

Section 6 - IOB Properties
--------------------------

+----------------------------------------------------------------------------------------------------------------------------------------+
| IOB Name                           | Type             | Direction | IO Standard | Drive    | Slew | Reg (s)      | Resistor | IOB      |
|                                    |                  |           |             | Strength | Rate |              |          | Delay    |
+----------------------------------------------------------------------------------------------------------------------------------------+
| CLK                                | IOB              | INPUT     | LVCMOS25    |          |      |              |          |          |
| FPGA_CON<0>                        | IOB              | OUTPUT    | LVCMOS25    | 12       | SLOW | OFF1         |          |          |
| FPGA_CON<1>                        | IOB              | OUTPUT    | LVCMOS25    | 12       | SLOW |              |          |          |
| FPGA_CON<2>                        | IOB              | OUTPUT    | LVCMOS25    | 12       | SLOW |              |          |          |
| FPGA_CON<3>                        | IOB              | OUTPUT    | LVCMOS25    | 12       | SLOW |              |          |          |
| FPGA_CON<4>                        | IOB              | OUTPUT    | LVCMOS25    | 12       | SLOW |              |          |          |
| FPGA_CON<5>                        | IOB              | OUTPUT    | LVCMOS25    | 12       | SLOW |              |          |          |
| FPGA_CON<6>                        | IOB              | OUTPUT    | LVCMOS25    | 12       | SLOW |              |          |          |
| FPGA_CON<7>                        | IOB              | OUTPUT    | LVCMOS25    | 12       | SLOW |              |          |          |
| FPGA_CON<8>                        | IOB              | OUTPUT    | LVCMOS25    | 12       | SLOW |              |          |          |
| FPGA_CON<9>                        | IOB              | OUTPUT    | LVCMOS25    | 12       | SLOW |              |          |          |
| FPGA_CON<10>                       | IOB              | OUTPUT    | LVCMOS25    | 12       | SLOW |              |          |          |
| FPGA_CON<11>                       | IOB              | OUTPUT    | LVCMOS25    | 12       | SLOW |              |          |          |
| FPGA_CON<12>                       | IOB              | OUTPUT    | LVCMOS25    | 12       | SLOW |              |          |          |
| FPGA_CON<13>                       | IOB              | OUTPUT    | LVCMOS25    | 12       | SLOW |              |          |          |
| FPGA_CON<14>                       | IOB              | OUTPUT    | LVCMOS25    | 12       | SLOW |              |          |          |
| FPGA_CON<15>                       | IOB              | OUTPUT    | LVCMOS25    | 12       | SLOW |              |          |          |
| FPGA_CON<16>                       | IOB              | OUTPUT    | LVCMOS25    | 12       | SLOW |              |          |          |
| FPGA_CON<17>                       | IOB              | OUTPUT    | LVCMOS25    | 12       | SLOW |              |          |          |
| FPGA_CON<18>                       | IOB              | OUTPUT    | LVCMOS25    | 12       | SLOW |              |          |          |
| FPGA_CON<19>                       | IOB              | OUTPUT    | LVCMOS25    | 12       | SLOW |              |          |          |
| FPGA_CON<20>                       | IOB              | OUTPUT    | LVCMOS25    | 12       | SLOW |              |          |          |
| FPGA_CON<21>                       | IOB              | OUTPUT    | LVCMOS25    | 12       | SLOW |              |          |          |
| FPGA_CON<22>                       | IOB              | OUTPUT    | LVCMOS25    | 12       | SLOW |              |          |          |
| FPGA_CON<23>                       | IOB              | OUTPUT    | LVCMOS25    | 12       | SLOW |              |          |          |
| FPGA_CON<24>                       | IOB              | OUTPUT    | LVCMOS25    | 12       | SLOW |              |          |          |
| FPGA_CON<25>                       | IOB              | OUTPUT    | LVCMOS25    | 12       | SLOW |              |          |          |
| FPGA_CON<26>                       | IOB              | OUTPUT    | LVCMOS25    | 12       | SLOW |              |          |          |
| FPGA_CON<27>                       | IOB              | OUTPUT    | LVCMOS25    | 12       | SLOW |              |          |          |
| FPGA_CON<28>                       | IOB              | OUTPUT    | LVCMOS25    | 12       | SLOW |              |          |          |
| FPGA_CON<29>                       | IOB              | OUTPUT    | LVCMOS25    | 12       | SLOW |              |          |          |
| FPGA_CON<30>                       | IOB              | OUTPUT    | LVCMOS25    | 12       | SLOW |              |          |          |
| FPGA_CON<31>                       | IOB              | OUTPUT    | LVCMOS25    | 12       | SLOW |              |          |          |
| FPGA_CON<32>                       | IOB              | OUTPUT    | LVCMOS25    | 12       | SLOW |              |          |          |
| FPGA_CON<33>                       | IOB              | OUTPUT    | LVCMOS25    | 12       | SLOW |              |          |          |
| FPGA_CON<34>                       | IOB              | OUTPUT    | LVCMOS25    | 12       | SLOW |              |          |          |
| FPGA_CON<35>                       | IOB              | OUTPUT    | LVCMOS25    | 12       | SLOW |              |          |          |
| FPGA_CON<36>                       | IOB              | OUTPUT    | LVCMOS25    | 12       | SLOW |              |          |          |
| FPGA_CON<37>                       | IOB              | OUTPUT    | LVCMOS25    | 12       | SLOW |              |          |          |
| FPGA_CON<38>                       | IOB              | OUTPUT    | LVCMOS25    | 12       | SLOW |              |          |          |
| FPGA_CON<39>                       | IOB              | OUTPUT    | LVCMOS25    | 12       | SLOW |              |          |          |
| FPGA_CON<40>                       | IOB              | OUTPUT    | LVCMOS25    | 12       | SLOW |              |          |          |
| FPGA_CON<41>                       | IOB              | OUTPUT    | LVCMOS25    | 12       | SLOW |              |          |          |
| FPGA_CON<42>                       | IOB              | OUTPUT    | LVCMOS25    | 12       | SLOW |              |          |          |
| FPGA_CON<43>                       | IOB              | OUTPUT    | LVCMOS25    | 12       | SLOW |              |          |          |
| FPGA_CON<44>                       | IOB              | OUTPUT    | LVCMOS25    | 12       | SLOW |              |          |          |
| FPGA_CON<45>                       | IOB              | OUTPUT    | LVCMOS25    | 12       | SLOW |              |          |          |
| FPGA_CON<46>                       | IOB              | OUTPUT    | LVCMOS25    | 12       | SLOW |              |          |          |
| FPGA_CON<47>                       | IOB              | OUTPUT    | LVCMOS25    | 12       | SLOW |              |          |          |
| FPGA_CON<48>                       | IOB              | OUTPUT    | LVCMOS25    | 12       | SLOW |              |          |          |
| FPGA_CON<49>                       | IOB              | OUTPUT    | LVCMOS25    | 12       | SLOW |              |          |          |
| FPGA_CON<50>                       | IOB              | OUTPUT    | LVCMOS25    | 12       | SLOW |              |          |          |
| FPGA_CON<51>                       | IOB              | OUTPUT    | LVCMOS25    | 12       | SLOW |              |          |          |
| FPGA_CON<52>                       | IOB              | OUTPUT    | LVCMOS25    | 12       | SLOW |              |          |          |
| FPGA_CON<53>                       | IOB              | OUTPUT    | LVCMOS25    | 12       | SLOW |              |          |          |
| FPGA_CON<54>                       | IOB              | OUTPUT    | LVCMOS25    | 12       | SLOW |              |          |          |
| FPGA_CON<55>                       | IOB              | OUTPUT    | LVCMOS25    | 12       | SLOW |              |          |          |
| FPGA_CON<56>                       | IOB              | OUTPUT    | LVCMOS25    | 12       | SLOW |              |          |          |
| FPGA_CON<57>                       | IOB              | OUTPUT    | LVCMOS25    | 12       | SLOW |              |          |          |
| FPGA_CON<58>                       | IOB              | OUTPUT    | LVCMOS25    | 12       | SLOW |              |          |          |
| FPGA_CON<59>                       | IOB              | OUTPUT    | LVCMOS25    | 12       | SLOW |              |          |          |
| FPGA_CON<60>                       | IOB              | OUTPUT    | LVCMOS25    | 12       | SLOW |              |          |          |
| FPGA_CON<61>                       | IOB              | OUTPUT    | LVCMOS25    | 12       | SLOW |              |          |          |
| FPGA_CON<62>                       | IOB              | OUTPUT    | LVCMOS25    | 12       | SLOW |              |          |          |
| FPGA_CON<63>                       | IOB              | OUTPUT    | LVCMOS25    | 12       | SLOW |              |          |          |
| FPGA_CON<64>                       | IOB              | OUTPUT    | LVCMOS25    | 12       | SLOW |              |          |          |
| FPGA_CON<65>                       | IOB              | OUTPUT    | LVCMOS25    | 12       | SLOW |              |          |          |
| FPGA_CON<66>                       | IOB              | OUTPUT    | LVCMOS25    | 12       | SLOW |              |          |          |
| FPGA_CON<67>                       | IOB              | OUTPUT    | LVCMOS25    | 12       | SLOW |              |          |          |
| FPGA_CON<68>                       | IOB              | OUTPUT    | LVCMOS25    | 12       | SLOW |              |          |          |
| FPGA_CON<69>                       | IOB              | OUTPUT    | LVCMOS25    | 12       | SLOW |              |          |          |
| FPGA_CON<70>                       | IOB              | OUTPUT    | LVCMOS25    | 12       | SLOW |              |          |          |
| FPGA_CON<71>                       | IOB              | OUTPUT    | LVCMOS25    | 12       | SLOW |              |          |          |
| FPGA_CON<72>                       | IOB              | OUTPUT    | LVCMOS25    | 12       | SLOW |              |          |          |
| FPGA_CON<73>                       | IOB              | OUTPUT    | LVCMOS25    | 12       | SLOW |              |          |          |
| FPGA_CON<74>                       | IOB              | OUTPUT    | LVCMOS25    | 12       | SLOW |              |          |          |
| FPGA_CON<75>                       | IOB              | OUTPUT    | LVCMOS25    | 12       | SLOW |              |          |          |
| FPGA_CON<76>                       | IOB              | OUTPUT    | LVCMOS25    | 12       | SLOW |              |          |          |
| FPGA_CON<77>                       | IOB              | OUTPUT    | LVCMOS25    | 12       | SLOW |              |          |          |
| FPGA_CON<78>                       | IOB              | OUTPUT    | LVCMOS25    | 12       | SLOW |              |          |          |
| FPGA_CON<79>                       | IOB              | OUTPUT    | LVCMOS25    | 12       | SLOW |              |          |          |
| FPGA_CON<80>                       | IOB              | OUTPUT    | LVCMOS25    | 12       | SLOW |              |          |          |
| FPGA_CON<81>                       | IOB              | OUTPUT    | LVCMOS25    | 12       | SLOW |              |          |          |
| FPGA_CON<82>                       | IOB              | OUTPUT    | LVCMOS25    | 12       | SLOW |              |          |          |
| FPGA_CON<83>                       | IOB              | OUTPUT    | LVCMOS25    | 12       | SLOW |              |          |          |
| FPGA_CON<84>                       | IOB              | OUTPUT    | LVCMOS25    | 12       | SLOW |              |          |          |
| FPGA_CON<85>                       | IOB              | OUTPUT    | LVCMOS25    | 12       | SLOW |              |          |          |
| FPGA_CON<86>                       | IOB              | OUTPUT    | LVCMOS25    | 12       | SLOW |              |          |          |
| FPGA_CON<87>                       | IOB              | OUTPUT    | LVCMOS25    | 12       | SLOW |              |          |          |
| FPGA_CON<88>                       | IOB              | OUTPUT    | LVCMOS25    | 12       | SLOW |              |          |          |
| FPGA_CON<89>                       | IOB              | OUTPUT    | LVCMOS25    | 12       | SLOW |              |          |          |
| FPGA_CON<90>                       | IOB              | OUTPUT    | LVCMOS25    | 12       | SLOW |              |          |          |
| FPGA_CON<91>                       | IOB              | OUTPUT    | LVCMOS25    | 12       | SLOW |              |          |          |
| FPGA_CON<92>                       | IOB              | OUTPUT    | LVCMOS25    | 12       | SLOW |              |          |          |
| FPGA_CON<93>                       | IOB              | OUTPUT    | LVCMOS25    | 12       | SLOW |              |          |          |
| FPGA_CON<94>                       | IOB              | OUTPUT    | LVCMOS25    | 12       | SLOW |              |          |          |
| FPGA_CON<95>                       | IOB              | OUTPUT    | LVCMOS25    | 12       | SLOW |              |          |          |
| FPGA_CON<96>                       | IOB              | OUTPUT    | LVCMOS25    | 12       | SLOW |              |          |          |
| FPGA_CON<97>                       | IOB              | OUTPUT    | LVCMOS25    | 12       | SLOW |              |          |          |
| FPGA_CON<98>                       | IOB              | OUTPUT    | LVCMOS25    | 12       | SLOW |              |          |          |
| FPGA_CON<99>                       | IOB              | OUTPUT    | LVCMOS25    | 12       | SLOW |              |          |          |
| FPGA_CON<100>                      | IOB              | OUTPUT    | LVCMOS25    | 12       | SLOW |              |          |          |
| FPGA_CON<101>                      | IOB              | OUTPUT    | LVCMOS25    | 12       | SLOW |              |          |          |
| FPGA_CON<102>                      | IOB              | OUTPUT    | LVCMOS25    | 12       | SLOW |              |          |          |
| FPGA_CON<103>                      | IOB              | OUTPUT    | LVCMOS25    | 12       | SLOW |              |          |          |
| FPGA_CON<104>                      | IOB              | OUTPUT    | LVCMOS25    | 12       | SLOW |              |          |          |
| FPGA_CON<105>                      | IOB              | OUTPUT    | LVCMOS25    | 12       | SLOW |              |          |          |
| FPGA_CON<106>                      | IOB              | OUTPUT    | LVCMOS25    | 12       | SLOW |              |          |          |
| FPGA_CON<107>                      | IOB              | OUTPUT    | LVCMOS25    | 12       | SLOW |              |          |          |
| FPGA_CON<108>                      | IOB              | OUTPUT    | LVCMOS25    | 12       | SLOW |              |          |          |
| FPGA_CON<109>                      | IOB              | OUTPUT    | LVCMOS25    | 12       | SLOW |              |          |          |
| FPGA_CON<110>                      | IOB              | OUTPUT    | LVCMOS25    | 12       | SLOW |              |          |          |
| FPGA_CON<111>                      | IOB              | OUTPUT    | LVCMOS25    | 12       | SLOW |              |          |          |
| FPGA_CON<112>                      | IOB              | OUTPUT    | LVCMOS25    | 12       | SLOW |              |          |          |
| FPGA_CON<113>                      | IOB              | OUTPUT    | LVCMOS25    | 12       | SLOW |              |          |          |
| FPGA_CON<114>                      | IOB              | OUTPUT    | LVCMOS25    | 12       | SLOW |              |          |          |
| FPGA_CON<115>                      | IOB              | OUTPUT    | LVCMOS25    | 12       | SLOW |              |          |          |
| FPGA_CON<116>                      | IOB              | OUTPUT    | LVCMOS25    | 12       | SLOW |              |          |          |
| FPGA_CON<117>                      | IOB              | OUTPUT    | LVCMOS25    | 12       | SLOW |              |          |          |
| FPGA_CON<118>                      | IOB              | OUTPUT    | LVCMOS25    | 12       | SLOW |              |          |          |
| FPGA_CON<119>                      | IOB              | OUTPUT    | LVCMOS25    | 12       | SLOW |              |          |          |
| FPGA_CON<120>                      | IOB              | OUTPUT    | LVCMOS25    | 12       | SLOW |              |          |          |
| FPGA_CON<121>                      | IOB              | OUTPUT    | LVCMOS25    | 12       | SLOW |              |          |          |
| FPGA_CON<122>                      | IOB              | OUTPUT    | LVCMOS25    | 12       | SLOW |              |          |          |
| FPGA_CON<123>                      | IOB              | OUTPUT    | LVCMOS25    | 12       | SLOW |              |          |          |
| FPGA_CON<124>                      | IOB              | OUTPUT    | LVCMOS25    | 12       | SLOW |              |          |          |
| FPGA_CON<125>                      | IOB              | OUTPUT    | LVCMOS25    | 12       | SLOW |              |          |          |
| FPGA_CON<126>                      | IOB              | OUTPUT    | LVCMOS25    | 12       | SLOW |              |          |          |
| FPGA_CON<127>                      | IOB              | OUTPUT    | LVCMOS25    | 12       | SLOW |              |          |          |
| FPGA_CON<128>                      | IOB              | OUTPUT    | LVCMOS25    | 12       | SLOW |              |          |          |
| FPGA_CON<129>                      | IOB              | OUTPUT    | LVCMOS25    | 12       | SLOW |              |          |          |
| FPGA_CON<130>                      | IOB              | OUTPUT    | LVCMOS25    | 12       | SLOW |              |          |          |
| FPGA_CON<131>                      | IOB              | OUTPUT    | LVCMOS25    | 12       | SLOW |              |          |          |
| FPGA_CON<132>                      | IOB              | OUTPUT    | LVCMOS25    | 12       | SLOW |              |          |          |
| FPGA_CON<133>                      | IOB              | OUTPUT    | LVCMOS25    | 12       | SLOW |              |          |          |
| FPGA_CON<134>                      | IOB              | OUTPUT    | LVCMOS25    | 12       | SLOW |              |          |          |
| FPGA_CON<135>                      | IOB              | OUTPUT    | LVCMOS25    | 12       | SLOW |              |          |          |
| FPGA_CON<136>                      | IOB              | OUTPUT    | LVCMOS25    | 12       | SLOW |              |          |          |
| FPGA_CON<137>                      | IOB              | OUTPUT    | LVCMOS25    | 12       | SLOW |              |          |          |
| FPGA_CON<138>                      | IOB              | OUTPUT    | LVCMOS25    | 12       | SLOW |              |          |          |
| FPGA_CON<139>                      | IOB              | OUTPUT    | LVCMOS25    | 12       | SLOW |              |          |          |
| FPGA_CON<140>                      | IOB              | OUTPUT    | LVCMOS25    | 12       | SLOW |              |          |          |
| FPGA_CON<141>                      | IOB              | OUTPUT    | LVCMOS25    | 12       | SLOW |              |          |          |
| FPGA_CON<142>                      | IOB              | OUTPUT    | LVCMOS25    | 12       | SLOW |              |          |          |
| FPGA_CON<143>                      | IOB              | OUTPUT    | LVCMOS25    | 12       | SLOW |              |          |          |
| FPGA_CON<144>                      | IOB              | OUTPUT    | LVCMOS25    | 12       | SLOW |              |          |          |
| FPGA_CON<145>                      | IOB              | OUTPUT    | LVCMOS25    | 12       | SLOW |              |          |          |
| FPGA_CON<146>                      | IOB              | OUTPUT    | LVCMOS25    | 12       | SLOW |              |          |          |
| FPGA_CON<147>                      | IOB              | OUTPUT    | LVCMOS25    | 12       | SLOW |              |          |          |
| FPGA_CON<148>                      | IOB              | OUTPUT    | LVCMOS25    | 12       | SLOW |              |          |          |
| FPGA_CON<149>                      | IOB              | OUTPUT    | LVCMOS25    | 12       | SLOW |              |          |          |
| FPGA_CON<150>                      | IOB              | OUTPUT    | LVCMOS25    | 12       | SLOW |              |          |          |
| FPGA_CON<151>                      | IOB              | OUTPUT    | LVCMOS25    | 12       | SLOW |              |          |          |
| FPGA_CON<152>                      | IOB              | OUTPUT    | LVCMOS25    | 12       | SLOW |              |          |          |
| FPGA_CON<153>                      | IOB              | OUTPUT    | LVCMOS25    | 12       | SLOW |              |          |          |
| FPGA_CON<154>                      | IOB              | OUTPUT    | LVCMOS25    | 12       | SLOW |              |          |          |
| FPGA_CON<155>                      | IOB              | OUTPUT    | LVCMOS25    | 12       | SLOW |              |          |          |
| FPGA_CON<156>                      | IOB              | OUTPUT    | LVCMOS25    | 12       | SLOW |              |          |          |
| FPGA_CON<157>                      | IOB              | OUTPUT    | LVCMOS25    | 12       | SLOW |              |          |          |
| FPGA_CON<158>                      | IOB              | OUTPUT    | LVCMOS25    | 12       | SLOW |              |          |          |
| FPGA_CON<159>                      | IOB              | OUTPUT    | LVCMOS25    | 12       | SLOW |              |          |          |
| FPGA_CON<160>                      | IOB              | OUTPUT    | LVCMOS25    | 12       | SLOW |              |          |          |
| FPGA_CON<161>                      | IOB              | OUTPUT    | LVCMOS25    | 12       | SLOW |              |          |          |
| FPGA_CON<162>                      | IOB              | OUTPUT    | LVCMOS25    | 12       | SLOW |              |          |          |
| FPGA_CON<163>                      | IOB              | OUTPUT    | LVCMOS25    | 12       | SLOW |              |          |          |
| FPGA_CON<164>                      | IOB              | OUTPUT    | LVCMOS25    | 12       | SLOW |              |          |          |
| FPGA_CON<165>                      | IOB              | OUTPUT    | LVCMOS25    | 12       | SLOW |              |          |          |
| FPGA_CON<166>                      | IOB              | OUTPUT    | LVCMOS25    | 12       | SLOW |              |          |          |
| FPGA_CON<167>                      | IOB              | OUTPUT    | LVCMOS25    | 12       | SLOW |              |          |          |
| FPGA_CON<168>                      | IOB              | OUTPUT    | LVCMOS25    | 12       | SLOW |              |          |          |
| FPGA_CON<169>                      | IOB              | OUTPUT    | LVCMOS25    | 12       | SLOW |              |          |          |
| FPGA_CON<170>                      | IOB              | OUTPUT    | LVCMOS25    | 12       | SLOW |              |          |          |
| FPGA_CON<171>                      | IOB              | OUTPUT    | LVCMOS25    | 12       | SLOW |              |          |          |
| FPGA_CON<172>                      | IOB              | OUTPUT    | LVCMOS25    | 12       | SLOW |              |          |          |
| FPGA_CON<173>                      | IOB              | OUTPUT    | LVCMOS25    | 12       | SLOW |              |          |          |
| FPGA_CON<174>                      | IOB              | OUTPUT    | LVCMOS25    | 12       | SLOW |              |          |          |
| FPGA_CON<175>                      | IOB              | OUTPUT    | LVCMOS25    | 12       | SLOW |              |          |          |
| FPGA_CON<176>                      | IOB              | OUTPUT    | LVCMOS25    | 12       | SLOW |              |          |          |
| FPGA_CON<177>                      | IOB              | OUTPUT    | LVCMOS25    | 12       | SLOW |              |          |          |
| FPGA_CON<178>                      | IOB              | OUTPUT    | LVCMOS25    | 12       | SLOW |              |          |          |
| FPGA_CON<179>                      | IOB              | OUTPUT    | LVCMOS25    | 12       | SLOW |              |          |          |
| FPGA_CON<180>                      | IOB              | OUTPUT    | LVCMOS25    | 12       | SLOW |              |          |          |
| FPGA_CON<181>                      | IOB              | OUTPUT    | LVCMOS25    | 12       | SLOW |              |          |          |
| FPGA_CON<182>                      | IOB              | OUTPUT    | LVCMOS25    | 12       | SLOW |              |          |          |
| FPGA_CON<183>                      | IOB              | OUTPUT    | LVCMOS25    | 12       | SLOW |              |          |          |
| FPGA_CON<184>                      | IOB              | OUTPUT    | LVCMOS25    | 12       | SLOW |              |          |          |
| FPGA_CON<185>                      | IOB              | OUTPUT    | LVCMOS25    | 12       | SLOW |              |          |          |
| FPGA_CON<186>                      | IOB              | OUTPUT    | LVCMOS25    | 12       | SLOW |              |          |          |
| FPGA_CON<187>                      | IOB              | OUTPUT    | LVCMOS25    | 12       | SLOW |              |          |          |
| FPGA_CON<188>                      | IOB              | OUTPUT    | LVCMOS25    | 12       | SLOW |              |          |          |
| FPGA_CON<189>                      | IOB              | OUTPUT    | LVCMOS25    | 12       | SLOW |              |          |          |
| FPGA_CON<190>                      | IOB              | OUTPUT    | LVCMOS25    | 12       | SLOW |              |          |          |
| FPGA_CON<191>                      | IOB              | OUTPUT    | LVCMOS25    | 12       | SLOW |              |          |          |
| FPGA_CON<192>                      | IOB              | OUTPUT    | LVCMOS25    | 12       | SLOW |              |          |          |
| FPGA_CON<193>                      | IOB              | OUTPUT    | LVCMOS25    | 12       | SLOW |              |          |          |
| FPGA_CON<194>                      | IOB              | OUTPUT    | LVCMOS25    | 12       | SLOW |              |          |          |
| FPGA_CON<195>                      | IOB              | OUTPUT    | LVCMOS25    | 12       | SLOW |              |          |          |
| FPGA_CON<196>                      | IOB              | OUTPUT    | LVCMOS25    | 12       | SLOW |              |          |          |
| FPGA_CON<197>                      | IOB              | OUTPUT    | LVCMOS25    | 12       | SLOW |              |          |          |
| FPGA_CON<198>                      | IOB              | OUTPUT    | LVCMOS25    | 12       | SLOW |              |          |          |
| FPGA_CON<199>                      | IOB              | OUTPUT    | LVCMOS25    | 12       | SLOW |              |          |          |
| FPGA_CON<200>                      | IOB              | OUTPUT    | LVCMOS25    | 12       | SLOW |              |          |          |
| FPGA_CON<201>                      | IOB              | OUTPUT    | LVCMOS25    | 12       | SLOW |              |          |          |
| FPGA_CON<202>                      | IOB              | OUTPUT    | LVCMOS25    | 12       | SLOW |              |          |          |
| FPGA_CON<203>                      | IOB              | OUTPUT    | LVCMOS25    | 12       | SLOW |              |          |          |
| FPGA_CON<204>                      | IOB              | OUTPUT    | LVCMOS25    | 12       | SLOW |              |          |          |
| FPGA_CON<205>                      | IOB              | OUTPUT    | LVCMOS25    | 12       | SLOW |              |          |          |
| FPGA_CON<206>                      | IOB              | OUTPUT    | LVCMOS25    | 12       | SLOW |              |          |          |
| FPGA_CON<207>                      | IOB              | OUTPUT    | LVCMOS25    | 12       | SLOW |              |          |          |
| FPGA_CON<208>                      | IOB              | OUTPUT    | LVCMOS25    | 12       | SLOW |              |          |          |
| FPGA_CON<209>                      | IOB              | OUTPUT    | LVCMOS25    | 12       | SLOW |              |          |          |
| FPGA_CON<210>                      | IOB              | OUTPUT    | LVCMOS25    | 12       | SLOW |              |          |          |
| FPGA_CON<211>                      | IOB              | OUTPUT    | LVCMOS25    | 12       | SLOW |              |          |          |
| FPGA_CON<212>                      | IOB              | OUTPUT    | LVCMOS25    | 12       | SLOW |              |          |          |
| FPGA_CON<213>                      | IOB              | OUTPUT    | LVCMOS25    | 12       | SLOW |              |          |          |
| FPGA_CON<214>                      | IOB              | OUTPUT    | LVCMOS25    | 12       | SLOW |              |          |          |
| FPGA_CON<215>                      | IOB              | OUTPUT    | LVCMOS25    | 12       | SLOW |              |          |          |
| FPGA_CON<216>                      | IOB              | OUTPUT    | LVCMOS25    | 12       | SLOW |              |          |          |
| FPGA_CON<217>                      | IOB              | OUTPUT    | LVCMOS25    | 12       | SLOW |              |          |          |
| FPGA_CON<218>                      | IOB              | OUTPUT    | LVCMOS25    | 12       | SLOW |              |          |          |
| FPGA_CON<219>                      | IOB              | OUTPUT    | LVCMOS25    | 12       | SLOW |              |          |          |
| FPGA_CON<220>                      | IOB              | OUTPUT    | LVCMOS25    | 12       | SLOW |              |          |          |
| FPGA_CON<221>                      | IOB              | OUTPUT    | LVCMOS25    | 12       | SLOW |              |          |          |
| FPGA_CON<222>                      | IOB              | OUTPUT    | LVCMOS25    | 12       | SLOW |              |          |          |
| FPGA_CON<223>                      | IOB              | OUTPUT    | LVCMOS25    | 12       | SLOW |              |          |          |
| FPGA_CON<224>                      | IOB              | OUTPUT    | LVCMOS25    | 12       | SLOW |              |          |          |
| FPGA_CON<225>                      | IOB              | OUTPUT    | LVCMOS25    | 12       | SLOW |              |          |          |
| FPGA_CON<226>                      | IOB              | OUTPUT    | LVCMOS25    | 12       | SLOW |              |          |          |
| FPGA_CON<227>                      | IOB              | OUTPUT    | LVCMOS25    | 12       | SLOW |              |          |          |
| FPGA_CON<228>                      | IOB              | OUTPUT    | LVCMOS25    | 12       | SLOW |              |          |          |
| FPGA_CON<229>                      | IOB              | OUTPUT    | LVCMOS25    | 12       | SLOW |              |          |          |
| FPGA_CON<230>                      | IOB              | OUTPUT    | LVCMOS25    | 12       | SLOW |              |          |          |
| FPGA_CON<231>                      | IOB              | OUTPUT    | LVCMOS25    | 12       | SLOW |              |          |          |
| FPGA_CON<232>                      | IOB              | OUTPUT    | LVCMOS25    | 12       | SLOW |              |          |          |
| FPGA_CON<233>                      | IOB              | OUTPUT    | LVCMOS25    | 12       | SLOW |              |          |          |
| FPGA_CON<234>                      | IOB              | OUTPUT    | LVCMOS25    | 12       | SLOW |              |          |          |
| FPGA_CON<235>                      | IOB              | OUTPUT    | LVCMOS25    | 12       | SLOW |              |          |          |
| FPGA_CON<236>                      | IOB              | OUTPUT    | LVCMOS25    | 12       | SLOW |              |          |          |
| FPGA_CON<237>                      | IOB              | OUTPUT    | LVCMOS25    | 12       | SLOW |              |          |          |
| FPGA_CON<238>                      | IOB              | OUTPUT    | LVCMOS25    | 12       | SLOW |              |          |          |
| FPGA_CON<239>                      | IOB              | OUTPUT    | LVCMOS25    | 12       | SLOW |              |          |          |
| FPGA_CON<240>                      | IOB              | OUTPUT    | LVCMOS25    | 12       | SLOW |              |          |          |
| FPGA_CON<241>                      | IOB              | OUTPUT    | LVCMOS25    | 12       | SLOW |              |          |          |
| FPGA_CON<242>                      | IOB              | OUTPUT    | LVCMOS25    | 12       | SLOW |              |          |          |
| FPGA_CON<243>                      | IOB              | OUTPUT    | LVCMOS25    | 12       | SLOW |              |          |          |
| FPGA_CON<244>                      | IOB              | OUTPUT    | LVCMOS25    | 12       | SLOW |              |          |          |
| FPGA_CON<245>                      | IOB              | OUTPUT    | LVCMOS25    | 12       | SLOW |              |          |          |
| FPGA_CON<246>                      | IOB              | OUTPUT    | LVCMOS25    | 12       | SLOW |              |          |          |
| FPGA_CON<247>                      | IOB              | OUTPUT    | LVCMOS25    | 12       | SLOW |              |          |          |
| FPGA_CON<248>                      | IOB              | OUTPUT    | LVCMOS25    | 12       | SLOW |              |          |          |
| FPGA_CON<249>                      | IOB              | OUTPUT    | LVCMOS25    | 12       | SLOW |              |          |          |
| FPGA_CON<250>                      | IOB              | OUTPUT    | LVCMOS25    | 12       | SLOW |              |          |          |
| FPGA_CON<251>                      | IOB              | OUTPUT    | LVCMOS25    | 12       | SLOW |              |          |          |
| FPGA_CON<252>                      | IOB              | OUTPUT    | LVCMOS25    | 12       | SLOW |              |          |          |
| FPGA_CON<253>                      | IOB              | OUTPUT    | LVCMOS25    | 12       | SLOW |              |          |          |
| FPGA_CON<254>                      | IOB              | OUTPUT    | LVCMOS25    | 12       | SLOW |              |          |          |
| FPGA_CON<255>                      | IOB              | OUTPUT    | LVCMOS25    | 12       | SLOW |              |          |          |
| FPGA_CON<256>                      | IOB              | OUTPUT    | LVCMOS25    | 12       | SLOW |              |          |          |
| FPGA_CON<257>                      | IOB              | OUTPUT    | LVCMOS25    | 12       | SLOW |              |          |          |
| FPGA_CON<258>                      | IOB              | OUTPUT    | LVCMOS25    | 12       | SLOW |              |          |          |
| FPGA_CON<259>                      | IOB              | OUTPUT    | LVCMOS25    | 12       | SLOW |              |          |          |
| FPGA_CON<260>                      | IOB              | OUTPUT    | LVCMOS25    | 12       | SLOW |              |          |          |
| FPGA_CON<261>                      | IOB              | OUTPUT    | LVCMOS25    | 12       | SLOW |              |          |          |
| FPGA_CON<262>                      | IOB              | OUTPUT    | LVCMOS25    | 12       | SLOW |              |          |          |
| FPGA_CON<263>                      | IOB              | OUTPUT    | LVCMOS25    | 12       | SLOW |              |          |          |
| FPGA_CON<264>                      | IOB              | OUTPUT    | LVCMOS25    | 12       | SLOW |              |          |          |
| FPGA_CON<265>                      | IOB              | OUTPUT    | LVCMOS25    | 12       | SLOW |              |          |          |
| FPGA_CON<266>                      | IOB              | OUTPUT    | LVCMOS25    | 12       | SLOW |              |          |          |
| FPGA_CON<267>                      | IOB              | OUTPUT    | LVCMOS25    | 12       | SLOW |              |          |          |
| FPGA_CON<268>                      | IOB              | OUTPUT    | LVCMOS25    | 12       | SLOW |              |          |          |
| FPGA_CON<269>                      | IOB              | OUTPUT    | LVCMOS25    | 12       | SLOW |              |          |          |
| FPGA_CON<270>                      | IOB              | OUTPUT    | LVCMOS25    | 12       | SLOW |              |          |          |
| FPGA_CON<271>                      | IOB              | OUTPUT    | LVCMOS25    | 12       | SLOW |              |          |          |
| FPGA_CON<272>                      | IOB              | OUTPUT    | LVCMOS25    | 12       | SLOW |              |          |          |
| FPGA_CON<273>                      | IOB              | OUTPUT    | LVCMOS25    | 12       | SLOW |              |          |          |
| FPGA_CON<274>                      | IOB              | OUTPUT    | LVCMOS25    | 12       | SLOW |              |          |          |
| FPGA_CON<275>                      | IOB              | OUTPUT    | LVCMOS25    | 12       | SLOW |              |          |          |
| FPGA_CON<276>                      | IOB              | OUTPUT    | LVCMOS25    | 12       | SLOW |              |          |          |
| FPGA_CON<277>                      | IOB              | OUTPUT    | LVCMOS25    | 12       | SLOW |              |          |          |
| FPGA_CON<278>                      | IOB              | OUTPUT    | LVCMOS25    | 12       | SLOW |              |          |          |
| FPGA_CON<279>                      | IOB              | OUTPUT    | LVCMOS25    | 12       | SLOW |              |          |          |
| FPGA_CON<280>                      | IOB              | OUTPUT    | LVCMOS25    | 12       | SLOW |              |          |          |
| FPGA_CON<281>                      | IOB              | OUTPUT    | LVCMOS25    | 12       | SLOW |              |          |          |
| FPGA_CON<282>                      | IOB              | OUTPUT    | LVCMOS25    | 12       | SLOW |              |          |          |
| FPGA_CON<283>                      | IOB              | OUTPUT    | LVCMOS25    | 12       | SLOW |              |          |          |
| FPGA_CON<284>                      | IOB              | OUTPUT    | LVCMOS25    | 12       | SLOW |              |          |          |
| FPGA_CON<285>                      | IOB              | OUTPUT    | LVCMOS25    | 12       | SLOW |              |          |          |
| FPGA_CON<286>                      | IOB              | OUTPUT    | LVCMOS25    | 12       | SLOW |              |          |          |
| FPGA_CON<287>                      | IOB              | OUTPUT    | LVCMOS25    | 12       | SLOW |              |          |          |
| FPGA_CON<288>                      | IOB              | OUTPUT    | LVCMOS25    | 12       | SLOW |              |          |          |
| FPGA_CON<289>                      | IOB              | OUTPUT    | LVCMOS25    | 12       | SLOW |              |          |          |
| FPGA_CON<290>                      | IOB              | OUTPUT    | LVCMOS25    | 12       | SLOW |              |          |          |
| FPGA_CON<291>                      | IOB              | OUTPUT    | LVCMOS25    | 12       | SLOW |              |          |          |
| FPGA_CON<292>                      | IOB              | OUTPUT    | LVCMOS25    | 12       | SLOW |              |          |          |
| FPGA_CON<293>                      | IOB              | OUTPUT    | LVCMOS25    | 12       | SLOW |              |          |          |
| FPGA_CON<294>                      | IOB              | OUTPUT    | LVCMOS25    | 12       | SLOW |              |          |          |
| FPGA_CON<295>                      | IOB              | OUTPUT    | LVCMOS25    | 12       | SLOW |              |          |          |
| FPGA_CON<296>                      | IOB              | OUTPUT    | LVCMOS25    | 12       | SLOW |              |          |          |
| FPGA_CON<297>                      | IOB              | OUTPUT    | LVCMOS25    | 12       | SLOW |              |          |          |
| FPGA_CON<298>                      | IOB              | OUTPUT    | LVCMOS25    | 12       | SLOW |              |          |          |
| FPGA_CON<299>                      | IOB              | OUTPUT    | LVCMOS25    | 12       | SLOW |              |          |          |
| FPGA_CON<300>                      | IOB              | OUTPUT    | LVCMOS25    | 12       | SLOW |              |          |          |
| FPGA_CON<301>                      | IOB              | OUTPUT    | LVCMOS25    | 12       | SLOW |              |          |          |
| FPGA_CON<302>                      | IOB              | OUTPUT    | LVCMOS25    | 12       | SLOW |              |          |          |
| FPGA_CON<303>                      | IOB              | OUTPUT    | LVCMOS25    | 12       | SLOW |              |          |          |
| FPGA_CON<304>                      | IOB              | OUTPUT    | LVCMOS25    | 12       | SLOW |              |          |          |
| FPGA_CON<305>                      | IOB              | OUTPUT    | LVCMOS25    | 12       | SLOW |              |          |          |
| FPGA_CON<306>                      | IOB              | OUTPUT    | LVCMOS25    | 12       | SLOW |              |          |          |
| FPGA_CON<307>                      | IOB              | OUTPUT    | LVCMOS25    | 12       | SLOW |              |          |          |
| FPGA_CON<308>                      | IOB              | OUTPUT    | LVCMOS25    | 12       | SLOW |              |          |          |
| FPGA_CON<309>                      | IOB              | OUTPUT    | LVCMOS25    | 12       | SLOW |              |          |          |
| FPGA_CON<310>                      | IOB              | OUTPUT    | LVCMOS25    | 12       | SLOW |              |          |          |
| FPGA_CON<311>                      | IOB              | OUTPUT    | LVCMOS25    | 12       | SLOW |              |          |          |
| FPGA_CON<312>                      | IOB              | OUTPUT    | LVCMOS25    | 12       | SLOW |              |          |          |
| FPGA_CON<313>                      | IOB              | OUTPUT    | LVCMOS25    | 12       | SLOW |              |          |          |
| FPGA_CON<314>                      | IOB              | OUTPUT    | LVCMOS25    | 12       | SLOW |              |          |          |
| FPGA_CON<315>                      | IOB              | OUTPUT    | LVCMOS25    | 12       | SLOW |              |          |          |
| FPGA_CON<316>                      | IOB              | OUTPUT    | LVCMOS25    | 12       | SLOW |              |          |          |
| FPGA_CON<317>                      | IOB              | OUTPUT    | LVCMOS25    | 12       | SLOW |              |          |          |
| FPGA_CON<318>                      | IOB              | OUTPUT    | LVCMOS25    | 12       | SLOW |              |          |          |
| FPGA_CON<319>                      | IOB              | OUTPUT    | LVCMOS25    | 12       | SLOW |              |          |          |
| FPGA_CON<320>                      | IOB              | OUTPUT    | LVCMOS25    | 12       | SLOW |              |          |          |
| FPGA_CON<321>                      | IOB              | OUTPUT    | LVCMOS25    | 12       | SLOW |              |          |          |
| FPGA_CON<322>                      | IOB              | OUTPUT    | LVCMOS25    | 12       | SLOW |              |          |          |
| FPGA_CON<323>                      | IOB              | OUTPUT    | LVCMOS25    | 12       | SLOW |              |          |          |
| FPGA_CON<324>                      | IOB              | OUTPUT    | LVCMOS25    | 12       | SLOW |              |          |          |
| FPGA_CON<325>                      | IOB              | OUTPUT    | LVCMOS25    | 12       | SLOW |              |          |          |
| FPGA_CON<326>                      | IOB              | OUTPUT    | LVCMOS25    | 12       | SLOW |              |          |          |
| FPGA_CON<327>                      | IOB              | OUTPUT    | LVCMOS25    | 12       | SLOW |              |          |          |
| FPGA_CON<328>                      | IOB              | OUTPUT    | LVCMOS25    | 12       | SLOW |              |          |          |
| FPGA_CON<329>                      | IOB              | OUTPUT    | LVCMOS25    | 12       | SLOW |              |          |          |
| FPGA_CON<330>                      | IOB              | OUTPUT    | LVCMOS25    | 12       | SLOW |              |          |          |
| FPGA_CON<331>                      | IOB              | OUTPUT    | LVCMOS25    | 12       | SLOW |              |          |          |
| FPGA_CON<332>                      | IOB              | OUTPUT    | LVCMOS25    | 12       | SLOW |              |          |          |
| FPGA_CON<333>                      | IOB              | OUTPUT    | LVCMOS25    | 12       | SLOW |              |          |          |
| FPGA_CON<334>                      | IOB              | OUTPUT    | LVCMOS25    | 12       | SLOW |              |          |          |
| FPGA_CON<335>                      | IOB              | OUTPUT    | LVCMOS25    | 12       | SLOW |              |          |          |
| FPGA_CON<336>                      | IOB              | OUTPUT    | LVCMOS25    | 12       | SLOW |              |          |          |
| FPGA_CON<337>                      | IOB              | OUTPUT    | LVCMOS25    | 12       | SLOW |              |          |          |
| FPGA_CON<338>                      | IOB              | OUTPUT    | LVCMOS25    | 12       | SLOW |              |          |          |
| FPGA_CON<339>                      | IOB              | OUTPUT    | LVCMOS25    | 12       | SLOW |              |          |          |
| FPGA_CON<340>                      | IOB              | OUTPUT    | LVCMOS25    | 12       | SLOW |              |          |          |
| FPGA_CON<341>                      | IOB              | OUTPUT    | LVCMOS25    | 12       | SLOW |              |          |          |
| FPGA_CON<342>                      | IOB              | OUTPUT    | LVCMOS25    | 12       | SLOW |              |          |          |
| FPGA_CON<343>                      | IOB              | OUTPUT    | LVCMOS25    | 12       | SLOW |              |          |          |
| FPGA_CON<344>                      | IOB              | OUTPUT    | LVCMOS25    | 12       | SLOW |              |          |          |
| FPGA_CON<345>                      | IOB              | OUTPUT    | LVCMOS25    | 12       | SLOW |              |          |          |
| FPGA_CON<346>                      | IOB              | OUTPUT    | LVCMOS25    | 12       | SLOW |              |          |          |
| FPGA_CON<347>                      | IOB              | OUTPUT    | LVCMOS25    | 12       | SLOW |              |          |          |
| FPGA_CON<348>                      | IOB              | OUTPUT    | LVCMOS25    | 12       | SLOW |              |          |          |
| FPGA_CON<349>                      | IOB              | OUTPUT    | LVCMOS25    | 12       | SLOW |              |          |          |
| FPGA_CON<350>                      | IOB              | OUTPUT    | LVCMOS25    | 12       | SLOW |              |          |          |
| FPGA_CON<351>                      | IOB              | OUTPUT    | LVCMOS25    | 12       | SLOW |              |          |          |
| FPGA_CON<352>                      | IOB              | OUTPUT    | LVCMOS25    | 12       | SLOW |              |          |          |
| FPGA_CON<353>                      | IOB              | OUTPUT    | LVCMOS25    | 12       | SLOW |              |          |          |
| FPGA_CON<354>                      | IOB              | OUTPUT    | LVCMOS25    | 12       | SLOW |              |          |          |
| FPGA_CON<355>                      | IOB              | OUTPUT    | LVCMOS25    | 12       | SLOW |              |          |          |
| FPGA_CON<356>                      | IOB              | OUTPUT    | LVCMOS25    | 12       | SLOW |              |          |          |
| FPGA_CON<357>                      | IOB              | OUTPUT    | LVCMOS25    | 12       | SLOW |              |          |          |
| FPGA_CON<358>                      | IOB              | OUTPUT    | LVCMOS25    | 12       | SLOW |              |          |          |
| FPGA_CON<359>                      | IOB              | OUTPUT    | LVCMOS25    | 12       | SLOW |              |          |          |
| FPGA_CON<360>                      | IOB              | OUTPUT    | LVCMOS25    | 12       | SLOW |              |          |          |
| FPGA_CON<361>                      | IOB              | OUTPUT    | LVCMOS25    | 12       | SLOW |              |          |          |
| FPGA_CON<362>                      | IOB              | OUTPUT    | LVCMOS25    | 12       | SLOW |              |          |          |
| FPGA_CON<363>                      | IOB              | OUTPUT    | LVCMOS25    | 12       | SLOW |              |          |          |
| FPGA_CON<364>                      | IOB              | OUTPUT    | LVCMOS25    | 12       | SLOW |              |          |          |
| FPGA_CON<365>                      | IOB              | OUTPUT    | LVCMOS25    | 12       | SLOW |              |          |          |
| FPGA_CON<366>                      | IOB              | OUTPUT    | LVCMOS25    | 12       | SLOW |              |          |          |
| FPGA_CON<367>                      | IOB              | OUTPUT    | LVCMOS25    | 12       | SLOW |              |          |          |
| FPGA_CON<368>                      | IOB              | OUTPUT    | LVCMOS25    | 12       | SLOW |              |          |          |
| FPGA_CON<369>                      | IOB              | OUTPUT    | LVCMOS25    | 12       | SLOW |              |          |          |
| FPGA_CON<370>                      | IOB              | OUTPUT    | LVCMOS25    | 12       | SLOW |              |          |          |
| FPGA_CON<371>                      | IOB              | OUTPUT    | LVCMOS25    | 12       | SLOW |              |          |          |
| FPGA_CON<372>                      | IOB              | OUTPUT    | LVCMOS25    | 12       | SLOW |              |          |          |
| FPGA_CON<373>                      | IOB              | OUTPUT    | LVCMOS25    | 12       | SLOW |              |          |          |
| FPGA_CON<374>                      | IOB              | OUTPUT    | LVCMOS25    | 12       | SLOW |              |          |          |
| FPGA_CON<375>                      | IOB              | OUTPUT    | LVCMOS25    | 12       | SLOW |              |          |          |
| FPGA_CON<376>                      | IOB              | OUTPUT    | LVCMOS25    | 12       | SLOW |              |          |          |
| FPGA_CON<377>                      | IOB              | OUTPUT    | LVCMOS25    | 12       | SLOW |              |          |          |
| FPGA_CON<378>                      | IOB              | OUTPUT    | LVCMOS25    | 12       | SLOW |              |          |          |
| FPGA_CON<379>                      | IOB              | OUTPUT    | LVCMOS25    | 12       | SLOW |              |          |          |
| FPGA_CON<380>                      | IOB              | OUTPUT    | LVCMOS25    | 12       | SLOW |              |          |          |
| FPGA_CON<381>                      | IOB              | OUTPUT    | LVCMOS25    | 12       | SLOW |              |          |          |
| FPGA_CON<382>                      | IOB              | OUTPUT    | LVCMOS25    | 12       | SLOW |              |          |          |
| FPGA_CON<383>                      | IOB              | OUTPUT    | LVCMOS25    | 12       | SLOW |              |          |          |
| FPGA_CON<384>                      | IOB              | OUTPUT    | LVCMOS25    | 12       | SLOW |              |          |          |
| FPGA_CON<385>                      | IOB              | OUTPUT    | LVCMOS25    | 12       | SLOW |              |          |          |
| FPGA_CON<386>                      | IOB              | OUTPUT    | LVCMOS25    | 12       | SLOW |              |          |          |
| FPGA_CON<387>                      | IOB              | OUTPUT    | LVCMOS25    | 12       | SLOW |              |          |          |
| FPGA_CON<388>                      | IOB              | OUTPUT    | LVCMOS25    | 12       | SLOW |              |          |          |
| FPGA_CON<389>                      | IOB              | OUTPUT    | LVCMOS25    | 12       | SLOW |              |          |          |
| FPGA_CON<390>                      | IOB              | OUTPUT    | LVCMOS25    | 12       | SLOW |              |          |          |
| FPGA_CON<391>                      | IOB              | OUTPUT    | LVCMOS25    | 12       | SLOW |              |          |          |
| FPGA_CON<392>                      | IOB              | OUTPUT    | LVCMOS25    | 12       | SLOW |              |          |          |
| FPGA_CON<393>                      | IOB              | OUTPUT    | LVCMOS25    | 12       | SLOW |              |          |          |
| FPGA_CON<394>                      | IOB              | OUTPUT    | LVCMOS25    | 12       | SLOW |              |          |          |
| FPGA_CON<395>                      | IOB              | OUTPUT    | LVCMOS25    | 12       | SLOW |              |          |          |
| FPGA_CON<396>                      | IOB              | OUTPUT    | LVCMOS25    | 12       | SLOW |              |          |          |
| FPGA_CON<397>                      | IOB              | OUTPUT    | LVCMOS25    | 12       | SLOW |              |          |          |
| FPGA_CON<398>                      | IOB              | OUTPUT    | LVCMOS25    | 12       | SLOW |              |          |          |
| FPGA_CON<399>                      | IOB              | OUTPUT    | LVCMOS25    | 12       | SLOW |              |          |          |
| FPGA_CON<400>                      | IOB              | OUTPUT    | LVCMOS25    | 12       | SLOW |              |          |          |
| FPGA_CON<401>                      | IOB              | OUTPUT    | LVCMOS25    | 12       | SLOW |              |          |          |
| FPGA_CON<402>                      | IOB              | OUTPUT    | LVCMOS25    | 12       | SLOW |              |          |          |
| FPGA_CON<403>                      | IOB              | OUTPUT    | LVCMOS25    | 12       | SLOW |              |          |          |
| FPGA_CON<404>                      | IOB              | OUTPUT    | LVCMOS25    | 12       | SLOW |              |          |          |
| FPGA_CON<405>                      | IOB              | OUTPUT    | LVCMOS25    | 12       | SLOW |              |          |          |
| FPGA_CON<406>                      | IOB              | OUTPUT    | LVCMOS25    | 12       | SLOW |              |          |          |
| FPGA_CON<407>                      | IOB              | OUTPUT    | LVCMOS25    | 12       | SLOW |              |          |          |
| FPGA_CON<408>                      | IOB              | OUTPUT    | LVCMOS25    | 12       | SLOW |              |          |          |
| FPGA_CON<409>                      | IOB              | OUTPUT    | LVCMOS25    | 12       | SLOW |              |          |          |
| FPGA_CON<410>                      | IOB              | OUTPUT    | LVCMOS25    | 12       | SLOW |              |          |          |
| FPGA_CON<411>                      | IOB              | OUTPUT    | LVCMOS25    | 12       | SLOW |              |          |          |
| FPGA_CON<412>                      | IOB              | OUTPUT    | LVCMOS25    | 12       | SLOW |              |          |          |
| FPGA_CON<413>                      | IOB              | OUTPUT    | LVCMOS25    | 12       | SLOW |              |          |          |
| FPGA_CON<414>                      | IOB              | OUTPUT    | LVCMOS25    | 12       | SLOW |              |          |          |
| FPGA_CON<415>                      | IOB              | OUTPUT    | LVCMOS25    | 12       | SLOW |              |          |          |
| FPGA_CON<416>                      | IOB              | OUTPUT    | LVCMOS25    | 12       | SLOW |              |          |          |
| FPGA_CON<417>                      | IOB              | OUTPUT    | LVCMOS25    | 12       | SLOW |              |          |          |
| FPGA_CON<418>                      | IOB              | OUTPUT    | LVCMOS25    | 12       | SLOW |              |          |          |
| FPGA_CON<419>                      | IOB              | OUTPUT    | LVCMOS25    | 12       | SLOW |              |          |          |
| FPGA_CON<420>                      | IOB              | OUTPUT    | LVCMOS25    | 12       | SLOW |              |          |          |
| FPGA_CON<421>                      | IOB              | OUTPUT    | LVCMOS25    | 12       | SLOW |              |          |          |
| FPGA_CON<422>                      | IOB              | OUTPUT    | LVCMOS25    | 12       | SLOW |              |          |          |
| FPGA_CON<423>                      | IOB              | OUTPUT    | LVCMOS25    | 12       | SLOW |              |          |          |
| FPGA_CON<424>                      | IOB              | OUTPUT    | LVCMOS25    | 12       | SLOW |              |          |          |
| FPGA_CON<425>                      | IOB              | OUTPUT    | LVCMOS25    | 12       | SLOW |              |          |          |
| FPGA_CON<426>                      | IOB              | OUTPUT    | LVCMOS25    | 12       | SLOW |              |          |          |
| FPGA_CON<427>                      | IOB              | OUTPUT    | LVCMOS25    | 12       | SLOW |              |          |          |
| FPGA_CON<428>                      | IOB              | OUTPUT    | LVCMOS25    | 12       | SLOW |              |          |          |
| FPGA_CON<429>                      | IOB              | OUTPUT    | LVCMOS25    | 12       | SLOW |              |          |          |
| FPGA_CON<430>                      | IOB              | OUTPUT    | LVCMOS25    | 12       | SLOW |              |          |          |
| FPGA_CON<431>                      | IOB              | OUTPUT    | LVCMOS25    | 12       | SLOW |              |          |          |
| FPGA_CON<432>                      | IOB              | OUTPUT    | LVCMOS25    | 12       | SLOW |              |          |          |
| FPGA_CON<433>                      | IOB              | OUTPUT    | LVCMOS25    | 12       | SLOW |              |          |          |
| FPGA_CON<434>                      | IOB              | OUTPUT    | LVCMOS25    | 12       | SLOW |              |          |          |
| FPGA_CON<435>                      | IOB              | OUTPUT    | LVCMOS25    | 12       | SLOW |              |          |          |
| FPGA_CON<436>                      | IOB              | OUTPUT    | LVCMOS25    | 12       | SLOW |              |          |          |
| FPGA_CON<437>                      | IOB              | OUTPUT    | LVCMOS25    | 12       | SLOW |              |          |          |
| FPGA_CON<438>                      | IOB              | OUTPUT    | LVCMOS25    | 12       | SLOW |              |          |          |
| FPGA_CON<439>                      | IOB              | OUTPUT    | LVCMOS25    | 12       | SLOW |              |          |          |
| FPGA_CON<440>                      | IOB              | OUTPUT    | LVCMOS25    | 12       | SLOW |              |          |          |
| FPGA_CON<441>                      | IOB              | OUTPUT    | LVCMOS25    | 12       | SLOW |              |          |          |
| FPGA_CON<442>                      | IOB              | OUTPUT    | LVCMOS25    | 12       | SLOW |              |          |          |
| FPGA_CON<443>                      | IOB              | OUTPUT    | LVCMOS25    | 12       | SLOW |              |          |          |
| FPGA_CON<444>                      | IOB              | OUTPUT    | LVCMOS25    | 12       | SLOW |              |          |          |
| FPGA_CON<445>                      | IOB              | OUTPUT    | LVCMOS25    | 12       | SLOW |              |          |          |
| FPGA_CON<446>                      | IOB              | OUTPUT    | LVCMOS25    | 12       | SLOW | OFF1         |          |          |
| FPGA_EN                            | IOB              | INPUT     | LVCMOS25    |          |      |              |          |          |
| PORST                              | IOB              | INPUT     | LVCMOS25    |          |      |              |          |          |
| nRST                               | IOB              | INPUT     | LVCMOS25    |          |      |              |          |          |
+----------------------------------------------------------------------------------------------------------------------------------------+

Section 7 - RPMs
----------------

Section 8 - Guide Report
------------------------
Guide not run on this design.

Section 9 - Area Group and Partition Summary
--------------------------------------------

Partition Implementation Status
-------------------------------

  No Partitions were found in this design.

-------------------------------

Area Group Information
----------------------

  No area groups were found in this design.

----------------------

Section 10 - Modular Design Summary
-----------------------------------
Modular Design not used for this design.

Section 11 - Timing Report
--------------------------
This design was not run using timing mode.

Section 12 - Configuration String Details
-----------------------------------------
Use the "-detail" map option to print out Configuration Strings
