 
****************************************
Report : area
Design : VideoCore
Version: V-2004.06
Date   : Mon Apr 23 17:45:31 2007
****************************************

Library(s) Used:

    slow (File: /LDisk/HomeM3P0/kwoly/Project/VideoEnC/Verilog/Syn/SynDB/slow.db)
    USERLIB (File: /LDisk/HomeM3P0/kwoly/Project/VideoEnC/Verilog/Syn/SynDB/RODSH256x9_slow_syn.db)

Number of ports:              237
Number of nets:               377
Number of cells:                9
Number of references:           9

Combinational area:       132215.078125
Noncombinational area:    106723.968750
Net Interconnect area:      undefined  (No wire load specified)

Total cell area:          238932.000000
Total area:                 undefined

Information: This design contains black box (unknown) components. (RPT-8)
1
