 
****************************************
Report : timing
        -path full
        -delay min
        -nworst 10
        -input_pins
        -nets
        -max_paths 10
        -transition_time
        -capacitance
Design : VideoCore
Version: V-2004.06
Date   : Mon Apr 23 17:45:34 2007
****************************************

 * Some/all delay information is back-annotated.

Operating Conditions: slow   Library: USERLIB
Wire Load Model Mode: top

  Startpoint: HSYNC_STEP[0]
              (input port)
  Endpoint: SyntheSizer/OldHSYNC_STEP_reg_0_
            (rising edge-triggered flip-flop clocked by CLK)
  Path Group: CLK
  Path Type: min

  Point                                       Fanout       Cap     Trans      Incr       Path
  ----------------------------------------------------------------------------------------------
  clock (input port clock) (rise edge)                                        0.00       0.00
  clock network delay (ideal)                                                 0.00       0.00
  input external delay                                                        0.00       0.00 f
  HSYNC_STEP[0] (in)                                                1.00      0.00       0.00 f
  HSYNC_STEP[0] (net)                           3         0.01                0.00       0.00 f
  SyntheSizer/HSYNC_STEP[0] (VideoEncSynthesizer)                             0.00       0.00 f
  SyntheSizer/HSYNC_STEP[0] (net)                         0.01                0.00       0.00 f
  SyntheSizer/OldHSYNC_STEP_reg_0_/D (DFFRX1)                       1.00      0.00       0.00 f
  data arrival time                                                                      0.00

  clock CLK (rise edge)                                                       0.00       0.00
  clock network delay (ideal)                                                 0.00       0.00
  SyntheSizer/OldHSYNC_STEP_reg_0_/CK (DFFRX1)                                0.00       0.00 r
  library hold time                                                          -0.18      -0.18
  data required time                                                                    -0.18
  ----------------------------------------------------------------------------------------------
  data required time                                                                    -0.18
  data arrival time                                                                      0.00
  ----------------------------------------------------------------------------------------------
  slack (MET)                                                                            0.18


  Startpoint: HSYNC_STEP[1]
              (input port)
  Endpoint: SyntheSizer/OldHSYNC_STEP_reg_1_
            (rising edge-triggered flip-flop clocked by CLK)
  Path Group: CLK
  Path Type: min

  Point                                       Fanout       Cap     Trans      Incr       Path
  ----------------------------------------------------------------------------------------------
  clock (input port clock) (rise edge)                                        0.00       0.00
  clock network delay (ideal)                                                 0.00       0.00
  input external delay                                                        0.00       0.00 f
  HSYNC_STEP[1] (in)                                                1.00      0.00       0.00 f
  HSYNC_STEP[1] (net)                           3         0.01                0.00       0.00 f
  SyntheSizer/HSYNC_STEP[1] (VideoEncSynthesizer)                             0.00       0.00 f
  SyntheSizer/HSYNC_STEP[1] (net)                         0.01                0.00       0.00 f
  SyntheSizer/OldHSYNC_STEP_reg_1_/D (DFFRX1)                       1.00      0.00       0.00 f
  data arrival time                                                                      0.00

  clock CLK (rise edge)                                                       0.00       0.00
  clock network delay (ideal)                                                 0.00       0.00
  SyntheSizer/OldHSYNC_STEP_reg_1_/CK (DFFRX1)                                0.00       0.00 r
  library hold time                                                          -0.18      -0.18
  data required time                                                                    -0.18
  ----------------------------------------------------------------------------------------------
  data required time                                                                    -0.18
  data arrival time                                                                      0.00
  ----------------------------------------------------------------------------------------------
  slack (MET)                                                                            0.18


  Startpoint: HSYNC_STEP[2]
              (input port)
  Endpoint: SyntheSizer/OldHSYNC_STEP_reg_2_
            (rising edge-triggered flip-flop clocked by CLK)
  Path Group: CLK
  Path Type: min

  Point                                       Fanout       Cap     Trans      Incr       Path
  ----------------------------------------------------------------------------------------------
  clock (input port clock) (rise edge)                                        0.00       0.00
  clock network delay (ideal)                                                 0.00       0.00
  input external delay                                                        0.00       0.00 f
  HSYNC_STEP[2] (in)                                                1.00      0.00       0.00 f
  HSYNC_STEP[2] (net)                           3         0.01                0.00       0.00 f
  SyntheSizer/HSYNC_STEP[2] (VideoEncSynthesizer)                             0.00       0.00 f
  SyntheSizer/HSYNC_STEP[2] (net)                         0.01                0.00       0.00 f
  SyntheSizer/OldHSYNC_STEP_reg_2_/D (DFFRX1)                       1.00      0.00       0.00 f
  data arrival time                                                                      0.00

  clock CLK (rise edge)                                                       0.00       0.00
  clock network delay (ideal)                                                 0.00       0.00
  SyntheSizer/OldHSYNC_STEP_reg_2_/CK (DFFRX1)                                0.00       0.00 r
  library hold time                                                          -0.18      -0.18
  data required time                                                                    -0.18
  ----------------------------------------------------------------------------------------------
  data required time                                                                    -0.18
  data arrival time                                                                      0.00
  ----------------------------------------------------------------------------------------------
  slack (MET)                                                                            0.18


  Startpoint: HSYNC_STEP[3]
              (input port)
  Endpoint: SyntheSizer/OldHSYNC_STEP_reg_3_
            (rising edge-triggered flip-flop clocked by CLK)
  Path Group: CLK
  Path Type: min

  Point                                       Fanout       Cap     Trans      Incr       Path
  ----------------------------------------------------------------------------------------------
  clock (input port clock) (rise edge)                                        0.00       0.00
  clock network delay (ideal)                                                 0.00       0.00
  input external delay                                                        0.00       0.00 f
  HSYNC_STEP[3] (in)                                                1.00      0.00       0.00 f
  HSYNC_STEP[3] (net)                           3         0.01                0.00       0.00 f
  SyntheSizer/HSYNC_STEP[3] (VideoEncSynthesizer)                             0.00       0.00 f
  SyntheSizer/HSYNC_STEP[3] (net)                         0.01                0.00       0.00 f
  SyntheSizer/OldHSYNC_STEP_reg_3_/D (DFFRX1)                       1.00      0.00       0.00 f
  data arrival time                                                                      0.00

  clock CLK (rise edge)                                                       0.00       0.00
  clock network delay (ideal)                                                 0.00       0.00
  SyntheSizer/OldHSYNC_STEP_reg_3_/CK (DFFRX1)                                0.00       0.00 r
  library hold time                                                          -0.18      -0.18
  data required time                                                                    -0.18
  ----------------------------------------------------------------------------------------------
  data required time                                                                    -0.18
  data arrival time                                                                      0.00
  ----------------------------------------------------------------------------------------------
  slack (MET)                                                                            0.18


  Startpoint: HSYNC_STEP[4]
              (input port)
  Endpoint: SyntheSizer/OldHSYNC_STEP_reg_4_
            (rising edge-triggered flip-flop clocked by CLK)
  Path Group: CLK
  Path Type: min

  Point                                       Fanout       Cap     Trans      Incr       Path
  ----------------------------------------------------------------------------------------------
  clock (input port clock) (rise edge)                                        0.00       0.00
  clock network delay (ideal)                                                 0.00       0.00
  input external delay                                                        0.00       0.00 f
  HSYNC_STEP[4] (in)                                                1.00      0.00       0.00 f
  HSYNC_STEP[4] (net)                           3         0.01                0.00       0.00 f
  SyntheSizer/HSYNC_STEP[4] (VideoEncSynthesizer)                             0.00       0.00 f
  SyntheSizer/HSYNC_STEP[4] (net)                         0.01                0.00       0.00 f
  SyntheSizer/OldHSYNC_STEP_reg_4_/D (DFFRX1)                       1.00      0.00       0.00 f
  data arrival time                                                                      0.00

  clock CLK (rise edge)                                                       0.00       0.00
  clock network delay (ideal)                                                 0.00       0.00
  SyntheSizer/OldHSYNC_STEP_reg_4_/CK (DFFRX1)                                0.00       0.00 r
  library hold time                                                          -0.18      -0.18
  data required time                                                                    -0.18
  ----------------------------------------------------------------------------------------------
  data required time                                                                    -0.18
  data arrival time                                                                      0.00
  ----------------------------------------------------------------------------------------------
  slack (MET)                                                                            0.18


  Startpoint: HSYNC_STEP[5]
              (input port)
  Endpoint: SyntheSizer/OldHSYNC_STEP_reg_5_
            (rising edge-triggered flip-flop clocked by CLK)
  Path Group: CLK
  Path Type: min

  Point                                       Fanout       Cap     Trans      Incr       Path
  ----------------------------------------------------------------------------------------------
  clock (input port clock) (rise edge)                                        0.00       0.00
  clock network delay (ideal)                                                 0.00       0.00
  input external delay                                                        0.00       0.00 f
  HSYNC_STEP[5] (in)                                                1.00      0.00       0.00 f
  HSYNC_STEP[5] (net)                           3         0.00                0.00       0.00 f
  SyntheSizer/HSYNC_STEP[5] (VideoEncSynthesizer)                             0.00       0.00 f
  SyntheSizer/HSYNC_STEP[5] (net)                         0.00                0.00       0.00 f
  SyntheSizer/OldHSYNC_STEP_reg_5_/D (DFFRX1)                       1.00      0.00       0.00 f
  data arrival time                                                                      0.00

  clock CLK (rise edge)                                                       0.00       0.00
  clock network delay (ideal)                                                 0.00       0.00
  SyntheSizer/OldHSYNC_STEP_reg_5_/CK (DFFRX1)                                0.00       0.00 r
  library hold time                                                          -0.18      -0.18
  data required time                                                                    -0.18
  ----------------------------------------------------------------------------------------------
  data required time                                                                    -0.18
  data arrival time                                                                      0.00
  ----------------------------------------------------------------------------------------------
  slack (MET)                                                                            0.18


  Startpoint: HSYNC_STEP[6]
              (input port)
  Endpoint: SyntheSizer/OldHSYNC_STEP_reg_6_
            (rising edge-triggered flip-flop clocked by CLK)
  Path Group: CLK
  Path Type: min

  Point                                       Fanout       Cap     Trans      Incr       Path
  ----------------------------------------------------------------------------------------------
  clock (input port clock) (rise edge)                                        0.00       0.00
  clock network delay (ideal)                                                 0.00       0.00
  input external delay                                                        0.00       0.00 f
  HSYNC_STEP[6] (in)                                                1.00      0.00       0.00 f
  HSYNC_STEP[6] (net)                           3         0.00                0.00       0.00 f
  SyntheSizer/HSYNC_STEP[6] (VideoEncSynthesizer)                             0.00       0.00 f
  SyntheSizer/HSYNC_STEP[6] (net)                         0.00                0.00       0.00 f
  SyntheSizer/OldHSYNC_STEP_reg_6_/D (DFFRX1)                       1.00      0.00       0.00 f
  data arrival time                                                                      0.00

  clock CLK (rise edge)                                                       0.00       0.00
  clock network delay (ideal)                                                 0.00       0.00
  SyntheSizer/OldHSYNC_STEP_reg_6_/CK (DFFRX1)                                0.00       0.00 r
  library hold time                                                          -0.18      -0.18
  data required time                                                                    -0.18
  ----------------------------------------------------------------------------------------------
  data required time                                                                    -0.18
  data arrival time                                                                      0.00
  ----------------------------------------------------------------------------------------------
  slack (MET)                                                                            0.18


  Startpoint: HSYNC_STEP[7]
              (input port)
  Endpoint: SyntheSizer/OldHSYNC_STEP_reg_7_
            (rising edge-triggered flip-flop clocked by CLK)
  Path Group: CLK
  Path Type: min

  Point                                       Fanout       Cap     Trans      Incr       Path
  ----------------------------------------------------------------------------------------------
  clock (input port clock) (rise edge)                                        0.00       0.00
  clock network delay (ideal)                                                 0.00       0.00
  input external delay                                                        0.00       0.00 f
  HSYNC_STEP[7] (in)                                                1.00      0.00       0.00 f
  HSYNC_STEP[7] (net)                           3         0.00                0.00       0.00 f
  SyntheSizer/HSYNC_STEP[7] (VideoEncSynthesizer)                             0.00       0.00 f
  SyntheSizer/HSYNC_STEP[7] (net)                         0.00                0.00       0.00 f
  SyntheSizer/OldHSYNC_STEP_reg_7_/D (DFFRX1)                       1.00      0.00       0.00 f
  data arrival time                                                                      0.00

  clock CLK (rise edge)                                                       0.00       0.00
  clock network delay (ideal)                                                 0.00       0.00
  SyntheSizer/OldHSYNC_STEP_reg_7_/CK (DFFRX1)                                0.00       0.00 r
  library hold time                                                          -0.18      -0.18
  data required time                                                                    -0.18
  ----------------------------------------------------------------------------------------------
  data required time                                                                    -0.18
  data arrival time                                                                      0.00
  ----------------------------------------------------------------------------------------------
  slack (MET)                                                                            0.18


  Startpoint: HSYNCn (input port)
  Endpoint: TimingGen/HSYNCn_d_reg
            (rising edge-triggered flip-flop clocked by CLK)
  Path Group: CLK
  Path Type: min

  Point                        Fanout       Cap     Trans      Incr       Path
  -------------------------------------------------------------------------------
  clock (input port clock) (rise edge)                         0.00       0.00
  clock network delay (ideal)                                  0.00       0.00
  input external delay                                         0.00       0.00 f
  HSYNCn (in)                                        1.00      0.00       0.00 f
  HSYNCn (net)                   2         0.00                0.00       0.00 f
  TimingGen/HSYNCn (VideoTimingGen)                            0.00       0.00 f
  TimingGen/HSYNCn (net)                   0.00                0.00       0.00 f
  TimingGen/HSYNCn_d_reg/D (DFFRX1)                  1.00      0.00       0.00 f
  data arrival time                                                       0.00

  clock CLK (rise edge)                                        0.00       0.00
  clock network delay (ideal)                                  0.00       0.00
  TimingGen/HSYNCn_d_reg/CK (DFFRX1)                           0.00       0.00 r
  library hold time                                           -0.18      -0.18
  data required time                                                     -0.18
  -------------------------------------------------------------------------------
  data required time                                                     -0.18
  data arrival time                                                       0.00
  -------------------------------------------------------------------------------
  slack (MET)                                                             0.18


  Startpoint: VSYNCn (input port)
  Endpoint: TimingGen/VSYNCn_d_reg
            (rising edge-triggered flip-flop clocked by CLK)
  Path Group: CLK
  Path Type: min

  Point                        Fanout       Cap     Trans      Incr       Path
  -------------------------------------------------------------------------------
  clock (input port clock) (rise edge)                         0.00       0.00
  clock network delay (ideal)                                  0.00       0.00
  input external delay                                         0.00       0.00 f
  VSYNCn (in)                                        1.00      0.00       0.00 f
  VSYNCn (net)                   2         0.00                0.00       0.00 f
  TimingGen/VSYNCn (VideoTimingGen)                            0.00       0.00 f
  TimingGen/VSYNCn (net)                   0.00                0.00       0.00 f
  TimingGen/VSYNCn_d_reg/D (DFFRX1)                  1.00      0.00       0.00 f
  data arrival time                                                       0.00

  clock CLK (rise edge)                                        0.00       0.00
  clock network delay (ideal)                                  0.00       0.00
  TimingGen/VSYNCn_d_reg/CK (DFFRX1)                           0.00       0.00 r
  library hold time                                           -0.18      -0.18
  data required time                                                     -0.18
  -------------------------------------------------------------------------------
  data required time                                                     -0.18
  data arrival time                                                       0.00
  -------------------------------------------------------------------------------
  slack (MET)                                                             0.18


1
