 
****************************************
Report : qor
Design : VideoCore
Version: V-2004.06
Date   : Mon Apr 23 17:45:31 2007
****************************************


  Timing Path Group 'CLK'
  -----------------------------------
  Levels of Logic:              67.00
  Critical Path Length:         11.27
  Critical Path Slack:          23.37
  Total Negative Slack:          0.00
  No. of Violating Paths:        0.00
  -----------------------------------


  Cell Count
  -----------------------------------
  Hierarchial Cell Count:          17
  Hierarchial Port Count:        1372
  Leaf Cell Count:              11755
  -----------------------------------


  Area
  -----------------------------------
  Combinational Area:   132215.078125
  Noncombinational Area:
                        106723.968750
  Net Area:                  0.000000
  -----------------------------------
  Cell Area:            238932.000000
  Design Area:          238932.000000


  Design Rules
  -----------------------------------
  Total Number of Nets:         14178
  Nets With Violations:             0
  -----------------------------------


  Hostname: soc3.localdomain

  Compile CPU Statistics
  -----------------------------------
  Resource Sharing:              0.08
  Logic Optimization:           10.41
  Mapping Optimization:         22.02
  -----------------------------------
  Overall Compile Time:         41.92

1
