 
****************************************
Report : net fanout
        -threshold 8
Design : VideoCore
Version: V-2004.06
Date   : Mon Apr 23 17:45:31 2007
****************************************


Operating Conditions: slow   Library: USERLIB
Wire Load Model Mode: top


Attributes:
   dr - drc disabled
    c - annotated capacitance
    d - dont_touch
    i - ideal_net
    I - ideal_network
    p - includes pin load
    r - annotated resistance
    h - high fanout

Net                 Fanout   Attributes   Capacitance   Driver
--------------------------------------------------------------------------------
CLK                   1769   dr, d            3.01      CLK
RESETn                1767   d, i             0.00      RESETn
BLANKn                  25                    0.04      BLANKn
ENABLE                  24                    0.06      ENABLE
EN_INTERNAL_PATTERN     26                    0.04      EN_INTERNAL_PATTERN
EN_COLOR_KILL           12                    0.02      EN_COLOR_KILL
MODE[2]                 26                    0.06      MODE[2]
MODE[0]                  9                    0.02      MODE[0]
LUMA_FILTER_SEL[1]      16                    0.04      LUMA_FILTER_SEL[1]
LUMA_FILTER_SEL[0]      16                    0.04      LUMA_FILTER_SEL[0]
CHRO_FILTER_SEL[1]     235                    0.32      CHRO_FILTER_SEL[1]
SATURATION_CLEV[7]      10                    0.01      SATURATION_CLEV[7]
SATURATION_CLEV[6]      11                    0.02      SATURATION_CLEV[6]
SATURATION_CLEV[5]      10                    0.01      SATURATION_CLEV[5]
SATURATION_CLEV[4]      10                    0.01      SATURATION_CLEV[4]
SATURATION_CLEV[3]      10                    0.01      SATURATION_CLEV[3]
SATURATION_CLEV[2]      10                    0.01      SATURATION_CLEV[2]
SATURATION_CLEV[1]      12                    0.02      SATURATION_CLEV[1]
SATURATION_CLEV[0]       9                    0.01      SATURATION_CLEV[0]
H_COUNTER_INTER[7]       9                    0.05      TimingGen/H_CNT_reg_7_/Q
H_COUNTER_INTER[6]       9                    0.04      TimingGen/H_CNT_reg_6_/Q
H_COUNTER_INTER[5]      12                    0.05      TimingGen/H_CNT_reg_5_/Q
H_COUNTER_INTER[4]      13                    0.05      TimingGen/H_CNT_reg_4_/Q
H_COUNTER_INTER[3]      15                    0.06      TimingGen/H_CNT_reg_3_/Q
H_COUNTER_INTER[2]      14                    0.05      TimingGen/H_CNT_reg_2_/Q
V_COUNTER_INTER[8]      13                    0.05      TimingGen/U1741/Y
V_COUNTER_INTER[4]      12                    0.05      TimingGen/V_CNT_reg_4_/Q
V_COUNTER_INTER[3]      13                    0.06      TimingGen/V_CNT_reg_3_/Q
V_COUNTER_INTER[2]      11                    0.05      TimingGen/V_CNT_reg_2_/Q
V_COUNTER_INTER[1]      13                    0.05      TimingGen/V_CNT_reg_1_/Q
V_COUNTER_INTER[0]      10                    0.05      TimingGen/V_CNT_reg_0_/Q
COS[2]                   9                    0.01      SubAddrGen/COS_reg_2_/Q
COS[0]                   9                    0.01      SubAddrGen/COS_reg_0_/Q
SIN[3]                   9                    0.01      SubAddrGen/SIN_reg_3_/Q
SIN[2]                   9                    0.01      SubAddrGen/SIN_reg_2_/Q
SIN[0]                   9                    0.01      SubAddrGen/SIN_reg_0_/Q
VideoEncInput/n280      24                    0.03      VideoEncInput/U151/Y
VideoEncInput/n125      24                    0.06      VideoEncInput/U152/Y
TimingGen/n799          14                    0.03      TimingGen/U1343/Y
TimingGen/n869          11                    0.03      TimingGen/U1599/Y
TimingGen/n879           9                    0.02      TimingGen/U1457/Y
TimingGen/n971           9                    0.02      TimingGen/U1352/Y
TimingGen/n973           9                    0.02      TimingGen/U1603/Y
TimingGen/n1103         13                    0.03      TimingGen/U1348/Y
TimingGen/n1323         11                    0.02      TimingGen/H_CNT_reg_5_/QN
TimingGen/n1326         13                    0.03      TimingGen/V_CNT_reg_0_/QN
TimingGen/n1333         15                    0.04      TimingGen/V_CNT_reg_1_/QN
TimingGen/n1334         11                    0.03      TimingGen/V_CNT_reg_4_/QN
TimingGen/n1335         15                    0.03      TimingGen/H_CNT_reg_6_/QN
TimingGen/n1349         19                    0.05      TimingGen/V_CNT_reg_3_/QN
TimingGen/n1354         19                    0.05      TimingGen/V_CNT_reg_2_/QN
TimingGen/n1357         12                    0.03      TimingGen/U1638/Y
TimingGen/n1358         14                    0.03      TimingGen/U1424/Y
TimingGen/n1359         15                    0.04      TimingGen/U1422/Y
TimingGen/n1360         11                    0.03      TimingGen/U1324/Y
RGB2YUV/N42             16                    0.05      RGB2YUV/U4205/Y
RGB2YUV/N50             10                    0.03      RGB2YUV/U6496/Y
RGB2YUV/N58             13                    0.04      RGB2YUV/U4206/Y
RGB2YUV/Y_BTemp0B_9_
                        17                    0.19      RGB2YUV/U4402/Y
RGB2YUV/U_Gtemp0B_9_
                         9                    0.12      RGB2YUV/U4240/Y
RGB2YUV/V_Btemp0B_9_
                        14                    0.20      RGB2YUV/U4412/Y
RGB2YUV/n879            24                    0.35      RGB2YUV/U5106/Y
RGB2YUV/n885            17                    0.23      RGB2YUV/U4832/Y
RGB2YUV/n958            12                    0.03      RGB2YUV/U6323/Y
RGB2YUV/n983            21                    0.05      RGB2YUV/U4202/Y
RGB2YUV/n1253           10                    0.04      RGB2YUV/U5097/Y
RGB2YUV/n1291           30                    0.10      RGB2YUV/U5208/Y
RGB2YUV/n1630            9                    0.02      RGB2YUV/U4225/Y
RGB2YUV/n2259            9                    0.02      RGB2YUV/U4226/Y
RGB2YUV/n2418           24                    0.03      RGB2YUV/U6674/Y
RGB2YUV/n2438           13                    0.03      RGB2YUV/U6663/Y
RGB2YUV/n2439           96                    0.19      RGB2YUV/U4207/Y
RGB2YUV/n2440           99                    0.20      RGB2YUV/U4208/Y
RGB2YUV/n2441           69                    0.21      RGB2YUV/U6553/Y
RGB2YUV/n2442           75                    0.23      RGB2YUV/U6617/Y
RGB2YUV/n2443           80                    0.14      RGB2YUV/U5123/Y
RGB2YUV/n2444           97                    0.18      RGB2YUV/U5125/Y
RGB2YUV/n2485           12                    0.04      RGB2YUV/U6473/Y
RGB2YUV/n2504           10                    0.03      RGB2YUV/U6474/Y
RGB2YUV/n2517           53                    0.09      RGB2YUV/U4579/Y
RGB2YUV/n2518           52                    0.09      RGB2YUV/U4580/Y
RGB2YUV/n2519           53                    0.10      RGB2YUV/U4578/Y
RGB2YUV/n2520           91                    0.31      RGB2YUV/U5198/Y
RGB2YUV/n2521           92                    0.30      RGB2YUV/U5199/Y
RGB2YUV/n2522           17                    0.02      RGB2YUV/U6305/Y
RGB2YUV/n2523           17                    0.02      RGB2YUV/U6304/Y
RGB2YUV/n2524            9                    0.01      RGB2YUV/U4392/Y
RGB2YUV/n2526           42                    0.14      RGB2YUV/U4221/Y
RGB2YUV/n2527           39                    0.13      RGB2YUV/U4222/Y
RGB2YUV/n2529           16                    0.03      RGB2YUV/U5468/Y
RGB2YUV/n2530           16                    0.03      RGB2YUV/U5247/Y
RGB2YUV/n2531           12                    0.03      RGB2YUV/U6322/Y
RGB2YUV/n2533           10                    0.03      RGB2YUV/U5098/Y
SubAddrGen/n860         11                    0.03      SubAddrGen/U1_29/S
SubAddrGen/n198         20                    0.03      SubAddrGen/U414/Y
SubAddrGen/n200          9                    0.02      SubAddrGen/U439/Y
SubAddrGen/n202         20                    0.02      SubAddrGen/U598/Y
YLowFilter/n8           11                    0.02      YLowFilter/U54/Y
YLowFilter/n9           10                    0.01      YLowFilter/U65/Y
YLowFilter/n13          10                    0.03      YLowFilter/U55/Y
YLowFilter/LuFILTERCore/n127
                        14                    0.03      YLowFilter/LuFILTERCore/U424/Y
YLowFilter/LuFILTERCore/n128
                        13                    0.02      YLowFilter/LuFILTERCore/U578/Y
YLowFilter/LuFILTERCore/n262
                        12                    0.02      YLowFilter/LuFILTERCore/U541/Y
YLowFilter/LuFILTERCore/n263
                        13                    0.02      YLowFilter/LuFILTERCore/U581/Y
YLowFilter/LuFILTERCore/n265
                        13                    0.01      YLowFilter/LuFILTERCore/U540/Y
YLowFilter/LuFILTERCore/n266
                        11                    0.01      YLowFilter/LuFILTERCore/U583/Y
YLowFilter/LuFILTERCore/n267
                        11                    0.01      YLowFilter/LuFILTERCore/U579/Y
YLowFilter/LuFILTERCore/n268
                        11                    0.01      YLowFilter/LuFILTERCore/U582/Y
YLowFilter/LuFILTERCore/n269
                        12                    0.02      YLowFilter/LuFILTERCore/U539/Y
YLowFilter/NotchFILTERCore/n155
                        10                    0.01      YLowFilter/NotchFILTERCore/U874/Y
YLowFilter/NotchFILTERCore/n176
                        10                    0.02      YLowFilter/NotchFILTERCore/U876/Y
YLowFilter/NotchFILTERCore/n197
                        13                    0.04      YLowFilter/NotchFILTERCore/U680/Y
YLowFilter/NotchFILTERCore/n198
                        27                    0.04      YLowFilter/NotchFILTERCore/U566/Y
YLowFilter/NotchFILTERCore/n199
                        33                    0.04      YLowFilter/NotchFILTERCore/U567/Y
YLowFilter/NotchFILTERCore/n204
                        22                    0.06      YLowFilter/NotchFILTERCore/U681/Y
YLowFilter/NotchFILTERCore/n227
                        11                    0.01      YLowFilter/NotchFILTERCore/U598/Y
YLowFilter/NotchFILTERCore/n228
                        28                    0.04      YLowFilter/NotchFILTERCore/U564/Y
YLowFilter/NotchFILTERCore/n229
                        28                    0.04      YLowFilter/NotchFILTERCore/U565/Y
ULowFilter/n3           10                    0.01      ULowFilter/U26/Y
ULowFilter/CFILTERCore/n159
                        33                    0.04      ULowFilter/CFILTERCore/U433/Y
ULowFilter/CFILTERCore/n160
                        33                    0.04      ULowFilter/CFILTERCore/U434/Y
ULowFilter/CFILTERCore/n165
                        34                    0.04      ULowFilter/CFILTERCore/U432/Y
ULowFilter/CFILTERCore/CMUL/B_not1
                        17                    0.24      ULowFilter/CFILTERCore/CMUL/U354/Y
ULowFilter/CFILTERCore/CMUL/B_not9
                        17                    0.24      ULowFilter/CFILTERCore/CMUL/U353/Y
ULowFilter/CFILTERCore/CMUL/B_not_17_
                        13                    0.18      ULowFilter/CFILTERCore/CMUL/U356/Y
ULowFilter/CFILTERCore/CMUL/n188
                        13                    0.16      ULowFilter/CFILTERCore/CMUL/U312/Y
ULowFilter/CFILTERCore/CMUL/n189
                        12                    0.16      ULowFilter/CFILTERCore/CMUL/U313/Y
VLowFilter/n3           10                    0.01      VLowFilter/U26/Y
VLowFilter/CFILTERCore/n159
                        33                    0.04      VLowFilter/CFILTERCore/U433/Y
VLowFilter/CFILTERCore/n160
                        33                    0.04      VLowFilter/CFILTERCore/U434/Y
VLowFilter/CFILTERCore/n165
                        34                    0.04      VLowFilter/CFILTERCore/U432/Y
VLowFilter/CFILTERCore/CMUL/B_not1
                        17                    0.24      VLowFilter/CFILTERCore/CMUL/U354/Y
VLowFilter/CFILTERCore/CMUL/B_not9
                        17                    0.24      VLowFilter/CFILTERCore/CMUL/U353/Y
VLowFilter/CFILTERCore/CMUL/B_not_17_
                        13                    0.18      VLowFilter/CFILTERCore/CMUL/U356/Y
VLowFilter/CFILTERCore/CMUL/n188
                        13                    0.16      VLowFilter/CFILTERCore/CMUL/U312/Y
VLowFilter/CFILTERCore/CMUL/n189
                        12                    0.16      VLowFilter/CFILTERCore/CMUL/U313/Y
SyntheSizer/BurstSlopCnt_2_
                        10                    0.03      SyntheSizer/BurstSlopCnt_reg_2_/Q
SyntheSizer/BurstSlopCnt_1_
                         9                    0.03      SyntheSizer/BurstSlopCnt_reg_1_/Q
SyntheSizer/RegV[7]      9                    0.01      SyntheSizer/RegV_reg_7_/Q
SyntheSizer/NxBurstStep_1_
                         9                    0.01      SyntheSizer/U1_13/S
SyntheSizer/NxBurstStep_2_
                         9                    0.01      SyntheSizer/U1_23/S
SyntheSizer/NxBurstStep_3_
                         9                    0.01      SyntheSizer/U1_34/S
SyntheSizer/NxBurstStep_4_
                         9                    0.01      SyntheSizer/U1_44/S
SyntheSizer/NxBurstStep_5_
                         9                    0.01      SyntheSizer/U1_54/S
SyntheSizer/NxBurstStep_6_
                         9                    0.01      SyntheSizer/U1_64/S
SyntheSizer/NxBurstStep_7_
                         9                    0.01      SyntheSizer/U1_74/S
SyntheSizer/NxBurstStep_8_
                         9                    0.01      SyntheSizer/U3656/Y
SyntheSizer/n928        10                    0.02      SyntheSizer/U3588/Y
SyntheSizer/n929         9                    0.01      SyntheSizer/U3190/Y
SyntheSizer/n947        10                    0.02      SyntheSizer/U3587/Y
SyntheSizer/n948         9                    0.01      SyntheSizer/U3184/Y
SyntheSizer/n951        10                    0.02      SyntheSizer/U3578/Y
SyntheSizer/n952         9                    0.01      SyntheSizer/U3180/Y
SyntheSizer/n953         9                    0.01      SyntheSizer/U3719/Y
SyntheSizer/n957        10                    0.02      SyntheSizer/U3577/Y
SyntheSizer/n958         9                    0.01      SyntheSizer/U3179/Y
SyntheSizer/n960        10                    0.02      SyntheSizer/U3586/Y
SyntheSizer/n961         9                    0.01      SyntheSizer/U3183/Y
SyntheSizer/n964        10                    0.02      SyntheSizer/U3576/Y
SyntheSizer/n965         9                    0.01      SyntheSizer/U3178/Y
SyntheSizer/n967        10                    0.02      SyntheSizer/U3575/Y
SyntheSizer/n968         9                    0.01      SyntheSizer/U3177/Y
SyntheSizer/n970        10                    0.02      SyntheSizer/U3585/Y
SyntheSizer/n971        10                    0.01      SyntheSizer/U3181/Y
SyntheSizer/n972        10                    0.02      SyntheSizer/U3584/Y
SyntheSizer/n973         9                    0.01      SyntheSizer/U3189/Y
SyntheSizer/n976        10                    0.02      SyntheSizer/U3583/Y
SyntheSizer/n977         9                    0.01      SyntheSizer/U3188/Y
SyntheSizer/n978        10                    0.02      SyntheSizer/U3582/Y
SyntheSizer/n979         9                    0.01      SyntheSizer/U3187/Y
SyntheSizer/n981        10                    0.02      SyntheSizer/U3581/Y
SyntheSizer/n982         9                    0.01      SyntheSizer/U3182/Y
SyntheSizer/n983        10                    0.02      SyntheSizer/U4469/Y
SyntheSizer/n984         9                    0.01      SyntheSizer/U3594/Y
SyntheSizer/n986        10                    0.02      SyntheSizer/U3580/Y
SyntheSizer/n987         9                    0.01      SyntheSizer/U3186/Y
SyntheSizer/n988        10                    0.02      SyntheSizer/U3579/Y
SyntheSizer/n989         9                    0.01      SyntheSizer/U3185/Y
SyntheSizer/n1063       10                    0.02      SyntheSizer/U4361/Y
SyntheSizer/n1067       10                    0.01      SyntheSizer/U3552/Y
SyntheSizer/n1069        9                    0.01      SyntheSizer/U3545/Y
SyntheSizer/n1118        9                    0.02      SyntheSizer/U4171/Y
SyntheSizer/n1127        9                    0.03      SyntheSizer/U4170/Y
SyntheSizer/n1131       10                    0.03      SyntheSizer/U2953/Y
SyntheSizer/n1145        9                    0.01      SyntheSizer/U3368/Y
SyntheSizer/n1146        9                    0.03      SyntheSizer/U2952/Y
SyntheSizer/n1149        9                    0.02      SyntheSizer/U3904/Y
SyntheSizer/n1206        9                    0.01      SyntheSizer/U3720/Y
SyntheSizer/n1219       18                    0.02      SyntheSizer/U3310/Y
SyntheSizer/n1221       12                    0.04      SyntheSizer/U2916/Y
SyntheSizer/n1222        9                    0.03      SyntheSizer/U3353/Y
SyntheSizer/n1246       11                    0.02      SyntheSizer/U4466/Y
SyntheSizer/n1247        9                    0.01      SyntheSizer/U3593/Y
SyntheSizer/n1248       11                    0.02      SyntheSizer/U4465/Y
SyntheSizer/n1249        9                    0.01      SyntheSizer/U3592/Y
SyntheSizer/n1250        9                    0.01      SyntheSizer/U3172/Y
SyntheSizer/n1251       11                    0.02      SyntheSizer/U3021/Y
SyntheSizer/n1274       10                    0.02      SyntheSizer/U3332/Y
SyntheSizer/n1275        9                    0.01      SyntheSizer/U3104/Y
SyntheSizer/n1331        9                    0.02      SyntheSizer/U4373/Y
SyntheSizer/n1334        9                    0.01      SyntheSizer/U4372/Y
SyntheSizer/n1336        9                    0.01      SyntheSizer/U4371/Y
SyntheSizer/n1337        9                    0.01      SyntheSizer/U3388/Y
SyntheSizer/n1465        9                    0.01      SyntheSizer/U3590/Y
SyntheSizer/n1476       10                    0.01      SyntheSizer/U4092/Y
SyntheSizer/n1477       10                    0.01      SyntheSizer/U4164/Y
SyntheSizer/n1478       10                    0.01      SyntheSizer/U4094/Y
SyntheSizer/n1479       10                    0.01      SyntheSizer/U4166/Y
SyntheSizer/n1480       10                    0.03      SyntheSizer/U4102/Y
SyntheSizer/n1481       10                    0.03      SyntheSizer/U4123/Y
SyntheSizer/n1483       10                    0.02      SyntheSizer/U4088/Y
SyntheSizer/n1484       10                    0.02      SyntheSizer/U4089/Y
SyntheSizer/n1531       10                    0.03      SyntheSizer/U2956/Y
SyntheSizer/n1536       10                    0.01      SyntheSizer/U4098/Y
SyntheSizer/n1537       10                    0.01      SyntheSizer/U4168/Y
SyntheSizer/n1538       10                    0.01      SyntheSizer/U4096/Y
SyntheSizer/n1540       10                    0.01      SyntheSizer/U3519/Y
SyntheSizer/n1541       11                    0.02      SyntheSizer/U4090/Y
SyntheSizer/n1542       10                    0.02      SyntheSizer/U3535/Y
SyntheSizer/n1543       10                    0.03      SyntheSizer/U4103/Y
SyntheSizer/n1544       10                    0.03      SyntheSizer/U4101/Y
SyntheSizer/n1545       10                    0.03      SyntheSizer/U4100/Y
SyntheSizer/n1602        9                    0.02      SyntheSizer/U3558/Y
SyntheSizer/n1604        9                    0.02      SyntheSizer/U3557/Y
SyntheSizer/n1605        9                    0.03      SyntheSizer/U4374/Y
SyntheSizer/n1617        9                    0.03      SyntheSizer/U3173/Y
SyntheSizer/n1619        9                    0.03      SyntheSizer/U3174/Y
SyntheSizer/n1831       10                    0.03      SyntheSizer/RegU_reg_0_/QN
SyntheSizer/n1832       10                    0.03      SyntheSizer/RegV_reg_0_/QN
SyntheSizer/n1902       10                    0.03      SyntheSizer/RegU_reg_8_/QN
SyntheSizer/n1903        9                    0.02      SyntheSizer/RegV_reg_8_/QN
SyntheSizer/n1934       11                    0.02      SyntheSizer/ACT_DISPLAY_SYN_4d_reg/QN
SyntheSizer/n2007       10                    0.03      SyntheSizer/U3351/Y
SyntheSizer/n2021        9                    0.01      SyntheSizer/U3921/Y
SyntheSizer/n2036       10                    0.01      SyntheSizer/U4529/Y
SyntheSizer/n2037       11                    0.02      SyntheSizer/CalState_reg_1_/QN
SyntheSizer/n2041        9                    0.02      SyntheSizer/U4533/Y
SyntheSizer/n2047       34                    0.06      SyntheSizer/U2954/Y
SyntheSizer/n2048       10                    0.03      SyntheSizer/U4592/Y
SyntheSizer/n2049       10                    0.03      SyntheSizer/U4580/Y
SyntheSizer/n2050       10                    0.03      SyntheSizer/U3348/Y
SyntheSizer/n2051        9                    0.03      SyntheSizer/U4380/Y
SyntheSizer/n2052       10                    0.03      SyntheSizer/U4379/Y
1
